00:05.109  blend            | Read blend: "C:\Users\iputu\Documents\Wonder Chess\art-source\asset-studio\wc_u_human_guardian\stages\body-costume\BW1\r001\ada_body_costume_checkpoint_r003_ART_REVISE.blend"
C:\Users\iputu\Documents\Wonder Chess\art-source\asset-studio\wc_u_human_guardian\stages\body-costume\BW1\r001\motion-r003\render_motion.py:21: DeprecationWarning: 'Scene.use_nodes' is expected to be removed in Blender 6.0
  scene.render.film_transparent=False;scene.use_nodes=False
00:08.719  render           | Saved: 'C:\Users\iputu\Documents\Wonder Chess\art-source\asset-studio\wc_u_human_guardian\stages\body-costume\BW1\r001\motion-r003\frames\frame_0001.png'
00:09.672  render           | Saved: 'C:\Users\iputu\Documents\Wonder Chess\art-source\asset-studio\wc_u_human_guardian\stages\body-costume\BW1\r001\motion-r003\frames\frame_0002.png'
00:10.000  render           | Saved: 'C:\Users\iputu\Documents\Wonder Chess\art-source\asset-studio\wc_u_human_guardian\stages\body-costume\BW1\r001\motion-r003\frames\frame_0003.png'
00:10.437  render           | Saved: 'C:\Users\iputu\Documents\Wonder Chess\art-source\asset-studio\wc_u_human_guardian\stages\body-costume\BW1\r001\motion-r003\frames\frame_0004.png'
00:10.812  render           | Saved: 'C:\Users\iputu\Documents\Wonder Chess\art-source\asset-studio\wc_u_human_guardian\stages\body-costume\BW1\r001\motion-r003\frames\frame_0005.png'
00:11.281  render           | Saved: 'C:\Users\iputu\Documents\Wonder Chess\art-source\asset-studio\wc_u_human_guardian\stages\body-costume\BW1\r001\motion-r003\frames\frame_0006.png'
00:11.797  render           | Saved: 'C:\Users\iputu\Documents\Wonder Chess\art-source\asset-studio\wc_u_human_guardian\stages\body-costume\BW1\r001\motion-r003\frames\frame_0007.png'
00:12.187  render           | Saved: 'C:\Users\iputu\Documents\Wonder Chess\art-source\asset-studio\wc_u_human_guardian\stages\body-costume\BW1\r001\motion-r003\frames\frame_0008.png'
00:12.625  render           | Saved: 'C:\Users\iputu\Documents\Wonder Chess\art-source\asset-studio\wc_u_human_guardian\stages\body-costume\BW1\r001\motion-r003\frames\frame_0009.png'
00:13.094  render           | Saved: 'C:\Users\iputu\Documents\Wonder Chess\art-source\asset-studio\wc_u_human_guardian\stages\body-costume\BW1\r001\motion-r003\frames\frame_0010.png'
00:13.515  render           | Saved: 'C:\Users\iputu\Documents\Wonder Chess\art-source\asset-studio\wc_u_human_guardian\stages\body-costume\BW1\r001\motion-r003\frames\frame_0011.png'
00:14.000  render           | Saved: 'C:\Users\iputu\Documents\Wonder Chess\art-source\asset-studio\wc_u_human_guardian\stages\body-costume\BW1\r001\motion-r003\frames\frame_0012.png'
00:14.453  render           | Saved: 'C:\Users\iputu\Documents\Wonder Chess\art-source\asset-studio\wc_u_human_guardian\stages\body-costume\BW1\r001\motion-r003\frames\frame_0013.png'
00:14.781  render           | Saved: 'C:\Users\iputu\Documents\Wonder Chess\art-source\asset-studio\wc_u_human_guardian\stages\body-costume\BW1\r001\motion-r003\frames\frame_0014.png'
00:15.125  render           | Saved: 'C:\Users\iputu\Documents\Wonder Chess\art-source\asset-studio\wc_u_human_guardian\stages\body-costume\BW1\r001\motion-r003\frames\frame_0015.png'
00:15.390  render           | Saved: 'C:\Users\iputu\Documents\Wonder Chess\art-source\asset-studio\wc_u_human_guardian\stages\body-costume\BW1\r001\motion-r003\frames\frame_0016.png'
00:15.906  render           | Saved: 'C:\Users\iputu\Documents\Wonder Chess\art-source\asset-studio\wc_u_human_guardian\stages\body-costume\BW1\r001\motion-r003\frames\frame_0017.png'
00:16.265  render           | Saved: 'C:\Users\iputu\Documents\Wonder Chess\art-source\asset-studio\wc_u_human_guardian\stages\body-costume\BW1\r001\motion-r003\frames\frame_0018.png'
00:16.594  render           | Saved: 'C:\Users\iputu\Documents\Wonder Chess\art-source\asset-studio\wc_u_human_guardian\stages\body-costume\BW1\r001\motion-r003\frames\frame_0019.png'
00:16.906  render           | Saved: 'C:\Users\iputu\Documents\Wonder Chess\art-source\asset-studio\wc_u_human_guardian\stages\body-costume\BW1\r001\motion-r003\frames\frame_0020.png'
00:17.094  render           | Saved: 'C:\Users\iputu\Documents\Wonder Chess\art-source\asset-studio\wc_u_human_guardian\stages\body-costume\BW1\r001\motion-r003\frames\frame_0021.png'
00:17.297  render           | Saved: 'C:\Users\iputu\Documents\Wonder Chess\art-source\asset-studio\wc_u_human_guardian\stages\body-costume\BW1\r001\motion-r003\frames\frame_0022.png'
00:17.531  render           | Saved: 'C:\Users\iputu\Documents\Wonder Chess\art-source\asset-studio\wc_u_human_guardian\stages\body-costume\BW1\r001\motion-r003\frames\frame_0023.png'
00:17.734  render           | Saved: 'C:\Users\iputu\Documents\Wonder Chess\art-source\asset-studio\wc_u_human_guardian\stages\body-costume\BW1\r001\motion-r003\frames\frame_0024.png'
00:17.906  render           | Saved: 'C:\Users\iputu\Documents\Wonder Chess\art-source\asset-studio\wc_u_human_guardian\stages\body-costume\BW1\r001\motion-r003\frames\frame_0025.png'
00:18.109  render           | Saved: 'C:\Users\iputu\Documents\Wonder Chess\art-source\asset-studio\wc_u_human_guardian\stages\body-costume\BW1\r001\motion-r003\frames\frame_0026.png'
00:18.359  render           | Saved: 'C:\Users\iputu\Documents\Wonder Chess\art-source\asset-studio\wc_u_human_guardian\stages\body-costume\BW1\r001\motion-r003\frames\frame_0027.png'
00:18.640  render           | Saved: 'C:\Users\iputu\Documents\Wonder Chess\art-source\asset-studio\wc_u_human_guardian\stages\body-costume\BW1\r001\motion-r003\frames\frame_0028.png'
00:18.937  render           | Saved: 'C:\Users\iputu\Documents\Wonder Chess\art-source\asset-studio\wc_u_human_guardian\stages\body-costume\BW1\r001\motion-r003\frames\frame_0029.png'
00:19.250  render           | Saved: 'C:\Users\iputu\Documents\Wonder Chess\art-source\asset-studio\wc_u_human_guardian\stages\body-costume\BW1\r001\motion-r003\frames\frame_0030.png'
00:19.562  render           | Saved: 'C:\Users\iputu\Documents\Wonder Chess\art-source\asset-studio\wc_u_human_guardian\stages\body-costume\BW1\r001\motion-r003\frames\frame_0031.png'
00:19.937  render           | Saved: 'C:\Users\iputu\Documents\Wonder Chess\art-source\asset-studio\wc_u_human_guardian\stages\body-costume\BW1\r001\motion-r003\frames\frame_0032.png'
00:20.375  render           | Saved: 'C:\Users\iputu\Documents\Wonder Chess\art-source\asset-studio\wc_u_human_guardian\stages\body-costume\BW1\r001\motion-r003\frames\frame_0033.png'
00:20.844  render           | Saved: 'C:\Users\iputu\Documents\Wonder Chess\art-source\asset-studio\wc_u_human_guardian\stages\body-costume\BW1\r001\motion-r003\frames\frame_0034.png'
00:21.125  render           | Saved: 'C:\Users\iputu\Documents\Wonder Chess\art-source\asset-studio\wc_u_human_guardian\stages\body-costume\BW1\r001\motion-r003\frames\frame_0035.png'
00:21.469  render           | Saved: 'C:\Users\iputu\Documents\Wonder Chess\art-source\asset-studio\wc_u_human_guardian\stages\body-costume\BW1\r001\motion-r003\frames\frame_0036.png'
00:21.906  render           | Saved: 'C:\Users\iputu\Documents\Wonder Chess\art-source\asset-studio\wc_u_human_guardian\stages\body-costume\BW1\r001\motion-r003\frames\frame_0037.png'
00:22.219  render           | Saved: 'C:\Users\iputu\Documents\Wonder Chess\art-source\asset-studio\wc_u_human_guardian\stages\body-costume\BW1\r001\motion-r003\frames\frame_0038.png'
00:22.578  render           | Saved: 'C:\Users\iputu\Documents\Wonder Chess\art-source\asset-studio\wc_u_human_guardian\stages\body-costume\BW1\r001\motion-r003\frames\frame_0039.png'
00:22.953  render           | Saved: 'C:\Users\iputu\Documents\Wonder Chess\art-source\asset-studio\wc_u_human_guardian\stages\body-costume\BW1\r001\motion-r003\frames\frame_0040.png'
00:23.390  render           | Saved: 'C:\Users\iputu\Documents\Wonder Chess\art-source\asset-studio\wc_u_human_guardian\stages\body-costume\BW1\r001\motion-r003\frames\frame_0041.png'
00:23.609  render           | Saved: 'C:\Users\iputu\Documents\Wonder Chess\art-source\asset-studio\wc_u_human_guardian\stages\body-costume\BW1\r001\motion-r003\frames\frame_0042.png'
00:24.031  render           | Saved: 'C:\Users\iputu\Documents\Wonder Chess\art-source\asset-studio\wc_u_human_guardian\stages\body-costume\BW1\r001\motion-r003\frames\frame_0043.png'
00:24.437  render           | Saved: 'C:\Users\iputu\Documents\Wonder Chess\art-source\asset-studio\wc_u_human_guardian\stages\body-costume\BW1\r001\motion-r003\frames\frame_0044.png'
00:24.734  render           | Saved: 'C:\Users\iputu\Documents\Wonder Chess\art-source\asset-studio\wc_u_human_guardian\stages\body-costume\BW1\r001\motion-r003\frames\frame_0045.png'
00:24.984  render           | Saved: 'C:\Users\iputu\Documents\Wonder Chess\art-source\asset-studio\wc_u_human_guardian\stages\body-costume\BW1\r001\motion-r003\frames\frame_0046.png'
00:25.187  render           | Saved: 'C:\Users\iputu\Documents\Wonder Chess\art-source\asset-studio\wc_u_human_guardian\stages\body-costume\BW1\r001\motion-r003\frames\frame_0047.png'
00:25.390  render           | Saved: 'C:\Users\iputu\Documents\Wonder Chess\art-source\asset-studio\wc_u_human_guardian\stages\body-costume\BW1\r001\motion-r003\frames\frame_0048.png'
00:25.578  render           | Saved: 'C:\Users\iputu\Documents\Wonder Chess\art-source\asset-studio\wc_u_human_guardian\stages\body-costume\BW1\r001\motion-r003\frames\frame_0049.png'
00:25.750  render           | Saved: 'C:\Users\iputu\Documents\Wonder Chess\art-source\asset-studio\wc_u_human_guardian\stages\body-costume\BW1\r001\motion-r003\frames\frame_0050.png'
00:25.953  render           | Saved: 'C:\Users\iputu\Documents\Wonder Chess\art-source\asset-studio\wc_u_human_guardian\stages\body-costume\BW1\r001\motion-r003\frames\frame_0051.png'
00:26.219  render           | Saved: 'C:\Users\iputu\Documents\Wonder Chess\art-source\asset-studio\wc_u_human_guardian\stages\body-costume\BW1\r001\motion-r003\frames\frame_0052.png'
00:26.500  render           | Saved: 'C:\Users\iputu\Documents\Wonder Chess\art-source\asset-studio\wc_u_human_guardian\stages\body-costume\BW1\r001\motion-r003\frames\frame_0053.png'
00:26.797  render           | Saved: 'C:\Users\iputu\Documents\Wonder Chess\art-source\asset-studio\wc_u_human_guardian\stages\body-costume\BW1\r001\motion-r003\frames\frame_0054.png'
00:27.094  render           | Saved: 'C:\Users\iputu\Documents\Wonder Chess\art-source\asset-studio\wc_u_human_guardian\stages\body-costume\BW1\r001\motion-r003\frames\frame_0055.png'
00:27.390  render           | Saved: 'C:\Users\iputu\Documents\Wonder Chess\art-source\asset-studio\wc_u_human_guardian\stages\body-costume\BW1\r001\motion-r003\frames\frame_0056.png'
00:27.687  render           | Saved: 'C:\Users\iputu\Documents\Wonder Chess\art-source\asset-studio\wc_u_human_guardian\stages\body-costume\BW1\r001\motion-r003\frames\frame_0057.png'
00:27.969  render           | Saved: 'C:\Users\iputu\Documents\Wonder Chess\art-source\asset-studio\wc_u_human_guardian\stages\body-costume\BW1\r001\motion-r003\frames\frame_0058.png'
00:28.406  render           | Saved: 'C:\Users\iputu\Documents\Wonder Chess\art-source\asset-studio\wc_u_human_guardian\stages\body-costume\BW1\r001\motion-r003\frames\frame_0059.png'
00:28.687  render           | Saved: 'C:\Users\iputu\Documents\Wonder Chess\art-source\asset-studio\wc_u_human_guardian\stages\body-costume\BW1\r001\motion-r003\frames\frame_0060.png'
00:29.062  render           | Saved: 'C:\Users\iputu\Documents\Wonder Chess\art-source\asset-studio\wc_u_human_guardian\stages\body-costume\BW1\r001\motion-r003\frames\frame_0061.png'
00:29.515  render           | Saved: 'C:\Users\iputu\Documents\Wonder Chess\art-source\asset-studio\wc_u_human_guardian\stages\body-costume\BW1\r001\motion-r003\frames\frame_0062.png'
00:29.844  render           | Saved: 'C:\Users\iputu\Documents\Wonder Chess\art-source\asset-studio\wc_u_human_guardian\stages\body-costume\BW1\r001\motion-r003\frames\frame_0063.png'
00:30.219  render           | Saved: 'C:\Users\iputu\Documents\Wonder Chess\art-source\asset-studio\wc_u_human_guardian\stages\body-costume\BW1\r001\motion-r003\frames\frame_0064.png'
00:30.609  render           | Saved: 'C:\Users\iputu\Documents\Wonder Chess\art-source\asset-studio\wc_u_human_guardian\stages\body-costume\BW1\r001\motion-r003\frames\frame_0065.png'
00:31.062  render           | Saved: 'C:\Users\iputu\Documents\Wonder Chess\art-source\asset-studio\wc_u_human_guardian\stages\body-costume\BW1\r001\motion-r003\frames\frame_0066.png'
00:31.375  render           | Saved: 'C:\Users\iputu\Documents\Wonder Chess\art-source\asset-studio\wc_u_human_guardian\stages\body-costume\BW1\r001\motion-r003\frames\frame_0067.png'
00:31.734  render           | Saved: 'C:\Users\iputu\Documents\Wonder Chess\art-source\asset-studio\wc_u_human_guardian\stages\body-costume\BW1\r001\motion-r003\frames\frame_0068.png'
00:32.031  render           | Saved: 'C:\Users\iputu\Documents\Wonder Chess\art-source\asset-studio\wc_u_human_guardian\stages\body-costume\BW1\r001\motion-r003\frames\frame_0069.png'
00:32.422  render           | Saved: 'C:\Users\iputu\Documents\Wonder Chess\art-source\asset-studio\wc_u_human_guardian\stages\body-costume\BW1\r001\motion-r003\frames\frame_0070.png'
00:32.687  render           | Saved: 'C:\Users\iputu\Documents\Wonder Chess\art-source\asset-studio\wc_u_human_guardian\stages\body-costume\BW1\r001\motion-r003\frames\frame_0071.png'
00:32.890  render           | Saved: 'C:\Users\iputu\Documents\Wonder Chess\art-source\asset-studio\wc_u_human_guardian\stages\body-costume\BW1\r001\motion-r003\frames\frame_0072.png'
00:33.109  render           | Saved: 'C:\Users\iputu\Documents\Wonder Chess\art-source\asset-studio\wc_u_human_guardian\stages\body-costume\BW1\r001\motion-r003\frames\frame_0073.png'
00:33.297  render           | Saved: 'C:\Users\iputu\Documents\Wonder Chess\art-source\asset-studio\wc_u_human_guardian\stages\body-costume\BW1\r001\motion-r003\frames\frame_0074.png'
00:33.500  render           | Saved: 'C:\Users\iputu\Documents\Wonder Chess\art-source\asset-studio\wc_u_human_guardian\stages\body-costume\BW1\r001\motion-r003\frames\frame_0075.png'
00:33.687  render           | Saved: 'C:\Users\iputu\Documents\Wonder Chess\art-source\asset-studio\wc_u_human_guardian\stages\body-costume\BW1\r001\motion-r003\frames\frame_0076.png'
00:33.969  render           | Saved: 'C:\Users\iputu\Documents\Wonder Chess\art-source\asset-studio\wc_u_human_guardian\stages\body-costume\BW1\r001\motion-r003\frames\frame_0077.png'
00:34.312  render           | Saved: 'C:\Users\iputu\Documents\Wonder Chess\art-source\asset-studio\wc_u_human_guardian\stages\body-costume\BW1\r001\motion-r003\frames\frame_0078.png'
00:34.703  render           | Saved: 'C:\Users\iputu\Documents\Wonder Chess\art-source\asset-studio\wc_u_human_guardian\stages\body-costume\BW1\r001\motion-r003\frames\frame_0079.png'
00:35.031  render           | Saved: 'C:\Users\iputu\Documents\Wonder Chess\art-source\asset-studio\wc_u_human_guardian\stages\body-costume\BW1\r001\motion-r003\frames\frame_0080.png'
00:35.390  render           | Saved: 'C:\Users\iputu\Documents\Wonder Chess\art-source\asset-studio\wc_u_human_guardian\stages\body-costume\BW1\r001\motion-r003\frames\frame_0081.png'
00:35.797  render           | Saved: 'C:\Users\iputu\Documents\Wonder Chess\art-source\asset-studio\wc_u_human_guardian\stages\body-costume\BW1\r001\motion-r003\frames\frame_0082.png'
00:36.125  render           | Saved: 'C:\Users\iputu\Documents\Wonder Chess\art-source\asset-studio\wc_u_human_guardian\stages\body-costume\BW1\r001\motion-r003\frames\frame_0083.png'
00:36.484  render           | Saved: 'C:\Users\iputu\Documents\Wonder Chess\art-source\asset-studio\wc_u_human_guardian\stages\body-costume\BW1\r001\motion-r003\frames\frame_0084.png'
00:36.797  render           | Saved: 'C:\Users\iputu\Documents\Wonder Chess\art-source\asset-studio\wc_u_human_guardian\stages\body-costume\BW1\r001\motion-r003\frames\frame_0085.png'
00:37.344  render           | Saved: 'C:\Users\iputu\Documents\Wonder Chess\art-source\asset-studio\wc_u_human_guardian\stages\body-costume\BW1\r001\motion-r003\frames\frame_0086.png'
00:37.828  render           | Saved: 'C:\Users\iputu\Documents\Wonder Chess\art-source\asset-studio\wc_u_human_guardian\stages\body-costume\BW1\r001\motion-r003\frames\frame_0087.png'
00:38.187  render           | Saved: 'C:\Users\iputu\Documents\Wonder Chess\art-source\asset-studio\wc_u_human_guardian\stages\body-costume\BW1\r001\motion-r003\frames\frame_0088.png'
00:38.562  render           | Saved: 'C:\Users\iputu\Documents\Wonder Chess\art-source\asset-studio\wc_u_human_guardian\stages\body-costume\BW1\r001\motion-r003\frames\frame_0089.png'
00:38.859  render           | Saved: 'C:\Users\iputu\Documents\Wonder Chess\art-source\asset-studio\wc_u_human_guardian\stages\body-costume\BW1\r001\motion-r003\frames\frame_0090.png'
00:39.125  render           | Saved: 'C:\Users\iputu\Documents\Wonder Chess\art-source\asset-studio\wc_u_human_guardian\stages\body-costume\BW1\r001\motion-r003\frames\frame_0091.png'
00:39.484  render           | Saved: 'C:\Users\iputu\Documents\Wonder Chess\art-source\asset-studio\wc_u_human_guardian\stages\body-costume\BW1\r001\motion-r003\frames\frame_0092.png'
00:39.875  render           | Saved: 'C:\Users\iputu\Documents\Wonder Chess\art-source\asset-studio\wc_u_human_guardian\stages\body-costume\BW1\r001\motion-r003\frames\frame_0093.png'
00:40.297  render           | Saved: 'C:\Users\iputu\Documents\Wonder Chess\art-source\asset-studio\wc_u_human_guardian\stages\body-costume\BW1\r001\motion-r003\frames\frame_0094.png'
00:40.547  render           | Saved: 'C:\Users\iputu\Documents\Wonder Chess\art-source\asset-studio\wc_u_human_guardian\stages\body-costume\BW1\r001\motion-r003\frames\frame_0095.png'
00:40.734  render           | Saved: 'C:\Users\iputu\Documents\Wonder Chess\art-source\asset-studio\wc_u_human_guardian\stages\body-costume\BW1\r001\motion-r003\frames\frame_0096.png'
00:40.922  render           | Saved: 'C:\Users\iputu\Documents\Wonder Chess\art-source\asset-studio\wc_u_human_guardian\stages\body-costume\BW1\r001\motion-r003\frames\frame_0097.png'
00:41.078  render           | Saved: 'C:\Users\iputu\Documents\Wonder Chess\art-source\asset-studio\wc_u_human_guardian\stages\body-costume\BW1\r001\motion-r003\frames\frame_0098.png'
00:41.234  render           | Saved: 'C:\Users\iputu\Documents\Wonder Chess\art-source\asset-studio\wc_u_human_guardian\stages\body-costume\BW1\r001\motion-r003\frames\frame_0099.png'
00:41.390  render           | Saved: 'C:\Users\iputu\Documents\Wonder Chess\art-source\asset-studio\wc_u_human_guardian\stages\body-costume\BW1\r001\motion-r003\frames\frame_0100.png'
00:41.562  render           | Saved: 'C:\Users\iputu\Documents\Wonder Chess\art-source\asset-studio\wc_u_human_guardian\stages\body-costume\BW1\r001\motion-r003\frames\frame_0101.png'
00:41.734  render           | Saved: 'C:\Users\iputu\Documents\Wonder Chess\art-source\asset-studio\wc_u_human_guardian\stages\body-costume\BW1\r001\motion-r003\frames\frame_0102.png'
00:42.015  render           | Saved: 'C:\Users\iputu\Documents\Wonder Chess\art-source\asset-studio\wc_u_human_guardian\stages\body-costume\BW1\r001\motion-r003\frames\frame_0103.png'
00:42.203  render           | Saved: 'C:\Users\iputu\Documents\Wonder Chess\art-source\asset-studio\wc_u_human_guardian\stages\body-costume\BW1\r001\motion-r003\frames\frame_0104.png'
00:42.406  render           | Saved: 'C:\Users\iputu\Documents\Wonder Chess\art-source\asset-studio\wc_u_human_guardian\stages\body-costume\BW1\r001\motion-r003\frames\frame_0105.png'
00:42.594  render           | Saved: 'C:\Users\iputu\Documents\Wonder Chess\art-source\asset-studio\wc_u_human_guardian\stages\body-costume\BW1\r001\motion-r003\frames\frame_0106.png'
00:42.797  render           | Saved: 'C:\Users\iputu\Documents\Wonder Chess\art-source\asset-studio\wc_u_human_guardian\stages\body-costume\BW1\r001\motion-r003\frames\frame_0107.png'
00:42.969  render           | Saved: 'C:\Users\iputu\Documents\Wonder Chess\art-source\asset-studio\wc_u_human_guardian\stages\body-costume\BW1\r001\motion-r003\frames\frame_0108.png'
00:43.125  render           | Saved: 'C:\Users\iputu\Documents\Wonder Chess\art-source\asset-studio\wc_u_human_guardian\stages\body-costume\BW1\r001\motion-r003\frames\frame_0109.png'
00:43.297  render           | Saved: 'C:\Users\iputu\Documents\Wonder Chess\art-source\asset-studio\wc_u_human_guardian\stages\body-costume\BW1\r001\motion-r003\frames\frame_0110.png'
00:43.453  render           | Saved: 'C:\Users\iputu\Documents\Wonder Chess\art-source\asset-studio\wc_u_human_guardian\stages\body-costume\BW1\r001\motion-r003\frames\frame_0111.png'
00:43.609  render           | Saved: 'C:\Users\iputu\Documents\Wonder Chess\art-source\asset-studio\wc_u_human_guardian\stages\body-costume\BW1\r001\motion-r003\frames\frame_0112.png'
00:43.781  render           | Saved: 'C:\Users\iputu\Documents\Wonder Chess\art-source\asset-studio\wc_u_human_guardian\stages\body-costume\BW1\r001\motion-r003\frames\frame_0113.png'
00:43.953  render           | Saved: 'C:\Users\iputu\Documents\Wonder Chess\art-source\asset-studio\wc_u_human_guardian\stages\body-costume\BW1\r001\motion-r003\frames\frame_0114.png'
00:44.125  render           | Saved: 'C:\Users\iputu\Documents\Wonder Chess\art-source\asset-studio\wc_u_human_guardian\stages\body-costume\BW1\r001\motion-r003\frames\frame_0115.png'
00:44.265  render           | Saved: 'C:\Users\iputu\Documents\Wonder Chess\art-source\asset-studio\wc_u_human_guardian\stages\body-costume\BW1\r001\motion-r003\frames\frame_0116.png'
00:44.422  render           | Saved: 'C:\Users\iputu\Documents\Wonder Chess\art-source\asset-studio\wc_u_human_guardian\stages\body-costume\BW1\r001\motion-r003\frames\frame_0117.png'
00:44.578  render           | Saved: 'C:\Users\iputu\Documents\Wonder Chess\art-source\asset-studio\wc_u_human_guardian\stages\body-costume\BW1\r001\motion-r003\frames\frame_0118.png'
00:44.734  render           | Saved: 'C:\Users\iputu\Documents\Wonder Chess\art-source\asset-studio\wc_u_human_guardian\stages\body-costume\BW1\r001\motion-r003\frames\frame_0119.png'
00:44.890  render           | Saved: 'C:\Users\iputu\Documents\Wonder Chess\art-source\asset-studio\wc_u_human_guardian\stages\body-costume\BW1\r001\motion-r003\frames\frame_0120.png'
00:45.047  render           | Saved: 'C:\Users\iputu\Documents\Wonder Chess\art-source\asset-studio\wc_u_human_guardian\stages\body-costume\BW1\r001\motion-r003\frames\frame_0121.png'
00:45.250  render           | Saved: 'C:\Users\iputu\Documents\Wonder Chess\art-source\asset-studio\wc_u_human_guardian\stages\body-costume\BW1\r001\motion-r003\frames\frame_0122.png'
00:45.453  render           | Saved: 'C:\Users\iputu\Documents\Wonder Chess\art-source\asset-studio\wc_u_human_guardian\stages\body-costume\BW1\r001\motion-r003\frames\frame_0123.png'
00:45.640  render           | Saved: 'C:\Users\iputu\Documents\Wonder Chess\art-source\asset-studio\wc_u_human_guardian\stages\body-costume\BW1\r001\motion-r003\frames\frame_0124.png'
00:45.797  render           | Saved: 'C:\Users\iputu\Documents\Wonder Chess\art-source\asset-studio\wc_u_human_guardian\stages\body-costume\BW1\r001\motion-r003\frames\frame_0125.png'
00:45.953  render           | Saved: 'C:\Users\iputu\Documents\Wonder Chess\art-source\asset-studio\wc_u_human_guardian\stages\body-costume\BW1\r001\motion-r003\frames\frame_0126.png'
00:46.109  render           | Saved: 'C:\Users\iputu\Documents\Wonder Chess\art-source\asset-studio\wc_u_human_guardian\stages\body-costume\BW1\r001\motion-r003\frames\frame_0127.png'
00:46.281  render           | Saved: 'C:\Users\iputu\Documents\Wonder Chess\art-source\asset-studio\wc_u_human_guardian\stages\body-costume\BW1\r001\motion-r003\frames\frame_0128.png'
00:46.422  render           | Saved: 'C:\Users\iputu\Documents\Wonder Chess\art-source\asset-studio\wc_u_human_guardian\stages\body-costume\BW1\r001\motion-r003\frames\frame_0129.png'
00:46.609  render           | Saved: 'C:\Users\iputu\Documents\Wonder Chess\art-source\asset-studio\wc_u_human_guardian\stages\body-costume\BW1\r001\motion-r003\frames\frame_0130.png'
00:46.765  render           | Saved: 'C:\Users\iputu\Documents\Wonder Chess\art-source\asset-studio\wc_u_human_guardian\stages\body-costume\BW1\r001\motion-r003\frames\frame_0131.png'
00:46.937  render           | Saved: 'C:\Users\iputu\Documents\Wonder Chess\art-source\asset-studio\wc_u_human_guardian\stages\body-costume\BW1\r001\motion-r003\frames\frame_0132.png'
00:47.109  render           | Saved: 'C:\Users\iputu\Documents\Wonder Chess\art-source\asset-studio\wc_u_human_guardian\stages\body-costume\BW1\r001\motion-r003\frames\frame_0133.png'
00:47.297  render           | Saved: 'C:\Users\iputu\Documents\Wonder Chess\art-source\asset-studio\wc_u_human_guardian\stages\body-costume\BW1\r001\motion-r003\frames\frame_0134.png'
00:47.453  render           | Saved: 'C:\Users\iputu\Documents\Wonder Chess\art-source\asset-studio\wc_u_human_guardian\stages\body-costume\BW1\r001\motion-r003\frames\frame_0135.png'
00:47.609  render           | Saved: 'C:\Users\iputu\Documents\Wonder Chess\art-source\asset-studio\wc_u_human_guardian\stages\body-costume\BW1\r001\motion-r003\frames\frame_0136.png'
00:47.781  render           | Saved: 'C:\Users\iputu\Documents\Wonder Chess\art-source\asset-studio\wc_u_human_guardian\stages\body-costume\BW1\r001\motion-r003\frames\frame_0137.png'
00:47.953  render           | Saved: 'C:\Users\iputu\Documents\Wonder Chess\art-source\asset-studio\wc_u_human_guardian\stages\body-costume\BW1\r001\motion-r003\frames\frame_0138.png'
00:48.094  render           | Saved: 'C:\Users\iputu\Documents\Wonder Chess\art-source\asset-studio\wc_u_human_guardian\stages\body-costume\BW1\r001\motion-r003\frames\frame_0139.png'
00:48.265  render           | Saved: 'C:\Users\iputu\Documents\Wonder Chess\art-source\asset-studio\wc_u_human_guardian\stages\body-costume\BW1\r001\motion-r003\frames\frame_0140.png'
00:48.422  render           | Saved: 'C:\Users\iputu\Documents\Wonder Chess\art-source\asset-studio\wc_u_human_guardian\stages\body-costume\BW1\r001\motion-r003\frames\frame_0141.png'
00:48.594  render           | Saved: 'C:\Users\iputu\Documents\Wonder Chess\art-source\asset-studio\wc_u_human_guardian\stages\body-costume\BW1\r001\motion-r003\frames\frame_0142.png'
00:48.750  render           | Saved: 'C:\Users\iputu\Documents\Wonder Chess\art-source\asset-studio\wc_u_human_guardian\stages\body-costume\BW1\r001\motion-r003\frames\frame_0143.png'
00:48.906  render           | Saved: 'C:\Users\iputu\Documents\Wonder Chess\art-source\asset-studio\wc_u_human_guardian\stages\body-costume\BW1\r001\motion-r003\frames\frame_0144.png'
00:49.062  render           | Saved: 'C:\Users\iputu\Documents\Wonder Chess\art-source\asset-studio\wc_u_human_guardian\stages\body-costume\BW1\r001\motion-r003\frames\frame_0145.png'
00:49.265  render           | Saved: 'C:\Users\iputu\Documents\Wonder Chess\art-source\asset-studio\wc_u_human_guardian\stages\body-costume\BW1\r001\motion-r003\frames\frame_0146.png'
00:49.406  render           | Saved: 'C:\Users\iputu\Documents\Wonder Chess\art-source\asset-studio\wc_u_human_guardian\stages\body-costume\BW1\r001\motion-r003\frames\frame_0147.png'
00:49.578  render           | Saved: 'C:\Users\iputu\Documents\Wonder Chess\art-source\asset-studio\wc_u_human_guardian\stages\body-costume\BW1\r001\motion-r003\frames\frame_0148.png'
00:49.734  render           | Saved: 'C:\Users\iputu\Documents\Wonder Chess\art-source\asset-studio\wc_u_human_guardian\stages\body-costume\BW1\r001\motion-r003\frames\frame_0149.png'
00:49.890  render           | Saved: 'C:\Users\iputu\Documents\Wonder Chess\art-source\asset-studio\wc_u_human_guardian\stages\body-costume\BW1\r001\motion-r003\frames\frame_0150.png'
00:50.031  render           | Saved: 'C:\Users\iputu\Documents\Wonder Chess\art-source\asset-studio\wc_u_human_guardian\stages\body-costume\BW1\r001\motion-r003\frames\frame_0151.png'
00:50.203  render           | Saved: 'C:\Users\iputu\Documents\Wonder Chess\art-source\asset-studio\wc_u_human_guardian\stages\body-costume\BW1\r001\motion-r003\frames\frame_0152.png'
00:50.359  render           | Saved: 'C:\Users\iputu\Documents\Wonder Chess\art-source\asset-studio\wc_u_human_guardian\stages\body-costume\BW1\r001\motion-r003\frames\frame_0153.png'
00:50.515  render           | Saved: 'C:\Users\iputu\Documents\Wonder Chess\art-source\asset-studio\wc_u_human_guardian\stages\body-costume\BW1\r001\motion-r003\frames\frame_0154.png'
00:50.687  render           | Saved: 'C:\Users\iputu\Documents\Wonder Chess\art-source\asset-studio\wc_u_human_guardian\stages\body-costume\BW1\r001\motion-r003\frames\frame_0155.png'
00:50.828  render           | Saved: 'C:\Users\iputu\Documents\Wonder Chess\art-source\asset-studio\wc_u_human_guardian\stages\body-costume\BW1\r001\motion-r003\frames\frame_0156.png'
00:51.015  render           | Saved: 'C:\Users\iputu\Documents\Wonder Chess\art-source\asset-studio\wc_u_human_guardian\stages\body-costume\BW1\r001\motion-r003\frames\frame_0157.png'
00:51.156  render           | Saved: 'C:\Users\iputu\Documents\Wonder Chess\art-source\asset-studio\wc_u_human_guardian\stages\body-costume\BW1\r001\motion-r003\frames\frame_0158.png'
00:51.328  render           | Saved: 'C:\Users\iputu\Documents\Wonder Chess\art-source\asset-studio\wc_u_human_guardian\stages\body-costume\BW1\r001\motion-r003\frames\frame_0159.png'
00:51.484  render           | Saved: 'C:\Users\iputu\Documents\Wonder Chess\art-source\asset-studio\wc_u_human_guardian\stages\body-costume\BW1\r001\motion-r003\frames\frame_0160.png'
00:51.656  render           | Saved: 'C:\Users\iputu\Documents\Wonder Chess\art-source\asset-studio\wc_u_human_guardian\stages\body-costume\BW1\r001\motion-r003\frames\frame_0161.png'
00:51.812  render           | Saved: 'C:\Users\iputu\Documents\Wonder Chess\art-source\asset-studio\wc_u_human_guardian\stages\body-costume\BW1\r001\motion-r003\frames\frame_0162.png'
00:51.984  render           | Saved: 'C:\Users\iputu\Documents\Wonder Chess\art-source\asset-studio\wc_u_human_guardian\stages\body-costume\BW1\r001\motion-r003\frames\frame_0163.png'
00:52.156  render           | Saved: 'C:\Users\iputu\Documents\Wonder Chess\art-source\asset-studio\wc_u_human_guardian\stages\body-costume\BW1\r001\motion-r003\frames\frame_0164.png'
00:52.328  render           | Saved: 'C:\Users\iputu\Documents\Wonder Chess\art-source\asset-studio\wc_u_human_guardian\stages\body-costume\BW1\r001\motion-r003\frames\frame_0165.png'
00:52.515  render           | Saved: 'C:\Users\iputu\Documents\Wonder Chess\art-source\asset-studio\wc_u_human_guardian\stages\body-costume\BW1\r001\motion-r003\frames\frame_0166.png'
00:52.672  render           | Saved: 'C:\Users\iputu\Documents\Wonder Chess\art-source\asset-studio\wc_u_human_guardian\stages\body-costume\BW1\r001\motion-r003\frames\frame_0167.png'
00:52.844  render           | Saved: 'C:\Users\iputu\Documents\Wonder Chess\art-source\asset-studio\wc_u_human_guardian\stages\body-costume\BW1\r001\motion-r003\frames\frame_0168.png'
00:52.984  render           | Saved: 'C:\Users\iputu\Documents\Wonder Chess\art-source\asset-studio\wc_u_human_guardian\stages\body-costume\BW1\r001\motion-r003\frames\frame_0169.png'
00:53.062  render           | Video append frame 1
00:53.062  render           | Video append frame 2
00:53.078  render           | Video append frame 3
00:53.094  render           | Video append frame 4
00:53.109  render           | Video append frame 5
00:53.109  render           | Video append frame 6
00:53.125  render           | Video append frame 7
00:53.140  render           | Video append frame 8
00:53.156  render           | Video append frame 9
00:53.156  render           | Video append frame 10
00:53.172  render           | Video append frame 11
00:53.187  render           | Video append frame 12
00:53.203  render           | Video append frame 13
00:53.203  render           | Video append frame 14
00:53.219  render           | Video append frame 15
00:53.234  render           | Video append frame 16
00:53.234  render           | Video append frame 17
00:53.250  render           | Video append frame 18
00:53.265  render           | Video append frame 19
00:53.281  render           | Video append frame 20
00:53.297  render           | Video append frame 21
00:53.312  render           | Video append frame 22
00:53.312  render           | Video append frame 23
00:53.328  render           | Video append frame 24
00:53.344  render           | Video append frame 25
00:53.359  render           | Video append frame 26
00:53.375  render           | Video append frame 27
00:53.375  render           | Video append frame 28
00:53.390  render           | Video append frame 29
00:53.406  render           | Video append frame 30
00:53.422  render           | Video append frame 31
00:53.437  render           | Video append frame 32
00:53.437  render           | Video append frame 33
00:53.453  render           | Video append frame 34
00:53.469  render           | Video append frame 35
00:53.500  render           | Video append frame 36
00:53.515  render           | Video append frame 37
00:53.531  render           | Video append frame 38
00:53.547  render           | Video append frame 39
00:53.562  render           | Video append frame 40
00:53.578  render           | Video append frame 41
00:53.594  render           | Video append frame 42
00:53.594  render           | Video append frame 43
00:53.609  render           | Video append frame 44
00:53.625  render           | Video append frame 45
00:53.640  render           | Video append frame 46
00:53.640  render           | Video append frame 47
00:53.656  render           | Video append frame 48
00:53.672  render           | Video append frame 49
00:53.672  render           | Video append frame 50
00:53.687  render           | Video append frame 51
00:53.703  render           | Video append frame 52
00:53.719  render           | Video append frame 53
00:53.734  render           | Video append frame 54
00:53.734  render           | Video append frame 55
00:53.750  render           | Video append frame 56
00:53.765  render           | Video append frame 57
00:53.765  render           | Video append frame 58
00:53.781  render           | Video append frame 59
00:53.797  render           | Video append frame 60
00:53.812  render           | Video append frame 61
00:53.828  render           | Video append frame 62
00:53.828  render           | Video append frame 63
00:53.844  render           | Video append frame 64
00:53.859  render           | Video append frame 65
00:53.875  render           | Video append frame 66
00:53.875  render           | Video append frame 67
00:53.890  render           | Video append frame 68
00:53.906  render           | Video append frame 69
00:53.922  render           | Video append frame 70
00:53.922  render           | Video append frame 71
00:53.937  render           | Video append frame 72
00:53.953  render           | Video append frame 73
00:53.953  render           | Video append frame 74
00:53.969  render           | Video append frame 75
00:53.984  render           | Video append frame 76
00:54.000  render           | Video append frame 77
00:54.000  render           | Video append frame 78
00:54.015  render           | Video append frame 79
00:54.031  render           | Video append frame 80
00:54.047  render           | Video append frame 81
00:54.047  render           | Video append frame 82
00:54.062  render           | Video append frame 83
00:54.078  render           | Video append frame 84
00:54.094  render           | Video append frame 85
00:54.109  render           | Video append frame 86
00:54.109  render           | Video append frame 87
00:54.125  render           | Video append frame 88
00:54.140  render           | Video append frame 89
00:54.156  render           | Video append frame 90
00:54.172  render           | Video append frame 91
00:54.172  render           | Video append frame 92
00:54.187  render           | Video append frame 93
00:54.203  render           | Video append frame 94
00:54.219  render           | Video append frame 95
00:54.219  render           | Video append frame 96
00:54.234  render           | Video append frame 97
00:54.250  render           | Video append frame 98
00:54.250  render           | Video append frame 99
00:54.265  render           | Video append frame 100
00:54.281  render           | Video append frame 101
00:54.297  render           | Video append frame 102
00:54.297  render           | Video append frame 103
00:54.312  render           | Video append frame 104
00:54.328  render           | Video append frame 105
00:54.344  render           | Video append frame 106
00:54.359  render           | Video append frame 107
00:54.359  render           | Video append frame 108
00:54.375  render           | Video append frame 109
00:54.390  render           | Video append frame 110
00:54.406  render           | Video append frame 111
00:54.422  render           | Video append frame 112
00:54.422  render           | Video append frame 113
00:54.437  render           | Video append frame 114
00:54.453  render           | Video append frame 115
00:54.469  render           | Video append frame 116
00:54.484  render           | Video append frame 117
00:54.500  render           | Video append frame 118
00:54.515  render           | Video append frame 119
00:54.531  render           | Video append frame 120
00:54.531  render           | Video append frame 121
00:54.547  render           | Video append frame 122
00:54.562  render           | Video append frame 123
00:54.578  render           | Video append frame 124
00:54.578  render           | Video append frame 125
00:54.594  render           | Video append frame 126
00:54.609  render           | Video append frame 127
00:54.625  render           | Video append frame 128
00:54.625  render           | Video append frame 129
00:54.640  render           | Video append frame 130
00:54.656  render           | Video append frame 131
00:54.672  render           | Video append frame 132
00:54.672  render           | Video append frame 133
00:54.687  render           | Video append frame 134
00:54.703  render           | Video append frame 135
00:54.719  render           | Video append frame 136
00:54.734  render           | Video append frame 137
00:54.750  render           | Video append frame 138
00:54.765  render           | Video append frame 139
00:54.765  render           | Video append frame 140
00:54.781  render           | Video append frame 141
00:54.797  render           | Video append frame 142
00:54.812  render           | Video append frame 143
00:54.812  render           | Video append frame 144
00:54.828  render           | Video append frame 145
00:54.844  render           | Video append frame 146
00:54.859  render           | Video append frame 147
00:54.859  render           | Video append frame 148
00:54.875  render           | Video append frame 149
00:54.890  render           | Video append frame 150
00:54.906  render           | Video append frame 151
00:54.906  render           | Video append frame 152
00:54.922  render           | Video append frame 153
00:54.937  render           | Video append frame 154
00:54.953  render           | Video append frame 155
00:54.953  render           | Video append frame 156
00:54.969  render           | Video append frame 157
00:54.984  render           | Video append frame 158
00:55.000  render           | Video append frame 159
00:55.000  render           | Video append frame 160
00:55.015  render           | Video append frame 161
00:55.031  render           | Video append frame 162
00:55.047  render           | Video append frame 163
00:55.047  render           | Video append frame 164
00:55.062  render           | Video append frame 165
00:55.078  render           | Video append frame 166
00:55.094  render           | Video append frame 167
00:55.109  render           | Video append frame 168
00:55.109  render           | Video append frame 169
MOTION_FRAMES_DONE {"status": "FRAMES_RENDERED", "source_file": "C:\\Users\\iputu\\Documents\\Wonder Chess\\art-source\\asset-studio\\wc_u_human_guardian\\stages\\body-costume\\BW1\\r001\\ada_body_costume_checkpoint_r003_ART_REVISE.blend", "source_sha256": "03829ab406d6bd5e6a1c5f86e045e9f2edc720b05e620e70017667c59be8b3f8", "blender_version": "5.1.1", "scene": "BW1_BODY_COSTUME", "camera": "BW1_Camera_three_quarter", "camera_matrix_world": [[-0.8000000715255737, -0.05647547170519829, 0.5973360538482666, 3.299999952316284], [0.5999999046325684, -0.0753004401922226, 0.7964483499526978, 4.400000095367432], [-1.299291625400656e-07, 0.995560348033905, 0.09412563592195511, 1.4500000476837158], [0.0, 0.0, 0.0, 1.0]], "camera_type": "ORTHO", "ortho_scale": 2.0999999046325684, "action": "BW1_DIAGNOSTIC_RANGE_ART_REVISE", "nla_tracks": 0, "frame_start": 1, "frame_end": 169, "frame_count": 169, "fps": 24, "duration_seconds": 7.041666666666667, "resolution": [680, 880], "engine": "BLENDER_WORKBENCH", "single_clay_color": [0.55, 0.55, 0.55], "shadows": true, "cavity": "BOTH", "media_boundary": "Blender authoring diagnostic action only; not actual game playback, exported animation, human approval or runtime compatibility evidence.", "started_utc": "2026-09-09T06:33:51Z", "render_seconds": 47.549138700000185, "rendered_frames": 169}
MOTION_VIDEO_DONE {"status": "VIDEO_ENCODED", "source_file": "C:\\Users\\iputu\\Documents\\Wonder Chess\\art-source\\asset-studio\\wc_u_human_guardian\\stages\\body-costume\\BW1\\r001\\ada_body_costume_checkpoint_r003_ART_REVISE.blend", "source_sha256": "03829ab406d6bd5e6a1c5f86e045e9f2edc720b05e620e70017667c59be8b3f8", "blender_version": "5.1.1", "scene": "BW1_BODY_COSTUME", "camera": "BW1_Camera_three_quarter", "camera_matrix_world": [[-0.8000000715255737, -0.05647547170519829, 0.5973360538482666, 3.299999952316284], [0.5999999046325684, -0.0753004401922226, 0.7964483499526978, 4.400000095367432], [-1.299291625400656e-07, 0.995560348033905, 0.09412563592195511, 1.4500000476837158], [0.0, 0.0, 0.0, 1.0]], "camera_type": "ORTHO", "ortho_scale": 2.0999999046325684, "action": "BW1_DIAGNOSTIC_RANGE_ART_REVISE", "nla_tracks": 0, "frame_start": 1, "frame_end": 169, "frame_count": 169, "fps": 24, "duration_seconds": 7.041666666666667, "resolution": [680, 880], "engine": "BLENDER_WORKBENCH", "single_clay_color": [0.55, 0.55, 0.55], "shadows": true, "cavity": "BOTH", "media_boundary": "Blender authoring diagnostic action only; not actual game playback, exported animation, human approval or runtime compatibility evidence.", "started_utc": "2026-09-09T06:33:51Z", "render_seconds": 47.549138700000185, "rendered_frames": 169, "video_file": "C:\\Users\\iputu\\Documents\\Wonder Chess\\art-source\\asset-studio\\wc_u_human_guardian\\stages\\body-costume\\BW1\\r001\\motion-r003\\ada_bw1_articulation_r003_review.mp4", "encoding": "Blender native VSE, H264 in MPEG4, no audio", "source_sha256_after": "03829ab406d6bd5e6a1c5f86e045e9f2edc720b05e620e70017667c59be8b3f8", "finished_utc": "2026-09-09T06:34:40Z"}
Blender 5.1.1 (hash b70da489d7f4 built 2026-04-14 01:37:22)

Blender quit
