00:02.250  blend            | Read blend: "C:\Users\iputu\Documents\Wonder Chess\art-source\heroes\wc_u_dragonkin_guardian\wc_u_dragonkin_guardian.blend"
00:04.219  geom.mesh        | ERROR Face 3615 is a duplicate of 2437
00:04.265  geom.mesh        | ERROR Face 1214 is a duplicate of 1212
00:04.265  geom.mesh        | ERROR Face 1951 is a duplicate of 1948
00:04.265  geom.mesh        | ERROR Face 1952 is a duplicate of 1947
00:04.265  geom.mesh        | ERROR Face 1953 is a duplicate of 1946
00:04.265  geom.mesh        | ERROR Face 1954 is a duplicate of 1945
00:04.265  geom.mesh        | ERROR Face 1955 is a duplicate of 1944
00:04.265  geom.mesh        | ERROR Face 1957 is a duplicate of 1567
00:04.265  geom.mesh        | ERROR Face 1958 is a duplicate of 1571
00:04.265  geom.mesh        | ERROR Face 1959 is a duplicate of 353
00:04.265  geom.mesh        | ERROR Face 1989 is a duplicate of 1319
00:04.265  geom.mesh        | ERROR Face 1991 is a duplicate of 1978
00:04.265  geom.mesh        | ERROR Face 1992 is a duplicate of 1977
00:04.265  geom.mesh        | ERROR Face 1993 is a duplicate of 1318
00:04.265  geom.mesh        | ERROR Face 1994 is a duplicate of 1979
00:04.265  geom.mesh        | ERROR Face 1995 is a duplicate of 1980
00:04.265  geom.mesh        | ERROR Face 2000 is a duplicate of 1322
00:04.265  geom.mesh        | ERROR Face 2003 is a duplicate of 1320
00:04.265  geom.mesh        | ERROR Face 2004 is a duplicate of 1985
00:04.265  geom.mesh        | ERROR Face 2005 is a duplicate of 1984
00:04.265  geom.mesh        | ERROR Face 2006 is a duplicate of 1982
00:04.265  geom.mesh        | ERROR Face 2007 is a duplicate of 1981
00:04.265  geom.mesh        | ERROR Face 2008 is a duplicate of 1983
00:17.500  render           | Saved: 'C:\Users\iputu\Documents\Wonder Chess\reports\WC-U440\20260906T170437Z\sora-elbow\source4\front.png'
00:26.672  render           | Saved: 'C:\Users\iputu\Documents\Wonder Chess\reports\WC-U440\20260906T170437Z\sora-elbow\source4\side.png'
00:36.172  render           | Saved: 'C:\Users\iputu\Documents\Wonder Chess\reports\WC-U440\20260906T170437Z\sora-elbow\source4\back.png'
00:46.265  render           | Saved: 'C:\Users\iputu\Documents\Wonder Chess\reports\WC-U440\20260906T170437Z\sora-elbow\source4\three-quarter.png'
00:54.969  render           | Saved: 'C:\Users\iputu\Documents\Wonder Chess\reports\WC-U440\20260906T170437Z\sora-elbow\source4\face.png'
01:05.531  render           | Saved: 'C:\Users\iputu\Documents\Wonder Chess\reports\WC-U440\20260906T170437Z\sora-elbow\source4\game-angle.png'
01:12.719  render           | Saved: 'C:\Users\iputu\Documents\Wonder Chess\exports\heroes\wc_u_dragonkin_guardian\portrait.png'
01:14.094  render           | Saved: 'C:\Users\iputu\Documents\Wonder Chess\reports\WC-U440\20260906T170437Z\sora-elbow\source4\Idle-start.png'
01:15.390  render           | Saved: 'C:\Users\iputu\Documents\Wonder Chess\reports\WC-U440\20260906T170437Z\sora-elbow\source4\Idle-release.png'
01:16.719  render           | Saved: 'C:\Users\iputu\Documents\Wonder Chess\reports\WC-U440\20260906T170437Z\sora-elbow\source4\Idle-end.png'
01:18.047  render           | Saved: 'C:\Users\iputu\Documents\Wonder Chess\reports\WC-U440\20260906T170437Z\sora-elbow\source4\Move-start.png'
01:19.437  render           | Saved: 'C:\Users\iputu\Documents\Wonder Chess\reports\WC-U440\20260906T170437Z\sora-elbow\source4\Move-release.png'
01:20.765  render           | Saved: 'C:\Users\iputu\Documents\Wonder Chess\reports\WC-U440\20260906T170437Z\sora-elbow\source4\Move-end.png'
01:22.047  render           | Saved: 'C:\Users\iputu\Documents\Wonder Chess\reports\WC-U440\20260906T170437Z\sora-elbow\source4\Attack-start.png'
01:23.328  render           | Saved: 'C:\Users\iputu\Documents\Wonder Chess\reports\WC-U440\20260906T170437Z\sora-elbow\source4\Attack-release.png'
01:24.672  render           | Saved: 'C:\Users\iputu\Documents\Wonder Chess\reports\WC-U440\20260906T170437Z\sora-elbow\source4\Attack-end.png'
01:25.953  render           | Saved: 'C:\Users\iputu\Documents\Wonder Chess\reports\WC-U440\20260906T170437Z\sora-elbow\source4\Active-start.png'
01:27.250  render           | Saved: 'C:\Users\iputu\Documents\Wonder Chess\reports\WC-U440\20260906T170437Z\sora-elbow\source4\Active-release.png'
01:28.578  render           | Saved: 'C:\Users\iputu\Documents\Wonder Chess\reports\WC-U440\20260906T170437Z\sora-elbow\source4\Active-end.png'
01:29.969  render           | Saved: 'C:\Users\iputu\Documents\Wonder Chess\reports\WC-U440\20260906T170437Z\sora-elbow\source4\Hit-start.png'
01:31.297  render           | Saved: 'C:\Users\iputu\Documents\Wonder Chess\reports\WC-U440\20260906T170437Z\sora-elbow\source4\Hit-release.png'
01:32.672  render           | Saved: 'C:\Users\iputu\Documents\Wonder Chess\reports\WC-U440\20260906T170437Z\sora-elbow\source4\Hit-end.png'
01:34.015  render           | Saved: 'C:\Users\iputu\Documents\Wonder Chess\reports\WC-U440\20260906T170437Z\sora-elbow\source4\Defeat-start.png'
01:35.469  render           | Saved: 'C:\Users\iputu\Documents\Wonder Chess\reports\WC-U440\20260906T170437Z\sora-elbow\source4\Defeat-release.png'
01:36.906  render           | Saved: 'C:\Users\iputu\Documents\Wonder Chess\reports\WC-U440\20260906T170437Z\sora-elbow\source4\Defeat-end.png'
01:38.312  render           | Saved: 'C:\Users\iputu\Documents\Wonder Chess\reports\WC-U440\20260906T170437Z\sora-elbow\source4\Victory-start.png'
01:39.750  render           | Saved: 'C:\Users\iputu\Documents\Wonder Chess\reports\WC-U440\20260906T170437Z\sora-elbow\source4\Victory-release.png'
01:41.234  render           | Saved: 'C:\Users\iputu\Documents\Wonder Chess\reports\WC-U440\20260906T170437Z\sora-elbow\source4\Victory-end.png'
01:42.359  render           | Video append frame 1
01:42.390  render           | Video append frame 2
01:42.406  render           | Video append frame 3
01:42.437  render           | Video append frame 4
01:42.469  render           | Video append frame 5
01:42.484  render           | Video append frame 6
01:42.515  render           | Video append frame 7
01:42.547  render           | Video append frame 8
01:42.578  render           | Video append frame 9
01:42.594  render           | Video append frame 10
01:42.640  render           | Video append frame 11
01:42.687  render           | Video append frame 12
01:42.719  render           | Video append frame 13
01:42.750  render           | Video append frame 14
01:42.765  render           | Video append frame 15
01:42.797  render           | Video append frame 16
01:42.828  render           | Video append frame 17
01:42.844  render           | Video append frame 18
01:42.875  render           | Video append frame 19
01:42.890  render           | Video append frame 20
01:42.922  render           | Video append frame 21
01:42.937  render           | Video append frame 22
01:42.969  render           | Video append frame 23
01:43.000  render           | Video append frame 24
01:43.031  render           | Video append frame 25
01:43.047  render           | Video append frame 26
01:43.094  render           | Video append frame 27
01:43.125  render           | Video append frame 28
01:43.140  render           | Video append frame 29
01:43.172  render           | Video append frame 30
01:43.203  render           | Video append frame 31
01:43.219  render           | Video append frame 32
01:43.250  render           | Video append frame 33
01:43.281  render           | Video append frame 34
01:43.312  render           | Video append frame 35
01:43.328  render           | Video append frame 36
01:43.359  render           | Video append frame 37
01:43.390  render           | Video append frame 38
01:43.406  render           | Video append frame 39
01:43.437  render           | Video append frame 40
01:43.469  render           | Video append frame 41
01:43.500  render           | Video append frame 42
01:43.531  render           | Video append frame 43
01:43.547  render           | Video append frame 44
01:43.578  render           | Video append frame 45
01:43.594  render           | Video append frame 46
01:43.625  render           | Video append frame 47
01:43.640  render           | Video append frame 48
01:43.672  render           | Video append frame 49
01:43.703  render           | Video append frame 50
01:43.719  render           | Video append frame 51
01:43.750  render           | Video append frame 52
01:43.781  render           | Video append frame 53
01:43.797  render           | Video append frame 54
01:43.828  render           | Video append frame 55
01:43.844  render           | Video append frame 56
01:43.875  render           | Video append frame 57
01:43.906  render           | Video append frame 58
01:43.922  render           | Video append frame 59
01:43.953  render           | Video append frame 60
01:43.984  render           | Video append frame 61
01:44.015  render           | Video append frame 62
01:44.031  render           | Video append frame 63
01:44.062  render           | Video append frame 64
01:44.094  render           | Video append frame 65
01:44.109  render           | Video append frame 66
01:44.140  render           | Video append frame 67
01:44.172  render           | Video append frame 68
01:44.187  render           | Video append frame 69
01:44.234  render           | Video append frame 70
01:44.265  render           | Video append frame 71
01:44.297  render           | Video append frame 72
01:44.312  render           | Video append frame 73
01:44.344  render           | Video append frame 74
01:44.375  render           | Video append frame 75
01:44.390  render           | Video append frame 76
01:44.422  render           | Video append frame 77
01:44.453  render           | Video append frame 78
01:44.484  render           | Video append frame 79
01:44.500  render           | Video append frame 80
01:44.531  render           | Video append frame 81
01:44.562  render           | Video append frame 82
01:44.578  render           | Video append frame 83
01:44.609  render           | Video append frame 84
01:44.625  render           | Video append frame 85
01:44.656  render           | Video append frame 86
01:44.672  render           | Video append frame 87
01:44.703  render           | Video append frame 88
01:44.734  render           | Video append frame 89
01:44.765  render           | Video append frame 90
01:44.781  render           | Video append frame 91
01:44.812  render           | Video append frame 92
01:44.828  render           | Video append frame 93
01:44.859  render           | Video append frame 94
01:44.875  render           | Video append frame 95
01:44.906  render           | Video append frame 96
01:44.953  render           | Video append frame 97
01:44.984  render           | Video append frame 98
01:45.015  render           | Video append frame 99
01:45.031  render           | Video append frame 100
01:45.062  render           | Video append frame 101
01:45.078  render           | Video append frame 102
01:45.109  render           | Video append frame 103
01:45.125  render           | Video append frame 104
01:45.156  render           | Video append frame 105
01:45.172  render           | Video append frame 106
01:45.203  render           | Video append frame 107
01:45.219  render           | Video append frame 108
01:45.250  render           | Video append frame 109
01:45.265  render           | Video append frame 110
01:45.297  render           | Video append frame 111
01:45.312  render           | Video append frame 112
01:45.344  render           | Video append frame 113
01:45.359  render           | Video append frame 114
01:45.390  render           | Video append frame 115
01:45.406  render           | Video append frame 116
01:45.437  render           | Video append frame 117
01:45.453  render           | Video append frame 118
01:45.484  render           | Video append frame 119
01:45.500  render           | Video append frame 120
01:45.531  render           | Video append frame 121
01:45.562  render           | Video append frame 1
01:45.594  render           | Video append frame 2
01:45.609  render           | Video append frame 3
01:45.640  render           | Video append frame 4
01:45.656  render           | Video append frame 5
01:45.687  render           | Video append frame 6
01:45.703  render           | Video append frame 7
01:45.719  render           | Video append frame 8
01:45.750  render           | Video append frame 9
01:45.765  render           | Video append frame 10
01:45.797  render           | Video append frame 11
01:45.812  render           | Video append frame 12
01:45.844  render           | Video append frame 13
01:45.875  render           | Video append frame 14
01:45.890  render           | Video append frame 15
01:45.922  render           | Video append frame 16
01:45.937  render           | Video append frame 17
01:45.969  render           | Video append frame 18
01:45.984  render           | Video append frame 19
01:46.015  render           | Video append frame 20
01:46.031  render           | Video append frame 21
01:46.062  render           | Video append frame 22
01:46.078  render           | Video append frame 23
01:46.109  render           | Video append frame 24
01:46.140  render           | Video append frame 25
01:46.156  render           | Video append frame 26
01:46.187  render           | Video append frame 27
01:46.203  render           | Video append frame 28
01:46.234  render           | Video append frame 29
01:46.265  render           | Video append frame 30
01:46.281  render           | Video append frame 31
01:46.312  render           | Video append frame 32
01:46.344  render           | Video append frame 33
01:46.375  render           | Video append frame 34
01:46.390  render           | Video append frame 35
01:46.422  render           | Video append frame 36
01:46.437  render           | Video append frame 37
01:46.469  render           | Video append frame 38
01:46.500  render           | Video append frame 39
01:46.594  render           | Video append frame 40
01:46.625  render           | Video append frame 41
01:46.640  render           | Video append frame 42
01:46.672  render           | Video append frame 43
01:46.703  render           | Video append frame 44
01:46.734  render           | Video append frame 45
01:46.750  render           | Video append frame 46
01:46.781  render           | Video append frame 47
01:46.812  render           | Video append frame 48
01:46.844  render           | Video append frame 49
01:46.875  render           | Video append frame 50
01:46.906  render           | Video append frame 51
01:46.922  render           | Video append frame 52
01:46.953  render           | Video append frame 53
01:46.969  render           | Video append frame 54
01:47.000  render           | Video append frame 55
01:47.015  render           | Video append frame 56
01:47.125  render           | Video append frame 57
01:47.172  render           | Video append frame 58
01:47.203  render           | Video append frame 59
01:47.219  render           | Video append frame 60
01:47.250  render           | Video append frame 61
01:47.297  render           | Video append frame 1
01:47.312  render           | Video append frame 2
01:47.344  render           | Video append frame 3
01:47.359  render           | Video append frame 4
01:47.375  render           | Video append frame 5
01:47.406  render           | Video append frame 6
01:47.437  render           | Video append frame 7
01:47.453  render           | Video append frame 8
01:47.484  render           | Video append frame 9
01:47.500  render           | Video append frame 10
01:47.531  render           | Video append frame 11
01:47.547  render           | Video append frame 12
01:47.594  render           | Video append frame 13
01:47.609  render           | Video append frame 14
01:47.640  render           | Video append frame 15
01:47.656  render           | Video append frame 16
01:47.672  render           | Video append frame 17
01:47.703  render           | Video append frame 18
01:47.734  render           | Video append frame 19
01:47.750  render           | Video append frame 20
01:47.781  render           | Video append frame 21
01:47.797  render           | Video append frame 22
01:47.828  render           | Video append frame 23
01:47.844  render           | Video append frame 24
01:47.875  render           | Video append frame 25
01:47.890  render           | Video append frame 26
01:47.922  render           | Video append frame 27
01:47.953  render           | Video append frame 28
01:47.984  render           | Video append frame 29
01:48.000  render           | Video append frame 30
01:48.031  render           | Video append frame 31
01:48.047  render           | Video append frame 32
01:48.078  render           | Video append frame 33
01:48.125  render           | Video append frame 34
01:48.140  render           | Video append frame 35
01:48.172  render           | Video append frame 36
01:48.203  render           | Video append frame 37
01:48.234  render           | Video append frame 38
01:48.265  render           | Video append frame 39
01:48.281  render           | Video append frame 40
01:48.328  render           | Video append frame 1
01:48.359  render           | Video append frame 2
01:48.375  render           | Video append frame 3
01:48.390  render           | Video append frame 4
01:48.422  render           | Video append frame 5
01:48.437  render           | Video append frame 6
01:48.469  render           | Video append frame 7
01:48.484  render           | Video append frame 8
01:48.515  render           | Video append frame 9
01:48.531  render           | Video append frame 10
01:48.562  render           | Video append frame 11
01:48.594  render           | Video append frame 12
01:48.625  render           | Video append frame 13
01:48.656  render           | Video append frame 14
01:48.672  render           | Video append frame 15
01:48.703  render           | Video append frame 16
01:48.719  render           | Video append frame 17
01:48.750  render           | Video append frame 18
01:48.781  render           | Video append frame 19
01:48.797  render           | Video append frame 20
01:48.828  render           | Video append frame 21
01:48.844  render           | Video append frame 22
01:48.875  render           | Video append frame 23
01:48.890  render           | Video append frame 24
01:48.922  render           | Video append frame 25
01:48.937  render           | Video append frame 26
01:48.969  render           | Video append frame 27
01:48.984  render           | Video append frame 28
01:49.015  render           | Video append frame 29
01:49.031  render           | Video append frame 30
01:49.062  render           | Video append frame 31
01:49.078  render           | Video append frame 32
01:49.109  render           | Video append frame 33
01:49.125  render           | Video append frame 34
01:49.156  render           | Video append frame 35
01:49.172  render           | Video append frame 36
01:49.203  render           | Video append frame 37
01:49.219  render           | Video append frame 38
01:49.250  render           | Video append frame 39
01:49.265  render           | Video append frame 40
01:49.312  render           | Video append frame 1
01:49.344  render           | Video append frame 2
01:49.359  render           | Video append frame 3
01:49.375  render           | Video append frame 4
01:49.406  render           | Video append frame 5
01:49.422  render           | Video append frame 6
01:49.453  render           | Video append frame 7
01:49.469  render           | Video append frame 8
01:49.484  render           | Video append frame 9
01:49.515  render           | Video append frame 10
01:49.531  render           | Video append frame 11
01:49.562  render           | Video append frame 12
01:49.578  render           | Video append frame 13
01:49.609  render           | Video append frame 14
01:49.625  render           | Video append frame 15
01:49.640  render           | Video append frame 16
01:49.672  render           | Video append frame 17
01:49.687  render           | Video append frame 18
01:49.703  render           | Video append frame 19
01:49.734  render           | Video append frame 20
01:49.750  render           | Video append frame 21
01:49.765  render           | Video append frame 22
01:49.797  render           | Video append frame 23
01:49.812  render           | Video append frame 24
01:49.828  render           | Video append frame 25
01:49.875  render           | Video append frame 1
01:49.906  render           | Video append frame 2
01:49.922  render           | Video append frame 3
01:49.937  render           | Video append frame 4
01:49.969  render           | Video append frame 5
01:49.984  render           | Video append frame 6
01:50.000  render           | Video append frame 7
01:50.031  render           | Video append frame 8
01:50.047  render           | Video append frame 9
01:50.062  render           | Video append frame 10
01:50.094  render           | Video append frame 11
01:50.109  render           | Video append frame 12
01:50.140  render           | Video append frame 13
01:50.172  render           | Video append frame 14
01:50.187  render           | Video append frame 15
01:50.203  render           | Video append frame 16
01:50.234  render           | Video append frame 17
01:50.250  render           | Video append frame 18
01:50.281  render           | Video append frame 19
01:50.297  render           | Video append frame 20
01:50.312  render           | Video append frame 21
01:50.344  render           | Video append frame 22
01:50.359  render           | Video append frame 23
01:50.375  render           | Video append frame 24
01:50.406  render           | Video append frame 25
01:50.422  render           | Video append frame 26
01:50.453  render           | Video append frame 27
01:50.469  render           | Video append frame 28
01:50.500  render           | Video append frame 29
01:50.515  render           | Video append frame 30
01:50.547  render           | Video append frame 31
01:50.562  render           | Video append frame 32
01:50.594  render           | Video append frame 33
01:50.609  render           | Video append frame 34
01:50.640  render           | Video append frame 35
01:50.672  render           | Video append frame 36
01:50.687  render           | Video append frame 37
01:50.719  render           | Video append frame 38
01:50.734  render           | Video append frame 39
01:50.765  render           | Video append frame 40
01:50.781  render           | Video append frame 41
01:50.797  render           | Video append frame 42
01:50.828  render           | Video append frame 43
01:50.844  render           | Video append frame 44
01:50.875  render           | Video append frame 45
01:50.890  render           | Video append frame 46
01:50.922  render           | Video append frame 47
01:50.937  render           | Video append frame 48
01:50.969  render           | Video append frame 49
01:50.984  render           | Video append frame 50
01:51.015  render           | Video append frame 51
01:51.047  render           | Video append frame 52
01:51.062  render           | Video append frame 53
01:51.078  render           | Video append frame 54
01:51.109  render           | Video append frame 55
01:51.125  render           | Video append frame 56
01:51.156  render           | Video append frame 57
01:51.172  render           | Video append frame 58
01:51.187  render           | Video append frame 59
01:51.219  render           | Video append frame 60
01:51.234  render           | Video append frame 61
01:51.297  render           | Video append frame 1
01:51.312  render           | Video append frame 2
01:51.344  render           | Video append frame 3
01:51.359  render           | Video append frame 4
01:51.375  render           | Video append frame 5
01:51.406  render           | Video append frame 6
01:51.437  render           | Video append frame 7
01:51.453  render           | Video append frame 8
01:51.469  render           | Video append frame 9
01:51.500  render           | Video append frame 10
01:51.515  render           | Video append frame 11
01:51.531  render           | Video append frame 12
01:51.562  render           | Video append frame 13
01:51.578  render           | Video append frame 14
01:51.609  render           | Video append frame 15
01:51.625  render           | Video append frame 16
01:51.640  render           | Video append frame 17
01:51.672  render           | Video append frame 18
01:51.687  render           | Video append frame 19
01:51.719  render           | Video append frame 20
01:51.750  render           | Video append frame 21
01:51.765  render           | Video append frame 22
01:51.797  render           | Video append frame 23
01:51.812  render           | Video append frame 24
01:51.844  render           | Video append frame 25
01:51.859  render           | Video append frame 26
01:51.890  render           | Video append frame 27
01:51.906  render           | Video append frame 28
01:51.937  render           | Video append frame 29
01:51.969  render           | Video append frame 30
01:51.984  render           | Video append frame 31
01:52.000  render           | Video append frame 32
01:52.031  render           | Video append frame 33
01:52.047  render           | Video append frame 34
01:52.078  render           | Video append frame 35
01:52.094  render           | Video append frame 36
01:52.125  render           | Video append frame 37
01:52.140  render           | Video append frame 38
01:52.172  render           | Video append frame 39
01:52.187  render           | Video append frame 40
01:52.219  render           | Video append frame 41
01:52.234  render           | Video append frame 42
01:52.250  render           | Video append frame 43
01:52.281  render           | Video append frame 44
01:52.297  render           | Video append frame 45
01:52.328  render           | Video append frame 46
01:52.344  render           | Video append frame 47
01:52.359  render           | Video append frame 48
01:52.390  render           | Video append frame 49
01:52.406  render           | Video append frame 50
01:52.422  render           | Video append frame 51
01:52.453  render           | Video append frame 52
01:52.469  render           | Video append frame 53
01:52.484  render           | Video append frame 54
01:52.515  render           | Video append frame 55
01:52.531  render           | Video append frame 56
01:52.547  render           | Video append frame 57
01:52.578  render           | Video append frame 58
01:52.594  render           | Video append frame 59
01:52.609  render           | Video append frame 60
01:52.640  render           | Video append frame 61
01:52.656  render           | Video append frame 62
01:52.672  render           | Video append frame 63
01:52.703  render           | Video append frame 64
01:52.719  render           | Video append frame 65
01:52.734  render           | Video append frame 66
01:52.765  render           | Video append frame 67
01:52.781  render           | Video append frame 68
01:52.812  render           | Video append frame 69
01:52.828  render           | Video append frame 70
01:52.844  render           | Video append frame 71
01:52.875  render           | Video append frame 72
01:52.890  render           | Video append frame 73
01:52.906  render           | Video append frame 74
01:52.937  render           | Video append frame 75
01:52.953  render           | Video append frame 76
01:52.984  render           | Video append frame 77
01:53.000  render           | Video append frame 78
01:53.031  render           | Video append frame 79
01:53.047  render           | Video append frame 80
01:53.078  render           | Video append frame 81
01:53.094  render           | Video append frame 82
01:53.125  render           | Video append frame 83
01:53.140  render           | Video append frame 84
01:53.156  render           | Video append frame 85
01:53.187  render           | Video append frame 86
01:53.203  render           | Video append frame 87
01:53.234  render           | Video append frame 88
01:53.250  render           | Video append frame 89
01:53.265  render           | Video append frame 90
01:53.297  render           | Video append frame 91

FBX export starting... 'C:\\Users\\iputu\\Documents\\Wonder Chess\\exports\\heroes\\wc_u_dragonkin_guardian\\SK_wc_u_dragonkin_guardian.fbx'
export finished in 0.0488 sec.
Info: Applied modifier was not first, result may not be as expected

FBX export starting... 'C:\\Users\\iputu\\Documents\\Wonder Chess\\exports\\heroes\\wc_u_dragonkin_guardian\\SK_wc_u_dragonkin_guardian_LOD1.fbx'
export finished in 0.0357 sec.
Info: Applied modifier was not first, result may not be as expected

FBX export starting... 'C:\\Users\\iputu\\Documents\\Wonder Chess\\exports\\heroes\\wc_u_dragonkin_guardian\\SK_wc_u_dragonkin_guardian_LOD2.fbx'
export finished in 0.0347 sec.

FBX export starting... 'C:\\Users\\iputu\\Documents\\Wonder Chess\\exports\\heroes\\wc_u_dragonkin_guardian\\SK_wc_u_dragonkin_guardian_LOD1.fbx'
export finished in 0.0385 sec.

FBX export starting... 'C:\\Users\\iputu\\Documents\\Wonder Chess\\exports\\heroes\\wc_u_dragonkin_guardian\\SK_wc_u_dragonkin_guardian_LOD2.fbx'
export finished in 0.0372 sec.
Info: Saved as "wc_u_dragonkin_guardian.blend"
WC_SORA_ELBOW_REFINED "0bf136fb315a037b4f6a1486e6eeaec525cb9d6bdfd62c50459f989ed2b4af66"
Blender 5.1.1 (hash b70da489d7f4 built 2026-04-14 01:37:22)

Blender quit
