00:02.156  blend            | Read blend: "C:\Users\iputu\Documents\Wonder Chess\art-source\heroes\wc_u_dragonkin_guardian\wc_u_dragonkin_guardian.blend"
00:16.375  render           | Saved: 'C:\Users\iputu\Documents\Wonder Chess\reports\WC-U440\20260906T171119Z\sora-links\source6\front.png'
00:25.953  render           | Saved: 'C:\Users\iputu\Documents\Wonder Chess\reports\WC-U440\20260906T171119Z\sora-links\source6\side.png'
00:35.563  render           | Saved: 'C:\Users\iputu\Documents\Wonder Chess\reports\WC-U440\20260906T171119Z\sora-links\source6\back.png'
00:46.531  render           | Saved: 'C:\Users\iputu\Documents\Wonder Chess\reports\WC-U440\20260906T171119Z\sora-links\source6\three-quarter.png'
01:01.235  render           | Saved: 'C:\Users\iputu\Documents\Wonder Chess\reports\WC-U440\20260906T171119Z\sora-links\source6\face.png'
01:12.078  render           | Saved: 'C:\Users\iputu\Documents\Wonder Chess\reports\WC-U440\20260906T171119Z\sora-links\source6\game-angle.png'
01:19.750  render           | Saved: 'C:\Users\iputu\Documents\Wonder Chess\exports\heroes\wc_u_dragonkin_guardian\portrait.png'
01:21.219  render           | Saved: 'C:\Users\iputu\Documents\Wonder Chess\reports\WC-U440\20260906T171119Z\sora-links\source6\Idle-start.png'
01:22.625  render           | Saved: 'C:\Users\iputu\Documents\Wonder Chess\reports\WC-U440\20260906T171119Z\sora-links\source6\Idle-release.png'
01:24.188  render           | Saved: 'C:\Users\iputu\Documents\Wonder Chess\reports\WC-U440\20260906T171119Z\sora-links\source6\Idle-end.png'
01:25.656  render           | Saved: 'C:\Users\iputu\Documents\Wonder Chess\reports\WC-U440\20260906T171119Z\sora-links\source6\Move-start.png'
01:27.297  render           | Saved: 'C:\Users\iputu\Documents\Wonder Chess\reports\WC-U440\20260906T171119Z\sora-links\source6\Move-release.png'
01:28.797  render           | Saved: 'C:\Users\iputu\Documents\Wonder Chess\reports\WC-U440\20260906T171119Z\sora-links\source6\Move-end.png'
01:30.406  render           | Saved: 'C:\Users\iputu\Documents\Wonder Chess\reports\WC-U440\20260906T171119Z\sora-links\source6\Attack-start.png'
01:31.938  render           | Saved: 'C:\Users\iputu\Documents\Wonder Chess\reports\WC-U440\20260906T171119Z\sora-links\source6\Attack-release.png'
01:33.563  render           | Saved: 'C:\Users\iputu\Documents\Wonder Chess\reports\WC-U440\20260906T171119Z\sora-links\source6\Attack-end.png'
01:34.953  render           | Saved: 'C:\Users\iputu\Documents\Wonder Chess\reports\WC-U440\20260906T171119Z\sora-links\source6\Active-start.png'
01:36.266  render           | Saved: 'C:\Users\iputu\Documents\Wonder Chess\reports\WC-U440\20260906T171119Z\sora-links\source6\Active-release.png'
01:37.610  render           | Saved: 'C:\Users\iputu\Documents\Wonder Chess\reports\WC-U440\20260906T171119Z\sora-links\source6\Active-end.png'
01:39.031  render           | Saved: 'C:\Users\iputu\Documents\Wonder Chess\reports\WC-U440\20260906T171119Z\sora-links\source6\Hit-start.png'
01:40.453  render           | Saved: 'C:\Users\iputu\Documents\Wonder Chess\reports\WC-U440\20260906T171119Z\sora-links\source6\Hit-release.png'
01:41.797  render           | Saved: 'C:\Users\iputu\Documents\Wonder Chess\reports\WC-U440\20260906T171119Z\sora-links\source6\Hit-end.png'
01:43.188  render           | Saved: 'C:\Users\iputu\Documents\Wonder Chess\reports\WC-U440\20260906T171119Z\sora-links\source6\Defeat-start.png'
01:44.641  render           | Saved: 'C:\Users\iputu\Documents\Wonder Chess\reports\WC-U440\20260906T171119Z\sora-links\source6\Defeat-release.png'
01:45.922  render           | Saved: 'C:\Users\iputu\Documents\Wonder Chess\reports\WC-U440\20260906T171119Z\sora-links\source6\Defeat-end.png'
01:47.188  render           | Saved: 'C:\Users\iputu\Documents\Wonder Chess\reports\WC-U440\20260906T171119Z\sora-links\source6\Victory-start.png'
01:48.485  render           | Saved: 'C:\Users\iputu\Documents\Wonder Chess\reports\WC-U440\20260906T171119Z\sora-links\source6\Victory-release.png'
01:49.719  render           | Saved: 'C:\Users\iputu\Documents\Wonder Chess\reports\WC-U440\20260906T171119Z\sora-links\source6\Victory-end.png'
01:50.750  render           | Video append frame 1
01:50.781  render           | Video append frame 2
01:50.797  render           | Video append frame 3
01:50.813  render           | Video append frame 4
01:50.844  render           | Video append frame 5
01:50.860  render           | Video append frame 6
01:50.875  render           | Video append frame 7
01:50.891  render           | Video append frame 8
01:50.922  render           | Video append frame 9
01:50.938  render           | Video append frame 10
01:50.953  render           | Video append frame 11
01:50.985  render           | Video append frame 12
01:51.000  render           | Video append frame 13
01:51.016  render           | Video append frame 14
01:51.047  render           | Video append frame 15
01:51.063  render           | Video append frame 16
01:51.094  render           | Video append frame 17
01:51.110  render           | Video append frame 18
01:51.125  render           | Video append frame 19
01:51.141  render           | Video append frame 20
01:51.172  render           | Video append frame 21
01:51.188  render           | Video append frame 22
01:51.203  render           | Video append frame 23
01:51.235  render           | Video append frame 24
01:51.250  render           | Video append frame 25
01:51.266  render           | Video append frame 26
01:51.297  render           | Video append frame 27
01:51.313  render           | Video append frame 28
01:51.328  render           | Video append frame 29
01:51.360  render           | Video append frame 30
01:51.375  render           | Video append frame 31
01:51.391  render           | Video append frame 32
01:51.422  render           | Video append frame 33
01:51.453  render           | Video append frame 34
01:51.469  render           | Video append frame 35
01:51.500  render           | Video append frame 36
01:51.516  render           | Video append frame 37
01:51.531  render           | Video append frame 38
01:51.563  render           | Video append frame 39
01:51.578  render           | Video append frame 40
01:51.594  render           | Video append frame 41
01:51.625  render           | Video append frame 42
01:51.641  render           | Video append frame 43
01:51.656  render           | Video append frame 44
01:51.688  render           | Video append frame 45
01:51.703  render           | Video append frame 46
01:51.735  render           | Video append frame 47
01:51.750  render           | Video append frame 48
01:51.781  render           | Video append frame 49
01:51.797  render           | Video append frame 50
01:51.828  render           | Video append frame 51
01:51.844  render           | Video append frame 52
01:51.875  render           | Video append frame 53
01:51.891  render           | Video append frame 54
01:51.922  render           | Video append frame 55
01:51.938  render           | Video append frame 56
01:51.969  render           | Video append frame 57
01:51.985  render           | Video append frame 58
01:52.016  render           | Video append frame 59
01:52.031  render           | Video append frame 60
01:52.063  render           | Video append frame 61
01:52.078  render           | Video append frame 62
01:52.110  render           | Video append frame 63
01:52.141  render           | Video append frame 64
01:52.156  render           | Video append frame 65
01:52.188  render           | Video append frame 66
01:52.219  render           | Video append frame 67
01:52.235  render           | Video append frame 68
01:52.266  render           | Video append frame 69
01:52.281  render           | Video append frame 70
01:52.313  render           | Video append frame 71
01:52.328  render           | Video append frame 72
01:52.360  render           | Video append frame 73
01:52.375  render           | Video append frame 74
01:52.406  render           | Video append frame 75
01:52.422  render           | Video append frame 76
01:52.453  render           | Video append frame 77
01:52.469  render           | Video append frame 78
01:52.500  render           | Video append frame 79
01:52.516  render           | Video append frame 80
01:52.531  render           | Video append frame 81
01:52.563  render           | Video append frame 82
01:52.578  render           | Video append frame 83
01:52.594  render           | Video append frame 84
01:52.625  render           | Video append frame 85
01:52.641  render           | Video append frame 86
01:52.672  render           | Video append frame 87
01:52.688  render           | Video append frame 88
01:52.719  render           | Video append frame 89
01:52.735  render           | Video append frame 90
01:52.766  render           | Video append frame 91
01:52.781  render           | Video append frame 92
01:52.797  render           | Video append frame 93
01:52.828  render           | Video append frame 94
01:52.844  render           | Video append frame 95
01:52.860  render           | Video append frame 96
01:52.891  render           | Video append frame 97
01:52.906  render           | Video append frame 98
01:52.922  render           | Video append frame 99
01:52.953  render           | Video append frame 100
01:52.969  render           | Video append frame 101
01:53.000  render           | Video append frame 102
01:53.016  render           | Video append frame 103
01:53.047  render           | Video append frame 104
01:53.063  render           | Video append frame 105
01:53.078  render           | Video append frame 106
01:53.110  render           | Video append frame 107
01:53.125  render           | Video append frame 108
01:53.141  render           | Video append frame 109
01:53.172  render           | Video append frame 110
01:53.188  render           | Video append frame 111
01:53.219  render           | Video append frame 112
01:53.235  render           | Video append frame 113
01:53.250  render           | Video append frame 114
01:53.281  render           | Video append frame 115
01:53.297  render           | Video append frame 116
01:53.313  render           | Video append frame 117
01:53.344  render           | Video append frame 118
01:53.360  render           | Video append frame 119
01:53.391  render           | Video append frame 120
01:53.406  render           | Video append frame 121
01:53.453  render           | Video append frame 1
01:53.485  render           | Video append frame 2
01:53.500  render           | Video append frame 3
01:53.516  render           | Video append frame 4
01:53.547  render           | Video append frame 5
01:53.563  render           | Video append frame 6
01:53.594  render           | Video append frame 7
01:53.610  render           | Video append frame 8
01:53.641  render           | Video append frame 9
01:53.656  render           | Video append frame 10
01:53.672  render           | Video append frame 11
01:53.703  render           | Video append frame 12
01:53.719  render           | Video append frame 13
01:53.750  render           | Video append frame 14
01:53.766  render           | Video append frame 15
01:53.781  render           | Video append frame 16
01:53.813  render           | Video append frame 17
01:53.828  render           | Video append frame 18
01:53.844  render           | Video append frame 19
01:53.875  render           | Video append frame 20
01:53.891  render           | Video append frame 21
01:53.906  render           | Video append frame 22
01:53.953  render           | Video append frame 23
01:53.969  render           | Video append frame 24
01:53.985  render           | Video append frame 25
01:54.016  render           | Video append frame 26
01:54.031  render           | Video append frame 27
01:54.047  render           | Video append frame 28
01:54.078  render           | Video append frame 29
01:54.094  render           | Video append frame 30
01:54.110  render           | Video append frame 31
01:54.156  render           | Video append frame 32
01:54.172  render           | Video append frame 33
01:54.203  render           | Video append frame 34
01:54.219  render           | Video append frame 35
01:54.235  render           | Video append frame 36
01:54.266  render           | Video append frame 37
01:54.281  render           | Video append frame 38
01:54.313  render           | Video append frame 39
01:54.328  render           | Video append frame 40
01:54.344  render           | Video append frame 41
01:54.375  render           | Video append frame 42
01:54.391  render           | Video append frame 43
01:54.406  render           | Video append frame 44
01:54.438  render           | Video append frame 45
01:54.453  render           | Video append frame 46
01:54.469  render           | Video append frame 47
01:54.500  render           | Video append frame 48
01:54.516  render           | Video append frame 49
01:54.547  render           | Video append frame 50
01:54.563  render           | Video append frame 51
01:54.594  render           | Video append frame 52
01:54.610  render           | Video append frame 53
01:54.641  render           | Video append frame 54
01:54.656  render           | Video append frame 55
01:54.672  render           | Video append frame 56
01:54.703  render           | Video append frame 57
01:54.719  render           | Video append frame 58
01:54.750  render           | Video append frame 59
01:54.766  render           | Video append frame 60
01:54.781  render           | Video append frame 61
01:54.828  render           | Video append frame 1
01:54.844  render           | Video append frame 2
01:54.860  render           | Video append frame 3
01:54.891  render           | Video append frame 4
01:54.906  render           | Video append frame 5
01:54.938  render           | Video append frame 6
01:54.953  render           | Video append frame 7
01:54.985  render           | Video append frame 8
01:55.000  render           | Video append frame 9
01:55.016  render           | Video append frame 10
01:55.047  render           | Video append frame 11
01:55.063  render           | Video append frame 12
01:55.078  render           | Video append frame 13
01:55.110  render           | Video append frame 14
01:55.125  render           | Video append frame 15
01:55.141  render           | Video append frame 16
01:55.172  render           | Video append frame 17
01:55.188  render           | Video append frame 18
01:55.203  render           | Video append frame 19
01:55.235  render           | Video append frame 20
01:55.250  render           | Video append frame 21
01:55.266  render           | Video append frame 22
01:55.297  render           | Video append frame 23
01:55.313  render           | Video append frame 24
01:55.328  render           | Video append frame 25
01:55.360  render           | Video append frame 26
01:55.375  render           | Video append frame 27
01:55.391  render           | Video append frame 28
01:55.422  render           | Video append frame 29
01:55.453  render           | Video append frame 30
01:55.469  render           | Video append frame 31
01:55.485  render           | Video append frame 32
01:55.516  render           | Video append frame 33
01:55.531  render           | Video append frame 34
01:55.563  render           | Video append frame 35
01:55.578  render           | Video append frame 36
01:55.610  render           | Video append frame 37
01:55.625  render           | Video append frame 38
01:55.641  render           | Video append frame 39
01:55.672  render           | Video append frame 40
01:55.703  render           | Video append frame 1
01:55.735  render           | Video append frame 2
01:55.750  render           | Video append frame 3
01:55.766  render           | Video append frame 4
01:55.797  render           | Video append frame 5
01:55.813  render           | Video append frame 6
01:55.844  render           | Video append frame 7
01:55.860  render           | Video append frame 8
01:55.891  render           | Video append frame 9
01:55.906  render           | Video append frame 10
01:55.938  render           | Video append frame 11
01:55.953  render           | Video append frame 12
01:55.969  render           | Video append frame 13
01:56.000  render           | Video append frame 14
01:56.016  render           | Video append frame 15
01:56.047  render           | Video append frame 16
01:56.063  render           | Video append frame 17
01:56.094  render           | Video append frame 18
01:56.110  render           | Video append frame 19
01:56.141  render           | Video append frame 20
01:56.156  render           | Video append frame 21
01:56.188  render           | Video append frame 22
01:56.203  render           | Video append frame 23
01:56.235  render           | Video append frame 24
01:56.250  render           | Video append frame 25
01:56.281  render           | Video append frame 26
01:56.297  render           | Video append frame 27
01:56.328  render           | Video append frame 28
01:56.344  render           | Video append frame 29
01:56.375  render           | Video append frame 30
01:56.391  render           | Video append frame 31
01:56.422  render           | Video append frame 32
01:56.453  render           | Video append frame 33
01:56.469  render           | Video append frame 34
01:56.500  render           | Video append frame 35
01:56.516  render           | Video append frame 36
01:56.547  render           | Video append frame 37
01:56.563  render           | Video append frame 38
01:56.594  render           | Video append frame 39
01:56.610  render           | Video append frame 40
01:56.656  render           | Video append frame 1
01:56.688  render           | Video append frame 2
01:56.703  render           | Video append frame 3
01:56.719  render           | Video append frame 4
01:56.750  render           | Video append frame 5
01:56.766  render           | Video append frame 6
01:56.781  render           | Video append frame 7
01:56.813  render           | Video append frame 8
01:56.828  render           | Video append frame 9
01:56.844  render           | Video append frame 10
01:56.875  render           | Video append frame 11
01:56.891  render           | Video append frame 12
01:56.906  render           | Video append frame 13
01:56.938  render           | Video append frame 14
01:56.953  render           | Video append frame 15
01:56.985  render           | Video append frame 16
01:57.000  render           | Video append frame 17
01:57.031  render           | Video append frame 18
01:57.047  render           | Video append frame 19
01:57.063  render           | Video append frame 20
01:57.094  render           | Video append frame 21
01:57.110  render           | Video append frame 22
01:57.125  render           | Video append frame 23
01:57.156  render           | Video append frame 24
01:57.172  render           | Video append frame 25
01:57.219  render           | Video append frame 1
01:57.235  render           | Video append frame 2
01:57.250  render           | Video append frame 3
01:57.281  render           | Video append frame 4
01:57.297  render           | Video append frame 5
01:57.328  render           | Video append frame 6
01:57.344  render           | Video append frame 7
01:57.360  render           | Video append frame 8
01:57.375  render           | Video append frame 9
01:57.406  render           | Video append frame 10
01:57.422  render           | Video append frame 11
01:57.438  render           | Video append frame 12
01:57.469  render           | Video append frame 13
01:57.485  render           | Video append frame 14
01:57.500  render           | Video append frame 15
01:57.531  render           | Video append frame 16
01:57.547  render           | Video append frame 17
01:57.578  render           | Video append frame 18
01:57.594  render           | Video append frame 19
01:57.610  render           | Video append frame 20
01:57.641  render           | Video append frame 21
01:57.656  render           | Video append frame 22
01:57.688  render           | Video append frame 23
01:57.703  render           | Video append frame 24
01:57.719  render           | Video append frame 25
01:57.750  render           | Video append frame 26
01:57.766  render           | Video append frame 27
01:57.797  render           | Video append frame 28
01:57.813  render           | Video append frame 29
01:57.844  render           | Video append frame 30
01:57.860  render           | Video append frame 31
01:57.891  render           | Video append frame 32
01:57.906  render           | Video append frame 33
01:57.922  render           | Video append frame 34
01:57.953  render           | Video append frame 35
01:57.969  render           | Video append frame 36
01:58.000  render           | Video append frame 37
01:58.016  render           | Video append frame 38
01:58.047  render           | Video append frame 39
01:58.063  render           | Video append frame 40
01:58.094  render           | Video append frame 41
01:58.110  render           | Video append frame 42
01:58.125  render           | Video append frame 43
01:58.156  render           | Video append frame 44
01:58.188  render           | Video append frame 45
01:58.203  render           | Video append frame 46
01:58.235  render           | Video append frame 47
01:58.250  render           | Video append frame 48
01:58.266  render           | Video append frame 49
01:58.297  render           | Video append frame 50
01:58.313  render           | Video append frame 51
01:58.344  render           | Video append frame 52
01:58.360  render           | Video append frame 53
01:58.375  render           | Video append frame 54
01:58.406  render           | Video append frame 55
01:58.422  render           | Video append frame 56
01:58.453  render           | Video append frame 57
01:58.469  render           | Video append frame 58
01:58.485  render           | Video append frame 59
01:58.516  render           | Video append frame 60
01:58.531  render           | Video append frame 61
01:58.578  render           | Video append frame 1
01:58.594  render           | Video append frame 2
01:58.625  render           | Video append frame 3
01:58.641  render           | Video append frame 4
01:58.656  render           | Video append frame 5
01:58.688  render           | Video append frame 6
01:58.703  render           | Video append frame 7
01:58.719  render           | Video append frame 8
01:58.750  render           | Video append frame 9
01:58.766  render           | Video append frame 10
01:58.797  render           | Video append frame 11
01:58.813  render           | Video append frame 12
01:58.828  render           | Video append frame 13
01:58.860  render           | Video append frame 14
01:58.875  render           | Video append frame 15
01:58.891  render           | Video append frame 16
01:58.922  render           | Video append frame 17
01:58.953  render           | Video append frame 18
01:58.969  render           | Video append frame 19
01:58.985  render           | Video append frame 20
01:59.016  render           | Video append frame 21
01:59.031  render           | Video append frame 22
01:59.063  render           | Video append frame 23
01:59.078  render           | Video append frame 24
01:59.110  render           | Video append frame 25
01:59.125  render           | Video append frame 26
01:59.141  render           | Video append frame 27
01:59.172  render           | Video append frame 28
01:59.188  render           | Video append frame 29
01:59.219  render           | Video append frame 30
01:59.235  render           | Video append frame 31
01:59.266  render           | Video append frame 32
01:59.281  render           | Video append frame 33
01:59.313  render           | Video append frame 34
01:59.328  render           | Video append frame 35
01:59.344  render           | Video append frame 36
01:59.375  render           | Video append frame 37
01:59.391  render           | Video append frame 38
01:59.422  render           | Video append frame 39
01:59.438  render           | Video append frame 40
01:59.469  render           | Video append frame 41
01:59.485  render           | Video append frame 42
01:59.500  render           | Video append frame 43
01:59.531  render           | Video append frame 44
01:59.547  render           | Video append frame 45
01:59.578  render           | Video append frame 46
01:59.594  render           | Video append frame 47
01:59.610  render           | Video append frame 48
01:59.641  render           | Video append frame 49
01:59.656  render           | Video append frame 50
01:59.688  render           | Video append frame 51
01:59.703  render           | Video append frame 52
01:59.735  render           | Video append frame 53
01:59.750  render           | Video append frame 54
01:59.781  render           | Video append frame 55
01:59.797  render           | Video append frame 56
01:59.813  render           | Video append frame 57
01:59.844  render           | Video append frame 58
01:59.860  render           | Video append frame 59
01:59.875  render           | Video append frame 60
01:59.906  render           | Video append frame 61
01:59.922  render           | Video append frame 62
01:59.938  render           | Video append frame 63
01:59.953  render           | Video append frame 64
01:59.985  render           | Video append frame 65
02:00.016  render           | Video append frame 66
02:00.031  render           | Video append frame 67
02:00.047  render           | Video append frame 68
02:00.063  render           | Video append frame 69
02:00.094  render           | Video append frame 70
02:00.110  render           | Video append frame 71
02:00.125  render           | Video append frame 72
02:00.156  render           | Video append frame 73
02:00.172  render           | Video append frame 74
02:00.203  render           | Video append frame 75
02:00.219  render           | Video append frame 76
02:00.235  render           | Video append frame 77
02:00.266  render           | Video append frame 78
02:00.281  render           | Video append frame 79
02:00.297  render           | Video append frame 80
02:00.313  render           | Video append frame 81
02:00.344  render           | Video append frame 82
02:00.360  render           | Video append frame 83
02:00.375  render           | Video append frame 84
02:00.406  render           | Video append frame 85
02:00.422  render           | Video append frame 86
02:00.453  render           | Video append frame 87
02:00.469  render           | Video append frame 88
02:00.485  render           | Video append frame 89
02:00.516  render           | Video append frame 90
02:00.531  render           | Video append frame 91

FBX export starting... 'C:\\Users\\iputu\\Documents\\Wonder Chess\\exports\\heroes\\wc_u_dragonkin_guardian\\SK_wc_u_dragonkin_guardian.fbx'
export finished in 0.0488 sec.

FBX export starting... 'C:\\Users\\iputu\\Documents\\Wonder Chess\\exports\\heroes\\wc_u_dragonkin_guardian\\SK_wc_u_dragonkin_guardian_LOD1.fbx'
export finished in 0.0691 sec.

FBX export starting... 'C:\\Users\\iputu\\Documents\\Wonder Chess\\exports\\heroes\\wc_u_dragonkin_guardian\\SK_wc_u_dragonkin_guardian_LOD2.fbx'
export finished in 0.0349 sec.
Info: Saved as "wc_u_dragonkin_guardian.blend"
WC_SORA_TEXTURE_LINKS_REPAIRED f0389e1827f6f89e80a13a02de2f898c6d083f2df64ddae0af3d427b18c56eb0
Blender 5.1.1 (hash b70da489d7f4 built 2026-04-14 01:37:22)

Blender quit
