{
  "output": "C:\\Users\\iputu\\Documents\\Wonder Chess\\reports\\WC-U430\\20260907T165700Z-closeout\\provenance.json",
  "sha256": "e8165917ad9cc9381279275497575dc37ecee5b26edb6a8e3b8c8dab2bf9dfca",
  "groups": {
    "authored_arena_source": {
      "files": 1,
      "bytes": 149046
    },
    "calibration_or_audio_provenance": {
      "files": 4,
      "bytes": 204817
    },
    "authored_effects_source": {
      "files": 1,
      "bytes": 93444
    },
    "authored_hero_source": {
      "files": 24,
      "bytes": 14966275
    },
    "authored_lobby_source": {
      "files": 1,
      "bytes": 1066159
    },
    "authored_neutral_source": {
      "files": 7,
      "bytes": 1280393
    },
    "packaged_payload": {
      "files": 31,
      "bytes": 604253493
    },
    "canonical_data": {
      "files": 16,
      "bytes": 303731
    },
    "authored_arena_exports": {
      "files": 99,
      "bytes": 2927550
    },
    "authored_audio": {
      "files": 58,
      "bytes": 2891450
    },
    "authored_effects_exports": {
      "files": 3,
      "bytes": 35472
    },
    "authored_hero_export": {
      "files": 336,
      "bytes": 76112494
    },
    "hero_export_manifest": {
      "files": 24,
      "bytes": 198832
    },
    "authored_lobby_export": {
      "files": 15,
      "bytes": 1547382
    },
    "authored_lobby_exports": {
      "files": 64,
      "bytes": 14826018
    },
    "authored_neutral_export": {
      "files": 89,
      "bytes": 9978072
    },
    "neutral_export_manifest": {
      "files": 7,
      "bytes": 29560
    },
    "built_executable": {
      "files": 1,
      "bytes": 144589312
    },
    "build_receipt": {
      "files": 1,
      "bytes": 104113
    },
    "game_config": {
      "files": 3,
      "bytes": 11175
    },
    "game_content": {
      "files": 579,
      "bytes": 153201803
    },
    "staged_source_data": {
      "files": 13,
      "bytes": 290744
    },
    "compiler_response_file": {
      "files": 11,
      "bytes": 162399
    },
    "game_source": {
      "files": 38,
      "bytes": 665474
    },
    "project_descriptor": {
      "files": 1,
      "bytes": 645
    },
    "generated_data": {
      "files": 6,
      "bytes": 78614
    },
    "packaging_evidence": {
      "files": 2,
      "bytes": 67128
    },
    "authoring_and_build_tools": {
      "files": 118,
      "bytes": 905268
    }
  },
  "input_files_stable_during_capture": true
}
