00:02.250  blend            | Read blend: "C:\Users\iputu\Documents\Wonder Chess\reports\WC-U440\20260906T164928Z-kesh-shoulders\candidate8\candidate.blend"
00:03.594  render           | Saved: 'C:\Users\iputu\Documents\Wonder Chess\reports\WC-U440\20260906T164928Z-kesh-shoulders\candidate8\arm-review\Idle-001.png'
00:03.640  render           | Saved: 'C:\Users\iputu\Documents\Wonder Chess\reports\WC-U440\20260906T164928Z-kesh-shoulders\candidate8\arm-review\Idle-030.png'
00:03.672  render           | Saved: 'C:\Users\iputu\Documents\Wonder Chess\reports\WC-U440\20260906T164928Z-kesh-shoulders\candidate8\arm-review\Idle-060.png'
00:03.719  render           | Saved: 'C:\Users\iputu\Documents\Wonder Chess\reports\WC-U440\20260906T164928Z-kesh-shoulders\candidate8\arm-review\Idle-090.png'
00:03.750  render           | Saved: 'C:\Users\iputu\Documents\Wonder Chess\reports\WC-U440\20260906T164928Z-kesh-shoulders\candidate8\arm-review\Idle-121.png'
00:04.156  render           | Saved: 'C:\Users\iputu\Documents\Wonder Chess\reports\WC-U440\20260906T164928Z-kesh-shoulders\candidate8\arm-review\Move-001.png'
00:04.187  render           | Saved: 'C:\Users\iputu\Documents\Wonder Chess\reports\WC-U440\20260906T164928Z-kesh-shoulders\candidate8\arm-review\Move-015.png'
00:04.219  render           | Saved: 'C:\Users\iputu\Documents\Wonder Chess\reports\WC-U440\20260906T164928Z-kesh-shoulders\candidate8\arm-review\Move-030.png'
00:04.250  render           | Saved: 'C:\Users\iputu\Documents\Wonder Chess\reports\WC-U440\20260906T164928Z-kesh-shoulders\candidate8\arm-review\Move-045.png'
00:04.297  render           | Saved: 'C:\Users\iputu\Documents\Wonder Chess\reports\WC-U440\20260906T164928Z-kesh-shoulders\candidate8\arm-review\Move-061.png'
00:04.594  render           | Saved: 'C:\Users\iputu\Documents\Wonder Chess\reports\WC-U440\20260906T164928Z-kesh-shoulders\candidate8\arm-review\Attack-001.png'
00:04.625  render           | Saved: 'C:\Users\iputu\Documents\Wonder Chess\reports\WC-U440\20260906T164928Z-kesh-shoulders\candidate8\arm-review\Attack-016.png'
00:04.672  render           | Saved: 'C:\Users\iputu\Documents\Wonder Chess\reports\WC-U440\20260906T164928Z-kesh-shoulders\candidate8\arm-review\Attack-020.png'
00:04.703  render           | Saved: 'C:\Users\iputu\Documents\Wonder Chess\reports\WC-U440\20260906T164928Z-kesh-shoulders\candidate8\arm-review\Attack-030.png'
00:04.734  render           | Saved: 'C:\Users\iputu\Documents\Wonder Chess\reports\WC-U440\20260906T164928Z-kesh-shoulders\candidate8\arm-review\Attack-040.png'
00:04.969  render           | Saved: 'C:\Users\iputu\Documents\Wonder Chess\reports\WC-U440\20260906T164928Z-kesh-shoulders\candidate8\arm-review\Active-001.png'
00:05.000  render           | Saved: 'C:\Users\iputu\Documents\Wonder Chess\reports\WC-U440\20260906T164928Z-kesh-shoulders\candidate8\arm-review\Active-013.png'
00:05.031  render           | Saved: 'C:\Users\iputu\Documents\Wonder Chess\reports\WC-U440\20260906T164928Z-kesh-shoulders\candidate8\arm-review\Active-015.png'
00:05.078  render           | Saved: 'C:\Users\iputu\Documents\Wonder Chess\reports\WC-U440\20260906T164928Z-kesh-shoulders\candidate8\arm-review\Active-023.png'
00:05.109  render           | Saved: 'C:\Users\iputu\Documents\Wonder Chess\reports\WC-U440\20260906T164928Z-kesh-shoulders\candidate8\arm-review\Active-031.png'
00:05.297  render           | Saved: 'C:\Users\iputu\Documents\Wonder Chess\reports\WC-U440\20260906T164928Z-kesh-shoulders\candidate8\arm-review\Hit-001.png'
00:05.328  render           | Saved: 'C:\Users\iputu\Documents\Wonder Chess\reports\WC-U440\20260906T164928Z-kesh-shoulders\candidate8\arm-review\Hit-006.png'
00:05.375  render           | Saved: 'C:\Users\iputu\Documents\Wonder Chess\reports\WC-U440\20260906T164928Z-kesh-shoulders\candidate8\arm-review\Hit-012.png'
00:05.422  render           | Saved: 'C:\Users\iputu\Documents\Wonder Chess\reports\WC-U440\20260906T164928Z-kesh-shoulders\candidate8\arm-review\Hit-018.png'
00:05.453  render           | Saved: 'C:\Users\iputu\Documents\Wonder Chess\reports\WC-U440\20260906T164928Z-kesh-shoulders\candidate8\arm-review\Hit-025.png'
00:05.828  render           | Saved: 'C:\Users\iputu\Documents\Wonder Chess\reports\WC-U440\20260906T164928Z-kesh-shoulders\candidate8\arm-review\Defeat-001.png'
00:05.859  render           | Saved: 'C:\Users\iputu\Documents\Wonder Chess\reports\WC-U440\20260906T164928Z-kesh-shoulders\candidate8\arm-review\Defeat-015.png'
00:05.906  render           | Saved: 'C:\Users\iputu\Documents\Wonder Chess\reports\WC-U440\20260906T164928Z-kesh-shoulders\candidate8\arm-review\Defeat-030.png'
00:05.953  render           | Saved: 'C:\Users\iputu\Documents\Wonder Chess\reports\WC-U440\20260906T164928Z-kesh-shoulders\candidate8\arm-review\Defeat-045.png'
00:05.984  render           | Saved: 'C:\Users\iputu\Documents\Wonder Chess\reports\WC-U440\20260906T164928Z-kesh-shoulders\candidate8\arm-review\Defeat-061.png'
00:06.594  render           | Saved: 'C:\Users\iputu\Documents\Wonder Chess\reports\WC-U440\20260906T164928Z-kesh-shoulders\candidate8\arm-review\Victory-001.png'
00:06.640  render           | Saved: 'C:\Users\iputu\Documents\Wonder Chess\reports\WC-U440\20260906T164928Z-kesh-shoulders\candidate8\arm-review\Victory-022.png'
00:06.672  render           | Saved: 'C:\Users\iputu\Documents\Wonder Chess\reports\WC-U440\20260906T164928Z-kesh-shoulders\candidate8\arm-review\Victory-045.png'
00:06.719  render           | Saved: 'C:\Users\iputu\Documents\Wonder Chess\reports\WC-U440\20260906T164928Z-kesh-shoulders\candidate8\arm-review\Victory-068.png'
00:06.765  render           | Saved: 'C:\Users\iputu\Documents\Wonder Chess\reports\WC-U440\20260906T164928Z-kesh-shoulders\candidate8\arm-review\Victory-091.png'
WC_ELF_CANDIDATE_DEFORMATION_RENDERED wc_u_orc_rogue
Blender 5.1.1 (hash b70da489d7f4 built 2026-04-14 01:37:22)

Blender quit
