Using bundled DotNet SDK version: 8.0.412 win-x64
Running UnrealBuildTool: dotnet "..\..\Engine\Binaries\DotNET\UnrealBuildTool\UnrealBuildTool.dll" WonderChessEditor Win64 Development "C:\Users\iputu\Documents\Wonder Chess/game/WonderChess.uproject" -WaitMutex -NoHotReloadFromIDE
Log file: C:\Users\iputu\AppData\Local\UnrealBuildTool\Log.txt
Using 'git status' to determine working set for adaptive non-unity build (C:\Users\iputu\Documents\Wonder Chess).
Invalidating makefile for WonderChessEditor (working set of source files changed)
UHT compiled-in object format Default
Parsing headers for WonderChessEditor
  Running Internal UnrealHeaderTool "C:\Users\iputu\Documents\Wonder Chess\game\WonderChess.uproject" "C:\Users\iputu\Documents\Wonder Chess\game\Intermediate\Build\Win64\WonderChessEditor\Development\WonderChessEditor.uhtmanifest" -WarningsAsErrors -installed
UHT processed WonderChessEditor in 9.6088767 seconds (0 files written)
Building WonderChessEditor...
Using Visual Studio 2022 14.44.35226 toolchain (C:\Program Files\Microsoft Visual Studio\2022\Community\VC\Tools\MSVC\14.44.35207) and Windows 10.0.22621.0 SDK (C:\Program Files (x86)\Windows Kits\10).
[Adaptive Build] Excluded from WonderChessRuntime unity file: WCFrontEnd.cpp, WCFrontEndAudit.cpp, WCMatchHUD.cpp, WCMatchRuntime.cpp, WCVerification.cpp
Determining max actions to execute in parallel (8 physical cores, 16 logical cores)
  Executing up to 8 processes, one per physical core
  Requested 1.5 GB memory per action, 1.37 GB available: limiting max parallel actions to 1
Using Unreal Build Accelerator local executor to run 12 action(s)
  Storage capacity 40Gb
---- Starting trace: 260906_233059 ----
UbaServer - Listening on 0.0.0.0:1345
[1/12] Compile [x64] Module.WonderChessRuntime.gen.cpp
[2/12] Compile [x64] WCBoardPresenter.cpp
[3/12] Compile [x64] WCFrontEnd.cpp
[4/12] Compile [x64] WCFrontEndAudit.cpp
[5/12] Compile [x64] WCFrontEndScene.cpp
[6/12] Compile [x64] WCMatchHUD.cpp
[7/12] Compile [x64] WCMatchRuntime.cpp
[8/12] Compile [x64] WCNetworkSession.cpp
[9/12] Compile [x64] WCVerification.cpp
[10/12] Link [x64] UnrealEditor-WonderChessRuntime.dll
[11/12] Link [x64] UnrealEditor-WonderChessRuntime.lib
[12/12] WriteMetadata WonderChessEditor.target [NoUba]

Trace written to file C:/Users/iputu/AppData/Local/UnrealBuildTool/Log.uba with size 13.2kb
Total time in Unreal Build Accelerator local executor: 89.85 seconds

Result: Succeeded
Total execution time: 111.56 seconds
