00:02.547  blend            | Read blend: "C:\Users\iputu\Documents\Wonder Chess\art-source\asset-studio\wc_u_human_guardian\stages\body-costume\BW6\backplate\ada_bw6_backplate_checkpoint_REVIEW.blend"
00:05.203  render           | Saved: 'C:\Users\iputu\Documents\Wonder Chess\art-source\asset-studio\wc_u_human_guardian\stages\body-costume\BW6\backplate\motion\frames\frame_0001.png'
00:06.234  render           | Saved: 'C:\Users\iputu\Documents\Wonder Chess\art-source\asset-studio\wc_u_human_guardian\stages\body-costume\BW6\backplate\motion\frames\frame_0002.png'
00:07.328  render           | Saved: 'C:\Users\iputu\Documents\Wonder Chess\art-source\asset-studio\wc_u_human_guardian\stages\body-costume\BW6\backplate\motion\frames\frame_0003.png'
00:08.422  render           | Saved: 'C:\Users\iputu\Documents\Wonder Chess\art-source\asset-studio\wc_u_human_guardian\stages\body-costume\BW6\backplate\motion\frames\frame_0004.png'
00:09.500  render           | Saved: 'C:\Users\iputu\Documents\Wonder Chess\art-source\asset-studio\wc_u_human_guardian\stages\body-costume\BW6\backplate\motion\frames\frame_0005.png'
00:10.625  render           | Saved: 'C:\Users\iputu\Documents\Wonder Chess\art-source\asset-studio\wc_u_human_guardian\stages\body-costume\BW6\backplate\motion\frames\frame_0006.png'
00:11.719  render           | Saved: 'C:\Users\iputu\Documents\Wonder Chess\art-source\asset-studio\wc_u_human_guardian\stages\body-costume\BW6\backplate\motion\frames\frame_0007.png'
00:12.734  render           | Saved: 'C:\Users\iputu\Documents\Wonder Chess\art-source\asset-studio\wc_u_human_guardian\stages\body-costume\BW6\backplate\motion\frames\frame_0008.png'
00:13.828  render           | Saved: 'C:\Users\iputu\Documents\Wonder Chess\art-source\asset-studio\wc_u_human_guardian\stages\body-costume\BW6\backplate\motion\frames\frame_0009.png'
00:15.016  render           | Saved: 'C:\Users\iputu\Documents\Wonder Chess\art-source\asset-studio\wc_u_human_guardian\stages\body-costume\BW6\backplate\motion\frames\frame_0010.png'
00:16.047  render           | Saved: 'C:\Users\iputu\Documents\Wonder Chess\art-source\asset-studio\wc_u_human_guardian\stages\body-costume\BW6\backplate\motion\frames\frame_0011.png'
00:17.234  render           | Saved: 'C:\Users\iputu\Documents\Wonder Chess\art-source\asset-studio\wc_u_human_guardian\stages\body-costume\BW6\backplate\motion\frames\frame_0012.png'
00:18.484  render           | Saved: 'C:\Users\iputu\Documents\Wonder Chess\art-source\asset-studio\wc_u_human_guardian\stages\body-costume\BW6\backplate\motion\frames\frame_0013.png'
00:19.703  render           | Saved: 'C:\Users\iputu\Documents\Wonder Chess\art-source\asset-studio\wc_u_human_guardian\stages\body-costume\BW6\backplate\motion\frames\frame_0014.png'
00:20.859  render           | Saved: 'C:\Users\iputu\Documents\Wonder Chess\art-source\asset-studio\wc_u_human_guardian\stages\body-costume\BW6\backplate\motion\frames\frame_0015.png'
00:21.875  render           | Saved: 'C:\Users\iputu\Documents\Wonder Chess\art-source\asset-studio\wc_u_human_guardian\stages\body-costume\BW6\backplate\motion\frames\frame_0016.png'
00:23.000  render           | Saved: 'C:\Users\iputu\Documents\Wonder Chess\art-source\asset-studio\wc_u_human_guardian\stages\body-costume\BW6\backplate\motion\frames\frame_0017.png'
00:24.234  render           | Saved: 'C:\Users\iputu\Documents\Wonder Chess\art-source\asset-studio\wc_u_human_guardian\stages\body-costume\BW6\backplate\motion\frames\frame_0018.png'
00:25.344  render           | Saved: 'C:\Users\iputu\Documents\Wonder Chess\art-source\asset-studio\wc_u_human_guardian\stages\body-costume\BW6\backplate\motion\frames\frame_0019.png'
00:26.625  render           | Saved: 'C:\Users\iputu\Documents\Wonder Chess\art-source\asset-studio\wc_u_human_guardian\stages\body-costume\BW6\backplate\motion\frames\frame_0020.png'
00:27.797  render           | Saved: 'C:\Users\iputu\Documents\Wonder Chess\art-source\asset-studio\wc_u_human_guardian\stages\body-costume\BW6\backplate\motion\frames\frame_0021.png'
00:28.828  render           | Saved: 'C:\Users\iputu\Documents\Wonder Chess\art-source\asset-studio\wc_u_human_guardian\stages\body-costume\BW6\backplate\motion\frames\frame_0022.png'
00:29.969  render           | Saved: 'C:\Users\iputu\Documents\Wonder Chess\art-source\asset-studio\wc_u_human_guardian\stages\body-costume\BW6\backplate\motion\frames\frame_0023.png'
00:31.109  render           | Saved: 'C:\Users\iputu\Documents\Wonder Chess\art-source\asset-studio\wc_u_human_guardian\stages\body-costume\BW6\backplate\motion\frames\frame_0024.png'
00:32.219  render           | Saved: 'C:\Users\iputu\Documents\Wonder Chess\art-source\asset-studio\wc_u_human_guardian\stages\body-costume\BW6\backplate\motion\frames\frame_0025.png'
00:33.313  render           | Saved: 'C:\Users\iputu\Documents\Wonder Chess\art-source\asset-studio\wc_u_human_guardian\stages\body-costume\BW6\backplate\motion\frames\frame_0026.png'
00:34.469  render           | Saved: 'C:\Users\iputu\Documents\Wonder Chess\art-source\asset-studio\wc_u_human_guardian\stages\body-costume\BW6\backplate\motion\frames\frame_0027.png'
00:35.500  render           | Saved: 'C:\Users\iputu\Documents\Wonder Chess\art-source\asset-studio\wc_u_human_guardian\stages\body-costume\BW6\backplate\motion\frames\frame_0028.png'
00:36.625  render           | Saved: 'C:\Users\iputu\Documents\Wonder Chess\art-source\asset-studio\wc_u_human_guardian\stages\body-costume\BW6\backplate\motion\frames\frame_0029.png'
00:37.750  render           | Saved: 'C:\Users\iputu\Documents\Wonder Chess\art-source\asset-studio\wc_u_human_guardian\stages\body-costume\BW6\backplate\motion\frames\frame_0030.png'
00:38.828  render           | Saved: 'C:\Users\iputu\Documents\Wonder Chess\art-source\asset-studio\wc_u_human_guardian\stages\body-costume\BW6\backplate\motion\frames\frame_0031.png'
00:39.969  render           | Saved: 'C:\Users\iputu\Documents\Wonder Chess\art-source\asset-studio\wc_u_human_guardian\stages\body-costume\BW6\backplate\motion\frames\frame_0032.png'
00:41.219  render           | Saved: 'C:\Users\iputu\Documents\Wonder Chess\art-source\asset-studio\wc_u_human_guardian\stages\body-costume\BW6\backplate\motion\frames\frame_0033.png'
00:42.328  render           | Saved: 'C:\Users\iputu\Documents\Wonder Chess\art-source\asset-studio\wc_u_human_guardian\stages\body-costume\BW6\backplate\motion\frames\frame_0034.png'
00:43.500  render           | Saved: 'C:\Users\iputu\Documents\Wonder Chess\art-source\asset-studio\wc_u_human_guardian\stages\body-costume\BW6\backplate\motion\frames\frame_0035.png'
00:44.609  render           | Saved: 'C:\Users\iputu\Documents\Wonder Chess\art-source\asset-studio\wc_u_human_guardian\stages\body-costume\BW6\backplate\motion\frames\frame_0036.png'
00:45.859  render           | Saved: 'C:\Users\iputu\Documents\Wonder Chess\art-source\asset-studio\wc_u_human_guardian\stages\body-costume\BW6\backplate\motion\frames\frame_0037.png'
00:47.047  render           | Saved: 'C:\Users\iputu\Documents\Wonder Chess\art-source\asset-studio\wc_u_human_guardian\stages\body-costume\BW6\backplate\motion\frames\frame_0038.png'
00:48.250  render           | Saved: 'C:\Users\iputu\Documents\Wonder Chess\art-source\asset-studio\wc_u_human_guardian\stages\body-costume\BW6\backplate\motion\frames\frame_0039.png'
00:49.594  render           | Saved: 'C:\Users\iputu\Documents\Wonder Chess\art-source\asset-studio\wc_u_human_guardian\stages\body-costume\BW6\backplate\motion\frames\frame_0040.png'
00:50.875  render           | Saved: 'C:\Users\iputu\Documents\Wonder Chess\art-source\asset-studio\wc_u_human_guardian\stages\body-costume\BW6\backplate\motion\frames\frame_0041.png'
00:52.188  render           | Saved: 'C:\Users\iputu\Documents\Wonder Chess\art-source\asset-studio\wc_u_human_guardian\stages\body-costume\BW6\backplate\motion\frames\frame_0042.png'
00:53.484  render           | Saved: 'C:\Users\iputu\Documents\Wonder Chess\art-source\asset-studio\wc_u_human_guardian\stages\body-costume\BW6\backplate\motion\frames\frame_0043.png'
00:55.078  render           | Saved: 'C:\Users\iputu\Documents\Wonder Chess\art-source\asset-studio\wc_u_human_guardian\stages\body-costume\BW6\backplate\motion\frames\frame_0044.png'
00:56.500  render           | Saved: 'C:\Users\iputu\Documents\Wonder Chess\art-source\asset-studio\wc_u_human_guardian\stages\body-costume\BW6\backplate\motion\frames\frame_0045.png'
00:57.922  render           | Saved: 'C:\Users\iputu\Documents\Wonder Chess\art-source\asset-studio\wc_u_human_guardian\stages\body-costume\BW6\backplate\motion\frames\frame_0046.png'
00:59.328  render           | Saved: 'C:\Users\iputu\Documents\Wonder Chess\art-source\asset-studio\wc_u_human_guardian\stages\body-costume\BW6\backplate\motion\frames\frame_0047.png'
01:00.766  render           | Saved: 'C:\Users\iputu\Documents\Wonder Chess\art-source\asset-studio\wc_u_human_guardian\stages\body-costume\BW6\backplate\motion\frames\frame_0048.png'
01:02.422  render           | Saved: 'C:\Users\iputu\Documents\Wonder Chess\art-source\asset-studio\wc_u_human_guardian\stages\body-costume\BW6\backplate\motion\frames\frame_0049.png'
01:04.719  render           | Saved: 'C:\Users\iputu\Documents\Wonder Chess\art-source\asset-studio\wc_u_human_guardian\stages\body-costume\BW6\backplate\motion\frames\frame_0050.png'
01:06.375  render           | Saved: 'C:\Users\iputu\Documents\Wonder Chess\art-source\asset-studio\wc_u_human_guardian\stages\body-costume\BW6\backplate\motion\frames\frame_0051.png'
01:07.656  render           | Saved: 'C:\Users\iputu\Documents\Wonder Chess\art-source\asset-studio\wc_u_human_guardian\stages\body-costume\BW6\backplate\motion\frames\frame_0052.png'
01:09.109  render           | Saved: 'C:\Users\iputu\Documents\Wonder Chess\art-source\asset-studio\wc_u_human_guardian\stages\body-costume\BW6\backplate\motion\frames\frame_0053.png'
01:10.453  render           | Saved: 'C:\Users\iputu\Documents\Wonder Chess\art-source\asset-studio\wc_u_human_guardian\stages\body-costume\BW6\backplate\motion\frames\frame_0054.png'
01:11.672  render           | Saved: 'C:\Users\iputu\Documents\Wonder Chess\art-source\asset-studio\wc_u_human_guardian\stages\body-costume\BW6\backplate\motion\frames\frame_0055.png'
01:12.859  render           | Saved: 'C:\Users\iputu\Documents\Wonder Chess\art-source\asset-studio\wc_u_human_guardian\stages\body-costume\BW6\backplate\motion\frames\frame_0056.png'
01:14.078  render           | Saved: 'C:\Users\iputu\Documents\Wonder Chess\art-source\asset-studio\wc_u_human_guardian\stages\body-costume\BW6\backplate\motion\frames\frame_0057.png'
01:15.500  render           | Saved: 'C:\Users\iputu\Documents\Wonder Chess\art-source\asset-studio\wc_u_human_guardian\stages\body-costume\BW6\backplate\motion\frames\frame_0058.png'
01:16.922  render           | Saved: 'C:\Users\iputu\Documents\Wonder Chess\art-source\asset-studio\wc_u_human_guardian\stages\body-costume\BW6\backplate\motion\frames\frame_0059.png'
01:18.313  render           | Saved: 'C:\Users\iputu\Documents\Wonder Chess\art-source\asset-studio\wc_u_human_guardian\stages\body-costume\BW6\backplate\motion\frames\frame_0060.png'
01:19.734  render           | Saved: 'C:\Users\iputu\Documents\Wonder Chess\art-source\asset-studio\wc_u_human_guardian\stages\body-costume\BW6\backplate\motion\frames\frame_0061.png'
01:21.266  render           | Saved: 'C:\Users\iputu\Documents\Wonder Chess\art-source\asset-studio\wc_u_human_guardian\stages\body-costume\BW6\backplate\motion\frames\frame_0062.png'
01:22.719  render           | Saved: 'C:\Users\iputu\Documents\Wonder Chess\art-source\asset-studio\wc_u_human_guardian\stages\body-costume\BW6\backplate\motion\frames\frame_0063.png'
01:24.000  render           | Saved: 'C:\Users\iputu\Documents\Wonder Chess\art-source\asset-studio\wc_u_human_guardian\stages\body-costume\BW6\backplate\motion\frames\frame_0064.png'
01:25.234  render           | Saved: 'C:\Users\iputu\Documents\Wonder Chess\art-source\asset-studio\wc_u_human_guardian\stages\body-costume\BW6\backplate\motion\frames\frame_0065.png'
01:26.422  render           | Saved: 'C:\Users\iputu\Documents\Wonder Chess\art-source\asset-studio\wc_u_human_guardian\stages\body-costume\BW6\backplate\motion\frames\frame_0066.png'
01:27.703  render           | Saved: 'C:\Users\iputu\Documents\Wonder Chess\art-source\asset-studio\wc_u_human_guardian\stages\body-costume\BW6\backplate\motion\frames\frame_0067.png'
01:28.781  render           | Saved: 'C:\Users\iputu\Documents\Wonder Chess\art-source\asset-studio\wc_u_human_guardian\stages\body-costume\BW6\backplate\motion\frames\frame_0068.png'
01:30.031  render           | Saved: 'C:\Users\iputu\Documents\Wonder Chess\art-source\asset-studio\wc_u_human_guardian\stages\body-costume\BW6\backplate\motion\frames\frame_0069.png'
01:31.422  render           | Saved: 'C:\Users\iputu\Documents\Wonder Chess\art-source\asset-studio\wc_u_human_guardian\stages\body-costume\BW6\backplate\motion\frames\frame_0070.png'
01:32.938  render           | Saved: 'C:\Users\iputu\Documents\Wonder Chess\art-source\asset-studio\wc_u_human_guardian\stages\body-costume\BW6\backplate\motion\frames\frame_0071.png'
01:34.359  render           | Saved: 'C:\Users\iputu\Documents\Wonder Chess\art-source\asset-studio\wc_u_human_guardian\stages\body-costume\BW6\backplate\motion\frames\frame_0072.png'
01:35.797  render           | Saved: 'C:\Users\iputu\Documents\Wonder Chess\art-source\asset-studio\wc_u_human_guardian\stages\body-costume\BW6\backplate\motion\frames\frame_0073.png'
01:37.188  render           | Saved: 'C:\Users\iputu\Documents\Wonder Chess\art-source\asset-studio\wc_u_human_guardian\stages\body-costume\BW6\backplate\motion\frames\frame_0074.png'
01:38.609  render           | Saved: 'C:\Users\iputu\Documents\Wonder Chess\art-source\asset-studio\wc_u_human_guardian\stages\body-costume\BW6\backplate\motion\frames\frame_0075.png'
01:39.781  render           | Saved: 'C:\Users\iputu\Documents\Wonder Chess\art-source\asset-studio\wc_u_human_guardian\stages\body-costume\BW6\backplate\motion\frames\frame_0076.png'
01:41.047  render           | Saved: 'C:\Users\iputu\Documents\Wonder Chess\art-source\asset-studio\wc_u_human_guardian\stages\body-costume\BW6\backplate\motion\frames\frame_0077.png'
01:42.188  render           | Saved: 'C:\Users\iputu\Documents\Wonder Chess\art-source\asset-studio\wc_u_human_guardian\stages\body-costume\BW6\backplate\motion\frames\frame_0078.png'
01:43.406  render           | Saved: 'C:\Users\iputu\Documents\Wonder Chess\art-source\asset-studio\wc_u_human_guardian\stages\body-costume\BW6\backplate\motion\frames\frame_0079.png'
01:44.781  render           | Saved: 'C:\Users\iputu\Documents\Wonder Chess\art-source\asset-studio\wc_u_human_guardian\stages\body-costume\BW6\backplate\motion\frames\frame_0080.png'
01:46.000  render           | Saved: 'C:\Users\iputu\Documents\Wonder Chess\art-source\asset-studio\wc_u_human_guardian\stages\body-costume\BW6\backplate\motion\frames\frame_0081.png'
01:47.266  render           | Saved: 'C:\Users\iputu\Documents\Wonder Chess\art-source\asset-studio\wc_u_human_guardian\stages\body-costume\BW6\backplate\motion\frames\frame_0082.png'
01:48.453  render           | Saved: 'C:\Users\iputu\Documents\Wonder Chess\art-source\asset-studio\wc_u_human_guardian\stages\body-costume\BW6\backplate\motion\frames\frame_0083.png'
01:49.609  render           | Saved: 'C:\Users\iputu\Documents\Wonder Chess\art-source\asset-studio\wc_u_human_guardian\stages\body-costume\BW6\backplate\motion\frames\frame_0084.png'
01:50.766  render           | Saved: 'C:\Users\iputu\Documents\Wonder Chess\art-source\asset-studio\wc_u_human_guardian\stages\body-costume\BW6\backplate\motion\frames\frame_0085.png'
01:51.766  render           | Saved: 'C:\Users\iputu\Documents\Wonder Chess\art-source\asset-studio\wc_u_human_guardian\stages\body-costume\BW6\backplate\motion\frames\frame_0086.png'
01:52.844  render           | Saved: 'C:\Users\iputu\Documents\Wonder Chess\art-source\asset-studio\wc_u_human_guardian\stages\body-costume\BW6\backplate\motion\frames\frame_0087.png'
01:53.953  render           | Saved: 'C:\Users\iputu\Documents\Wonder Chess\art-source\asset-studio\wc_u_human_guardian\stages\body-costume\BW6\backplate\motion\frames\frame_0088.png'
01:55.094  render           | Saved: 'C:\Users\iputu\Documents\Wonder Chess\art-source\asset-studio\wc_u_human_guardian\stages\body-costume\BW6\backplate\motion\frames\frame_0089.png'
01:56.203  render           | Saved: 'C:\Users\iputu\Documents\Wonder Chess\art-source\asset-studio\wc_u_human_guardian\stages\body-costume\BW6\backplate\motion\frames\frame_0090.png'
01:57.406  render           | Saved: 'C:\Users\iputu\Documents\Wonder Chess\art-source\asset-studio\wc_u_human_guardian\stages\body-costume\BW6\backplate\motion\frames\frame_0091.png'
01:58.719  render           | Saved: 'C:\Users\iputu\Documents\Wonder Chess\art-source\asset-studio\wc_u_human_guardian\stages\body-costume\BW6\backplate\motion\frames\frame_0092.png'
01:59.844  render           | Saved: 'C:\Users\iputu\Documents\Wonder Chess\art-source\asset-studio\wc_u_human_guardian\stages\body-costume\BW6\backplate\motion\frames\frame_0093.png'
02:00.891  render           | Saved: 'C:\Users\iputu\Documents\Wonder Chess\art-source\asset-studio\wc_u_human_guardian\stages\body-costume\BW6\backplate\motion\frames\frame_0094.png'
02:02.109  render           | Saved: 'C:\Users\iputu\Documents\Wonder Chess\art-source\asset-studio\wc_u_human_guardian\stages\body-costume\BW6\backplate\motion\frames\frame_0095.png'
02:03.141  render           | Saved: 'C:\Users\iputu\Documents\Wonder Chess\art-source\asset-studio\wc_u_human_guardian\stages\body-costume\BW6\backplate\motion\frames\frame_0096.png'
02:04.297  render           | Saved: 'C:\Users\iputu\Documents\Wonder Chess\art-source\asset-studio\wc_u_human_guardian\stages\body-costume\BW6\backplate\motion\frames\frame_0097.png'
02:04.484  render           | Video append frame 1
02:04.500  render           | Video append frame 2
02:04.516  render           | Video append frame 3
02:04.531  render           | Video append frame 4
02:04.547  render           | Video append frame 5
02:04.563  render           | Video append frame 6
02:04.578  render           | Video append frame 7
02:04.594  render           | Video append frame 8
02:04.609  render           | Video append frame 9
02:04.625  render           | Video append frame 10
02:04.641  render           | Video append frame 11
02:04.656  render           | Video append frame 12
02:04.672  render           | Video append frame 13
02:04.688  render           | Video append frame 14
02:04.703  render           | Video append frame 15
02:04.719  render           | Video append frame 16
02:04.719  render           | Video append frame 17
02:04.734  render           | Video append frame 18
02:04.766  render           | Video append frame 19
02:04.781  render           | Video append frame 20
02:04.797  render           | Video append frame 21
02:04.813  render           | Video append frame 22
02:04.828  render           | Video append frame 23
02:04.844  render           | Video append frame 24
02:04.859  render           | Video append frame 25
02:04.875  render           | Video append frame 26
02:04.891  render           | Video append frame 27
02:04.906  render           | Video append frame 28
02:04.922  render           | Video append frame 29
02:04.938  render           | Video append frame 30
02:04.953  render           | Video append frame 31
02:04.969  render           | Video append frame 32
02:04.984  render           | Video append frame 33
02:05.000  render           | Video append frame 34
02:05.016  render           | Video append frame 35
02:05.031  render           | Video append frame 36
02:05.047  render           | Video append frame 37
02:05.063  render           | Video append frame 38
02:05.078  render           | Video append frame 39
02:05.094  render           | Video append frame 40
02:05.109  render           | Video append frame 41
02:05.125  render           | Video append frame 42
02:05.156  render           | Video append frame 43
02:05.172  render           | Video append frame 44
02:05.188  render           | Video append frame 45
02:05.203  render           | Video append frame 46
02:05.219  render           | Video append frame 47
02:05.234  render           | Video append frame 48
02:05.250  render           | Video append frame 49
02:05.266  render           | Video append frame 50
02:05.281  render           | Video append frame 51
02:05.297  render           | Video append frame 52
02:05.313  render           | Video append frame 53
02:05.328  render           | Video append frame 54
02:05.344  render           | Video append frame 55
02:05.359  render           | Video append frame 56
02:05.375  render           | Video append frame 57
02:05.406  render           | Video append frame 58
02:05.453  render           | Video append frame 59
02:05.484  render           | Video append frame 60
02:05.500  render           | Video append frame 61
02:05.516  render           | Video append frame 62
02:05.531  render           | Video append frame 63
02:05.547  render           | Video append frame 64
02:05.563  render           | Video append frame 65
02:05.578  render           | Video append frame 66
02:05.594  render           | Video append frame 67
02:05.609  render           | Video append frame 68
02:05.625  render           | Video append frame 69
02:05.641  render           | Video append frame 70
02:05.656  render           | Video append frame 71
02:05.672  render           | Video append frame 72
02:05.688  render           | Video append frame 73
02:05.703  render           | Video append frame 74
02:05.719  render           | Video append frame 75
02:05.734  render           | Video append frame 76
02:05.750  render           | Video append frame 77
02:05.766  render           | Video append frame 78
02:05.781  render           | Video append frame 79
02:05.797  render           | Video append frame 80
02:05.813  render           | Video append frame 81
02:05.828  render           | Video append frame 82
02:05.844  render           | Video append frame 83
02:05.859  render           | Video append frame 84
02:05.875  render           | Video append frame 85
02:05.891  render           | Video append frame 86
02:05.906  render           | Video append frame 87
02:05.922  render           | Video append frame 88
02:05.938  render           | Video append frame 89
02:05.953  render           | Video append frame 90
02:05.969  render           | Video append frame 91
02:05.984  render           | Video append frame 92
02:06.000  render           | Video append frame 93
02:06.016  render           | Video append frame 94
02:06.031  render           | Video append frame 95
02:06.063  render           | Video append frame 96
02:06.078  render           | Video append frame 97
C:\Users\iputu\Documents\Wonder Chess\art-source\asset-studio\wc_u_human_guardian\stages\body-costume\BW6\backplate\operations\08_motion_and_append_check.py:16: DeprecationWarning: 'MovieStrip.frame_duration' is expected to be removed in Blender 6.0
  assert st.frame_duration==97 and [st.elements[0].orig_width,st.elements[0].orig_height]==[800,800]
02:06.891  render           | Saved: 'C:\Users\iputu\Documents\Wonder Chess\art-source\asset-studio\wc_u_human_guardian\stages\body-costume\BW6\backplate\motion\decoded\frame_0001.png'
02:06.938  render           | Saved: 'C:\Users\iputu\Documents\Wonder Chess\art-source\asset-studio\wc_u_human_guardian\stages\body-costume\BW6\backplate\motion\decoded\frame_0025.png'
02:06.984  render           | Saved: 'C:\Users\iputu\Documents\Wonder Chess\art-source\asset-studio\wc_u_human_guardian\stages\body-costume\BW6\backplate\motion\decoded\frame_0049.png'
02:07.063  render           | Saved: 'C:\Users\iputu\Documents\Wonder Chess\art-source\asset-studio\wc_u_human_guardian\stages\body-costume\BW6\backplate\motion\decoded\frame_0073.png'
02:07.094  render           | Saved: 'C:\Users\iputu\Documents\Wonder Chess\art-source\asset-studio\wc_u_human_guardian\stages\body-costume\BW6\backplate\motion\decoded\frame_0097.png'
02:07.313  blend            | Read blend: "C:\Users\iputu\Documents\Wonder Chess\art-source\asset-studio\wc_u_human_guardian\stages\body-costume\BW6\armor\ada_bw6_torso_recut_neck.blend"
BACKPLATE_MOTION_AND_APPEND_CHECK_OK
Blender 5.1.1 (hash b70da489d7f4 built 2026-04-14 01:37:22)

Blender quit
