00:02.359  blend            | Read blend: "C:\Users\iputu\Documents\Wonder Chess\art-source\asset-studio\wc_u_human_guardian\stages\body-costume\BW3\r001\thumb_route_A_initial.blend"
SAMPLE BW3_Derived_Glove 1 crossings 0 {} min_vertex_mm 0.48907378272059104 deep_triangle False
SAMPLE BW3_Derived_Glove 2 crossings 0 {} min_vertex_mm 0.48907378272059104 deep_triangle False
SAMPLE BW3_Derived_Glove 3 crossings 0 {} min_vertex_mm 0.48907378272059104 deep_triangle False
SAMPLE BW3_Derived_Glove 4 crossings 0 {} min_vertex_mm 0.48907378272059104 deep_triangle False
SAMPLE BW3_Derived_Glove 5 crossings 0 {} min_vertex_mm 0.48907378272059104 deep_triangle False
SAMPLE BW3_Derived_Glove 6 crossings 0 {} min_vertex_mm 0.48907378272059104 deep_triangle False
SAMPLE BW3_Derived_Glove 7 crossings 0 {} min_vertex_mm 0.48907378272059104 deep_triangle False
SAMPLE BW3_Derived_Glove 8 crossings 0 {} min_vertex_mm 0.48907378272059104 deep_triangle False
SAMPLE BW3_Derived_Glove 9 crossings 0 {} min_vertex_mm 0.48907378272059104 deep_triangle False
SAMPLE BW3_Derived_Glove 10 crossings 0 {} min_vertex_mm 0.48907378272059104 deep_triangle False
SAMPLE BW3_Derived_Glove 11 crossings 0 {} min_vertex_mm 0.48907378272059104 deep_triangle False
SAMPLE BW3_Derived_Glove 12 crossings 0 {} min_vertex_mm 0.48907378272059104 deep_triangle False
SAMPLE BW3_Derived_Glove 13 crossings 0 {} min_vertex_mm 0.48907378272059104 deep_triangle False
SAMPLE BW3_Derived_Glove 14 crossings 0 {} min_vertex_mm 0.48907378272059104 deep_triangle False
SAMPLE BW3_Derived_Glove 15 crossings 0 {} min_vertex_mm 0.48907378272059104 deep_triangle False
SAMPLE BW3_Derived_Glove 16 crossings 0 {} min_vertex_mm -0.5735561903199762 deep_triangle True
SAMPLE BW3_Derived_Glove 17 crossings 0 {} min_vertex_mm -2.535726964870885 deep_triangle True
SAMPLE BW3_Derived_Glove 18 crossings 0 {} min_vertex_mm -4.693807031399497 deep_triangle True
SAMPLE BW3_Derived_Glove 19 crossings 0 {} min_vertex_mm -6.932762824225197 deep_triangle True
SAMPLE BW3_Derived_Glove 20 crossings 9 {'palm/thumb': 7, 'thumb/thumb': 2} min_vertex_mm -9.082728375174359 deep_triangle True
SAMPLE BW3_Derived_Glove 21 crossings 19 {'palm/thumb': 15, 'thumb/thumb': 4} min_vertex_mm -10.695772791862373 deep_triangle True
SAMPLE BW3_Derived_Glove 22 crossings 30 {'palm/thumb': 24, 'thumb/thumb': 6} min_vertex_mm -13.235336997141237 deep_triangle True
SAMPLE BW3_Derived_Glove 23 crossings 37 {'palm/thumb': 29, 'thumb/thumb': 8} min_vertex_mm -13.17788741982518 deep_triangle True
SAMPLE BW3_Derived_Glove 24 crossings 45 {'palm/thumb': 39, 'thumb/thumb': 6} min_vertex_mm -12.771510734986697 deep_triangle True
SAMPLE BW3_Derived_Glove 25 crossings 51 {'palm/thumb': 45, 'thumb/thumb': 6} min_vertex_mm -13.311875180237914 deep_triangle True
SAMPLE BW3_Derived_Glove 15.5 crossings 0 {} min_vertex_mm 0.44749067285366695 deep_triangle False
SAMPLE BW3_Derived_Glove 19.5 crossings 0 {} min_vertex_mm -8.032721715298711 deep_triangle True
SAMPLE BW3_Derived_Glove 145 crossings 51 {'palm/thumb': 45, 'thumb/thumb': 6} min_vertex_mm -13.311875180237914 deep_triangle True
SAMPLE BW3_Derived_Body 1 crossings 0 {} min_vertex_mm 1.4903615167464608 deep_triangle False
SAMPLE BW3_Derived_Body 2 crossings 0 {} min_vertex_mm 1.4903615167464608 deep_triangle False
SAMPLE BW3_Derived_Body 3 crossings 0 {} min_vertex_mm 1.4903615167464608 deep_triangle False
SAMPLE BW3_Derived_Body 4 crossings 0 {} min_vertex_mm 1.4903615167464608 deep_triangle False
SAMPLE BW3_Derived_Body 5 crossings 0 {} min_vertex_mm 1.4903615167464608 deep_triangle False
SAMPLE BW3_Derived_Body 6 crossings 0 {} min_vertex_mm 1.4903615167464608 deep_triangle False
SAMPLE BW3_Derived_Body 7 crossings 0 {} min_vertex_mm 1.4903615167464608 deep_triangle False
SAMPLE BW3_Derived_Body 8 crossings 0 {} min_vertex_mm 1.4903615167464608 deep_triangle False
SAMPLE BW3_Derived_Body 9 crossings 0 {} min_vertex_mm 1.4903615167464608 deep_triangle False
SAMPLE BW3_Derived_Body 10 crossings 0 {} min_vertex_mm 1.4903615167464608 deep_triangle False
SAMPLE BW3_Derived_Body 11 crossings 0 {} min_vertex_mm 1.4903615167464608 deep_triangle False
SAMPLE BW3_Derived_Body 12 crossings 0 {} min_vertex_mm 1.4903615167464608 deep_triangle False
SAMPLE BW3_Derived_Body 13 crossings 0 {} min_vertex_mm 1.4903615167464608 deep_triangle False
SAMPLE BW3_Derived_Body 14 crossings 0 {} min_vertex_mm 1.4903615167464608 deep_triangle False
SAMPLE BW3_Derived_Body 15 crossings 0 {} min_vertex_mm 1.4903615167464608 deep_triangle False
SAMPLE BW3_Derived_Body 16 crossings 0 {} min_vertex_mm 0.5925602927032807 deep_triangle False
SAMPLE BW3_Derived_Body 17 crossings 0 {} min_vertex_mm -1.5030991571086254 deep_triangle True
SAMPLE BW3_Derived_Body 18 crossings 7 {'palm/thumb': 6, 'thumb/thumb': 1} min_vertex_mm -3.5607346934098656 deep_triangle True
SAMPLE BW3_Derived_Body 19 crossings 12 {'palm/thumb': 10, 'thumb/thumb': 2} min_vertex_mm -5.62287383159023 deep_triangle True
SAMPLE BW3_Derived_Body 20 crossings 12 {'palm/thumb': 11, 'thumb/thumb': 1} min_vertex_mm -7.718432792236434 deep_triangle True
SAMPLE BW3_Derived_Body 21 crossings 20 {'palm/thumb': 18, 'thumb/thumb': 2} min_vertex_mm -9.868117557491278 deep_triangle True
SAMPLE BW3_Derived_Body 22 crossings 33 {'palm/thumb': 26, 'thumb/thumb': 7} min_vertex_mm -12.03582312297054 deep_triangle True
SAMPLE BW3_Derived_Body 23 crossings 38 {'palm/thumb': 33, 'thumb/thumb': 5} min_vertex_mm -13.809396177239597 deep_triangle True
SAMPLE BW3_Derived_Body 24 crossings 42 {'palm/thumb': 36, 'thumb/thumb': 6} min_vertex_mm -13.219183697851737 deep_triangle True
SAMPLE BW3_Derived_Body 25 crossings 49 {'palm/thumb': 43, 'thumb/thumb': 6} min_vertex_mm -13.496121959434022 deep_triangle True
SAMPLE BW3_Derived_Body 16.5 crossings 0 {} min_vertex_mm -0.4523746961598383 deep_triangle False
SAMPLE BW3_Derived_Body 17.5 crossings 5 {'palm/thumb': 4, 'thumb/thumb': 1} min_vertex_mm -2.537838196136547 deep_triangle True
SAMPLE BW3_Derived_Body 145 crossings 49 {'palm/thumb': 43, 'thumb/thumb': 6} min_vertex_mm -13.496121959434022 deep_triangle True
COMPLETE 97.91970660000516 [('BW3_Derived_Glove', {'any_self_crossing': {'first_detected_frame': 20, 'previous_sample_frame': 19.5}, 'palm_thumb_crossing': {'first_detected_frame': 20, 'previous_sample_frame': 19.5}, 'thumb_other_digit_crossing': {'first_detected_frame': None, 'previous_sample_frame': None}, 'handle_entry': {'first_detected_frame': 16, 'previous_sample_frame': 15.5}, 'handle_deeper_than0_5mm': {'first_detected_frame': 16, 'previous_sample_frame': 15.5}}), ('BW3_Derived_Body', {'any_self_crossing': {'first_detected_frame': 17.5, 'previous_sample_frame': 17}, 'palm_thumb_crossing': {'first_detected_frame': 17.5, 'previous_sample_frame': 17}, 'thumb_other_digit_crossing': {'first_detected_frame': None, 'previous_sample_frame': None}, 'handle_entry': {'first_detected_frame': 16.5, 'previous_sample_frame': 16}, 'handle_deeper_than0_5mm': {'first_detected_frame': 17, 'previous_sample_frame': 16.5}})]
Blender 5.1.1 (hash b70da489d7f4 built 2026-04-14 01:37:22)

Blender quit
