Using bundled DotNet SDK version: 8.0.412 win-x64
Running UnrealBuildTool: dotnet "..\..\Engine\Binaries\DotNET\UnrealBuildTool\UnrealBuildTool.dll" WonderChess Win64 Development -Project=C:\Users\iputu\AppData\Local\CodexWorktrees\wc\m7\game\WonderChess.uproject -WaitMutex -NoHotReloadFromIDE -NoUBA
Log file: C:\Users\iputu\AppData\Local\UnrealBuildTool\Log.txt
Using 'git status' to determine working set for adaptive non-unity build (C:\Users\iputu\AppData\Local\CodexWorktrees\wc\m7).
Building WonderChess...
Using Visual Studio 2022 14.44.35226 toolchain (C:\Program Files\Microsoft Visual Studio\2022\Community\VC\Tools\MSVC\14.44.35207) and Windows 10.0.22621.0 SDK (C:\Program Files (x86)\Windows Kits\10).
[Adaptive Build] Excluded from WonderChessRuntime unity file: WCVNextLab.cpp, WCVNextSolo.cpp, WonderChessRuntime.cpp, WonderSaveFile.cpp, WonderScenario.cpp
Determining max actions to execute in parallel (8 physical cores, 16 logical cores)
  Executing up to 8 processes, one per physical core
  Requested 1.5 GB memory per action, 5.01 GB available: limiting max parallel actions to 3
Using Parallel executor to run 4 action(s)
------ Building 4 action(s) started ------
[1/4] Compile [x64] WCVNextLab.cpp
[2/4] Compile [x64] WCVNextSolo.cpp
[3/4] Link [x64] WonderChess.exe
   Creating library C:\Users\iputu\AppData\Local\CodexWorktrees\wc\m7\game\Binaries\Win64\WonderChess.lib and object C:\Users\iputu\AppData\Local\CodexWorktrees\wc\m7\game\Binaries\Win64\WonderChess.exp
[4/4] WriteMetadata WonderChess.target

Total time in Parallel executor: 29.29 seconds

Result: Succeeded
Total execution time: 31.54 seconds
