00:02.110  blend            | Read blend: "C:\Users\iputu\Documents\Wonder Chess\art-source\heroes\wc_u_halfling_ranger\wc_u_halfling_ranger.blend"
{
  "status": "structural_checks_passed_visual_review_required",
  "blender_version": "5.1.1",
  "collection": "EXPORT",
  "evaluated_triangle_total": 6996,
  "objects": [
    {
      "name": "Armature",
      "type": "ARMATURE",
      "scale": [
        1.0,
        1.0,
        1.0
      ],
      "dimensions": [
        0.48807966709136963,
        0.27000001072883606,
        1.1577601432800293
      ],
      "roots": [
        "root"
      ],
      "deform_bones": 27
    },
    {
      "name": "SK_wc_u_halfling_ranger",
      "type": "MESH",
      "scale": [
        1.0,
        1.0,
        1.0
      ],
      "dimensions": [
        0.5902254581451416,
        0.345839262008667,
        1.0789198875427246
      ],
      "evaluated_triangles": 6996,
      "material_slots": 1,
      "uv_layers": 1,
      "skin_checks": {
        "unweighted": 0,
        "excess_influences": 0,
        "unnormalized": 0
      }
    }
  ],
  "errors": [],
  "warnings": [],
  "not_checked": [
    "appearance",
    "deformation across all clips",
    "UV overlap appropriateness",
    "normal-map convention",
    "Unreal import",
    "LOD silhouette",
    "gameplay readability"
  ]
}
{
  "status": "structural_checks_passed_visual_review_required",
  "blender_version": "5.1.1",
  "collection": "LOD_SOURCE",
  "evaluated_triangle_total": 5242,
  "objects": [
    {
      "name": "SK_wc_u_halfling_ranger_LOD1",
      "type": "MESH",
      "scale": [
        1.0,
        1.0,
        1.0
      ],
      "dimensions": [
        0.5908817052841187,
        0.3445897698402405,
        1.0789923667907715
      ],
      "evaluated_triangles": 3498,
      "material_slots": 1,
      "uv_layers": 1,
      "skin_checks": {
        "unweighted": 0,
        "excess_influences": 0,
        "unnormalized": 0
      }
    },
    {
      "name": "SK_wc_u_halfling_ranger_LOD2",
      "type": "MESH",
      "scale": [
        1.0,
        1.0,
        1.0
      ],
      "dimensions": [
        0.5911095142364502,
        0.34416815638542175,
        1.0791172981262207
      ],
      "evaluated_triangles": 1744,
      "material_slots": 1,
      "uv_layers": 1,
      "skin_checks": {
        "unweighted": 0,
        "excess_influences": 0,
        "unnormalized": 0
      }
    }
  ],
  "errors": [],
  "warnings": [],
  "not_checked": [
    "appearance",
    "deformation across all clips",
    "UV overlap appropriateness",
    "normal-map convention",
    "Unreal import",
    "LOD silhouette",
    "gameplay readability"
  ]
}
{
  "status": "sampled_motion_invariants_passed",
  "unit_id": "wc_u_halfling_ranger",
  "blender_version": "5.1.1",
  "sampling": "actual deformed mesh every 3 frames at 60fps",
  "clips": [
    {
      "clip": "Idle",
      "samples": 41,
      "minimum_support_sole_z_m": 1.7430334953161264e-09,
      "maximum_support_sole_z_m": 1.7430334953161264e-09,
      "max_root_translation_m": 0,
      "max_pose_scale_error": 0
    },
    {
      "clip": "Move",
      "samples": 21,
      "minimum_support_sole_z_m": -1.6364079868935733e-08,
      "maximum_support_sole_z_m": 3.170947593389428e-08,
      "max_root_translation_m": 0,
      "max_pose_scale_error": 0
    },
    {
      "clip": "Attack",
      "samples": 15,
      "minimum_support_sole_z_m": 1.7430334953161264e-09,
      "maximum_support_sole_z_m": 1.7430334953161264e-09,
      "max_root_translation_m": 0,
      "max_pose_scale_error": 0
    },
    {
      "clip": "Active",
      "samples": 13,
      "minimum_support_sole_z_m": 1.7430334953161264e-09,
      "maximum_support_sole_z_m": 1.7430334953161264e-09,
      "max_root_translation_m": 0,
      "max_pose_scale_error": 0
    },
    {
      "clip": "Hit",
      "samples": 9,
      "minimum_support_sole_z_m": -4.8860687940077696e-08,
      "maximum_support_sole_z_m": 1.4783513080374178e-08,
      "max_root_translation_m": 0,
      "max_pose_scale_error": 0
    },
    {
      "clip": "Defeat",
      "samples": 21,
      "minimum_support_sole_z_m": -5.6546934246171077e-08,
      "maximum_support_sole_z_m": 1.815154959672327e-08,
      "max_root_translation_m": 0,
      "max_pose_scale_error": 0
    },
    {
      "clip": "Victory",
      "samples": 31,
      "minimum_support_sole_z_m": 1.7430334953161264e-09,
      "maximum_support_sole_z_m": 1.7430334953161264e-09,
      "max_root_translation_m": 0,
      "max_pose_scale_error": 0
    }
  ],
  "errors": [],
  "not_checked": [
    "continuous visual quality",
    "weapon/costume clipping",
    "semantic gesture review",
    "Unreal retarget/import",
    "runtime move-speed synchronization"
  ]
}
FBX version: 7400
FBX version: 7400
FBX version: 7400
WC_NEW_HERO_READBACK_PASS {"status": "PASS_SAVED_SOURCE_SKIN_MOTION_AND_MESH_FBX_READBACK", "unit_id": "wc_u_halfling_ranger", "source_sha256": "3cdc9c6c637a4eef1d0fcb9afead810d4be308364e3a1117278160058be79b7f", "manifest_sha256": "5ff9dfcd6e4d23a30f76c93733be479adbdb2bc0cc58f99dd4ab2e750d61343a", "source_revision": 5, "geometry_revision": 5, "animation_revision": 5, "blender_version": "5.1.1", "files_verified": 14, "source_clips_verified": 7, "mesh_fbx_readbacks": [{"mesh_suffix": "", "dimensions_m": [0.6682898998260498, 0.28728003799915314, 1.0821599952232814], "triangles": 6996, "bones": 27, "materials": 1, "uv_layers": 1, "weighted_vertices": 3854}, {"mesh_suffix": "_LOD1", "dimensions_m": [0.6682203710079193, 0.28728003799915314, 1.0822324744713283], "triangles": 3498, "bones": 27, "materials": 1, "uv_layers": 1, "weighted_vertices": 1999}, {"mesh_suffix": "_LOD2", "dimensions_m": [0.6672742068767548, 0.28515277802944183, 1.0823573555171606], "triangles": 1744, "bones": 27, "materials": 1, "uv_layers": 1, "weighted_vertices": 1083}], "animation_fbx_import_verified": false, "Unreal_import_verified": false, "final_art_accepted": false}
00:03.000  blend            | Read blend: "C:\Users\iputu\Documents\Wonder Chess\reports\WC-U440\20260906T162841Z\halfling-face-fit\finn\before-source\wc_u_halfling_ranger.blend"
00:03.875  blend            | Read blend: "C:\Users\iputu\Documents\Wonder Chess\art-source\heroes\wc_u_halfling_ranger\wc_u_halfling_ranger.blend"
00:05.969  blend            | Read blend: "C:\Users\iputu\Documents\Wonder Chess\art-source\heroes\wc_u_halfling_ranger\wc_u_halfling_ranger.blend"
00:06.766  render           | Saved: 'C:\Users\iputu\Documents\Wonder Chess\reports\WC-U440\20260906T163654Z\halfling-final-check\finn-readback\silhouette96-front.png'
00:06.797  render           | Saved: 'C:\Users\iputu\Documents\Wonder Chess\reports\WC-U440\20260906T163654Z\halfling-final-check\finn-readback\silhouette96-game-angle.png'
FBX version: 7400
FBX version: 7400
FBX version: 7400
FBX version: 7400
FBX version: 7400
FBX version: 7400
FBX version: 7400
WC_HALFLING_READBACK {"status": "PASS_ACTUAL_BLENDER_FBX_AND_VIDEO_READBACK", "unit_id": "wc_u_halfling_ranger", "source_revision": 5, "source_sha256": "3cdc9c6c637a4eef1d0fcb9afead810d4be308364e3a1117278160058be79b7f", "export_manifest_sha256": "5ff9dfcd6e4d23a30f76c93733be479adbdb2bc0cc58f99dd4ab2e750d61343a", "blender_version": "5.1.1", "recorded_frames": 439, "recorded_seconds": 7.316666666666666, "source_modified": false, "Unreal_import_verified": false, "continuous_visual_approval": false, "finished_art_accepted": false, "face_refinement_preserved": {"status": "PASS_EXACT_RETAINED_ACTIONS_RIG_AND_NON_HEAD_GEOMETRY", "before_source_sha256": "a8ca68afd6658cf905a712647baddd334df8226c2cddb27dfbf7f5d8acf8a8ae", "signature": {"animation_and_rig": {"rest_skeleton_sha256": "8bf8a1f04ef087f0317b3353c9ae947068a20e2f62ed85d4b9c95f6526e1fc9c", "actions_sha256": "f6fb84dc363e417d6c05c9e2d76e809614d53a4d89b774e2c5188cb18908660f", "action_names": ["AN_wc_u_halfling_ranger_Active", "AN_wc_u_halfling_ranger_Attack", "AN_wc_u_halfling_ranger_Defeat", "AN_wc_u_halfling_ranger_Hit", "AN_wc_u_halfling_ranger_Idle", "AN_wc_u_halfling_ranger_Move", "AN_wc_u_halfling_ranger_Victory"], "unit_scale_m": 1.0, "fps": 60}, "non_head_vertices": 1890, "non_head_geometry_sha256": "7c9db5927e5dc5f438c8bb481523ad6f78fa221d1a8e8ed5a14db84790f31f74"}}, "silhouettes": [{"view": "front", "path": "C:\\Users\\iputu\\Documents\\Wonder Chess\\reports\\WC-U440\\20260906T163654Z\\halfling-final-check\\finn-readback\\silhouette96-front.png", "sha256": "c50069b10454be9d597d8be0d5ebbd0b76f53d62eecabc92bd48e8e176dda712", "dark_pixels": 935, "light_pixels": 7991}, {"view": "game-angle", "path": "C:\\Users\\iputu\\Documents\\Wonder Chess\\reports\\WC-U440\\20260906T163654Z\\halfling-final-check\\finn-readback\\silhouette96-game-angle.png", "sha256": "5b63db7acd83587261660f92e493bec7836197a2cd09ad967330c4dc0280b6c5", "dark_pixels": 824, "light_pixels": 8200}], "verification_script_sha256": "596078b8ee757952e39c78a20186a65260679672b5ce20bb5c7271e96c74f69e"}
Blender 5.1.1 (hash b70da489d7f4 built 2026-04-14 01:37:22)

Blender quit
