00:07.515  geom.mesh        | ERROR Face 2896 is a duplicate of 1292
00:07.562  geom.mesh        | ERROR Face 1030 is a duplicate of 335
00:07.562  geom.mesh        | ERROR Face 1031 is a duplicate of 336
00:07.562  geom.mesh        | ERROR Face 1037 is a duplicate of 1034
00:07.562  geom.mesh        | ERROR Face 1110 is a duplicate of 372
00:07.562  geom.mesh        | ERROR Face 1114 is a duplicate of 375
00:07.562  geom.mesh        | ERROR Face 1115 is a duplicate of 1107
00:07.562  geom.mesh        | ERROR Face 1140 is a duplicate of 1132
00:07.562  geom.mesh        | ERROR Face 1141 is a duplicate of 390
00:07.562  geom.mesh        | ERROR Face 1142 is a duplicate of 1133
00:07.562  geom.mesh        | ERROR Face 1146 is a duplicate of 1134
00:07.562  geom.mesh        | ERROR Face 1633 is a duplicate of 1086
00:07.562  geom.mesh        | ERROR Face 1636 is a duplicate of 1090
00:07.562  geom.mesh        | ERROR Face 1660 is a duplicate of 371
00:07.562  geom.mesh        | ERROR Face 1661 is a duplicate of 1110
00:07.562  geom.mesh        | ERROR Face 1662 is a duplicate of 1111
00:07.562  geom.mesh        | ERROR Face 1683 is a duplicate of 388
00:07.562  geom.mesh        | ERROR Face 1684 is a duplicate of 389
00:07.562  geom.mesh        | ERROR Face 1685 is a duplicate of 1135
00:07.562  geom.mesh        | ERROR Face 1686 is a duplicate of 1136
00:21.750  render           | Saved: 'C:\Users\iputu\Documents\Wonder Chess\reports\WC-U440\20260906T163654Z\halfling-final-check\nella\front.png'
00:29.609  render           | Saved: 'C:\Users\iputu\Documents\Wonder Chess\reports\WC-U440\20260906T163654Z\halfling-final-check\nella\side.png'
00:38.468  render           | Saved: 'C:\Users\iputu\Documents\Wonder Chess\reports\WC-U440\20260906T163654Z\halfling-final-check\nella\back.png'
00:47.875  render           | Saved: 'C:\Users\iputu\Documents\Wonder Chess\reports\WC-U440\20260906T163654Z\halfling-final-check\nella\three-quarter.png'
00:55.546  render           | Saved: 'C:\Users\iputu\Documents\Wonder Chess\reports\WC-U440\20260906T163654Z\halfling-final-check\nella\face.png'
01:05.453  render           | Saved: 'C:\Users\iputu\Documents\Wonder Chess\reports\WC-U440\20260906T163654Z\halfling-final-check\nella\game-angle.png'
01:12.843  render           | Saved: 'C:\Users\iputu\Documents\Wonder Chess\exports\heroes\wc_u_halfling_rogue\portrait.png'
01:14.171  render           | Saved: 'C:\Users\iputu\Documents\Wonder Chess\reports\WC-U440\20260906T163654Z\halfling-final-check\nella\Idle-start.png'
01:15.453  render           | Saved: 'C:\Users\iputu\Documents\Wonder Chess\reports\WC-U440\20260906T163654Z\halfling-final-check\nella\Idle-release.png'
01:16.718  render           | Saved: 'C:\Users\iputu\Documents\Wonder Chess\reports\WC-U440\20260906T163654Z\halfling-final-check\nella\Idle-end.png'
01:18.031  render           | Saved: 'C:\Users\iputu\Documents\Wonder Chess\reports\WC-U440\20260906T163654Z\halfling-final-check\nella\Move-start.png'
01:19.375  render           | Saved: 'C:\Users\iputu\Documents\Wonder Chess\reports\WC-U440\20260906T163654Z\halfling-final-check\nella\Move-release.png'
01:20.921  render           | Saved: 'C:\Users\iputu\Documents\Wonder Chess\reports\WC-U440\20260906T163654Z\halfling-final-check\nella\Move-end.png'
01:22.531  render           | Saved: 'C:\Users\iputu\Documents\Wonder Chess\reports\WC-U440\20260906T163654Z\halfling-final-check\nella\Attack-start.png'
01:23.984  render           | Saved: 'C:\Users\iputu\Documents\Wonder Chess\reports\WC-U440\20260906T163654Z\halfling-final-check\nella\Attack-release.png'
01:25.468  render           | Saved: 'C:\Users\iputu\Documents\Wonder Chess\reports\WC-U440\20260906T163654Z\halfling-final-check\nella\Attack-end.png'
01:26.875  render           | Saved: 'C:\Users\iputu\Documents\Wonder Chess\reports\WC-U440\20260906T163654Z\halfling-final-check\nella\Active-start.png'
01:28.296  render           | Saved: 'C:\Users\iputu\Documents\Wonder Chess\reports\WC-U440\20260906T163654Z\halfling-final-check\nella\Active-release.png'
01:29.656  render           | Saved: 'C:\Users\iputu\Documents\Wonder Chess\reports\WC-U440\20260906T163654Z\halfling-final-check\nella\Active-end.png'
01:31.015  render           | Saved: 'C:\Users\iputu\Documents\Wonder Chess\reports\WC-U440\20260906T163654Z\halfling-final-check\nella\Hit-start.png'
01:32.687  render           | Saved: 'C:\Users\iputu\Documents\Wonder Chess\reports\WC-U440\20260906T163654Z\halfling-final-check\nella\Hit-release.png'
01:34.015  render           | Saved: 'C:\Users\iputu\Documents\Wonder Chess\reports\WC-U440\20260906T163654Z\halfling-final-check\nella\Hit-end.png'
01:35.328  render           | Saved: 'C:\Users\iputu\Documents\Wonder Chess\reports\WC-U440\20260906T163654Z\halfling-final-check\nella\Defeat-start.png'
01:36.703  render           | Saved: 'C:\Users\iputu\Documents\Wonder Chess\reports\WC-U440\20260906T163654Z\halfling-final-check\nella\Defeat-release.png'
01:38.156  render           | Saved: 'C:\Users\iputu\Documents\Wonder Chess\reports\WC-U440\20260906T163654Z\halfling-final-check\nella\Defeat-end.png'
01:39.546  render           | Saved: 'C:\Users\iputu\Documents\Wonder Chess\reports\WC-U440\20260906T163654Z\halfling-final-check\nella\Victory-start.png'
01:40.890  render           | Saved: 'C:\Users\iputu\Documents\Wonder Chess\reports\WC-U440\20260906T163654Z\halfling-final-check\nella\Victory-release.png'
01:42.328  render           | Saved: 'C:\Users\iputu\Documents\Wonder Chess\reports\WC-U440\20260906T163654Z\halfling-final-check\nella\Victory-end.png'
01:43.468  render           | Video append frame 1
01:43.500  render           | Video append frame 2
01:43.531  render           | Video append frame 3
01:43.546  render           | Video append frame 4
01:43.562  render           | Video append frame 5
01:43.593  render           | Video append frame 6
01:43.609  render           | Video append frame 7
01:43.625  render           | Video append frame 8
01:43.640  render           | Video append frame 9
01:43.671  render           | Video append frame 10
01:43.687  render           | Video append frame 11
01:43.703  render           | Video append frame 12
01:43.718  render           | Video append frame 13
01:43.734  render           | Video append frame 14
01:43.765  render           | Video append frame 15
01:43.781  render           | Video append frame 16
01:43.796  render           | Video append frame 17
01:43.828  render           | Video append frame 18
01:43.843  render           | Video append frame 19
01:43.859  render           | Video append frame 20
01:43.875  render           | Video append frame 21
01:43.906  render           | Video append frame 22
01:43.921  render           | Video append frame 23
01:43.937  render           | Video append frame 24
01:43.953  render           | Video append frame 25
01:43.968  render           | Video append frame 26
01:44.000  render           | Video append frame 27
01:44.015  render           | Video append frame 28
01:44.031  render           | Video append frame 29
01:44.046  render           | Video append frame 30
01:44.078  render           | Video append frame 31
01:44.093  render           | Video append frame 32
01:44.109  render           | Video append frame 33
01:44.140  render           | Video append frame 34
01:44.156  render           | Video append frame 35
01:44.171  render           | Video append frame 36
01:44.187  render           | Video append frame 37
01:44.203  render           | Video append frame 38
01:44.234  render           | Video append frame 39
01:44.250  render           | Video append frame 40
01:44.265  render           | Video append frame 41
01:44.281  render           | Video append frame 42
01:44.312  render           | Video append frame 43
01:44.328  render           | Video append frame 44
01:44.343  render           | Video append frame 45
01:44.375  render           | Video append frame 46
01:44.390  render           | Video append frame 47
01:44.406  render           | Video append frame 48
01:44.421  render           | Video append frame 49
01:44.453  render           | Video append frame 50
01:44.468  render           | Video append frame 51
01:44.484  render           | Video append frame 52
01:44.515  render           | Video append frame 53
01:44.531  render           | Video append frame 54
01:44.546  render           | Video append frame 55
01:44.578  render           | Video append frame 56
01:44.593  render           | Video append frame 57
01:44.609  render           | Video append frame 58
01:44.625  render           | Video append frame 59
01:44.640  render           | Video append frame 60
01:44.671  render           | Video append frame 61
01:44.687  render           | Video append frame 62
01:44.703  render           | Video append frame 63
01:44.718  render           | Video append frame 64
01:44.750  render           | Video append frame 65
01:44.765  render           | Video append frame 66
01:44.796  render           | Video append frame 67
01:44.812  render           | Video append frame 68
01:44.828  render           | Video append frame 69
01:44.843  render           | Video append frame 70
01:44.859  render           | Video append frame 71
01:44.890  render           | Video append frame 72
01:44.906  render           | Video append frame 73
01:44.921  render           | Video append frame 74
01:44.953  render           | Video append frame 75
01:44.968  render           | Video append frame 76
01:45.000  render           | Video append frame 77
01:45.015  render           | Video append frame 78
01:45.031  render           | Video append frame 79
01:45.062  render           | Video append frame 80
01:45.078  render           | Video append frame 81
01:45.093  render           | Video append frame 82
01:45.125  render           | Video append frame 83
01:45.140  render           | Video append frame 84
01:45.156  render           | Video append frame 85
01:45.171  render           | Video append frame 86
01:45.203  render           | Video append frame 87
01:45.218  render           | Video append frame 88
01:45.234  render           | Video append frame 89
01:45.265  render           | Video append frame 90
01:45.281  render           | Video append frame 91
01:45.296  render           | Video append frame 92
01:45.328  render           | Video append frame 93
01:45.343  render           | Video append frame 94
01:45.359  render           | Video append frame 95
01:45.375  render           | Video append frame 96
01:45.406  render           | Video append frame 97
01:45.421  render           | Video append frame 98
01:45.437  render           | Video append frame 99
01:45.468  render           | Video append frame 100
01:45.484  render           | Video append frame 101
01:45.500  render           | Video append frame 102
01:45.531  render           | Video append frame 103
01:45.546  render           | Video append frame 104
01:45.562  render           | Video append frame 105
01:45.578  render           | Video append frame 106
01:45.609  render           | Video append frame 107
01:45.625  render           | Video append frame 108
01:45.640  render           | Video append frame 109
01:45.656  render           | Video append frame 110
01:45.687  render           | Video append frame 111
01:45.703  render           | Video append frame 112
01:45.718  render           | Video append frame 113
01:45.750  render           | Video append frame 114
01:45.765  render           | Video append frame 115
01:45.781  render           | Video append frame 116
01:45.812  render           | Video append frame 117
01:45.828  render           | Video append frame 118
01:45.843  render           | Video append frame 119
01:45.875  render           | Video append frame 120
01:45.890  render           | Video append frame 121
01:45.937  render           | Video append frame 1
01:45.953  render           | Video append frame 2
01:45.968  render           | Video append frame 3
01:45.984  render           | Video append frame 4
01:46.015  render           | Video append frame 5
01:46.031  render           | Video append frame 6
01:46.046  render           | Video append frame 7
01:46.062  render           | Video append frame 8
01:46.093  render           | Video append frame 9
01:46.109  render           | Video append frame 10
01:46.140  render           | Video append frame 11
01:46.156  render           | Video append frame 12
01:46.171  render           | Video append frame 13
01:46.203  render           | Video append frame 14
01:46.218  render           | Video append frame 15
01:46.234  render           | Video append frame 16
01:46.250  render           | Video append frame 17
01:46.265  render           | Video append frame 18
01:46.296  render           | Video append frame 19
01:46.343  render           | Video append frame 20
01:46.359  render           | Video append frame 21
01:46.390  render           | Video append frame 22
01:46.406  render           | Video append frame 23
01:46.421  render           | Video append frame 24
01:46.453  render           | Video append frame 25
01:46.468  render           | Video append frame 26
01:46.484  render           | Video append frame 27
01:46.500  render           | Video append frame 28
01:46.515  render           | Video append frame 29
01:46.546  render           | Video append frame 30
01:46.562  render           | Video append frame 31
01:46.578  render           | Video append frame 32
01:46.593  render           | Video append frame 33
01:46.625  render           | Video append frame 34
01:46.640  render           | Video append frame 35
01:46.656  render           | Video append frame 36
01:46.671  render           | Video append frame 37
01:46.687  render           | Video append frame 38
01:46.718  render           | Video append frame 39
01:46.734  render           | Video append frame 40
01:46.750  render           | Video append frame 41
01:46.781  render           | Video append frame 42
01:46.796  render           | Video append frame 43
01:46.812  render           | Video append frame 44
01:46.843  render           | Video append frame 45
01:46.859  render           | Video append frame 46
01:46.875  render           | Video append frame 47
01:46.890  render           | Video append frame 48
01:46.921  render           | Video append frame 49
01:46.937  render           | Video append frame 50
01:46.953  render           | Video append frame 51
01:46.984  render           | Video append frame 52
01:47.000  render           | Video append frame 53
01:47.031  render           | Video append frame 54
01:47.046  render           | Video append frame 55
01:47.062  render           | Video append frame 56
01:47.093  render           | Video append frame 57
01:47.109  render           | Video append frame 58
01:47.125  render           | Video append frame 59
01:47.156  render           | Video append frame 60
01:47.171  render           | Video append frame 61
01:47.218  render           | Video append frame 1
01:47.234  render           | Video append frame 2
01:47.250  render           | Video append frame 3
01:47.265  render           | Video append frame 4
01:47.296  render           | Video append frame 5
01:47.312  render           | Video append frame 6
01:47.328  render           | Video append frame 7
01:47.359  render           | Video append frame 8
01:47.375  render           | Video append frame 9
01:47.390  render           | Video append frame 10
01:47.406  render           | Video append frame 11
01:47.421  render           | Video append frame 12
01:47.453  render           | Video append frame 13
01:47.468  render           | Video append frame 14
01:47.484  render           | Video append frame 15
01:47.515  render           | Video append frame 16
01:47.531  render           | Video append frame 17
01:47.562  render           | Video append frame 18
01:47.578  render           | Video append frame 19
01:47.609  render           | Video append frame 20
01:47.625  render           | Video append frame 21
01:47.640  render           | Video append frame 22
01:47.656  render           | Video append frame 23
01:47.687  render           | Video append frame 24
01:47.703  render           | Video append frame 25
01:47.718  render           | Video append frame 26
01:47.734  render           | Video append frame 27
01:47.765  render           | Video append frame 28
01:47.781  render           | Video append frame 29
01:47.796  render           | Video append frame 30
01:47.828  render           | Video append frame 31
01:47.843  render           | Video append frame 32
01:47.859  render           | Video append frame 33
01:47.875  render           | Video append frame 34
01:47.906  render           | Video append frame 35
01:47.921  render           | Video append frame 36
01:47.937  render           | Video append frame 37
01:47.968  render           | Video append frame 38
01:47.984  render           | Video append frame 39
01:48.015  render           | Video append frame 40
01:48.046  render           | Video append frame 1
01:48.078  render           | Video append frame 2
01:48.093  render           | Video append frame 3
01:48.125  render           | Video append frame 4
01:48.140  render           | Video append frame 5
01:48.171  render           | Video append frame 6
01:48.203  render           | Video append frame 7
01:48.234  render           | Video append frame 8
01:48.250  render           | Video append frame 9
01:48.265  render           | Video append frame 10
01:48.296  render           | Video append frame 11
01:48.312  render           | Video append frame 12
01:48.343  render           | Video append frame 13
01:48.359  render           | Video append frame 14
01:48.390  render           | Video append frame 15
01:48.406  render           | Video append frame 16
01:48.437  render           | Video append frame 17
01:48.453  render           | Video append frame 18
01:48.484  render           | Video append frame 19
01:48.515  render           | Video append frame 20
01:48.546  render           | Video append frame 21
01:48.578  render           | Video append frame 22
01:48.593  render           | Video append frame 23
01:48.625  render           | Video append frame 24
01:48.640  render           | Video append frame 25
01:48.671  render           | Video append frame 26
01:48.687  render           | Video append frame 27
01:48.718  render           | Video append frame 28
01:48.750  render           | Video append frame 29
01:48.765  render           | Video append frame 30
01:48.796  render           | Video append frame 31
01:48.843  render           | Video append frame 1
01:48.859  render           | Video append frame 2
01:48.890  render           | Video append frame 3
01:48.906  render           | Video append frame 4
01:48.937  render           | Video append frame 5
01:48.968  render           | Video append frame 6
01:48.984  render           | Video append frame 7
01:49.015  render           | Video append frame 8
01:49.031  render           | Video append frame 9
01:49.062  render           | Video append frame 10
01:49.093  render           | Video append frame 11
01:49.125  render           | Video append frame 12
01:49.140  render           | Video append frame 13
01:49.171  render           | Video append frame 14
01:49.203  render           | Video append frame 15
01:49.218  render           | Video append frame 16
01:49.234  render           | Video append frame 17
01:49.265  render           | Video append frame 18
01:49.281  render           | Video append frame 19
01:49.312  render           | Video append frame 20
01:49.328  render           | Video append frame 21
01:49.359  render           | Video append frame 22
01:49.375  render           | Video append frame 23
01:49.406  render           | Video append frame 24
01:49.421  render           | Video append frame 25
01:49.468  render           | Video append frame 1
01:49.484  render           | Video append frame 2
01:49.515  render           | Video append frame 3
01:49.531  render           | Video append frame 4
01:49.546  render           | Video append frame 5
01:49.562  render           | Video append frame 6
01:49.593  render           | Video append frame 7
01:49.609  render           | Video append frame 8
01:49.625  render           | Video append frame 9
01:49.640  render           | Video append frame 10
01:49.656  render           | Video append frame 11
01:49.687  render           | Video append frame 12
01:49.703  render           | Video append frame 13
01:49.734  render           | Video append frame 14
01:49.750  render           | Video append frame 15
01:49.765  render           | Video append frame 16
01:49.796  render           | Video append frame 17
01:49.812  render           | Video append frame 18
01:49.828  render           | Video append frame 19
01:49.859  render           | Video append frame 20
01:49.875  render           | Video append frame 21
01:49.890  render           | Video append frame 22
01:49.921  render           | Video append frame 23
01:49.937  render           | Video append frame 24
01:49.953  render           | Video append frame 25
01:49.984  render           | Video append frame 26
01:50.000  render           | Video append frame 27
01:50.031  render           | Video append frame 28
01:50.046  render           | Video append frame 29
01:50.078  render           | Video append frame 30
01:50.093  render           | Video append frame 31
01:50.125  render           | Video append frame 32
01:50.140  render           | Video append frame 33
01:50.171  render           | Video append frame 34
01:50.187  render           | Video append frame 35
01:50.203  render           | Video append frame 36
01:50.234  render           | Video append frame 37
01:50.250  render           | Video append frame 38
01:50.281  render           | Video append frame 39
01:50.296  render           | Video append frame 40
01:50.328  render           | Video append frame 41
01:50.359  render           | Video append frame 42
01:50.375  render           | Video append frame 43
01:50.406  render           | Video append frame 44
01:50.437  render           | Video append frame 45
01:50.453  render           | Video append frame 46
01:50.484  render           | Video append frame 47
01:50.500  render           | Video append frame 48
01:50.531  render           | Video append frame 49
01:50.546  render           | Video append frame 50
01:50.578  render           | Video append frame 51
01:50.593  render           | Video append frame 52
01:50.609  render           | Video append frame 53
01:50.640  render           | Video append frame 54
01:50.656  render           | Video append frame 55
01:50.671  render           | Video append frame 56
01:50.703  render           | Video append frame 57
01:50.718  render           | Video append frame 58
01:50.734  render           | Video append frame 59
01:50.765  render           | Video append frame 60
01:50.781  render           | Video append frame 61
01:50.828  render           | Video append frame 1
01:50.843  render           | Video append frame 2
01:50.859  render           | Video append frame 3
01:50.890  render           | Video append frame 4
01:50.906  render           | Video append frame 5
01:50.921  render           | Video append frame 6
01:50.953  render           | Video append frame 7
01:50.968  render           | Video append frame 8
01:51.000  render           | Video append frame 9
01:51.015  render           | Video append frame 10
01:51.031  render           | Video append frame 11
01:51.062  render           | Video append frame 12
01:51.078  render           | Video append frame 13
01:51.093  render           | Video append frame 14
01:51.109  render           | Video append frame 15
01:51.140  render           | Video append frame 16
01:51.156  render           | Video append frame 17
01:51.187  render           | Video append frame 18
01:51.203  render           | Video append frame 19
01:51.218  render           | Video append frame 20
01:51.250  render           | Video append frame 21
01:51.265  render           | Video append frame 22
01:51.296  render           | Video append frame 23
01:51.312  render           | Video append frame 24
01:51.343  render           | Video append frame 25
01:51.359  render           | Video append frame 26
01:51.390  render           | Video append frame 27
01:51.406  render           | Video append frame 28
01:51.437  render           | Video append frame 29
01:51.453  render           | Video append frame 30
01:51.484  render           | Video append frame 31
01:51.500  render           | Video append frame 32
01:51.531  render           | Video append frame 33
01:51.546  render           | Video append frame 34
01:51.578  render           | Video append frame 35
01:51.593  render           | Video append frame 36
01:51.625  render           | Video append frame 37
01:51.640  render           | Video append frame 38
01:51.656  render           | Video append frame 39
01:51.687  render           | Video append frame 40
01:51.703  render           | Video append frame 41
01:51.734  render           | Video append frame 42
01:51.750  render           | Video append frame 43
01:51.781  render           | Video append frame 44
01:51.796  render           | Video append frame 45
01:51.828  render           | Video append frame 46
01:51.843  render           | Video append frame 47
01:51.875  render           | Video append frame 48
01:51.890  render           | Video append frame 49
01:51.921  render           | Video append frame 50
01:51.937  render           | Video append frame 51
01:51.968  render           | Video append frame 52
01:51.984  render           | Video append frame 53
01:52.015  render           | Video append frame 54
01:52.031  render           | Video append frame 55
01:52.046  render           | Video append frame 56
01:52.078  render           | Video append frame 57
01:52.093  render           | Video append frame 58
01:52.125  render           | Video append frame 59
01:52.140  render           | Video append frame 60
01:52.171  render           | Video append frame 61
01:52.187  render           | Video append frame 62
01:52.218  render           | Video append frame 63
01:52.234  render           | Video append frame 64
01:52.265  render           | Video append frame 65
01:52.281  render           | Video append frame 66
01:52.312  render           | Video append frame 67
01:52.328  render           | Video append frame 68
01:52.343  render           | Video append frame 69
01:52.375  render           | Video append frame 70
01:52.406  render           | Video append frame 71
01:52.421  render           | Video append frame 72
01:52.437  render           | Video append frame 73
01:52.468  render           | Video append frame 74
01:52.484  render           | Video append frame 75
01:52.515  render           | Video append frame 76
01:52.531  render           | Video append frame 77
01:52.562  render           | Video append frame 78
01:52.578  render           | Video append frame 79
01:52.593  render           | Video append frame 80
01:52.625  render           | Video append frame 81
01:52.640  render           | Video append frame 82
01:52.671  render           | Video append frame 83
01:52.687  render           | Video append frame 84
01:52.703  render           | Video append frame 85
01:52.734  render           | Video append frame 86
01:52.750  render           | Video append frame 87
01:52.781  render           | Video append frame 88
01:52.796  render           | Video append frame 89
01:52.828  render           | Video append frame 90
01:52.843  render           | Video append frame 91

FBX export starting... 'C:\\Users\\iputu\\Documents\\Wonder Chess\\exports\\heroes\\wc_u_halfling_rogue\\SK_wc_u_halfling_rogue.fbx'
(bpy.data.armatures['WC_humanoid_small_v1.001'], 'POSE')
export finished in 0.0440 sec.
Info: Applied modifier was not first, result may not be as expected

FBX export starting... 'C:\\Users\\iputu\\Documents\\Wonder Chess\\exports\\heroes\\wc_u_halfling_rogue\\SK_wc_u_halfling_rogue_LOD1.fbx'
(bpy.data.armatures['WC_humanoid_small_v1.001'], 'POSE')
export finished in 0.0411 sec.
Info: Applied modifier was not first, result may not be as expected

FBX export starting... 'C:\\Users\\iputu\\Documents\\Wonder Chess\\exports\\heroes\\wc_u_halfling_rogue\\SK_wc_u_halfling_rogue_LOD2.fbx'
(bpy.data.armatures['WC_humanoid_small_v1.001'], 'POSE')
export finished in 0.0334 sec.

FBX export starting... 'C:\\Users\\iputu\\Documents\\Wonder Chess\\exports\\heroes\\wc_u_halfling_rogue\\SK_wc_u_halfling_rogue_LOD1.fbx'
(bpy.data.armatures['WC_humanoid_small_v1.001'], 'POSE')
export finished in 0.0429 sec.

FBX export starting... 'C:\\Users\\iputu\\Documents\\Wonder Chess\\exports\\heroes\\wc_u_halfling_rogue\\SK_wc_u_halfling_rogue_LOD2.fbx'
(bpy.data.armatures['WC_humanoid_small_v1.001'], 'POSE')
export finished in 0.0340 sec.

FBX export starting... 'C:\\Users\\iputu\\Documents\\Wonder Chess\\exports\\heroes\\wc_u_halfling_rogue\\AN_wc_u_halfling_rogue_Idle.fbx'
export finished in 0.1624 sec.

FBX export starting... 'C:\\Users\\iputu\\Documents\\Wonder Chess\\exports\\heroes\\wc_u_halfling_rogue\\AN_wc_u_halfling_rogue_Move.fbx'
export finished in 0.1144 sec.

FBX export starting... 'C:\\Users\\iputu\\Documents\\Wonder Chess\\exports\\heroes\\wc_u_halfling_rogue\\AN_wc_u_halfling_rogue_Attack.fbx'
export finished in 0.0924 sec.

FBX export starting... 'C:\\Users\\iputu\\Documents\\Wonder Chess\\exports\\heroes\\wc_u_halfling_rogue\\AN_wc_u_halfling_rogue_Active.fbx'
export finished in 0.0705 sec.

FBX export starting... 'C:\\Users\\iputu\\Documents\\Wonder Chess\\exports\\heroes\\wc_u_halfling_rogue\\AN_wc_u_halfling_rogue_Hit.fbx'
export finished in 0.0731 sec.

FBX export starting... 'C:\\Users\\iputu\\Documents\\Wonder Chess\\exports\\heroes\\wc_u_halfling_rogue\\AN_wc_u_halfling_rogue_Defeat.fbx'
export finished in 0.1158 sec.

FBX export starting... 'C:\\Users\\iputu\\Documents\\Wonder Chess\\exports\\heroes\\wc_u_halfling_rogue\\AN_wc_u_halfling_rogue_Victory.fbx'
export finished in 0.1412 sec.
Info: Saved as "wc_u_halfling_rogue.blend"
{
  "status": "structural_checks_passed_visual_review_required",
  "blender_version": "5.1.1",
  "collection": "EXPORT",
  "evaluated_triangle_total": 6748,
  "objects": [
    {
      "name": "Armature",
      "type": "ARMATURE",
      "scale": [
        1.0,
        1.0,
        1.0
      ],
      "dimensions": [
        0.6597785949707031,
        0.29589998722076416,
        1.173699975013733
      ],
      "roots": [
        "root"
      ],
      "deform_bones": 27
    },
    {
      "name": "SK_wc_u_halfling_rogue",
      "type": "MESH",
      "scale": [
        1.0,
        1.0,
        1.0
      ],
      "dimensions": [
        0.752103328704834,
        0.34835895895957947,
        1.1197998523712158
      ],
      "evaluated_triangles": 6748,
      "material_slots": 1,
      "uv_layers": 1,
      "skin_checks": {
        "unweighted": 0,
        "excess_influences": 0,
        "unnormalized": 0
      }
    }
  ],
  "errors": [],
  "warnings": [],
  "not_checked": [
    "appearance",
    "deformation across all clips",
    "UV overlap appropriateness",
    "normal-map convention",
    "Unreal import",
    "LOD silhouette",
    "gameplay readability"
  ]
}
{
  "status": "sampled_motion_invariants_passed",
  "unit_id": "wc_u_halfling_rogue",
  "blender_version": "5.1.1",
  "sampling": "actual deformed mesh every 3 frames at 60fps",
  "clips": [
    {
      "clip": "Idle",
      "samples": 41,
      "minimum_support_sole_z_m": 8.114002980619262e-08,
      "maximum_support_sole_z_m": 8.114002980619262e-08,
      "max_root_translation_m": 0,
      "max_pose_scale_error": 0
    },
    {
      "clip": "Move",
      "samples": 21,
      "minimum_support_sole_z_m": 5.016147497372003e-08,
      "maximum_support_sole_z_m": 1.081801244140479e-07,
      "max_root_translation_m": 0,
      "max_pose_scale_error": 0
    },
    {
      "clip": "Attack",
      "samples": 14,
      "minimum_support_sole_z_m": 8.114002980619262e-08,
      "maximum_support_sole_z_m": 8.114002980619262e-08,
      "max_root_translation_m": 0,
      "max_pose_scale_error": 0
    },
    {
      "clip": "Active",
      "samples": 11,
      "minimum_support_sole_z_m": 8.114002980619262e-08,
      "maximum_support_sole_z_m": 8.114002980619262e-08,
      "max_root_translation_m": 0,
      "max_pose_scale_error": 0
    },
    {
      "clip": "Hit",
      "samples": 9,
      "minimum_support_sole_z_m": 5.8375370315388864e-08,
      "maximum_support_sole_z_m": 8.811249330165083e-08,
      "max_root_translation_m": 0,
      "max_pose_scale_error": 0
    },
    {
      "clip": "Defeat",
      "samples": 21,
      "minimum_support_sole_z_m": 4.3241001890237385e-08,
      "maximum_support_sole_z_m": 1.1039257685752091e-07,
      "max_root_translation_m": 0,
      "max_pose_scale_error": 0
    },
    {
      "clip": "Victory",
      "samples": 31,
      "minimum_support_sole_z_m": 8.114002980619262e-08,
      "maximum_support_sole_z_m": 8.114002980619262e-08,
      "max_root_translation_m": 0,
      "max_pose_scale_error": 0
    }
  ],
  "errors": [],
  "not_checked": [
    "continuous visual quality",
    "weapon/costume clipping",
    "semantic gesture review",
    "Unreal retarget/import",
    "runtime move-speed synchronization"
  ]
}
WC_HALFLING_EXPORTED {"unit": "wc_u_halfling_rogue", "report": "C:\\Users\\iputu\\Documents\\Wonder Chess\\reports\\WC-U440\\20260906T163654Z\\halfling-final-check\\nella", "triangles": 6748}
Blender 5.1.1 (hash b70da489d7f4 built 2026-04-14 01:37:22)

Blender quit
