00:03.704  blend            | Read blend: "C:\Users\iputu\Documents\Wonder Chess\art-source\heroes\wc_u_dwarf_guardian\wc_u_dwarf_guardian.blend"
00:03.750  blend            | Read blend: "C:\Users\iputu\Documents\Wonder Chess\reports\WC-U440\20260906T141605Z\dwarves\wc_u_dwarf_guardian\wc_u_dwarf_guardian-update24-motion7.blend"
C:\Users\iputu\Documents\Wonder Chess\tools\blender\refine_update_dwarves.py:501: DeprecationWarning: 'Material.use_nodes' is expected to be removed in Blender 6.0
  if material.use_nodes:
00:10.954  render           | Video append frame 1
00:10.985  render           | Video append frame 2
00:11.000  render           | Video append frame 3
00:11.032  render           | Video append frame 4
00:11.063  render           | Video append frame 5
00:11.094  render           | Video append frame 6
00:11.110  render           | Video append frame 7
00:11.141  render           | Video append frame 8
00:11.172  render           | Video append frame 9
00:11.204  render           | Video append frame 10
00:11.219  render           | Video append frame 11
00:11.266  render           | Video append frame 12
00:11.297  render           | Video append frame 13
00:11.329  render           | Video append frame 14
00:11.344  render           | Video append frame 15
00:11.375  render           | Video append frame 16
00:11.407  render           | Video append frame 17
00:11.438  render           | Video append frame 18
00:11.485  render           | Video append frame 19
00:11.516  render           | Video append frame 20
00:11.547  render           | Video append frame 21
00:11.579  render           | Video append frame 22
00:11.625  render           | Video append frame 23
00:11.641  render           | Video append frame 24
00:11.672  render           | Video append frame 25
00:11.704  render           | Video append frame 26
00:11.750  render           | Video append frame 27
00:11.782  render           | Video append frame 28
00:11.813  render           | Video append frame 29
00:11.844  render           | Video append frame 30
00:11.860  render           | Video append frame 31
00:11.891  render           | Video append frame 32
00:11.922  render           | Video append frame 33
00:11.954  render           | Video append frame 34
00:12.000  render           | Video append frame 35
00:12.032  render           | Video append frame 36
00:12.063  render           | Video append frame 37
00:12.094  render           | Video append frame 38
00:12.125  render           | Video append frame 39
00:12.141  render           | Video append frame 40
00:12.172  render           | Video append frame 41
00:12.204  render           | Video append frame 42
00:12.235  render           | Video append frame 43
00:12.282  render           | Video append frame 44
00:12.297  render           | Video append frame 45
00:12.344  render           | Video append frame 46
00:12.360  render           | Video append frame 47
00:12.391  render           | Video append frame 48
00:12.422  render           | Video append frame 49
00:12.454  render           | Video append frame 50
00:12.485  render           | Video append frame 51
00:12.516  render           | Video append frame 52
00:12.547  render           | Video append frame 53
00:12.579  render           | Video append frame 54
00:12.610  render           | Video append frame 55
00:12.641  render           | Video append frame 56
00:12.672  render           | Video append frame 57
00:12.688  render           | Video append frame 58
00:12.719  render           | Video append frame 59
00:12.750  render           | Video append frame 60
00:12.782  render           | Video append frame 61
00:12.813  render           | Video append frame 62
00:12.844  render           | Video append frame 63
00:12.875  render           | Video append frame 64
00:12.907  render           | Video append frame 65
00:12.938  render           | Video append frame 66
00:12.969  render           | Video append frame 67
00:13.000  render           | Video append frame 68
00:13.032  render           | Video append frame 69
00:13.063  render           | Video append frame 70
00:13.094  render           | Video append frame 71
00:13.110  render           | Video append frame 72
00:13.141  render           | Video append frame 73
00:13.172  render           | Video append frame 74
00:13.204  render           | Video append frame 75
00:13.235  render           | Video append frame 76
00:13.250  render           | Video append frame 77
00:13.282  render           | Video append frame 78
00:13.313  render           | Video append frame 79
00:13.344  render           | Video append frame 80
00:13.375  render           | Video append frame 81
00:13.391  render           | Video append frame 82
00:13.422  render           | Video append frame 83
00:13.454  render           | Video append frame 84
00:13.469  render           | Video append frame 85
00:13.500  render           | Video append frame 86
00:13.532  render           | Video append frame 87
00:13.547  render           | Video append frame 88
00:13.579  render           | Video append frame 89
00:13.610  render           | Video append frame 90
00:13.641  render           | Video append frame 91
00:13.672  render           | Video append frame 92
00:13.688  render           | Video append frame 93
00:13.719  render           | Video append frame 94
00:13.750  render           | Video append frame 95
00:13.782  render           | Video append frame 96
00:13.797  render           | Video append frame 97
00:13.829  render           | Video append frame 98
00:13.860  render           | Video append frame 99
00:13.891  render           | Video append frame 100
00:13.922  render           | Video append frame 101
00:13.954  render           | Video append frame 102
00:13.985  render           | Video append frame 103
00:14.016  render           | Video append frame 104
00:14.063  render           | Video append frame 105
00:14.094  render           | Video append frame 106
00:14.125  render           | Video append frame 107
00:14.157  render           | Video append frame 108
00:14.204  render           | Video append frame 109
00:14.235  render           | Video append frame 110
00:14.282  render           | Video append frame 111
00:14.329  render           | Video append frame 112
00:14.375  render           | Video append frame 113
00:14.422  render           | Video append frame 114
00:14.469  render           | Video append frame 115
00:14.500  render           | Video append frame 116
00:14.547  render           | Video append frame 117
00:14.704  render           | Video append frame 118
00:14.813  render           | Video append frame 119
00:14.844  render           | Video append frame 120
00:14.891  render           | Video append frame 121
00:15.000  render           | Video append frame 1
00:15.047  render           | Video append frame 2
00:15.094  render           | Video append frame 3
00:15.141  render           | Video append frame 4
00:15.188  render           | Video append frame 5
00:15.219  render           | Video append frame 6
00:15.250  render           | Video append frame 7
00:15.313  render           | Video append frame 8
00:15.344  render           | Video append frame 9
00:15.360  render           | Video append frame 10
00:15.391  render           | Video append frame 11
00:15.422  render           | Video append frame 12
00:15.454  render           | Video append frame 13
00:15.485  render           | Video append frame 14
00:15.516  render           | Video append frame 15
00:15.563  render           | Video append frame 16
00:15.579  render           | Video append frame 17
00:15.625  render           | Video append frame 18
00:15.657  render           | Video append frame 19
00:15.688  render           | Video append frame 20
00:15.719  render           | Video append frame 21
00:15.750  render           | Video append frame 22
00:15.782  render           | Video append frame 23
00:15.813  render           | Video append frame 24
00:15.860  render           | Video append frame 25
00:15.891  render           | Video append frame 26
00:15.938  render           | Video append frame 27
00:15.985  render           | Video append frame 28
00:16.016  render           | Video append frame 29
00:16.047  render           | Video append frame 30
00:16.094  render           | Video append frame 31
00:16.141  render           | Video append frame 32
00:16.204  render           | Video append frame 33
00:16.250  render           | Video append frame 34
00:16.329  render           | Video append frame 35
00:16.375  render           | Video append frame 36
00:16.438  render           | Video append frame 37
00:16.485  render           | Video append frame 38
00:16.547  render           | Video append frame 39
00:16.610  render           | Video append frame 40
00:16.657  render           | Video append frame 41
00:16.704  render           | Video append frame 42
00:16.750  render           | Video append frame 43
00:16.797  render           | Video append frame 44
00:16.829  render           | Video append frame 45
00:16.875  render           | Video append frame 46
00:16.922  render           | Video append frame 47
00:16.969  render           | Video append frame 48
00:17.000  render           | Video append frame 49
00:17.032  render           | Video append frame 50
00:17.063  render           | Video append frame 51
00:17.110  render           | Video append frame 52
00:17.157  render           | Video append frame 53
00:17.188  render           | Video append frame 54
00:17.235  render           | Video append frame 55
00:17.282  render           | Video append frame 56
00:17.313  render           | Video append frame 57
00:17.344  render           | Video append frame 58
00:17.375  render           | Video append frame 59
00:17.407  render           | Video append frame 60
00:17.454  render           | Video append frame 61
00:17.563  render           | Video append frame 1
00:17.594  render           | Video append frame 2
00:17.625  render           | Video append frame 3
00:17.672  render           | Video append frame 4
00:17.735  render           | Video append frame 5
00:17.875  render           | Video append frame 6
00:17.938  render           | Video append frame 7
00:17.985  render           | Video append frame 8
00:18.891  render           | Video append frame 9
00:18.938  render           | Video append frame 10
00:18.985  render           | Video append frame 11
00:19.032  render           | Video append frame 12
00:19.063  render           | Video append frame 13
00:19.094  render           | Video append frame 14
00:19.125  render           | Video append frame 15
00:19.172  render           | Video append frame 16
00:19.204  render           | Video append frame 17
00:19.250  render           | Video append frame 18
00:19.282  render           | Video append frame 19
00:19.313  render           | Video append frame 20
00:19.344  render           | Video append frame 21
00:19.375  render           | Video append frame 22
00:19.407  render           | Video append frame 23
00:19.438  render           | Video append frame 24
00:19.469  render           | Video append frame 25
00:19.516  render           | Video append frame 26
00:19.594  render           | Video append frame 27
00:19.641  render           | Video append frame 28
00:19.719  render           | Video append frame 29
00:19.766  render           | Video append frame 30
00:19.813  render           | Video append frame 31
00:19.860  render           | Video append frame 32
00:19.922  render           | Video append frame 33
00:19.969  render           | Video append frame 34
00:20.016  render           | Video append frame 35
00:20.047  render           | Video append frame 36
00:20.094  render           | Video append frame 37
00:20.141  render           | Video append frame 38
00:20.172  render           | Video append frame 39
00:20.219  render           | Video append frame 40
00:20.297  render           | Video append frame 1
00:20.329  render           | Video append frame 2
00:20.375  render           | Video append frame 3
00:20.391  render           | Video append frame 4
00:20.422  render           | Video append frame 5
00:20.454  render           | Video append frame 6
00:20.485  render           | Video append frame 7
00:20.516  render           | Video append frame 8
00:20.547  render           | Video append frame 9
00:20.563  render           | Video append frame 10
00:20.594  render           | Video append frame 11
00:20.610  render           | Video append frame 12
00:20.641  render           | Video append frame 13
00:20.672  render           | Video append frame 14
00:20.704  render           | Video append frame 15
00:20.735  render           | Video append frame 16
00:20.782  render           | Video append frame 17
00:20.813  render           | Video append frame 18
00:20.844  render           | Video append frame 19
00:20.875  render           | Video append frame 20
00:20.907  render           | Video append frame 21
00:20.954  render           | Video append frame 22
00:20.985  render           | Video append frame 23
00:21.016  render           | Video append frame 24
00:21.047  render           | Video append frame 25
00:21.079  render           | Video append frame 26
00:21.110  render           | Video append frame 27
00:21.141  render           | Video append frame 28
00:21.172  render           | Video append frame 29
00:21.204  render           | Video append frame 30
00:21.235  render           | Video append frame 31
00:21.266  render           | Video append frame 32
00:21.297  render           | Video append frame 33
00:21.329  render           | Video append frame 34
00:21.360  render           | Video append frame 35
00:21.407  render           | Video append frame 36
00:21.438  render           | Video append frame 37
00:21.469  render           | Video append frame 38
00:21.500  render           | Video append frame 39
00:21.532  render           | Video append frame 40
00:21.579  render           | Video append frame 41
00:21.610  render           | Video append frame 42
00:21.641  render           | Video append frame 43
00:21.735  render           | Video append frame 1
00:21.766  render           | Video append frame 2
00:21.813  render           | Video append frame 3
00:21.844  render           | Video append frame 4
00:21.875  render           | Video append frame 5
00:21.922  render           | Video append frame 6
00:21.954  render           | Video append frame 7
00:22.000  render           | Video append frame 8
00:22.032  render           | Video append frame 9
00:22.063  render           | Video append frame 10
00:22.110  render           | Video append frame 11
00:22.157  render           | Video append frame 12
00:22.204  render           | Video append frame 13
00:22.235  render           | Video append frame 14
00:22.282  render           | Video append frame 15
00:22.344  render           | Video append frame 16
00:22.391  render           | Video append frame 17
00:22.422  render           | Video append frame 18
00:22.454  render           | Video append frame 19
00:22.485  render           | Video append frame 20
00:22.532  render           | Video append frame 21
00:22.563  render           | Video append frame 22
00:22.610  render           | Video append frame 23
00:22.657  render           | Video append frame 24
00:22.704  render           | Video append frame 25
00:22.797  render           | Video append frame 1
00:22.844  render           | Video append frame 2
00:22.875  render           | Video append frame 3
00:22.907  render           | Video append frame 4
00:22.938  render           | Video append frame 5
00:22.969  render           | Video append frame 6
00:23.000  render           | Video append frame 7
00:23.032  render           | Video append frame 8
00:23.063  render           | Video append frame 9
00:23.094  render           | Video append frame 10
00:23.125  render           | Video append frame 11
00:23.157  render           | Video append frame 12
00:23.188  render           | Video append frame 13
00:23.219  render           | Video append frame 14
00:23.250  render           | Video append frame 15
00:23.282  render           | Video append frame 16
00:23.313  render           | Video append frame 17
00:23.360  render           | Video append frame 18
00:23.391  render           | Video append frame 19
00:23.438  render           | Video append frame 20
00:23.469  render           | Video append frame 21
00:23.500  render           | Video append frame 22
00:23.547  render           | Video append frame 23
00:23.563  render           | Video append frame 24
00:23.594  render           | Video append frame 25
00:23.625  render           | Video append frame 26
00:23.657  render           | Video append frame 27
00:23.688  render           | Video append frame 28
00:23.719  render           | Video append frame 29
00:23.750  render           | Video append frame 30
00:23.782  render           | Video append frame 31
00:23.813  render           | Video append frame 32
00:23.844  render           | Video append frame 33
00:23.891  render           | Video append frame 34
00:23.938  render           | Video append frame 35
00:23.969  render           | Video append frame 36
00:24.000  render           | Video append frame 37
00:24.032  render           | Video append frame 38
00:24.063  render           | Video append frame 39
00:24.094  render           | Video append frame 40
00:24.141  render           | Video append frame 41
00:24.172  render           | Video append frame 42
00:24.219  render           | Video append frame 43
00:24.266  render           | Video append frame 44
00:24.297  render           | Video append frame 45
00:24.344  render           | Video append frame 46
00:24.407  render           | Video append frame 47
00:24.438  render           | Video append frame 48
00:24.469  render           | Video append frame 49
00:24.516  render           | Video append frame 50
00:24.610  render           | Video append frame 51
00:24.657  render           | Video append frame 52
00:24.719  render           | Video append frame 53
00:24.766  render           | Video append frame 54
00:24.829  render           | Video append frame 55
00:24.875  render           | Video append frame 56
00:24.938  render           | Video append frame 57
00:24.969  render           | Video append frame 58
00:25.016  render           | Video append frame 59
00:25.079  render           | Video append frame 60
00:25.110  render           | Video append frame 61
00:25.188  render           | Video append frame 1
00:25.219  render           | Video append frame 2
00:25.250  render           | Video append frame 3
00:25.297  render           | Video append frame 4
00:25.329  render           | Video append frame 5
00:25.360  render           | Video append frame 6
00:25.407  render           | Video append frame 7
00:25.454  render           | Video append frame 8
00:25.485  render           | Video append frame 9
00:25.516  render           | Video append frame 10
00:25.563  render           | Video append frame 11
00:25.594  render           | Video append frame 12
00:25.625  render           | Video append frame 13
00:25.672  render           | Video append frame 14
00:25.704  render           | Video append frame 15
00:25.766  render           | Video append frame 16
00:25.969  render           | Video append frame 17
00:26.422  render           | Video append frame 18
00:26.907  render           | Video append frame 19
00:27.250  render           | Video append frame 20
00:27.454  render           | Video append frame 21
00:27.563  render           | Video append frame 22
00:27.625  render           | Video append frame 23
00:27.704  render           | Video append frame 24
00:27.750  render           | Video append frame 25
00:27.829  render           | Video append frame 26
00:27.907  render           | Video append frame 27
00:28.016  render           | Video append frame 28
00:28.079  render           | Video append frame 29
00:28.125  render           | Video append frame 30
00:28.172  render           | Video append frame 31
00:28.219  render           | Video append frame 32
00:28.282  render           | Video append frame 33
00:28.391  render           | Video append frame 34
00:28.469  render           | Video append frame 35
00:28.547  render           | Video append frame 36
00:28.610  render           | Video append frame 37
00:28.657  render           | Video append frame 38
00:28.688  render           | Video append frame 39
00:28.719  render           | Video append frame 40
00:28.797  render           | Video append frame 41
00:28.875  render           | Video append frame 42
00:28.969  render           | Video append frame 43
00:29.000  render           | Video append frame 44
00:29.047  render           | Video append frame 45
00:29.094  render           | Video append frame 46
00:29.172  render           | Video append frame 47
00:29.235  render           | Video append frame 48
00:29.329  render           | Video append frame 49
00:29.360  render           | Video append frame 50
00:29.391  render           | Video append frame 51
00:29.454  render           | Video append frame 52
00:29.532  render           | Video append frame 53
00:29.579  render           | Video append frame 54
00:29.641  render           | Video append frame 55
00:29.704  render           | Video append frame 56
00:29.766  render           | Video append frame 57
00:29.875  render           | Video append frame 58
00:29.954  render           | Video append frame 59
00:30.016  render           | Video append frame 60
00:30.079  render           | Video append frame 61
00:30.125  render           | Video append frame 62
00:30.204  render           | Video append frame 63
00:30.641  render           | Video append frame 64
00:31.032  render           | Video append frame 65
00:31.407  render           | Video append frame 66
00:31.657  render           | Video append frame 67
00:31.891  render           | Video append frame 68
00:31.969  render           | Video append frame 69
00:32.032  render           | Video append frame 70
00:32.079  render           | Video append frame 71
00:32.125  render           | Video append frame 72
00:32.157  render           | Video append frame 73
00:32.235  render           | Video append frame 74
00:32.329  render           | Video append frame 75
00:32.375  render           | Video append frame 76
00:32.438  render           | Video append frame 77
00:32.500  render           | Video append frame 78
00:32.563  render           | Video append frame 79
00:32.657  render           | Video append frame 80
00:32.719  render           | Video append frame 81
00:32.782  render           | Video append frame 82
00:32.860  render           | Video append frame 83
00:32.891  render           | Video append frame 84
00:33.016  render           | Video append frame 85
00:33.079  render           | Video append frame 86
00:33.110  render           | Video append frame 87
00:33.188  render           | Video append frame 88
00:33.250  render           | Video append frame 89
00:33.313  render           | Video append frame 90
00:33.407  render           | Video append frame 91
00:33.516  render           | Saved: 'C:\Users\iputu\Documents\Wonder Chess\reports\WC-U440\20260906T141605Z\dwarves\wc_u_dwarf_guardian\pose_Idle_001.png'
00:33.610  render           | Saved: 'C:\Users\iputu\Documents\Wonder Chess\reports\WC-U440\20260906T141605Z\dwarves\wc_u_dwarf_guardian\pose_Idle_040.png'
00:33.719  render           | Saved: 'C:\Users\iputu\Documents\Wonder Chess\reports\WC-U440\20260906T141605Z\dwarves\wc_u_dwarf_guardian\pose_Idle_054.png'
00:33.844  render           | Saved: 'C:\Users\iputu\Documents\Wonder Chess\reports\WC-U440\20260906T141605Z\dwarves\wc_u_dwarf_guardian\pose_Idle_060.png'
00:33.969  render           | Saved: 'C:\Users\iputu\Documents\Wonder Chess\reports\WC-U440\20260906T141605Z\dwarves\wc_u_dwarf_guardian\pose_Idle_121.png'
00:34.860  render           | Saved: 'C:\Users\iputu\Documents\Wonder Chess\reports\WC-U440\20260906T141605Z\dwarves\wc_u_dwarf_guardian\pose_Move_001.png'
00:35.110  render           | Saved: 'C:\Users\iputu\Documents\Wonder Chess\reports\WC-U440\20260906T141605Z\dwarves\wc_u_dwarf_guardian\pose_Move_020.png'
00:35.360  render           | Saved: 'C:\Users\iputu\Documents\Wonder Chess\reports\WC-U440\20260906T141605Z\dwarves\wc_u_dwarf_guardian\pose_Move_024.png'
00:35.454  render           | Saved: 'C:\Users\iputu\Documents\Wonder Chess\reports\WC-U440\20260906T141605Z\dwarves\wc_u_dwarf_guardian\pose_Move_030.png'
00:35.532  render           | Saved: 'C:\Users\iputu\Documents\Wonder Chess\reports\WC-U440\20260906T141605Z\dwarves\wc_u_dwarf_guardian\pose_Move_061.png'
00:35.641  render           | Saved: 'C:\Users\iputu\Documents\Wonder Chess\reports\WC-U440\20260906T141605Z\dwarves\wc_u_dwarf_guardian\pose_Attack_001.png'
00:35.719  render           | Saved: 'C:\Users\iputu\Documents\Wonder Chess\reports\WC-U440\20260906T141605Z\dwarves\wc_u_dwarf_guardian\pose_Attack_010.png'
00:35.782  render           | Saved: 'C:\Users\iputu\Documents\Wonder Chess\reports\WC-U440\20260906T141605Z\dwarves\wc_u_dwarf_guardian\pose_Attack_016.png'
00:35.875  render           | Saved: 'C:\Users\iputu\Documents\Wonder Chess\reports\WC-U440\20260906T141605Z\dwarves\wc_u_dwarf_guardian\pose_Attack_020.png'
00:35.985  render           | Saved: 'C:\Users\iputu\Documents\Wonder Chess\reports\WC-U440\20260906T141605Z\dwarves\wc_u_dwarf_guardian\pose_Attack_040.png'
00:36.079  render           | Saved: 'C:\Users\iputu\Documents\Wonder Chess\reports\WC-U440\20260906T141605Z\dwarves\wc_u_dwarf_guardian\pose_Active_001.png'
00:36.157  render           | Saved: 'C:\Users\iputu\Documents\Wonder Chess\reports\WC-U440\20260906T141605Z\dwarves\wc_u_dwarf_guardian\pose_Active_019.png'
00:36.235  render           | Saved: 'C:\Users\iputu\Documents\Wonder Chess\reports\WC-U440\20260906T141605Z\dwarves\wc_u_dwarf_guardian\pose_Active_021.png'
00:36.344  render           | Saved: 'C:\Users\iputu\Documents\Wonder Chess\reports\WC-U440\20260906T141605Z\dwarves\wc_u_dwarf_guardian\pose_Active_025.png'
00:36.422  render           | Saved: 'C:\Users\iputu\Documents\Wonder Chess\reports\WC-U440\20260906T141605Z\dwarves\wc_u_dwarf_guardian\pose_Active_043.png'
00:36.500  render           | Saved: 'C:\Users\iputu\Documents\Wonder Chess\reports\WC-U440\20260906T141605Z\dwarves\wc_u_dwarf_guardian\pose_Hit_001.png'
00:36.594  render           | Saved: 'C:\Users\iputu\Documents\Wonder Chess\reports\WC-U440\20260906T141605Z\dwarves\wc_u_dwarf_guardian\pose_Hit_006.png'
00:36.704  render           | Saved: 'C:\Users\iputu\Documents\Wonder Chess\reports\WC-U440\20260906T141605Z\dwarves\wc_u_dwarf_guardian\pose_Hit_008.png'
00:36.766  render           | Saved: 'C:\Users\iputu\Documents\Wonder Chess\reports\WC-U440\20260906T141605Z\dwarves\wc_u_dwarf_guardian\pose_Hit_012.png'
00:36.875  render           | Saved: 'C:\Users\iputu\Documents\Wonder Chess\reports\WC-U440\20260906T141605Z\dwarves\wc_u_dwarf_guardian\pose_Hit_025.png'
00:37.000  render           | Saved: 'C:\Users\iputu\Documents\Wonder Chess\reports\WC-U440\20260906T141605Z\dwarves\wc_u_dwarf_guardian\pose_Defeat_001.png'
00:37.063  render           | Saved: 'C:\Users\iputu\Documents\Wonder Chess\reports\WC-U440\20260906T141605Z\dwarves\wc_u_dwarf_guardian\pose_Defeat_020.png'
00:37.141  render           | Saved: 'C:\Users\iputu\Documents\Wonder Chess\reports\WC-U440\20260906T141605Z\dwarves\wc_u_dwarf_guardian\pose_Defeat_024.png'
00:37.204  render           | Saved: 'C:\Users\iputu\Documents\Wonder Chess\reports\WC-U440\20260906T141605Z\dwarves\wc_u_dwarf_guardian\pose_Defeat_030.png'
00:37.266  render           | Saved: 'C:\Users\iputu\Documents\Wonder Chess\reports\WC-U440\20260906T141605Z\dwarves\wc_u_dwarf_guardian\pose_Defeat_061.png'
00:37.360  render           | Saved: 'C:\Users\iputu\Documents\Wonder Chess\reports\WC-U440\20260906T141605Z\dwarves\wc_u_dwarf_guardian\pose_Victory_001.png'
00:37.438  render           | Saved: 'C:\Users\iputu\Documents\Wonder Chess\reports\WC-U440\20260906T141605Z\dwarves\wc_u_dwarf_guardian\pose_Victory_030.png'
00:37.532  render           | Saved: 'C:\Users\iputu\Documents\Wonder Chess\reports\WC-U440\20260906T141605Z\dwarves\wc_u_dwarf_guardian\pose_Victory_039.png'
00:37.594  render           | Saved: 'C:\Users\iputu\Documents\Wonder Chess\reports\WC-U440\20260906T141605Z\dwarves\wc_u_dwarf_guardian\pose_Victory_045.png'
00:37.704  render           | Saved: 'C:\Users\iputu\Documents\Wonder Chess\reports\WC-U440\20260906T141605Z\dwarves\wc_u_dwarf_guardian\pose_Victory_091.png'
00:37.891  blend            | Read blend: "C:\Users\iputu\Documents\Wonder Chess\art-source\heroes\wc_u_dwarf_ranger\wc_u_dwarf_ranger.blend"
00:38.157  blend            | Read blend: "C:\Users\iputu\Documents\Wonder Chess\reports\WC-U440\20260906T141605Z\dwarves\wc_u_dwarf_ranger\wc_u_dwarf_ranger-update24-motion7.blend"
00:42.766  render           | Video append frame 1
00:42.813  render           | Video append frame 2
00:42.860  render           | Video append frame 3
00:42.922  render           | Video append frame 4
00:42.969  render           | Video append frame 5
00:43.016  render           | Video append frame 6
00:43.047  render           | Video append frame 7
00:43.079  render           | Video append frame 8
00:43.110  render           | Video append frame 9
00:43.125  render           | Video append frame 10
00:43.157  render           | Video append frame 11
00:43.188  render           | Video append frame 12
00:43.219  render           | Video append frame 13
00:43.250  render           | Video append frame 14
00:43.282  render           | Video append frame 15
00:43.313  render           | Video append frame 16
00:43.344  render           | Video append frame 17
00:43.375  render           | Video append frame 18
00:43.407  render           | Video append frame 19
00:43.438  render           | Video append frame 20
00:43.469  render           | Video append frame 21
00:43.500  render           | Video append frame 22
00:43.516  render           | Video append frame 23
00:43.547  render           | Video append frame 24
00:43.594  render           | Video append frame 25
00:43.625  render           | Video append frame 26
00:43.657  render           | Video append frame 27
00:43.688  render           | Video append frame 28
00:43.719  render           | Video append frame 29
00:43.750  render           | Video append frame 30
00:43.766  render           | Video append frame 31
00:43.813  render           | Video append frame 32
00:43.844  render           | Video append frame 33
00:43.907  render           | Video append frame 34
00:43.954  render           | Video append frame 35
00:43.969  render           | Video append frame 36
00:44.000  render           | Video append frame 37
00:44.032  render           | Video append frame 38
00:44.063  render           | Video append frame 39
00:44.094  render           | Video append frame 40
00:44.125  render           | Video append frame 41
00:44.157  render           | Video append frame 42
00:44.188  render           | Video append frame 43
00:44.219  render           | Video append frame 44
00:44.250  render           | Video append frame 45
00:44.282  render           | Video append frame 46
00:44.313  render           | Video append frame 47
00:44.344  render           | Video append frame 48
00:44.375  render           | Video append frame 49
00:44.407  render           | Video append frame 50
00:44.422  render           | Video append frame 51
00:44.469  render           | Video append frame 52
00:44.485  render           | Video append frame 53
00:44.516  render           | Video append frame 54
00:44.547  render           | Video append frame 55
00:44.579  render           | Video append frame 56
00:44.610  render           | Video append frame 57
00:44.641  render           | Video append frame 58
00:44.672  render           | Video append frame 59
00:44.704  render           | Video append frame 60
00:44.719  render           | Video append frame 61
00:44.750  render           | Video append frame 62
00:44.782  render           | Video append frame 63
00:44.813  render           | Video append frame 64
00:44.860  render           | Video append frame 65
00:44.891  render           | Video append frame 66
00:44.922  render           | Video append frame 67
00:44.954  render           | Video append frame 68
00:44.985  render           | Video append frame 69
00:45.032  render           | Video append frame 70
00:45.047  render           | Video append frame 71
00:45.079  render           | Video append frame 72
00:45.110  render           | Video append frame 73
00:45.157  render           | Video append frame 74
00:45.172  render           | Video append frame 75
00:45.204  render           | Video append frame 76
00:45.235  render           | Video append frame 77
00:45.250  render           | Video append frame 78
00:45.282  render           | Video append frame 79
00:45.313  render           | Video append frame 80
00:45.344  render           | Video append frame 81
00:45.375  render           | Video append frame 82
00:45.391  render           | Video append frame 83
00:45.422  render           | Video append frame 84
00:45.438  render           | Video append frame 85
00:45.469  render           | Video append frame 86
00:45.500  render           | Video append frame 87
00:45.532  render           | Video append frame 88
00:45.563  render           | Video append frame 89
00:45.594  render           | Video append frame 90
00:45.625  render           | Video append frame 91
00:45.657  render           | Video append frame 92
00:45.688  render           | Video append frame 93
00:45.719  render           | Video append frame 94
00:45.750  render           | Video append frame 95
00:45.782  render           | Video append frame 96
00:45.813  render           | Video append frame 97
00:45.844  render           | Video append frame 98
00:45.875  render           | Video append frame 99
00:45.907  render           | Video append frame 100
00:45.938  render           | Video append frame 101
00:45.969  render           | Video append frame 102
00:45.985  render           | Video append frame 103
00:46.016  render           | Video append frame 104
00:46.047  render           | Video append frame 105
00:46.079  render           | Video append frame 106
00:46.094  render           | Video append frame 107
00:46.125  render           | Video append frame 108
00:46.157  render           | Video append frame 109
00:46.188  render           | Video append frame 110
00:46.204  render           | Video append frame 111
00:46.235  render           | Video append frame 112
00:46.266  render           | Video append frame 113
00:46.297  render           | Video append frame 114
00:46.313  render           | Video append frame 115
00:46.344  render           | Video append frame 116
00:46.375  render           | Video append frame 117
00:46.407  render           | Video append frame 118
00:46.438  render           | Video append frame 119
00:46.469  render           | Video append frame 120
00:46.500  render           | Video append frame 121
00:46.563  render           | Video append frame 1
00:46.594  render           | Video append frame 2
00:46.625  render           | Video append frame 3
00:46.657  render           | Video append frame 4
00:46.672  render           | Video append frame 5
00:46.704  render           | Video append frame 6
00:46.735  render           | Video append frame 7
00:46.766  render           | Video append frame 8
00:46.797  render           | Video append frame 9
00:46.829  render           | Video append frame 10
00:46.860  render           | Video append frame 11
00:46.907  render           | Video append frame 12
00:46.938  render           | Video append frame 13
00:46.969  render           | Video append frame 14
00:47.000  render           | Video append frame 15
00:47.032  render           | Video append frame 16
00:47.063  render           | Video append frame 17
00:47.094  render           | Video append frame 18
00:47.125  render           | Video append frame 19
00:47.157  render           | Video append frame 20
00:47.188  render           | Video append frame 21
00:47.235  render           | Video append frame 22
00:47.266  render           | Video append frame 23
00:47.313  render           | Video append frame 24
00:47.344  render           | Video append frame 25
00:47.375  render           | Video append frame 26
00:47.407  render           | Video append frame 27
00:47.422  render           | Video append frame 28
00:47.454  render           | Video append frame 29
00:47.485  render           | Video append frame 30
00:47.516  render           | Video append frame 31
00:47.563  render           | Video append frame 32
00:47.594  render           | Video append frame 33
00:47.625  render           | Video append frame 34
00:47.672  render           | Video append frame 35
00:47.688  render           | Video append frame 36
00:47.719  render           | Video append frame 37
00:47.750  render           | Video append frame 38
00:47.782  render           | Video append frame 39
00:47.813  render           | Video append frame 40
00:47.844  render           | Video append frame 41
00:47.875  render           | Video append frame 42
00:47.907  render           | Video append frame 43
00:47.938  render           | Video append frame 44
00:47.954  render           | Video append frame 45
00:48.000  render           | Video append frame 46
00:48.032  render           | Video append frame 47
00:48.047  render           | Video append frame 48
00:48.079  render           | Video append frame 49
00:48.094  render           | Video append frame 50
00:48.125  render           | Video append frame 51
00:48.157  render           | Video append frame 52
00:48.188  render           | Video append frame 53
00:48.219  render           | Video append frame 54
00:48.235  render           | Video append frame 55
00:48.266  render           | Video append frame 56
00:48.297  render           | Video append frame 57
00:48.329  render           | Video append frame 58
00:48.360  render           | Video append frame 59
00:48.391  render           | Video append frame 60
00:48.407  render           | Video append frame 61
00:48.469  render           | Video append frame 1
00:48.500  render           | Video append frame 2
00:48.532  render           | Video append frame 3
00:48.547  render           | Video append frame 4
00:48.579  render           | Video append frame 5
00:48.594  render           | Video append frame 6
00:48.625  render           | Video append frame 7
00:48.657  render           | Video append frame 8
00:48.688  render           | Video append frame 9
00:48.719  render           | Video append frame 10
00:48.750  render           | Video append frame 11
00:48.782  render           | Video append frame 12
00:48.813  render           | Video append frame 13
00:48.844  render           | Video append frame 14
00:48.875  render           | Video append frame 15
00:48.922  render           | Video append frame 16
00:48.954  render           | Video append frame 17
00:48.985  render           | Video append frame 18
00:49.032  render           | Video append frame 19
00:49.063  render           | Video append frame 20
00:49.079  render           | Video append frame 21
00:49.110  render           | Video append frame 22
00:49.141  render           | Video append frame 23
00:49.188  render           | Video append frame 24
00:49.235  render           | Video append frame 25
00:49.282  render           | Video append frame 26
00:49.313  render           | Video append frame 27
00:49.360  render           | Video append frame 28
00:49.391  render           | Video append frame 29
00:49.422  render           | Video append frame 30
00:49.469  render           | Video append frame 31
00:49.500  render           | Video append frame 32
00:49.532  render           | Video append frame 33
00:49.563  render           | Video append frame 34
00:49.594  render           | Video append frame 35
00:49.625  render           | Video append frame 36
00:49.641  render           | Video append frame 37
00:49.672  render           | Video append frame 38
00:49.704  render           | Video append frame 39
00:49.719  render           | Video append frame 40
00:49.750  render           | Video append frame 41
00:49.782  render           | Video append frame 42
00:49.813  render           | Video append frame 43
00:49.860  render           | Video append frame 1
00:49.891  render           | Video append frame 2
00:49.922  render           | Video append frame 3
00:49.938  render           | Video append frame 4
00:49.969  render           | Video append frame 5
00:49.985  render           | Video append frame 6
00:50.016  render           | Video append frame 7
00:50.047  render           | Video append frame 8
00:50.063  render           | Video append frame 9
00:50.094  render           | Video append frame 10
00:50.110  render           | Video append frame 11
00:50.141  render           | Video append frame 12
00:50.172  render           | Video append frame 13
00:50.188  render           | Video append frame 14
00:50.204  render           | Video append frame 15
00:50.235  render           | Video append frame 16
00:50.266  render           | Video append frame 17
00:50.282  render           | Video append frame 18
00:50.313  render           | Video append frame 19
00:50.329  render           | Video append frame 20
00:50.360  render           | Video append frame 21
00:50.391  render           | Video append frame 22
00:50.407  render           | Video append frame 23
00:50.438  render           | Video append frame 24
00:50.454  render           | Video append frame 25
00:50.485  render           | Video append frame 26
00:50.500  render           | Video append frame 27
00:50.532  render           | Video append frame 28
00:50.547  render           | Video append frame 29
00:50.579  render           | Video append frame 30
00:50.594  render           | Video append frame 31
00:50.625  render           | Video append frame 32
00:50.657  render           | Video append frame 33
00:50.672  render           | Video append frame 34
00:50.704  render           | Video append frame 35
00:50.719  render           | Video append frame 36
00:50.750  render           | Video append frame 37
00:50.782  render           | Video append frame 38
00:50.797  render           | Video append frame 39
00:50.829  render           | Video append frame 40
00:50.891  render           | Video append frame 1
00:50.922  render           | Video append frame 2
00:50.938  render           | Video append frame 3
00:50.969  render           | Video append frame 4
00:50.985  render           | Video append frame 5
00:51.016  render           | Video append frame 6
00:51.047  render           | Video append frame 7
00:51.063  render           | Video append frame 8
00:51.094  render           | Video append frame 9
00:51.125  render           | Video append frame 10
00:51.141  render           | Video append frame 11
00:51.172  render           | Video append frame 12
00:51.188  render           | Video append frame 13
00:51.219  render           | Video append frame 14
00:51.250  render           | Video append frame 15
00:51.282  render           | Video append frame 16
00:51.313  render           | Video append frame 17
00:51.329  render           | Video append frame 18
00:51.360  render           | Video append frame 19
00:51.391  render           | Video append frame 20
00:51.422  render           | Video append frame 21
00:51.454  render           | Video append frame 22
00:51.485  render           | Video append frame 23
00:51.516  render           | Video append frame 24
00:51.547  render           | Video append frame 25
00:51.625  render           | Video append frame 1
00:51.657  render           | Video append frame 2
00:51.688  render           | Video append frame 3
00:51.719  render           | Video append frame 4
00:51.750  render           | Video append frame 5
00:51.766  render           | Video append frame 6
00:51.797  render           | Video append frame 7
00:51.829  render           | Video append frame 8
00:51.860  render           | Video append frame 9
00:51.891  render           | Video append frame 10
00:51.907  render           | Video append frame 11
00:51.938  render           | Video append frame 12
00:51.969  render           | Video append frame 13
00:51.985  render           | Video append frame 14
00:52.016  render           | Video append frame 15
00:52.047  render           | Video append frame 16
00:52.063  render           | Video append frame 17
00:52.094  render           | Video append frame 18
00:52.110  render           | Video append frame 19
00:52.141  render           | Video append frame 20
00:52.172  render           | Video append frame 21
00:52.204  render           | Video append frame 22
00:52.235  render           | Video append frame 23
00:52.250  render           | Video append frame 24
00:52.282  render           | Video append frame 25
00:52.313  render           | Video append frame 26
00:52.344  render           | Video append frame 27
00:52.360  render           | Video append frame 28
00:52.391  render           | Video append frame 29
00:52.422  render           | Video append frame 30
00:52.454  render           | Video append frame 31
00:52.469  render           | Video append frame 32
00:52.500  render           | Video append frame 33
00:52.532  render           | Video append frame 34
00:52.563  render           | Video append frame 35
00:52.579  render           | Video append frame 36
00:52.610  render           | Video append frame 37
00:52.641  render           | Video append frame 38
00:52.657  render           | Video append frame 39
00:52.688  render           | Video append frame 40
00:52.719  render           | Video append frame 41
00:52.735  render           | Video append frame 42
00:52.766  render           | Video append frame 43
00:52.797  render           | Video append frame 44
00:52.829  render           | Video append frame 45
00:52.844  render           | Video append frame 46
00:52.875  render           | Video append frame 47
00:52.907  render           | Video append frame 48
00:52.938  render           | Video append frame 49
00:52.969  render           | Video append frame 50
00:53.000  render           | Video append frame 51
00:53.032  render           | Video append frame 52
00:53.063  render           | Video append frame 53
00:53.094  render           | Video append frame 54
00:53.110  render           | Video append frame 55
00:53.141  render           | Video append frame 56
00:53.172  render           | Video append frame 57
00:53.204  render           | Video append frame 58
00:53.219  render           | Video append frame 59
00:53.250  render           | Video append frame 60
00:53.282  render           | Video append frame 61
00:53.344  render           | Video append frame 1
00:53.360  render           | Video append frame 2
00:53.391  render           | Video append frame 3
00:53.422  render           | Video append frame 4
00:53.438  render           | Video append frame 5
00:53.469  render           | Video append frame 6
00:53.500  render           | Video append frame 7
00:53.516  render           | Video append frame 8
00:53.547  render           | Video append frame 9
00:53.579  render           | Video append frame 10
00:53.610  render           | Video append frame 11
00:53.625  render           | Video append frame 12
00:53.657  render           | Video append frame 13
00:53.688  render           | Video append frame 14
00:53.719  render           | Video append frame 15
00:53.750  render           | Video append frame 16
00:53.782  render           | Video append frame 17
00:53.797  render           | Video append frame 18
00:53.829  render           | Video append frame 19
00:53.860  render           | Video append frame 20
00:53.891  render           | Video append frame 21
00:53.922  render           | Video append frame 22
00:53.969  render           | Video append frame 23
00:54.000  render           | Video append frame 24
00:54.032  render           | Video append frame 25
00:54.063  render           | Video append frame 26
00:54.094  render           | Video append frame 27
00:54.438  render           | Video append frame 28
00:54.641  render           | Video append frame 29
00:54.672  render           | Video append frame 30
00:54.704  render           | Video append frame 31
00:54.735  render           | Video append frame 32
00:54.766  render           | Video append frame 33
00:54.797  render           | Video append frame 34
00:54.844  render           | Video append frame 35
00:54.875  render           | Video append frame 36
00:54.907  render           | Video append frame 37
00:54.938  render           | Video append frame 38
00:54.969  render           | Video append frame 39
00:55.000  render           | Video append frame 40
00:55.032  render           | Video append frame 41
00:55.063  render           | Video append frame 42
00:55.094  render           | Video append frame 43
00:55.125  render           | Video append frame 44
00:55.157  render           | Video append frame 45
00:55.188  render           | Video append frame 46
00:55.235  render           | Video append frame 47
00:55.266  render           | Video append frame 48
00:55.297  render           | Video append frame 49
00:55.329  render           | Video append frame 50
00:55.360  render           | Video append frame 51
00:55.375  render           | Video append frame 52
00:55.407  render           | Video append frame 53
00:55.438  render           | Video append frame 54
00:55.469  render           | Video append frame 55
00:55.500  render           | Video append frame 56
00:55.532  render           | Video append frame 57
00:55.563  render           | Video append frame 58
00:55.579  render           | Video append frame 59
00:55.610  render           | Video append frame 60
00:55.641  render           | Video append frame 61
00:55.672  render           | Video append frame 62
00:55.704  render           | Video append frame 63
00:55.719  render           | Video append frame 64
00:55.750  render           | Video append frame 65
00:55.782  render           | Video append frame 66
00:55.813  render           | Video append frame 67
00:55.844  render           | Video append frame 68
00:55.875  render           | Video append frame 69
00:55.907  render           | Video append frame 70
00:55.938  render           | Video append frame 71
00:55.969  render           | Video append frame 72
00:56.016  render           | Video append frame 73
00:56.047  render           | Video append frame 74
00:56.079  render           | Video append frame 75
00:56.110  render           | Video append frame 76
00:56.141  render           | Video append frame 77
00:56.172  render           | Video append frame 78
00:56.204  render           | Video append frame 79
00:56.235  render           | Video append frame 80
00:56.266  render           | Video append frame 81
00:56.297  render           | Video append frame 82
00:56.329  render           | Video append frame 83
00:56.360  render           | Video append frame 84
00:56.391  render           | Video append frame 85
00:56.407  render           | Video append frame 86
00:56.438  render           | Video append frame 87
00:56.485  render           | Video append frame 88
00:56.547  render           | Video append frame 89
00:56.579  render           | Video append frame 90
00:56.610  render           | Video append frame 91
00:56.704  render           | Saved: 'C:\Users\iputu\Documents\Wonder Chess\reports\WC-U440\20260906T141605Z\dwarves\wc_u_dwarf_ranger\pose_Idle_001.png'
00:56.750  render           | Saved: 'C:\Users\iputu\Documents\Wonder Chess\reports\WC-U440\20260906T141605Z\dwarves\wc_u_dwarf_ranger\pose_Idle_040.png'
00:56.813  render           | Saved: 'C:\Users\iputu\Documents\Wonder Chess\reports\WC-U440\20260906T141605Z\dwarves\wc_u_dwarf_ranger\pose_Idle_054.png'
00:56.860  render           | Saved: 'C:\Users\iputu\Documents\Wonder Chess\reports\WC-U440\20260906T141605Z\dwarves\wc_u_dwarf_ranger\pose_Idle_060.png'
00:56.907  render           | Saved: 'C:\Users\iputu\Documents\Wonder Chess\reports\WC-U440\20260906T141605Z\dwarves\wc_u_dwarf_ranger\pose_Idle_121.png'
00:56.954  render           | Saved: 'C:\Users\iputu\Documents\Wonder Chess\reports\WC-U440\20260906T141605Z\dwarves\wc_u_dwarf_ranger\pose_Move_001.png'
00:57.016  render           | Saved: 'C:\Users\iputu\Documents\Wonder Chess\reports\WC-U440\20260906T141605Z\dwarves\wc_u_dwarf_ranger\pose_Move_020.png'
00:57.063  render           | Saved: 'C:\Users\iputu\Documents\Wonder Chess\reports\WC-U440\20260906T141605Z\dwarves\wc_u_dwarf_ranger\pose_Move_024.png'
00:57.125  render           | Saved: 'C:\Users\iputu\Documents\Wonder Chess\reports\WC-U440\20260906T141605Z\dwarves\wc_u_dwarf_ranger\pose_Move_030.png'
00:57.172  render           | Saved: 'C:\Users\iputu\Documents\Wonder Chess\reports\WC-U440\20260906T141605Z\dwarves\wc_u_dwarf_ranger\pose_Move_061.png'
00:57.219  render           | Saved: 'C:\Users\iputu\Documents\Wonder Chess\reports\WC-U440\20260906T141605Z\dwarves\wc_u_dwarf_ranger\pose_Attack_001.png'
00:57.282  render           | Saved: 'C:\Users\iputu\Documents\Wonder Chess\reports\WC-U440\20260906T141605Z\dwarves\wc_u_dwarf_ranger\pose_Attack_013.png'
00:57.329  render           | Saved: 'C:\Users\iputu\Documents\Wonder Chess\reports\WC-U440\20260906T141605Z\dwarves\wc_u_dwarf_ranger\pose_Attack_019.png'
00:57.375  render           | Saved: 'C:\Users\iputu\Documents\Wonder Chess\reports\WC-U440\20260906T141605Z\dwarves\wc_u_dwarf_ranger\pose_Attack_021.png'
00:57.422  render           | Saved: 'C:\Users\iputu\Documents\Wonder Chess\reports\WC-U440\20260906T141605Z\dwarves\wc_u_dwarf_ranger\pose_Attack_043.png'
00:57.469  render           | Saved: 'C:\Users\iputu\Documents\Wonder Chess\reports\WC-U440\20260906T141605Z\dwarves\wc_u_dwarf_ranger\pose_Active_001.png'
00:57.516  render           | Saved: 'C:\Users\iputu\Documents\Wonder Chess\reports\WC-U440\20260906T141605Z\dwarves\wc_u_dwarf_ranger\pose_Active_016.png'
00:57.563  render           | Saved: 'C:\Users\iputu\Documents\Wonder Chess\reports\WC-U440\20260906T141605Z\dwarves\wc_u_dwarf_ranger\pose_Active_020.png'
00:57.625  render           | Saved: 'C:\Users\iputu\Documents\Wonder Chess\reports\WC-U440\20260906T141605Z\dwarves\wc_u_dwarf_ranger\pose_Active_022.png'
00:57.688  render           | Saved: 'C:\Users\iputu\Documents\Wonder Chess\reports\WC-U440\20260906T141605Z\dwarves\wc_u_dwarf_ranger\pose_Active_040.png'
00:57.735  render           | Saved: 'C:\Users\iputu\Documents\Wonder Chess\reports\WC-U440\20260906T141605Z\dwarves\wc_u_dwarf_ranger\pose_Hit_001.png'
00:57.797  render           | Saved: 'C:\Users\iputu\Documents\Wonder Chess\reports\WC-U440\20260906T141605Z\dwarves\wc_u_dwarf_ranger\pose_Hit_006.png'
00:57.860  render           | Saved: 'C:\Users\iputu\Documents\Wonder Chess\reports\WC-U440\20260906T141605Z\dwarves\wc_u_dwarf_ranger\pose_Hit_008.png'
00:58.032  render           | Saved: 'C:\Users\iputu\Documents\Wonder Chess\reports\WC-U440\20260906T141605Z\dwarves\wc_u_dwarf_ranger\pose_Hit_012.png'
00:58.125  render           | Saved: 'C:\Users\iputu\Documents\Wonder Chess\reports\WC-U440\20260906T141605Z\dwarves\wc_u_dwarf_ranger\pose_Hit_025.png'
00:58.188  render           | Saved: 'C:\Users\iputu\Documents\Wonder Chess\reports\WC-U440\20260906T141605Z\dwarves\wc_u_dwarf_ranger\pose_Defeat_001.png'
00:58.250  render           | Saved: 'C:\Users\iputu\Documents\Wonder Chess\reports\WC-U440\20260906T141605Z\dwarves\wc_u_dwarf_ranger\pose_Defeat_020.png'
00:58.344  render           | Saved: 'C:\Users\iputu\Documents\Wonder Chess\reports\WC-U440\20260906T141605Z\dwarves\wc_u_dwarf_ranger\pose_Defeat_024.png'
00:58.422  render           | Saved: 'C:\Users\iputu\Documents\Wonder Chess\reports\WC-U440\20260906T141605Z\dwarves\wc_u_dwarf_ranger\pose_Defeat_030.png'
00:58.485  render           | Saved: 'C:\Users\iputu\Documents\Wonder Chess\reports\WC-U440\20260906T141605Z\dwarves\wc_u_dwarf_ranger\pose_Defeat_061.png'
00:58.563  render           | Saved: 'C:\Users\iputu\Documents\Wonder Chess\reports\WC-U440\20260906T141605Z\dwarves\wc_u_dwarf_ranger\pose_Victory_001.png'
00:58.641  render           | Saved: 'C:\Users\iputu\Documents\Wonder Chess\reports\WC-U440\20260906T141605Z\dwarves\wc_u_dwarf_ranger\pose_Victory_030.png'
00:58.704  render           | Saved: 'C:\Users\iputu\Documents\Wonder Chess\reports\WC-U440\20260906T141605Z\dwarves\wc_u_dwarf_ranger\pose_Victory_039.png'
00:58.766  render           | Saved: 'C:\Users\iputu\Documents\Wonder Chess\reports\WC-U440\20260906T141605Z\dwarves\wc_u_dwarf_ranger\pose_Victory_045.png'
00:58.813  render           | Saved: 'C:\Users\iputu\Documents\Wonder Chess\reports\WC-U440\20260906T141605Z\dwarves\wc_u_dwarf_ranger\pose_Victory_091.png'
00:58.829  blend            | Read blend: "C:\Users\iputu\Documents\Wonder Chess\art-source\heroes\wc_u_dwarf_warrior\wc_u_dwarf_warrior.blend"
00:58.860  blend            | Read blend: "C:\Users\iputu\Documents\Wonder Chess\reports\WC-U440\20260906T141605Z\dwarves\wc_u_dwarf_warrior\wc_u_dwarf_warrior-update24-motion7.blend"
01:03.657  render           | Video append frame 1
01:03.704  render           | Video append frame 2
01:03.750  render           | Video append frame 3
01:03.797  render           | Video append frame 4
01:03.829  render           | Video append frame 5
01:03.860  render           | Video append frame 6
01:03.891  render           | Video append frame 7
01:03.922  render           | Video append frame 8
01:03.954  render           | Video append frame 9
01:03.985  render           | Video append frame 10
01:04.032  render           | Video append frame 11
01:04.079  render           | Video append frame 12
01:04.110  render           | Video append frame 13
01:04.157  render           | Video append frame 14
01:04.204  render           | Video append frame 15
01:04.329  render           | Video append frame 16
01:04.375  render           | Video append frame 17
01:04.454  render           | Video append frame 18
01:04.516  render           | Video append frame 19
01:04.610  render           | Video append frame 20
01:04.672  render           | Video append frame 21
01:04.704  render           | Video append frame 22
01:04.750  render           | Video append frame 23
01:04.829  render           | Video append frame 24
01:04.907  render           | Video append frame 25
01:04.969  render           | Video append frame 26
01:05.000  render           | Video append frame 27
01:05.047  render           | Video append frame 28
01:05.094  render           | Video append frame 29
01:05.125  render           | Video append frame 30
01:05.172  render           | Video append frame 31
01:05.204  render           | Video append frame 32
01:05.282  render           | Video append frame 33
01:05.329  render           | Video append frame 34
01:05.375  render           | Video append frame 35
01:05.407  render           | Video append frame 36
01:05.438  render           | Video append frame 37
01:05.469  render           | Video append frame 38
01:05.500  render           | Video append frame 39
01:05.547  render           | Video append frame 40
01:05.579  render           | Video append frame 41
01:05.610  render           | Video append frame 42
01:05.641  render           | Video append frame 43
01:05.672  render           | Video append frame 44
01:05.704  render           | Video append frame 45
01:05.735  render           | Video append frame 46
01:05.782  render           | Video append frame 47
01:05.844  render           | Video append frame 48
01:05.891  render           | Video append frame 49
01:05.938  render           | Video append frame 50
01:06.000  render           | Video append frame 51
01:06.032  render           | Video append frame 52
01:06.094  render           | Video append frame 53
01:06.141  render           | Video append frame 54
01:06.172  render           | Video append frame 55
01:06.235  render           | Video append frame 56
01:06.266  render           | Video append frame 57
01:06.297  render           | Video append frame 58
01:06.329  render           | Video append frame 59
01:06.375  render           | Video append frame 60
01:06.422  render           | Video append frame 61
01:06.547  render           | Video append frame 62
01:06.610  render           | Video append frame 63
01:06.719  render           | Video append frame 64
01:06.813  render           | Video append frame 65
01:06.875  render           | Video append frame 66
01:06.938  render           | Video append frame 67
01:06.985  render           | Video append frame 68
01:07.063  render           | Video append frame 69
01:07.188  render           | Video append frame 70
01:07.360  render           | Video append frame 71
01:07.438  render           | Video append frame 72
01:07.500  render           | Video append frame 73
01:07.547  render           | Video append frame 74
01:07.579  render           | Video append frame 75
01:07.610  render           | Video append frame 76
01:07.641  render           | Video append frame 77
01:07.672  render           | Video append frame 78
01:07.704  render           | Video append frame 79
01:07.735  render           | Video append frame 80
01:07.766  render           | Video append frame 81
01:07.797  render           | Video append frame 82
01:07.829  render           | Video append frame 83
01:07.875  render           | Video append frame 84
01:07.907  render           | Video append frame 85
01:07.938  render           | Video append frame 86
01:07.969  render           | Video append frame 87
01:07.985  render           | Video append frame 88
01:08.032  render           | Video append frame 89
01:08.094  render           | Video append frame 90
01:08.125  render           | Video append frame 91
01:08.157  render           | Video append frame 92
01:08.188  render           | Video append frame 93
01:08.235  render           | Video append frame 94
01:08.266  render           | Video append frame 95
01:08.297  render           | Video append frame 96
01:08.329  render           | Video append frame 97
01:08.375  render           | Video append frame 98
01:08.407  render           | Video append frame 99
01:08.454  render           | Video append frame 100
01:08.469  render           | Video append frame 101
01:08.516  render           | Video append frame 102
01:08.547  render           | Video append frame 103
01:08.579  render           | Video append frame 104
01:08.610  render           | Video append frame 105
01:08.641  render           | Video append frame 106
01:08.672  render           | Video append frame 107
01:08.704  render           | Video append frame 108
01:08.735  render           | Video append frame 109
01:08.750  render           | Video append frame 110
01:08.782  render           | Video append frame 111
01:08.813  render           | Video append frame 112
01:08.844  render           | Video append frame 113
01:08.875  render           | Video append frame 114
01:08.907  render           | Video append frame 115
01:08.954  render           | Video append frame 116
01:08.969  render           | Video append frame 117
01:09.000  render           | Video append frame 118
01:09.047  render           | Video append frame 119
01:09.079  render           | Video append frame 120
01:09.125  render           | Video append frame 121
01:09.188  render           | Video append frame 1
01:09.219  render           | Video append frame 2
01:09.266  render           | Video append frame 3
01:09.297  render           | Video append frame 4
01:09.329  render           | Video append frame 5
01:09.360  render           | Video append frame 6
01:09.516  render           | Video append frame 7
01:09.563  render           | Video append frame 8
01:09.625  render           | Video append frame 9
01:09.657  render           | Video append frame 10
01:09.704  render           | Video append frame 11
01:09.735  render           | Video append frame 12
01:09.797  render           | Video append frame 13
01:09.860  render           | Video append frame 14
01:09.907  render           | Video append frame 15
01:09.969  render           | Video append frame 16
01:10.125  render           | Video append frame 17
01:10.157  render           | Video append frame 18
01:10.188  render           | Video append frame 19
01:10.219  render           | Video append frame 20
01:10.250  render           | Video append frame 21
01:10.282  render           | Video append frame 22
01:10.297  render           | Video append frame 23
01:10.344  render           | Video append frame 24
01:10.375  render           | Video append frame 25
01:10.407  render           | Video append frame 26
01:10.438  render           | Video append frame 27
01:10.454  render           | Video append frame 28
01:10.485  render           | Video append frame 29
01:10.516  render           | Video append frame 30
01:10.532  render           | Video append frame 31
01:10.563  render           | Video append frame 32
01:10.594  render           | Video append frame 33
01:10.610  render           | Video append frame 34
01:10.641  render           | Video append frame 35
01:10.672  render           | Video append frame 36
01:10.704  render           | Video append frame 37
01:10.735  render           | Video append frame 38
01:10.750  render           | Video append frame 39
01:10.782  render           | Video append frame 40
01:10.813  render           | Video append frame 41
01:10.844  render           | Video append frame 42
01:10.860  render           | Video append frame 43
01:10.891  render           | Video append frame 44
01:10.922  render           | Video append frame 45
01:10.954  render           | Video append frame 46
01:10.969  render           | Video append frame 47
01:11.000  render           | Video append frame 48
01:11.032  render           | Video append frame 49
01:11.063  render           | Video append frame 50
01:11.094  render           | Video append frame 51
01:11.125  render           | Video append frame 52
01:11.157  render           | Video append frame 53
01:11.188  render           | Video append frame 54
01:11.219  render           | Video append frame 55
01:11.250  render           | Video append frame 56
01:11.282  render           | Video append frame 57
01:11.313  render           | Video append frame 58
01:11.344  render           | Video append frame 59
01:11.375  render           | Video append frame 60
01:11.407  render           | Video append frame 61
01:11.469  render           | Video append frame 1
01:11.500  render           | Video append frame 2
01:11.532  render           | Video append frame 3
01:11.563  render           | Video append frame 4
01:11.594  render           | Video append frame 5
01:11.625  render           | Video append frame 6
01:11.657  render           | Video append frame 7
01:11.672  render           | Video append frame 8
01:11.704  render           | Video append frame 9
01:11.735  render           | Video append frame 10
01:11.766  render           | Video append frame 11
01:11.797  render           | Video append frame 12
01:11.813  render           | Video append frame 13
01:11.844  render           | Video append frame 14
01:11.875  render           | Video append frame 15
01:11.907  render           | Video append frame 16
01:11.922  render           | Video append frame 17
01:11.954  render           | Video append frame 18
01:11.985  render           | Video append frame 19
01:12.000  render           | Video append frame 20
01:12.032  render           | Video append frame 21
01:12.063  render           | Video append frame 22
01:12.094  render           | Video append frame 23
01:12.125  render           | Video append frame 24
01:12.157  render           | Video append frame 25
01:12.188  render           | Video append frame 26
01:12.219  render           | Video append frame 27
01:12.250  render           | Video append frame 28
01:12.282  render           | Video append frame 29
01:12.313  render           | Video append frame 30
01:12.344  render           | Video append frame 31
01:12.375  render           | Video append frame 32
01:12.391  render           | Video append frame 33
01:12.422  render           | Video append frame 34
01:12.454  render           | Video append frame 35
01:12.485  render           | Video append frame 36
01:12.516  render           | Video append frame 37
01:12.547  render           | Video append frame 38
01:12.563  render           | Video append frame 39
01:12.594  render           | Video append frame 40
01:12.610  render           | Video append frame 41
01:12.641  render           | Video append frame 42
01:12.672  render           | Video append frame 43
01:12.704  render           | Video append frame 44
01:12.735  render           | Video append frame 45
01:12.750  render           | Video append frame 46
01:12.813  render           | Video append frame 1
01:12.844  render           | Video append frame 2
01:12.875  render           | Video append frame 3
01:12.907  render           | Video append frame 4
01:12.938  render           | Video append frame 5
01:12.969  render           | Video append frame 6
01:13.000  render           | Video append frame 7
01:13.016  render           | Video append frame 8
01:13.063  render           | Video append frame 9
01:13.094  render           | Video append frame 10
01:13.125  render           | Video append frame 11
01:13.157  render           | Video append frame 12
01:13.188  render           | Video append frame 13
01:13.204  render           | Video append frame 14
01:13.235  render           | Video append frame 15
01:13.282  render           | Video append frame 16
01:13.297  render           | Video append frame 17
01:13.329  render           | Video append frame 18
01:13.360  render           | Video append frame 19
01:13.391  render           | Video append frame 20
01:13.407  render           | Video append frame 21
01:13.438  render           | Video append frame 22
01:13.469  render           | Video append frame 23
01:13.485  render           | Video append frame 24
01:13.516  render           | Video append frame 25
01:13.547  render           | Video append frame 26
01:13.579  render           | Video append frame 27
01:13.610  render           | Video append frame 28
01:13.641  render           | Video append frame 29
01:13.672  render           | Video append frame 30
01:13.704  render           | Video append frame 31
01:13.719  render           | Video append frame 32
01:13.750  render           | Video append frame 33
01:13.782  render           | Video append frame 34
01:13.813  render           | Video append frame 35
01:13.844  render           | Video append frame 36
01:13.875  render           | Video append frame 37
01:13.922  render           | Video append frame 38
01:13.954  render           | Video append frame 39
01:13.985  render           | Video append frame 40
01:14.016  render           | Video append frame 41
01:14.047  render           | Video append frame 42
01:14.079  render           | Video append frame 43
01:14.157  render           | Video append frame 1
01:14.188  render           | Video append frame 2
01:14.219  render           | Video append frame 3
01:14.282  render           | Video append frame 4
01:14.329  render           | Video append frame 5
01:14.391  render           | Video append frame 6
01:14.438  render           | Video append frame 7
01:14.485  render           | Video append frame 8
01:14.532  render           | Video append frame 9
01:14.579  render           | Video append frame 10
01:14.610  render           | Video append frame 11
01:14.641  render           | Video append frame 12
01:14.672  render           | Video append frame 13
01:14.704  render           | Video append frame 14
01:14.750  render           | Video append frame 15
01:14.797  render           | Video append frame 16
01:14.860  render           | Video append frame 17
01:14.891  render           | Video append frame 18
01:14.938  render           | Video append frame 19
01:14.985  render           | Video append frame 20
01:15.016  render           | Video append frame 21
01:15.047  render           | Video append frame 22
01:15.079  render           | Video append frame 23
01:15.110  render           | Video append frame 24
01:15.141  render           | Video append frame 25
01:15.204  render           | Video append frame 1
01:15.266  render           | Video append frame 2
01:15.329  render           | Video append frame 3
01:15.360  render           | Video append frame 4
01:15.407  render           | Video append frame 5
01:15.454  render           | Video append frame 6
01:15.485  render           | Video append frame 7
01:15.516  render           | Video append frame 8
01:15.563  render           | Video append frame 9
01:15.657  render           | Video append frame 10
01:15.704  render           | Video append frame 11
01:15.735  render           | Video append frame 12
01:15.766  render           | Video append frame 13
01:15.797  render           | Video append frame 14
01:15.829  render           | Video append frame 15
01:15.860  render           | Video append frame 16
01:15.907  render           | Video append frame 17
01:15.938  render           | Video append frame 18
01:15.985  render           | Video append frame 19
01:16.016  render           | Video append frame 20
01:16.047  render           | Video append frame 21
01:16.079  render           | Video append frame 22
01:16.110  render           | Video append frame 23
01:16.172  render           | Video append frame 24
01:16.204  render           | Video append frame 25
01:16.219  render           | Video append frame 26
01:16.266  render           | Video append frame 27
01:16.297  render           | Video append frame 28
01:16.422  render           | Video append frame 29
01:16.532  render           | Video append frame 30
01:16.610  render           | Video append frame 31
01:16.641  render           | Video append frame 32
01:16.688  render           | Video append frame 33
01:16.735  render           | Video append frame 34
01:16.782  render           | Video append frame 35
01:16.813  render           | Video append frame 36
01:16.829  render           | Video append frame 37
01:16.860  render           | Video append frame 38
01:16.922  render           | Video append frame 39
01:17.000  render           | Video append frame 40
01:17.032  render           | Video append frame 41
01:17.063  render           | Video append frame 42
01:17.094  render           | Video append frame 43
01:17.125  render           | Video append frame 44
01:17.157  render           | Video append frame 45
01:17.188  render           | Video append frame 46
01:17.266  render           | Video append frame 47
01:17.329  render           | Video append frame 48
01:17.407  render           | Video append frame 49
01:17.454  render           | Video append frame 50
01:17.500  render           | Video append frame 51
01:17.594  render           | Video append frame 52
01:17.657  render           | Video append frame 53
01:17.704  render           | Video append frame 54
01:17.735  render           | Video append frame 55
01:17.782  render           | Video append frame 56
01:17.813  render           | Video append frame 57
01:17.844  render           | Video append frame 58
01:17.875  render           | Video append frame 59
01:17.922  render           | Video append frame 60
01:17.954  render           | Video append frame 61
01:18.032  render           | Video append frame 1
01:18.063  render           | Video append frame 2
01:18.110  render           | Video append frame 3
01:18.141  render           | Video append frame 4
01:18.172  render           | Video append frame 5
01:18.219  render           | Video append frame 6
01:18.250  render           | Video append frame 7
01:18.297  render           | Video append frame 8
01:18.344  render           | Video append frame 9
01:18.375  render           | Video append frame 10
01:18.407  render           | Video append frame 11
01:18.438  render           | Video append frame 12
01:18.469  render           | Video append frame 13
01:18.516  render           | Video append frame 14
01:18.547  render           | Video append frame 15
01:18.610  render           | Video append frame 16
01:18.672  render           | Video append frame 17
01:18.750  render           | Video append frame 18
01:18.844  render           | Video append frame 19
01:18.891  render           | Video append frame 20
01:19.000  render           | Video append frame 21
01:19.282  render           | Video append frame 22
01:19.407  render           | Video append frame 23
01:19.469  render           | Video append frame 24
01:19.579  render           | Video append frame 25
01:19.657  render           | Video append frame 26
01:19.782  render           | Video append frame 27
01:19.813  render           | Video append frame 28
01:19.860  render           | Video append frame 29
01:19.922  render           | Video append frame 30
01:19.985  render           | Video append frame 31
01:20.079  render           | Video append frame 32
01:20.141  render           | Video append frame 33
01:20.219  render           | Video append frame 34
01:20.297  render           | Video append frame 35
01:20.360  render           | Video append frame 36
01:20.391  render           | Video append frame 37
01:20.438  render           | Video append frame 38
01:20.485  render           | Video append frame 39
01:20.547  render           | Video append frame 40
01:20.579  render           | Video append frame 41
01:20.610  render           | Video append frame 42
01:20.657  render           | Video append frame 43
01:20.688  render           | Video append frame 44
01:20.735  render           | Video append frame 45
01:20.797  render           | Video append frame 46
01:20.829  render           | Video append frame 47
01:20.860  render           | Video append frame 48
01:20.891  render           | Video append frame 49
01:20.938  render           | Video append frame 50
01:20.985  render           | Video append frame 51
01:21.032  render           | Video append frame 52
01:21.141  render           | Video append frame 53
01:21.297  render           | Video append frame 54
01:21.407  render           | Video append frame 55
01:21.454  render           | Video append frame 56
01:21.516  render           | Video append frame 57
01:21.547  render           | Video append frame 58
01:21.625  render           | Video append frame 59
01:21.704  render           | Video append frame 60
01:21.735  render           | Video append frame 61
01:21.782  render           | Video append frame 62
01:21.813  render           | Video append frame 63
01:21.860  render           | Video append frame 64
01:21.891  render           | Video append frame 65
01:21.954  render           | Video append frame 66
01:21.985  render           | Video append frame 67
01:22.047  render           | Video append frame 68
01:22.110  render           | Video append frame 69
01:22.157  render           | Video append frame 70
01:22.188  render           | Video append frame 71
01:22.313  render           | Video append frame 72
01:22.375  render           | Video append frame 73
01:22.438  render           | Video append frame 74
01:22.500  render           | Video append frame 75
01:22.547  render           | Video append frame 76
01:22.579  render           | Video append frame 77
01:22.625  render           | Video append frame 78
01:22.657  render           | Video append frame 79
01:22.688  render           | Video append frame 80
01:22.719  render           | Video append frame 81
01:22.750  render           | Video append frame 82
01:22.782  render           | Video append frame 83
01:22.829  render           | Video append frame 84
01:22.875  render           | Video append frame 85
01:22.907  render           | Video append frame 86
01:22.938  render           | Video append frame 87
01:22.969  render           | Video append frame 88
01:22.985  render           | Video append frame 89
01:23.016  render           | Video append frame 90
01:23.047  render           | Video append frame 91
01:23.141  render           | Saved: 'C:\Users\iputu\Documents\Wonder Chess\reports\WC-U440\20260906T141605Z\dwarves\wc_u_dwarf_warrior\pose_Idle_001.png'
01:23.204  render           | Saved: 'C:\Users\iputu\Documents\Wonder Chess\reports\WC-U440\20260906T141605Z\dwarves\wc_u_dwarf_warrior\pose_Idle_040.png'
01:23.266  render           | Saved: 'C:\Users\iputu\Documents\Wonder Chess\reports\WC-U440\20260906T141605Z\dwarves\wc_u_dwarf_warrior\pose_Idle_054.png'
01:23.329  render           | Saved: 'C:\Users\iputu\Documents\Wonder Chess\reports\WC-U440\20260906T141605Z\dwarves\wc_u_dwarf_warrior\pose_Idle_060.png'
01:23.391  render           | Saved: 'C:\Users\iputu\Documents\Wonder Chess\reports\WC-U440\20260906T141605Z\dwarves\wc_u_dwarf_warrior\pose_Idle_121.png'
01:23.438  render           | Saved: 'C:\Users\iputu\Documents\Wonder Chess\reports\WC-U440\20260906T141605Z\dwarves\wc_u_dwarf_warrior\pose_Move_001.png'
01:23.500  render           | Saved: 'C:\Users\iputu\Documents\Wonder Chess\reports\WC-U440\20260906T141605Z\dwarves\wc_u_dwarf_warrior\pose_Move_020.png'
01:23.563  render           | Saved: 'C:\Users\iputu\Documents\Wonder Chess\reports\WC-U440\20260906T141605Z\dwarves\wc_u_dwarf_warrior\pose_Move_024.png'
01:23.625  render           | Saved: 'C:\Users\iputu\Documents\Wonder Chess\reports\WC-U440\20260906T141605Z\dwarves\wc_u_dwarf_warrior\pose_Move_030.png'
01:23.704  render           | Saved: 'C:\Users\iputu\Documents\Wonder Chess\reports\WC-U440\20260906T141605Z\dwarves\wc_u_dwarf_warrior\pose_Move_061.png'
01:23.766  render           | Saved: 'C:\Users\iputu\Documents\Wonder Chess\reports\WC-U440\20260906T141605Z\dwarves\wc_u_dwarf_warrior\pose_Attack_001.png'
01:23.844  render           | Saved: 'C:\Users\iputu\Documents\Wonder Chess\reports\WC-U440\20260906T141605Z\dwarves\wc_u_dwarf_warrior\pose_Attack_016.png'
01:23.907  render           | Saved: 'C:\Users\iputu\Documents\Wonder Chess\reports\WC-U440\20260906T141605Z\dwarves\wc_u_dwarf_warrior\pose_Attack_022.png'
01:23.969  render           | Saved: 'C:\Users\iputu\Documents\Wonder Chess\reports\WC-U440\20260906T141605Z\dwarves\wc_u_dwarf_warrior\pose_Attack_023.png'
01:24.032  render           | Saved: 'C:\Users\iputu\Documents\Wonder Chess\reports\WC-U440\20260906T141605Z\dwarves\wc_u_dwarf_warrior\pose_Attack_046.png'
01:24.094  render           | Saved: 'C:\Users\iputu\Documents\Wonder Chess\reports\WC-U440\20260906T141605Z\dwarves\wc_u_dwarf_warrior\pose_Active_001.png'
01:24.172  render           | Saved: 'C:\Users\iputu\Documents\Wonder Chess\reports\WC-U440\20260906T141605Z\dwarves\wc_u_dwarf_warrior\pose_Active_019.png'
01:24.235  render           | Saved: 'C:\Users\iputu\Documents\Wonder Chess\reports\WC-U440\20260906T141605Z\dwarves\wc_u_dwarf_warrior\pose_Active_021.png'
01:24.375  render           | Saved: 'C:\Users\iputu\Documents\Wonder Chess\reports\WC-U440\20260906T141605Z\dwarves\wc_u_dwarf_warrior\pose_Active_025.png'
01:24.485  render           | Saved: 'C:\Users\iputu\Documents\Wonder Chess\reports\WC-U440\20260906T141605Z\dwarves\wc_u_dwarf_warrior\pose_Active_043.png'
01:24.594  render           | Saved: 'C:\Users\iputu\Documents\Wonder Chess\reports\WC-U440\20260906T141605Z\dwarves\wc_u_dwarf_warrior\pose_Hit_001.png'
01:24.688  render           | Saved: 'C:\Users\iputu\Documents\Wonder Chess\reports\WC-U440\20260906T141605Z\dwarves\wc_u_dwarf_warrior\pose_Hit_006.png'
01:24.750  render           | Saved: 'C:\Users\iputu\Documents\Wonder Chess\reports\WC-U440\20260906T141605Z\dwarves\wc_u_dwarf_warrior\pose_Hit_008.png'
01:24.860  render           | Saved: 'C:\Users\iputu\Documents\Wonder Chess\reports\WC-U440\20260906T141605Z\dwarves\wc_u_dwarf_warrior\pose_Hit_012.png'
01:24.938  render           | Saved: 'C:\Users\iputu\Documents\Wonder Chess\reports\WC-U440\20260906T141605Z\dwarves\wc_u_dwarf_warrior\pose_Hit_025.png'
01:25.000  render           | Saved: 'C:\Users\iputu\Documents\Wonder Chess\reports\WC-U440\20260906T141605Z\dwarves\wc_u_dwarf_warrior\pose_Defeat_001.png'
01:25.079  render           | Saved: 'C:\Users\iputu\Documents\Wonder Chess\reports\WC-U440\20260906T141605Z\dwarves\wc_u_dwarf_warrior\pose_Defeat_020.png'
01:25.141  render           | Saved: 'C:\Users\iputu\Documents\Wonder Chess\reports\WC-U440\20260906T141605Z\dwarves\wc_u_dwarf_warrior\pose_Defeat_024.png'
01:25.204  render           | Saved: 'C:\Users\iputu\Documents\Wonder Chess\reports\WC-U440\20260906T141605Z\dwarves\wc_u_dwarf_warrior\pose_Defeat_030.png'
01:25.282  render           | Saved: 'C:\Users\iputu\Documents\Wonder Chess\reports\WC-U440\20260906T141605Z\dwarves\wc_u_dwarf_warrior\pose_Defeat_061.png'
01:25.360  render           | Saved: 'C:\Users\iputu\Documents\Wonder Chess\reports\WC-U440\20260906T141605Z\dwarves\wc_u_dwarf_warrior\pose_Victory_001.png'
01:25.422  render           | Saved: 'C:\Users\iputu\Documents\Wonder Chess\reports\WC-U440\20260906T141605Z\dwarves\wc_u_dwarf_warrior\pose_Victory_030.png'
01:25.469  render           | Saved: 'C:\Users\iputu\Documents\Wonder Chess\reports\WC-U440\20260906T141605Z\dwarves\wc_u_dwarf_warrior\pose_Victory_039.png'
01:25.547  render           | Saved: 'C:\Users\iputu\Documents\Wonder Chess\reports\WC-U440\20260906T141605Z\dwarves\wc_u_dwarf_warrior\pose_Victory_045.png'
01:25.610  render           | Saved: 'C:\Users\iputu\Documents\Wonder Chess\reports\WC-U440\20260906T141605Z\dwarves\wc_u_dwarf_warrior\pose_Victory_091.png'
{
  "status": "structural_checks_passed_visual_review_required",
  "blender_version": "5.1.1",
  "collection": "EXPORT",
  "evaluated_triangle_total": 5670,
  "objects": [
    {
      "name": "Armature",
      "type": "ARMATURE",
      "scale": [
        1.0,
        1.0,
        1.0
      ],
      "dimensions": [
        0.6485999822616577,
        0.3449999988079071,
        1.4835000038146973
      ],
      "roots": [
        "root"
      ],
      "deform_bones": 27
    },
    {
      "name": "SK_wc_u_dwarf_guardian",
      "type": "MESH",
      "scale": [
        1.0,
        1.0,
        1.0
      ],
      "dimensions": [
        0.90595942735672,
        0.5039052963256836,
        1.383802056312561
      ],
      "evaluated_triangles": 5670,
      "material_slots": 1,
      "uv_layers": 1,
      "skin_checks": {
        "unweighted": 0,
        "excess_influences": 0,
        "unnormalized": 0
      }
    }
  ],
  "errors": [],
  "warnings": [],
  "not_checked": [
    "appearance",
    "deformation across all clips",
    "UV overlap appropriateness",
    "normal-map convention",
    "Unreal import",
    "LOD silhouette",
    "gameplay readability"
  ]
}
{
  "status": "structural_checks_passed_visual_review_required",
  "blender_version": "5.1.1",
  "collection": "EXPORT",
  "evaluated_triangle_total": 4748,
  "objects": [
    {
      "name": "Armature",
      "type": "ARMATURE",
      "scale": [
        1.0,
        1.0,
        1.0
      ],
      "dimensions": [
        0.6204000115394592,
        0.35868698358535767,
        1.4190001487731934
      ],
      "roots": [
        "root"
      ],
      "deform_bones": 27
    },
    {
      "name": "SK_wc_u_dwarf_ranger",
      "type": "MESH",
      "scale": [
        1.0,
        1.0,
        1.0
      ],
      "dimensions": [
        0.7882308959960938,
        0.723048985004425,
        1.3160400390625
      ],
      "evaluated_triangles": 4748,
      "material_slots": 1,
      "uv_layers": 1,
      "skin_checks": {
        "unweighted": 0,
        "excess_influences": 0,
        "unnormalized": 0
      }
    }
  ],
  "errors": [],
  "warnings": [],
  "not_checked": [
    "appearance",
    "deformation across all clips",
    "UV overlap appropriateness",
    "normal-map convention",
    "Unreal import",
    "LOD silhouette",
    "gameplay readability"
  ]
}
{
  "status": "structural_checks_passed_visual_review_required",
  "blender_version": "5.1.1",
  "collection": "EXPORT",
  "evaluated_triangle_total": 4176,
  "objects": [
    {
      "name": "Armature",
      "type": "ARMATURE",
      "scale": [
        1.0,
        1.0,
        1.0
      ],
      "dimensions": [
        0.6674000024795532,
        0.35499998927116394,
        1.5264999866485596
      ],
      "roots": [
        "root"
      ],
      "deform_bones": 27
    },
    {
      "name": "SK_wc_u_dwarf_warrior",
      "type": "MESH",
      "scale": [
        1.0,
        1.0,
        1.0
      ],
      "dimensions": [
        0.900160014629364,
        0.5657047033309937,
        1.417784571647644
      ],
      "evaluated_triangles": 4176,
      "material_slots": 1,
      "uv_layers": 1,
      "skin_checks": {
        "unweighted": 0,
        "excess_influences": 0,
        "unnormalized": 0
      }
    }
  ],
  "errors": [],
  "warnings": [],
  "not_checked": [
    "appearance",
    "deformation across all clips",
    "UV overlap appropriateness",
    "normal-map convention",
    "Unreal import",
    "LOD silhouette",
    "gameplay readability"
  ]
}
Blender 5.1.1 (hash b70da489d7f4 built 2026-04-14 01:37:22)

Blender quit
