00:02.125  blend            | Read blend: "C:\Users\iputu\Documents\Wonder Chess\art-source\asset-studio\wc_u_human_guardian\stages\body-costume\BW1\r001\hand-pose-study\hand_pose_correction2.blend"
Info: Saved as "hand_pose_study_ART_REVISE.blend"
{
  "method": "Actual Blender evaluated control vertices with subdivision temporarily disabled, grouped by summed finger-bone weight >= 0.25. Signed radial distance to finite cylinder measured only where within its axial length. No scene geometry altered.",
  "poses": {
    "sword_grip": {
      "1": {
        "sampled_vertices": 114,
        "min_radial_clearance_mm": -5.405,
        "vertices_inside_cylinder_beyond_1mm": 5,
        "vertices_within_2mm_of_cylinder": 4,
        "bone_heads_world": [
          [
            0.48718440532684326,
            0.15737158060073853,
            1.1023231744766235
          ],
          [
            0.5002119541168213,
            0.18086721003055573,
            1.0844753980636597
          ],
          [
            0.5322678089141846,
            0.19585178792476654,
            1.0714125633239746
          ]
        ],
        "bone_tip_world": [
          0.5612689852714539,
          0.19818545877933502,
          1.0656399726867676
        ]
      },
      "2": {
        "sampled_vertices": 188,
        "min_radial_clearance_mm": 6.081,
        "vertices_inside_cylinder_beyond_1mm": 0,
        "vertices_within_2mm_of_cylinder": 0,
        "bone_heads_world": [
          [
            0.5154692530632019,
            0.2088995724916458,
            1.0654293298721313
          ],
          [
            0.49541351199150085,
            0.19915921986103058,
            1.0501916408538818
          ],
          [
            0.5073487162590027,
            0.18569926917552948,
            1.0661711692810059
          ]
        ],
        "bone_tip_world": [
          0.5278991460800171,
          0.1995113641023636,
          1.0804067850112915
        ]
      },
      "3": {
        "sampled_vertices": 193,
        "min_radial_clearance_mm": 8.296,
        "vertices_inside_cylinder_beyond_1mm": 0,
        "vertices_within_2mm_of_cylinder": 0,
        "bone_heads_world": [
          [
            0.5321542620658875,
            0.18941323459148407,
            1.0548756122589111
          ],
          [
            0.5059324502944946,
            0.17484183609485626,
            1.0358633995056152
          ],
          [
            0.5148192644119263,
            0.15942005813121796,
            1.0588648319244385
          ]
        ],
        "bone_tip_world": [
          0.5373706221580505,
          0.17263981699943542,
          1.0698189735412598
        ]
      },
      "4": {
        "sampled_vertices": 198,
        "min_radial_clearance_mm": 4.659,
        "vertices_inside_cylinder_beyond_1mm": 0,
        "vertices_within_2mm_of_cylinder": 0,
        "bone_heads_world": [
          [
            0.5399457812309265,
            0.17137521505355835,
            1.0474990606307983
          ],
          [
            0.515762209892273,
            0.16014397144317627,
            1.0314944982528687
          ],
          [
            0.5217313766479492,
            0.1484672576189041,
            1.0538973808288574
          ]
        ],
        "bone_tip_world": [
          0.5459156632423401,
          0.15990504622459412,
          1.0623829364776611
        ]
      },
      "5": {
        "sampled_vertices": 188,
        "min_radial_clearance_mm": 12.752,
        "vertices_inside_cylinder_beyond_1mm": 0,
        "vertices_within_2mm_of_cylinder": 0,
        "bone_heads_world": [
          [
            0.5417450666427612,
            0.1509590893983841,
            1.0395231246948242
          ],
          [
            0.5213916897773743,
            0.14531737565994263,
            1.0322151184082031
          ],
          [
            0.523983359336853,
            0.14649225771427155,
            1.0483101606369019
          ]
        ],
        "bone_tip_world": [
          0.5428444743156433,
          0.15021276473999023,
          1.0563448667526245
        ]
      }
    },
    "shield_grip": {
      "1": {
        "sampled_vertices": 114,
        "min_radial_clearance_mm": -5.478,
        "vertices_inside_cylinder_beyond_1mm": 5,
        "vertices_within_2mm_of_cylinder": 5,
        "bone_heads_world": [
          [
            -0.48718446493148804,
            0.15737144649028778,
            1.1023231744766235
          ],
          [
            -0.5000975728034973,
            0.18096858263015747,
            1.0845261812210083
          ],
          [
            -0.5315781831741333,
            0.19732192158699036,
            1.0717086791992188
          ]
        ],
        "bone_tip_world": [
          -0.560982882976532,
          0.1994575560092926,
          1.0684467554092407
        ]
      },
      "2": {
        "sampled_vertices": 188,
        "min_radial_clearance_mm": 6.865,
        "vertices_inside_cylinder_beyond_1mm": 0,
        "vertices_within_2mm_of_cylinder": 0,
        "bone_heads_world": [
          [
            -0.5154693722724915,
            0.20889940857887268,
            1.0654293298721313
          ],
          [
            -0.49541357159614563,
            0.19915905594825745,
            1.0501916408538818
          ],
          [
            -0.5073488354682922,
            0.18569910526275635,
            1.0661711692810059
          ]
        ],
        "bone_tip_world": [
          -0.528061032295227,
          0.1987309455871582,
          1.0808994770050049
        ]
      },
      "3": {
        "sampled_vertices": 193,
        "min_radial_clearance_mm": 9.124,
        "vertices_inside_cylinder_beyond_1mm": 0,
        "vertices_within_2mm_of_cylinder": 0,
        "bone_heads_world": [
          [
            -0.532154381275177,
            0.18941307067871094,
            1.0548756122589111
          ],
          [
            -0.5059325695037842,
            0.17484167218208313,
            1.0358633995056152
          ],
          [
            -0.5148193836212158,
            0.15941989421844482,
            1.0588648319244385
          ]
        ],
        "bone_tip_world": [
          -0.5374093651771545,
          0.17223460972309113,
          1.0702136754989624
        ]
      },
      "4": {
        "sampled_vertices": 198,
        "min_radial_clearance_mm": 5.48,
        "vertices_inside_cylinder_beyond_1mm": 0,
        "vertices_within_2mm_of_cylinder": 0,
        "bone_heads_world": [
          [
            -0.5399459004402161,
            0.17137505114078522,
            1.0474990606307983
          ],
          [
            -0.5157623291015625,
            0.16014380753040314,
            1.0314944982528687
          ],
          [
            -0.5217314958572388,
            0.14846709370613098,
            1.0538973808288574
          ]
        ],
        "bone_tip_world": [
          -0.5459187626838684,
          0.15955764055252075,
          1.062824010848999
        ]
      },
      "5": {
        "sampled_vertices": 188,
        "min_radial_clearance_mm": 13.717,
        "vertices_inside_cylinder_beyond_1mm": 0,
        "vertices_within_2mm_of_cylinder": 0,
        "bone_heads_world": [
          [
            -0.5417451858520508,
            0.15095892548561096,
            1.0395231246948242
          ],
          [
            -0.5213918089866638,
            0.1453172117471695,
            1.0322151184082031
          ],
          [
            -0.5239834785461426,
            0.1464920938014984,
            1.0483101606369019
          ]
        ],
        "bone_tip_world": [
          -0.5427933931350708,
          0.15020455420017242,
          1.0564677715301514
        ]
      }
    }
  }
}
Blender 5.1.1 (hash b70da489d7f4 built 2026-04-14 01:37:22)

Blender quit
