00:02.828  blend            | Read blend: "C:\Users\iputu\Documents\Wonder Chess\art-source\asset-studio\wc_u_human_guardian\stages\body-costume\BW1\r001\bw1_hand_pose_input.blend"
C:\Users\iputu\Documents\Wonder Chess\art-source\asset-studio\wc_u_human_guardian\stages\body-costume\BW1\r001\hand-pose-study\solve_hands.py:105: DeprecationWarning: 'Material.use_nodes' is expected to be removed in Blender 6.0
  mat=bpy.data.materials.new('HAND_STUDY_Clay');mat.diffuse_color=(.46,.43,.38,1);mat.use_nodes=True
C:\Users\iputu\Documents\Wonder Chess\art-source\asset-studio\wc_u_human_guardian\stages\body-costume\BW1\r001\hand-pose-study\solve_hands.py:115: DeprecationWarning: 'Material.use_nodes' is expected to be removed in Blender 6.0
  material=bpy.data.materials.new('HANDLE_'+side);material.diffuse_color=(.075,.095,.115,1);material.use_nodes=True
C:\Users\iputu\Documents\Wonder Chess\art-source\asset-studio\wc_u_human_guardian\stages\body-costume\BW1\r001\hand-pose-study\solve_hands.py:123: DeprecationWarning: 'World.use_nodes' is expected to be removed in Blender 6.0
  scene.world=bpy.data.worlds.new('HAND_REVIEW_WORLD');scene.world.use_nodes=True;scene.world.node_tree.nodes['Background'].inputs[0].default_value=(.11,.11,.11,1);scene.world.node_tree.nodes['Background'].inputs[1].default_value=.4
00:06.797  render           | Saved: 'C:\Users\iputu\Documents\Wonder Chess\art-source\asset-studio\wc_u_human_guardian\stages\body-costume\BW1\r001\hand-pose-study\open_R.png'
00:10.203  render           | Saved: 'C:\Users\iputu\Documents\Wonder Chess\art-source\asset-studio\wc_u_human_guardian\stages\body-costume\BW1\r001\hand-pose-study\relaxed_R.png'
00:12.860  render           | Saved: 'C:\Users\iputu\Documents\Wonder Chess\art-source\asset-studio\wc_u_human_guardian\stages\body-costume\BW1\r001\hand-pose-study\sword_grip_initial.png'
00:15.828  render           | Saved: 'C:\Users\iputu\Documents\Wonder Chess\art-source\asset-studio\wc_u_human_guardian\stages\body-costume\BW1\r001\hand-pose-study\shield_grip_initial.png'
00:18.781  render           | Saved: 'C:\Users\iputu\Documents\Wonder Chess\art-source\asset-studio\wc_u_human_guardian\stages\body-costume\BW1\r001\hand-pose-study\sword_grip_initial_dorsal.png'
R 1 0.0010240075321556158 [37.2, -27.8, 17.9, 27.8, 11.5, 16.7, 16.6, 8.1, 6.3]
R 2 0.004673494590664679 [97.4, -5.7, -20.1, 108.9, 0.0, 0.0, 98.6, 0.0, 0.0]
R 3 0.005764809571590514 [97.4, -5.7, -20.1, 108.9, 0.0, 0.0, 100.3, 0.0, 0.0]
R 4 0.006118749076333097 [97.4, -5.7, -20.1, 108.9, 0.0, 0.0, 32.6, 0.0, 0.0]
R 5 0.005207757412000391 [97.4, 5.7, 20.1, 108.9, 0.0, 0.0, 90.8, 0.0, 0.0]
L 1 0.0003819595048990745 [37.2, 12.6, -63.6, 35.9, 11.5, 6.5, 28.9, 8.1, -6.4]
L 2 0.005642556221365197 [97.4, 5.7, 20.1, 108.9, 0.0, 0.0, 20.3, 0.0, 0.0]
L 3 0.005600875423781248 [97.4, 5.7, 20.1, 108.9, 0.0, 0.0, 100.3, 0.0, 0.0]
L 4 0.00597987891693476 [97.4, 5.7, 20.1, 108.9, 0.0, 0.0, 34.7, 0.0, 0.0]
L 5 0.005206172746760565 [97.4, 5.7, -20.1, 108.9, 0.0, 0.0, 88.5, 0.0, 0.0]
Info: Saved as "hand_pose_study_initial.blend"
Blender 5.1.1 (hash b70da489d7f4 built 2026-04-14 01:37:22)

Blender quit
