00:02.391  blend            | Read blend: "C:\Users\iputu\Documents\Wonder Chess\art-source\asset-studio\wc_u_human_guardian\stages\body-costume\BW6\knee\ada_bw6_knee_correction2.blend"
KNEE 1 {'BW6_Greave_R_RebuiltUpper__SELF': 13, 'BW6_Greave_R_RebuiltUpper__BW4_CONTEXT_BW1_IndexedBody': 138, 'BW6_Greave_R_RebuiltUpper__BW4_CONTEXT_BW1_Leggings': 305, 'BW6_Greave_R_RebuiltUpper__BW4_CONTEXT_BW1_Boot_Pair_SourceFit': 32, 'BW6_KneeCup_R__BW6_KneeLowerLame_R': 80, 'BW6_KneeLowerLame_R__BW6_Greave_R_RebuiltUpper': 86}
KNEE 2 {'BW6_Greave_R_RebuiltUpper__SELF': 12, 'BW6_Greave_R_RebuiltUpper__BW4_CONTEXT_BW1_IndexedBody': 138, 'BW6_Greave_R_RebuiltUpper__BW4_CONTEXT_BW1_Leggings': 303, 'BW6_Greave_R_RebuiltUpper__BW4_CONTEXT_BW1_Boot_Pair_SourceFit': 32, 'BW6_KneeCup_R__BW6_KneeLowerLame_R': 78, 'BW6_KneeLowerLame_R__BW6_Greave_R_RebuiltUpper': 84}
KNEE 3 {'BW6_Greave_R_RebuiltUpper__SELF': 13, 'BW6_Greave_R_RebuiltUpper__BW4_CONTEXT_BW1_IndexedBody': 138, 'BW6_Greave_R_RebuiltUpper__BW4_CONTEXT_BW1_Leggings': 305, 'BW6_Greave_R_RebuiltUpper__BW4_CONTEXT_BW1_Boot_Pair_SourceFit': 32, 'BW6_KneeCup_R__BW6_KneeLowerLame_R': 76, 'BW6_KneeLowerLame_R__BW6_Greave_R_RebuiltUpper': 70}
KNEE 4 {'BW6_Greave_R_RebuiltUpper__SELF': 13, 'BW6_Greave_R_RebuiltUpper__BW4_CONTEXT_BW1_IndexedBody': 136, 'BW6_Greave_R_RebuiltUpper__BW4_CONTEXT_BW1_Leggings': 307, 'BW6_Greave_R_RebuiltUpper__BW4_CONTEXT_BW1_Boot_Pair_SourceFit': 32, 'BW6_KneeCup_R__BW6_KneeLowerLame_R': 74, 'BW6_KneeLowerLame_R__BW6_Greave_R_RebuiltUpper': 70}
KNEE 5 {'BW6_Greave_R_RebuiltUpper__SELF': 12, 'BW6_Greave_R_RebuiltUpper__BW4_CONTEXT_BW1_IndexedBody': 136, 'BW6_Greave_R_RebuiltUpper__BW4_CONTEXT_BW1_Leggings': 307, 'BW6_Greave_R_RebuiltUpper__BW4_CONTEXT_BW1_Boot_Pair_SourceFit': 32, 'BW6_KneeCup_R__BW6_KneeLowerLame_R': 64, 'BW6_KneeLowerLame_R__BW6_Greave_R_RebuiltUpper': 56}
KNEE 6 {'BW6_Greave_R_RebuiltUpper__SELF': 12, 'BW6_Greave_R_RebuiltUpper__BW4_CONTEXT_BW1_IndexedBody': 136, 'BW6_Greave_R_RebuiltUpper__BW4_CONTEXT_BW1_Leggings': 307, 'BW6_Greave_R_RebuiltUpper__BW4_CONTEXT_BW1_Boot_Pair_SourceFit': 32, 'BW6_KneeCup_R__BW6_KneeLowerLame_R': 64, 'BW6_KneeLowerLame_R__BW6_Greave_R_RebuiltUpper': 58}
KNEE 7 {'BW6_Greave_R_RebuiltUpper__SELF': 12, 'BW6_Greave_R_RebuiltUpper__BW4_CONTEXT_BW1_IndexedBody': 136, 'BW6_Greave_R_RebuiltUpper__BW4_CONTEXT_BW1_Leggings': 307, 'BW6_Greave_R_RebuiltUpper__BW4_CONTEXT_BW1_Boot_Pair_SourceFit': 32, 'BW6_KneeCup_R__BW6_KneeLowerLame_R': 64, 'BW6_KneeLowerLame_R__BW6_Greave_R_RebuiltUpper': 50}
KNEE 8 {'BW6_Greave_R_RebuiltUpper__SELF': 12, 'BW6_Greave_R_RebuiltUpper__BW4_CONTEXT_BW1_IndexedBody': 136, 'BW6_Greave_R_RebuiltUpper__BW4_CONTEXT_BW1_Leggings': 309, 'BW6_Greave_R_RebuiltUpper__BW4_CONTEXT_BW1_Boot_Pair_SourceFit': 32, 'BW6_KneeCup_R__BW6_KneeLowerLame_R': 70, 'BW6_KneeLowerLame_R__BW6_Greave_R_RebuiltUpper': 44}
KNEE 9 {'BW6_Greave_R_RebuiltUpper__SELF': 11, 'BW6_Greave_R_RebuiltUpper__BW4_CONTEXT_BW1_IndexedBody': 136, 'BW6_Greave_R_RebuiltUpper__BW4_CONTEXT_BW1_Leggings': 309, 'BW6_Greave_R_RebuiltUpper__BW4_CONTEXT_BW1_Boot_Pair_SourceFit': 32, 'BW6_KneeCup_R__BW6_KneeLowerLame_R': 76, 'BW6_KneeLowerLame_R__BW6_Greave_R_RebuiltUpper': 42}
KNEE 10 {'BW6_Greave_R_RebuiltUpper__SELF': 11, 'BW6_Greave_R_RebuiltUpper__BW4_CONTEXT_BW1_IndexedBody': 136, 'BW6_Greave_R_RebuiltUpper__BW4_CONTEXT_BW1_Leggings': 311, 'BW6_Greave_R_RebuiltUpper__BW4_CONTEXT_BW1_Boot_Pair_SourceFit': 32, 'BW6_KneeCup_R__BW6_KneeLowerLame_R': 80, 'BW6_KneeLowerLame_R__BW6_Greave_R_RebuiltUpper': 24}
KNEE 11 {'BW6_Greave_R_RebuiltUpper__SELF': 12, 'BW6_Greave_R_RebuiltUpper__BW4_CONTEXT_BW1_IndexedBody': 136, 'BW6_Greave_R_RebuiltUpper__BW4_CONTEXT_BW1_Leggings': 311, 'BW6_Greave_R_RebuiltUpper__BW4_CONTEXT_BW1_Boot_Pair_SourceFit': 32, 'BW6_KneeCup_R__BW6_KneeLowerLame_R': 86, 'BW6_KneeLowerLame_R__BW6_Greave_R_RebuiltUpper': 16}
KNEE 12 {'BW6_Greave_R_RebuiltUpper__SELF': 12, 'BW6_Greave_R_RebuiltUpper__BW4_CONTEXT_BW1_IndexedBody': 136, 'BW6_Greave_R_RebuiltUpper__BW4_CONTEXT_BW1_Leggings': 309, 'BW6_Greave_R_RebuiltUpper__BW4_CONTEXT_BW1_Boot_Pair_SourceFit': 32, 'BW6_KneeCup_R__BW6_KneeLowerLame_R': 80, 'BW6_KneeLowerLame_R__BW6_Greave_R_RebuiltUpper': 8}
KNEE 13 {'BW6_Greave_R_RebuiltUpper__SELF': 12, 'BW6_Greave_R_RebuiltUpper__BW4_CONTEXT_BW1_IndexedBody': 136, 'BW6_Greave_R_RebuiltUpper__BW4_CONTEXT_BW1_Leggings': 309, 'BW6_Greave_R_RebuiltUpper__BW4_CONTEXT_BW1_Boot_Pair_SourceFit': 32, 'BW6_KneeCup_R__BW6_KneeLowerLame_R': 70}
KNEE 14 {'BW6_Greave_R_RebuiltUpper__SELF': 12, 'BW6_Greave_R_RebuiltUpper__BW4_CONTEXT_BW1_IndexedBody': 136, 'BW6_Greave_R_RebuiltUpper__BW4_CONTEXT_BW1_Leggings': 309, 'BW6_Greave_R_RebuiltUpper__BW4_CONTEXT_BW1_Boot_Pair_SourceFit': 32, 'BW6_KneeCup_R__BW6_KneeLowerLame_R': 70}
KNEE 15 {'BW6_Greave_R_RebuiltUpper__SELF': 11, 'BW6_Greave_R_RebuiltUpper__BW4_CONTEXT_BW1_IndexedBody': 136, 'BW6_Greave_R_RebuiltUpper__BW4_CONTEXT_BW1_Leggings': 307, 'BW6_Greave_R_RebuiltUpper__BW4_CONTEXT_BW1_Boot_Pair_SourceFit': 32, 'BW6_KneeCup_R__BW6_KneeLowerLame_R': 68}
KNEE 16 {'BW6_Greave_R_RebuiltUpper__SELF': 12, 'BW6_Greave_R_RebuiltUpper__BW4_CONTEXT_BW1_IndexedBody': 136, 'BW6_Greave_R_RebuiltUpper__BW4_CONTEXT_BW1_Leggings': 307, 'BW6_Greave_R_RebuiltUpper__BW4_CONTEXT_BW1_Boot_Pair_SourceFit': 32, 'BW6_KneeCup_R__BW6_KneeLowerLame_R': 68}
KNEE 17 {'BW6_Greave_R_RebuiltUpper__SELF': 11, 'BW6_Greave_R_RebuiltUpper__BW4_CONTEXT_BW1_IndexedBody': 136, 'BW6_Greave_R_RebuiltUpper__BW4_CONTEXT_BW1_Leggings': 307, 'BW6_Greave_R_RebuiltUpper__BW4_CONTEXT_BW1_Boot_Pair_SourceFit': 32, 'BW6_KneeCup_R__BW6_KneeLowerLame_R': 70}
KNEE 18 {'BW6_Greave_R_RebuiltUpper__SELF': 13, 'BW6_Greave_R_RebuiltUpper__BW4_CONTEXT_BW1_IndexedBody': 136, 'BW6_Greave_R_RebuiltUpper__BW4_CONTEXT_BW1_Leggings': 307, 'BW6_Greave_R_RebuiltUpper__BW4_CONTEXT_BW1_Boot_Pair_SourceFit': 32, 'BW6_KneeCup_R__BW6_KneeLowerLame_R': 70}
KNEE 19 {'BW6_Greave_R_RebuiltUpper__SELF': 11, 'BW6_Greave_R_RebuiltUpper__BW4_CONTEXT_BW1_IndexedBody': 136, 'BW6_Greave_R_RebuiltUpper__BW4_CONTEXT_BW1_Leggings': 307, 'BW6_Greave_R_RebuiltUpper__BW4_CONTEXT_BW1_Boot_Pair_SourceFit': 32, 'BW6_KneeCup_R__BW6_KneeLowerLame_R': 80}
KNEE 20 {'BW6_Greave_R_RebuiltUpper__SELF': 12, 'BW6_Greave_R_RebuiltUpper__BW4_CONTEXT_BW1_IndexedBody': 136, 'BW6_Greave_R_RebuiltUpper__BW4_CONTEXT_BW1_Leggings': 307, 'BW6_Greave_R_RebuiltUpper__BW4_CONTEXT_BW1_Boot_Pair_SourceFit': 32, 'BW6_KneeCup_R__BW6_KneeLowerLame_R': 86}
KNEE 21 {'BW6_Greave_R_RebuiltUpper__SELF': 12, 'BW6_Greave_R_RebuiltUpper__BW4_CONTEXT_BW1_IndexedBody': 136, 'BW6_Greave_R_RebuiltUpper__BW4_CONTEXT_BW1_Leggings': 307, 'BW6_Greave_R_RebuiltUpper__BW4_CONTEXT_BW1_Boot_Pair_SourceFit': 32, 'BW6_KneeCup_R__BW6_KneeLowerLame_R': 98}
KNEE 22 {'BW6_Greave_R_RebuiltUpper__SELF': 12, 'BW6_Greave_R_RebuiltUpper__BW4_CONTEXT_BW1_IndexedBody': 136, 'BW6_Greave_R_RebuiltUpper__BW4_CONTEXT_BW1_Leggings': 307, 'BW6_Greave_R_RebuiltUpper__BW4_CONTEXT_BW1_Boot_Pair_SourceFit': 32, 'BW6_KneeCup_R__BW6_KneeLowerLame_R': 86}
KNEE 23 {'BW6_Greave_R_RebuiltUpper__SELF': 12, 'BW6_Greave_R_RebuiltUpper__BW4_CONTEXT_BW1_IndexedBody': 136, 'BW6_Greave_R_RebuiltUpper__BW4_CONTEXT_BW1_Leggings': 303, 'BW6_Greave_R_RebuiltUpper__BW4_CONTEXT_BW1_Boot_Pair_SourceFit': 32, 'BW6_KneeCup_R__BW6_KneeLowerLame_R': 78}
KNEE 24 {'BW6_Greave_R_RebuiltUpper__SELF': 13, 'BW6_Greave_R_RebuiltUpper__BW4_CONTEXT_BW1_IndexedBody': 136, 'BW6_Greave_R_RebuiltUpper__BW4_CONTEXT_BW1_Leggings': 303, 'BW6_Greave_R_RebuiltUpper__BW4_CONTEXT_BW1_Boot_Pair_SourceFit': 32, 'BW6_KneeCup_R__BW6_KneeLowerLame_R': 74}
KNEE 25 {'BW6_Greave_R_RebuiltUpper__SELF': 11, 'BW6_Greave_R_RebuiltUpper__BW4_CONTEXT_BW1_IndexedBody': 136, 'BW6_Greave_R_RebuiltUpper__BW4_CONTEXT_BW1_Leggings': 301, 'BW6_Greave_R_RebuiltUpper__BW4_CONTEXT_BW1_Boot_Pair_SourceFit': 32, 'BW6_KneeCup_R__BW6_KneeLowerLame_R': 72}
KNEE 26 {'BW6_Greave_R_RebuiltUpper__SELF': 12, 'BW6_Greave_R_RebuiltUpper__BW4_CONTEXT_BW1_IndexedBody': 136, 'BW6_Greave_R_RebuiltUpper__BW4_CONTEXT_BW1_Leggings': 301, 'BW6_Greave_R_RebuiltUpper__BW4_CONTEXT_BW1_Boot_Pair_SourceFit': 32, 'BW6_KneeCup_R__BW6_KneeLowerLame_R': 70}
KNEE 27 {'BW6_Greave_R_RebuiltUpper__SELF': 12, 'BW6_Greave_R_RebuiltUpper__BW4_CONTEXT_BW1_IndexedBody': 136, 'BW6_Greave_R_RebuiltUpper__BW4_CONTEXT_BW1_Leggings': 301, 'BW6_Greave_R_RebuiltUpper__BW4_CONTEXT_BW1_Boot_Pair_SourceFit': 32, 'BW6_KneeCup_R__BW6_KneeLowerLame_R': 74}
KNEE 28 {'BW6_Greave_R_RebuiltUpper__SELF': 13, 'BW6_Greave_R_RebuiltUpper__BW4_CONTEXT_BW1_IndexedBody': 136, 'BW6_Greave_R_RebuiltUpper__BW4_CONTEXT_BW1_Leggings': 303, 'BW6_Greave_R_RebuiltUpper__BW4_CONTEXT_BW1_Boot_Pair_SourceFit': 32, 'BW6_KneeCup_R__BW6_KneeLowerLame_R': 78}
KNEE 29 {'BW6_Greave_R_RebuiltUpper__SELF': 13, 'BW6_Greave_R_RebuiltUpper__BW4_CONTEXT_BW1_IndexedBody': 136, 'BW6_Greave_R_RebuiltUpper__BW4_CONTEXT_BW1_Leggings': 303, 'BW6_Greave_R_RebuiltUpper__BW4_CONTEXT_BW1_Boot_Pair_SourceFit': 32, 'BW6_KneeCup_R__BW6_KneeLowerLame_R': 88}
KNEE 30 {'BW6_Greave_R_RebuiltUpper__SELF': 11, 'BW6_Greave_R_RebuiltUpper__BW4_CONTEXT_BW1_IndexedBody': 136, 'BW6_Greave_R_RebuiltUpper__BW4_CONTEXT_BW1_Leggings': 303, 'BW6_Greave_R_RebuiltUpper__BW4_CONTEXT_BW1_Boot_Pair_SourceFit': 32, 'BW6_KneeCup_R__BW6_KneeLowerLame_R': 164}
KNEE 31 {'BW6_Greave_R_RebuiltUpper__SELF': 12, 'BW6_Greave_R_RebuiltUpper__BW4_CONTEXT_BW1_IndexedBody': 136, 'BW6_Greave_R_RebuiltUpper__BW4_CONTEXT_BW1_Leggings': 303, 'BW6_Greave_R_RebuiltUpper__BW4_CONTEXT_BW1_Boot_Pair_SourceFit': 32, 'BW6_KneeCup_R__BW6_KneeLowerLame_R': 204}
KNEE 32 {'BW6_Greave_R_RebuiltUpper__SELF': 12, 'BW6_Greave_R_RebuiltUpper__BW4_CONTEXT_BW1_IndexedBody': 136, 'BW6_Greave_R_RebuiltUpper__BW4_CONTEXT_BW1_Leggings': 305, 'BW6_Greave_R_RebuiltUpper__BW4_CONTEXT_BW1_Boot_Pair_SourceFit': 32, 'BW6_KneeCup_R__BW6_KneeLowerLame_R': 192}
KNEE 33 {'BW6_Greave_R_RebuiltUpper__SELF': 11, 'BW6_Greave_R_RebuiltUpper__BW4_CONTEXT_BW1_IndexedBody': 136, 'BW6_Greave_R_RebuiltUpper__BW4_CONTEXT_BW1_Leggings': 305, 'BW6_Greave_R_RebuiltUpper__BW4_CONTEXT_BW1_Boot_Pair_SourceFit': 32, 'BW6_KneeCup_R__BW6_KneeLowerLame_R': 166}
KNEE 34 {'BW6_Greave_R_RebuiltUpper__SELF': 11, 'BW6_Greave_R_RebuiltUpper__BW4_CONTEXT_BW1_IndexedBody': 136, 'BW6_Greave_R_RebuiltUpper__BW4_CONTEXT_BW1_Leggings': 305, 'BW6_Greave_R_RebuiltUpper__BW4_CONTEXT_BW1_Boot_Pair_SourceFit': 32, 'BW6_KneeCup_R__BW6_KneeLowerLame_R': 156}
KNEE 35 {'BW6_Greave_R_RebuiltUpper__SELF': 11, 'BW6_Greave_R_RebuiltUpper__BW4_CONTEXT_BW1_IndexedBody': 136, 'BW6_Greave_R_RebuiltUpper__BW4_CONTEXT_BW1_Leggings': 305, 'BW6_Greave_R_RebuiltUpper__BW4_CONTEXT_BW1_Boot_Pair_SourceFit': 32, 'BW6_KneeCup_R__BW6_KneeLowerLame_R': 149}
KNEE 36 {'BW6_Greave_R_RebuiltUpper__SELF': 11, 'BW6_Greave_R_RebuiltUpper__BW4_CONTEXT_BW1_IndexedBody': 136, 'BW6_Greave_R_RebuiltUpper__BW4_CONTEXT_BW1_Leggings': 303, 'BW6_Greave_R_RebuiltUpper__BW4_CONTEXT_BW1_Boot_Pair_SourceFit': 32, 'BW6_KneeCup_R__BW6_KneeLowerLame_R': 153}
KNEE 37 {'BW6_Greave_R_RebuiltUpper__SELF': 11, 'BW6_Greave_R_RebuiltUpper__BW4_CONTEXT_BW1_IndexedBody': 136, 'BW6_Greave_R_RebuiltUpper__BW4_CONTEXT_BW1_Leggings': 303, 'BW6_Greave_R_RebuiltUpper__BW4_CONTEXT_BW1_Boot_Pair_SourceFit': 32, 'BW6_KneeCup_R__BW6_KneeLowerLame_R': 177}
KNEE 38 {'BW6_Greave_R_RebuiltUpper__SELF': 11, 'BW6_Greave_R_RebuiltUpper__BW4_CONTEXT_BW1_IndexedBody': 136, 'BW6_Greave_R_RebuiltUpper__BW4_CONTEXT_BW1_Leggings': 303, 'BW6_Greave_R_RebuiltUpper__BW4_CONTEXT_BW1_Boot_Pair_SourceFit': 32, 'BW6_KneeCup_R__BW6_KneeLowerLame_R': 187}
KNEE 39 {'BW6_Greave_R_RebuiltUpper__SELF': 11, 'BW6_Greave_R_RebuiltUpper__BW4_CONTEXT_BW1_IndexedBody': 136, 'BW6_Greave_R_RebuiltUpper__BW4_CONTEXT_BW1_Leggings': 303, 'BW6_Greave_R_RebuiltUpper__BW4_CONTEXT_BW1_Boot_Pair_SourceFit': 32, 'BW6_KneeCup_R__BW6_KneeLowerLame_R': 203}
KNEE 40 {'BW6_Greave_R_RebuiltUpper__SELF': 12, 'BW6_Greave_R_RebuiltUpper__BW4_CONTEXT_BW1_IndexedBody': 136, 'BW6_Greave_R_RebuiltUpper__BW4_CONTEXT_BW1_Leggings': 303, 'BW6_Greave_R_RebuiltUpper__BW4_CONTEXT_BW1_Boot_Pair_SourceFit': 32, 'BW6_KneeCup_R__BW6_KneeLowerLame_R': 237}
KNEE 41 {'BW6_Greave_R_RebuiltUpper__SELF': 12, 'BW6_Greave_R_RebuiltUpper__BW4_CONTEXT_BW1_IndexedBody': 136, 'BW6_Greave_R_RebuiltUpper__BW4_CONTEXT_BW1_Leggings': 323, 'BW6_Greave_R_RebuiltUpper__BW4_CONTEXT_BW1_Boot_Pair_SourceFit': 32, 'BW6_KneeCup_R__BW6_KneeLowerLame_R': 275}
KNEE 42 {'BW6_Greave_R_RebuiltUpper__SELF': 12, 'BW6_Greave_R_RebuiltUpper__BW4_CONTEXT_BW1_IndexedBody': 136, 'BW6_Greave_R_RebuiltUpper__BW4_CONTEXT_BW1_Leggings': 303, 'BW6_Greave_R_RebuiltUpper__BW4_CONTEXT_BW1_Boot_Pair_SourceFit': 32, 'BW6_KneeCup_R__BW6_KneeLowerLame_R': 237}
KNEE 43 {'BW6_Greave_R_RebuiltUpper__SELF': 11, 'BW6_Greave_R_RebuiltUpper__BW4_CONTEXT_BW1_IndexedBody': 136, 'BW6_Greave_R_RebuiltUpper__BW4_CONTEXT_BW1_Leggings': 303, 'BW6_Greave_R_RebuiltUpper__BW4_CONTEXT_BW1_Boot_Pair_SourceFit': 32, 'BW6_KneeCup_R__BW6_KneeLowerLame_R': 203}
KNEE 44 {'BW6_Greave_R_RebuiltUpper__SELF': 11, 'BW6_Greave_R_RebuiltUpper__BW4_CONTEXT_BW1_IndexedBody': 136, 'BW6_Greave_R_RebuiltUpper__BW4_CONTEXT_BW1_Leggings': 303, 'BW6_Greave_R_RebuiltUpper__BW4_CONTEXT_BW1_Boot_Pair_SourceFit': 32, 'BW6_KneeCup_R__BW6_KneeLowerLame_R': 187}
KNEE 45 {'BW6_Greave_R_RebuiltUpper__SELF': 11, 'BW6_Greave_R_RebuiltUpper__BW4_CONTEXT_BW1_IndexedBody': 136, 'BW6_Greave_R_RebuiltUpper__BW4_CONTEXT_BW1_Leggings': 303, 'BW6_Greave_R_RebuiltUpper__BW4_CONTEXT_BW1_Boot_Pair_SourceFit': 32, 'BW6_KneeCup_R__BW6_KneeLowerLame_R': 177}
KNEE 46 {'BW6_Greave_R_RebuiltUpper__SELF': 11, 'BW6_Greave_R_RebuiltUpper__BW4_CONTEXT_BW1_IndexedBody': 136, 'BW6_Greave_R_RebuiltUpper__BW4_CONTEXT_BW1_Leggings': 303, 'BW6_Greave_R_RebuiltUpper__BW4_CONTEXT_BW1_Boot_Pair_SourceFit': 32, 'BW6_KneeCup_R__BW6_KneeLowerLame_R': 153}
KNEE 47 {'BW6_Greave_R_RebuiltUpper__SELF': 11, 'BW6_Greave_R_RebuiltUpper__BW4_CONTEXT_BW1_IndexedBody': 136, 'BW6_Greave_R_RebuiltUpper__BW4_CONTEXT_BW1_Leggings': 305, 'BW6_Greave_R_RebuiltUpper__BW4_CONTEXT_BW1_Boot_Pair_SourceFit': 32, 'BW6_KneeCup_R__BW6_KneeLowerLame_R': 149}
KNEE 48 {'BW6_Greave_R_RebuiltUpper__SELF': 11, 'BW6_Greave_R_RebuiltUpper__BW4_CONTEXT_BW1_IndexedBody': 136, 'BW6_Greave_R_RebuiltUpper__BW4_CONTEXT_BW1_Leggings': 305, 'BW6_Greave_R_RebuiltUpper__BW4_CONTEXT_BW1_Boot_Pair_SourceFit': 32, 'BW6_KneeCup_R__BW6_KneeLowerLame_R': 156}
KNEE 49 {'BW6_Greave_R_RebuiltUpper__SELF': 11, 'BW6_Greave_R_RebuiltUpper__BW4_CONTEXT_BW1_IndexedBody': 136, 'BW6_Greave_R_RebuiltUpper__BW4_CONTEXT_BW1_Leggings': 305, 'BW6_Greave_R_RebuiltUpper__BW4_CONTEXT_BW1_Boot_Pair_SourceFit': 32, 'BW6_KneeCup_R__BW6_KneeLowerLame_R': 166}
KNEE 50 {'BW6_Greave_R_RebuiltUpper__SELF': 12, 'BW6_Greave_R_RebuiltUpper__BW4_CONTEXT_BW1_IndexedBody': 136, 'BW6_Greave_R_RebuiltUpper__BW4_CONTEXT_BW1_Leggings': 305, 'BW6_Greave_R_RebuiltUpper__BW4_CONTEXT_BW1_Boot_Pair_SourceFit': 32, 'BW6_KneeCup_R__BW6_KneeLowerLame_R': 192}
KNEE 51 {'BW6_Greave_R_RebuiltUpper__SELF': 12, 'BW6_Greave_R_RebuiltUpper__BW4_CONTEXT_BW1_IndexedBody': 136, 'BW6_Greave_R_RebuiltUpper__BW4_CONTEXT_BW1_Leggings': 303, 'BW6_Greave_R_RebuiltUpper__BW4_CONTEXT_BW1_Boot_Pair_SourceFit': 32, 'BW6_KneeCup_R__BW6_KneeLowerLame_R': 204}
KNEE 52 {'BW6_Greave_R_RebuiltUpper__SELF': 11, 'BW6_Greave_R_RebuiltUpper__BW4_CONTEXT_BW1_IndexedBody': 136, 'BW6_Greave_R_RebuiltUpper__BW4_CONTEXT_BW1_Leggings': 303, 'BW6_Greave_R_RebuiltUpper__BW4_CONTEXT_BW1_Boot_Pair_SourceFit': 32, 'BW6_KneeCup_R__BW6_KneeLowerLame_R': 164}
KNEE 53 {'BW6_Greave_R_RebuiltUpper__SELF': 13, 'BW6_Greave_R_RebuiltUpper__BW4_CONTEXT_BW1_IndexedBody': 136, 'BW6_Greave_R_RebuiltUpper__BW4_CONTEXT_BW1_Leggings': 303, 'BW6_Greave_R_RebuiltUpper__BW4_CONTEXT_BW1_Boot_Pair_SourceFit': 32, 'BW6_KneeCup_R__BW6_KneeLowerLame_R': 88}
KNEE 54 {'BW6_Greave_R_RebuiltUpper__SELF': 13, 'BW6_Greave_R_RebuiltUpper__BW4_CONTEXT_BW1_IndexedBody': 136, 'BW6_Greave_R_RebuiltUpper__BW4_CONTEXT_BW1_Leggings': 303, 'BW6_Greave_R_RebuiltUpper__BW4_CONTEXT_BW1_Boot_Pair_SourceFit': 32, 'BW6_KneeCup_R__BW6_KneeLowerLame_R': 78}
KNEE 55 {'BW6_Greave_R_RebuiltUpper__SELF': 12, 'BW6_Greave_R_RebuiltUpper__BW4_CONTEXT_BW1_IndexedBody': 136, 'BW6_Greave_R_RebuiltUpper__BW4_CONTEXT_BW1_Leggings': 301, 'BW6_Greave_R_RebuiltUpper__BW4_CONTEXT_BW1_Boot_Pair_SourceFit': 32, 'BW6_KneeCup_R__BW6_KneeLowerLame_R': 74}
KNEE 56 {'BW6_Greave_R_RebuiltUpper__SELF': 12, 'BW6_Greave_R_RebuiltUpper__BW4_CONTEXT_BW1_IndexedBody': 136, 'BW6_Greave_R_RebuiltUpper__BW4_CONTEXT_BW1_Leggings': 301, 'BW6_Greave_R_RebuiltUpper__BW4_CONTEXT_BW1_Boot_Pair_SourceFit': 32, 'BW6_KneeCup_R__BW6_KneeLowerLame_R': 70}
KNEE 57 {'BW6_Greave_R_RebuiltUpper__SELF': 11, 'BW6_Greave_R_RebuiltUpper__BW4_CONTEXT_BW1_IndexedBody': 136, 'BW6_Greave_R_RebuiltUpper__BW4_CONTEXT_BW1_Leggings': 301, 'BW6_Greave_R_RebuiltUpper__BW4_CONTEXT_BW1_Boot_Pair_SourceFit': 32, 'BW6_KneeCup_R__BW6_KneeLowerLame_R': 72}
KNEE 58 {'BW6_Greave_R_RebuiltUpper__SELF': 13, 'BW6_Greave_R_RebuiltUpper__BW4_CONTEXT_BW1_IndexedBody': 136, 'BW6_Greave_R_RebuiltUpper__BW4_CONTEXT_BW1_Leggings': 303, 'BW6_Greave_R_RebuiltUpper__BW4_CONTEXT_BW1_Boot_Pair_SourceFit': 32, 'BW6_KneeCup_R__BW6_KneeLowerLame_R': 74}
KNEE 59 {'BW6_Greave_R_RebuiltUpper__SELF': 12, 'BW6_Greave_R_RebuiltUpper__BW4_CONTEXT_BW1_IndexedBody': 136, 'BW6_Greave_R_RebuiltUpper__BW4_CONTEXT_BW1_Leggings': 303, 'BW6_Greave_R_RebuiltUpper__BW4_CONTEXT_BW1_Boot_Pair_SourceFit': 32, 'BW6_KneeCup_R__BW6_KneeLowerLame_R': 78}
KNEE 60 {'BW6_Greave_R_RebuiltUpper__SELF': 12, 'BW6_Greave_R_RebuiltUpper__BW4_CONTEXT_BW1_IndexedBody': 136, 'BW6_Greave_R_RebuiltUpper__BW4_CONTEXT_BW1_Leggings': 307, 'BW6_Greave_R_RebuiltUpper__BW4_CONTEXT_BW1_Boot_Pair_SourceFit': 32, 'BW6_KneeCup_R__BW6_KneeLowerLame_R': 86}
KNEE 61 {'BW6_Greave_R_RebuiltUpper__SELF': 12, 'BW6_Greave_R_RebuiltUpper__BW4_CONTEXT_BW1_IndexedBody': 136, 'BW6_Greave_R_RebuiltUpper__BW4_CONTEXT_BW1_Leggings': 307, 'BW6_Greave_R_RebuiltUpper__BW4_CONTEXT_BW1_Boot_Pair_SourceFit': 32, 'BW6_KneeCup_R__BW6_KneeLowerLame_R': 98}
KNEE 62 {'BW6_Greave_R_RebuiltUpper__SELF': 12, 'BW6_Greave_R_RebuiltUpper__BW4_CONTEXT_BW1_IndexedBody': 136, 'BW6_Greave_R_RebuiltUpper__BW4_CONTEXT_BW1_Leggings': 307, 'BW6_Greave_R_RebuiltUpper__BW4_CONTEXT_BW1_Boot_Pair_SourceFit': 32, 'BW6_KneeCup_R__BW6_KneeLowerLame_R': 86}
KNEE 63 {'BW6_Greave_R_RebuiltUpper__SELF': 11, 'BW6_Greave_R_RebuiltUpper__BW4_CONTEXT_BW1_IndexedBody': 136, 'BW6_Greave_R_RebuiltUpper__BW4_CONTEXT_BW1_Leggings': 307, 'BW6_Greave_R_RebuiltUpper__BW4_CONTEXT_BW1_Boot_Pair_SourceFit': 32, 'BW6_KneeCup_R__BW6_KneeLowerLame_R': 80}
KNEE 64 {'BW6_Greave_R_RebuiltUpper__SELF': 13, 'BW6_Greave_R_RebuiltUpper__BW4_CONTEXT_BW1_IndexedBody': 136, 'BW6_Greave_R_RebuiltUpper__BW4_CONTEXT_BW1_Leggings': 307, 'BW6_Greave_R_RebuiltUpper__BW4_CONTEXT_BW1_Boot_Pair_SourceFit': 32, 'BW6_KneeCup_R__BW6_KneeLowerLame_R': 70}
KNEE 65 {'BW6_Greave_R_RebuiltUpper__SELF': 11, 'BW6_Greave_R_RebuiltUpper__BW4_CONTEXT_BW1_IndexedBody': 136, 'BW6_Greave_R_RebuiltUpper__BW4_CONTEXT_BW1_Leggings': 307, 'BW6_Greave_R_RebuiltUpper__BW4_CONTEXT_BW1_Boot_Pair_SourceFit': 32, 'BW6_KneeCup_R__BW6_KneeLowerLame_R': 70}
KNEE 66 {'BW6_Greave_R_RebuiltUpper__SELF': 12, 'BW6_Greave_R_RebuiltUpper__BW4_CONTEXT_BW1_IndexedBody': 136, 'BW6_Greave_R_RebuiltUpper__BW4_CONTEXT_BW1_Leggings': 307, 'BW6_Greave_R_RebuiltUpper__BW4_CONTEXT_BW1_Boot_Pair_SourceFit': 32, 'BW6_KneeCup_R__BW6_KneeLowerLame_R': 68}
KNEE 67 {'BW6_Greave_R_RebuiltUpper__SELF': 11, 'BW6_Greave_R_RebuiltUpper__BW4_CONTEXT_BW1_IndexedBody': 136, 'BW6_Greave_R_RebuiltUpper__BW4_CONTEXT_BW1_Leggings': 307, 'BW6_Greave_R_RebuiltUpper__BW4_CONTEXT_BW1_Boot_Pair_SourceFit': 32, 'BW6_KneeCup_R__BW6_KneeLowerLame_R': 68}
KNEE 68 {'BW6_Greave_R_RebuiltUpper__SELF': 12, 'BW6_Greave_R_RebuiltUpper__BW4_CONTEXT_BW1_IndexedBody': 136, 'BW6_Greave_R_RebuiltUpper__BW4_CONTEXT_BW1_Leggings': 309, 'BW6_Greave_R_RebuiltUpper__BW4_CONTEXT_BW1_Boot_Pair_SourceFit': 32, 'BW6_KneeCup_R__BW6_KneeLowerLame_R': 70}
KNEE 69 {'BW6_Greave_R_RebuiltUpper__SELF': 12, 'BW6_Greave_R_RebuiltUpper__BW4_CONTEXT_BW1_IndexedBody': 136, 'BW6_Greave_R_RebuiltUpper__BW4_CONTEXT_BW1_Leggings': 309, 'BW6_Greave_R_RebuiltUpper__BW4_CONTEXT_BW1_Boot_Pair_SourceFit': 32, 'BW6_KneeCup_R__BW6_KneeLowerLame_R': 70}
KNEE 70 {'BW6_Greave_R_RebuiltUpper__SELF': 12, 'BW6_Greave_R_RebuiltUpper__BW4_CONTEXT_BW1_IndexedBody': 136, 'BW6_Greave_R_RebuiltUpper__BW4_CONTEXT_BW1_Leggings': 309, 'BW6_Greave_R_RebuiltUpper__BW4_CONTEXT_BW1_Boot_Pair_SourceFit': 32, 'BW6_KneeCup_R__BW6_KneeLowerLame_R': 80, 'BW6_KneeLowerLame_R__BW6_Greave_R_RebuiltUpper': 8}
KNEE 71 {'BW6_Greave_R_RebuiltUpper__SELF': 12, 'BW6_Greave_R_RebuiltUpper__BW4_CONTEXT_BW1_IndexedBody': 136, 'BW6_Greave_R_RebuiltUpper__BW4_CONTEXT_BW1_Leggings': 311, 'BW6_Greave_R_RebuiltUpper__BW4_CONTEXT_BW1_Boot_Pair_SourceFit': 32, 'BW6_KneeCup_R__BW6_KneeLowerLame_R': 86, 'BW6_KneeLowerLame_R__BW6_Greave_R_RebuiltUpper': 16}
KNEE 72 {'BW6_Greave_R_RebuiltUpper__SELF': 11, 'BW6_Greave_R_RebuiltUpper__BW4_CONTEXT_BW1_IndexedBody': 136, 'BW6_Greave_R_RebuiltUpper__BW4_CONTEXT_BW1_Leggings': 311, 'BW6_Greave_R_RebuiltUpper__BW4_CONTEXT_BW1_Boot_Pair_SourceFit': 32, 'BW6_KneeCup_R__BW6_KneeLowerLame_R': 80, 'BW6_KneeLowerLame_R__BW6_Greave_R_RebuiltUpper': 24}
KNEE 73 {'BW6_Greave_R_RebuiltUpper__SELF': 11, 'BW6_Greave_R_RebuiltUpper__BW4_CONTEXT_BW1_IndexedBody': 136, 'BW6_Greave_R_RebuiltUpper__BW4_CONTEXT_BW1_Leggings': 309, 'BW6_Greave_R_RebuiltUpper__BW4_CONTEXT_BW1_Boot_Pair_SourceFit': 32, 'BW6_KneeCup_R__BW6_KneeLowerLame_R': 76, 'BW6_KneeLowerLame_R__BW6_Greave_R_RebuiltUpper': 42}
KNEE 74 {'BW6_Greave_R_RebuiltUpper__SELF': 12, 'BW6_Greave_R_RebuiltUpper__BW4_CONTEXT_BW1_IndexedBody': 136, 'BW6_Greave_R_RebuiltUpper__BW4_CONTEXT_BW1_Leggings': 309, 'BW6_Greave_R_RebuiltUpper__BW4_CONTEXT_BW1_Boot_Pair_SourceFit': 32, 'BW6_KneeCup_R__BW6_KneeLowerLame_R': 70, 'BW6_KneeLowerLame_R__BW6_Greave_R_RebuiltUpper': 44}
KNEE 75 {'BW6_Greave_R_RebuiltUpper__SELF': 12, 'BW6_Greave_R_RebuiltUpper__BW4_CONTEXT_BW1_IndexedBody': 136, 'BW6_Greave_R_RebuiltUpper__BW4_CONTEXT_BW1_Leggings': 307, 'BW6_Greave_R_RebuiltUpper__BW4_CONTEXT_BW1_Boot_Pair_SourceFit': 32, 'BW6_KneeCup_R__BW6_KneeLowerLame_R': 64, 'BW6_KneeLowerLame_R__BW6_Greave_R_RebuiltUpper': 50}
KNEE 76 {'BW6_Greave_R_RebuiltUpper__SELF': 12, 'BW6_Greave_R_RebuiltUpper__BW4_CONTEXT_BW1_IndexedBody': 136, 'BW6_Greave_R_RebuiltUpper__BW4_CONTEXT_BW1_Leggings': 307, 'BW6_Greave_R_RebuiltUpper__BW4_CONTEXT_BW1_Boot_Pair_SourceFit': 32, 'BW6_KneeCup_R__BW6_KneeLowerLame_R': 64, 'BW6_KneeLowerLame_R__BW6_Greave_R_RebuiltUpper': 58}
KNEE 77 {'BW6_Greave_R_RebuiltUpper__SELF': 12, 'BW6_Greave_R_RebuiltUpper__BW4_CONTEXT_BW1_IndexedBody': 136, 'BW6_Greave_R_RebuiltUpper__BW4_CONTEXT_BW1_Leggings': 307, 'BW6_Greave_R_RebuiltUpper__BW4_CONTEXT_BW1_Boot_Pair_SourceFit': 32, 'BW6_KneeCup_R__BW6_KneeLowerLame_R': 64, 'BW6_KneeLowerLame_R__BW6_Greave_R_RebuiltUpper': 56}
KNEE 78 {'BW6_Greave_R_RebuiltUpper__SELF': 13, 'BW6_Greave_R_RebuiltUpper__BW4_CONTEXT_BW1_IndexedBody': 136, 'BW6_Greave_R_RebuiltUpper__BW4_CONTEXT_BW1_Leggings': 307, 'BW6_Greave_R_RebuiltUpper__BW4_CONTEXT_BW1_Boot_Pair_SourceFit': 32, 'BW6_KneeCup_R__BW6_KneeLowerLame_R': 74, 'BW6_KneeLowerLame_R__BW6_Greave_R_RebuiltUpper': 70}
KNEE 79 {'BW6_Greave_R_RebuiltUpper__SELF': 13, 'BW6_Greave_R_RebuiltUpper__BW4_CONTEXT_BW1_IndexedBody': 138, 'BW6_Greave_R_RebuiltUpper__BW4_CONTEXT_BW1_Leggings': 305, 'BW6_Greave_R_RebuiltUpper__BW4_CONTEXT_BW1_Boot_Pair_SourceFit': 32, 'BW6_KneeCup_R__BW6_KneeLowerLame_R': 76, 'BW6_KneeLowerLame_R__BW6_Greave_R_RebuiltUpper': 70}
KNEE 80 {'BW6_Greave_R_RebuiltUpper__SELF': 12, 'BW6_Greave_R_RebuiltUpper__BW4_CONTEXT_BW1_IndexedBody': 138, 'BW6_Greave_R_RebuiltUpper__BW4_CONTEXT_BW1_Leggings': 303, 'BW6_Greave_R_RebuiltUpper__BW4_CONTEXT_BW1_Boot_Pair_SourceFit': 32, 'BW6_KneeCup_R__BW6_KneeLowerLame_R': 78, 'BW6_KneeLowerLame_R__BW6_Greave_R_RebuiltUpper': 84}
KNEE 81 {'BW6_Greave_R_RebuiltUpper__SELF': 13, 'BW6_Greave_R_RebuiltUpper__BW4_CONTEXT_BW1_IndexedBody': 138, 'BW6_Greave_R_RebuiltUpper__BW4_CONTEXT_BW1_Leggings': 305, 'BW6_Greave_R_RebuiltUpper__BW4_CONTEXT_BW1_Boot_Pair_SourceFit': 32, 'BW6_KneeCup_R__BW6_KneeLowerLame_R': 80, 'BW6_KneeLowerLame_R__BW6_Greave_R_RebuiltUpper': 86}
Blender 5.1.1 (hash b70da489d7f4 built 2026-04-14 01:37:22)

Blender quit
