00:02.640  blend            | Read blend: "C:\Users\iputu\Documents\Wonder Chess\art-source\asset-studio\wc_u_human_guardian\stages\body-costume\BW5\armor\ada_bw5_armor_checkpoint_r003_ART_REVISE.blend"
00:04.750  render           | Saved: 'C:\Users\iputu\Documents\Wonder Chess\art-source\asset-studio\wc_u_human_guardian\stages\body-costume\BW6\knee\captures\initial_front_1.png'
00:05.422  render           | Saved: 'C:\Users\iputu\Documents\Wonder Chess\art-source\asset-studio\wc_u_human_guardian\stages\body-costume\BW6\knee\captures\initial_profile_1.png'
00:06.000  render           | Saved: 'C:\Users\iputu\Documents\Wonder Chess\art-source\asset-studio\wc_u_human_guardian\stages\body-costume\BW6\knee\captures\initial_three_quarter_1.png'
00:06.656  render           | Saved: 'C:\Users\iputu\Documents\Wonder Chess\art-source\asset-studio\wc_u_human_guardian\stages\body-costume\BW6\knee\captures\initial_front_11.png'
00:07.203  render           | Saved: 'C:\Users\iputu\Documents\Wonder Chess\art-source\asset-studio\wc_u_human_guardian\stages\body-costume\BW6\knee\captures\initial_profile_11.png'
00:07.797  render           | Saved: 'C:\Users\iputu\Documents\Wonder Chess\art-source\asset-studio\wc_u_human_guardian\stages\body-costume\BW6\knee\captures\initial_three_quarter_11.png'
00:08.484  render           | Saved: 'C:\Users\iputu\Documents\Wonder Chess\art-source\asset-studio\wc_u_human_guardian\stages\body-costume\BW6\knee\captures\initial_front_21.png'
00:09.062  render           | Saved: 'C:\Users\iputu\Documents\Wonder Chess\art-source\asset-studio\wc_u_human_guardian\stages\body-costume\BW6\knee\captures\initial_profile_21.png'
00:09.625  render           | Saved: 'C:\Users\iputu\Documents\Wonder Chess\art-source\asset-studio\wc_u_human_guardian\stages\body-costume\BW6\knee\captures\initial_three_quarter_21.png'
00:10.281  render           | Saved: 'C:\Users\iputu\Documents\Wonder Chess\art-source\asset-studio\wc_u_human_guardian\stages\body-costume\BW6\knee\captures\initial_front_31.png'
00:10.828  render           | Saved: 'C:\Users\iputu\Documents\Wonder Chess\art-source\asset-studio\wc_u_human_guardian\stages\body-costume\BW6\knee\captures\initial_profile_31.png'
00:11.562  render           | Saved: 'C:\Users\iputu\Documents\Wonder Chess\art-source\asset-studio\wc_u_human_guardian\stages\body-costume\BW6\knee\captures\initial_three_quarter_31.png'
00:12.265  render           | Saved: 'C:\Users\iputu\Documents\Wonder Chess\art-source\asset-studio\wc_u_human_guardian\stages\body-costume\BW6\knee\captures\initial_front_41.png'
00:13.000  render           | Saved: 'C:\Users\iputu\Documents\Wonder Chess\art-source\asset-studio\wc_u_human_guardian\stages\body-costume\BW6\knee\captures\initial_profile_41.png'
00:13.734  render           | Saved: 'C:\Users\iputu\Documents\Wonder Chess\art-source\asset-studio\wc_u_human_guardian\stages\body-costume\BW6\knee\captures\initial_three_quarter_41.png'
Info: Saved as "ada_bw6_knee_initial.blend"
INITIAL_KNEE_SAVED
Blender 5.1.1 (hash b70da489d7f4 built 2026-04-14 01:37:22)

Blender quit
