00:02.125  blend            | Read blend: "C:\Users\iputu\Documents\Wonder Chess\art-source\asset-studio\wc_u_human_guardian\stages\body-costume\BW5\armor\ada_bw5_armor_checkpoint_r003_ART_REVISE.blend"
{
  "source": "C:\\Users\\iputu\\Documents\\Wonder Chess\\art-source\\asset-studio\\wc_u_human_guardian\\stages\\body-costume\\BW5\\armor\\ada_bw5_armor_checkpoint_r003_ART_REVISE.blend",
  "sha256": "e1acb1cb3e11be218b7a0f381921e8da7e81a46a87a4f68f35151e28ab657899",
  "objects": {
    "BW4_CONTEXT_BW1_IndexedBody": {
      "visible": true,
      "verts": 19158,
      "modifiers": [
        {
          "type": "ARMATURE",
          "name": "Armature",
          "object": "BW4_Armor_Independent_Rig"
        },
        {
          "type": "MASK",
          "name": "Hide helpers",
          "object": null
        },
        {
          "type": "MASK",
          "name": "BW1 display cut; master indices retained",
          "object": null
        },
        {
          "type": "SUBSURF",
          "name": "Study subdivision",
          "object": null
        },
        {
          "type": "MASK",
          "name": "Delete.toigo_gloves_short",
          "object": null
        },
        {
          "type": "MASK",
          "name": "Delete.toigo_ankle_boots_male",
          "object": null
        }
      ],
      "groups": [
        "HelperGeometry",
        "JointCubes",
        "Left",
        "Mid",
        "Right",
        "body",
        "helper-genital",
        "helper-hair",
        "helper-l-eye",
        "helper-l-eyelashes-1",
        "helper-l-eyelashes-2",
        "helper-lower-teeth",
        "helper-r-eye",
        "helper-r-eyelashes-1",
        "helper-r-eyelashes-2",
        "helper-skirt",
        "helper-tights",
        "helper-tongue",
        "helper-upper-teeth",
        "joint-ground",
        "joint-head",
        "joint-head-2",
        "joint-jaw",
        "joint-l-ankle",
        "joint-l-clavicle",
        "joint-l-elbow",
        "joint-l-eye",
        "joint-l-eye-target",
        "joint-l-finger-1-1",
        "joint-l-finger-1-2",
        "joint-l-finger-1-3",
        "joint-l-finger-1-4",
        "joint-l-finger-2-1",
        "joint-l-finger-2-2",
        "joint-l-finger-2-3",
        "joint-l-finger-2-4",
        "joint-l-finger-3-1",
        "joint-l-finger-3-2",
        "joint-l-finger-3-3",
        "joint-l-finger-3-4",
        "joint-l-finger-4-1",
        "joint-l-finger-4-2",
        "joint-l-finger-4-3",
        "joint-l-finger-4-4",
        "joint-l-finger-5-1",
        "joint-l-finger-5-2",
        "joint-l-finger-5-3",
        "joint-l-finger-5-4",
        "joint-l-foot-1",
        "joint-l-foot-2",
        "joint-l-hand",
        "joint-l-hand-2",
        "joint-l-hand-3",
        "joint-l-knee",
        "joint-l-lowerlid",
        "joint-l-scapula",
        "joint-l-shoulder",
        "joint-l-toe-1-1",
        "joint-l-toe-1-2",
        "joint-l-toe-1-3",
        "joint-l-toe-2-1",
        "joint-l-toe-2-2",
        "joint-l-toe-2-3",
        "joint-l-toe-2-4",
        "joint-l-toe-3-1",
        "joint-l-toe-3-2",
        "joint-l-toe-3-3",
        "joint-l-toe-3-4",
        "joint-l-toe-4-1",
        "joint-l-toe-4-2",
        "joint-l-toe-4-3",
        "joint-l-toe-4-4",
        "joint-l-toe-5-1",
        "joint-l-toe-5-2",
        "joint-l-toe-5-3",
        "joint-l-toe-5-4",
        "joint-l-upper-leg",
        "joint-l-upperlid",
        "joint-mouth",
        "joint-neck",
        "joint-pelvis",
        "joint-r-ankle",
        "joint-r-clavicle",
        "joint-r-elbow",
        "joint-r-eye",
        "joint-r-eye-target",
        "joint-r-finger-1-1",
        "joint-r-finger-1-2",
        "joint-r-finger-1-3",
        "joint-r-finger-1-4",
        "joint-r-finger-2-1",
        "joint-r-finger-2-2",
        "joint-r-finger-2-3",
        "joint-r-finger-2-4",
        "joint-r-finger-3-1",
        "joint-r-finger-3-2",
        "joint-r-finger-3-3",
        "joint-r-finger-3-4",
        "joint-r-finger-4-1",
        "joint-r-finger-4-2",
        "joint-r-finger-4-3",
        "joint-r-finger-4-4",
        "joint-r-finger-5-1",
        "joint-r-finger-5-2",
        "joint-r-finger-5-3",
        "joint-r-finger-5-4",
        "joint-r-foot-1",
        "joint-r-foot-2",
        "joint-r-hand",
        "joint-r-hand-2",
        "joint-r-hand-3",
        "joint-r-knee",
        "joint-r-lowerlid",
        "joint-r-scapula",
        "joint-r-shoulder",
        "joint-r-toe-1-1",
        "joint-r-toe-1-2",
        "joint-r-toe-1-3",
        "joint-r-toe-2-1",
        "joint-r-toe-2-2",
        "joint-r-toe-2-3",
        "joint-r-toe-2-4",
        "joint-r-toe-3-1",
        "joint-r-toe-3-2",
        "joint-r-toe-3-3",
        "joint-r-toe-3-4",
        "joint-r-toe-4-1",
        "joint-r-toe-4-2",
        "joint-r-toe-4-3",
        "joint-r-toe-4-4",
        "joint-r-toe-5-1",
        "joint-r-toe-5-2",
        "joint-r-toe-5-3",
        "joint-r-toe-5-4",
        "joint-r-upper-leg",
        "joint-r-upperlid",
        "joint-spine-1",
        "joint-spine-2",
        "joint-spine-3",
        "joint-spine-4",
        "joint-tongue-1",
        "joint-tongue-2",
        "joint-tongue-3",
        "joint-tongue-4",
        "nippleTip",
        "nipple",
        "lips",
        "fingernails",
        "toenails",
        "ears",
        "scalp",
        "genitals",
        "MP1_Head_Preview_Only",
        "BW1_Display_Body_Below_Neck",
        "root",
        "pelvis.L",
        "upperleg01.L",
        "upperleg02.L",
        "lowerleg01.L",
        "lowerleg02.L",
        "foot.L",
        "toe1-1.L",
        "toe1-2.L",
        "toe2-1.L",
        "toe2-2.L",
        "toe2-3.L",
        "toe3-1.L",
        "toe3-2.L",
        "toe3-3.L",
        "toe4-1.L",
        "toe4-2.L",
        "toe4-3.L",
        "toe5-1.L",
        "toe5-2.L",
        "toe5-3.L",
        "pelvis.R",
        "upperleg01.R",
        "upperleg02.R",
        "lowerleg01.R",
        "lowerleg02.R",
        "foot.R",
        "toe1-1.R",
        "toe1-2.R",
        "toe2-1.R",
        "toe2-2.R",
        "toe2-3.R",
        "toe3-1.R",
        "toe3-2.R",
        "toe3-3.R",
        "toe4-1.R",
        "toe4-2.R",
        "toe4-3.R",
        "toe5-1.R",
        "toe5-2.R",
        "toe5-3.R",
        "spine05",
        "spine04",
        "spine03",
        "spine02",
        "breast.L",
        "breast.R",
        "spine01",
        "clavicle.L",
        "shoulder01.L",
        "upperarm01.L",
        "upperarm02.L",
        "lowerarm01.L",
        "lowerarm02.L",
        "wrist.L",
        "finger1-1.L",
        "finger1-2.L",
        "finger1-3.L",
        "metacarpal1.L",
        "finger2-1.L",
        "finger2-2.L",
        "finger2-3.L",
        "metacarpal2.L",
        "finger3-1.L",
        "finger3-2.L",
        "finger3-3.L",
        "metacarpal3.L",
        "finger4-1.L",
        "finger4-2.L",
        "finger4-3.L",
        "metacarpal4.L",
        "finger5-1.L",
        "finger5-2.L",
        "finger5-3.L",
        "clavicle.R",
        "shoulder01.R",
        "upperarm01.R",
        "upperarm02.R",
        "lowerarm01.R",
        "lowerarm02.R",
        "wrist.R",
        "finger1-1.R",
        "finger1-2.R",
        "finger1-3.R",
        "metacarpal1.R",
        "finger2-1.R",
        "finger2-2.R",
        "finger2-3.R",
        "metacarpal2.R",
        "finger3-1.R",
        "finger3-2.R",
        "finger3-3.R",
        "metacarpal3.R",
        "finger4-1.R",
        "finger4-2.R",
        "finger4-3.R",
        "metacarpal4.R",
        "finger5-1.R",
        "finger5-2.R",
        "finger5-3.R",
        "neck01",
        "neck02",
        "neck03",
        "head",
        "jaw",
        "special04",
        "oris01",
        "oris07.L",
        "oris07.R",
        "tongue00",
        "tongue01",
        "tongue02",
        "tongue03",
        "tongue04",
        "tongue07.L",
        "tongue07.R",
        "tongue06.L",
        "tongue06.R",
        "tongue05.L",
        "tongue05.R",
        "levator05.L",
        "levator05.R",
        "oris03.L",
        "oris03.R",
        "oris05",
        "levator06.L",
        "levator06.R",
        "special05.L",
        "eye.L",
        "orbicularis03.L",
        "orbicularis04.L",
        "special05.R",
        "eye.R",
        "orbicularis03.R",
        "orbicularis04.R",
        "oculi01.L",
        "oculi01.R",
        "risorius03.L",
        "risorius03.R",
        "Delete.toigo_gloves_short",
        "Delete.toigo_ankle_boots_male"
      ],
      "parent": "BW4_Armor_Independent_Rig",
      "constraints": [],
      "bounds": [
        [
          -0.5688368082046509,
          0.5688366889953613
        ],
        [
          -0.19620738923549652,
          0.302468478679657
        ],
        [
          -0.03051300346851349,
          1.907720685005188
        ]
      ]
    },
    "BW4_CONTEXT_BW1_Boot_Pair_SourceFit": {
      "visible": true,
      "verts": 2084,
      "modifiers": [
        {
          "type": "ARMATURE",
          "name": "Armature",
          "object": "BW4_Armor_Independent_Rig"
        },
        {
          "type": "SUBSURF",
          "name": "Subdivision",
          "object": null
        }
      ],
      "groups": [
        "lowerleg01.L",
        "lowerleg02.L",
        "foot.L",
        "toe1-1.L",
        "toe1-2.L",
        "toe2-1.L",
        "toe2-2.L",
        "toe2-3.L",
        "toe3-1.L",
        "toe3-2.L",
        "toe3-3.L",
        "toe4-1.L",
        "toe4-2.L",
        "toe4-3.L",
        "toe5-1.L",
        "toe5-2.L",
        "toe5-3.L",
        "lowerleg01.R",
        "lowerleg02.R",
        "foot.R",
        "toe1-1.R",
        "toe1-2.R",
        "toe2-1.R",
        "toe2-2.R",
        "toe2-3.R",
        "toe3-1.R",
        "toe3-2.R",
        "toe3-3.R",
        "toe4-1.R",
        "toe4-2.R",
        "toe4-3.R",
        "toe5-1.R",
        "toe5-2.R",
        "toe5-3.R"
      ],
      "parent": "BW4_Armor_Independent_Rig",
      "constraints": [],
      "bounds": [
        [
          -0.2660509943962097,
          0.26605093479156494
        ],
        [
          -0.10074000805616379,
          0.1879604607820511
        ],
        [
          -0.018082745373249054,
          0.21067221462726593
        ]
      ]
    },
    "BW4_CONTEXT_BW1_Leggings": {
      "visible": true,
      "verts": 945,
      "modifiers": [
        {
          "type": "ARMATURE",
          "name": "Temporary articulation",
          "object": "BW4_Armor_Independent_Rig"
        },
        {
          "type": "SUBSURF",
          "name": "Editable surface subdivision",
          "object": null
        },
        {
          "type": "SOLIDIFY",
          "name": "Garment thickness",
          "object": null
        }
      ],
      "groups": [
        "finger1-1.L",
        "finger1-1.R",
        "foot.L",
        "foot.R",
        "lowerarm01.L",
        "lowerarm01.R",
        "lowerarm02.L",
        "lowerarm02.R",
        "lowerleg01.L",
        "lowerleg01.R",
        "lowerleg02.L",
        "lowerleg02.R",
        "metacarpal3.L",
        "metacarpal3.R",
        "metacarpal4.L",
        "metacarpal4.R",
        "pelvis.L",
        "pelvis.R",
        "spine02",
        "spine03",
        "spine04",
        "spine05",
        "upperleg01.L",
        "upperleg01.R",
        "upperleg02.L",
        "upperleg02.R",
        "wrist.L",
        "wrist.R"
      ],
      "parent": "BW4_Armor_Independent_Rig",
      "constraints": [],
      "bounds": [
        [
          -0.2523491680622101,
          0.2523491680622101
        ],
        [
          -0.18711945414543152,
          0.10708807408809662
        ],
        [
          0.17673832178115845,
          1.1151126623153687
        ]
      ]
    },
    "BW4_CONTEXT_BW1_BootSole_L_Blockout": {
      "visible": true,
      "verts": 26,
      "modifiers": [
        {
          "type": "BEVEL",
          "name": "Manufactured edge radius",
          "object": null
        }
      ],
      "groups": [],
      "parent": "BW4_Armor_Independent_Rig",
      "constraints": [],
      "bounds": [
        [
          -0.27639999985694885,
          -0.14099998772144318
        ],
        [
          -0.10300002247095108,
          0.1940000355243683
        ],
        [
          -0.027000050991773605,
          0.011999968439340591
        ]
      ]
    },
    "BW4_CONTEXT_BW1_BootVampStrap_R": {
      "visible": true,
      "verts": 52,
      "modifiers": [
        {
          "type": "SHRINKWRAP",
          "name": "Selected boot contact fit",
          "object": null
        },
        {
          "type": "BEVEL",
          "name": "Manufactured edge radius",
          "object": null
        },
        {
          "type": "SOLIDIFY",
          "name": "Strap thickness",
          "object": null
        }
      ],
      "groups": [],
      "parent": "BW4_Armor_Independent_Rig",
      "constraints": [],
      "bounds": [
        [
          0.12904323637485504,
          0.27095675468444824
        ],
        [
          0.03999999910593033,
          0.06800001114606857
        ],
        [
          0.027268460020422935,
          0.09000000357627869
        ]
      ]
    },
    "BW4_CONTEXT_BW1_FootprintSole_R": {
      "visible": true,
      "verts": 72,
      "modifiers": [
        {
          "type": "BEVEL",
          "name": "Restrained perimeter edge",
          "object": null
        }
      ],
      "groups": [],
      "parent": "BW4_Armor_Independent_Rig",
      "constraints": [],
      "bounds": [
        [
          0.14003221690654755,
          0.268099844455719
        ],
        [
          -0.09889921545982361,
          0.18994885683059692
        ],
        [
          -0.024000005796551704,
          0.0020000129006803036
        ]
      ]
    },
    "BW4_CONTEXT_BW1_Greave_R": {
      "visible": true,
      "verts": 65,
      "modifiers": [
        {
          "type": "SOLIDIFY",
          "name": "Plate thickness",
          "object": null
        },
        {
          "type": "BEVEL",
          "name": "Controlled edge bevel",
          "object": null
        }
      ],
      "groups": [],
      "parent": "BW4_Armor_Independent_Rig",
      "constraints": [],
      "bounds": [
        [
          0.08475864678621292,
          0.2326960563659668
        ],
        [
          -0.04952625930309296,
          0.06425564736127853
        ],
        [
          0.19500000774860382,
          0.46800002455711365
        ]
      ]
    },
    "BW4_CONTEXT_BW1_Greave_L_Blockout": {
      "visible": true,
      "verts": 65,
      "modifiers": [
        {
          "type": "SOLIDIFY",
          "name": "Plate thickness",
          "object": null
        },
        {
          "type": "BEVEL",
          "name": "Controlled edge bevel",
          "object": null
        }
      ],
      "groups": [],
      "parent": "BW4_Armor_Independent_Rig",
      "constraints": [],
      "bounds": [
        [
          -0.23269608616828918,
          -0.08475866913795471
        ],
        [
          -0.04952625930309296,
          0.06425564736127853
        ],
        [
          0.19500000774860382,
          0.46800002455711365
        ]
      ]
    },
    "BW4_CONTEXT_BW1_KneePlate_L_Blockout": {
      "visible": true,
      "verts": 8,
      "modifiers": [
        {
          "type": "SOLIDIFY",
          "name": "Plate thickness",
          "object": null
        },
        {
          "type": "BEVEL",
          "name": "Controlled edge bevel",
          "object": null
        }
      ],
      "groups": [],
      "parent": "BW4_Armor_Independent_Rig",
      "constraints": [],
      "bounds": [
        [
          -0.21543005108833313,
          -0.08643003553152084
        ],
        [
          0.05039985105395317,
          0.08339986205101013
        ],
        [
          0.4418400228023529,
          0.582840085029602
        ]
      ]
    },
    "BW4_CONTEXT_BW1_KneeCup_R_ThighAttachment": {
      "visible": true,
      "verts": 48,
      "modifiers": [
        {
          "type": "SOLIDIFY",
          "name": "Plate thickness",
          "object": null
        },
        {
          "type": "BEVEL",
          "name": "Controlled edge",
          "object": null
        }
      ],
      "groups": [],
      "parent": "BW4_Armor_Independent_Rig",
      "constraints": [],
      "bounds": [
        [
          0.08742799609899521,
          0.21942797303199768
        ],
        [
          0.056999873369932175,
          0.08699988573789597
        ],
        [
          0.4529999792575836,
          0.5749999284744263
        ]
      ]
    },
    "BW4_CONTEXT_BW1_KneeCup_ThighStrap_R": {
      "visible": true,
      "verts": 64,
      "modifiers": [
        {
          "type": "SOLIDIFY",
          "name": "Plate thickness",
          "object": null
        },
        {
          "type": "BEVEL",
          "name": "Controlled edge",
          "object": null
        }
      ],
      "groups": [],
      "parent": "BW4_Armor_Independent_Rig",
      "constraints": [],
      "bounds": [
        [
          0.08699998259544373,
          0.2149999737739563
        ],
        [
          -0.09200010448694229,
          0.055999886244535446
        ],
        [
          0.5389999151229858,
          0.562999963760376
        ]
      ]
    },
    "BW4_CONTEXT_BW1_Greave_Closure_R_1": {
      "visible": true,
      "verts": 64,
      "modifiers": [
        {
          "type": "SOLIDIFY",
          "name": "Plate thickness",
          "object": null
        },
        {
          "type": "BEVEL",
          "name": "Controlled edge",
          "object": null
        }
      ],
      "groups": [],
      "parent": "BW4_Armor_Independent_Rig",
      "constraints": [],
      "bounds": [
        [
          0.12275000661611557,
          0.23575003445148468
        ],
        [
          -0.09525007009506226,
          0.03524993732571602
        ],
        [
          0.25,
          0.27000004053115845
        ]
      ]
    },
    "BW4_CONTEXT_BW1_Greave_Closure_R_2": {
      "visible": true,
      "verts": 64,
      "modifiers": [
        {
          "type": "SOLIDIFY",
          "name": "Plate thickness",
          "object": null
        },
        {
          "type": "BEVEL",
          "name": "Controlled edge",
          "object": null
        }
      ],
      "groups": [],
      "parent": "BW4_Armor_Independent_Rig",
      "constraints": [],
      "bounds": [
        [
          0.09183333814144135,
          0.22583335638046265
        ],
        [
          -0.1075001060962677,
          0.047499898821115494
        ],
        [
          0.38999998569488525,
          0.4100000262260437
        ]
      ]
    }
  },
  "rigs": {
    "BW4_Armor_Independent_Rig": {
      "action": "BW5_Preserved97_Authoring_Diagnostic_NOT_GAME_CLIPS",
      "legs": {
        "foot.L": {
          "head": [
            -0.18816831707954407,
            -0.03621608763933182,
            0.07805675268173218
          ],
          "tail": [
            -0.19092799723148346,
            0.0315670520067215,
            0.04760788008570671
          ],
          "matrix": [
            [
              0.9956455826759338,
              0.03711257129907608,
              0.08551355451345444,
              0.16451096534729004
            ],
            [
              -0.0013350965455174446,
              -0.9115626811981201,
              0.4111591875553131,
              -0.029536472633481026
            ],
            [
              0.0932101383805275,
              -0.4094832241535187,
              -0.9075437784194946,
              0.06824307143688202
            ],
            [
              0.0,
              0.0,
              0.0,
              1.0
            ]
          ]
        },
        "toe1-1.L": {
          "head": [
            -0.1626911461353302,
            0.10561391711235046,
            0.02924378588795662
          ],
          "tail": [
            -0.16499371826648712,
            0.13071274757385254,
            0.023279787972569466
          ],
          "matrix": [
            [
              0.9780713319778442,
              0.08890175074338913,
              0.18834298849105835,
              0.1422368735074997
            ],
            [
              0.04121815785765648,
              -0.9690579175949097,
              0.24336789548397064,
              -0.15353497862815857
            ],
            [
              0.20415109395980835,
              -0.230268195271492,
              -0.9514721632003784,
              0.025567088276147842
            ],
            [
              0.0,
              0.0,
              0.0,
              1.0
            ]
          ]
        },
        "toe1-2.L": {
          "head": [
            -0.16499371826648712,
            0.13071274757385254,
            0.023279787972569466
          ],
          "tail": [
            -0.16963160037994385,
            0.15941587090492249,
            0.01838204450905323
          ],
          "matrix": [
            [
              0.7486689686775208,
              0.15729613602161407,
              0.6440130472183228,
              0.14424996078014374
            ],
            [
              0.007857657968997955,
              -0.9734813570976257,
              0.2286320924758911,
              -0.1754782795906067
            ],
            [
              0.662897527217865,
              -0.16610953211784363,
              -0.7300512790679932,
              0.020352905616164207
            ],
            [
              0.0,
              0.0,
              0.0,
              1.0
            ]
          ]
        },
        "toe2-1.L": {
          "head": [
            -0.1871105432510376,
            0.10522445291280746,
            0.027435878291726112
          ],
          "tail": [
            -0.18949639797210693,
            0.12655602395534515,
            0.0236713457852602
          ],
          "matrix": [
            [
              0.9707207679748535,
              0.10948207229375839,
              0.213810533285141,
              0.16358615458011627
            ],
            [
              0.06790909171104431,
              -0.9788628220558167,
              0.19291448593139648,
              -0.15319448709487915
            ],
            [
              0.23041191697120667,
              -0.17274664342403412,
              -0.957637369632721,
              0.02398647740483284
            ],
            [
              0.0,
              0.0,
              0.0,
              1.0
            ]
          ]
        },
        "toe2-2.L": {
          "head": [
            -0.18949639797210693,
            0.12655602395534515,
            0.0236713457852602
          ],
          "tail": [
            -0.19070029258728027,
            0.13933195173740387,
            0.020279500633478165
          ],
          "matrix": [
            [
              0.8887327909469604,
              0.09070167690515518,
              0.44936317205429077,
              0.16567204892635345
            ],
            [
              -0.037549808621406555,
              -0.9625343084335327,
              0.2685471773147583,
              -0.17184415459632874
            ],
            [
              0.45688527822494507,
              -0.2555404305458069,
              -0.8520300984382629,
              0.020695243030786514
            ],
            [
              0.0,
              0.0,
              0.0,
              1.0
            ]
          ]
        },
        "toe2-3.L": {
          "head": [
            -0.19070029258728027,
            0.13933195173740387,
            0.020279500633478165
          ],
          "tail": [
            -0.19075192511081696,
            0.15771625936031342,
            0.013487535528838634
          ],
          "matrix": [
            [
              0.999669075012207,
              0.00263415090739727,
              -0.025587618350982666,
              0.16672459244728088
            ],
            [
              0.011337503790855408,
              -0.9380283355712891,
              0.3463729918003082,
              -0.18301384150981903
            ],
            [
              -0.023089498281478882,
              -0.34654873609542847,
              -0.9377479553222656,
              0.017729835584759712
            ],
            [
              0.0,
              0.0,
              0.0,
              1.0
            ]
          ]
        },
        "toe3-1.L": {
          "head": [
            -0.2033746987581253,
            0.1029457375407219,
            0.026837477460503578
          ],
          "tail": [
            -0.20649515092372894,
            0.12103355675935745,
            0.023996926844120026
          ],
          "matrix": [
            [
              0.815264105796814,
              0.16800551116466522,
              0.5541828274726868,
              0.17780551314353943
            ],
            [
              0.05004560947418213,
              -0.9738508462905884,
              0.22160887718200684,
              -0.1512022465467453
            ],
            [
              0.5769228935241699,
              -0.15293562412261963,
              -0.8023534417152405,
              0.023463312536478043
            ],
            [
              0.0,
              0.0,
              0.0,
              1.0
            ]
          ]
        },
        "toe3-2.L": {
          "head": [
            -0.20649515092372894,
            0.12103355675935745,
            0.023996926844120026
          ],
          "tail": [
            -0.20764730870723724,
            0.13400039076805115,
            0.01921752281486988
          ],
          "matrix": [
            [
              0.9165948033332825,
              0.08308302611112595,
              0.3910897374153137,
              0.18053364753723145
            ],
            [
              -0.06402236968278885,
              -0.9350489974021912,
              0.34869033098220825,
              -0.16701598465442657
            ],
            [
              0.39465829730033875,
              -0.34464651346206665,
              -0.8517417907714844,
              0.02097988873720169
            ],
            [
              0.0,
              0.0,
              0.0,
              1.0
            ]
          ]
        },
        "toe3-3.L": {
          "head": [
            -0.20764730870723724,
            0.13400039076805115,
            0.01921752281486988
          ],
          "tail": [
            -0.20691071450710297,
            0.14780180156230927,
            0.014269925653934479
          ],
          "matrix": [
            [
              0.9972821474075317,
              -0.0501767061650753,
              -0.05394986271858215,
              0.18154095113277435
            ],
            [
              -0.028935804963111877,
              -0.9401556253433228,
              0.33951491117477417,
              -0.17835257947444916
            ],
            [
              -0.06775707006454468,
              -0.3370313346385956,
              -0.9390523433685303,
              0.016801372170448303
            ],
            [
              0.0,
              0.0,
              0.0,
              1.0
            ]
          ]
        },
        "toe4-1.L": {
          "head": [
            -0.220136821269989,
            0.09598983079195023,
            0.0271013006567955
          ],
          "tail": [
            -0.22348381578922272,
            0.11192940175533295,
            0.022139690816402435
          ],
          "matrix": [
            [
              0.917043149471283,
              0.1965796947479248,
              0.34697023034095764,
              0.19246022403240204
            ],
            [
              0.07037607580423355,
              -0.9361817836761475,
              0.344399631023407,
              -0.14512087404727936
            ],
            [
              0.39252912998199463,
              -0.2914111018180847,
              -0.8723535537719727,
              0.023693963885307312
            ],
            [
              0.0,
              0.0,
              0.0,
              1.0
            ]
          ]
        },
        "toe4-2.L": {
          "head": [
            -0.22348381578922272,
            0.11192940175533295,
            0.022139690816402435
          ],
          "tail": [
            -0.22394156455993652,
            0.12378691136837006,
            0.021250959485769272
          ],
          "matrix": [
            [
              0.24415519833564758,
              0.03846783936023712,
              0.96897292137146,
              0.19538642466068268
            ],
            [
              -0.06310281157493591,
              -0.9964650869369507,
              0.05545945465564728,
              -0.15905645489692688
            ],
            [
              0.9676809310913086,
              -0.07468582689762115,
              -0.24086478352546692,
              0.019356148317456245
            ],
            [
              0.0,
              0.0,
              0.0,
              1.0
            ]
          ]
        },
        "toe4-3.L": {
          "head": [
            -0.22394156455993652,
            0.12378691136837006,
            0.021250959485769272
          ],
          "tail": [
            -0.22524918615818024,
            0.13319538533687592,
            0.014818735420703888
          ],
          "matrix": [
            [
              0.9810017347335815,
              0.11398515105247498,
              0.15698106586933136,
              0.19578662514686584
            ],
            [
              0.003737039864063263,
              -0.8201374411582947,
              0.5721546411514282,
              -0.1694231927394867
            ],
            [
              0.19396303594112396,
              -0.5606982111930847,
              -0.8049820065498352,
              0.01857915334403515
            ],
            [
              0.0,
              0.0,
              0.0,
              1.0
            ]
          ]
        },
        "toe5-1.L": {
          "head": [
            -0.23490311205387115,
            0.0853596031665802,
            0.028668547049164772
          ],
          "tail": [
            -0.23602858185768127,
            0.09441958367824554,
            0.02573923021554947
          ],
          "matrix": [
            [
              0.8839334845542908,
              0.11738204956054688,
              0.45263993740081787,
              0.20537003874778748
            ],
            [
              -0.04080824553966522,
              -0.9449236989021301,
              0.3247367739677429,
              -0.13582712411880493
            ],
            [
              0.465828537940979,
              -0.30551737546920776,
              -0.8304595947265625,
              0.025064166635274887
            ],
            [
              0.0,
              0.0,
              0.0,
              1.0
            ]
          ]
        },
        "toe5-2.L": {
          "head": [
            -0.23602858185768127,
            0.09441958367824554,
            0.02573923021554947
          ],
          "tail": [
            -0.23567692935466766,
            0.10289064049720764,
            0.02039061300456524
          ],
          "matrix": [
            [
              0.9201911687850952,
              -0.03507932275533676,
              0.3898942470550537,
              0.20635400712490082
            ],
            [
              -0.2355976402759552,
              -0.8450374603271484,
              0.48000580072402954,
              -0.14374804496765137
            ],
            [
              0.31263697147369385,
              -0.5335555076599121,
              -0.7858605980873108,
              0.022503135725855827
            ],
            [
              0.0,
              0.0,
              0.0,
              1.0
            ]
          ]
        },
        "toe5-3.L": {
          "head": [
            -0.23567692935466766,
            0.10289064049720764,
            0.02039061300456524
          ],
          "tail": [
            -0.23672200739383698,
            0.11473850905895233,
            0.015740197151899338
          ],
          "matrix": [
            [
              0.9327179193496704,
              0.08183350414037704,
              0.3511984050273895,
              0.20604656636714935
            ],
            [
              -0.057460717856884,
              -0.9277392029762268,
              0.3687794804573059,
              -0.15115408599376678
            ],
            [
              0.35599908232688904,
              -0.3641476333141327,
              -0.8606168627738953,
              0.017826970666646957
            ],
            [
              0.0,
              0.0,
              0.0,
              1.0
            ]
          ]
        },
        "foot.R": {
          "head": [
            0.18816831707954407,
            -0.03621602803468704,
            0.07805675268173218
          ],
          "tail": [
            0.19092796742916107,
            0.03156711161136627,
            0.04760788008570671
          ],
          "matrix": [
            [
              0.9956455826759338,
              -0.03711257129907608,
              -0.08551355451345444,
              -0.16451096534729004
            ],
            [
              0.0013350965455174446,
              -0.9115626811981201,
              0.4111591875553131,
              -0.029536472633481026
            ],
            [
              -0.0932101383805275,
              -0.4094832241535187,
              -0.9075437784194946,
              0.06824307143688202
            ],
            [
              0.0,
              0.0,
              0.0,
              1.0
            ]
          ]
        },
        "toe1-1.R": {
          "head": [
            0.16269108653068542,
            0.10561396181583405,
            0.02924378588795662
          ],
          "tail": [
            0.16499365866184235,
            0.13071279227733612,
            0.023279787972569466
          ],
          "matrix": [
            [
              0.9780713319778442,
              -0.08890175074338913,
              -0.18834298849105835,
              -0.1422368735074997
            ],
            [
              -0.04121815785765648,
              -0.9690579175949097,
              0.24336789548397064,
              -0.15353497862815857
            ],
            [
              -0.20415109395980835,
              -0.230268195271492,
              -0.9514721632003784,
              0.025567088276147842
            ],
            [
              0.0,
              0.0,
              0.0,
              1.0
            ]
          ]
        },
        "toe1-2.R": {
          "head": [
            0.16499365866184235,
            0.13071279227733612,
            0.023279787972569466
          ],
          "tail": [
            0.16963154077529907,
            0.15941591560840607,
            0.01838204450905323
          ],
          "matrix": [
            [
              0.7486689686775208,
              -0.15729613602161407,
              -0.6440130472183228,
              -0.14424996078014374
            ],
            [
              -0.007857657968997955,
              -0.9734813570976257,
              0.2286320924758911,
              -0.1754782795906067
            ],
            [
              -0.662897527217865,
              -0.16610953211784363,
              -0.7300512790679932,
              0.020352905616164207
            ],
            [
              0.0,
              0.0,
              0.0,
              1.0
            ]
          ]
        },
        "toe2-1.R": {
          "head": [
            0.18711048364639282,
            0.10522451251745224,
            0.027435878291726112
          ],
          "tail": [
            0.18949633836746216,
            0.12655606865882874,
            0.0236713457852602
          ],
          "matrix": [
            [
              0.9707207679748535,
              -0.10948207229375839,
              -0.213810533285141,
              -0.16358615458011627
            ],
            [
              -0.06790909171104431,
              -0.9788628220558167,
              0.19291448593139648,
              -0.15319448709487915
            ],
            [
              -0.23041191697120667,
              -0.17274664342403412,
              -0.957637369632721,
              0.02398647740483284
            ],
            [
              0.0,
              0.0,
              0.0,
              1.0
            ]
          ]
        },
        "toe2-2.R": {
          "head": [
            0.18949633836746216,
            0.12655606865882874,
            0.0236713457852602
          ],
          "tail": [
            0.1907002329826355,
            0.13933199644088745,
            0.020279500633478165
          ],
          "matrix": [
            [
              0.8887327909469604,
              -0.09070167690515518,
              -0.44936317205429077,
              -0.16567204892635345
            ],
            [
              0.037549808621406555,
              -0.9625343084335327,
              0.2685471773147583,
              -0.17184415459632874
            ],
            [
              -0.45688527822494507,
              -0.2555404305458069,
              -0.8520300984382629,
              0.020695243030786514
            ],
            [
              0.0,
              0.0,
              0.0,
              1.0
            ]
          ]
        },
        "toe2-3.R": {
          "head": [
            0.1907002329826355,
            0.13933199644088745,
            0.020279500633478165
          ],
          "tail": [
            0.19075186550617218,
            0.157716304063797,
            0.013487535528838634
          ],
          "matrix": [
            [
              0.999669075012207,
              -0.00263415090739727,
              0.025587618350982666,
              -0.16672459244728088
            ],
            [
              -0.011337503790855408,
              -0.9380283355712891,
              0.3463729918003082,
              -0.18301384150981903
            ],
            [
              0.023089498281478882,
              -0.34654873609542847,
              -0.9377479553222656,
              0.017729835584759712
            ],
            [
              0.0,
              0.0,
              0.0,
              1.0
            ]
          ]
        },
        "toe3-1.R": {
          "head": [
            0.20337463915348053,
            0.10294579714536667,
            0.026837477460503578
          ],
          "tail": [
            0.20649509131908417,
            0.12103361636400223,
            0.023996926844120026
          ],
          "matrix": [
            [
              0.815264105796814,
              -0.16800551116466522,
              -0.5541828274726868,
              -0.17780551314353943
            ],
            [
              -0.05004560947418213,
              -0.9738508462905884,
              0.22160887718200684,
              -0.1512022465467453
            ],
            [
              -0.5769228935241699,
              -0.15293562412261963,
              -0.8023534417152405,
              0.023463312536478043
            ],
            [
              0.0,
              0.0,
              0.0,
              1.0
            ]
          ]
        },
        "toe3-2.R": {
          "head": [
            0.20649509131908417,
            0.12103361636400223,
            0.023996926844120026
          ],
          "tail": [
            0.20764724910259247,
            0.13400046527385712,
            0.01921752281486988
          ],
          "matrix": [
            [
              0.9165948033332825,
              -0.08308302611112595,
              -0.3910897374153137,
              -0.18053364753723145
            ],
            [
              0.06402236968278885,
              -0.9350489974021912,
              0.34869033098220825,
              -0.16701598465442657
            ],
            [
              -0.39465829730033875,
              -0.34464651346206665,
              -0.8517417907714844,
              0.02097988873720169
            ],
            [
              0.0,
              0.0,
              0.0,
              1.0
            ]
          ]
        },
        "toe3-3.R": {
          "head": [
            0.20764724910259247,
            0.13400046527385712,
            0.01921752281486988
          ],
          "tail": [
            0.2069106549024582,
            0.14780187606811523,
            0.014269925653934479
          ],
          "matrix": [
            [
              0.9972821474075317,
              0.0501767061650753,
              0.05394986271858215,
              -0.18154095113277435
            ],
            [
              0.028935804963111877,
              -0.9401556253433228,
              0.33951491117477417,
              -0.17835257947444916
            ],
            [
              0.06775707006454468,
              -0.3370313346385956,
              -0.9390523433685303,
              0.016801372170448303
            ],
            [
              0.0,
              0.0,
              0.0,
              1.0
            ]
          ]
        },
        "toe4-1.R": {
          "head": [
            0.22013676166534424,
            0.095989890396595,
            0.0271013006567955
          ],
          "tail": [
            0.22348375618457794,
            0.11192947626113892,
            0.022139690816402435
          ],
          "matrix": [
            [
              0.917043149471283,
              -0.1965796947479248,
              -0.34697023034095764,
              -0.19246022403240204
            ],
            [
              -0.07037607580423355,
              -0.9361817836761475,
              0.344399631023407,
              -0.14512087404727936
            ],
            [
              -0.39252912998199463,
              -0.2914111018180847,
              -0.8723535537719727,
              0.023693963885307312
            ],
            [
              0.0,
              0.0,
              0.0,
              1.0
            ]
          ]
        },
        "toe4-2.R": {
          "head": [
            0.22348375618457794,
            0.11192947626113892,
            0.022139690816402435
          ],
          "tail": [
            0.22394150495529175,
            0.12378698587417603,
            0.021250959485769272
          ],
          "matrix": [
            [
              0.24415519833564758,
              -0.03846783936023712,
              -0.96897292137146,
              -0.19538642466068268
            ],
            [
              0.06310281157493591,
              -0.9964650869369507,
              0.05545945465564728,
              -0.15905645489692688
            ],
            [
              -0.9676809310913086,
              -0.07468582689762115,
              -0.24086478352546692,
              0.019356148317456245
            ],
            [
              0.0,
              0.0,
              0.0,
              1.0
            ]
          ]
        },
        "toe4-3.R": {
          "head": [
            0.22394150495529175,
            0.12378698587417603,
            0.021250959485769272
          ],
          "tail": [
            0.22524912655353546,
            0.13319545984268188,
            0.014818735420703888
          ],
          "matrix": [
            [
              0.9810017347335815,
              -0.11398515105247498,
              -0.15698106586933136,
              -0.19578662514686584
            ],
            [
              -0.003737039864063263,
              -0.8201374411582947,
              0.5721546411514282,
              -0.1694231927394867
            ],
            [
              -0.19396303594112396,
              -0.5606982111930847,
              -0.8049820065498352,
              0.01857915334403515
            ],
            [
              0.0,
              0.0,
              0.0,
              1.0
            ]
          ]
        },
        "toe5-1.R": {
          "head": [
            0.23490305244922638,
            0.08535967767238617,
            0.028668547049164772
          ],
          "tail": [
            0.2360285222530365,
            0.09441965818405151,
            0.02573923021554947
          ],
          "matrix": [
            [
              0.8839334845542908,
              -0.11738204956054688,
              -0.45263993740081787,
              -0.20537003874778748
            ],
            [
              0.04080824553966522,
              -0.9449236989021301,
              0.3247367739677429,
              -0.13582712411880493
            ],
            [
              -0.465828537940979,
              -0.30551737546920776,
              -0.8304595947265625,
              0.025064166635274887
            ],
            [
              0.0,
              0.0,
              0.0,
              1.0
            ]
          ]
        },
        "toe5-2.R": {
          "head": [
            0.2360285222530365,
            0.09441965818405151,
            0.02573923021554947
          ],
          "tail": [
            0.2356768697500229,
            0.10289071500301361,
            0.02039061300456524
          ],
          "matrix": [
            [
              0.9201911687850952,
              0.03507932275533676,
              -0.3898942470550537,
              -0.20635400712490082
            ],
            [
              0.2355976402759552,
              -0.8450374603271484,
              0.48000580072402954,
              -0.14374804496765137
            ],
            [
              -0.31263697147369385,
              -0.5335555076599121,
              -0.7858605980873108,
              0.022503135725855827
            ],
            [
              0.0,
              0.0,
              0.0,
              1.0
            ]
          ]
        },
        "toe5-3.R": {
          "head": [
            0.2356768697500229,
            0.10289071500301361,
            0.02039061300456524
          ],
          "tail": [
            0.2367219477891922,
            0.1147385835647583,
            0.015740197151899338
          ],
          "matrix": [
            [
              0.9327179193496704,
              -0.08183350414037704,
              -0.3511984050273895,
              -0.20604656636714935
            ],
            [
              0.057460717856884,
              -0.9277392029762268,
              0.3687794804573059,
              -0.15115408599376678
            ],
            [
              -0.35599908232688904,
              -0.3641476333141327,
              -0.8606168627738953,
              0.017826970666646957
            ],
            [
              0.0,
              0.0,
              0.0,
              1.0
            ]
          ]
        }
      },
      "poses": {
        "1": {
          "foot.L": [
            0.0,
            0.0,
            0.0
          ],
          "foot.R": [
            0.0,
            0.0,
            0.0
          ]
        },
        "20": {
          "foot.L": [
            0.0,
            0.0,
            0.0
          ],
          "foot.R": [
            0.0,
            0.0,
            0.0
          ]
        },
        "25": {
          "foot.L": [
            0.0,
            0.0,
            0.0
          ],
          "foot.R": [
            0.0,
            0.0,
            0.0
          ]
        },
        "49": {
          "foot.L": [
            0.0,
            0.0,
            0.0
          ],
          "foot.R": [
            0.0,
            0.0,
            0.0
          ]
        },
        "73": {
          "foot.L": [
            0.0,
            0.0,
            0.0
          ],
          "foot.R": [
            0.0,
            0.0,
            0.0
          ]
        },
        "97": {
          "foot.L": [
            0.0,
            0.0,
            0.0
          ],
          "foot.R": [
            0.0,
            0.0,
            0.0
          ]
        }
      }
    }
  }
}
Blender 5.1.1 (hash b70da489d7f4 built 2026-04-14 01:37:22)

Blender quit
