00:02.250  blend            | Read blend: "C:\Users\iputu\Documents\Wonder Chess\art-source\asset-studio\wc_u_human_guardian\stages\body-costume\BW6\knee\ada_bw6_knee_checkpoint_ART_REVISE.blend"
00:03.735  render           | Saved: 'C:\Users\iputu\Documents\Wonder Chess\art-source\asset-studio\wc_u_human_guardian\stages\body-costume\BW6\knee\motion\frames\frame_0001.png'
00:04.250  render           | Saved: 'C:\Users\iputu\Documents\Wonder Chess\art-source\asset-studio\wc_u_human_guardian\stages\body-costume\BW6\knee\motion\frames\frame_0002.png'
00:04.391  render           | Saved: 'C:\Users\iputu\Documents\Wonder Chess\art-source\asset-studio\wc_u_human_guardian\stages\body-costume\BW6\knee\motion\frames\frame_0003.png'
00:04.547  render           | Saved: 'C:\Users\iputu\Documents\Wonder Chess\art-source\asset-studio\wc_u_human_guardian\stages\body-costume\BW6\knee\motion\frames\frame_0004.png'
00:04.688  render           | Saved: 'C:\Users\iputu\Documents\Wonder Chess\art-source\asset-studio\wc_u_human_guardian\stages\body-costume\BW6\knee\motion\frames\frame_0005.png'
00:04.828  render           | Saved: 'C:\Users\iputu\Documents\Wonder Chess\art-source\asset-studio\wc_u_human_guardian\stages\body-costume\BW6\knee\motion\frames\frame_0006.png'
00:04.969  render           | Saved: 'C:\Users\iputu\Documents\Wonder Chess\art-source\asset-studio\wc_u_human_guardian\stages\body-costume\BW6\knee\motion\frames\frame_0007.png'
00:05.125  render           | Saved: 'C:\Users\iputu\Documents\Wonder Chess\art-source\asset-studio\wc_u_human_guardian\stages\body-costume\BW6\knee\motion\frames\frame_0008.png'
00:05.266  render           | Saved: 'C:\Users\iputu\Documents\Wonder Chess\art-source\asset-studio\wc_u_human_guardian\stages\body-costume\BW6\knee\motion\frames\frame_0009.png'
00:05.422  render           | Saved: 'C:\Users\iputu\Documents\Wonder Chess\art-source\asset-studio\wc_u_human_guardian\stages\body-costume\BW6\knee\motion\frames\frame_0010.png'
00:05.578  render           | Saved: 'C:\Users\iputu\Documents\Wonder Chess\art-source\asset-studio\wc_u_human_guardian\stages\body-costume\BW6\knee\motion\frames\frame_0011.png'
00:05.735  render           | Saved: 'C:\Users\iputu\Documents\Wonder Chess\art-source\asset-studio\wc_u_human_guardian\stages\body-costume\BW6\knee\motion\frames\frame_0012.png'
00:05.891  render           | Saved: 'C:\Users\iputu\Documents\Wonder Chess\art-source\asset-studio\wc_u_human_guardian\stages\body-costume\BW6\knee\motion\frames\frame_0013.png'
00:06.032  render           | Saved: 'C:\Users\iputu\Documents\Wonder Chess\art-source\asset-studio\wc_u_human_guardian\stages\body-costume\BW6\knee\motion\frames\frame_0014.png'
00:06.188  render           | Saved: 'C:\Users\iputu\Documents\Wonder Chess\art-source\asset-studio\wc_u_human_guardian\stages\body-costume\BW6\knee\motion\frames\frame_0015.png'
00:06.344  render           | Saved: 'C:\Users\iputu\Documents\Wonder Chess\art-source\asset-studio\wc_u_human_guardian\stages\body-costume\BW6\knee\motion\frames\frame_0016.png'
00:06.485  render           | Saved: 'C:\Users\iputu\Documents\Wonder Chess\art-source\asset-studio\wc_u_human_guardian\stages\body-costume\BW6\knee\motion\frames\frame_0017.png'
00:06.641  render           | Saved: 'C:\Users\iputu\Documents\Wonder Chess\art-source\asset-studio\wc_u_human_guardian\stages\body-costume\BW6\knee\motion\frames\frame_0018.png'
00:06.844  render           | Saved: 'C:\Users\iputu\Documents\Wonder Chess\art-source\asset-studio\wc_u_human_guardian\stages\body-costume\BW6\knee\motion\frames\frame_0019.png'
00:06.985  render           | Saved: 'C:\Users\iputu\Documents\Wonder Chess\art-source\asset-studio\wc_u_human_guardian\stages\body-costume\BW6\knee\motion\frames\frame_0020.png'
00:07.141  render           | Saved: 'C:\Users\iputu\Documents\Wonder Chess\art-source\asset-studio\wc_u_human_guardian\stages\body-costume\BW6\knee\motion\frames\frame_0021.png'
00:07.297  render           | Saved: 'C:\Users\iputu\Documents\Wonder Chess\art-source\asset-studio\wc_u_human_guardian\stages\body-costume\BW6\knee\motion\frames\frame_0022.png'
00:07.438  render           | Saved: 'C:\Users\iputu\Documents\Wonder Chess\art-source\asset-studio\wc_u_human_guardian\stages\body-costume\BW6\knee\motion\frames\frame_0023.png'
00:07.578  render           | Saved: 'C:\Users\iputu\Documents\Wonder Chess\art-source\asset-studio\wc_u_human_guardian\stages\body-costume\BW6\knee\motion\frames\frame_0024.png'
00:07.719  render           | Saved: 'C:\Users\iputu\Documents\Wonder Chess\art-source\asset-studio\wc_u_human_guardian\stages\body-costume\BW6\knee\motion\frames\frame_0025.png'
00:07.860  render           | Saved: 'C:\Users\iputu\Documents\Wonder Chess\art-source\asset-studio\wc_u_human_guardian\stages\body-costume\BW6\knee\motion\frames\frame_0026.png'
00:08.016  render           | Saved: 'C:\Users\iputu\Documents\Wonder Chess\art-source\asset-studio\wc_u_human_guardian\stages\body-costume\BW6\knee\motion\frames\frame_0027.png'
00:08.157  render           | Saved: 'C:\Users\iputu\Documents\Wonder Chess\art-source\asset-studio\wc_u_human_guardian\stages\body-costume\BW6\knee\motion\frames\frame_0028.png'
00:08.297  render           | Saved: 'C:\Users\iputu\Documents\Wonder Chess\art-source\asset-studio\wc_u_human_guardian\stages\body-costume\BW6\knee\motion\frames\frame_0029.png'
00:08.453  render           | Saved: 'C:\Users\iputu\Documents\Wonder Chess\art-source\asset-studio\wc_u_human_guardian\stages\body-costume\BW6\knee\motion\frames\frame_0030.png'
00:08.594  render           | Saved: 'C:\Users\iputu\Documents\Wonder Chess\art-source\asset-studio\wc_u_human_guardian\stages\body-costume\BW6\knee\motion\frames\frame_0031.png'
00:08.735  render           | Saved: 'C:\Users\iputu\Documents\Wonder Chess\art-source\asset-studio\wc_u_human_guardian\stages\body-costume\BW6\knee\motion\frames\frame_0032.png'
00:08.875  render           | Saved: 'C:\Users\iputu\Documents\Wonder Chess\art-source\asset-studio\wc_u_human_guardian\stages\body-costume\BW6\knee\motion\frames\frame_0033.png'
00:09.032  render           | Saved: 'C:\Users\iputu\Documents\Wonder Chess\art-source\asset-studio\wc_u_human_guardian\stages\body-costume\BW6\knee\motion\frames\frame_0034.png'
00:09.188  render           | Saved: 'C:\Users\iputu\Documents\Wonder Chess\art-source\asset-studio\wc_u_human_guardian\stages\body-costume\BW6\knee\motion\frames\frame_0035.png'
00:09.375  render           | Saved: 'C:\Users\iputu\Documents\Wonder Chess\art-source\asset-studio\wc_u_human_guardian\stages\body-costume\BW6\knee\motion\frames\frame_0036.png'
00:09.547  render           | Saved: 'C:\Users\iputu\Documents\Wonder Chess\art-source\asset-studio\wc_u_human_guardian\stages\body-costume\BW6\knee\motion\frames\frame_0037.png'
00:09.703  render           | Saved: 'C:\Users\iputu\Documents\Wonder Chess\art-source\asset-studio\wc_u_human_guardian\stages\body-costume\BW6\knee\motion\frames\frame_0038.png'
00:09.844  render           | Saved: 'C:\Users\iputu\Documents\Wonder Chess\art-source\asset-studio\wc_u_human_guardian\stages\body-costume\BW6\knee\motion\frames\frame_0039.png'
00:09.985  render           | Saved: 'C:\Users\iputu\Documents\Wonder Chess\art-source\asset-studio\wc_u_human_guardian\stages\body-costume\BW6\knee\motion\frames\frame_0040.png'
00:10.125  render           | Saved: 'C:\Users\iputu\Documents\Wonder Chess\art-source\asset-studio\wc_u_human_guardian\stages\body-costume\BW6\knee\motion\frames\frame_0041.png'
00:10.266  render           | Saved: 'C:\Users\iputu\Documents\Wonder Chess\art-source\asset-studio\wc_u_human_guardian\stages\body-costume\BW6\knee\motion\frames\frame_0042.png'
00:10.422  render           | Saved: 'C:\Users\iputu\Documents\Wonder Chess\art-source\asset-studio\wc_u_human_guardian\stages\body-costume\BW6\knee\motion\frames\frame_0043.png'
00:10.578  render           | Saved: 'C:\Users\iputu\Documents\Wonder Chess\art-source\asset-studio\wc_u_human_guardian\stages\body-costume\BW6\knee\motion\frames\frame_0044.png'
00:10.719  render           | Saved: 'C:\Users\iputu\Documents\Wonder Chess\art-source\asset-studio\wc_u_human_guardian\stages\body-costume\BW6\knee\motion\frames\frame_0045.png'
00:10.875  render           | Saved: 'C:\Users\iputu\Documents\Wonder Chess\art-source\asset-studio\wc_u_human_guardian\stages\body-costume\BW6\knee\motion\frames\frame_0046.png'
00:11.016  render           | Saved: 'C:\Users\iputu\Documents\Wonder Chess\art-source\asset-studio\wc_u_human_guardian\stages\body-costume\BW6\knee\motion\frames\frame_0047.png'
00:11.157  render           | Saved: 'C:\Users\iputu\Documents\Wonder Chess\art-source\asset-studio\wc_u_human_guardian\stages\body-costume\BW6\knee\motion\frames\frame_0048.png'
00:11.297  render           | Saved: 'C:\Users\iputu\Documents\Wonder Chess\art-source\asset-studio\wc_u_human_guardian\stages\body-costume\BW6\knee\motion\frames\frame_0049.png'
00:11.438  render           | Saved: 'C:\Users\iputu\Documents\Wonder Chess\art-source\asset-studio\wc_u_human_guardian\stages\body-costume\BW6\knee\motion\frames\frame_0050.png'
00:11.594  render           | Saved: 'C:\Users\iputu\Documents\Wonder Chess\art-source\asset-studio\wc_u_human_guardian\stages\body-costume\BW6\knee\motion\frames\frame_0051.png'
00:11.750  render           | Saved: 'C:\Users\iputu\Documents\Wonder Chess\art-source\asset-studio\wc_u_human_guardian\stages\body-costume\BW6\knee\motion\frames\frame_0052.png'
00:11.953  render           | Saved: 'C:\Users\iputu\Documents\Wonder Chess\art-source\asset-studio\wc_u_human_guardian\stages\body-costume\BW6\knee\motion\frames\frame_0053.png'
00:12.110  render           | Saved: 'C:\Users\iputu\Documents\Wonder Chess\art-source\asset-studio\wc_u_human_guardian\stages\body-costume\BW6\knee\motion\frames\frame_0054.png'
00:12.250  render           | Saved: 'C:\Users\iputu\Documents\Wonder Chess\art-source\asset-studio\wc_u_human_guardian\stages\body-costume\BW6\knee\motion\frames\frame_0055.png'
00:12.391  render           | Saved: 'C:\Users\iputu\Documents\Wonder Chess\art-source\asset-studio\wc_u_human_guardian\stages\body-costume\BW6\knee\motion\frames\frame_0056.png'
00:12.547  render           | Saved: 'C:\Users\iputu\Documents\Wonder Chess\art-source\asset-studio\wc_u_human_guardian\stages\body-costume\BW6\knee\motion\frames\frame_0057.png'
00:12.688  render           | Saved: 'C:\Users\iputu\Documents\Wonder Chess\art-source\asset-studio\wc_u_human_guardian\stages\body-costume\BW6\knee\motion\frames\frame_0058.png'
00:12.891  render           | Saved: 'C:\Users\iputu\Documents\Wonder Chess\art-source\asset-studio\wc_u_human_guardian\stages\body-costume\BW6\knee\motion\frames\frame_0059.png'
00:13.047  render           | Saved: 'C:\Users\iputu\Documents\Wonder Chess\art-source\asset-studio\wc_u_human_guardian\stages\body-costume\BW6\knee\motion\frames\frame_0060.png'
00:13.203  render           | Saved: 'C:\Users\iputu\Documents\Wonder Chess\art-source\asset-studio\wc_u_human_guardian\stages\body-costume\BW6\knee\motion\frames\frame_0061.png'
00:13.360  render           | Saved: 'C:\Users\iputu\Documents\Wonder Chess\art-source\asset-studio\wc_u_human_guardian\stages\body-costume\BW6\knee\motion\frames\frame_0062.png'
00:13.485  render           | Saved: 'C:\Users\iputu\Documents\Wonder Chess\art-source\asset-studio\wc_u_human_guardian\stages\body-costume\BW6\knee\motion\frames\frame_0063.png'
00:13.625  render           | Saved: 'C:\Users\iputu\Documents\Wonder Chess\art-source\asset-studio\wc_u_human_guardian\stages\body-costume\BW6\knee\motion\frames\frame_0064.png'
00:13.766  render           | Saved: 'C:\Users\iputu\Documents\Wonder Chess\art-source\asset-studio\wc_u_human_guardian\stages\body-costume\BW6\knee\motion\frames\frame_0065.png'
00:13.907  render           | Saved: 'C:\Users\iputu\Documents\Wonder Chess\art-source\asset-studio\wc_u_human_guardian\stages\body-costume\BW6\knee\motion\frames\frame_0066.png'
00:14.047  render           | Saved: 'C:\Users\iputu\Documents\Wonder Chess\art-source\asset-studio\wc_u_human_guardian\stages\body-costume\BW6\knee\motion\frames\frame_0067.png'
00:14.188  render           | Saved: 'C:\Users\iputu\Documents\Wonder Chess\art-source\asset-studio\wc_u_human_guardian\stages\body-costume\BW6\knee\motion\frames\frame_0068.png'
00:14.344  render           | Saved: 'C:\Users\iputu\Documents\Wonder Chess\art-source\asset-studio\wc_u_human_guardian\stages\body-costume\BW6\knee\motion\frames\frame_0069.png'
00:14.485  render           | Saved: 'C:\Users\iputu\Documents\Wonder Chess\art-source\asset-studio\wc_u_human_guardian\stages\body-costume\BW6\knee\motion\frames\frame_0070.png'
00:14.641  render           | Saved: 'C:\Users\iputu\Documents\Wonder Chess\art-source\asset-studio\wc_u_human_guardian\stages\body-costume\BW6\knee\motion\frames\frame_0071.png'
00:14.782  render           | Saved: 'C:\Users\iputu\Documents\Wonder Chess\art-source\asset-studio\wc_u_human_guardian\stages\body-costume\BW6\knee\motion\frames\frame_0072.png'
00:14.907  render           | Saved: 'C:\Users\iputu\Documents\Wonder Chess\art-source\asset-studio\wc_u_human_guardian\stages\body-costume\BW6\knee\motion\frames\frame_0073.png'
00:15.047  render           | Saved: 'C:\Users\iputu\Documents\Wonder Chess\art-source\asset-studio\wc_u_human_guardian\stages\body-costume\BW6\knee\motion\frames\frame_0074.png'
00:15.203  render           | Saved: 'C:\Users\iputu\Documents\Wonder Chess\art-source\asset-studio\wc_u_human_guardian\stages\body-costume\BW6\knee\motion\frames\frame_0075.png'
00:15.360  render           | Saved: 'C:\Users\iputu\Documents\Wonder Chess\art-source\asset-studio\wc_u_human_guardian\stages\body-costume\BW6\knee\motion\frames\frame_0076.png'
00:15.500  render           | Saved: 'C:\Users\iputu\Documents\Wonder Chess\art-source\asset-studio\wc_u_human_guardian\stages\body-costume\BW6\knee\motion\frames\frame_0077.png'
00:15.703  render           | Saved: 'C:\Users\iputu\Documents\Wonder Chess\art-source\asset-studio\wc_u_human_guardian\stages\body-costume\BW6\knee\motion\frames\frame_0078.png'
00:15.844  render           | Saved: 'C:\Users\iputu\Documents\Wonder Chess\art-source\asset-studio\wc_u_human_guardian\stages\body-costume\BW6\knee\motion\frames\frame_0079.png'
00:15.985  render           | Saved: 'C:\Users\iputu\Documents\Wonder Chess\art-source\asset-studio\wc_u_human_guardian\stages\body-costume\BW6\knee\motion\frames\frame_0080.png'
00:16.141  render           | Saved: 'C:\Users\iputu\Documents\Wonder Chess\art-source\asset-studio\wc_u_human_guardian\stages\body-costume\BW6\knee\motion\frames\frame_0081.png'
00:16.188  render           | Video append frame 1
00:16.203  render           | Video append frame 2
00:16.219  render           | Video append frame 3
00:16.235  render           | Video append frame 4
00:16.250  render           | Video append frame 5
00:16.266  render           | Video append frame 6
00:16.282  render           | Video append frame 7
00:16.297  render           | Video append frame 8
00:16.313  render           | Video append frame 9
00:16.313  render           | Video append frame 10
00:16.328  render           | Video append frame 11
00:16.344  render           | Video append frame 12
00:16.360  render           | Video append frame 13
00:16.375  render           | Video append frame 14
00:16.391  render           | Video append frame 15
00:16.391  render           | Video append frame 16
00:16.407  render           | Video append frame 17
00:16.422  render           | Video append frame 18
00:16.438  render           | Video append frame 19
00:16.453  render           | Video append frame 20
00:16.469  render           | Video append frame 21
00:16.469  render           | Video append frame 22
00:16.485  render           | Video append frame 23
00:16.500  render           | Video append frame 24
00:16.516  render           | Video append frame 25
00:16.532  render           | Video append frame 26
00:16.547  render           | Video append frame 27
00:16.563  render           | Video append frame 28
00:16.578  render           | Video append frame 29
00:16.578  render           | Video append frame 30
00:16.594  render           | Video append frame 31
00:16.610  render           | Video append frame 32
00:16.625  render           | Video append frame 33
00:16.641  render           | Video append frame 34
00:16.657  render           | Video append frame 35
00:16.672  render           | Video append frame 36
00:16.672  render           | Video append frame 37
00:16.688  render           | Video append frame 38
00:16.703  render           | Video append frame 39
00:16.719  render           | Video append frame 40
00:16.735  render           | Video append frame 41
00:16.750  render           | Video append frame 42
00:16.766  render           | Video append frame 43
00:16.782  render           | Video append frame 44
00:16.782  render           | Video append frame 45
00:16.797  render           | Video append frame 46
00:16.828  render           | Video append frame 47
00:16.844  render           | Video append frame 48
00:16.860  render           | Video append frame 49
00:16.875  render           | Video append frame 50
00:16.875  render           | Video append frame 51
00:16.891  render           | Video append frame 52
00:16.907  render           | Video append frame 53
00:16.922  render           | Video append frame 54
00:16.938  render           | Video append frame 55
00:16.938  render           | Video append frame 56
00:16.953  render           | Video append frame 57
00:16.969  render           | Video append frame 58
00:16.985  render           | Video append frame 59
00:17.000  render           | Video append frame 60
00:17.016  render           | Video append frame 61
00:17.032  render           | Video append frame 62
00:17.047  render           | Video append frame 63
00:17.047  render           | Video append frame 64
00:17.063  render           | Video append frame 65
00:17.078  render           | Video append frame 66
00:17.094  render           | Video append frame 67
00:17.110  render           | Video append frame 68
00:17.125  render           | Video append frame 69
00:17.125  render           | Video append frame 70
00:17.141  render           | Video append frame 71
00:17.157  render           | Video append frame 72
00:17.172  render           | Video append frame 73
00:17.188  render           | Video append frame 74
00:17.188  render           | Video append frame 75
00:17.203  render           | Video append frame 76
00:17.219  render           | Video append frame 77
00:17.235  render           | Video append frame 78
00:17.250  render           | Video append frame 79
00:17.250  render           | Video append frame 80
00:17.266  render           | Video append frame 81
MOVIE_VERIFIED {'source_sha256': '9808ff289fdc4d84e1a56dc223120bfd566aeb958a147f29d2a27c7dac4fa8d0', 'frame_count': 81, 'native_reopened_duration': 81, 'native_size': [720, 900], 'source_bound': True, 'scope': '81-frame isolated bend/return authoring diagnostic. ART_REVISE, not game or accepted movement.'}
Blender 5.1.1 (hash b70da489d7f4 built 2026-04-14 01:37:22)

Blender quit
