00:02.094  blend            | Read blend: "C:\Users\iputu\Documents\Wonder Chess\art-source\heroes\wc_u_elf_ranger\wc_u_elf_ranger.blend"
{
  "status": "structural_checks_passed_visual_review_required",
  "blender_version": "5.1.1",
  "collection": "EXPORT",
  "evaluated_triangle_total": 3772,
  "objects": [
    {
      "name": "Armature",
      "type": "ARMATURE",
      "scale": [
        1.0,
        1.0,
        1.0
      ],
      "dimensions": [
        1.0347530841827393,
        0.5169269442558289,
        2.0210001468658447
      ],
      "roots": [
        "root"
      ],
      "deform_bones": 27
    },
    {
      "name": "SK_wc_u_elf_ranger",
      "type": "MESH",
      "scale": [
        1.0,
        1.0,
        1.0
      ],
      "dimensions": [
        1.1490975618362427,
        0.7498049736022949,
        1.8705998659133911
      ],
      "evaluated_triangles": 3772,
      "material_slots": 1,
      "uv_layers": 1,
      "skin_checks": {
        "unweighted": 0,
        "excess_influences": 0,
        "unnormalized": 0
      }
    }
  ],
  "errors": [],
  "warnings": [],
  "not_checked": [
    "appearance",
    "deformation across all clips",
    "UV overlap appropriateness",
    "normal-map convention",
    "Unreal import",
    "LOD silhouette",
    "gameplay readability"
  ]
}
{
  "status": "structural_checks_passed_visual_review_required",
  "blender_version": "5.1.1",
  "collection": "LOD_SOURCE",
  "evaluated_triangle_total": 2818,
  "objects": [
    {
      "name": "SK_wc_u_elf_ranger_LOD1",
      "type": "MESH",
      "scale": [
        1.0,
        1.0,
        1.0
      ],
      "dimensions": [
        1.150376796722412,
        0.7498049736022949,
        1.8712866306304932
      ],
      "evaluated_triangles": 1885,
      "material_slots": 1,
      "uv_layers": 1,
      "skin_checks": {
        "unweighted": 0,
        "excess_influences": 0,
        "unnormalized": 0
      }
    },
    {
      "name": "SK_wc_u_elf_ranger_LOD2",
      "type": "MESH",
      "scale": [
        1.0,
        1.0,
        1.0
      ],
      "dimensions": [
        1.1502816677093506,
        0.7545548677444458,
        1.8713356256484985
      ],
      "evaluated_triangles": 933,
      "material_slots": 1,
      "uv_layers": 1,
      "skin_checks": {
        "unweighted": 0,
        "excess_influences": 0,
        "unnormalized": 0
      }
    }
  ],
  "errors": [],
  "warnings": [],
  "not_checked": [
    "appearance",
    "deformation across all clips",
    "UV overlap appropriateness",
    "normal-map convention",
    "Unreal import",
    "LOD silhouette",
    "gameplay readability"
  ]
}
{
  "status": "sampled_motion_invariants_passed",
  "unit_id": "wc_u_elf_ranger",
  "blender_version": "5.1.1",
  "sampling": "actual deformed mesh every 3 frames at 60fps",
  "clips": [
    {
      "clip": "Idle",
      "samples": 41,
      "minimum_support_sole_z_m": 0.01691998913884163,
      "maximum_support_sole_z_m": 0.01691998913884163,
      "max_root_translation_m": 0,
      "max_pose_scale_error": 0
    },
    {
      "clip": "Move",
      "samples": 21,
      "minimum_support_sole_z_m": 0.003882620483636856,
      "maximum_support_sole_z_m": 0.01691998913884163,
      "max_root_translation_m": 0,
      "max_pose_scale_error": 0
    },
    {
      "clip": "Attack",
      "samples": 15,
      "minimum_support_sole_z_m": 0.01691998913884163,
      "maximum_support_sole_z_m": 0.01691998913884163,
      "max_root_translation_m": 0,
      "max_pose_scale_error": 0
    },
    {
      "clip": "Active",
      "samples": 11,
      "minimum_support_sole_z_m": 0.01691998913884163,
      "maximum_support_sole_z_m": 0.016919996589422226,
      "max_root_translation_m": 0,
      "max_pose_scale_error": 0
    },
    {
      "clip": "Hit",
      "samples": 9,
      "minimum_support_sole_z_m": 0.01691998913884163,
      "maximum_support_sole_z_m": 0.01691998913884163,
      "max_root_translation_m": 0,
      "max_pose_scale_error": 0
    },
    {
      "clip": "Defeat",
      "samples": 21,
      "minimum_support_sole_z_m": 0.016919851303100586,
      "maximum_support_sole_z_m": 0.016919966787099838,
      "max_root_translation_m": 0,
      "max_pose_scale_error": 0
    },
    {
      "clip": "Victory",
      "samples": 31,
      "minimum_support_sole_z_m": 0.01691998913884163,
      "maximum_support_sole_z_m": 0.01691998913884163,
      "max_root_translation_m": 0,
      "max_pose_scale_error": 0
    }
  ],
  "errors": [],
  "not_checked": [
    "continuous visual quality",
    "weapon/costume clipping",
    "semantic gesture review",
    "Unreal retarget/import",
    "runtime move-speed synchronization"
  ]
}
FBX version: 7400
FBX version: 7400
FBX version: 7400
WC_NEW_HERO_READBACK_PASS {"status": "PASS_SAVED_SOURCE_SKIN_MOTION_AND_MESH_FBX_READBACK", "unit_id": "wc_u_elf_ranger", "source_sha256": "06ec80da5d8dacc6bdd87dbe504edc2e7f64560e85529fb7d22c82e127d63d4c", "manifest_sha256": "ccd1c4f46895c156df97a4501d5c3e15d0415d4c22fdeeca19ef92a6ac5afea1", "source_revision": 8, "geometry_revision": 8, "animation_revision": 6, "blender_version": "5.1.1", "files_verified": 14, "source_clips_verified": 7, "mesh_fbx_readbacks": [{"mesh_suffix": "", "dimensions_m": [1.398257553577423, 0.6793873906135559, 1.8705999553203583], "triangles": 3772, "bones": 27, "materials": 1, "uv_layers": 1, "weighted_vertices": 2001}, {"mesh_suffix": "_LOD1", "dimensions_m": [1.398426592350006, 0.6793873906135559, 1.8712867200374603], "triangles": 1885, "bones": 27, "materials": 1, "uv_layers": 1, "weighted_vertices": 1052}, {"mesh_suffix": "_LOD2", "dimensions_m": [1.3951017260551453, 0.6811518669128418, 1.8713357094675303], "triangles": 933, "bones": 27, "materials": 1, "uv_layers": 1, "weighted_vertices": 578}], "animation_fbx_import_verified": false, "Unreal_import_verified": false, "final_art_accepted": false}
00:03.094  blend            | Read blend: "C:\Users\iputu\Documents\Wonder Chess\art-source\heroes\wc_u_elf_ranger\wc_u_elf_ranger.blend"
00:05.844  render           | Saved: 'C:\Users\iputu\Documents\Wonder Chess\reports\WC-U440\20260906T162705Z-elf-shoulders\liora-verified8\motion-frames\Idle\0000.png'
00:08.407  render           | Saved: 'C:\Users\iputu\Documents\Wonder Chess\reports\WC-U440\20260906T162705Z-elf-shoulders\liora-verified8\motion-frames\Idle\0001.png'
00:10.969  render           | Saved: 'C:\Users\iputu\Documents\Wonder Chess\reports\WC-U440\20260906T162705Z-elf-shoulders\liora-verified8\motion-frames\Idle\0002.png'
00:13.516  render           | Saved: 'C:\Users\iputu\Documents\Wonder Chess\reports\WC-U440\20260906T162705Z-elf-shoulders\liora-verified8\motion-frames\Idle\0003.png'
00:16.094  render           | Saved: 'C:\Users\iputu\Documents\Wonder Chess\reports\WC-U440\20260906T162705Z-elf-shoulders\liora-verified8\motion-frames\Idle\0004.png'
00:18.735  render           | Saved: 'C:\Users\iputu\Documents\Wonder Chess\reports\WC-U440\20260906T162705Z-elf-shoulders\liora-verified8\motion-frames\Idle\0005.png'
00:21.360  render           | Saved: 'C:\Users\iputu\Documents\Wonder Chess\reports\WC-U440\20260906T162705Z-elf-shoulders\liora-verified8\motion-frames\Idle\0006.png'
00:24.188  render           | Saved: 'C:\Users\iputu\Documents\Wonder Chess\reports\WC-U440\20260906T162705Z-elf-shoulders\liora-verified8\motion-frames\Idle\0007.png'
00:27.125  render           | Saved: 'C:\Users\iputu\Documents\Wonder Chess\reports\WC-U440\20260906T162705Z-elf-shoulders\liora-verified8\motion-frames\Idle\0008.png'
00:29.688  render           | Saved: 'C:\Users\iputu\Documents\Wonder Chess\reports\WC-U440\20260906T162705Z-elf-shoulders\liora-verified8\motion-frames\Idle\0009.png'
00:32.360  render           | Saved: 'C:\Users\iputu\Documents\Wonder Chess\reports\WC-U440\20260906T162705Z-elf-shoulders\liora-verified8\motion-frames\Idle\0010.png'
00:35.141  render           | Saved: 'C:\Users\iputu\Documents\Wonder Chess\reports\WC-U440\20260906T162705Z-elf-shoulders\liora-verified8\motion-frames\Idle\0011.png'
00:38.000  render           | Saved: 'C:\Users\iputu\Documents\Wonder Chess\reports\WC-U440\20260906T162705Z-elf-shoulders\liora-verified8\motion-frames\Idle\0012.png'
00:40.860  render           | Saved: 'C:\Users\iputu\Documents\Wonder Chess\reports\WC-U440\20260906T162705Z-elf-shoulders\liora-verified8\motion-frames\Idle\0013.png'
00:43.610  render           | Saved: 'C:\Users\iputu\Documents\Wonder Chess\reports\WC-U440\20260906T162705Z-elf-shoulders\liora-verified8\motion-frames\Idle\0014.png'
00:46.172  render           | Saved: 'C:\Users\iputu\Documents\Wonder Chess\reports\WC-U440\20260906T162705Z-elf-shoulders\liora-verified8\motion-frames\Idle\0015.png'
00:48.641  render           | Saved: 'C:\Users\iputu\Documents\Wonder Chess\reports\WC-U440\20260906T162705Z-elf-shoulders\liora-verified8\motion-frames\Idle\0016.png'
00:51.172  render           | Saved: 'C:\Users\iputu\Documents\Wonder Chess\reports\WC-U440\20260906T162705Z-elf-shoulders\liora-verified8\motion-frames\Idle\0017.png'
00:53.891  render           | Saved: 'C:\Users\iputu\Documents\Wonder Chess\reports\WC-U440\20260906T162705Z-elf-shoulders\liora-verified8\motion-frames\Idle\0018.png'
00:56.360  render           | Saved: 'C:\Users\iputu\Documents\Wonder Chess\reports\WC-U440\20260906T162705Z-elf-shoulders\liora-verified8\motion-frames\Idle\0019.png'
00:59.016  render           | Saved: 'C:\Users\iputu\Documents\Wonder Chess\reports\WC-U440\20260906T162705Z-elf-shoulders\liora-verified8\motion-frames\Idle\0020.png'
01:01.469  render           | Saved: 'C:\Users\iputu\Documents\Wonder Chess\reports\WC-U440\20260906T162705Z-elf-shoulders\liora-verified8\motion-frames\Idle\0021.png'
01:03.954  render           | Saved: 'C:\Users\iputu\Documents\Wonder Chess\reports\WC-U440\20260906T162705Z-elf-shoulders\liora-verified8\motion-frames\Idle\0022.png'
01:06.407  render           | Saved: 'C:\Users\iputu\Documents\Wonder Chess\reports\WC-U440\20260906T162705Z-elf-shoulders\liora-verified8\motion-frames\Idle\0023.png'
01:08.954  render           | Saved: 'C:\Users\iputu\Documents\Wonder Chess\reports\WC-U440\20260906T162705Z-elf-shoulders\liora-verified8\motion-frames\Idle\0024.png'
01:11.329  render           | Saved: 'C:\Users\iputu\Documents\Wonder Chess\reports\WC-U440\20260906T162705Z-elf-shoulders\liora-verified8\motion-frames\Idle\0025.png'
01:13.813  render           | Saved: 'C:\Users\iputu\Documents\Wonder Chess\reports\WC-U440\20260906T162705Z-elf-shoulders\liora-verified8\motion-frames\Idle\0026.png'
01:16.282  render           | Saved: 'C:\Users\iputu\Documents\Wonder Chess\reports\WC-U440\20260906T162705Z-elf-shoulders\liora-verified8\motion-frames\Idle\0027.png'
01:19.000  render           | Saved: 'C:\Users\iputu\Documents\Wonder Chess\reports\WC-U440\20260906T162705Z-elf-shoulders\liora-verified8\motion-frames\Idle\0028.png'
01:21.719  render           | Saved: 'C:\Users\iputu\Documents\Wonder Chess\reports\WC-U440\20260906T162705Z-elf-shoulders\liora-verified8\motion-frames\Idle\0029.png'
01:24.672  render           | Saved: 'C:\Users\iputu\Documents\Wonder Chess\reports\WC-U440\20260906T162705Z-elf-shoulders\liora-verified8\motion-frames\Idle\0030.png'
01:27.204  render           | Saved: 'C:\Users\iputu\Documents\Wonder Chess\reports\WC-U440\20260906T162705Z-elf-shoulders\liora-verified8\motion-frames\Idle\0031.png'
01:29.672  render           | Saved: 'C:\Users\iputu\Documents\Wonder Chess\reports\WC-U440\20260906T162705Z-elf-shoulders\liora-verified8\motion-frames\Idle\0032.png'
01:32.438  render           | Saved: 'C:\Users\iputu\Documents\Wonder Chess\reports\WC-U440\20260906T162705Z-elf-shoulders\liora-verified8\motion-frames\Idle\0033.png'
01:35.016  render           | Saved: 'C:\Users\iputu\Documents\Wonder Chess\reports\WC-U440\20260906T162705Z-elf-shoulders\liora-verified8\motion-frames\Idle\0034.png'
01:37.719  render           | Saved: 'C:\Users\iputu\Documents\Wonder Chess\reports\WC-U440\20260906T162705Z-elf-shoulders\liora-verified8\motion-frames\Idle\0035.png'
01:40.313  render           | Saved: 'C:\Users\iputu\Documents\Wonder Chess\reports\WC-U440\20260906T162705Z-elf-shoulders\liora-verified8\motion-frames\Idle\0036.png'
01:42.969  render           | Saved: 'C:\Users\iputu\Documents\Wonder Chess\reports\WC-U440\20260906T162705Z-elf-shoulders\liora-verified8\motion-frames\Idle\0037.png'
01:45.516  render           | Saved: 'C:\Users\iputu\Documents\Wonder Chess\reports\WC-U440\20260906T162705Z-elf-shoulders\liora-verified8\motion-frames\Idle\0038.png'
01:47.954  render           | Saved: 'C:\Users\iputu\Documents\Wonder Chess\reports\WC-U440\20260906T162705Z-elf-shoulders\liora-verified8\motion-frames\Idle\0039.png'
WC_NEW_HERO_CLIP_RENDERED wc_u_elf_ranger Idle
01:50.313  render           | Saved: 'C:\Users\iputu\Documents\Wonder Chess\reports\WC-U440\20260906T162705Z-elf-shoulders\liora-verified8\motion-frames\Move\0000.png'
01:52.985  render           | Saved: 'C:\Users\iputu\Documents\Wonder Chess\reports\WC-U440\20260906T162705Z-elf-shoulders\liora-verified8\motion-frames\Move\0001.png'
01:55.454  render           | Saved: 'C:\Users\iputu\Documents\Wonder Chess\reports\WC-U440\20260906T162705Z-elf-shoulders\liora-verified8\motion-frames\Move\0002.png'
01:58.079  render           | Saved: 'C:\Users\iputu\Documents\Wonder Chess\reports\WC-U440\20260906T162705Z-elf-shoulders\liora-verified8\motion-frames\Move\0003.png'
02:00.547  render           | Saved: 'C:\Users\iputu\Documents\Wonder Chess\reports\WC-U440\20260906T162705Z-elf-shoulders\liora-verified8\motion-frames\Move\0004.png'
02:03.032  render           | Saved: 'C:\Users\iputu\Documents\Wonder Chess\reports\WC-U440\20260906T162705Z-elf-shoulders\liora-verified8\motion-frames\Move\0005.png'
02:05.500  render           | Saved: 'C:\Users\iputu\Documents\Wonder Chess\reports\WC-U440\20260906T162705Z-elf-shoulders\liora-verified8\motion-frames\Move\0006.png'
02:08.032  render           | Saved: 'C:\Users\iputu\Documents\Wonder Chess\reports\WC-U440\20260906T162705Z-elf-shoulders\liora-verified8\motion-frames\Move\0007.png'
02:10.547  render           | Saved: 'C:\Users\iputu\Documents\Wonder Chess\reports\WC-U440\20260906T162705Z-elf-shoulders\liora-verified8\motion-frames\Move\0008.png'
02:13.141  render           | Saved: 'C:\Users\iputu\Documents\Wonder Chess\reports\WC-U440\20260906T162705Z-elf-shoulders\liora-verified8\motion-frames\Move\0009.png'
02:15.875  render           | Saved: 'C:\Users\iputu\Documents\Wonder Chess\reports\WC-U440\20260906T162705Z-elf-shoulders\liora-verified8\motion-frames\Move\0010.png'
02:18.547  render           | Saved: 'C:\Users\iputu\Documents\Wonder Chess\reports\WC-U440\20260906T162705Z-elf-shoulders\liora-verified8\motion-frames\Move\0011.png'
02:21.094  render           | Saved: 'C:\Users\iputu\Documents\Wonder Chess\reports\WC-U440\20260906T162705Z-elf-shoulders\liora-verified8\motion-frames\Move\0012.png'
02:23.719  render           | Saved: 'C:\Users\iputu\Documents\Wonder Chess\reports\WC-U440\20260906T162705Z-elf-shoulders\liora-verified8\motion-frames\Move\0013.png'
02:26.407  render           | Saved: 'C:\Users\iputu\Documents\Wonder Chess\reports\WC-U440\20260906T162705Z-elf-shoulders\liora-verified8\motion-frames\Move\0014.png'
02:29.579  render           | Saved: 'C:\Users\iputu\Documents\Wonder Chess\reports\WC-U440\20260906T162705Z-elf-shoulders\liora-verified8\motion-frames\Move\0015.png'
02:32.547  render           | Saved: 'C:\Users\iputu\Documents\Wonder Chess\reports\WC-U440\20260906T162705Z-elf-shoulders\liora-verified8\motion-frames\Move\0016.png'
02:35.485  render           | Saved: 'C:\Users\iputu\Documents\Wonder Chess\reports\WC-U440\20260906T162705Z-elf-shoulders\liora-verified8\motion-frames\Move\0017.png'
02:38.313  render           | Saved: 'C:\Users\iputu\Documents\Wonder Chess\reports\WC-U440\20260906T162705Z-elf-shoulders\liora-verified8\motion-frames\Move\0018.png'
02:41.157  render           | Saved: 'C:\Users\iputu\Documents\Wonder Chess\reports\WC-U440\20260906T162705Z-elf-shoulders\liora-verified8\motion-frames\Move\0019.png'
WC_NEW_HERO_CLIP_RENDERED wc_u_elf_ranger Move
02:44.313  render           | Saved: 'C:\Users\iputu\Documents\Wonder Chess\reports\WC-U440\20260906T162705Z-elf-shoulders\liora-verified8\motion-frames\Attack\0000.png'
02:47.500  render           | Saved: 'C:\Users\iputu\Documents\Wonder Chess\reports\WC-U440\20260906T162705Z-elf-shoulders\liora-verified8\motion-frames\Attack\0001.png'
02:50.329  render           | Saved: 'C:\Users\iputu\Documents\Wonder Chess\reports\WC-U440\20260906T162705Z-elf-shoulders\liora-verified8\motion-frames\Attack\0002.png'
02:53.282  render           | Saved: 'C:\Users\iputu\Documents\Wonder Chess\reports\WC-U440\20260906T162705Z-elf-shoulders\liora-verified8\motion-frames\Attack\0003.png'
02:56.469  render           | Saved: 'C:\Users\iputu\Documents\Wonder Chess\reports\WC-U440\20260906T162705Z-elf-shoulders\liora-verified8\motion-frames\Attack\0004.png'
02:59.735  render           | Saved: 'C:\Users\iputu\Documents\Wonder Chess\reports\WC-U440\20260906T162705Z-elf-shoulders\liora-verified8\motion-frames\Attack\0005.png'
03:03.110  render           | Saved: 'C:\Users\iputu\Documents\Wonder Chess\reports\WC-U440\20260906T162705Z-elf-shoulders\liora-verified8\motion-frames\Attack\0006.png'
03:06.313  render           | Saved: 'C:\Users\iputu\Documents\Wonder Chess\reports\WC-U440\20260906T162705Z-elf-shoulders\liora-verified8\motion-frames\Attack\0007.png'
03:09.360  render           | Saved: 'C:\Users\iputu\Documents\Wonder Chess\reports\WC-U440\20260906T162705Z-elf-shoulders\liora-verified8\motion-frames\Attack\0008.png'
03:12.657  render           | Saved: 'C:\Users\iputu\Documents\Wonder Chess\reports\WC-U440\20260906T162705Z-elf-shoulders\liora-verified8\motion-frames\Attack\0009.png'
03:15.500  render           | Saved: 'C:\Users\iputu\Documents\Wonder Chess\reports\WC-U440\20260906T162705Z-elf-shoulders\liora-verified8\motion-frames\Attack\0010.png'
03:18.375  render           | Saved: 'C:\Users\iputu\Documents\Wonder Chess\reports\WC-U440\20260906T162705Z-elf-shoulders\liora-verified8\motion-frames\Attack\0011.png'
03:21.282  render           | Saved: 'C:\Users\iputu\Documents\Wonder Chess\reports\WC-U440\20260906T162705Z-elf-shoulders\liora-verified8\motion-frames\Attack\0012.png'
03:24.344  render           | Saved: 'C:\Users\iputu\Documents\Wonder Chess\reports\WC-U440\20260906T162705Z-elf-shoulders\liora-verified8\motion-frames\Attack\0013.png'
WC_NEW_HERO_CLIP_RENDERED wc_u_elf_ranger Attack
03:27.172  render           | Saved: 'C:\Users\iputu\Documents\Wonder Chess\reports\WC-U440\20260906T162705Z-elf-shoulders\liora-verified8\motion-frames\Active\0000.png'
03:30.172  render           | Saved: 'C:\Users\iputu\Documents\Wonder Chess\reports\WC-U440\20260906T162705Z-elf-shoulders\liora-verified8\motion-frames\Active\0001.png'
03:33.250  render           | Saved: 'C:\Users\iputu\Documents\Wonder Chess\reports\WC-U440\20260906T162705Z-elf-shoulders\liora-verified8\motion-frames\Active\0002.png'
03:36.110  render           | Saved: 'C:\Users\iputu\Documents\Wonder Chess\reports\WC-U440\20260906T162705Z-elf-shoulders\liora-verified8\motion-frames\Active\0003.png'
03:38.954  render           | Saved: 'C:\Users\iputu\Documents\Wonder Chess\reports\WC-U440\20260906T162705Z-elf-shoulders\liora-verified8\motion-frames\Active\0004.png'
03:41.782  render           | Saved: 'C:\Users\iputu\Documents\Wonder Chess\reports\WC-U440\20260906T162705Z-elf-shoulders\liora-verified8\motion-frames\Active\0005.png'
03:44.641  render           | Saved: 'C:\Users\iputu\Documents\Wonder Chess\reports\WC-U440\20260906T162705Z-elf-shoulders\liora-verified8\motion-frames\Active\0006.png'
03:47.375  render           | Saved: 'C:\Users\iputu\Documents\Wonder Chess\reports\WC-U440\20260906T162705Z-elf-shoulders\liora-verified8\motion-frames\Active\0007.png'
03:50.422  render           | Saved: 'C:\Users\iputu\Documents\Wonder Chess\reports\WC-U440\20260906T162705Z-elf-shoulders\liora-verified8\motion-frames\Active\0008.png'
03:53.266  render           | Saved: 'C:\Users\iputu\Documents\Wonder Chess\reports\WC-U440\20260906T162705Z-elf-shoulders\liora-verified8\motion-frames\Active\0009.png'
WC_NEW_HERO_CLIP_RENDERED wc_u_elf_ranger Active
03:56.172  render           | Saved: 'C:\Users\iputu\Documents\Wonder Chess\reports\WC-U440\20260906T162705Z-elf-shoulders\liora-verified8\motion-frames\Hit\0000.png'
03:59.000  render           | Saved: 'C:\Users\iputu\Documents\Wonder Chess\reports\WC-U440\20260906T162705Z-elf-shoulders\liora-verified8\motion-frames\Hit\0001.png'
04:02.438  render           | Saved: 'C:\Users\iputu\Documents\Wonder Chess\reports\WC-U440\20260906T162705Z-elf-shoulders\liora-verified8\motion-frames\Hit\0002.png'
04:05.422  render           | Saved: 'C:\Users\iputu\Documents\Wonder Chess\reports\WC-U440\20260906T162705Z-elf-shoulders\liora-verified8\motion-frames\Hit\0003.png'
04:08.204  render           | Saved: 'C:\Users\iputu\Documents\Wonder Chess\reports\WC-U440\20260906T162705Z-elf-shoulders\liora-verified8\motion-frames\Hit\0004.png'
04:11.125  render           | Saved: 'C:\Users\iputu\Documents\Wonder Chess\reports\WC-U440\20260906T162705Z-elf-shoulders\liora-verified8\motion-frames\Hit\0005.png'
04:13.985  render           | Saved: 'C:\Users\iputu\Documents\Wonder Chess\reports\WC-U440\20260906T162705Z-elf-shoulders\liora-verified8\motion-frames\Hit\0006.png'
04:16.797  render           | Saved: 'C:\Users\iputu\Documents\Wonder Chess\reports\WC-U440\20260906T162705Z-elf-shoulders\liora-verified8\motion-frames\Hit\0007.png'
WC_NEW_HERO_CLIP_RENDERED wc_u_elf_ranger Hit
04:19.610  render           | Saved: 'C:\Users\iputu\Documents\Wonder Chess\reports\WC-U440\20260906T162705Z-elf-shoulders\liora-verified8\motion-frames\Defeat\0000.png'
04:22.391  render           | Saved: 'C:\Users\iputu\Documents\Wonder Chess\reports\WC-U440\20260906T162705Z-elf-shoulders\liora-verified8\motion-frames\Defeat\0001.png'
04:25.282  render           | Saved: 'C:\Users\iputu\Documents\Wonder Chess\reports\WC-U440\20260906T162705Z-elf-shoulders\liora-verified8\motion-frames\Defeat\0002.png'
04:28.079  render           | Saved: 'C:\Users\iputu\Documents\Wonder Chess\reports\WC-U440\20260906T162705Z-elf-shoulders\liora-verified8\motion-frames\Defeat\0003.png'
04:30.891  render           | Saved: 'C:\Users\iputu\Documents\Wonder Chess\reports\WC-U440\20260906T162705Z-elf-shoulders\liora-verified8\motion-frames\Defeat\0004.png'
04:33.860  render           | Saved: 'C:\Users\iputu\Documents\Wonder Chess\reports\WC-U440\20260906T162705Z-elf-shoulders\liora-verified8\motion-frames\Defeat\0005.png'
04:36.938  render           | Saved: 'C:\Users\iputu\Documents\Wonder Chess\reports\WC-U440\20260906T162705Z-elf-shoulders\liora-verified8\motion-frames\Defeat\0006.png'
04:40.219  render           | Saved: 'C:\Users\iputu\Documents\Wonder Chess\reports\WC-U440\20260906T162705Z-elf-shoulders\liora-verified8\motion-frames\Defeat\0007.png'
04:43.313  render           | Saved: 'C:\Users\iputu\Documents\Wonder Chess\reports\WC-U440\20260906T162705Z-elf-shoulders\liora-verified8\motion-frames\Defeat\0008.png'
04:46.235  render           | Saved: 'C:\Users\iputu\Documents\Wonder Chess\reports\WC-U440\20260906T162705Z-elf-shoulders\liora-verified8\motion-frames\Defeat\0009.png'
04:49.891  render           | Saved: 'C:\Users\iputu\Documents\Wonder Chess\reports\WC-U440\20260906T162705Z-elf-shoulders\liora-verified8\motion-frames\Defeat\0010.png'
04:52.969  render           | Saved: 'C:\Users\iputu\Documents\Wonder Chess\reports\WC-U440\20260906T162705Z-elf-shoulders\liora-verified8\motion-frames\Defeat\0011.png'
04:56.157  render           | Saved: 'C:\Users\iputu\Documents\Wonder Chess\reports\WC-U440\20260906T162705Z-elf-shoulders\liora-verified8\motion-frames\Defeat\0012.png'
04:59.547  render           | Saved: 'C:\Users\iputu\Documents\Wonder Chess\reports\WC-U440\20260906T162705Z-elf-shoulders\liora-verified8\motion-frames\Defeat\0013.png'
05:03.219  render           | Saved: 'C:\Users\iputu\Documents\Wonder Chess\reports\WC-U440\20260906T162705Z-elf-shoulders\liora-verified8\motion-frames\Defeat\0014.png'
05:06.313  render           | Saved: 'C:\Users\iputu\Documents\Wonder Chess\reports\WC-U440\20260906T162705Z-elf-shoulders\liora-verified8\motion-frames\Defeat\0015.png'
05:09.516  render           | Saved: 'C:\Users\iputu\Documents\Wonder Chess\reports\WC-U440\20260906T162705Z-elf-shoulders\liora-verified8\motion-frames\Defeat\0016.png'
05:13.125  render           | Saved: 'C:\Users\iputu\Documents\Wonder Chess\reports\WC-U440\20260906T162705Z-elf-shoulders\liora-verified8\motion-frames\Defeat\0017.png'
05:16.641  render           | Saved: 'C:\Users\iputu\Documents\Wonder Chess\reports\WC-U440\20260906T162705Z-elf-shoulders\liora-verified8\motion-frames\Defeat\0018.png'
05:19.594  render           | Saved: 'C:\Users\iputu\Documents\Wonder Chess\reports\WC-U440\20260906T162705Z-elf-shoulders\liora-verified8\motion-frames\Defeat\0019.png'
WC_NEW_HERO_CLIP_RENDERED wc_u_elf_ranger Defeat
05:22.579  render           | Saved: 'C:\Users\iputu\Documents\Wonder Chess\reports\WC-U440\20260906T162705Z-elf-shoulders\liora-verified8\motion-frames\Victory\0000.png'
05:25.454  render           | Saved: 'C:\Users\iputu\Documents\Wonder Chess\reports\WC-U440\20260906T162705Z-elf-shoulders\liora-verified8\motion-frames\Victory\0001.png'
05:28.766  render           | Saved: 'C:\Users\iputu\Documents\Wonder Chess\reports\WC-U440\20260906T162705Z-elf-shoulders\liora-verified8\motion-frames\Victory\0002.png'
05:31.766  render           | Saved: 'C:\Users\iputu\Documents\Wonder Chess\reports\WC-U440\20260906T162705Z-elf-shoulders\liora-verified8\motion-frames\Victory\0003.png'
05:34.766  render           | Saved: 'C:\Users\iputu\Documents\Wonder Chess\reports\WC-U440\20260906T162705Z-elf-shoulders\liora-verified8\motion-frames\Victory\0004.png'
05:38.110  render           | Saved: 'C:\Users\iputu\Documents\Wonder Chess\reports\WC-U440\20260906T162705Z-elf-shoulders\liora-verified8\motion-frames\Victory\0005.png'
05:41.532  render           | Saved: 'C:\Users\iputu\Documents\Wonder Chess\reports\WC-U440\20260906T162705Z-elf-shoulders\liora-verified8\motion-frames\Victory\0006.png'
05:44.594  render           | Saved: 'C:\Users\iputu\Documents\Wonder Chess\reports\WC-U440\20260906T162705Z-elf-shoulders\liora-verified8\motion-frames\Victory\0007.png'
05:47.844  render           | Saved: 'C:\Users\iputu\Documents\Wonder Chess\reports\WC-U440\20260906T162705Z-elf-shoulders\liora-verified8\motion-frames\Victory\0008.png'
05:50.860  render           | Saved: 'C:\Users\iputu\Documents\Wonder Chess\reports\WC-U440\20260906T162705Z-elf-shoulders\liora-verified8\motion-frames\Victory\0009.png'
05:53.985  render           | Saved: 'C:\Users\iputu\Documents\Wonder Chess\reports\WC-U440\20260906T162705Z-elf-shoulders\liora-verified8\motion-frames\Victory\0010.png'
05:57.329  render           | Saved: 'C:\Users\iputu\Documents\Wonder Chess\reports\WC-U440\20260906T162705Z-elf-shoulders\liora-verified8\motion-frames\Victory\0011.png'
06:00.813  render           | Saved: 'C:\Users\iputu\Documents\Wonder Chess\reports\WC-U440\20260906T162705Z-elf-shoulders\liora-verified8\motion-frames\Victory\0012.png'
06:04.438  render           | Saved: 'C:\Users\iputu\Documents\Wonder Chess\reports\WC-U440\20260906T162705Z-elf-shoulders\liora-verified8\motion-frames\Victory\0013.png'
06:07.485  render           | Saved: 'C:\Users\iputu\Documents\Wonder Chess\reports\WC-U440\20260906T162705Z-elf-shoulders\liora-verified8\motion-frames\Victory\0014.png'
06:10.485  render           | Saved: 'C:\Users\iputu\Documents\Wonder Chess\reports\WC-U440\20260906T162705Z-elf-shoulders\liora-verified8\motion-frames\Victory\0015.png'
06:13.813  render           | Saved: 'C:\Users\iputu\Documents\Wonder Chess\reports\WC-U440\20260906T162705Z-elf-shoulders\liora-verified8\motion-frames\Victory\0016.png'
06:16.829  render           | Saved: 'C:\Users\iputu\Documents\Wonder Chess\reports\WC-U440\20260906T162705Z-elf-shoulders\liora-verified8\motion-frames\Victory\0017.png'
06:19.829  render           | Saved: 'C:\Users\iputu\Documents\Wonder Chess\reports\WC-U440\20260906T162705Z-elf-shoulders\liora-verified8\motion-frames\Victory\0018.png'
06:22.844  render           | Saved: 'C:\Users\iputu\Documents\Wonder Chess\reports\WC-U440\20260906T162705Z-elf-shoulders\liora-verified8\motion-frames\Victory\0019.png'
06:26.032  render           | Saved: 'C:\Users\iputu\Documents\Wonder Chess\reports\WC-U440\20260906T162705Z-elf-shoulders\liora-verified8\motion-frames\Victory\0020.png'
06:29.344  render           | Saved: 'C:\Users\iputu\Documents\Wonder Chess\reports\WC-U440\20260906T162705Z-elf-shoulders\liora-verified8\motion-frames\Victory\0021.png'
06:32.704  render           | Saved: 'C:\Users\iputu\Documents\Wonder Chess\reports\WC-U440\20260906T162705Z-elf-shoulders\liora-verified8\motion-frames\Victory\0022.png'
06:35.875  render           | Saved: 'C:\Users\iputu\Documents\Wonder Chess\reports\WC-U440\20260906T162705Z-elf-shoulders\liora-verified8\motion-frames\Victory\0023.png'
06:38.938  render           | Saved: 'C:\Users\iputu\Documents\Wonder Chess\reports\WC-U440\20260906T162705Z-elf-shoulders\liora-verified8\motion-frames\Victory\0024.png'
06:41.938  render           | Saved: 'C:\Users\iputu\Documents\Wonder Chess\reports\WC-U440\20260906T162705Z-elf-shoulders\liora-verified8\motion-frames\Victory\0025.png'
06:44.907  render           | Saved: 'C:\Users\iputu\Documents\Wonder Chess\reports\WC-U440\20260906T162705Z-elf-shoulders\liora-verified8\motion-frames\Victory\0026.png'
06:47.797  render           | Saved: 'C:\Users\iputu\Documents\Wonder Chess\reports\WC-U440\20260906T162705Z-elf-shoulders\liora-verified8\motion-frames\Victory\0027.png'
06:50.750  render           | Saved: 'C:\Users\iputu\Documents\Wonder Chess\reports\WC-U440\20260906T162705Z-elf-shoulders\liora-verified8\motion-frames\Victory\0028.png'
06:53.469  render           | Saved: 'C:\Users\iputu\Documents\Wonder Chess\reports\WC-U440\20260906T162705Z-elf-shoulders\liora-verified8\motion-frames\Victory\0029.png'
WC_NEW_HERO_CLIP_RENDERED wc_u_elf_ranger Victory
Blender 5.1.1 (hash b70da489d7f4 built 2026-04-14 01:37:22)

Blender quit
