00:02.015  blend            | Read blend: "C:\Users\iputu\Documents\Wonder Chess\reports\WC-U440\20260906T162705Z-elf-shoulders\liora-candidate8-v2\candidate.blend"
{
  "status": "structural_checks_passed_visual_review_required",
  "blender_version": "5.1.1",
  "collection": "EXPORT",
  "evaluated_triangle_total": 3772,
  "objects": [
    {
      "name": "Armature",
      "type": "ARMATURE",
      "scale": [
        1.0,
        1.0,
        1.0
      ],
      "dimensions": [
        1.0347530841827393,
        0.5169269442558289,
        2.0210001468658447
      ],
      "roots": [
        "root"
      ],
      "deform_bones": 27
    },
    {
      "name": "SK_wc_u_elf_ranger",
      "type": "MESH",
      "scale": [
        1.0,
        1.0,
        1.0
      ],
      "dimensions": [
        1.1490975618362427,
        0.7498049736022949,
        1.8705998659133911
      ],
      "evaluated_triangles": 3772,
      "material_slots": 1,
      "uv_layers": 1,
      "skin_checks": {
        "unweighted": 0,
        "excess_influences": 0,
        "unnormalized": 0
      }
    }
  ],
  "errors": [],
  "warnings": [],
  "not_checked": [
    "appearance",
    "deformation across all clips",
    "UV overlap appropriateness",
    "normal-map convention",
    "Unreal import",
    "LOD silhouette",
    "gameplay readability"
  ]
}
{
  "status": "sampled_motion_invariants_passed",
  "unit_id": "wc_u_elf_ranger",
  "blender_version": "5.1.1",
  "sampling": "actual deformed mesh every 3 frames at 60fps",
  "clips": [
    {
      "clip": "Idle",
      "samples": 41,
      "minimum_support_sole_z_m": 0.01691998913884163,
      "maximum_support_sole_z_m": 0.01691998913884163,
      "max_root_translation_m": 0,
      "max_pose_scale_error": 0
    },
    {
      "clip": "Move",
      "samples": 21,
      "minimum_support_sole_z_m": 0.003882620483636856,
      "maximum_support_sole_z_m": 0.01691998913884163,
      "max_root_translation_m": 0,
      "max_pose_scale_error": 0
    },
    {
      "clip": "Attack",
      "samples": 15,
      "minimum_support_sole_z_m": 0.01691998913884163,
      "maximum_support_sole_z_m": 0.01691998913884163,
      "max_root_translation_m": 0,
      "max_pose_scale_error": 0
    },
    {
      "clip": "Active",
      "samples": 11,
      "minimum_support_sole_z_m": 0.01691998913884163,
      "maximum_support_sole_z_m": 0.016919996589422226,
      "max_root_translation_m": 0,
      "max_pose_scale_error": 0
    },
    {
      "clip": "Hit",
      "samples": 9,
      "minimum_support_sole_z_m": 0.01691998913884163,
      "maximum_support_sole_z_m": 0.01691998913884163,
      "max_root_translation_m": 0,
      "max_pose_scale_error": 0
    },
    {
      "clip": "Defeat",
      "samples": 21,
      "minimum_support_sole_z_m": 0.016919851303100586,
      "maximum_support_sole_z_m": 0.016919966787099838,
      "max_root_translation_m": 0,
      "max_pose_scale_error": 0
    },
    {
      "clip": "Victory",
      "samples": 31,
      "minimum_support_sole_z_m": 0.01691998913884163,
      "maximum_support_sole_z_m": 0.01691998913884163,
      "max_root_translation_m": 0,
      "max_pose_scale_error": 0
    }
  ],
  "errors": [],
  "not_checked": [
    "continuous visual quality",
    "weapon/costume clipping",
    "semantic gesture review",
    "Unreal retarget/import",
    "runtime move-speed synchronization"
  ]
}
Info: Applied modifier was not first, result may not be as expected

FBX export starting... 'C:\\Users\\iputu\\Documents\\Wonder Chess\\reports\\WC-U440\\20260906T162705Z-elf-shoulders\\liora-candidate8-v2\\normalized-export\\SK_wc_u_elf_ranger_LOD1.fbx'
export finished in 0.0263 sec.
Info: Applied modifier was not first, result may not be as expected

FBX export starting... 'C:\\Users\\iputu\\Documents\\Wonder Chess\\reports\\WC-U440\\20260906T162705Z-elf-shoulders\\liora-candidate8-v2\\normalized-export\\SK_wc_u_elf_ranger_LOD2.fbx'
export finished in 0.0223 sec.

FBX export starting... 'C:\\Users\\iputu\\Documents\\Wonder Chess\\reports\\WC-U440\\20260906T162705Z-elf-shoulders\\liora-candidate8-v2\\normalized-export\\SK_wc_u_elf_ranger.fbx'
export finished in 0.0252 sec.
Info: Saved as "wc_u_elf_ranger.blend"
WC_ELF_SLEEVE_PUBLISHED wc_u_elf_ranger
Blender 5.1.1 (hash b70da489d7f4 built 2026-04-14 01:37:22)

Blender quit
