00:03.172  blend            | Read blend: "C:\Users\iputu\Documents\Wonder Chess\reports\WC-U440\20260906T162705Z-elf-shoulders\liora-candidate8-v2\candidate.blend"
00:05.203  render           | Saved: 'C:\Users\iputu\Documents\Wonder Chess\reports\WC-U440\20260906T162705Z-elf-shoulders\liora-candidate8-v2\arm-review-v2\Idle-001.png'
00:05.250  render           | Saved: 'C:\Users\iputu\Documents\Wonder Chess\reports\WC-U440\20260906T162705Z-elf-shoulders\liora-candidate8-v2\arm-review-v2\Idle-030.png'
00:05.297  render           | Saved: 'C:\Users\iputu\Documents\Wonder Chess\reports\WC-U440\20260906T162705Z-elf-shoulders\liora-candidate8-v2\arm-review-v2\Idle-060.png'
00:05.344  render           | Saved: 'C:\Users\iputu\Documents\Wonder Chess\reports\WC-U440\20260906T162705Z-elf-shoulders\liora-candidate8-v2\arm-review-v2\Idle-090.png'
00:05.391  render           | Saved: 'C:\Users\iputu\Documents\Wonder Chess\reports\WC-U440\20260906T162705Z-elf-shoulders\liora-candidate8-v2\arm-review-v2\Idle-121.png'
00:05.922  render           | Saved: 'C:\Users\iputu\Documents\Wonder Chess\reports\WC-U440\20260906T162705Z-elf-shoulders\liora-candidate8-v2\arm-review-v2\Move-001.png'
00:05.969  render           | Saved: 'C:\Users\iputu\Documents\Wonder Chess\reports\WC-U440\20260906T162705Z-elf-shoulders\liora-candidate8-v2\arm-review-v2\Move-015.png'
00:06.016  render           | Saved: 'C:\Users\iputu\Documents\Wonder Chess\reports\WC-U440\20260906T162705Z-elf-shoulders\liora-candidate8-v2\arm-review-v2\Move-030.png'
00:06.063  render           | Saved: 'C:\Users\iputu\Documents\Wonder Chess\reports\WC-U440\20260906T162705Z-elf-shoulders\liora-candidate8-v2\arm-review-v2\Move-045.png'
00:06.110  render           | Saved: 'C:\Users\iputu\Documents\Wonder Chess\reports\WC-U440\20260906T162705Z-elf-shoulders\liora-candidate8-v2\arm-review-v2\Move-061.png'
00:06.500  render           | Saved: 'C:\Users\iputu\Documents\Wonder Chess\reports\WC-U440\20260906T162705Z-elf-shoulders\liora-candidate8-v2\arm-review-v2\Attack-001.png'
00:06.547  render           | Saved: 'C:\Users\iputu\Documents\Wonder Chess\reports\WC-U440\20260906T162705Z-elf-shoulders\liora-candidate8-v2\arm-review-v2\Attack-019.png'
00:06.594  render           | Saved: 'C:\Users\iputu\Documents\Wonder Chess\reports\WC-U440\20260906T162705Z-elf-shoulders\liora-candidate8-v2\arm-review-v2\Attack-021.png'
00:06.625  render           | Saved: 'C:\Users\iputu\Documents\Wonder Chess\reports\WC-U440\20260906T162705Z-elf-shoulders\liora-candidate8-v2\arm-review-v2\Attack-032.png'
00:06.672  render           | Saved: 'C:\Users\iputu\Documents\Wonder Chess\reports\WC-U440\20260906T162705Z-elf-shoulders\liora-candidate8-v2\arm-review-v2\Attack-043.png'
00:06.985  render           | Saved: 'C:\Users\iputu\Documents\Wonder Chess\reports\WC-U440\20260906T162705Z-elf-shoulders\liora-candidate8-v2\arm-review-v2\Active-001.png'
00:07.016  render           | Saved: 'C:\Users\iputu\Documents\Wonder Chess\reports\WC-U440\20260906T162705Z-elf-shoulders\liora-candidate8-v2\arm-review-v2\Active-013.png'
00:07.063  render           | Saved: 'C:\Users\iputu\Documents\Wonder Chess\reports\WC-U440\20260906T162705Z-elf-shoulders\liora-candidate8-v2\arm-review-v2\Active-015.png'
00:07.110  render           | Saved: 'C:\Users\iputu\Documents\Wonder Chess\reports\WC-U440\20260906T162705Z-elf-shoulders\liora-candidate8-v2\arm-review-v2\Active-023.png'
00:07.157  render           | Saved: 'C:\Users\iputu\Documents\Wonder Chess\reports\WC-U440\20260906T162705Z-elf-shoulders\liora-candidate8-v2\arm-review-v2\Active-031.png'
00:07.407  render           | Saved: 'C:\Users\iputu\Documents\Wonder Chess\reports\WC-U440\20260906T162705Z-elf-shoulders\liora-candidate8-v2\arm-review-v2\Hit-001.png'
00:07.438  render           | Saved: 'C:\Users\iputu\Documents\Wonder Chess\reports\WC-U440\20260906T162705Z-elf-shoulders\liora-candidate8-v2\arm-review-v2\Hit-006.png'
00:07.485  render           | Saved: 'C:\Users\iputu\Documents\Wonder Chess\reports\WC-U440\20260906T162705Z-elf-shoulders\liora-candidate8-v2\arm-review-v2\Hit-012.png'
00:07.516  render           | Saved: 'C:\Users\iputu\Documents\Wonder Chess\reports\WC-U440\20260906T162705Z-elf-shoulders\liora-candidate8-v2\arm-review-v2\Hit-018.png'
00:07.563  render           | Saved: 'C:\Users\iputu\Documents\Wonder Chess\reports\WC-U440\20260906T162705Z-elf-shoulders\liora-candidate8-v2\arm-review-v2\Hit-025.png'
00:08.141  render           | Saved: 'C:\Users\iputu\Documents\Wonder Chess\reports\WC-U440\20260906T162705Z-elf-shoulders\liora-candidate8-v2\arm-review-v2\Defeat-001.png'
00:08.203  render           | Saved: 'C:\Users\iputu\Documents\Wonder Chess\reports\WC-U440\20260906T162705Z-elf-shoulders\liora-candidate8-v2\arm-review-v2\Defeat-015.png'
00:08.250  render           | Saved: 'C:\Users\iputu\Documents\Wonder Chess\reports\WC-U440\20260906T162705Z-elf-shoulders\liora-candidate8-v2\arm-review-v2\Defeat-030.png'
00:08.313  render           | Saved: 'C:\Users\iputu\Documents\Wonder Chess\reports\WC-U440\20260906T162705Z-elf-shoulders\liora-candidate8-v2\arm-review-v2\Defeat-045.png'
00:08.360  render           | Saved: 'C:\Users\iputu\Documents\Wonder Chess\reports\WC-U440\20260906T162705Z-elf-shoulders\liora-candidate8-v2\arm-review-v2\Defeat-061.png'
00:09.125  render           | Saved: 'C:\Users\iputu\Documents\Wonder Chess\reports\WC-U440\20260906T162705Z-elf-shoulders\liora-candidate8-v2\arm-review-v2\Victory-001.png'
00:09.172  render           | Saved: 'C:\Users\iputu\Documents\Wonder Chess\reports\WC-U440\20260906T162705Z-elf-shoulders\liora-candidate8-v2\arm-review-v2\Victory-022.png'
00:09.203  render           | Saved: 'C:\Users\iputu\Documents\Wonder Chess\reports\WC-U440\20260906T162705Z-elf-shoulders\liora-candidate8-v2\arm-review-v2\Victory-045.png'
00:09.250  render           | Saved: 'C:\Users\iputu\Documents\Wonder Chess\reports\WC-U440\20260906T162705Z-elf-shoulders\liora-candidate8-v2\arm-review-v2\Victory-068.png'
00:09.297  render           | Saved: 'C:\Users\iputu\Documents\Wonder Chess\reports\WC-U440\20260906T162705Z-elf-shoulders\liora-candidate8-v2\arm-review-v2\Victory-091.png'
WC_ELF_CANDIDATE_DEFORMATION_RENDERED wc_u_elf_ranger
Blender 5.1.1 (hash b70da489d7f4 built 2026-04-14 01:37:22)

Blender quit
