00:02.735  blend            | Read blend: "C:\Users\iputu\Documents\Wonder Chess\reports\WC-U440\20260906T162705Z-elf-shoulders\liora-candidate8-v2\candidate.blend"
00:04.485  render           | Saved: 'C:\reports\WC-U440\20260906T162705Z-elf-shoulders\liora-candidate8-v2\arm-review\Idle-001.png'
00:04.516  render           | Saved: 'C:\reports\WC-U440\20260906T162705Z-elf-shoulders\liora-candidate8-v2\arm-review\Idle-030.png'
00:04.563  render           | Saved: 'C:\reports\WC-U440\20260906T162705Z-elf-shoulders\liora-candidate8-v2\arm-review\Idle-060.png'
00:04.594  render           | Saved: 'C:\reports\WC-U440\20260906T162705Z-elf-shoulders\liora-candidate8-v2\arm-review\Idle-090.png'
00:04.641  render           | Saved: 'C:\reports\WC-U440\20260906T162705Z-elf-shoulders\liora-candidate8-v2\arm-review\Idle-121.png'
00:05.094  render           | Saved: 'C:\reports\WC-U440\20260906T162705Z-elf-shoulders\liora-candidate8-v2\arm-review\Move-001.png'
00:05.125  render           | Saved: 'C:\reports\WC-U440\20260906T162705Z-elf-shoulders\liora-candidate8-v2\arm-review\Move-015.png'
00:05.157  render           | Saved: 'C:\reports\WC-U440\20260906T162705Z-elf-shoulders\liora-candidate8-v2\arm-review\Move-030.png'
00:05.204  render           | Saved: 'C:\reports\WC-U440\20260906T162705Z-elf-shoulders\liora-candidate8-v2\arm-review\Move-045.png'
00:05.235  render           | Saved: 'C:\reports\WC-U440\20260906T162705Z-elf-shoulders\liora-candidate8-v2\arm-review\Move-061.png'
00:05.563  render           | Saved: 'C:\reports\WC-U440\20260906T162705Z-elf-shoulders\liora-candidate8-v2\arm-review\Attack-001.png'
00:05.610  render           | Saved: 'C:\reports\WC-U440\20260906T162705Z-elf-shoulders\liora-candidate8-v2\arm-review\Attack-019.png'
00:05.641  render           | Saved: 'C:\reports\WC-U440\20260906T162705Z-elf-shoulders\liora-candidate8-v2\arm-review\Attack-021.png'
00:05.688  render           | Saved: 'C:\reports\WC-U440\20260906T162705Z-elf-shoulders\liora-candidate8-v2\arm-review\Attack-032.png'
00:05.719  render           | Saved: 'C:\reports\WC-U440\20260906T162705Z-elf-shoulders\liora-candidate8-v2\arm-review\Attack-043.png'
00:05.969  render           | Saved: 'C:\reports\WC-U440\20260906T162705Z-elf-shoulders\liora-candidate8-v2\arm-review\Active-001.png'
00:06.016  render           | Saved: 'C:\reports\WC-U440\20260906T162705Z-elf-shoulders\liora-candidate8-v2\arm-review\Active-013.png'
00:06.063  render           | Saved: 'C:\reports\WC-U440\20260906T162705Z-elf-shoulders\liora-candidate8-v2\arm-review\Active-015.png'
00:06.094  render           | Saved: 'C:\reports\WC-U440\20260906T162705Z-elf-shoulders\liora-candidate8-v2\arm-review\Active-023.png'
00:06.125  render           | Saved: 'C:\reports\WC-U440\20260906T162705Z-elf-shoulders\liora-candidate8-v2\arm-review\Active-031.png'
00:06.329  render           | Saved: 'C:\reports\WC-U440\20260906T162705Z-elf-shoulders\liora-candidate8-v2\arm-review\Hit-001.png'
00:06.375  render           | Saved: 'C:\reports\WC-U440\20260906T162705Z-elf-shoulders\liora-candidate8-v2\arm-review\Hit-006.png'
00:06.438  render           | Saved: 'C:\reports\WC-U440\20260906T162705Z-elf-shoulders\liora-candidate8-v2\arm-review\Hit-012.png'
00:06.485  render           | Saved: 'C:\reports\WC-U440\20260906T162705Z-elf-shoulders\liora-candidate8-v2\arm-review\Hit-018.png'
00:06.547  render           | Saved: 'C:\reports\WC-U440\20260906T162705Z-elf-shoulders\liora-candidate8-v2\arm-review\Hit-025.png'
00:07.032  render           | Saved: 'C:\reports\WC-U440\20260906T162705Z-elf-shoulders\liora-candidate8-v2\arm-review\Defeat-001.png'
00:07.079  render           | Saved: 'C:\reports\WC-U440\20260906T162705Z-elf-shoulders\liora-candidate8-v2\arm-review\Defeat-015.png'
00:07.125  render           | Saved: 'C:\reports\WC-U440\20260906T162705Z-elf-shoulders\liora-candidate8-v2\arm-review\Defeat-030.png'
00:07.172  render           | Saved: 'C:\reports\WC-U440\20260906T162705Z-elf-shoulders\liora-candidate8-v2\arm-review\Defeat-045.png'
00:07.204  render           | Saved: 'C:\reports\WC-U440\20260906T162705Z-elf-shoulders\liora-candidate8-v2\arm-review\Defeat-061.png'
00:07.875  render           | Saved: 'C:\reports\WC-U440\20260906T162705Z-elf-shoulders\liora-candidate8-v2\arm-review\Victory-001.png'
00:07.907  render           | Saved: 'C:\reports\WC-U440\20260906T162705Z-elf-shoulders\liora-candidate8-v2\arm-review\Victory-022.png'
00:07.954  render           | Saved: 'C:\reports\WC-U440\20260906T162705Z-elf-shoulders\liora-candidate8-v2\arm-review\Victory-045.png'
00:07.985  render           | Saved: 'C:\reports\WC-U440\20260906T162705Z-elf-shoulders\liora-candidate8-v2\arm-review\Victory-068.png'
00:08.032  render           | Saved: 'C:\reports\WC-U440\20260906T162705Z-elf-shoulders\liora-candidate8-v2\arm-review\Victory-091.png'
WC_ELF_CANDIDATE_DEFORMATION_RENDERED wc_u_elf_ranger
Blender 5.1.1 (hash b70da489d7f4 built 2026-04-14 01:37:22)

Blender quit
