00:01.984  blend            | Read blend: "C:\Users\iputu\Documents\Wonder Chess\reports\WC-U440\20260906T162705Z-elf-shoulders\sylas-candidate8-v2\candidate.blend"
{
  "status": "structural_checks_passed_visual_review_required",
  "blender_version": "5.1.1",
  "collection": "EXPORT",
  "evaluated_triangle_total": 3566,
  "objects": [
    {
      "name": "Armature",
      "type": "ARMATURE",
      "scale": [
        1.0,
        1.0,
        1.0
      ],
      "dimensions": [
        1.194295883178711,
        0.4749999940395355,
        2.0425000190734863
      ],
      "roots": [
        "root"
      ],
      "deform_bones": 27
    },
    {
      "name": "SK_wc_u_elf_rogue",
      "type": "MESH",
      "scale": [
        1.0,
        1.0,
        1.0
      ],
      "dimensions": [
        1.422235131263733,
        0.648342490196228,
        1.8904999494552612
      ],
      "evaluated_triangles": 3566,
      "material_slots": 1,
      "uv_layers": 1,
      "skin_checks": {
        "unweighted": 0,
        "excess_influences": 0,
        "unnormalized": 0
      }
    }
  ],
  "errors": [],
  "warnings": [],
  "not_checked": [
    "appearance",
    "deformation across all clips",
    "UV overlap appropriateness",
    "normal-map convention",
    "Unreal import",
    "LOD silhouette",
    "gameplay readability"
  ]
}
{
  "status": "sampled_motion_invariants_passed",
  "unit_id": "wc_u_elf_rogue",
  "blender_version": "5.1.1",
  "sampling": "actual deformed mesh every 3 frames at 60fps",
  "clips": [
    {
      "clip": "Idle",
      "samples": 41,
      "minimum_support_sole_z_m": 0.017099998891353607,
      "maximum_support_sole_z_m": 0.017099998891353607,
      "max_root_translation_m": 0,
      "max_pose_scale_error": 4.172325134277344e-07
    },
    {
      "clip": "Move",
      "samples": 21,
      "minimum_support_sole_z_m": -0.0025624800473451614,
      "maximum_support_sole_z_m": 0.017100045457482338,
      "max_root_translation_m": 0,
      "max_pose_scale_error": 4.172325134277344e-07
    },
    {
      "clip": "Attack",
      "samples": 14,
      "minimum_support_sole_z_m": 0.017099998891353607,
      "maximum_support_sole_z_m": 0.017099998891353607,
      "max_root_translation_m": 0,
      "max_pose_scale_error": 4.172325134277344e-07
    },
    {
      "clip": "Active",
      "samples": 11,
      "minimum_support_sole_z_m": 0.017099998891353607,
      "maximum_support_sole_z_m": 0.017100006341934204,
      "max_root_translation_m": 0,
      "max_pose_scale_error": 4.172325134277344e-07
    },
    {
      "clip": "Hit",
      "samples": 9,
      "minimum_support_sole_z_m": 0.017099998891353607,
      "maximum_support_sole_z_m": 0.017099998891353607,
      "max_root_translation_m": 0,
      "max_pose_scale_error": 4.172325134277344e-07
    },
    {
      "clip": "Defeat",
      "samples": 21,
      "minimum_support_sole_z_m": 0.017099885269999504,
      "maximum_support_sole_z_m": 0.01710003800690174,
      "max_root_translation_m": 0,
      "max_pose_scale_error": 4.172325134277344e-07
    },
    {
      "clip": "Victory",
      "samples": 31,
      "minimum_support_sole_z_m": 0.017099998891353607,
      "maximum_support_sole_z_m": 0.017099998891353607,
      "max_root_translation_m": 0,
      "max_pose_scale_error": 4.172325134277344e-07
    }
  ],
  "errors": [],
  "not_checked": [
    "continuous visual quality",
    "weapon/costume clipping",
    "semantic gesture review",
    "Unreal retarget/import",
    "runtime move-speed synchronization"
  ]
}
Info: Applied modifier was not first, result may not be as expected

FBX export starting... 'C:\\Users\\iputu\\Documents\\Wonder Chess\\reports\\WC-U440\\20260906T162705Z-elf-shoulders\\sylas-candidate8-v2\\normalized-export\\SK_wc_u_elf_rogue_LOD1.fbx'
export finished in 0.0264 sec.
Info: Applied modifier was not first, result may not be as expected

FBX export starting... 'C:\\Users\\iputu\\Documents\\Wonder Chess\\reports\\WC-U440\\20260906T162705Z-elf-shoulders\\sylas-candidate8-v2\\normalized-export\\SK_wc_u_elf_rogue_LOD2.fbx'
export finished in 0.0235 sec.

FBX export starting... 'C:\\Users\\iputu\\Documents\\Wonder Chess\\reports\\WC-U440\\20260906T162705Z-elf-shoulders\\sylas-candidate8-v2\\normalized-export\\SK_wc_u_elf_rogue.fbx'
export finished in 0.0260 sec.

FBX export starting... 'C:\\Users\\iputu\\Documents\\Wonder Chess\\reports\\WC-U440\\20260906T162705Z-elf-shoulders\\sylas-candidate8-v2\\normalized-export\\AN_wc_u_elf_rogue_Attack.fbx'
(bpy.data.armatures['WC_humanoid_slender_v1.001'], 'POSE')
export finished in 0.0879 sec.
Info: Saved as "wc_u_elf_rogue.blend"
WC_ELF_SLEEVE_PUBLISHED wc_u_elf_rogue
Blender 5.1.1 (hash b70da489d7f4 built 2026-04-14 01:37:22)

Blender quit
