00:02.922  blend            | Read blend: "C:\Users\iputu\Documents\Wonder Chess\reports\WC-U440\20260906T162705Z-elf-shoulders\sylas-candidate8-v2\candidate.blend"
00:04.782  render           | Saved: 'C:\Users\iputu\Documents\Wonder Chess\reports\WC-U440\20260906T162705Z-elf-shoulders\sylas-candidate8-v2\arm-review-v2\Idle-001.png'
00:04.860  render           | Saved: 'C:\Users\iputu\Documents\Wonder Chess\reports\WC-U440\20260906T162705Z-elf-shoulders\sylas-candidate8-v2\arm-review-v2\Idle-030.png'
00:04.907  render           | Saved: 'C:\Users\iputu\Documents\Wonder Chess\reports\WC-U440\20260906T162705Z-elf-shoulders\sylas-candidate8-v2\arm-review-v2\Idle-060.png'
00:04.953  render           | Saved: 'C:\Users\iputu\Documents\Wonder Chess\reports\WC-U440\20260906T162705Z-elf-shoulders\sylas-candidate8-v2\arm-review-v2\Idle-090.png'
00:05.000  render           | Saved: 'C:\Users\iputu\Documents\Wonder Chess\reports\WC-U440\20260906T162705Z-elf-shoulders\sylas-candidate8-v2\arm-review-v2\Idle-121.png'
00:05.516  render           | Saved: 'C:\Users\iputu\Documents\Wonder Chess\reports\WC-U440\20260906T162705Z-elf-shoulders\sylas-candidate8-v2\arm-review-v2\Move-001.png'
00:05.563  render           | Saved: 'C:\Users\iputu\Documents\Wonder Chess\reports\WC-U440\20260906T162705Z-elf-shoulders\sylas-candidate8-v2\arm-review-v2\Move-015.png'
00:05.594  render           | Saved: 'C:\Users\iputu\Documents\Wonder Chess\reports\WC-U440\20260906T162705Z-elf-shoulders\sylas-candidate8-v2\arm-review-v2\Move-030.png'
00:05.641  render           | Saved: 'C:\Users\iputu\Documents\Wonder Chess\reports\WC-U440\20260906T162705Z-elf-shoulders\sylas-candidate8-v2\arm-review-v2\Move-045.png'
00:05.688  render           | Saved: 'C:\Users\iputu\Documents\Wonder Chess\reports\WC-U440\20260906T162705Z-elf-shoulders\sylas-candidate8-v2\arm-review-v2\Move-061.png'
00:06.063  render           | Saved: 'C:\Users\iputu\Documents\Wonder Chess\reports\WC-U440\20260906T162705Z-elf-shoulders\sylas-candidate8-v2\arm-review-v2\Attack-001.png'
00:06.110  render           | Saved: 'C:\Users\iputu\Documents\Wonder Chess\reports\WC-U440\20260906T162705Z-elf-shoulders\sylas-candidate8-v2\arm-review-v2\Attack-016.png'
00:06.141  render           | Saved: 'C:\Users\iputu\Documents\Wonder Chess\reports\WC-U440\20260906T162705Z-elf-shoulders\sylas-candidate8-v2\arm-review-v2\Attack-020.png'
00:06.188  render           | Saved: 'C:\Users\iputu\Documents\Wonder Chess\reports\WC-U440\20260906T162705Z-elf-shoulders\sylas-candidate8-v2\arm-review-v2\Attack-030.png'
00:06.235  render           | Saved: 'C:\Users\iputu\Documents\Wonder Chess\reports\WC-U440\20260906T162705Z-elf-shoulders\sylas-candidate8-v2\arm-review-v2\Attack-040.png'
00:06.532  render           | Saved: 'C:\Users\iputu\Documents\Wonder Chess\reports\WC-U440\20260906T162705Z-elf-shoulders\sylas-candidate8-v2\arm-review-v2\Active-001.png'
00:06.578  render           | Saved: 'C:\Users\iputu\Documents\Wonder Chess\reports\WC-U440\20260906T162705Z-elf-shoulders\sylas-candidate8-v2\arm-review-v2\Active-013.png'
00:06.610  render           | Saved: 'C:\Users\iputu\Documents\Wonder Chess\reports\WC-U440\20260906T162705Z-elf-shoulders\sylas-candidate8-v2\arm-review-v2\Active-015.png'
00:06.657  render           | Saved: 'C:\Users\iputu\Documents\Wonder Chess\reports\WC-U440\20260906T162705Z-elf-shoulders\sylas-candidate8-v2\arm-review-v2\Active-023.png'
00:06.688  render           | Saved: 'C:\Users\iputu\Documents\Wonder Chess\reports\WC-U440\20260906T162705Z-elf-shoulders\sylas-candidate8-v2\arm-review-v2\Active-031.png'
00:06.938  render           | Saved: 'C:\Users\iputu\Documents\Wonder Chess\reports\WC-U440\20260906T162705Z-elf-shoulders\sylas-candidate8-v2\arm-review-v2\Hit-001.png'
00:06.969  render           | Saved: 'C:\Users\iputu\Documents\Wonder Chess\reports\WC-U440\20260906T162705Z-elf-shoulders\sylas-candidate8-v2\arm-review-v2\Hit-006.png'
00:07.016  render           | Saved: 'C:\Users\iputu\Documents\Wonder Chess\reports\WC-U440\20260906T162705Z-elf-shoulders\sylas-candidate8-v2\arm-review-v2\Hit-012.png'
00:07.063  render           | Saved: 'C:\Users\iputu\Documents\Wonder Chess\reports\WC-U440\20260906T162705Z-elf-shoulders\sylas-candidate8-v2\arm-review-v2\Hit-018.png'
00:07.110  render           | Saved: 'C:\Users\iputu\Documents\Wonder Chess\reports\WC-U440\20260906T162705Z-elf-shoulders\sylas-candidate8-v2\arm-review-v2\Hit-025.png'
00:07.594  render           | Saved: 'C:\Users\iputu\Documents\Wonder Chess\reports\WC-U440\20260906T162705Z-elf-shoulders\sylas-candidate8-v2\arm-review-v2\Defeat-001.png'
00:07.641  render           | Saved: 'C:\Users\iputu\Documents\Wonder Chess\reports\WC-U440\20260906T162705Z-elf-shoulders\sylas-candidate8-v2\arm-review-v2\Defeat-015.png'
00:07.688  render           | Saved: 'C:\Users\iputu\Documents\Wonder Chess\reports\WC-U440\20260906T162705Z-elf-shoulders\sylas-candidate8-v2\arm-review-v2\Defeat-030.png'
00:07.719  render           | Saved: 'C:\Users\iputu\Documents\Wonder Chess\reports\WC-U440\20260906T162705Z-elf-shoulders\sylas-candidate8-v2\arm-review-v2\Defeat-045.png'
00:07.766  render           | Saved: 'C:\Users\iputu\Documents\Wonder Chess\reports\WC-U440\20260906T162705Z-elf-shoulders\sylas-candidate8-v2\arm-review-v2\Defeat-061.png'
00:08.578  render           | Saved: 'C:\Users\iputu\Documents\Wonder Chess\reports\WC-U440\20260906T162705Z-elf-shoulders\sylas-candidate8-v2\arm-review-v2\Victory-001.png'
00:08.625  render           | Saved: 'C:\Users\iputu\Documents\Wonder Chess\reports\WC-U440\20260906T162705Z-elf-shoulders\sylas-candidate8-v2\arm-review-v2\Victory-022.png'
00:08.672  render           | Saved: 'C:\Users\iputu\Documents\Wonder Chess\reports\WC-U440\20260906T162705Z-elf-shoulders\sylas-candidate8-v2\arm-review-v2\Victory-045.png'
00:08.703  render           | Saved: 'C:\Users\iputu\Documents\Wonder Chess\reports\WC-U440\20260906T162705Z-elf-shoulders\sylas-candidate8-v2\arm-review-v2\Victory-068.png'
00:08.735  render           | Saved: 'C:\Users\iputu\Documents\Wonder Chess\reports\WC-U440\20260906T162705Z-elf-shoulders\sylas-candidate8-v2\arm-review-v2\Victory-091.png'
WC_ELF_CANDIDATE_DEFORMATION_RENDERED wc_u_elf_rogue
Blender 5.1.1 (hash b70da489d7f4 built 2026-04-14 01:37:22)

Blender quit
