00:02.656  blend            | Read blend: "C:\Users\iputu\Documents\Wonder Chess\reports\WC-U440\20260906T162705Z-elf-shoulders\sylas-candidate8-v2\candidate.blend"
00:05.031  render           | Saved: 'C:\reports\WC-U440\20260906T162705Z-elf-shoulders\sylas-candidate8-v2\arm-review\Idle-001.png'
00:05.078  render           | Saved: 'C:\reports\WC-U440\20260906T162705Z-elf-shoulders\sylas-candidate8-v2\arm-review\Idle-030.png'
00:05.109  render           | Saved: 'C:\reports\WC-U440\20260906T162705Z-elf-shoulders\sylas-candidate8-v2\arm-review\Idle-060.png'
00:05.156  render           | Saved: 'C:\reports\WC-U440\20260906T162705Z-elf-shoulders\sylas-candidate8-v2\arm-review\Idle-090.png'
00:05.187  render           | Saved: 'C:\reports\WC-U440\20260906T162705Z-elf-shoulders\sylas-candidate8-v2\arm-review\Idle-121.png'
00:05.625  render           | Saved: 'C:\reports\WC-U440\20260906T162705Z-elf-shoulders\sylas-candidate8-v2\arm-review\Move-001.png'
00:05.656  render           | Saved: 'C:\reports\WC-U440\20260906T162705Z-elf-shoulders\sylas-candidate8-v2\arm-review\Move-015.png'
00:05.703  render           | Saved: 'C:\reports\WC-U440\20260906T162705Z-elf-shoulders\sylas-candidate8-v2\arm-review\Move-030.png'
00:05.734  render           | Saved: 'C:\reports\WC-U440\20260906T162705Z-elf-shoulders\sylas-candidate8-v2\arm-review\Move-045.png'
00:05.781  render           | Saved: 'C:\reports\WC-U440\20260906T162705Z-elf-shoulders\sylas-candidate8-v2\arm-review\Move-061.png'
00:06.093  render           | Saved: 'C:\reports\WC-U440\20260906T162705Z-elf-shoulders\sylas-candidate8-v2\arm-review\Attack-001.png'
00:06.140  render           | Saved: 'C:\reports\WC-U440\20260906T162705Z-elf-shoulders\sylas-candidate8-v2\arm-review\Attack-016.png'
00:06.203  render           | Saved: 'C:\reports\WC-U440\20260906T162705Z-elf-shoulders\sylas-candidate8-v2\arm-review\Attack-020.png'
00:06.250  render           | Saved: 'C:\reports\WC-U440\20260906T162705Z-elf-shoulders\sylas-candidate8-v2\arm-review\Attack-030.png'
00:06.297  render           | Saved: 'C:\reports\WC-U440\20260906T162705Z-elf-shoulders\sylas-candidate8-v2\arm-review\Attack-040.png'
00:06.547  render           | Saved: 'C:\reports\WC-U440\20260906T162705Z-elf-shoulders\sylas-candidate8-v2\arm-review\Active-001.png'
00:06.593  render           | Saved: 'C:\reports\WC-U440\20260906T162705Z-elf-shoulders\sylas-candidate8-v2\arm-review\Active-013.png'
00:06.640  render           | Saved: 'C:\reports\WC-U440\20260906T162705Z-elf-shoulders\sylas-candidate8-v2\arm-review\Active-015.png'
00:06.687  render           | Saved: 'C:\reports\WC-U440\20260906T162705Z-elf-shoulders\sylas-candidate8-v2\arm-review\Active-023.png'
00:06.750  render           | Saved: 'C:\reports\WC-U440\20260906T162705Z-elf-shoulders\sylas-candidate8-v2\arm-review\Active-031.png'
00:06.968  render           | Saved: 'C:\reports\WC-U440\20260906T162705Z-elf-shoulders\sylas-candidate8-v2\arm-review\Hit-001.png'
00:07.000  render           | Saved: 'C:\reports\WC-U440\20260906T162705Z-elf-shoulders\sylas-candidate8-v2\arm-review\Hit-006.png'
00:07.047  render           | Saved: 'C:\reports\WC-U440\20260906T162705Z-elf-shoulders\sylas-candidate8-v2\arm-review\Hit-012.png'
00:07.093  render           | Saved: 'C:\reports\WC-U440\20260906T162705Z-elf-shoulders\sylas-candidate8-v2\arm-review\Hit-018.png'
00:07.125  render           | Saved: 'C:\reports\WC-U440\20260906T162705Z-elf-shoulders\sylas-candidate8-v2\arm-review\Hit-025.png'
00:07.531  render           | Saved: 'C:\reports\WC-U440\20260906T162705Z-elf-shoulders\sylas-candidate8-v2\arm-review\Defeat-001.png'
00:07.578  render           | Saved: 'C:\reports\WC-U440\20260906T162705Z-elf-shoulders\sylas-candidate8-v2\arm-review\Defeat-015.png'
00:07.609  render           | Saved: 'C:\reports\WC-U440\20260906T162705Z-elf-shoulders\sylas-candidate8-v2\arm-review\Defeat-030.png'
00:07.656  render           | Saved: 'C:\reports\WC-U440\20260906T162705Z-elf-shoulders\sylas-candidate8-v2\arm-review\Defeat-045.png'
00:07.687  render           | Saved: 'C:\reports\WC-U440\20260906T162705Z-elf-shoulders\sylas-candidate8-v2\arm-review\Defeat-061.png'
00:08.297  render           | Saved: 'C:\reports\WC-U440\20260906T162705Z-elf-shoulders\sylas-candidate8-v2\arm-review\Victory-001.png'
00:08.328  render           | Saved: 'C:\reports\WC-U440\20260906T162705Z-elf-shoulders\sylas-candidate8-v2\arm-review\Victory-022.png'
00:08.359  render           | Saved: 'C:\reports\WC-U440\20260906T162705Z-elf-shoulders\sylas-candidate8-v2\arm-review\Victory-045.png'
00:08.406  render           | Saved: 'C:\reports\WC-U440\20260906T162705Z-elf-shoulders\sylas-candidate8-v2\arm-review\Victory-068.png'
00:08.437  render           | Saved: 'C:\reports\WC-U440\20260906T162705Z-elf-shoulders\sylas-candidate8-v2\arm-review\Victory-091.png'
WC_ELF_CANDIDATE_DEFORMATION_RENDERED wc_u_elf_rogue
Blender 5.1.1 (hash b70da489d7f4 built 2026-04-14 01:37:22)

Blender quit
