00:06.454  blend            | Read blend: "C:\Users\iputu\Documents\Wonder Chess\art-source\heroes\wc_u_human_guardian\wc_u_human_guardian.blend"
{
  "report": "C:\\Users\\iputu\\Documents\\Wonder Chess\\art-source\\asset-studio\\wc_u_human_guardian\\stages\\body-costume\\BW4\\r001\\reviews\\contract\\actual_game_grip_source_audit.json",
  "bone_count": 27,
  "digit_bones": [],
  "meshes": [
    "BODY_SK_wc_u_human_guardian",
    "COSTUME_SK_wc_u_human_guardian",
    "EQUIPMENT_SK_wc_u_human_guardian",
    "SK_wc_u_human_guardian",
    "SK_wc_u_human_guardian_LOD1",
    "SK_wc_u_human_guardian_LOD2"
  ],
  "clips": {
    "Idle": {
      "samples": 241,
      "weapon_relative_delta": {
        "r": 2.0116567611694336e-07,
        "l": 2.682209014892578e-07
      },
      "hand_vertex_delta_m": {
        "BODY_SK_wc_u_human_guardian": {
          "r": 3.998401041371835e-07,
          "l": 4.588009119288472e-07
        },
        "COSTUME_SK_wc_u_human_guardian": {
          "r": 0.0,
          "l": 0.0
        },
        "EQUIPMENT_SK_wc_u_human_guardian": {
          "r": 4.460403317807504e-07,
          "l": 6.336060778266983e-07
        },
        "SK_wc_u_human_guardian": {
          "r": 4.460403317807504e-07,
          "l": 6.336060778266983e-07
        },
        "SK_wc_u_human_guardian_LOD1": {
          "r": 4.460403317807504e-07,
          "l": 6.336060778266983e-07
        },
        "SK_wc_u_human_guardian_LOD2": {
          "r": 4.6265645892162865e-07,
          "l": 6.670662742180866e-07
        }
      }
    },
    "Move": {
      "samples": 121,
      "weapon_relative_delta": {
        "r": 1.7881393432617188e-07,
        "l": 1.7881393432617188e-07
      },
      "hand_vertex_delta_m": {
        "BODY_SK_wc_u_human_guardian": {
          "r": 4.267043323125108e-07,
          "l": 4.339283634635649e-07
        },
        "COSTUME_SK_wc_u_human_guardian": {
          "r": 0.0,
          "l": 0.0
        },
        "EQUIPMENT_SK_wc_u_human_guardian": {
          "r": 4.749708466533775e-07,
          "l": 5.670278824254638e-07
        },
        "SK_wc_u_human_guardian": {
          "r": 4.749708466533775e-07,
          "l": 5.670278824254638e-07
        },
        "SK_wc_u_human_guardian_LOD1": {
          "r": 4.749708466533775e-07,
          "l": 5.607273578789318e-07
        },
        "SK_wc_u_human_guardian_LOD2": {
          "r": 4.655271652609372e-07,
          "l": 5.280984964883828e-07
        }
      }
    },
    "Attack": {
      "samples": 79,
      "weapon_relative_delta": {
        "r": 1.8421634706555778e-07,
        "l": 1.7881393432617188e-07
      },
      "hand_vertex_delta_m": {
        "BODY_SK_wc_u_human_guardian": {
          "r": 4.851466428590356e-07,
          "l": 4.0425837255497754e-07
        },
        "COSTUME_SK_wc_u_human_guardian": {
          "r": 0.0,
          "l": 0.0
        },
        "EQUIPMENT_SK_wc_u_human_guardian": {
          "r": 5.397430413722759e-07,
          "l": 5.5275074828387e-07
        },
        "SK_wc_u_human_guardian": {
          "r": 5.397430413722759e-07,
          "l": 5.5275074828387e-07
        },
        "SK_wc_u_human_guardian_LOD1": {
          "r": 5.397430413722759e-07,
          "l": 5.5275074828387e-07
        },
        "SK_wc_u_human_guardian_LOD2": {
          "r": 4.76837158203125e-07,
          "l": 4.986882231605705e-07
        }
      }
    },
    "Active": {
      "samples": 73,
      "weapon_relative_delta": {
        "r": 1.7881393432617188e-07,
        "l": 2.2351741790771484e-07
      },
      "hand_vertex_delta_m": {
        "BODY_SK_wc_u_human_guardian": {
          "r": 3.816559512870299e-07,
          "l": 4.172325134277344e-07
        },
        "COSTUME_SK_wc_u_human_guardian": {
          "r": 0.0,
          "l": 0.0
        },
        "EQUIPMENT_SK_wc_u_human_guardian": {
          "r": 4.214684850012418e-07,
          "l": 5.5275074828387e-07
        },
        "SK_wc_u_human_guardian": {
          "r": 4.214684850012418e-07,
          "l": 5.5275074828387e-07
        },
        "SK_wc_u_human_guardian_LOD1": {
          "r": 4.214684850012418e-07,
          "l": 5.364418029785156e-07
        },
        "SK_wc_u_human_guardian_LOD2": {
          "r": 3.8628223819614504e-07,
          "l": 5.127385520609096e-07
        }
      }
    },
    "Hit": {
      "samples": 49,
      "weapon_relative_delta": {
        "r": 1.7881393432617188e-07,
        "l": 1.7881393432617188e-07
      },
      "hand_vertex_delta_m": {
        "BODY_SK_wc_u_human_guardian": {
          "r": 4.814712610823335e-07,
          "l": 3.674277024856565e-07
        },
        "COSTUME_SK_wc_u_human_guardian": {
          "r": 0.0,
          "l": 0.0
        },
        "EQUIPMENT_SK_wc_u_human_guardian": {
          "r": 4.172325134277344e-07,
          "l": 4.5099096723788534e-07
        },
        "SK_wc_u_human_guardian": {
          "r": 4.814712610823335e-07,
          "l": 4.5099096723788534e-07
        },
        "SK_wc_u_human_guardian_LOD1": {
          "r": 4.217318121391145e-07,
          "l": 4.460403317807504e-07
        },
        "SK_wc_u_human_guardian_LOD2": {
          "r": 4.172325134277344e-07,
          "l": 4.460403317807504e-07
        }
      }
    },
    "Defeat": {
      "samples": 121,
      "weapon_relative_delta": {
        "r": 2.384185791015625e-07,
        "l": 2.384185791015625e-07
      },
      "hand_vertex_delta_m": {
        "BODY_SK_wc_u_human_guardian": {
          "r": 4.2696441937550844e-07,
          "l": 3.8628223819614504e-07
        },
        "COSTUME_SK_wc_u_human_guardian": {
          "r": 0.0,
          "l": 0.0
        },
        "EQUIPMENT_SK_wc_u_human_guardian": {
          "r": 5.127385520609096e-07,
          "l": 5.693725597666344e-07
        },
        "SK_wc_u_human_guardian": {
          "r": 5.127385520609096e-07,
          "l": 5.693725597666344e-07
        },
        "SK_wc_u_human_guardian_LOD1": {
          "r": 5.127385520609096e-07,
          "l": 5.685920996256755e-07
        },
        "SK_wc_u_human_guardian_LOD2": {
          "r": 5.127385520609096e-07,
          "l": 5.748063927057956e-07
        }
      }
    },
    "Victory": {
      "samples": 181,
      "weapon_relative_delta": {
        "r": 2.384185791015625e-07,
        "l": 2.384185791015625e-07
      },
      "hand_vertex_delta_m": {
        "BODY_SK_wc_u_human_guardian": {
          "r": 3.7814908182554063e-07,
          "l": 4.4304337620815204e-07
        },
        "COSTUME_SK_wc_u_human_guardian": {
          "r": 0.0,
          "l": 0.0
        },
        "EQUIPMENT_SK_wc_u_human_guardian": {
          "r": 4.0425837255497754e-07,
          "l": 5.438413381853024e-07
        },
        "SK_wc_u_human_guardian": {
          "r": 4.0425837255497754e-07,
          "l": 5.438413381853024e-07
        },
        "SK_wc_u_human_guardian_LOD1": {
          "r": 4.0425837255497754e-07,
          "l": 5.81718097691919e-07
        },
        "SK_wc_u_human_guardian_LOD2": {
          "r": 4.2981520209650625e-07,
          "l": 5.599347900897556e-07
        }
      }
    }
  },
  "source_preserved": true
}
BW4_HILT_EXTRACTED {"handle": {"verts": 16, "dims_mm": [229.3199896812439, 65.52000343799591, 49.14003610610962]}, "blade": {"verts": 20, "dims_mm": [124.12405014038086, 43.68000477552414, 540.5399799346924]}}
Blender 5.1.1 (hash b70da489d7f4 built 2026-04-14 01:37:22)

Blender quit
