00:06.250  blend            | Read blend: "C:\Users\iputu\Documents\Wonder Chess\art-source\heroes\wc_u_dwarf_guardian\wc_u_dwarf_guardian.blend"
00:13.125  render           | Saved: 'C:\Users\iputu\Documents\Wonder Chess\reports\WC-U440\20260906T140743Z\dwarves\wc_u_dwarf_guardian\before-front.png'
00:22.734  render           | Saved: 'C:\Users\iputu\Documents\Wonder Chess\reports\WC-U440\20260906T140743Z\dwarves\wc_u_dwarf_guardian\before-side.png'
00:30.359  render           | Saved: 'C:\Users\iputu\Documents\Wonder Chess\reports\WC-U440\20260906T140743Z\dwarves\wc_u_dwarf_guardian\before-back.png'
00:41.156  render           | Saved: 'C:\Users\iputu\Documents\Wonder Chess\reports\WC-U440\20260906T140743Z\dwarves\wc_u_dwarf_guardian\before-three-quarter.png'
00:51.422  render           | Saved: 'C:\Users\iputu\Documents\Wonder Chess\reports\WC-U440\20260906T140743Z\dwarves\wc_u_dwarf_guardian\before-face.png'
01:00.906  render           | Saved: 'C:\Users\iputu\Documents\Wonder Chess\reports\WC-U440\20260906T140743Z\dwarves\wc_u_dwarf_guardian\before-game-angle.png'
01:01.547  blend            | Read blend: "C:\Users\iputu\Documents\Wonder Chess\art-source\heroes\wc_u_dwarf_ranger\wc_u_dwarf_ranger.blend"
01:08.984  render           | Saved: 'C:\Users\iputu\Documents\Wonder Chess\reports\WC-U440\20260906T140743Z\dwarves\wc_u_dwarf_ranger\before-front.png'
01:12.547  render           | Saved: 'C:\Users\iputu\Documents\Wonder Chess\reports\WC-U440\20260906T140743Z\dwarves\wc_u_dwarf_ranger\before-side.png'
01:16.140  render           | Saved: 'C:\Users\iputu\Documents\Wonder Chess\reports\WC-U440\20260906T140743Z\dwarves\wc_u_dwarf_ranger\before-back.png'
01:20.265  render           | Saved: 'C:\Users\iputu\Documents\Wonder Chess\reports\WC-U440\20260906T140743Z\dwarves\wc_u_dwarf_ranger\before-three-quarter.png'
01:23.750  render           | Saved: 'C:\Users\iputu\Documents\Wonder Chess\reports\WC-U440\20260906T140743Z\dwarves\wc_u_dwarf_ranger\before-face.png'
01:27.781  render           | Saved: 'C:\Users\iputu\Documents\Wonder Chess\reports\WC-U440\20260906T140743Z\dwarves\wc_u_dwarf_ranger\before-game-angle.png'
01:27.797  blend            | Read blend: "C:\Users\iputu\Documents\Wonder Chess\art-source\heroes\wc_u_dwarf_warrior\wc_u_dwarf_warrior.blend"
01:30.859  render           | Saved: 'C:\Users\iputu\Documents\Wonder Chess\reports\WC-U440\20260906T140743Z\dwarves\wc_u_dwarf_warrior\before-front.png'
01:33.750  render           | Saved: 'C:\Users\iputu\Documents\Wonder Chess\reports\WC-U440\20260906T140743Z\dwarves\wc_u_dwarf_warrior\before-side.png'
01:36.703  render           | Saved: 'C:\Users\iputu\Documents\Wonder Chess\reports\WC-U440\20260906T140743Z\dwarves\wc_u_dwarf_warrior\before-back.png'
01:40.562  render           | Saved: 'C:\Users\iputu\Documents\Wonder Chess\reports\WC-U440\20260906T140743Z\dwarves\wc_u_dwarf_warrior\before-three-quarter.png'
01:43.687  render           | Saved: 'C:\Users\iputu\Documents\Wonder Chess\reports\WC-U440\20260906T140743Z\dwarves\wc_u_dwarf_warrior\before-face.png'
01:47.265  render           | Saved: 'C:\Users\iputu\Documents\Wonder Chess\reports\WC-U440\20260906T140743Z\dwarves\wc_u_dwarf_warrior\before-game-angle.png'
Blender 5.1.1 (hash b70da489d7f4 built 2026-04-14 01:37:22)

Blender quit
