00:02.547  blend            | Read blend: "C:\Users\iputu\Documents\Wonder Chess\art-source\heroes\wc_u_dwarf_guardian\wc_u_dwarf_guardian.blend"
00:06.563  render           | Saved: 'C:\Users\iputu\Documents\Wonder Chess\reports\WC-U440\20260906T140743Z\dwarves\wc_u_dwarf_guardian\after-front.png'
00:10.000  render           | Saved: 'C:\Users\iputu\Documents\Wonder Chess\reports\WC-U440\20260906T140743Z\dwarves\wc_u_dwarf_guardian\after-side.png'
00:13.688  render           | Saved: 'C:\Users\iputu\Documents\Wonder Chess\reports\WC-U440\20260906T140743Z\dwarves\wc_u_dwarf_guardian\after-back.png'
00:18.157  render           | Saved: 'C:\Users\iputu\Documents\Wonder Chess\reports\WC-U440\20260906T140743Z\dwarves\wc_u_dwarf_guardian\after-three-quarter.png'
00:22.063  render           | Saved: 'C:\Users\iputu\Documents\Wonder Chess\reports\WC-U440\20260906T140743Z\dwarves\wc_u_dwarf_guardian\after-face.png'
00:26.375  render           | Saved: 'C:\Users\iputu\Documents\Wonder Chess\reports\WC-U440\20260906T140743Z\dwarves\wc_u_dwarf_guardian\after-game-angle.png'
00:26.407  blend            | Read blend: "C:\Users\iputu\Documents\Wonder Chess\art-source\heroes\wc_u_dwarf_ranger\wc_u_dwarf_ranger.blend"
00:31.110  render           | Saved: 'C:\Users\iputu\Documents\Wonder Chess\reports\WC-U440\20260906T140743Z\dwarves\wc_u_dwarf_ranger\after-front.png'
00:35.110  render           | Saved: 'C:\Users\iputu\Documents\Wonder Chess\reports\WC-U440\20260906T140743Z\dwarves\wc_u_dwarf_ranger\after-side.png'
00:39.047  render           | Saved: 'C:\Users\iputu\Documents\Wonder Chess\reports\WC-U440\20260906T140743Z\dwarves\wc_u_dwarf_ranger\after-back.png'
00:45.000  render           | Saved: 'C:\Users\iputu\Documents\Wonder Chess\reports\WC-U440\20260906T140743Z\dwarves\wc_u_dwarf_ranger\after-three-quarter.png'
00:49.891  render           | Saved: 'C:\Users\iputu\Documents\Wonder Chess\reports\WC-U440\20260906T140743Z\dwarves\wc_u_dwarf_ranger\after-face.png'
00:55.688  render           | Saved: 'C:\Users\iputu\Documents\Wonder Chess\reports\WC-U440\20260906T140743Z\dwarves\wc_u_dwarf_ranger\after-game-angle.png'
00:55.719  blend            | Read blend: "C:\Users\iputu\Documents\Wonder Chess\art-source\heroes\wc_u_dwarf_warrior\wc_u_dwarf_warrior.blend"
01:02.266  render           | Saved: 'C:\Users\iputu\Documents\Wonder Chess\reports\WC-U440\20260906T140743Z\dwarves\wc_u_dwarf_warrior\after-front.png'
01:13.485  render           | Saved: 'C:\Users\iputu\Documents\Wonder Chess\reports\WC-U440\20260906T140743Z\dwarves\wc_u_dwarf_warrior\after-side.png'
01:19.110  render           | Saved: 'C:\Users\iputu\Documents\Wonder Chess\reports\WC-U440\20260906T140743Z\dwarves\wc_u_dwarf_warrior\after-back.png'
01:24.907  render           | Saved: 'C:\Users\iputu\Documents\Wonder Chess\reports\WC-U440\20260906T140743Z\dwarves\wc_u_dwarf_warrior\after-three-quarter.png'
01:29.610  render           | Saved: 'C:\Users\iputu\Documents\Wonder Chess\reports\WC-U440\20260906T140743Z\dwarves\wc_u_dwarf_warrior\after-face.png'
01:35.657  render           | Saved: 'C:\Users\iputu\Documents\Wonder Chess\reports\WC-U440\20260906T140743Z\dwarves\wc_u_dwarf_warrior\after-game-angle.png'
Info: Saved as "wc_u_dwarf_guardian-update24-revision7.blend"
Info: Saved as "wc_u_dwarf_ranger-update24-revision7.blend"
Info: Saved as "wc_u_dwarf_warrior-update24-revision7.blend"
Blender 5.1.1 (hash b70da489d7f4 built 2026-04-14 01:37:22)

Blender quit
