00:02.985  blend            | Read blend: "C:\Users\iputu\Documents\Wonder Chess\art-source\asset-studio\wc_u_human_guardian\stages\body-costume\BW5\shoulder\shoulder_correction1.blend"
AUDIT 1 {'BW4_Pauldron_R_Cap': 0, 'BW4_Pauldron_R_Cap_LowerReturn': 0, 'BW4_Pauldron_R_Lame1': 0, 'BW4_Pauldron_R_Lame1_LowerReturn': 0, 'BW4_Pauldron_R_Lame2': 0, 'BW4_Pauldron_R_Lame2_LowerReturn': 0}
AUDIT 20 {'BW4_Pauldron_R_Cap': 0, 'BW4_Pauldron_R_Cap_LowerReturn': 0, 'BW4_Pauldron_R_Lame1': 0, 'BW4_Pauldron_R_Lame1_LowerReturn': 0, 'BW4_Pauldron_R_Lame2': 0, 'BW4_Pauldron_R_Lame2_LowerReturn': 0}
AUDIT 25 {'BW4_Pauldron_R_Cap': 0, 'BW4_Pauldron_R_Cap_LowerReturn': 0, 'BW4_Pauldron_R_Lame1': 0, 'BW4_Pauldron_R_Lame1_LowerReturn': 0, 'BW4_Pauldron_R_Lame2': 0, 'BW4_Pauldron_R_Lame2_LowerReturn': 0}
AUDIT 37 {'BW4_Pauldron_R_Cap': 0, 'BW4_Pauldron_R_Cap_LowerReturn': 0, 'BW4_Pauldron_R_Lame1': 0, 'BW4_Pauldron_R_Lame1_LowerReturn': 0, 'BW4_Pauldron_R_Lame2': 0, 'BW4_Pauldron_R_Lame2_LowerReturn': 0}
AUDIT 49 {'BW4_Pauldron_R_Cap': 0, 'BW4_Pauldron_R_Cap_LowerReturn': 0, 'BW4_Pauldron_R_Lame1': 0, 'BW4_Pauldron_R_Lame1_LowerReturn': 0, 'BW4_Pauldron_R_Lame2': 0, 'BW4_Pauldron_R_Lame2_LowerReturn': 0}
AUDIT 61 {'BW4_Pauldron_R_Cap': 0, 'BW4_Pauldron_R_Cap_LowerReturn': 0, 'BW4_Pauldron_R_Lame1': 0, 'BW4_Pauldron_R_Lame1_LowerReturn': 0, 'BW4_Pauldron_R_Lame2': 0, 'BW4_Pauldron_R_Lame2_LowerReturn': 0}
AUDIT 73 {'BW4_Pauldron_R_Cap': 0, 'BW4_Pauldron_R_Cap_LowerReturn': 0, 'BW4_Pauldron_R_Lame1': 0, 'BW4_Pauldron_R_Lame1_LowerReturn': 0, 'BW4_Pauldron_R_Lame2': 0, 'BW4_Pauldron_R_Lame2_LowerReturn': 0}
AUDIT 97 {'BW4_Pauldron_R_Cap': 0, 'BW4_Pauldron_R_Cap_LowerReturn': 0, 'BW4_Pauldron_R_Lame1': 0, 'BW4_Pauldron_R_Lame1_LowerReturn': 0, 'BW4_Pauldron_R_Lame2': 0, 'BW4_Pauldron_R_Lame2_LowerReturn': 0}
{
  "evaluated_coat": {
    "BW4_Pauldron_R_Cap": {
      "first": null,
      "max": 0,
      "worst_frames": [
        1,
        19,
        19.5,
        20,
        20.5,
        24.5,
        25,
        25.5,
        37,
        49,
        61,
        73,
        97
      ]
    },
    "BW4_Pauldron_R_Cap_LowerReturn": {
      "first": null,
      "max": 0,
      "worst_frames": [
        1,
        19,
        19.5,
        20,
        20.5,
        24.5,
        25,
        25.5,
        37,
        49,
        61,
        73,
        97
      ]
    },
    "BW4_Pauldron_R_Lame1": {
      "first": null,
      "max": 0,
      "worst_frames": [
        1,
        19,
        19.5,
        20,
        20.5,
        24.5,
        25,
        25.5,
        37,
        49,
        61,
        73,
        97
      ]
    },
    "BW4_Pauldron_R_Lame1_LowerReturn": {
      "first": null,
      "max": 0,
      "worst_frames": [
        1,
        19,
        19.5,
        20,
        20.5,
        24.5,
        25,
        25.5,
        37,
        49,
        61,
        73,
        97
      ]
    },
    "BW4_Pauldron_R_Lame2": {
      "first": null,
      "max": 0,
      "worst_frames": [
        1,
        19,
        19.5,
        20,
        20.5,
        24.5,
        25,
        25.5,
        37,
        49,
        61,
        73,
        97
      ]
    },
    "BW4_Pauldron_R_Lame2_LowerReturn": {
      "first": null,
      "max": 0,
      "worst_frames": [
        1,
        19,
        19.5,
        20,
        20.5,
        24.5,
        25,
        25.5,
        37,
        49,
        61,
        73,
        97
      ]
    }
  },
  "cage_vs_evaluated_coat": {
    "BW4_Pauldron_R_Cap": {
      "first": null,
      "max": 0,
      "worst_frames": [
        1,
        19,
        19.5,
        20,
        20.5,
        24.5,
        25,
        25.5,
        37,
        49,
        61,
        73,
        97
      ]
    },
    "BW4_Pauldron_R_Cap_LowerReturn": {
      "first": null,
      "max": 0,
      "worst_frames": [
        1,
        19,
        19.5,
        20,
        20.5,
        24.5,
        25,
        25.5,
        37,
        49,
        61,
        73,
        97
      ]
    },
    "BW4_Pauldron_R_Lame1": {
      "first": null,
      "max": 0,
      "worst_frames": [
        1,
        19,
        19.5,
        20,
        20.5,
        24.5,
        25,
        25.5,
        37,
        49,
        61,
        73,
        97
      ]
    },
    "BW4_Pauldron_R_Lame1_LowerReturn": {
      "first": null,
      "max": 0,
      "worst_frames": [
        1,
        19,
        19.5,
        20,
        20.5,
        24.5,
        25,
        25.5,
        37,
        49,
        61,
        73,
        97
      ]
    },
    "BW4_Pauldron_R_Lame2": {
      "first": null,
      "max": 0,
      "worst_frames": [
        1,
        19,
        19.5,
        20,
        20.5,
        24.5,
        25,
        25.5,
        37,
        49,
        61,
        73,
        97
      ]
    },
    "BW4_Pauldron_R_Lame2_LowerReturn": {
      "first": null,
      "max": 0,
      "worst_frames": [
        1,
        19,
        19.5,
        20,
        20.5,
        24.5,
        25,
        25.5,
        37,
        49,
        61,
        73,
        97
      ]
    }
  },
  "plate_pairs": {
    "BW4_Pauldron_R_Cap / BW4_Pauldron_R_Cap_LowerReturn": {
      "first": null,
      "max": 0,
      "worst_frames": [
        1,
        19,
        19.5,
        20,
        20.5,
        24.5,
        25,
        25.5,
        37,
        49,
        61,
        73,
        97
      ]
    },
    "BW4_Pauldron_R_Cap / BW4_Pauldron_R_Lame1": {
      "first": null,
      "max": 0,
      "worst_frames": [
        1,
        19,
        19.5,
        20,
        20.5,
        24.5,
        25,
        25.5,
        37,
        49,
        61,
        73,
        97
      ]
    },
    "BW4_Pauldron_R_Cap / BW4_Pauldron_R_Lame1_LowerReturn": {
      "first": null,
      "max": 0,
      "worst_frames": [
        1,
        19,
        19.5,
        20,
        20.5,
        24.5,
        25,
        25.5,
        37,
        49,
        61,
        73,
        97
      ]
    },
    "BW4_Pauldron_R_Cap / BW4_Pauldron_R_Lame2": {
      "first": null,
      "max": 0,
      "worst_frames": [
        1,
        19,
        19.5,
        20,
        20.5,
        24.5,
        25,
        25.5,
        37,
        49,
        61,
        73,
        97
      ]
    },
    "BW4_Pauldron_R_Cap / BW4_Pauldron_R_Lame2_LowerReturn": {
      "first": null,
      "max": 0,
      "worst_frames": [
        1,
        19,
        19.5,
        20,
        20.5,
        24.5,
        25,
        25.5,
        37,
        49,
        61,
        73,
        97
      ]
    },
    "BW4_Pauldron_R_Cap_LowerReturn / BW4_Pauldron_R_Lame1": {
      "first": null,
      "max": 0,
      "worst_frames": [
        1,
        19,
        19.5,
        20,
        20.5,
        24.5,
        25,
        25.5,
        37,
        49,
        61,
        73,
        97
      ]
    },
    "BW4_Pauldron_R_Cap_LowerReturn / BW4_Pauldron_R_Lame1_LowerReturn": {
      "first": null,
      "max": 0,
      "worst_frames": [
        1,
        19,
        19.5,
        20,
        20.5,
        24.5,
        25,
        25.5,
        37,
        49,
        61,
        73,
        97
      ]
    },
    "BW4_Pauldron_R_Cap_LowerReturn / BW4_Pauldron_R_Lame2": {
      "first": null,
      "max": 0,
      "worst_frames": [
        1,
        19,
        19.5,
        20,
        20.5,
        24.5,
        25,
        25.5,
        37,
        49,
        61,
        73,
        97
      ]
    },
    "BW4_Pauldron_R_Cap_LowerReturn / BW4_Pauldron_R_Lame2_LowerReturn": {
      "first": null,
      "max": 0,
      "worst_frames": [
        1,
        19,
        19.5,
        20,
        20.5,
        24.5,
        25,
        25.5,
        37,
        49,
        61,
        73,
        97
      ]
    },
    "BW4_Pauldron_R_Lame1 / BW4_Pauldron_R_Lame1_LowerReturn": {
      "first": null,
      "max": 0,
      "worst_frames": [
        1,
        19,
        19.5,
        20,
        20.5,
        24.5,
        25,
        25.5,
        37,
        49,
        61,
        73,
        97
      ]
    },
    "BW4_Pauldron_R_Lame1 / BW4_Pauldron_R_Lame2": {
      "first": null,
      "max": 0,
      "worst_frames": [
        1,
        19,
        19.5,
        20,
        20.5,
        24.5,
        25,
        25.5,
        37,
        49,
        61,
        73,
        97
      ]
    },
    "BW4_Pauldron_R_Lame1 / BW4_Pauldron_R_Lame2_LowerReturn": {
      "first": null,
      "max": 0,
      "worst_frames": [
        1,
        19,
        19.5,
        20,
        20.5,
        24.5,
        25,
        25.5,
        37,
        49,
        61,
        73,
        97
      ]
    },
    "BW4_Pauldron_R_Lame1_LowerReturn / BW4_Pauldron_R_Lame2": {
      "first": null,
      "max": 0,
      "worst_frames": [
        1,
        19,
        19.5,
        20,
        20.5,
        24.5,
        25,
        25.5,
        37,
        49,
        61,
        73,
        97
      ]
    },
    "BW4_Pauldron_R_Lame1_LowerReturn / BW4_Pauldron_R_Lame2_LowerReturn": {
      "first": null,
      "max": 0,
      "worst_frames": [
        1,
        19,
        19.5,
        20,
        20.5,
        24.5,
        25,
        25.5,
        37,
        49,
        61,
        73,
        97
      ]
    },
    "BW4_Pauldron_R_Lame2 / BW4_Pauldron_R_Lame2_LowerReturn": {
      "first": 1,
      "max": 151,
      "worst_frames": [
        1,
        19,
        19.5,
        20,
        20.5,
        24.5,
        25,
        25.5,
        37,
        49,
        61,
        73,
        97
      ]
    }
  }
}
Blender 5.1.1 (hash b70da489d7f4 built 2026-04-14 01:37:22)

Blender quit
