00:07.672  blend            | Read blend: "C:\Users\iputu\Documents\Wonder Chess\art-source\asset-studio\wc_u_human_guardian\stages\body-costume\BW5\shoulder\ada_bw5_shoulder_checkpoint_ART_REVISE.blend"
C:\Users\iputu\Documents\Wonder Chess\art-source\asset-studio\wc_u_human_guardian\stages\body-costume\BW5\shoulder\operations\08_render_motion.py:6: DeprecationWarning: 'Scene.use_nodes' is expected to be removed in Blender 6.0
  s.render.resolution_x=800;s.render.resolution_y=800;s.render.resolution_percentage=100;s.render.image_settings.media_type='IMAGE';s.render.image_settings.file_format='PNG';s.render.image_settings.color_mode='RGB';s.render.filepath=str(frames/'frame_');s.render.film_transparent=False;s.use_nodes=False;s.render.use_sequencer=False;s.view_settings.view_transform='Standard';s.view_settings.look='None'
00:09.719  render           | Saved: 'C:\Users\iputu\Documents\Wonder Chess\art-source\asset-studio\wc_u_human_guardian\stages\body-costume\BW5\shoulder\motion\frames\frame_0001.png'
00:10.500  render           | Saved: 'C:\Users\iputu\Documents\Wonder Chess\art-source\asset-studio\wc_u_human_guardian\stages\body-costume\BW5\shoulder\motion\frames\frame_0002.png'
00:10.657  render           | Saved: 'C:\Users\iputu\Documents\Wonder Chess\art-source\asset-studio\wc_u_human_guardian\stages\body-costume\BW5\shoulder\motion\frames\frame_0003.png'
00:10.844  render           | Saved: 'C:\Users\iputu\Documents\Wonder Chess\art-source\asset-studio\wc_u_human_guardian\stages\body-costume\BW5\shoulder\motion\frames\frame_0004.png'
00:11.032  render           | Saved: 'C:\Users\iputu\Documents\Wonder Chess\art-source\asset-studio\wc_u_human_guardian\stages\body-costume\BW5\shoulder\motion\frames\frame_0005.png'
00:11.219  render           | Saved: 'C:\Users\iputu\Documents\Wonder Chess\art-source\asset-studio\wc_u_human_guardian\stages\body-costume\BW5\shoulder\motion\frames\frame_0006.png'
00:11.422  render           | Saved: 'C:\Users\iputu\Documents\Wonder Chess\art-source\asset-studio\wc_u_human_guardian\stages\body-costume\BW5\shoulder\motion\frames\frame_0007.png'
00:11.610  render           | Saved: 'C:\Users\iputu\Documents\Wonder Chess\art-source\asset-studio\wc_u_human_guardian\stages\body-costume\BW5\shoulder\motion\frames\frame_0008.png'
00:11.797  render           | Saved: 'C:\Users\iputu\Documents\Wonder Chess\art-source\asset-studio\wc_u_human_guardian\stages\body-costume\BW5\shoulder\motion\frames\frame_0009.png'
00:11.985  render           | Saved: 'C:\Users\iputu\Documents\Wonder Chess\art-source\asset-studio\wc_u_human_guardian\stages\body-costume\BW5\shoulder\motion\frames\frame_0010.png'
00:12.172  render           | Saved: 'C:\Users\iputu\Documents\Wonder Chess\art-source\asset-studio\wc_u_human_guardian\stages\body-costume\BW5\shoulder\motion\frames\frame_0011.png'
00:12.360  render           | Saved: 'C:\Users\iputu\Documents\Wonder Chess\art-source\asset-studio\wc_u_human_guardian\stages\body-costume\BW5\shoulder\motion\frames\frame_0012.png'
00:12.547  render           | Saved: 'C:\Users\iputu\Documents\Wonder Chess\art-source\asset-studio\wc_u_human_guardian\stages\body-costume\BW5\shoulder\motion\frames\frame_0013.png'
00:12.750  render           | Saved: 'C:\Users\iputu\Documents\Wonder Chess\art-source\asset-studio\wc_u_human_guardian\stages\body-costume\BW5\shoulder\motion\frames\frame_0014.png'
00:12.922  render           | Saved: 'C:\Users\iputu\Documents\Wonder Chess\art-source\asset-studio\wc_u_human_guardian\stages\body-costume\BW5\shoulder\motion\frames\frame_0015.png'
00:13.110  render           | Saved: 'C:\Users\iputu\Documents\Wonder Chess\art-source\asset-studio\wc_u_human_guardian\stages\body-costume\BW5\shoulder\motion\frames\frame_0016.png'
00:13.297  render           | Saved: 'C:\Users\iputu\Documents\Wonder Chess\art-source\asset-studio\wc_u_human_guardian\stages\body-costume\BW5\shoulder\motion\frames\frame_0017.png'
00:13.485  render           | Saved: 'C:\Users\iputu\Documents\Wonder Chess\art-source\asset-studio\wc_u_human_guardian\stages\body-costume\BW5\shoulder\motion\frames\frame_0018.png'
00:13.672  render           | Saved: 'C:\Users\iputu\Documents\Wonder Chess\art-source\asset-studio\wc_u_human_guardian\stages\body-costume\BW5\shoulder\motion\frames\frame_0019.png'
00:13.860  render           | Saved: 'C:\Users\iputu\Documents\Wonder Chess\art-source\asset-studio\wc_u_human_guardian\stages\body-costume\BW5\shoulder\motion\frames\frame_0020.png'
00:14.063  render           | Saved: 'C:\Users\iputu\Documents\Wonder Chess\art-source\asset-studio\wc_u_human_guardian\stages\body-costume\BW5\shoulder\motion\frames\frame_0021.png'
00:14.282  render           | Saved: 'C:\Users\iputu\Documents\Wonder Chess\art-source\asset-studio\wc_u_human_guardian\stages\body-costume\BW5\shoulder\motion\frames\frame_0022.png'
00:14.469  render           | Saved: 'C:\Users\iputu\Documents\Wonder Chess\art-source\asset-studio\wc_u_human_guardian\stages\body-costume\BW5\shoulder\motion\frames\frame_0023.png'
00:14.657  render           | Saved: 'C:\Users\iputu\Documents\Wonder Chess\art-source\asset-studio\wc_u_human_guardian\stages\body-costume\BW5\shoulder\motion\frames\frame_0024.png'
00:14.860  render           | Saved: 'C:\Users\iputu\Documents\Wonder Chess\art-source\asset-studio\wc_u_human_guardian\stages\body-costume\BW5\shoulder\motion\frames\frame_0025.png'
00:15.063  render           | Saved: 'C:\Users\iputu\Documents\Wonder Chess\art-source\asset-studio\wc_u_human_guardian\stages\body-costume\BW5\shoulder\motion\frames\frame_0026.png'
00:15.250  render           | Saved: 'C:\Users\iputu\Documents\Wonder Chess\art-source\asset-studio\wc_u_human_guardian\stages\body-costume\BW5\shoulder\motion\frames\frame_0027.png'
00:15.485  render           | Saved: 'C:\Users\iputu\Documents\Wonder Chess\art-source\asset-studio\wc_u_human_guardian\stages\body-costume\BW5\shoulder\motion\frames\frame_0028.png'
00:15.672  render           | Saved: 'C:\Users\iputu\Documents\Wonder Chess\art-source\asset-studio\wc_u_human_guardian\stages\body-costume\BW5\shoulder\motion\frames\frame_0029.png'
00:15.891  render           | Saved: 'C:\Users\iputu\Documents\Wonder Chess\art-source\asset-studio\wc_u_human_guardian\stages\body-costume\BW5\shoulder\motion\frames\frame_0030.png'
00:16.078  render           | Saved: 'C:\Users\iputu\Documents\Wonder Chess\art-source\asset-studio\wc_u_human_guardian\stages\body-costume\BW5\shoulder\motion\frames\frame_0031.png'
00:16.313  render           | Saved: 'C:\Users\iputu\Documents\Wonder Chess\art-source\asset-studio\wc_u_human_guardian\stages\body-costume\BW5\shoulder\motion\frames\frame_0032.png'
00:16.516  render           | Saved: 'C:\Users\iputu\Documents\Wonder Chess\art-source\asset-studio\wc_u_human_guardian\stages\body-costume\BW5\shoulder\motion\frames\frame_0033.png'
00:16.735  render           | Saved: 'C:\Users\iputu\Documents\Wonder Chess\art-source\asset-studio\wc_u_human_guardian\stages\body-costume\BW5\shoulder\motion\frames\frame_0034.png'
00:16.953  render           | Saved: 'C:\Users\iputu\Documents\Wonder Chess\art-source\asset-studio\wc_u_human_guardian\stages\body-costume\BW5\shoulder\motion\frames\frame_0035.png'
00:17.172  render           | Saved: 'C:\Users\iputu\Documents\Wonder Chess\art-source\asset-studio\wc_u_human_guardian\stages\body-costume\BW5\shoulder\motion\frames\frame_0036.png'
00:17.391  render           | Saved: 'C:\Users\iputu\Documents\Wonder Chess\art-source\asset-studio\wc_u_human_guardian\stages\body-costume\BW5\shoulder\motion\frames\frame_0037.png'
00:17.610  render           | Saved: 'C:\Users\iputu\Documents\Wonder Chess\art-source\asset-studio\wc_u_human_guardian\stages\body-costume\BW5\shoulder\motion\frames\frame_0038.png'
00:17.813  render           | Saved: 'C:\Users\iputu\Documents\Wonder Chess\art-source\asset-studio\wc_u_human_guardian\stages\body-costume\BW5\shoulder\motion\frames\frame_0039.png'
00:18.016  render           | Saved: 'C:\Users\iputu\Documents\Wonder Chess\art-source\asset-studio\wc_u_human_guardian\stages\body-costume\BW5\shoulder\motion\frames\frame_0040.png'
00:18.235  render           | Saved: 'C:\Users\iputu\Documents\Wonder Chess\art-source\asset-studio\wc_u_human_guardian\stages\body-costume\BW5\shoulder\motion\frames\frame_0041.png'
00:18.438  render           | Saved: 'C:\Users\iputu\Documents\Wonder Chess\art-source\asset-studio\wc_u_human_guardian\stages\body-costume\BW5\shoulder\motion\frames\frame_0042.png'
00:18.657  render           | Saved: 'C:\Users\iputu\Documents\Wonder Chess\art-source\asset-studio\wc_u_human_guardian\stages\body-costume\BW5\shoulder\motion\frames\frame_0043.png'
00:18.860  render           | Saved: 'C:\Users\iputu\Documents\Wonder Chess\art-source\asset-studio\wc_u_human_guardian\stages\body-costume\BW5\shoulder\motion\frames\frame_0044.png'
00:19.063  render           | Saved: 'C:\Users\iputu\Documents\Wonder Chess\art-source\asset-studio\wc_u_human_guardian\stages\body-costume\BW5\shoulder\motion\frames\frame_0045.png'
00:19.250  render           | Saved: 'C:\Users\iputu\Documents\Wonder Chess\art-source\asset-studio\wc_u_human_guardian\stages\body-costume\BW5\shoulder\motion\frames\frame_0046.png'
00:19.532  render           | Saved: 'C:\Users\iputu\Documents\Wonder Chess\art-source\asset-studio\wc_u_human_guardian\stages\body-costume\BW5\shoulder\motion\frames\frame_0047.png'
00:19.719  render           | Saved: 'C:\Users\iputu\Documents\Wonder Chess\art-source\asset-studio\wc_u_human_guardian\stages\body-costume\BW5\shoulder\motion\frames\frame_0048.png'
00:19.891  render           | Saved: 'C:\Users\iputu\Documents\Wonder Chess\art-source\asset-studio\wc_u_human_guardian\stages\body-costume\BW5\shoulder\motion\frames\frame_0049.png'
00:20.078  render           | Saved: 'C:\Users\iputu\Documents\Wonder Chess\art-source\asset-studio\wc_u_human_guardian\stages\body-costume\BW5\shoulder\motion\frames\frame_0050.png'
00:20.250  render           | Saved: 'C:\Users\iputu\Documents\Wonder Chess\art-source\asset-studio\wc_u_human_guardian\stages\body-costume\BW5\shoulder\motion\frames\frame_0051.png'
00:20.438  render           | Saved: 'C:\Users\iputu\Documents\Wonder Chess\art-source\asset-studio\wc_u_human_guardian\stages\body-costume\BW5\shoulder\motion\frames\frame_0052.png'
00:20.625  render           | Saved: 'C:\Users\iputu\Documents\Wonder Chess\art-source\asset-studio\wc_u_human_guardian\stages\body-costume\BW5\shoulder\motion\frames\frame_0053.png'
00:20.860  render           | Saved: 'C:\Users\iputu\Documents\Wonder Chess\art-source\asset-studio\wc_u_human_guardian\stages\body-costume\BW5\shoulder\motion\frames\frame_0054.png'
00:21.047  render           | Saved: 'C:\Users\iputu\Documents\Wonder Chess\art-source\asset-studio\wc_u_human_guardian\stages\body-costume\BW5\shoulder\motion\frames\frame_0055.png'
00:21.235  render           | Saved: 'C:\Users\iputu\Documents\Wonder Chess\art-source\asset-studio\wc_u_human_guardian\stages\body-costume\BW5\shoulder\motion\frames\frame_0056.png'
00:21.422  render           | Saved: 'C:\Users\iputu\Documents\Wonder Chess\art-source\asset-studio\wc_u_human_guardian\stages\body-costume\BW5\shoulder\motion\frames\frame_0057.png'
00:21.625  render           | Saved: 'C:\Users\iputu\Documents\Wonder Chess\art-source\asset-studio\wc_u_human_guardian\stages\body-costume\BW5\shoulder\motion\frames\frame_0058.png'
00:21.844  render           | Saved: 'C:\Users\iputu\Documents\Wonder Chess\art-source\asset-studio\wc_u_human_guardian\stages\body-costume\BW5\shoulder\motion\frames\frame_0059.png'
00:22.063  render           | Saved: 'C:\Users\iputu\Documents\Wonder Chess\art-source\asset-studio\wc_u_human_guardian\stages\body-costume\BW5\shoulder\motion\frames\frame_0060.png'
00:22.282  render           | Saved: 'C:\Users\iputu\Documents\Wonder Chess\art-source\asset-studio\wc_u_human_guardian\stages\body-costume\BW5\shoulder\motion\frames\frame_0061.png'
00:22.485  render           | Saved: 'C:\Users\iputu\Documents\Wonder Chess\art-source\asset-studio\wc_u_human_guardian\stages\body-costume\BW5\shoulder\motion\frames\frame_0062.png'
00:22.672  render           | Saved: 'C:\Users\iputu\Documents\Wonder Chess\art-source\asset-studio\wc_u_human_guardian\stages\body-costume\BW5\shoulder\motion\frames\frame_0063.png'
00:22.860  render           | Saved: 'C:\Users\iputu\Documents\Wonder Chess\art-source\asset-studio\wc_u_human_guardian\stages\body-costume\BW5\shoulder\motion\frames\frame_0064.png'
00:23.047  render           | Saved: 'C:\Users\iputu\Documents\Wonder Chess\art-source\asset-studio\wc_u_human_guardian\stages\body-costume\BW5\shoulder\motion\frames\frame_0065.png'
00:23.250  render           | Saved: 'C:\Users\iputu\Documents\Wonder Chess\art-source\asset-studio\wc_u_human_guardian\stages\body-costume\BW5\shoulder\motion\frames\frame_0066.png'
00:23.516  render           | Saved: 'C:\Users\iputu\Documents\Wonder Chess\art-source\asset-studio\wc_u_human_guardian\stages\body-costume\BW5\shoulder\motion\frames\frame_0067.png'
00:23.719  render           | Saved: 'C:\Users\iputu\Documents\Wonder Chess\art-source\asset-studio\wc_u_human_guardian\stages\body-costume\BW5\shoulder\motion\frames\frame_0068.png'
00:23.922  render           | Saved: 'C:\Users\iputu\Documents\Wonder Chess\art-source\asset-studio\wc_u_human_guardian\stages\body-costume\BW5\shoulder\motion\frames\frame_0069.png'
00:24.094  render           | Saved: 'C:\Users\iputu\Documents\Wonder Chess\art-source\asset-studio\wc_u_human_guardian\stages\body-costume\BW5\shoulder\motion\frames\frame_0070.png'
00:24.313  render           | Saved: 'C:\Users\iputu\Documents\Wonder Chess\art-source\asset-studio\wc_u_human_guardian\stages\body-costume\BW5\shoulder\motion\frames\frame_0071.png'
00:24.532  render           | Saved: 'C:\Users\iputu\Documents\Wonder Chess\art-source\asset-studio\wc_u_human_guardian\stages\body-costume\BW5\shoulder\motion\frames\frame_0072.png'
00:24.735  render           | Saved: 'C:\Users\iputu\Documents\Wonder Chess\art-source\asset-studio\wc_u_human_guardian\stages\body-costume\BW5\shoulder\motion\frames\frame_0073.png'
00:24.953  render           | Saved: 'C:\Users\iputu\Documents\Wonder Chess\art-source\asset-studio\wc_u_human_guardian\stages\body-costume\BW5\shoulder\motion\frames\frame_0074.png'
00:25.157  render           | Saved: 'C:\Users\iputu\Documents\Wonder Chess\art-source\asset-studio\wc_u_human_guardian\stages\body-costume\BW5\shoulder\motion\frames\frame_0075.png'
00:25.375  render           | Saved: 'C:\Users\iputu\Documents\Wonder Chess\art-source\asset-studio\wc_u_human_guardian\stages\body-costume\BW5\shoulder\motion\frames\frame_0076.png'
00:25.610  render           | Saved: 'C:\Users\iputu\Documents\Wonder Chess\art-source\asset-studio\wc_u_human_guardian\stages\body-costume\BW5\shoulder\motion\frames\frame_0077.png'
00:25.813  render           | Saved: 'C:\Users\iputu\Documents\Wonder Chess\art-source\asset-studio\wc_u_human_guardian\stages\body-costume\BW5\shoulder\motion\frames\frame_0078.png'
00:26.016  render           | Saved: 'C:\Users\iputu\Documents\Wonder Chess\art-source\asset-studio\wc_u_human_guardian\stages\body-costume\BW5\shoulder\motion\frames\frame_0079.png'
00:26.219  render           | Saved: 'C:\Users\iputu\Documents\Wonder Chess\art-source\asset-studio\wc_u_human_guardian\stages\body-costume\BW5\shoulder\motion\frames\frame_0080.png'
00:26.453  render           | Saved: 'C:\Users\iputu\Documents\Wonder Chess\art-source\asset-studio\wc_u_human_guardian\stages\body-costume\BW5\shoulder\motion\frames\frame_0081.png'
00:26.672  render           | Saved: 'C:\Users\iputu\Documents\Wonder Chess\art-source\asset-studio\wc_u_human_guardian\stages\body-costume\BW5\shoulder\motion\frames\frame_0082.png'
00:26.891  render           | Saved: 'C:\Users\iputu\Documents\Wonder Chess\art-source\asset-studio\wc_u_human_guardian\stages\body-costume\BW5\shoulder\motion\frames\frame_0083.png'
00:27.094  render           | Saved: 'C:\Users\iputu\Documents\Wonder Chess\art-source\asset-studio\wc_u_human_guardian\stages\body-costume\BW5\shoulder\motion\frames\frame_0084.png'
00:27.313  render           | Saved: 'C:\Users\iputu\Documents\Wonder Chess\art-source\asset-studio\wc_u_human_guardian\stages\body-costume\BW5\shoulder\motion\frames\frame_0085.png'
00:27.532  render           | Saved: 'C:\Users\iputu\Documents\Wonder Chess\art-source\asset-studio\wc_u_human_guardian\stages\body-costume\BW5\shoulder\motion\frames\frame_0086.png'
00:27.719  render           | Saved: 'C:\Users\iputu\Documents\Wonder Chess\art-source\asset-studio\wc_u_human_guardian\stages\body-costume\BW5\shoulder\motion\frames\frame_0087.png'
00:27.907  render           | Saved: 'C:\Users\iputu\Documents\Wonder Chess\art-source\asset-studio\wc_u_human_guardian\stages\body-costume\BW5\shoulder\motion\frames\frame_0088.png'
00:28.094  render           | Saved: 'C:\Users\iputu\Documents\Wonder Chess\art-source\asset-studio\wc_u_human_guardian\stages\body-costume\BW5\shoulder\motion\frames\frame_0089.png'
00:28.297  render           | Saved: 'C:\Users\iputu\Documents\Wonder Chess\art-source\asset-studio\wc_u_human_guardian\stages\body-costume\BW5\shoulder\motion\frames\frame_0090.png'
00:28.485  render           | Saved: 'C:\Users\iputu\Documents\Wonder Chess\art-source\asset-studio\wc_u_human_guardian\stages\body-costume\BW5\shoulder\motion\frames\frame_0091.png'
00:28.688  render           | Saved: 'C:\Users\iputu\Documents\Wonder Chess\art-source\asset-studio\wc_u_human_guardian\stages\body-costume\BW5\shoulder\motion\frames\frame_0092.png'
00:28.891  render           | Saved: 'C:\Users\iputu\Documents\Wonder Chess\art-source\asset-studio\wc_u_human_guardian\stages\body-costume\BW5\shoulder\motion\frames\frame_0093.png'
00:29.094  render           | Saved: 'C:\Users\iputu\Documents\Wonder Chess\art-source\asset-studio\wc_u_human_guardian\stages\body-costume\BW5\shoulder\motion\frames\frame_0094.png'
00:29.313  render           | Saved: 'C:\Users\iputu\Documents\Wonder Chess\art-source\asset-studio\wc_u_human_guardian\stages\body-costume\BW5\shoulder\motion\frames\frame_0095.png'
00:29.532  render           | Saved: 'C:\Users\iputu\Documents\Wonder Chess\art-source\asset-studio\wc_u_human_guardian\stages\body-costume\BW5\shoulder\motion\frames\frame_0096.png'
00:29.782  render           | Saved: 'C:\Users\iputu\Documents\Wonder Chess\art-source\asset-studio\wc_u_human_guardian\stages\body-costume\BW5\shoulder\motion\frames\frame_0097.png'
00:29.907  render           | Video append frame 1
00:29.922  render           | Video append frame 2
00:29.938  render           | Video append frame 3
00:29.953  render           | Video append frame 4
00:29.969  render           | Video append frame 5
00:29.985  render           | Video append frame 6
00:30.000  render           | Video append frame 7
00:30.032  render           | Video append frame 8
00:30.047  render           | Video append frame 9
00:30.063  render           | Video append frame 10
00:30.078  render           | Video append frame 11
00:30.094  render           | Video append frame 12
00:30.110  render           | Video append frame 13
00:30.125  render           | Video append frame 14
00:30.141  render           | Video append frame 15
00:30.157  render           | Video append frame 16
00:30.172  render           | Video append frame 17
00:30.188  render           | Video append frame 18
00:30.203  render           | Video append frame 19
00:30.219  render           | Video append frame 20
00:30.235  render           | Video append frame 21
00:30.266  render           | Video append frame 22
00:30.282  render           | Video append frame 23
00:30.297  render           | Video append frame 24
00:30.313  render           | Video append frame 25
00:30.328  render           | Video append frame 26
00:30.344  render           | Video append frame 27
00:30.360  render           | Video append frame 28
00:30.375  render           | Video append frame 29
00:30.407  render           | Video append frame 30
00:30.407  render           | Video append frame 31
00:30.438  render           | Video append frame 32
00:30.453  render           | Video append frame 33
00:30.469  render           | Video append frame 34
00:30.485  render           | Video append frame 35
00:30.516  render           | Video append frame 36
00:30.532  render           | Video append frame 37
00:30.547  render           | Video append frame 38
00:30.563  render           | Video append frame 39
00:30.610  render           | Video append frame 40
00:30.625  render           | Video append frame 41
00:30.657  render           | Video append frame 42
00:30.672  render           | Video append frame 43
00:30.688  render           | Video append frame 44
00:30.703  render           | Video append frame 45
00:30.735  render           | Video append frame 46
00:30.750  render           | Video append frame 47
00:30.766  render           | Video append frame 48
00:30.782  render           | Video append frame 49
00:30.797  render           | Video append frame 50
00:30.813  render           | Video append frame 51
00:30.828  render           | Video append frame 52
00:30.860  render           | Video append frame 53
00:30.875  render           | Video append frame 54
00:30.891  render           | Video append frame 55
00:30.907  render           | Video append frame 56
00:30.922  render           | Video append frame 57
00:30.938  render           | Video append frame 58
00:30.953  render           | Video append frame 59
00:30.969  render           | Video append frame 60
00:31.000  render           | Video append frame 61
00:31.016  render           | Video append frame 62
00:31.032  render           | Video append frame 63
00:31.047  render           | Video append frame 64
00:31.063  render           | Video append frame 65
00:31.078  render           | Video append frame 66
00:31.094  render           | Video append frame 67
00:31.110  render           | Video append frame 68
00:31.125  render           | Video append frame 69
00:31.141  render           | Video append frame 70
00:31.157  render           | Video append frame 71
00:31.172  render           | Video append frame 72
00:31.188  render           | Video append frame 73
00:31.219  render           | Video append frame 74
00:31.235  render           | Video append frame 75
00:31.250  render           | Video append frame 76
00:31.266  render           | Video append frame 77
00:31.282  render           | Video append frame 78
00:31.297  render           | Video append frame 79
00:31.313  render           | Video append frame 80
00:31.328  render           | Video append frame 81
00:31.344  render           | Video append frame 82
00:31.360  render           | Video append frame 83
00:31.375  render           | Video append frame 84
00:31.391  render           | Video append frame 85
00:31.407  render           | Video append frame 86
00:31.438  render           | Video append frame 87
00:31.453  render           | Video append frame 88
00:31.469  render           | Video append frame 89
00:31.485  render           | Video append frame 90
00:31.500  render           | Video append frame 91
00:31.516  render           | Video append frame 92
00:31.532  render           | Video append frame 93
00:31.547  render           | Video append frame 94
00:31.563  render           | Video append frame 95
00:31.578  render           | Video append frame 96
00:31.610  render           | Video append frame 97
Reloading external rigs...
Reloading external metarigs...
BlenderMCP: cannot start server in background mode (blender -b) - commands would never execute
BlenderMCP: run Blender with a GUI, or use a virtual display: xvfb-run -a blender
BlenderMCP addon registered
MOTION_COMPLETE
BlenderMCP server stopped
BlenderMCP addon unregistered
Blender 5.1.1 (hash b70da489d7f4 built 2026-04-14 01:37:22)

Blender quit
