Running AutomationTool...
Using bundled DotNet SDK version: 8.0.412 win-x64
Starting AutomationTool...
Parsing command line: BuildCookRun -project="C:\Users\iputu\Documents\Wonder Chess\game\WonderChess.uproject" -noP4 -platform=Win64 -clientconfig=Shipping -build -cook -stage -pak -archive -archivedirectory="C:\Users\iputu\Documents\Wonder Chess\builds\WonderChess-Update24-Checkpoint-r4" -prereqs -utf8output -ubtargs=-NoHotReloadFromIDE
Initializing script modules...
Total script module initialization time: 0.81 s.
Using C:\Program Files\Microsoft Visual Studio\2022\Community\MSBuild\Current\Bin\MSBuild.exe
Executing commands...
Setting up ProjectParams for C:\Users\iputu\Documents\Wonder Chess\game\WonderChess.uproject
********** BUILD COMMAND STARTED **********
Running: C:\Program Files\Epic Games\UE_5.7\Engine\Binaries\ThirdParty\DotNet\8.0.412\win-x64\dotnet.exe "C:\Program Files\Epic Games\UE_5.7\Engine\Binaries\DotNET\UnrealBuildTool\UnrealBuildTool.dll" -Target="WonderChessEditor Win64 Development -Project=\"C:\Users\iputu\Documents\Wonder Chess\game\WonderChess.uproject\"" -Target="WonderChess Win64 Shipping -Project=\"C:\Users\iputu\Documents\Wonder Chess\game\WonderChess.uproject\"  -remoteini=\"C:\Users\iputu\Documents\Wonder Chess\game\"  -NoHotReloadFromIDE " -log="C:\Users\iputu\AppData\Roaming\Unreal Engine\AutomationTool\Logs\C+Program+Files+Epic+Games+UE_5.7\UBA-WonderChessEditor-Win64-Development.txt"
Log file: C:\Users\iputu\AppData\Roaming\Unreal Engine\AutomationTool\Logs\C+Program+Files+Epic+Games+UE_5.7\UBA-WonderChessEditor-Win64-Development.txt
Using 'git status' to determine working set for adaptive non-unity build (C:\Users\iputu\Documents\Wonder Chess).
Invalidating makefile for WonderChessEditor (working set of source files changed)
UHT compiled-in object format Default
Invalidating makefile for WonderChess (working set of source files changed)
UHT compiled-in object format Default
Building WonderChessEditor and WonderChess...
WonderChessEditor: Using Visual Studio 2022 14.44.35226 toolchain (C:\Program Files\Microsoft Visual Studio\2022\Community\VC\Tools\MSVC\14.44.35207) and Windows 10.0.22621.0 SDK (C:\Program Files (x86)\Windows Kits\10).
WonderChessEditor: [Adaptive Build] Excluded from WonderChessRuntime unity file: WCAnimationReview.cpp, WCAttackPresentation.cpp, WCBoardPresenter.cpp, WCDefinitionRegistry.cpp, WCFrontEnd.cpp, WCFrontEndAudit.cpp, WCFrontEndProfile.cpp, WCFrontEndScene.cpp, WCMatchHUD.cpp, WCMatchRuntime.cpp, WCNetworkSession.cpp, WCVerification.cpp, WonderSimulation.cpp, WonderTournament.cpp, WCAttackWindowTests.cpp, WCImportedAssetTests.cpp
WonderChess: Using Visual Studio 2022 14.44.35226 toolchain (C:\Program Files\Microsoft Visual Studio\2022\Community\VC\Tools\MSVC\14.44.35207) and Windows 10.0.22621.0 SDK (C:\Program Files (x86)\Windows Kits\10).
WonderChess: [Adaptive Build] Excluded from WonderChessRuntime unity file: WCAnimationReview.cpp, WCAttackPresentation.cpp, WCBoardPresenter.cpp, WCDefinitionRegistry.cpp, WCFrontEnd.cpp, WCFrontEndAudit.cpp, WCFrontEndProfile.cpp, WCFrontEndScene.cpp, WCMatchHUD.cpp, WCMatchRuntime.cpp, WCNetworkSession.cpp, WCVerification.cpp, WonderSimulation.cpp, WonderTournament.cpp, WCAttackWindowTests.cpp, WCImportedAssetTests.cpp
Determining max actions to execute in parallel (8 physical cores, 16 logical cores)
  Executing up to 8 processes, one per physical core
  Requested 1.5 GB memory per action, 1.97 GB available: limiting max parallel actions to 1
Using Unreal Build Accelerator local executor to run 28 action(s)
  Storage capacity 40Gb
---- Starting trace: 260908_011430 ----
UbaServer - Listening on 0.0.0.0:1345
** For WonderChessEditor-Win64-Development **
[1/28] Compile [x64] Module.WonderChessRuntime.gen.cpp
[2/28] Compile [x64] WCAnimationReview.cpp
[3/28] Compile [x64] WCBoardPresenter.cpp
[4/28] Compile [x64] WCDefinitionRegistry.cpp
C:\Users\iputu\Documents\Wonder Chess\game\Source\WonderChessRuntime\Private\WCDefinitionRegistry.cpp(251,58): error C2065: 'NetworkProtocolVersion': undeclared identifier
    Require(Network.Integer(TEXT("protocol_version")) == NetworkProtocolVersion, TEXT("Unsupported network protocol version"));
                                                         ^
[5/28] Compile [x64] WCFrontEnd.cpp
[6/28] Compile [x64] WCFrontEndAudit.cpp
[7/28] Compile [x64] WCFrontEndProfile.cpp
[8/28] Compile [x64] WCImportedAssetTests.cpp
[9/28] Compile [x64] WCMatchHUD.cpp
[10/28] Compile [x64] WCMatchRuntime.cpp
[11/28] Compile [x64] WCNeutralAssetTests.cpp
[12/28] Compile [x64] WCVerification.cpp
[13/28] Compile [x64] WonderSimulationTests.cpp
** For WonderChess-Win64-Shipping **
[14/28] Compile [x64] Module.WonderChessRuntime.gen.cpp
[15/28] Compile [x64] WCAnimationReview.cpp
[16/28] Compile [x64] WCBoardPresenter.cpp
[17/28] Compile [x64] WCDefinitionRegistry.cpp
C:\Users\iputu\Documents\Wonder Chess\game\Source\WonderChessRuntime\Private\WCDefinitionRegistry.cpp(251,58): error C2065: 'NetworkProtocolVersion': undeclared identifier
    Require(Network.Integer(TEXT("protocol_version")) == NetworkProtocolVersion, TEXT("Unsupported network protocol version"));
                                                         ^
[18/28] Compile [x64] WCFrontEnd.cpp
[19/28] Compile [x64] WCFrontEndAudit.cpp
[20/28] Compile [x64] WCFrontEndProfile.cpp
[21/28] Compile [x64] WCMatchHUD.cpp
[22/28] Compile [x64] WCMatchRuntime.cpp
[23/28] Compile [x64] WCVerification.cpp
Trace written to file C:/Users/iputu/AppData/Roaming/Unreal Engine/AutomationTool/Logs/C+Program+Files+Epic+Games+UE_5.7/UBA-WonderChessEditor-Win64-Development.uba with size 24.8kb
Total time in Unreal Build Accelerator local executor: 186.50 seconds

Result: Failed (OtherCompilationError)
Total execution time: 206.48 seconds
Took 206.77s to run dotnet.exe, ExitCode=6
UnrealBuildTool failed. See log for more details. (C:\Users\iputu\AppData\Roaming\Unreal Engine\AutomationTool\Logs\C+Program+Files+Epic+Games+UE_5.7\UBA-WonderChessEditor-Win64-Development.txt)
AutomationTool executed for 0h 3m 30s
AutomationTool exiting with ExitCode=6 (6)
BUILD FAILED
