{
  "status": "PASS",
  "checks": 93,
  "matches": [
    {
      "namespace": 1,
      "first_observation_utc": "2026-09-07T17:05:53.150Z",
      "results_utc": "2026-09-07T17:06:53.125Z",
      "rounds": 28,
      "actual_authority_seed": 314159,
      "summary_authority_seed": 314159,
      "seed_summary_matches_snapshots": true,
      "elimination_round": 17,
      "human_place": 8,
      "accepted_replies": 52,
      "deliberate_rejected_replies": 5,
      "probes": 7,
      "passed_probes": 7
    },
    {
      "namespace": 2,
      "first_observation_utc": "2026-09-07T17:06:58.255Z",
      "results_utc": "2026-09-07T17:07:56.905Z",
      "rounds": 30,
      "actual_authority_seed": 271828,
      "summary_authority_seed": 271828,
      "seed_summary_matches_snapshots": true,
      "elimination_round": 16,
      "human_place": 7,
      "accepted_replies": 48,
      "deliberate_rejected_replies": 6,
      "probes": 8,
      "passed_probes": 8
    },
    {
      "namespace": 3,
      "first_observation_utc": "2026-09-07T17:08:02.040Z",
      "results_utc": "2026-09-07T17:09:12.347Z",
      "rounds": 31,
      "actual_authority_seed": 161803,
      "summary_authority_seed": 161803,
      "seed_summary_matches_snapshots": true,
      "elimination_round": 18,
      "human_place": 7,
      "accepted_replies": 56,
      "deliberate_rejected_replies": 6,
      "probes": 8,
      "passed_probes": 8
    }
  ],
  "nonpassing": []
}
