00:05.828  blend            | Read blend: "C:\Users\iputu\Documents\Wonder Chess\art-source\heroes\wc_u_human_guardian\candidates\AQ1\ada_baked_r07.blend"
C:\Users\iputu\Documents\Wonder Chess\tools\blender\aq1_capture.py:23: DeprecationWarning: 'World.use_nodes' is expected to be removed in Blender 6.0
  world=bpy.data.worlds.new('AQ1_NeutralWorld');world.use_nodes=True;world.node_tree.nodes['Background'].inputs[0].default_value=(.13,.15,.19,1);world.node_tree.nodes['Background'].inputs[1].default_value=.5;scene.world=world
C:\Users\iputu\Documents\Wonder Chess\tools\blender\aq1_capture.py:12: DeprecationWarning: 'Material.use_nodes' is expected to be removed in Blender 6.0
  m=bpy.data.materials.new(name);m.diffuse_color=(*color,1);m.use_nodes=True
00:15.453  render           | Saved: 'C:\Users\iputu\Documents\Wonder Chess\reports\AQ1\20260908\after_matched_r07\material_front.png'
00:22.594  render           | Saved: 'C:\Users\iputu\Documents\Wonder Chess\reports\AQ1\20260908\after_matched_r07\material_side.png'
00:30.109  render           | Saved: 'C:\Users\iputu\Documents\Wonder Chess\reports\AQ1\20260908\after_matched_r07\material_back.png'
00:37.797  render           | Saved: 'C:\Users\iputu\Documents\Wonder Chess\reports\AQ1\20260908\after_matched_r07\material_three_quarter.png'
00:45.641  render           | Saved: 'C:\Users\iputu\Documents\Wonder Chess\reports\AQ1\20260908\after_matched_r07\material_board.png'
00:54.187  render           | Saved: 'C:\Users\iputu\Documents\Wonder Chess\reports\AQ1\20260908\after_matched_r07\material_face.png'
01:03.156  render           | Saved: 'C:\Users\iputu\Documents\Wonder Chess\reports\AQ1\20260908\after_matched_r07\material_grip.png'
01:14.328  render           | Saved: 'C:\Users\iputu\Documents\Wonder Chess\reports\AQ1\20260908\after_matched_r07\material_shoulder.png'
01:26.266  render           | Saved: 'C:\Users\iputu\Documents\Wonder Chess\reports\AQ1\20260908\after_matched_r07\material_shield_back.png'
01:37.219  render           | Saved: 'C:\Users\iputu\Documents\Wonder Chess\reports\AQ1\20260908\after_matched_r07\material_blade_edge.png'
01:37.562  render           | Saved: 'C:\Users\iputu\Documents\Wonder Chess\reports\AQ1\20260908\after_matched_r07\material_thumbnail96.png'
01:46.500  render           | Saved: 'C:\Users\iputu\Documents\Wonder Chess\reports\AQ1\20260908\after_matched_r07\clay_front.png'
01:56.750  render           | Saved: 'C:\Users\iputu\Documents\Wonder Chess\reports\AQ1\20260908\after_matched_r07\clay_side.png'
02:06.781  render           | Saved: 'C:\Users\iputu\Documents\Wonder Chess\reports\AQ1\20260908\after_matched_r07\clay_back.png'
02:16.187  render           | Saved: 'C:\Users\iputu\Documents\Wonder Chess\reports\AQ1\20260908\after_matched_r07\clay_three_quarter.png'
02:25.484  render           | Saved: 'C:\Users\iputu\Documents\Wonder Chess\reports\AQ1\20260908\after_matched_r07\clay_board.png'
02:33.969  render           | Saved: 'C:\Users\iputu\Documents\Wonder Chess\reports\AQ1\20260908\after_matched_r07\clay_face.png'
02:41.906  render           | Saved: 'C:\Users\iputu\Documents\Wonder Chess\reports\AQ1\20260908\after_matched_r07\clay_grip.png'
Reloading external rigs...
Reloading external metarigs...
BlenderMCP: cannot start server in background mode (blender -b) - commands would never execute
BlenderMCP: run Blender with a GUI, or use a virtual display: xvfb-run -a blender
BlenderMCP addon registered
AQ1_CAPTURE_COMPLETE C:\Users\iputu\Documents\Wonder Chess\reports\AQ1\20260908\after_matched_r07
BlenderMCP server stopped
BlenderMCP addon unregistered
Blender 5.1.1 (hash b70da489d7f4 built 2026-04-14 01:37:22)

Blender quit
