00:05.282  blend            | Read blend: "C:\Users\iputu\Documents\Wonder Chess\art-source\heroes\wc_u_human_guardian\candidates\AQ1\ada_forms_r08.blend"
Reloading external rigs...
Reloading external metarigs...
BlenderMCP: cannot start server in background mode (blender -b) - commands would never execute
BlenderMCP: run Blender with a GUI, or use a virtual display: xvfb-run -a blender
BlenderMCP addon registered
AQ1_BAKE_CHANNEL_START BaseColor
Info: Baking map saved to internal image, save it externally or pack it
AQ1_BAKE_CHANNEL_DONE BaseColor
AQ1_BAKE_CHANNEL_START Normal
Info: Baking map saved to internal image, save it externally or pack it
AQ1_BAKE_CHANNEL_DONE Normal
AQ1_BAKE_CHANNEL_START AO
Info: Baking map saved to internal image, save it externally or pack it
AQ1_BAKE_CHANNEL_DONE AO
AQ1_BAKE_CHANNEL_START Roughness
Info: Baking map saved to internal image, save it externally or pack it
AQ1_BAKE_CHANNEL_DONE Roughness
AQ1_BAKE_CHANNEL_START Metallic
Info: Baking map saved to internal image, save it externally or pack it
AQ1_BAKE_CHANNEL_DONE Metallic
01:41.922  render           | Saved: 'C:\Users\iputu\Documents\Wonder Chess\reports\AQ1\20260908\baked_r06\material_front.png'
01:50.719  render           | Saved: 'C:\Users\iputu\Documents\Wonder Chess\reports\AQ1\20260908\baked_r06\material_side.png'
01:59.219  render           | Saved: 'C:\Users\iputu\Documents\Wonder Chess\reports\AQ1\20260908\baked_r06\material_back.png'
02:07.625  render           | Saved: 'C:\Users\iputu\Documents\Wonder Chess\reports\AQ1\20260908\baked_r06\material_three_quarter.png'
02:17.204  render           | Saved: 'C:\Users\iputu\Documents\Wonder Chess\reports\AQ1\20260908\baked_r06\material_face.png'
02:26.844  render           | Saved: 'C:\Users\iputu\Documents\Wonder Chess\reports\AQ1\20260908\baked_r06\material_grip.png'
02:36.532  render           | Saved: 'C:\Users\iputu\Documents\Wonder Chess\reports\AQ1\20260908\baked_r06\material_board.png'
02:47.329  render           | Saved: 'C:\Users\iputu\Documents\Wonder Chess\reports\AQ1\20260908\baked_r06\material_shield_back.png'
02:47.657  render           | Saved: 'C:\Users\iputu\Documents\Wonder Chess\reports\AQ1\20260908\baked_r06\thumbnail96.png'
Info: Saved as "ada_baked_r06.blend"

FBX export starting... 'C:\\Users\\iputu\\Documents\\Wonder Chess\\art-source\\heroes\\wc_u_human_guardian\\candidates\\AQ1\\exports\\r06\\SK_wc_u_human_guardian.fbx'
(bpy.data.armatures['WC_humanoid_standard_v1.001'], 'POSE')
export finished in 0.1038 sec.

FBX export starting... 'C:\\Users\\iputu\\Documents\\Wonder Chess\\art-source\\heroes\\wc_u_human_guardian\\candidates\\AQ1\\exports\\r06\\AN_wc_u_human_guardian_Idle.fbx'
export finished in 0.8089 sec.

FBX export starting... 'C:\\Users\\iputu\\Documents\\Wonder Chess\\art-source\\heroes\\wc_u_human_guardian\\candidates\\AQ1\\exports\\r06\\AN_wc_u_human_guardian_Move.fbx'
export finished in 0.4803 sec.

FBX export starting... 'C:\\Users\\iputu\\Documents\\Wonder Chess\\art-source\\heroes\\wc_u_human_guardian\\candidates\\AQ1\\exports\\r06\\AN_wc_u_human_guardian_Attack.fbx'
export finished in 0.3136 sec.

FBX export starting... 'C:\\Users\\iputu\\Documents\\Wonder Chess\\art-source\\heroes\\wc_u_human_guardian\\candidates\\AQ1\\exports\\r06\\AN_wc_u_human_guardian_Active.fbx'
export finished in 0.2688 sec.

FBX export starting... 'C:\\Users\\iputu\\Documents\\Wonder Chess\\art-source\\heroes\\wc_u_human_guardian\\candidates\\AQ1\\exports\\r06\\AN_wc_u_human_guardian_Hit.fbx'
export finished in 0.2398 sec.

FBX export starting... 'C:\\Users\\iputu\\Documents\\Wonder Chess\\art-source\\heroes\\wc_u_human_guardian\\candidates\\AQ1\\exports\\r06\\AN_wc_u_human_guardian_Defeat.fbx'
export finished in 0.4176 sec.

FBX export starting... 'C:\\Users\\iputu\\Documents\\Wonder Chess\\art-source\\heroes\\wc_u_human_guardian\\candidates\\AQ1\\exports\\r06\\AN_wc_u_human_guardian_Victory.fbx'
export finished in 0.5961 sec.
AQ1_BAKE_EXPORT_COMPLETE C:\Users\iputu\Documents\Wonder Chess\art-source\heroes\wc_u_human_guardian\candidates\AQ1\ada_baked_r06.blend 24280
BlenderMCP server stopped
BlenderMCP addon unregistered
Blender 5.1.1 (hash b70da489d7f4 built 2026-04-14 01:37:22)

Blender quit
