00:11.859  blend            | Read blend: "C:\Users\iputu\Documents\Wonder Chess\art-source\heroes\wc_u_human_guardian\candidates\AQ1\ada_baked_r04.blend"
C:\Users\iputu\Documents\Wonder Chess\tools\blender\aq1_capture.py:23: DeprecationWarning: 'World.use_nodes' is expected to be removed in Blender 6.0
  world=bpy.data.worlds.new('AQ1_NeutralWorld');world.use_nodes=True;world.node_tree.nodes['Background'].inputs[0].default_value=(.13,.15,.19,1);world.node_tree.nodes['Background'].inputs[1].default_value=.5;scene.world=world
C:\Users\iputu\Documents\Wonder Chess\tools\blender\aq1_capture.py:12: DeprecationWarning: 'Material.use_nodes' is expected to be removed in Blender 6.0
  m=bpy.data.materials.new(name);m.diffuse_color=(*color,1);m.use_nodes=True
00:24.797  render           | Saved: 'C:\Users\iputu\Documents\Wonder Chess\reports\AQ1\20260908\baked_r04_inspect\material_front.png'
00:37.781  render           | Saved: 'C:\Users\iputu\Documents\Wonder Chess\reports\AQ1\20260908\baked_r04_inspect\material_face.png'
00:49.031  render           | Saved: 'C:\Users\iputu\Documents\Wonder Chess\reports\AQ1\20260908\baked_r04_inspect\material_three_quarter.png'
01:00.000  render           | Saved: 'C:\Users\iputu\Documents\Wonder Chess\reports\AQ1\20260908\baked_r04_inspect\material_grip.png'
01:11.438  render           | Saved: 'C:\Users\iputu\Documents\Wonder Chess\reports\AQ1\20260908\baked_r04_inspect\material_board.png'
01:11.813  render           | Saved: 'C:\Users\iputu\Documents\Wonder Chess\reports\AQ1\20260908\baked_r04_inspect\material_thumbnail96.png'
Reloading external rigs...
Reloading external metarigs...
BlenderMCP: cannot start server in background mode (blender -b) - commands would never execute
BlenderMCP: run Blender with a GUI, or use a virtual display: xvfb-run -a blender
BlenderMCP addon registered
AQ1_CAPTURE_COMPLETE C:\Users\iputu\Documents\Wonder Chess\reports\AQ1\20260908\baked_r04_inspect
BlenderMCP server stopped
BlenderMCP addon unregistered
Blender 5.1.1 (hash b70da489d7f4 built 2026-04-14 01:37:22)

Blender quit
