00:10.281  blend            | Read blend: "C:\Users\iputu\Documents\Wonder Chess\art-source\heroes\wc_u_human_guardian\candidates\AQ1\before_canonical.blend"
C:\Users\iputu\Documents\Wonder Chess\tools\blender\aq1_capture.py:23: DeprecationWarning: 'World.use_nodes' is expected to be removed in Blender 6.0
  world=bpy.data.worlds.new('AQ1_NeutralWorld');world.use_nodes=True;world.node_tree.nodes['Background'].inputs[0].default_value=(.13,.15,.19,1);world.node_tree.nodes['Background'].inputs[1].default_value=.5;scene.world=world
C:\Users\iputu\Documents\Wonder Chess\tools\blender\aq1_capture.py:12: DeprecationWarning: 'Material.use_nodes' is expected to be removed in Blender 6.0
  m=bpy.data.materials.new(name);m.diffuse_color=(*color,1);m.use_nodes=True
00:10.453  cycles           | ERROR Image file C:\Users\iputu\Documents\Wonder Chess\art-source\heroes\exports\heroes\wc_u_human_guardian\T_wc_u_human_guardian_BaseColor.png does not exist.
00:10.453  cycles           | ERROR Image file C:\Users\iputu\Documents\Wonder Chess\art-source\heroes\exports\heroes\wc_u_human_guardian\T_wc_u_human_guardian_ORM.png does not exist.
00:10.453  cycles           | ERROR Image file C:\Users\iputu\Documents\Wonder Chess\art-source\heroes\exports\heroes\wc_u_human_guardian\T_wc_u_human_guardian_Normal.png does not exist.
00:18.109  render           | Saved: 'C:\Users\iputu\Documents\Wonder Chess\reports\AQ1\20260908\before\material_front.png'
00:18.125  cycles           | ERROR Image file C:\Users\iputu\Documents\Wonder Chess\art-source\heroes\exports\heroes\wc_u_human_guardian\T_wc_u_human_guardian_BaseColor.png does not exist.
00:18.125  cycles           | ERROR Image file C:\Users\iputu\Documents\Wonder Chess\art-source\heroes\exports\heroes\wc_u_human_guardian\T_wc_u_human_guardian_ORM.png does not exist.
00:18.125  cycles           | ERROR Image file C:\Users\iputu\Documents\Wonder Chess\art-source\heroes\exports\heroes\wc_u_human_guardian\T_wc_u_human_guardian_Normal.png does not exist.
00:24.812  render           | Saved: 'C:\Users\iputu\Documents\Wonder Chess\reports\AQ1\20260908\before\material_side.png'
00:24.828  cycles           | ERROR Image file C:\Users\iputu\Documents\Wonder Chess\art-source\heroes\exports\heroes\wc_u_human_guardian\T_wc_u_human_guardian_BaseColor.png does not exist.
00:24.828  cycles           | ERROR Image file C:\Users\iputu\Documents\Wonder Chess\art-source\heroes\exports\heroes\wc_u_human_guardian\T_wc_u_human_guardian_ORM.png does not exist.
00:24.828  cycles           | ERROR Image file C:\Users\iputu\Documents\Wonder Chess\art-source\heroes\exports\heroes\wc_u_human_guardian\T_wc_u_human_guardian_Normal.png does not exist.
00:31.625  render           | Saved: 'C:\Users\iputu\Documents\Wonder Chess\reports\AQ1\20260908\before\material_back.png'
00:31.640  cycles           | ERROR Image file C:\Users\iputu\Documents\Wonder Chess\art-source\heroes\exports\heroes\wc_u_human_guardian\T_wc_u_human_guardian_BaseColor.png does not exist.
00:31.640  cycles           | ERROR Image file C:\Users\iputu\Documents\Wonder Chess\art-source\heroes\exports\heroes\wc_u_human_guardian\T_wc_u_human_guardian_ORM.png does not exist.
00:31.640  cycles           | ERROR Image file C:\Users\iputu\Documents\Wonder Chess\art-source\heroes\exports\heroes\wc_u_human_guardian\T_wc_u_human_guardian_Normal.png does not exist.
00:39.265  render           | Saved: 'C:\Users\iputu\Documents\Wonder Chess\reports\AQ1\20260908\before\material_three_quarter.png'
00:39.281  cycles           | ERROR Image file C:\Users\iputu\Documents\Wonder Chess\art-source\heroes\exports\heroes\wc_u_human_guardian\T_wc_u_human_guardian_BaseColor.png does not exist.
00:39.281  cycles           | ERROR Image file C:\Users\iputu\Documents\Wonder Chess\art-source\heroes\exports\heroes\wc_u_human_guardian\T_wc_u_human_guardian_ORM.png does not exist.
00:39.281  cycles           | ERROR Image file C:\Users\iputu\Documents\Wonder Chess\art-source\heroes\exports\heroes\wc_u_human_guardian\T_wc_u_human_guardian_Normal.png does not exist.
00:46.343  render           | Saved: 'C:\Users\iputu\Documents\Wonder Chess\reports\AQ1\20260908\before\material_board.png'
00:46.343  cycles           | ERROR Image file C:\Users\iputu\Documents\Wonder Chess\art-source\heroes\exports\heroes\wc_u_human_guardian\T_wc_u_human_guardian_BaseColor.png does not exist.
00:46.343  cycles           | ERROR Image file C:\Users\iputu\Documents\Wonder Chess\art-source\heroes\exports\heroes\wc_u_human_guardian\T_wc_u_human_guardian_ORM.png does not exist.
00:46.343  cycles           | ERROR Image file C:\Users\iputu\Documents\Wonder Chess\art-source\heroes\exports\heroes\wc_u_human_guardian\T_wc_u_human_guardian_Normal.png does not exist.
00:54.046  render           | Saved: 'C:\Users\iputu\Documents\Wonder Chess\reports\AQ1\20260908\before\material_face.png'
00:54.062  cycles           | ERROR Image file C:\Users\iputu\Documents\Wonder Chess\art-source\heroes\exports\heroes\wc_u_human_guardian\T_wc_u_human_guardian_BaseColor.png does not exist.
00:54.062  cycles           | ERROR Image file C:\Users\iputu\Documents\Wonder Chess\art-source\heroes\exports\heroes\wc_u_human_guardian\T_wc_u_human_guardian_ORM.png does not exist.
00:54.062  cycles           | ERROR Image file C:\Users\iputu\Documents\Wonder Chess\art-source\heroes\exports\heroes\wc_u_human_guardian\T_wc_u_human_guardian_Normal.png does not exist.
01:01.171  render           | Saved: 'C:\Users\iputu\Documents\Wonder Chess\reports\AQ1\20260908\before\material_grip.png'
01:01.171  cycles           | ERROR Image file C:\Users\iputu\Documents\Wonder Chess\art-source\heroes\exports\heroes\wc_u_human_guardian\T_wc_u_human_guardian_BaseColor.png does not exist.
01:01.171  cycles           | ERROR Image file C:\Users\iputu\Documents\Wonder Chess\art-source\heroes\exports\heroes\wc_u_human_guardian\T_wc_u_human_guardian_ORM.png does not exist.
01:01.171  cycles           | ERROR Image file C:\Users\iputu\Documents\Wonder Chess\art-source\heroes\exports\heroes\wc_u_human_guardian\T_wc_u_human_guardian_Normal.png does not exist.
01:10.562  render           | Saved: 'C:\Users\iputu\Documents\Wonder Chess\reports\AQ1\20260908\before\material_shoulder.png'
01:10.562  cycles           | ERROR Image file C:\Users\iputu\Documents\Wonder Chess\art-source\heroes\exports\heroes\wc_u_human_guardian\T_wc_u_human_guardian_BaseColor.png does not exist.
01:10.562  cycles           | ERROR Image file C:\Users\iputu\Documents\Wonder Chess\art-source\heroes\exports\heroes\wc_u_human_guardian\T_wc_u_human_guardian_ORM.png does not exist.
01:10.562  cycles           | ERROR Image file C:\Users\iputu\Documents\Wonder Chess\art-source\heroes\exports\heroes\wc_u_human_guardian\T_wc_u_human_guardian_Normal.png does not exist.
01:18.359  render           | Saved: 'C:\Users\iputu\Documents\Wonder Chess\reports\AQ1\20260908\before\material_shield_back.png'
01:18.375  cycles           | ERROR Image file C:\Users\iputu\Documents\Wonder Chess\art-source\heroes\exports\heroes\wc_u_human_guardian\T_wc_u_human_guardian_BaseColor.png does not exist.
01:18.375  cycles           | ERROR Image file C:\Users\iputu\Documents\Wonder Chess\art-source\heroes\exports\heroes\wc_u_human_guardian\T_wc_u_human_guardian_ORM.png does not exist.
01:18.375  cycles           | ERROR Image file C:\Users\iputu\Documents\Wonder Chess\art-source\heroes\exports\heroes\wc_u_human_guardian\T_wc_u_human_guardian_Normal.png does not exist.
01:26.375  render           | Saved: 'C:\Users\iputu\Documents\Wonder Chess\reports\AQ1\20260908\before\material_blade_edge.png'
01:26.390  cycles           | ERROR Image file C:\Users\iputu\Documents\Wonder Chess\art-source\heroes\exports\heroes\wc_u_human_guardian\T_wc_u_human_guardian_BaseColor.png does not exist.
01:26.390  cycles           | ERROR Image file C:\Users\iputu\Documents\Wonder Chess\art-source\heroes\exports\heroes\wc_u_human_guardian\T_wc_u_human_guardian_ORM.png does not exist.
01:26.390  cycles           | ERROR Image file C:\Users\iputu\Documents\Wonder Chess\art-source\heroes\exports\heroes\wc_u_human_guardian\T_wc_u_human_guardian_Normal.png does not exist.
01:26.562  render           | Saved: 'C:\Users\iputu\Documents\Wonder Chess\reports\AQ1\20260908\before\material_thumbnail96.png'
01:33.500  render           | Saved: 'C:\Users\iputu\Documents\Wonder Chess\reports\AQ1\20260908\before\clay_front.png'
01:40.515  render           | Saved: 'C:\Users\iputu\Documents\Wonder Chess\reports\AQ1\20260908\before\clay_side.png'
01:47.187  render           | Saved: 'C:\Users\iputu\Documents\Wonder Chess\reports\AQ1\20260908\before\clay_back.png'
01:54.281  render           | Saved: 'C:\Users\iputu\Documents\Wonder Chess\reports\AQ1\20260908\before\clay_three_quarter.png'
02:02.156  render           | Saved: 'C:\Users\iputu\Documents\Wonder Chess\reports\AQ1\20260908\before\clay_board.png'
02:09.968  render           | Saved: 'C:\Users\iputu\Documents\Wonder Chess\reports\AQ1\20260908\before\clay_face.png'
02:16.578  render           | Saved: 'C:\Users\iputu\Documents\Wonder Chess\reports\AQ1\20260908\before\clay_grip.png'
Reloading external rigs...
Reloading external metarigs...
BlenderMCP: cannot start server in background mode (blender -b) - commands would never execute
BlenderMCP: run Blender with a GUI, or use a virtual display: xvfb-run -a blender
BlenderMCP addon registered
Info: Saved as "review_scene.blend"
AQ1_CAPTURE_COMPLETE C:\Users\iputu\Documents\Wonder Chess\reports\AQ1\20260908\before
BlenderMCP server stopped
BlenderMCP addon unregistered
Blender 5.1.1 (hash b70da489d7f4 built 2026-04-14 01:37:22)

Blender quit
