00:04.047  blend            | Read blend: "C:\Users\iputu\Documents\Wonder Chess\art-source\heroes\wc_u_human_guardian\candidates\AQ1\before_canonical.blend"
C:\Users\iputu\Documents\Wonder Chess\tools\blender\aq1_capture.py:23: DeprecationWarning: 'World.use_nodes' is expected to be removed in Blender 6.0
  world=bpy.data.worlds.new('AQ1_NeutralWorld');world.use_nodes=True;world.node_tree.nodes['Background'].inputs[0].default_value=(.13,.15,.19,1);world.node_tree.nodes['Background'].inputs[1].default_value=.5;scene.world=world
C:\Users\iputu\Documents\Wonder Chess\tools\blender\aq1_capture.py:12: DeprecationWarning: 'Material.use_nodes' is expected to be removed in Blender 6.0
  m=bpy.data.materials.new(name);m.diffuse_color=(*color,1);m.use_nodes=True
00:11.359  render           | Saved: 'C:\Users\iputu\Documents\Wonder Chess\reports\AQ1\20260908\before_relinked\material_front.png'
00:18.109  render           | Saved: 'C:\Users\iputu\Documents\Wonder Chess\reports\AQ1\20260908\before_relinked\material_side.png'
00:25.453  render           | Saved: 'C:\Users\iputu\Documents\Wonder Chess\reports\AQ1\20260908\before_relinked\material_back.png'
00:32.750  render           | Saved: 'C:\Users\iputu\Documents\Wonder Chess\reports\AQ1\20260908\before_relinked\material_three_quarter.png'
00:40.093  render           | Saved: 'C:\Users\iputu\Documents\Wonder Chess\reports\AQ1\20260908\before_relinked\material_board.png'
00:48.265  render           | Saved: 'C:\Users\iputu\Documents\Wonder Chess\reports\AQ1\20260908\before_relinked\material_face.png'
00:55.734  render           | Saved: 'C:\Users\iputu\Documents\Wonder Chess\reports\AQ1\20260908\before_relinked\material_grip.png'
01:04.859  render           | Saved: 'C:\Users\iputu\Documents\Wonder Chess\reports\AQ1\20260908\before_relinked\material_shoulder.png'
01:14.906  render           | Saved: 'C:\Users\iputu\Documents\Wonder Chess\reports\AQ1\20260908\before_relinked\material_shield_back.png'
01:23.468  render           | Saved: 'C:\Users\iputu\Documents\Wonder Chess\reports\AQ1\20260908\before_relinked\material_blade_edge.png'
01:23.640  render           | Saved: 'C:\Users\iputu\Documents\Wonder Chess\reports\AQ1\20260908\before_relinked\material_thumbnail96.png'
01:31.375  render           | Saved: 'C:\Users\iputu\Documents\Wonder Chess\reports\AQ1\20260908\before_relinked\clay_front.png'
01:38.812  render           | Saved: 'C:\Users\iputu\Documents\Wonder Chess\reports\AQ1\20260908\before_relinked\clay_side.png'
01:46.593  render           | Saved: 'C:\Users\iputu\Documents\Wonder Chess\reports\AQ1\20260908\before_relinked\clay_back.png'
01:54.547  render           | Saved: 'C:\Users\iputu\Documents\Wonder Chess\reports\AQ1\20260908\before_relinked\clay_three_quarter.png'
02:02.781  render           | Saved: 'C:\Users\iputu\Documents\Wonder Chess\reports\AQ1\20260908\before_relinked\clay_board.png'
02:10.718  render           | Saved: 'C:\Users\iputu\Documents\Wonder Chess\reports\AQ1\20260908\before_relinked\clay_face.png'
02:18.343  render           | Saved: 'C:\Users\iputu\Documents\Wonder Chess\reports\AQ1\20260908\before_relinked\clay_grip.png'
Reloading external rigs...
Reloading external metarigs...
BlenderMCP: cannot start server in background mode (blender -b) - commands would never execute
BlenderMCP: run Blender with a GUI, or use a virtual display: xvfb-run -a blender
BlenderMCP addon registered
Info: Saved as "review_scene.blend"
AQ1_CAPTURE_COMPLETE C:\Users\iputu\Documents\Wonder Chess\reports\AQ1\20260908\before_relinked
BlenderMCP server stopped
BlenderMCP addon unregistered
Blender 5.1.1 (hash b70da489d7f4 built 2026-04-14 01:37:22)

Blender quit
