C:\Users\iputu\Documents\Wonder Chess\tools\blender\aq1_color_encoding_probe.py:108: DeprecationWarning: 'Material.use_nodes' is expected to be removed in Blender 6.0
  material.use_nodes = True
Traceback (most recent call last):
  File "C:\Users\iputu\Documents\Wonder Chess\tools\blender\aq1_color_encoding_probe.py", line 174, in <module>
    run_probe(parser.parse_args(arguments).output)
    ~~~~~~~~~^^^^^^^^^^^^^^^^^^^^^^^^^^^^^^^^^^^^^
  File "C:\Users\iputu\Documents\Wonder Chess\tools\blender\aq1_color_encoding_probe.py", line 147, in run_probe
    assert linear_error <= 1 / 255, "Blender reload does not recover the expected linear navy"
           ^^^^^^^^^^^^^^^^^^^^^^^
AssertionError: Blender reload does not recover the expected linear navy
Reloading external rigs...
Reloading external metarigs...
BlenderMCP: cannot start server in background mode (blender -b) - commands would never execute
BlenderMCP: run Blender with a GUI, or use a virtual display: xvfb-run -a blender
BlenderMCP addon registered
Info: Baking map saved to internal image, save it externally or pack it
BlenderMCP server stopped
BlenderMCP addon unregistered
Blender 5.1.1 (hash b70da489d7f4 built 2026-04-14 01:37:22)

Blender quit
