Using bundled DotNet SDK version: 8.0.412 win-x64
Running UnrealBuildTool: dotnet "..\..\Engine\Binaries\DotNET\UnrealBuildTool\UnrealBuildTool.dll" WonderChessEditor Win64 Development "-Project=C:\Users\iputu\Documents\Wonder Chess\game\WonderChess.uproject" -WaitMutex -NoHotReloadFromIDE
Log file: C:\Users\iputu\AppData\Local\UnrealBuildTool\Log.txt
Using 'git status' to determine working set for adaptive non-unity build (C:\Users\iputu\Documents\Wonder Chess).
Invalidating makefile for WonderChessEditor (working set of source files changed)
UHT compiled-in object format Default
Building WonderChessEditor...
Using Visual Studio 2022 14.44.35226 toolchain (C:\Program Files\Microsoft Visual Studio\2022\Community\VC\Tools\MSVC\14.44.35207) and Windows 10.0.22621.0 SDK (C:\Program Files (x86)\Windows Kits\10).
[Adaptive Build] Excluded from WonderChessRuntime unity file: WCBoardPresenter.cpp, WCFrontEndScene.cpp
Determining max actions to execute in parallel (8 physical cores, 16 logical cores)
  Executing up to 8 processes, one per physical core
  Requested 1.5 GB memory per action, 1.67 GB available: limiting max parallel actions to 1
Using Unreal Build Accelerator local executor to run 5 action(s)
  Storage capacity 40Gb
---- Starting trace: 260908_090037 ----
UbaServer - Listening on 0.0.0.0:1345
[1/5] Compile [x64] WCBoardPresenter.cpp
[2/5] Compile [x64] WCFrontEndScene.cpp
[3/5] Link [x64] UnrealEditor-WonderChessRuntime.dll
[4/5] Link [x64] UnrealEditor-WonderChessRuntime.lib
[5/5] WriteMetadata WonderChessEditor.target [NoUba]

Trace written to file C:/Users/iputu/AppData/Local/UnrealBuildTool/Log.uba with size 6.7kb
Total time in Unreal Build Accelerator local executor: 36.77 seconds

Result: Succeeded
Total execution time: 50.75 seconds
