00:04.312  blend            | Read blend: "C:\Users\iputu\Documents\Wonder Chess\art-source\heroes\wc_u_human_guardian\candidates\AQ1\ada_forms_r02.blend"
00:11.984  render           | Saved: 'C:\Users\iputu\Documents\Wonder Chess\reports\AQ1\20260908\forms_r03\material_front.png'
00:19.234  render           | Saved: 'C:\Users\iputu\Documents\Wonder Chess\reports\AQ1\20260908\forms_r03\material_side.png'
00:26.922  render           | Saved: 'C:\Users\iputu\Documents\Wonder Chess\reports\AQ1\20260908\forms_r03\material_back.png'
00:34.078  render           | Saved: 'C:\Users\iputu\Documents\Wonder Chess\reports\AQ1\20260908\forms_r03\material_three_quarter.png'
00:42.203  render           | Saved: 'C:\Users\iputu\Documents\Wonder Chess\reports\AQ1\20260908\forms_r03\material_face.png'
00:49.578  render           | Saved: 'C:\Users\iputu\Documents\Wonder Chess\reports\AQ1\20260908\forms_r03\material_grip.png'
00:57.094  render           | Saved: 'C:\Users\iputu\Documents\Wonder Chess\reports\AQ1\20260908\forms_r03\material_board.png'
00:57.250  render           | Saved: 'C:\Users\iputu\Documents\Wonder Chess\reports\AQ1\20260908\forms_r03\thumbnail96.png'
01:04.750  render           | Saved: 'C:\Users\iputu\Documents\Wonder Chess\reports\AQ1\20260908\forms_r03\clay_front.png'
01:12.172  render           | Saved: 'C:\Users\iputu\Documents\Wonder Chess\reports\AQ1\20260908\forms_r03\clay_three_quarter.png'
01:19.578  render           | Saved: 'C:\Users\iputu\Documents\Wonder Chess\reports\AQ1\20260908\forms_r03\clay_face.png'
Reloading external rigs...
Reloading external metarigs...
BlenderMCP: cannot start server in background mode (blender -b) - commands would never execute
BlenderMCP: run Blender with a GUI, or use a virtual display: xvfb-run -a blender
BlenderMCP addon registered
Info: Saved as "ada_forms_r03.blend"
AQ1_PASS_COMPLETE C:\Users\iputu\Documents\Wonder Chess\art-source\heroes\wc_u_human_guardian\candidates\AQ1\ada_forms_r03.blend 20638
BlenderMCP server stopped
BlenderMCP addon unregistered
Blender 5.1.1 (hash b70da489d7f4 built 2026-04-14 01:37:22)

Blender quit
