00:04.407  blend            | Read blend: "C:\Users\iputu\Documents\Wonder Chess\art-source\heroes\wc_u_human_guardian\candidates\AQ1\ada_forms_r01.blend"
00:11.719  render           | Saved: 'C:\Users\iputu\Documents\Wonder Chess\reports\AQ1\20260908\forms_r02\material_front.png'
00:18.719  render           | Saved: 'C:\Users\iputu\Documents\Wonder Chess\reports\AQ1\20260908\forms_r02\material_three_quarter.png'
00:26.266  render           | Saved: 'C:\Users\iputu\Documents\Wonder Chess\reports\AQ1\20260908\forms_r02\material_face.png'
00:32.875  render           | Saved: 'C:\Users\iputu\Documents\Wonder Chess\reports\AQ1\20260908\forms_r02\material_side.png'
00:39.719  render           | Saved: 'C:\Users\iputu\Documents\Wonder Chess\reports\AQ1\20260908\forms_r02\material_grip.png'
00:48.282  render           | Saved: 'C:\Users\iputu\Documents\Wonder Chess\reports\AQ1\20260908\forms_r02\material_shield_back.png'
00:55.750  render           | Saved: 'C:\Users\iputu\Documents\Wonder Chess\reports\AQ1\20260908\forms_r02\material_board.png'
01:02.547  render           | Saved: 'C:\Users\iputu\Documents\Wonder Chess\reports\AQ1\20260908\forms_r02\clay_front.png'
01:09.844  render           | Saved: 'C:\Users\iputu\Documents\Wonder Chess\reports\AQ1\20260908\forms_r02\clay_three_quarter.png'
01:18.078  render           | Saved: 'C:\Users\iputu\Documents\Wonder Chess\reports\AQ1\20260908\forms_r02\clay_face.png'
Reloading external rigs...
Reloading external metarigs...
BlenderMCP: cannot start server in background mode (blender -b) - commands would never execute
BlenderMCP: run Blender with a GUI, or use a virtual display: xvfb-run -a blender
BlenderMCP addon registered
Info: Saved as "ada_forms_r02.blend"
AQ1_REFINED C:\Users\iputu\Documents\Wonder Chess\art-source\heroes\wc_u_human_guardian\candidates\AQ1\ada_forms_r02.blend
BlenderMCP server stopped
BlenderMCP addon unregistered
Blender 5.1.1 (hash b70da489d7f4 built 2026-04-14 01:37:22)

Blender quit
