00:04.609  blend            | Read blend: "C:\Users\iputu\Documents\Wonder Chess\art-source\heroes\wc_u_human_guardian\candidates\AQ1\before_canonical.blend"
C:\Users\iputu\Documents\Wonder Chess\tools\blender\aq1_author_forms.py:18: DeprecationWarning: 'Material.use_nodes' is expected to be removed in Blender 6.0
  m=bpy.data.materials.new('AQ1_'+key);m.use_nodes=True;m.diffuse_color=(*rgb(h),1)
00:12.281  render           | Saved: 'C:\Users\iputu\Documents\Wonder Chess\reports\AQ1\20260908\forms_r01\material_front.png'
00:19.625  render           | Saved: 'C:\Users\iputu\Documents\Wonder Chess\reports\AQ1\20260908\forms_r01\material_three_quarter.png'
00:27.359  render           | Saved: 'C:\Users\iputu\Documents\Wonder Chess\reports\AQ1\20260908\forms_r01\material_face.png'
00:34.406  render           | Saved: 'C:\Users\iputu\Documents\Wonder Chess\reports\AQ1\20260908\forms_r01\material_side.png'
00:41.719  render           | Saved: 'C:\Users\iputu\Documents\Wonder Chess\reports\AQ1\20260908\forms_r01\material_board.png'
00:49.141  render           | Saved: 'C:\Users\iputu\Documents\Wonder Chess\reports\AQ1\20260908\forms_r01\clay_front.png'
00:57.172  render           | Saved: 'C:\Users\iputu\Documents\Wonder Chess\reports\AQ1\20260908\forms_r01\clay_three_quarter.png'
01:05.312  render           | Saved: 'C:\Users\iputu\Documents\Wonder Chess\reports\AQ1\20260908\forms_r01\clay_face.png'
Reloading external rigs...
Reloading external metarigs...
BlenderMCP: cannot start server in background mode (blender -b) - commands would never execute
BlenderMCP: run Blender with a GUI, or use a virtual display: xvfb-run -a blender
BlenderMCP addon registered
Info: Saved as "ada_forms_r01.blend"
AQ1_FORMS_CANDIDATE C:\Users\iputu\Documents\Wonder Chess\art-source\heroes\wc_u_human_guardian\candidates\AQ1\ada_forms_r01.blend 19910
BlenderMCP server stopped
BlenderMCP addon unregistered
Blender 5.1.1 (hash b70da489d7f4 built 2026-04-14 01:37:22)

Blender quit
