00:04.578  blend            | Read blend: "C:\Users\iputu\Documents\Wonder Chess\art-source\heroes\wc_u_human_guardian\candidates\AQ1\ada_forms_r03.blend"
00:12.828  render           | Saved: 'C:\Users\iputu\Documents\Wonder Chess\reports\AQ1\20260908\forms_r04\material_front.png'
00:19.438  render           | Saved: 'C:\Users\iputu\Documents\Wonder Chess\reports\AQ1\20260908\forms_r04\material_side.png'
00:26.719  render           | Saved: 'C:\Users\iputu\Documents\Wonder Chess\reports\AQ1\20260908\forms_r04\material_back.png'
00:34.969  render           | Saved: 'C:\Users\iputu\Documents\Wonder Chess\reports\AQ1\20260908\forms_r04\material_three_quarter.png'
00:42.938  render           | Saved: 'C:\Users\iputu\Documents\Wonder Chess\reports\AQ1\20260908\forms_r04\material_face.png'
00:50.266  render           | Saved: 'C:\Users\iputu\Documents\Wonder Chess\reports\AQ1\20260908\forms_r04\material_grip.png'
00:58.860  render           | Saved: 'C:\Users\iputu\Documents\Wonder Chess\reports\AQ1\20260908\forms_r04\material_board.png'
00:59.063  render           | Saved: 'C:\Users\iputu\Documents\Wonder Chess\reports\AQ1\20260908\forms_r04\thumbnail96.png'
01:06.860  render           | Saved: 'C:\Users\iputu\Documents\Wonder Chess\reports\AQ1\20260908\forms_r04\clay_front.png'
01:14.938  render           | Saved: 'C:\Users\iputu\Documents\Wonder Chess\reports\AQ1\20260908\forms_r04\clay_three_quarter.png'
01:23.469  render           | Saved: 'C:\Users\iputu\Documents\Wonder Chess\reports\AQ1\20260908\forms_r04\clay_face.png'
Reloading external rigs...
Reloading external metarigs...
BlenderMCP: cannot start server in background mode (blender -b) - commands would never execute
BlenderMCP: run Blender with a GUI, or use a virtual display: xvfb-run -a blender
BlenderMCP addon registered
Info: Saved as "ada_forms_r04.blend"
AQ1_PASS_COMPLETE C:\Users\iputu\Documents\Wonder Chess\art-source\heroes\wc_u_human_guardian\candidates\AQ1\ada_forms_r04.blend 21734
BlenderMCP server stopped
BlenderMCP addon unregistered
Blender 5.1.1 (hash b70da489d7f4 built 2026-04-14 01:37:22)

Blender quit
