C:\Users\iputu\Documents\Wonder Chess\tools\blender\aq1_normal_probe.py:209: DeprecationWarning: 'World.use_nodes' is expected to be removed in Blender 6.0
  world.use_nodes = True
C:\Users\iputu\Documents\Wonder Chess\tools\blender\aq1_normal_probe.py:214: DeprecationWarning: 'Material.use_nodes' is expected to be removed in Blender 6.0
  clay.use_nodes = True
00:15.484  render           | Saved: 'C:\Users\iputu\Documents\Wonder Chess\reports\AQ1\20260908\normal_probe_source\blender_geometry_control.png'
00:19.812  render           | Saved: 'C:\Users\iputu\Documents\Wonder Chess\reports\AQ1\20260908\normal_probe_source\blender_pos_y_normal.png'
Reloading external rigs...
Reloading external metarigs...
BlenderMCP: cannot start server in background mode (blender -b) - commands would never execute
BlenderMCP: run Blender with a GUI, or use a virtual display: xvfb-run -a blender
BlenderMCP addon registered
Info: Baking map saved to internal image, save it externally or pack it

FBX export starting... 'C:\\Users\\iputu\\Documents\\Wonder Chess\\reports\\AQ1\\20260908\\normal_probe_source\\SM_AQ1_NormalProbe_Low.fbx'
export finished in 0.0211 sec.

FBX export starting... 'C:\\Users\\iputu\\Documents\\Wonder Chess\\reports\\AQ1\\20260908\\normal_probe_source\\SM_AQ1_NormalProbe_Control.fbx'
export finished in 0.0195 sec.
AQ1_NORMAL_PROBE_EXECUTED C:\Users\iputu\Documents\Wonder Chess\reports\AQ1\20260908\normal_probe_source\probe_manifest.json
BlenderMCP server stopped
BlenderMCP addon unregistered
Blender 5.1.1 (hash b70da489d7f4 built 2026-04-14 01:37:22)

Blender quit
