00:04.688  blend            | Read blend: "C:\Users\iputu\Documents\Wonder Chess\art-source\heroes\wc_u_human_guardian\candidates\AQ1\ada_baked_r06.blend"
00:19.203  render           | Saved: 'C:\Users\iputu\Documents\Wonder Chess\reports\AQ1\20260908\baked_r07\material_front.png'
00:29.032  render           | Saved: 'C:\Users\iputu\Documents\Wonder Chess\reports\AQ1\20260908\baked_r07\material_face.png'
00:38.625  render           | Saved: 'C:\Users\iputu\Documents\Wonder Chess\reports\AQ1\20260908\baked_r07\material_three_quarter.png'
Reloading external rigs...
Reloading external metarigs...
BlenderMCP: cannot start server in background mode (blender -b) - commands would never execute
BlenderMCP: run Blender with a GUI, or use a virtual display: xvfb-run -a blender
BlenderMCP addon registered
Info: Saved as "ada_baked_r07.blend"

FBX export starting... 'C:\\Users\\iputu\\Documents\\Wonder Chess\\art-source\\heroes\\wc_u_human_guardian\\candidates\\AQ1\\exports\\r07\\SK_wc_u_human_guardian.fbx'
(bpy.data.armatures['WC_humanoid_standard_v1.001'], 'POSE')
export finished in 0.1016 sec.

FBX export starting... 'C:\\Users\\iputu\\Documents\\Wonder Chess\\art-source\\heroes\\wc_u_human_guardian\\candidates\\AQ1\\exports\\r07\\AN_wc_u_human_guardian_Idle.fbx'
export finished in 0.8170 sec.

FBX export starting... 'C:\\Users\\iputu\\Documents\\Wonder Chess\\art-source\\heroes\\wc_u_human_guardian\\candidates\\AQ1\\exports\\r07\\AN_wc_u_human_guardian_Move.fbx'
export finished in 0.4435 sec.

FBX export starting... 'C:\\Users\\iputu\\Documents\\Wonder Chess\\art-source\\heroes\\wc_u_human_guardian\\candidates\\AQ1\\exports\\r07\\AN_wc_u_human_guardian_Attack.fbx'
export finished in 0.3732 sec.

FBX export starting... 'C:\\Users\\iputu\\Documents\\Wonder Chess\\art-source\\heroes\\wc_u_human_guardian\\candidates\\AQ1\\exports\\r07\\AN_wc_u_human_guardian_Active.fbx'
export finished in 0.3207 sec.

FBX export starting... 'C:\\Users\\iputu\\Documents\\Wonder Chess\\art-source\\heroes\\wc_u_human_guardian\\candidates\\AQ1\\exports\\r07\\AN_wc_u_human_guardian_Hit.fbx'
export finished in 0.2306 sec.

FBX export starting... 'C:\\Users\\iputu\\Documents\\Wonder Chess\\art-source\\heroes\\wc_u_human_guardian\\candidates\\AQ1\\exports\\r07\\AN_wc_u_human_guardian_Defeat.fbx'
export finished in 0.4401 sec.

FBX export starting... 'C:\\Users\\iputu\\Documents\\Wonder Chess\\art-source\\heroes\\wc_u_human_guardian\\candidates\\AQ1\\exports\\r07\\AN_wc_u_human_guardian_Victory.fbx'
export finished in 0.6398 sec.
AQ1_TEXTURE_SOURCE_REEXPORTED C:\Users\iputu\Documents\Wonder Chess\art-source\heroes\wc_u_human_guardian\candidates\AQ1\ada_baked_r07.blend
BlenderMCP server stopped
BlenderMCP addon unregistered
Blender 5.1.1 (hash b70da489d7f4 built 2026-04-14 01:37:22)

Blender quit
