00:08.453  blend            | Read blend: "C:\Users\iputu\Documents\Wonder Chess\art-source\asset-studio\wc_u_human_guardian\stages\body-costume\BW6\armor\ada_bw6_torso_layers_work.blend"
Info: Saved as "ada_bw6_cloth_collision_study.blend"
CLOTH 1 {'self': 28, 'body': 423}
00:35.203  render           | Saved: 'C:\Users\iputu\Documents\Wonder Chess\art-source\asset-studio\wc_u_human_guardian\stages\body-costume\BW6\armor\captures\cloth_1.png'
SIM_FRAME 5
SIM_FRAME 10
SIM_FRAME 15
CLOTH 20 {'self': 51, 'body': 490}
01:19.657  render           | Saved: 'C:\Users\iputu\Documents\Wonder Chess\art-source\asset-studio\wc_u_human_guardian\stages\body-costume\BW6\armor\captures\cloth_20.png'
SIM_FRAME 20
SIM_FRAME 25
SIM_FRAME 30
SIM_FRAME 35
SIM_FRAME 40
SIM_FRAME 45
CLOTH 49 {'self': 56, 'body': 515}
02:09.563  render           | Saved: 'C:\Users\iputu\Documents\Wonder Chess\art-source\asset-studio\wc_u_human_guardian\stages\body-costume\BW6\armor\captures\cloth_49.png'
Info: Saved as "ada_bw6_cloth_collision_sampled49.blend"
BW6_CLOTH_STUDY_COMPLETE
Blender 5.1.1 (hash b70da489d7f4 built 2026-04-14 01:37:22)

Blender quit
