**********************************************************************
** Visual Studio 2022 Developer Command Prompt v17.14.31
** Copyright (c) 2025 Microsoft Corporation
**********************************************************************
[vcvarsall.bat] Environment initialized for: 'x64'
WonderSimulation.cpp
vnext_combat_tests.cpp
C:\Users\iputu\AppData\Local\CodexWorktrees\wc\m7\game\Source\WonderChessRuntime\Public\VNext/WonderVNextCatalog.generated.h(5): error C2374: 'wcvnext::RuntimeSha1': redefinition; multiple initialization
C:\Users\iputu\AppData\Local\CodexWorktrees\wc\m7\data\vnext\generated\WonderVNextCatalog.h(5): note: see declaration of 'wcvnext::RuntimeSha1'
C:\Users\iputu\AppData\Local\CodexWorktrees\wc\m7\game\Source\WonderChessRuntime\Public\VNext/WonderVNextCatalog.generated.h(5): error C2086: 'const char *const wcvnext::RuntimeSha1': redefinition
C:\Users\iputu\AppData\Local\CodexWorktrees\wc\m7\data\vnext\generated\WonderVNextCatalog.h(5): note: see declaration of 'wcvnext::RuntimeSha1'
C:\Users\iputu\AppData\Local\CodexWorktrees\wc\m7\game\Source\WonderChessRuntime\Public\VNext/WonderVNextCatalog.generated.h(6): error C2374: 'wcvnext::SourceSha256': redefinition; multiple initialization
C:\Users\iputu\AppData\Local\CodexWorktrees\wc\m7\data\vnext\generated\WonderVNextCatalog.h(6): note: see declaration of 'wcvnext::SourceSha256'
C:\Users\iputu\AppData\Local\CodexWorktrees\wc\m7\game\Source\WonderChessRuntime\Public\VNext/WonderVNextCatalog.generated.h(6): error C2086: 'const char *const wcvnext::SourceSha256': redefinition
C:\Users\iputu\AppData\Local\CodexWorktrees\wc\m7\data\vnext\generated\WonderVNextCatalog.h(6): note: see declaration of 'wcvnext::SourceSha256'
C:\Users\iputu\AppData\Local\CodexWorktrees\wc\m7\game\Source\WonderChessRuntime\Public\VNext/WonderVNextCatalog.generated.h(7): error C2084: function 'wc::Catalog wcvnext::WonderVNextCatalog(void)' already has a body
C:\Users\iputu\AppData\Local\CodexWorktrees\wc\m7\data\vnext\generated\WonderVNextCatalog.h(7): note: see previous definition of 'wcvnext::WonderVNextCatalog'
C:\Users\iputu\AppData\Local\CodexWorktrees\wc\m7\game\Source\WonderChessRuntime\Public\VNext/WonderVNextCatalog.generated.h(856): error C2084: function 'wc::Catalog wcvnext::WonderVNextManaCatalog(void)' already has a body
C:\Users\iputu\AppData\Local\CodexWorktrees\wc\m7\data\vnext\generated\WonderVNextCatalog.h(856): note: see previous definition of 'wcvnext::WonderVNextManaCatalog'
C:\Users\iputu\AppData\Local\CodexWorktrees\wc\m7\game\Source\WonderChessRuntime\Public\VNext/WonderVNextCatalog.generated.h(859): error C2530: 'u': references must be initialized
C:\Users\iputu\AppData\Local\CodexWorktrees\wc\m7\game\Source\WonderChessRuntime\Public\VNext/WonderVNextCatalog.generated.h(859): error C3531: 'u': a symbol whose type contains 'auto' must have an initializer
C:\Users\iputu\AppData\Local\CodexWorktrees\wc\m7\game\Source\WonderChessRuntime\Public\VNext/WonderVNextCatalog.generated.h(859): error C2143: syntax error: missing ';' before ':'
C:\Users\iputu\AppData\Local\CodexWorktrees\wc\m7\game\Source\WonderChessRuntime\Public\VNext/WonderVNextCatalog.generated.h(859): error C2143: syntax error: missing ';' before ')'
C:\Users\iputu\AppData\Local\CodexWorktrees\wc\m7\game\Source\WonderChessRuntime\Public\VNext/WonderVNextCatalog.generated.h(868): error C2530: 'u': references must be initialized
C:\Users\iputu\AppData\Local\CodexWorktrees\wc\m7\game\Source\WonderChessRuntime\Public\VNext/WonderVNextCatalog.generated.h(868): error C3531: 'u': a symbol whose type contains 'auto' must have an initializer
C:\Users\iputu\AppData\Local\CodexWorktrees\wc\m7\game\Source\WonderChessRuntime\Public\VNext/WonderVNextCatalog.generated.h(868): error C2143: syntax error: missing ';' before ':'
C:\Users\iputu\AppData\Local\CodexWorktrees\wc\m7\game\Source\WonderChessRuntime\Public\VNext/WonderVNextCatalog.generated.h(868): error C2143: syntax error: missing ';' before ')'
C:\Users\iputu\AppData\Local\CodexWorktrees\wc\m7\game\Source\WonderChessRuntime\Public\VNext/WonderVNextCatalog.generated.h(877): error C2530: 'u': references must be initialized
C:\Users\iputu\AppData\Local\CodexWorktrees\wc\m7\game\Source\WonderChessRuntime\Public\VNext/WonderVNextCatalog.generated.h(877): error C3531: 'u': a symbol whose type contains 'auto' must have an initializer
C:\Users\iputu\AppData\Local\CodexWorktrees\wc\m7\game\Source\WonderChessRuntime\Public\VNext/WonderVNextCatalog.generated.h(877): error C2143: syntax error: missing ';' before ':'
C:\Users\iputu\AppData\Local\CodexWorktrees\wc\m7\game\Source\WonderChessRuntime\Public\VNext/WonderVNextCatalog.generated.h(877): error C2143: syntax error: missing ';' before ')'
C:\Users\iputu\AppData\Local\CodexWorktrees\wc\m7\tests\runtime\../../game/Source/WonderChessRuntime/Private/Simulation/WonderManaTests.h(18): error C2530: 'a': references must be initialized
C:\Users\iputu\AppData\Local\CodexWorktrees\wc\m7\tests\runtime\../../game/Source/WonderChessRuntime/Private/Simulation/WonderManaTests.h(18): error C2530: 'b': references must be initialized
C:\Users\iputu\AppData\Local\CodexWorktrees\wc\m7\tests\runtime\../../game/Source/WonderChessRuntime/Private/Simulation/WonderManaTests.h(20): error C3536: 'b': cannot be used before it is initialized
C:\Users\iputu\AppData\Local\CodexWorktrees\wc\m7\tests\runtime\../../game/Source/WonderChessRuntime/Private/Simulation/WonderManaTests.h(21): error C3536: 'a': cannot be used before it is initialized
C:\Users\iputu\AppData\Local\CodexWorktrees\wc\m7\tests\runtime\../../game/Source/WonderChessRuntime/Private/Simulation/WonderManaTests.h(21): error C2672: 'std::tie': no matching overloaded function found
C:\Program Files\Microsoft Visual Studio\2022\Community\VC\Tools\MSVC\14.44.35207\include\tuple(998): note: could be 'std::tuple<_Types...> std::tie(_Types ...) noexcept'
C:\Users\iputu\AppData\Local\CodexWorktrees\wc\m7\tests\runtime\../../game/Source/WonderChessRuntime/Private/Simulation/WonderManaTests.h(22): error C2672: 'std::tie': no matching overloaded function found
C:\Program Files\Microsoft Visual Studio\2022\Community\VC\Tools\MSVC\14.44.35207\include\tuple(998): note: could be 'std::tuple<_Types...> std::tie(_Types ...) noexcept'
C:\Users\iputu\AppData\Local\CodexWorktrees\wc\m7\tests\runtime\../../game/Source/WonderChessRuntime/Private/Simulation/WonderManaTests.h(23): error C2672: 'std::tie': no matching overloaded function found
C:\Program Files\Microsoft Visual Studio\2022\Community\VC\Tools\MSVC\14.44.35207\include\tuple(998): note: could be 'std::tuple<_Types...> std::tie(_Types ...) noexcept'
C:\Users\iputu\AppData\Local\CodexWorktrees\wc\m7\tests\runtime\../../game/Source/WonderChessRuntime/Private/Simulation/WonderManaTests.h(24): error C2672: 'std::tie': no matching overloaded function found
C:\Program Files\Microsoft Visual Studio\2022\Community\VC\Tools\MSVC\14.44.35207\include\tuple(998): note: could be 'std::tuple<_Types...> std::tie(_Types ...) noexcept'
C:\Users\iputu\AppData\Local\CodexWorktrees\wc\m7\tests\runtime\../../game/Source/WonderChessRuntime/Private/Simulation/WonderManaTests.h(29): error C2530: 'u': references must be initialized
C:\Users\iputu\AppData\Local\CodexWorktrees\wc\m7\tests\runtime\../../game/Source/WonderChessRuntime/Private/Simulation/WonderManaTests.h(29): error C3531: 'u': a symbol whose type contains 'auto' must have an initializer
C:\Users\iputu\AppData\Local\CodexWorktrees\wc\m7\tests\runtime\../../game/Source/WonderChessRuntime/Private/Simulation/WonderManaTests.h(29): error C2143: syntax error: missing ';' before ':'
C:\Users\iputu\AppData\Local\CodexWorktrees\wc\m7\tests\runtime\../../game/Source/WonderChessRuntime/Private/Simulation/WonderManaTests.h(29): error C2143: syntax error: missing ';' before ')'
C:\Users\iputu\AppData\Local\CodexWorktrees\wc\m7\tests\runtime\../../game/Source/WonderChessRuntime/Private/Simulation/WonderManaTests.h(38): error C2665: 'wc::Combat::Combat': no overloaded function could convert all the argument types
C:\Users\iputu\AppData\Local\CodexWorktrees\wc\m7\game\Source\WonderChessRuntime\Public\Simulation/WonderSimulation.h(399): note: could be 'wc::Combat::Combat(const wc::Catalog &,const std::vector<wc::OwnedUnit,std::allocator<wc::OwnedUnit>> &,const std::vector<wc::OwnedUnit,std::allocator<wc::OwnedUnit>> &,wc::Id,wc::Id)'
C:\Users\iputu\AppData\Local\CodexWorktrees\wc\m7\tests\runtime\../../game/Source/WonderChessRuntime/Private/Simulation/WonderManaTests.h(38): note: 'wc::Combat::Combat(const wc::Catalog &,const std::vector<wc::OwnedUnit,std::allocator<wc::OwnedUnit>> &,const std::vector<wc::OwnedUnit,std::allocator<wc::OwnedUnit>> &,wc::Id,wc::Id)': cannot convert argument 1 from 'wc::Catalog (__cdecl *)(void)' to 'const wc::Catalog &'
C:\Users\iputu\AppData\Local\CodexWorktrees\wc\m7\tests\runtime\../../game/Source/WonderChessRuntime/Private/Simulation/WonderManaTests.h(38): note: Reason: cannot convert from 'wc::Catalog (__cdecl *)(void)' to 'const wc::Catalog'
C:\Users\iputu\AppData\Local\CodexWorktrees\wc\m7\tests\runtime\../../game/Source/WonderChessRuntime/Private/Simulation/WonderManaTests.h(38): note: 'wc::Catalog::Catalog': no overloaded function could convert all the argument types
C:\Users\iputu\AppData\Local\CodexWorktrees\wc\m7\game\Source\WonderChessRuntime\Public\Simulation/WonderSimulation.h(211): note: could be 'wc::Catalog::Catalog(wc::Catalog &&)'
C:\Users\iputu\AppData\Local\CodexWorktrees\wc\m7\tests\runtime\../../game/Source/WonderChessRuntime/Private/Simulation/WonderManaTests.h(38): note: 'wc::Catalog::Catalog(wc::Catalog &&)': cannot convert argument 1 from 'wc::Catalog (__cdecl *)(void)' to 'wc::Catalog &&'
C:\Users\iputu\AppData\Local\CodexWorktrees\wc\m7\tests\runtime\../../game/Source/WonderChessRuntime/Private/Simulation/WonderManaTests.h(38): note: Reason: cannot convert from 'wc::Catalog (__cdecl *)(void)' to 'wc::Catalog'
C:\Users\iputu\AppData\Local\CodexWorktrees\wc\m7\tests\runtime\../../game/Source/WonderChessRuntime/Private/Simulation/WonderManaTests.h(38): note: Conversion requires a second user-defined-conversion operator or constructor
C:\Users\iputu\AppData\Local\CodexWorktrees\wc\m7\game\Source\WonderChessRuntime\Public\Simulation/WonderSimulation.h(211): note: or       'wc::Catalog::Catalog(const wc::Catalog &)'
C:\Users\iputu\AppData\Local\CodexWorktrees\wc\m7\tests\runtime\../../game/Source/WonderChessRuntime/Private/Simulation/WonderManaTests.h(38): note: 'wc::Catalog::Catalog(const wc::Catalog &)': cannot convert argument 1 from 'wc::Catalog (__cdecl *)(void)' to 'const wc::Catalog &'
C:\Users\iputu\AppData\Local\CodexWorktrees\wc\m7\tests\runtime\../../game/Source/WonderChessRuntime/Private/Simulation/WonderManaTests.h(38): note: Reason: cannot convert from 'wc::Catalog (__cdecl *)(void)' to 'const wc::Catalog'
C:\Users\iputu\AppData\Local\CodexWorktrees\wc\m7\tests\runtime\../../game/Source/WonderChessRuntime/Private/Simulation/WonderManaTests.h(38): note: Conversion requires a second user-defined-conversion operator or constructor
C:\Users\iputu\AppData\Local\CodexWorktrees\wc\m7\tests\runtime\../../game/Source/WonderChessRuntime/Private/Simulation/WonderManaTests.h(38): note: while trying to match the argument list '(wc::Catalog (__cdecl *)(void))'
C:\Users\iputu\AppData\Local\CodexWorktrees\wc\m7\tests\runtime\../../game/Source/WonderChessRuntime/Private/Simulation/WonderManaTests.h(38): note: while trying to match the argument list '(wc::Catalog (__cdecl *)(void), initializer list, initializer list, int)'
C:\Users\iputu\AppData\Local\CodexWorktrees\wc\m7\tests\runtime\../../game/Source/WonderChessRuntime/Private/Simulation/WonderManaTests.h(45): error C2665: 'wc::Combat::Combat': no overloaded function could convert all the argument types
C:\Users\iputu\AppData\Local\CodexWorktrees\wc\m7\game\Source\WonderChessRuntime\Public\Simulation/WonderSimulation.h(399): note: could be 'wc::Combat::Combat(const wc::Catalog &,const std::vector<wc::OwnedUnit,std::allocator<wc::OwnedUnit>> &,const std::vector<wc::OwnedUnit,std::allocator<wc::OwnedUnit>> &,wc::Id,wc::Id)'
C:\Users\iputu\AppData\Local\CodexWorktrees\wc\m7\tests\runtime\../../game/Source/WonderChessRuntime/Private/Simulation/WonderManaTests.h(45): note: 'wc::Combat::Combat(const wc::Catalog &,const std::vector<wc::OwnedUnit,std::allocator<wc::OwnedUnit>> &,const std::vector<wc::OwnedUnit,std::allocator<wc::OwnedUnit>> &,wc::Id,wc::Id)': cannot convert argument 1 from 'wc::Catalog (__cdecl *)(void)' to 'const wc::Catalog &'
C:\Users\iputu\AppData\Local\CodexWorktrees\wc\m7\tests\runtime\../../game/Source/WonderChessRuntime/Private/Simulation/WonderManaTests.h(45): note: Reason: cannot convert from 'wc::Catalog (__cdecl *)(void)' to 'const wc::Catalog'
C:\Users\iputu\AppData\Local\CodexWorktrees\wc\m7\tests\runtime\../../game/Source/WonderChessRuntime/Private/Simulation/WonderManaTests.h(45): note: 'wc::Catalog::Catalog': no overloaded function could convert all the argument types
C:\Users\iputu\AppData\Local\CodexWorktrees\wc\m7\game\Source\WonderChessRuntime\Public\Simulation/WonderSimulation.h(211): note: could be 'wc::Catalog::Catalog(wc::Catalog &&)'
C:\Users\iputu\AppData\Local\CodexWorktrees\wc\m7\tests\runtime\../../game/Source/WonderChessRuntime/Private/Simulation/WonderManaTests.h(45): note: 'wc::Catalog::Catalog(wc::Catalog &&)': cannot convert argument 1 from 'wc::Catalog (__cdecl *)(void)' to 'wc::Catalog &&'
C:\Users\iputu\AppData\Local\CodexWorktrees\wc\m7\tests\runtime\../../game/Source/WonderChessRuntime/Private/Simulation/WonderManaTests.h(45): note: Reason: cannot convert from 'wc::Catalog (__cdecl *)(void)' to 'wc::Catalog'
C:\Users\iputu\AppData\Local\CodexWorktrees\wc\m7\tests\runtime\../../game/Source/WonderChessRuntime/Private/Simulation/WonderManaTests.h(45): note: Conversion requires a second user-defined-conversion operator or constructor
C:\Users\iputu\AppData\Local\CodexWorktrees\wc\m7\game\Source\WonderChessRuntime\Public\Simulation/WonderSimulation.h(211): note: or       'wc::Catalog::Catalog(const wc::Catalog &)'
C:\Users\iputu\AppData\Local\CodexWorktrees\wc\m7\tests\runtime\../../game/Source/WonderChessRuntime/Private/Simulation/WonderManaTests.h(45): note: 'wc::Catalog::Catalog(const wc::Catalog &)': cannot convert argument 1 from 'wc::Catalog (__cdecl *)(void)' to 'const wc::Catalog &'
C:\Users\iputu\AppData\Local\CodexWorktrees\wc\m7\tests\runtime\../../game/Source/WonderChessRuntime/Private/Simulation/WonderManaTests.h(45): note: Reason: cannot convert from 'wc::Catalog (__cdecl *)(void)' to 'const wc::Catalog'
C:\Users\iputu\AppData\Local\CodexWorktrees\wc\m7\tests\runtime\../../game/Source/WonderChessRuntime/Private/Simulation/WonderManaTests.h(45): note: Conversion requires a second user-defined-conversion operator or constructor
C:\Users\iputu\AppData\Local\CodexWorktrees\wc\m7\tests\runtime\../../game/Source/WonderChessRuntime/Private/Simulation/WonderManaTests.h(45): note: while trying to match the argument list '(wc::Catalog (__cdecl *)(void))'
C:\Users\iputu\AppData\Local\CodexWorktrees\wc\m7\tests\runtime\../../game/Source/WonderChessRuntime/Private/Simulation/WonderManaTests.h(45): note: while trying to match the argument list '(wc::Catalog (__cdecl *)(void), initializer list, initializer list, int)'
C:\Users\iputu\AppData\Local\CodexWorktrees\wc\m7\tests\runtime\../../game/Source/WonderChessRuntime/Private/Simulation/WonderManaTests.h(51): error C2665: 'wc::Combat::Combat': no overloaded function could convert all the argument types
C:\Users\iputu\AppData\Local\CodexWorktrees\wc\m7\game\Source\WonderChessRuntime\Public\Simulation/WonderSimulation.h(399): note: could be 'wc::Combat::Combat(const wc::Catalog &,const std::vector<wc::OwnedUnit,std::allocator<wc::OwnedUnit>> &,const std::vector<wc::OwnedUnit,std::allocator<wc::OwnedUnit>> &,wc::Id,wc::Id)'
C:\Users\iputu\AppData\Local\CodexWorktrees\wc\m7\tests\runtime\../../game/Source/WonderChessRuntime/Private/Simulation/WonderManaTests.h(51): note: 'wc::Combat::Combat(const wc::Catalog &,const std::vector<wc::OwnedUnit,std::allocator<wc::OwnedUnit>> &,const std::vector<wc::OwnedUnit,std::allocator<wc::OwnedUnit>> &,wc::Id,wc::Id)': cannot convert argument 1 from 'wc::Catalog (__cdecl *)(void)' to 'const wc::Catalog &'
C:\Users\iputu\AppData\Local\CodexWorktrees\wc\m7\tests\runtime\../../game/Source/WonderChessRuntime/Private/Simulation/WonderManaTests.h(51): note: Reason: cannot convert from 'wc::Catalog (__cdecl *)(void)' to 'const wc::Catalog'
C:\Users\iputu\AppData\Local\CodexWorktrees\wc\m7\tests\runtime\../../game/Source/WonderChessRuntime/Private/Simulation/WonderManaTests.h(51): note: 'wc::Catalog::Catalog': no overloaded function could convert all the argument types
C:\Users\iputu\AppData\Local\CodexWorktrees\wc\m7\game\Source\WonderChessRuntime\Public\Simulation/WonderSimulation.h(211): note: could be 'wc::Catalog::Catalog(wc::Catalog &&)'
C:\Users\iputu\AppData\Local\CodexWorktrees\wc\m7\tests\runtime\../../game/Source/WonderChessRuntime/Private/Simulation/WonderManaTests.h(51): note: 'wc::Catalog::Catalog(wc::Catalog &&)': cannot convert argument 1 from 'wc::Catalog (__cdecl *)(void)' to 'wc::Catalog &&'
C:\Users\iputu\AppData\Local\CodexWorktrees\wc\m7\tests\runtime\../../game/Source/WonderChessRuntime/Private/Simulation/WonderManaTests.h(51): note: Reason: cannot convert from 'wc::Catalog (__cdecl *)(void)' to 'wc::Catalog'
C:\Users\iputu\AppData\Local\CodexWorktrees\wc\m7\tests\runtime\../../game/Source/WonderChessRuntime/Private/Simulation/WonderManaTests.h(51): note: Conversion requires a second user-defined-conversion operator or constructor
C:\Users\iputu\AppData\Local\CodexWorktrees\wc\m7\game\Source\WonderChessRuntime\Public\Simulation/WonderSimulation.h(211): note: or       'wc::Catalog::Catalog(const wc::Catalog &)'
C:\Users\iputu\AppData\Local\CodexWorktrees\wc\m7\tests\runtime\../../game/Source/WonderChessRuntime/Private/Simulation/WonderManaTests.h(51): note: 'wc::Catalog::Catalog(const wc::Catalog &)': cannot convert argument 1 from 'wc::Catalog (__cdecl *)(void)' to 'const wc::Catalog &'
C:\Users\iputu\AppData\Local\CodexWorktrees\wc\m7\tests\runtime\../../game/Source/WonderChessRuntime/Private/Simulation/WonderManaTests.h(51): note: Reason: cannot convert from 'wc::Catalog (__cdecl *)(void)' to 'const wc::Catalog'
C:\Users\iputu\AppData\Local\CodexWorktrees\wc\m7\tests\runtime\../../game/Source/WonderChessRuntime/Private/Simulation/WonderManaTests.h(51): note: Conversion requires a second user-defined-conversion operator or constructor
C:\Users\iputu\AppData\Local\CodexWorktrees\wc\m7\tests\runtime\../../game/Source/WonderChessRuntime/Private/Simulation/WonderManaTests.h(51): note: while trying to match the argument list '(wc::Catalog (__cdecl *)(void))'
C:\Users\iputu\AppData\Local\CodexWorktrees\wc\m7\tests\runtime\../../game/Source/WonderChessRuntime/Private/Simulation/WonderManaTests.h(51): note: while trying to match the argument list '(wc::Catalog (__cdecl *)(void), initializer list, initializer list, int)'
C:\Users\iputu\AppData\Local\CodexWorktrees\wc\m7\tests\runtime\../../game/Source/WonderChessRuntime/Private/Simulation/WonderManaTests.h(54): error C2665: 'wc::Combat::Combat': no overloaded function could convert all the argument types
C:\Users\iputu\AppData\Local\CodexWorktrees\wc\m7\game\Source\WonderChessRuntime\Public\Simulation/WonderSimulation.h(399): note: could be 'wc::Combat::Combat(const wc::Catalog &,const std::vector<wc::OwnedUnit,std::allocator<wc::OwnedUnit>> &,const std::vector<wc::OwnedUnit,std::allocator<wc::OwnedUnit>> &,wc::Id,wc::Id)'
C:\Users\iputu\AppData\Local\CodexWorktrees\wc\m7\tests\runtime\../../game/Source/WonderChessRuntime/Private/Simulation/WonderManaTests.h(54): note: 'wc::Combat::Combat(const wc::Catalog &,const std::vector<wc::OwnedUnit,std::allocator<wc::OwnedUnit>> &,const std::vector<wc::OwnedUnit,std::allocator<wc::OwnedUnit>> &,wc::Id,wc::Id)': cannot convert argument 1 from 'wc::Catalog (__cdecl *)(void)' to 'const wc::Catalog &'
C:\Users\iputu\AppData\Local\CodexWorktrees\wc\m7\tests\runtime\../../game/Source/WonderChessRuntime/Private/Simulation/WonderManaTests.h(54): note: Reason: cannot convert from 'wc::Catalog (__cdecl *)(void)' to 'const wc::Catalog'
C:\Users\iputu\AppData\Local\CodexWorktrees\wc\m7\tests\runtime\../../game/Source/WonderChessRuntime/Private/Simulation/WonderManaTests.h(54): note: 'wc::Catalog::Catalog': no overloaded function could convert all the argument types
C:\Users\iputu\AppData\Local\CodexWorktrees\wc\m7\game\Source\WonderChessRuntime\Public\Simulation/WonderSimulation.h(211): note: could be 'wc::Catalog::Catalog(wc::Catalog &&)'
C:\Users\iputu\AppData\Local\CodexWorktrees\wc\m7\tests\runtime\../../game/Source/WonderChessRuntime/Private/Simulation/WonderManaTests.h(54): note: 'wc::Catalog::Catalog(wc::Catalog &&)': cannot convert argument 1 from 'wc::Catalog (__cdecl *)(void)' to 'wc::Catalog &&'
C:\Users\iputu\AppData\Local\CodexWorktrees\wc\m7\tests\runtime\../../game/Source/WonderChessRuntime/Private/Simulation/WonderManaTests.h(54): note: Reason: cannot convert from 'wc::Catalog (__cdecl *)(void)' to 'wc::Catalog'
C:\Users\iputu\AppData\Local\CodexWorktrees\wc\m7\tests\runtime\../../game/Source/WonderChessRuntime/Private/Simulation/WonderManaTests.h(54): note: Conversion requires a second user-defined-conversion operator or constructor
C:\Users\iputu\AppData\Local\CodexWorktrees\wc\m7\game\Source\WonderChessRuntime\Public\Simulation/WonderSimulation.h(211): note: or       'wc::Catalog::Catalog(const wc::Catalog &)'
C:\Users\iputu\AppData\Local\CodexWorktrees\wc\m7\tests\runtime\../../game/Source/WonderChessRuntime/Private/Simulation/WonderManaTests.h(54): note: 'wc::Catalog::Catalog(const wc::Catalog &)': cannot convert argument 1 from 'wc::Catalog (__cdecl *)(void)' to 'const wc::Catalog &'
C:\Users\iputu\AppData\Local\CodexWorktrees\wc\m7\tests\runtime\../../game/Source/WonderChessRuntime/Private/Simulation/WonderManaTests.h(54): note: Reason: cannot convert from 'wc::Catalog (__cdecl *)(void)' to 'const wc::Catalog'
C:\Users\iputu\AppData\Local\CodexWorktrees\wc\m7\tests\runtime\../../game/Source/WonderChessRuntime/Private/Simulation/WonderManaTests.h(54): note: Conversion requires a second user-defined-conversion operator or constructor
C:\Users\iputu\AppData\Local\CodexWorktrees\wc\m7\tests\runtime\../../game/Source/WonderChessRuntime/Private/Simulation/WonderManaTests.h(54): note: while trying to match the argument list '(wc::Catalog (__cdecl *)(void))'
C:\Users\iputu\AppData\Local\CodexWorktrees\wc\m7\tests\runtime\../../game/Source/WonderChessRuntime/Private/Simulation/WonderManaTests.h(54): note: while trying to match the argument list '(wc::Catalog (__cdecl *)(void), initializer list, initializer list, int)'
C:\Users\iputu\AppData\Local\CodexWorktrees\wc\m7\tests\runtime\../../game/Source/WonderChessRuntime/Private/Simulation/WonderManaTests.h(57): error C2665: 'wc::Combat::Combat': no overloaded function could convert all the argument types
C:\Users\iputu\AppData\Local\CodexWorktrees\wc\m7\game\Source\WonderChessRuntime\Public\Simulation/WonderSimulation.h(399): note: could be 'wc::Combat::Combat(const wc::Catalog &,const std::vector<wc::OwnedUnit,std::allocator<wc::OwnedUnit>> &,const std::vector<wc::OwnedUnit,std::allocator<wc::OwnedUnit>> &,wc::Id,wc::Id)'
C:\Users\iputu\AppData\Local\CodexWorktrees\wc\m7\tests\runtime\../../game/Source/WonderChessRuntime/Private/Simulation/WonderManaTests.h(57): note: 'wc::Combat::Combat(const wc::Catalog &,const std::vector<wc::OwnedUnit,std::allocator<wc::OwnedUnit>> &,const std::vector<wc::OwnedUnit,std::allocator<wc::OwnedUnit>> &,wc::Id,wc::Id)': cannot convert argument 1 from 'wc::Catalog (__cdecl *)(void)' to 'const wc::Catalog &'
C:\Users\iputu\AppData\Local\CodexWorktrees\wc\m7\tests\runtime\../../game/Source/WonderChessRuntime/Private/Simulation/WonderManaTests.h(57): note: Reason: cannot convert from 'wc::Catalog (__cdecl *)(void)' to 'const wc::Catalog'
C:\Users\iputu\AppData\Local\CodexWorktrees\wc\m7\tests\runtime\../../game/Source/WonderChessRuntime/Private/Simulation/WonderManaTests.h(57): note: 'wc::Catalog::Catalog': no overloaded function could convert all the argument types
C:\Users\iputu\AppData\Local\CodexWorktrees\wc\m7\game\Source\WonderChessRuntime\Public\Simulation/WonderSimulation.h(211): note: could be 'wc::Catalog::Catalog(wc::Catalog &&)'
C:\Users\iputu\AppData\Local\CodexWorktrees\wc\m7\tests\runtime\../../game/Source/WonderChessRuntime/Private/Simulation/WonderManaTests.h(57): note: 'wc::Catalog::Catalog(wc::Catalog &&)': cannot convert argument 1 from 'wc::Catalog (__cdecl *)(void)' to 'wc::Catalog &&'
C:\Users\iputu\AppData\Local\CodexWorktrees\wc\m7\tests\runtime\../../game/Source/WonderChessRuntime/Private/Simulation/WonderManaTests.h(57): note: Reason: cannot convert from 'wc::Catalog (__cdecl *)(void)' to 'wc::Catalog'
C:\Users\iputu\AppData\Local\CodexWorktrees\wc\m7\tests\runtime\../../game/Source/WonderChessRuntime/Private/Simulation/WonderManaTests.h(57): note: Conversion requires a second user-defined-conversion operator or constructor
C:\Users\iputu\AppData\Local\CodexWorktrees\wc\m7\game\Source\WonderChessRuntime\Public\Simulation/WonderSimulation.h(211): note: or       'wc::Catalog::Catalog(const wc::Catalog &)'
C:\Users\iputu\AppData\Local\CodexWorktrees\wc\m7\tests\runtime\../../game/Source/WonderChessRuntime/Private/Simulation/WonderManaTests.h(57): note: 'wc::Catalog::Catalog(const wc::Catalog &)': cannot convert argument 1 from 'wc::Catalog (__cdecl *)(void)' to 'const wc::Catalog &'
C:\Users\iputu\AppData\Local\CodexWorktrees\wc\m7\tests\runtime\../../game/Source/WonderChessRuntime/Private/Simulation/WonderManaTests.h(57): note: Reason: cannot convert from 'wc::Catalog (__cdecl *)(void)' to 'const wc::Catalog'
C:\Users\iputu\AppData\Local\CodexWorktrees\wc\m7\tests\runtime\../../game/Source/WonderChessRuntime/Private/Simulation/WonderManaTests.h(57): note: Conversion requires a second user-defined-conversion operator or constructor
C:\Users\iputu\AppData\Local\CodexWorktrees\wc\m7\tests\runtime\../../game/Source/WonderChessRuntime/Private/Simulation/WonderManaTests.h(57): note: while trying to match the argument list '(wc::Catalog (__cdecl *)(void))'
C:\Users\iputu\AppData\Local\CodexWorktrees\wc\m7\tests\runtime\../../game/Source/WonderChessRuntime/Private/Simulation/WonderManaTests.h(57): note: while trying to match the argument list '(wc::Catalog (__cdecl *)(void), initializer list, initializer list, int)'
C:\Users\iputu\AppData\Local\CodexWorktrees\wc\m7\tests\runtime\../../game/Source/WonderChessRuntime/Private/Simulation/WonderManaTests.h(62): error C2665: 'wc::Combat::Combat': no overloaded function could convert all the argument types
C:\Users\iputu\AppData\Local\CodexWorktrees\wc\m7\game\Source\WonderChessRuntime\Public\Simulation/WonderSimulation.h(399): note: could be 'wc::Combat::Combat(const wc::Catalog &,const std::vector<wc::OwnedUnit,std::allocator<wc::OwnedUnit>> &,const std::vector<wc::OwnedUnit,std::allocator<wc::OwnedUnit>> &,wc::Id,wc::Id)'
C:\Users\iputu\AppData\Local\CodexWorktrees\wc\m7\tests\runtime\../../game/Source/WonderChessRuntime/Private/Simulation/WonderManaTests.h(62): note: 'wc::Combat::Combat(const wc::Catalog &,const std::vector<wc::OwnedUnit,std::allocator<wc::OwnedUnit>> &,const std::vector<wc::OwnedUnit,std::allocator<wc::OwnedUnit>> &,wc::Id,wc::Id)': cannot convert argument 1 from 'wc::Catalog (__cdecl *)(void)' to 'const wc::Catalog &'
C:\Users\iputu\AppData\Local\CodexWorktrees\wc\m7\tests\runtime\../../game/Source/WonderChessRuntime/Private/Simulation/WonderManaTests.h(62): note: Reason: cannot convert from 'wc::Catalog (__cdecl *)(void)' to 'const wc::Catalog'
C:\Users\iputu\AppData\Local\CodexWorktrees\wc\m7\tests\runtime\../../game/Source/WonderChessRuntime/Private/Simulation/WonderManaTests.h(62): note: 'wc::Catalog::Catalog': no overloaded function could convert all the argument types
C:\Users\iputu\AppData\Local\CodexWorktrees\wc\m7\game\Source\WonderChessRuntime\Public\Simulation/WonderSimulation.h(211): note: could be 'wc::Catalog::Catalog(wc::Catalog &&)'
C:\Users\iputu\AppData\Local\CodexWorktrees\wc\m7\tests\runtime\../../game/Source/WonderChessRuntime/Private/Simulation/WonderManaTests.h(62): note: 'wc::Catalog::Catalog(wc::Catalog &&)': cannot convert argument 1 from 'wc::Catalog (__cdecl *)(void)' to 'wc::Catalog &&'
C:\Users\iputu\AppData\Local\CodexWorktrees\wc\m7\tests\runtime\../../game/Source/WonderChessRuntime/Private/Simulation/WonderManaTests.h(62): note: Reason: cannot convert from 'wc::Catalog (__cdecl *)(void)' to 'wc::Catalog'
C:\Users\iputu\AppData\Local\CodexWorktrees\wc\m7\tests\runtime\../../game/Source/WonderChessRuntime/Private/Simulation/WonderManaTests.h(62): note: Conversion requires a second user-defined-conversion operator or constructor
C:\Users\iputu\AppData\Local\CodexWorktrees\wc\m7\game\Source\WonderChessRuntime\Public\Simulation/WonderSimulation.h(211): note: or       'wc::Catalog::Catalog(const wc::Catalog &)'
C:\Users\iputu\AppData\Local\CodexWorktrees\wc\m7\tests\runtime\../../game/Source/WonderChessRuntime/Private/Simulation/WonderManaTests.h(62): note: 'wc::Catalog::Catalog(const wc::Catalog &)': cannot convert argument 1 from 'wc::Catalog (__cdecl *)(void)' to 'const wc::Catalog &'
C:\Users\iputu\AppData\Local\CodexWorktrees\wc\m7\tests\runtime\../../game/Source/WonderChessRuntime/Private/Simulation/WonderManaTests.h(62): note: Reason: cannot convert from 'wc::Catalog (__cdecl *)(void)' to 'const wc::Catalog'
C:\Users\iputu\AppData\Local\CodexWorktrees\wc\m7\tests\runtime\../../game/Source/WonderChessRuntime/Private/Simulation/WonderManaTests.h(62): note: Conversion requires a second user-defined-conversion operator or constructor
C:\Users\iputu\AppData\Local\CodexWorktrees\wc\m7\tests\runtime\../../game/Source/WonderChessRuntime/Private/Simulation/WonderManaTests.h(62): note: while trying to match the argument list '(wc::Catalog (__cdecl *)(void))'
C:\Users\iputu\AppData\Local\CodexWorktrees\wc\m7\tests\runtime\../../game/Source/WonderChessRuntime/Private/Simulation/WonderManaTests.h(62): note: while trying to match the argument list '(wc::Catalog (__cdecl *)(void), initializer list, initializer list, int)'
C:\Users\iputu\AppData\Local\CodexWorktrees\wc\m7\tests\runtime\../../game/Source/WonderChessRuntime/Private/Simulation/WonderManaTests.h(68): error C2665: 'wc::Combat::Combat': no overloaded function could convert all the argument types
C:\Users\iputu\AppData\Local\CodexWorktrees\wc\m7\game\Source\WonderChessRuntime\Public\Simulation/WonderSimulation.h(399): note: could be 'wc::Combat::Combat(const wc::Catalog &,const std::vector<wc::OwnedUnit,std::allocator<wc::OwnedUnit>> &,const std::vector<wc::OwnedUnit,std::allocator<wc::OwnedUnit>> &,wc::Id,wc::Id)'
C:\Users\iputu\AppData\Local\CodexWorktrees\wc\m7\tests\runtime\../../game/Source/WonderChessRuntime/Private/Simulation/WonderManaTests.h(68): note: 'wc::Combat::Combat(const wc::Catalog &,const std::vector<wc::OwnedUnit,std::allocator<wc::OwnedUnit>> &,const std::vector<wc::OwnedUnit,std::allocator<wc::OwnedUnit>> &,wc::Id,wc::Id)': cannot convert argument 1 from 'wc::Catalog (__cdecl *)(void)' to 'const wc::Catalog &'
C:\Users\iputu\AppData\Local\CodexWorktrees\wc\m7\tests\runtime\../../game/Source/WonderChessRuntime/Private/Simulation/WonderManaTests.h(68): note: Reason: cannot convert from 'wc::Catalog (__cdecl *)(void)' to 'const wc::Catalog'
C:\Users\iputu\AppData\Local\CodexWorktrees\wc\m7\tests\runtime\../../game/Source/WonderChessRuntime/Private/Simulation/WonderManaTests.h(68): note: 'wc::Catalog::Catalog': no overloaded function could convert all the argument types
C:\Users\iputu\AppData\Local\CodexWorktrees\wc\m7\game\Source\WonderChessRuntime\Public\Simulation/WonderSimulation.h(211): note: could be 'wc::Catalog::Catalog(wc::Catalog &&)'
C:\Users\iputu\AppData\Local\CodexWorktrees\wc\m7\tests\runtime\../../game/Source/WonderChessRuntime/Private/Simulation/WonderManaTests.h(68): note: 'wc::Catalog::Catalog(wc::Catalog &&)': cannot convert argument 1 from 'wc::Catalog (__cdecl *)(void)' to 'wc::Catalog &&'
C:\Users\iputu\AppData\Local\CodexWorktrees\wc\m7\tests\runtime\../../game/Source/WonderChessRuntime/Private/Simulation/WonderManaTests.h(68): note: Reason: cannot convert from 'wc::Catalog (__cdecl *)(void)' to 'wc::Catalog'
C:\Users\iputu\AppData\Local\CodexWorktrees\wc\m7\tests\runtime\../../game/Source/WonderChessRuntime/Private/Simulation/WonderManaTests.h(68): note: Conversion requires a second user-defined-conversion operator or constructor
C:\Users\iputu\AppData\Local\CodexWorktrees\wc\m7\game\Source\WonderChessRuntime\Public\Simulation/WonderSimulation.h(211): note: or       'wc::Catalog::Catalog(const wc::Catalog &)'
C:\Users\iputu\AppData\Local\CodexWorktrees\wc\m7\tests\runtime\../../game/Source/WonderChessRuntime/Private/Simulation/WonderManaTests.h(68): note: 'wc::Catalog::Catalog(const wc::Catalog &)': cannot convert argument 1 from 'wc::Catalog (__cdecl *)(void)' to 'const wc::Catalog &'
C:\Users\iputu\AppData\Local\CodexWorktrees\wc\m7\tests\runtime\../../game/Source/WonderChessRuntime/Private/Simulation/WonderManaTests.h(68): note: Reason: cannot convert from 'wc::Catalog (__cdecl *)(void)' to 'const wc::Catalog'
C:\Users\iputu\AppData\Local\CodexWorktrees\wc\m7\tests\runtime\../../game/Source/WonderChessRuntime/Private/Simulation/WonderManaTests.h(68): note: Conversion requires a second user-defined-conversion operator or constructor
C:\Users\iputu\AppData\Local\CodexWorktrees\wc\m7\tests\runtime\../../game/Source/WonderChessRuntime/Private/Simulation/WonderManaTests.h(68): note: while trying to match the argument list '(wc::Catalog (__cdecl *)(void))'
C:\Users\iputu\AppData\Local\CodexWorktrees\wc\m7\tests\runtime\../../game/Source/WonderChessRuntime/Private/Simulation/WonderManaTests.h(68): note: while trying to match the argument list '(wc::Catalog (__cdecl *)(void), initializer list, initializer list, int)'
C:\Users\iputu\AppData\Local\CodexWorktrees\wc\m7\tests\runtime\../../game/Source/WonderChessRuntime/Private/Simulation/WonderManaTests.h(74): error C2530: 'stun': references must be initialized
C:\Users\iputu\AppData\Local\CodexWorktrees\wc\m7\tests\runtime\../../game/Source/WonderChessRuntime/Private/Simulation/WonderManaTests.h(74): error C3536: 'stun': cannot be used before it is initialized
C:\Users\iputu\AppData\Local\CodexWorktrees\wc\m7\tests\runtime\../../game/Source/WonderChessRuntime/Private/Simulation/WonderManaTests.h(76): error C2665: 'wc::Combat::Combat': no overloaded function could convert all the argument types
C:\Users\iputu\AppData\Local\CodexWorktrees\wc\m7\game\Source\WonderChessRuntime\Public\Simulation/WonderSimulation.h(399): note: could be 'wc::Combat::Combat(const wc::Catalog &,const std::vector<wc::OwnedUnit,std::allocator<wc::OwnedUnit>> &,const std::vector<wc::OwnedUnit,std::allocator<wc::OwnedUnit>> &,wc::Id,wc::Id)'
C:\Users\iputu\AppData\Local\CodexWorktrees\wc\m7\tests\runtime\../../game/Source/WonderChessRuntime/Private/Simulation/WonderManaTests.h(76): note: 'wc::Combat::Combat(const wc::Catalog &,const std::vector<wc::OwnedUnit,std::allocator<wc::OwnedUnit>> &,const std::vector<wc::OwnedUnit,std::allocator<wc::OwnedUnit>> &,wc::Id,wc::Id)': cannot convert argument 1 from 'wc::Catalog (__cdecl *)(void)' to 'const wc::Catalog &'
C:\Users\iputu\AppData\Local\CodexWorktrees\wc\m7\tests\runtime\../../game/Source/WonderChessRuntime/Private/Simulation/WonderManaTests.h(76): note: Reason: cannot convert from 'wc::Catalog (__cdecl *)(void)' to 'const wc::Catalog'
C:\Users\iputu\AppData\Local\CodexWorktrees\wc\m7\tests\runtime\../../game/Source/WonderChessRuntime/Private/Simulation/WonderManaTests.h(76): note: 'wc::Catalog::Catalog': no overloaded function could convert all the argument types
C:\Users\iputu\AppData\Local\CodexWorktrees\wc\m7\game\Source\WonderChessRuntime\Public\Simulation/WonderSimulation.h(211): note: could be 'wc::Catalog::Catalog(wc::Catalog &&)'
C:\Users\iputu\AppData\Local\CodexWorktrees\wc\m7\tests\runtime\../../game/Source/WonderChessRuntime/Private/Simulation/WonderManaTests.h(76): note: 'wc::Catalog::Catalog(wc::Catalog &&)': cannot convert argument 1 from 'wc::Catalog (__cdecl *)(void)' to 'wc::Catalog &&'
C:\Users\iputu\AppData\Local\CodexWorktrees\wc\m7\tests\runtime\../../game/Source/WonderChessRuntime/Private/Simulation/WonderManaTests.h(76): note: Reason: cannot convert from 'wc::Catalog (__cdecl *)(void)' to 'wc::Catalog'
C:\Users\iputu\AppData\Local\CodexWorktrees\wc\m7\tests\runtime\../../game/Source/WonderChessRuntime/Private/Simulation/WonderManaTests.h(76): note: Conversion requires a second user-defined-conversion operator or constructor
C:\Users\iputu\AppData\Local\CodexWorktrees\wc\m7\game\Source\WonderChessRuntime\Public\Simulation/WonderSimulation.h(211): note: or       'wc::Catalog::Catalog(const wc::Catalog &)'
C:\Users\iputu\AppData\Local\CodexWorktrees\wc\m7\tests\runtime\../../game/Source/WonderChessRuntime/Private/Simulation/WonderManaTests.h(76): note: 'wc::Catalog::Catalog(const wc::Catalog &)': cannot convert argument 1 from 'wc::Catalog (__cdecl *)(void)' to 'const wc::Catalog &'
C:\Users\iputu\AppData\Local\CodexWorktrees\wc\m7\tests\runtime\../../game/Source/WonderChessRuntime/Private/Simulation/WonderManaTests.h(76): note: Reason: cannot convert from 'wc::Catalog (__cdecl *)(void)' to 'const wc::Catalog'
C:\Users\iputu\AppData\Local\CodexWorktrees\wc\m7\tests\runtime\../../game/Source/WonderChessRuntime/Private/Simulation/WonderManaTests.h(76): note: Conversion requires a second user-defined-conversion operator or constructor
C:\Users\iputu\AppData\Local\CodexWorktrees\wc\m7\tests\runtime\../../game/Source/WonderChessRuntime/Private/Simulation/WonderManaTests.h(76): note: while trying to match the argument list '(wc::Catalog (__cdecl *)(void))'
C:\Users\iputu\AppData\Local\CodexWorktrees\wc\m7\tests\runtime\../../game/Source/WonderChessRuntime/Private/Simulation/WonderManaTests.h(76): note: while trying to match the argument list '(wc::Catalog (__cdecl *)(void), initializer list, initializer list, int)'
C:\Users\iputu\AppData\Local\CodexWorktrees\wc\m7\tests\runtime\../../game/Source/WonderChessRuntime/Private/Simulation/WonderManaTests.h(84): error C2665: 'wc::Combat::Combat': no overloaded function could convert all the argument types
C:\Users\iputu\AppData\Local\CodexWorktrees\wc\m7\game\Source\WonderChessRuntime\Public\Simulation/WonderSimulation.h(399): note: could be 'wc::Combat::Combat(const wc::Catalog &,const std::vector<wc::OwnedUnit,std::allocator<wc::OwnedUnit>> &,const std::vector<wc::OwnedUnit,std::allocator<wc::OwnedUnit>> &,wc::Id,wc::Id)'
C:\Users\iputu\AppData\Local\CodexWorktrees\wc\m7\tests\runtime\../../game/Source/WonderChessRuntime/Private/Simulation/WonderManaTests.h(84): note: 'wc::Combat::Combat(const wc::Catalog &,const std::vector<wc::OwnedUnit,std::allocator<wc::OwnedUnit>> &,const std::vector<wc::OwnedUnit,std::allocator<wc::OwnedUnit>> &,wc::Id,wc::Id)': cannot convert argument 1 from 'wc::Catalog (__cdecl *)(void)' to 'const wc::Catalog &'
C:\Users\iputu\AppData\Local\CodexWorktrees\wc\m7\tests\runtime\../../game/Source/WonderChessRuntime/Private/Simulation/WonderManaTests.h(84): note: Reason: cannot convert from 'wc::Catalog (__cdecl *)(void)' to 'const wc::Catalog'
C:\Users\iputu\AppData\Local\CodexWorktrees\wc\m7\tests\runtime\../../game/Source/WonderChessRuntime/Private/Simulation/WonderManaTests.h(84): note: 'wc::Catalog::Catalog': no overloaded function could convert all the argument types
C:\Users\iputu\AppData\Local\CodexWorktrees\wc\m7\game\Source\WonderChessRuntime\Public\Simulation/WonderSimulation.h(211): note: could be 'wc::Catalog::Catalog(wc::Catalog &&)'
C:\Users\iputu\AppData\Local\CodexWorktrees\wc\m7\tests\runtime\../../game/Source/WonderChessRuntime/Private/Simulation/WonderManaTests.h(84): note: 'wc::Catalog::Catalog(wc::Catalog &&)': cannot convert argument 1 from 'wc::Catalog (__cdecl *)(void)' to 'wc::Catalog &&'
C:\Users\iputu\AppData\Local\CodexWorktrees\wc\m7\tests\runtime\../../game/Source/WonderChessRuntime/Private/Simulation/WonderManaTests.h(84): note: Reason: cannot convert from 'wc::Catalog (__cdecl *)(void)' to 'wc::Catalog'
C:\Users\iputu\AppData\Local\CodexWorktrees\wc\m7\tests\runtime\../../game/Source/WonderChessRuntime/Private/Simulation/WonderManaTests.h(84): note: Conversion requires a second user-defined-conversion operator or constructor
C:\Users\iputu\AppData\Local\CodexWorktrees\wc\m7\game\Source\WonderChessRuntime\Public\Simulation/WonderSimulation.h(211): note: or       'wc::Catalog::Catalog(const wc::Catalog &)'
C:\Users\iputu\AppData\Local\CodexWorktrees\wc\m7\tests\runtime\../../game/Source/WonderChessRuntime/Private/Simulation/WonderManaTests.h(84): note: 'wc::Catalog::Catalog(const wc::Catalog &)': cannot convert argument 1 from 'wc::Catalog (__cdecl *)(void)' to 'const wc::Catalog &'
C:\Users\iputu\AppData\Local\CodexWorktrees\wc\m7\tests\runtime\../../game/Source/WonderChessRuntime/Private/Simulation/WonderManaTests.h(84): note: Reason: cannot convert from 'wc::Catalog (__cdecl *)(void)' to 'const wc::Catalog'
C:\Users\iputu\AppData\Local\CodexWorktrees\wc\m7\tests\runtime\../../game/Source/WonderChessRuntime/Private/Simulation/WonderManaTests.h(84): note: Conversion requires a second user-defined-conversion operator or constructor
C:\Users\iputu\AppData\Local\CodexWorktrees\wc\m7\tests\runtime\../../game/Source/WonderChessRuntime/Private/Simulation/WonderManaTests.h(84): note: while trying to match the argument list '(wc::Catalog (__cdecl *)(void))'
C:\Users\iputu\AppData\Local\CodexWorktrees\wc\m7\tests\runtime\../../game/Source/WonderChessRuntime/Private/Simulation/WonderManaTests.h(84): note: while trying to match the argument list '(wc::Catalog (__cdecl *)(void), initializer list, initializer list, int)'
C:\Users\iputu\AppData\Local\CodexWorktrees\wc\m7\tests\runtime\../../game/Source/WonderChessRuntime/Private/Simulation/WonderManaTests.h(92): error C2530: 'shield': references must be initialized
C:\Users\iputu\AppData\Local\CodexWorktrees\wc\m7\tests\runtime\../../game/Source/WonderChessRuntime/Private/Simulation/WonderManaTests.h(92): error C3536: 'shield': cannot be used before it is initialized
C:\Users\iputu\AppData\Local\CodexWorktrees\wc\m7\tests\runtime\../../game/Source/WonderChessRuntime/Private/Simulation/WonderManaTests.h(96): error C2665: 'wc::Combat::Combat': no overloaded function could convert all the argument types
C:\Users\iputu\AppData\Local\CodexWorktrees\wc\m7\game\Source\WonderChessRuntime\Public\Simulation/WonderSimulation.h(399): note: could be 'wc::Combat::Combat(const wc::Catalog &,const std::vector<wc::OwnedUnit,std::allocator<wc::OwnedUnit>> &,const std::vector<wc::OwnedUnit,std::allocator<wc::OwnedUnit>> &,wc::Id,wc::Id)'
C:\Users\iputu\AppData\Local\CodexWorktrees\wc\m7\tests\runtime\../../game/Source/WonderChessRuntime/Private/Simulation/WonderManaTests.h(96): note: 'wc::Combat::Combat(const wc::Catalog &,const std::vector<wc::OwnedUnit,std::allocator<wc::OwnedUnit>> &,const std::vector<wc::OwnedUnit,std::allocator<wc::OwnedUnit>> &,wc::Id,wc::Id)': cannot convert argument 1 from 'wc::Catalog (__cdecl *)(void)' to 'const wc::Catalog &'
C:\Users\iputu\AppData\Local\CodexWorktrees\wc\m7\tests\runtime\../../game/Source/WonderChessRuntime/Private/Simulation/WonderManaTests.h(96): note: Reason: cannot convert from 'wc::Catalog (__cdecl *)(void)' to 'const wc::Catalog'
C:\Users\iputu\AppData\Local\CodexWorktrees\wc\m7\tests\runtime\../../game/Source/WonderChessRuntime/Private/Simulation/WonderManaTests.h(96): note: 'wc::Catalog::Catalog': no overloaded function could convert all the argument types
C:\Users\iputu\AppData\Local\CodexWorktrees\wc\m7\game\Source\WonderChessRuntime\Public\Simulation/WonderSimulation.h(211): note: could be 'wc::Catalog::Catalog(wc::Catalog &&)'
C:\Users\iputu\AppData\Local\CodexWorktrees\wc\m7\tests\runtime\../../game/Source/WonderChessRuntime/Private/Simulation/WonderManaTests.h(96): note: 'wc::Catalog::Catalog(wc::Catalog &&)': cannot convert argument 1 from 'wc::Catalog (__cdecl *)(void)' to 'wc::Catalog &&'
C:\Users\iputu\AppData\Local\CodexWorktrees\wc\m7\tests\runtime\../../game/Source/WonderChessRuntime/Private/Simulation/WonderManaTests.h(96): note: Reason: cannot convert from 'wc::Catalog (__cdecl *)(void)' to 'wc::Catalog'
C:\Users\iputu\AppData\Local\CodexWorktrees\wc\m7\tests\runtime\../../game/Source/WonderChessRuntime/Private/Simulation/WonderManaTests.h(96): note: Conversion requires a second user-defined-conversion operator or constructor
C:\Users\iputu\AppData\Local\CodexWorktrees\wc\m7\game\Source\WonderChessRuntime\Public\Simulation/WonderSimulation.h(211): note: or       'wc::Catalog::Catalog(const wc::Catalog &)'
C:\Users\iputu\AppData\Local\CodexWorktrees\wc\m7\tests\runtime\../../game/Source/WonderChessRuntime/Private/Simulation/WonderManaTests.h(96): note: 'wc::Catalog::Catalog(const wc::Catalog &)': cannot convert argument 1 from 'wc::Catalog (__cdecl *)(void)' to 'const wc::Catalog &'
C:\Users\iputu\AppData\Local\CodexWorktrees\wc\m7\tests\runtime\../../game/Source/WonderChessRuntime/Private/Simulation/WonderManaTests.h(96): note: Reason: cannot convert from 'wc::Catalog (__cdecl *)(void)' to 'const wc::Catalog'
C:\Users\iputu\AppData\Local\CodexWorktrees\wc\m7\tests\runtime\../../game/Source/WonderChessRuntime/Private/Simulation/WonderManaTests.h(96): note: Conversion requires a second user-defined-conversion operator or constructor
C:\Users\iputu\AppData\Local\CodexWorktrees\wc\m7\tests\runtime\../../game/Source/WonderChessRuntime/Private/Simulation/WonderManaTests.h(96): note: while trying to match the argument list '(wc::Catalog (__cdecl *)(void))'
C:\Users\iputu\AppData\Local\CodexWorktrees\wc\m7\tests\runtime\../../game/Source/WonderChessRuntime/Private/Simulation/WonderManaTests.h(96): note: while trying to match the argument list '(wc::Catalog (__cdecl *)(void), initializer list, initializer list, int)'
C:\Users\iputu\AppData\Local\CodexWorktrees\wc\m7\tests\runtime\../../game/Source/WonderChessRuntime/Private/Simulation/WonderManaTests.h(101): error C2660: 'wc::RelicCompatible': function does not take 1 arguments
C:\Users\iputu\AppData\Local\CodexWorktrees\wc\m7\game\Source\WonderChessRuntime\Public\Simulation/WonderSimulation.h(146): note: see declaration of 'wc::RelicCompatible'
C:\Users\iputu\AppData\Local\CodexWorktrees\wc\m7\tests\runtime\../../game/Source/WonderChessRuntime/Private/Simulation/WonderManaTests.h(101): note: while trying to match the argument list '()'
C:\Users\iputu\AppData\Local\CodexWorktrees\wc\m7\tests\runtime\../../game/Source/WonderChessRuntime/Private/Simulation/WonderManaTests.h(103): error C2664: 'wc::AbilityDef wc::EffectiveAbility(const wc::Catalog &,const wc::UnitDef &,int)': cannot convert argument 1 from 'wc::Catalog (__cdecl *const )(void)' to 'const wc::Catalog &'
C:\Users\iputu\AppData\Local\CodexWorktrees\wc\m7\tests\runtime\../../game/Source/WonderChessRuntime/Private/Simulation/WonderManaTests.h(103): note: Reason: cannot convert from 'wc::Catalog (__cdecl *const )(void)' to 'const wc::Catalog'
C:\Users\iputu\AppData\Local\CodexWorktrees\wc\m7\tests\runtime\../../game/Source/WonderChessRuntime/Private/Simulation/WonderManaTests.h(103): note: 'wc::Catalog::Catalog': no overloaded function could convert all the argument types
C:\Users\iputu\AppData\Local\CodexWorktrees\wc\m7\game\Source\WonderChessRuntime\Public\Simulation/WonderSimulation.h(211): note: could be 'wc::Catalog::Catalog(wc::Catalog &&)'
C:\Users\iputu\AppData\Local\CodexWorktrees\wc\m7\tests\runtime\../../game/Source/WonderChessRuntime/Private/Simulation/WonderManaTests.h(103): note: 'wc::Catalog::Catalog(wc::Catalog &&)': cannot convert argument 1 from 'wc::Catalog (__cdecl *const )(void)' to 'wc::Catalog &&'
C:\Users\iputu\AppData\Local\CodexWorktrees\wc\m7\tests\runtime\../../game/Source/WonderChessRuntime/Private/Simulation/WonderManaTests.h(103): note: Reason: cannot convert from 'wc::Catalog (__cdecl *const )(void)' to 'wc::Catalog'
C:\Users\iputu\AppData\Local\CodexWorktrees\wc\m7\tests\runtime\../../game/Source/WonderChessRuntime/Private/Simulation/WonderManaTests.h(103): note: Conversion requires a second user-defined-conversion operator or constructor
C:\Users\iputu\AppData\Local\CodexWorktrees\wc\m7\game\Source\WonderChessRuntime\Public\Simulation/WonderSimulation.h(211): note: or       'wc::Catalog::Catalog(const wc::Catalog &)'
C:\Users\iputu\AppData\Local\CodexWorktrees\wc\m7\tests\runtime\../../game/Source/WonderChessRuntime/Private/Simulation/WonderManaTests.h(103): note: 'wc::Catalog::Catalog(const wc::Catalog &)': cannot convert argument 1 from 'wc::Catalog (__cdecl *const )(void)' to 'const wc::Catalog &'
C:\Users\iputu\AppData\Local\CodexWorktrees\wc\m7\tests\runtime\../../game/Source/WonderChessRuntime/Private/Simulation/WonderManaTests.h(103): note: Reason: cannot convert from 'wc::Catalog (__cdecl *const )(void)' to 'const wc::Catalog'
C:\Users\iputu\AppData\Local\CodexWorktrees\wc\m7\tests\runtime\../../game/Source/WonderChessRuntime/Private/Simulation/WonderManaTests.h(103): note: Conversion requires a second user-defined-conversion operator or constructor
C:\Users\iputu\AppData\Local\CodexWorktrees\wc\m7\tests\runtime\../../game/Source/WonderChessRuntime/Private/Simulation/WonderManaTests.h(103): note: while trying to match the argument list '(wc::Catalog (__cdecl *const )(void))'
C:\Users\iputu\AppData\Local\CodexWorktrees\wc\m7\game\Source\WonderChessRuntime\Public\Simulation/WonderSimulation.h(212): note: see declaration of 'wc::EffectiveAbility'
C:\Users\iputu\AppData\Local\CodexWorktrees\wc\m7\tests\runtime\../../game/Source/WonderChessRuntime/Private/Simulation/WonderManaTests.h(103): note: while trying to match the argument list '(wc::Catalog (__cdecl *const )(void), int)'
C:\Users\iputu\AppData\Local\CodexWorktrees\wc\m7\tests\runtime\../../game/Source/WonderChessRuntime/Private/Simulation/WonderManaTests.h(105): error C2664: 'wc::AbilityDef wc::EffectiveAbility(const wc::Catalog &,const wc::UnitDef &,int)': cannot convert argument 1 from 'wc::Catalog (__cdecl *const )(void)' to 'const wc::Catalog &'
C:\Users\iputu\AppData\Local\CodexWorktrees\wc\m7\tests\runtime\../../game/Source/WonderChessRuntime/Private/Simulation/WonderManaTests.h(105): note: Reason: cannot convert from 'wc::Catalog (__cdecl *const )(void)' to 'const wc::Catalog'
C:\Users\iputu\AppData\Local\CodexWorktrees\wc\m7\tests\runtime\../../game/Source/WonderChessRuntime/Private/Simulation/WonderManaTests.h(105): note: 'wc::Catalog::Catalog': no overloaded function could convert all the argument types
C:\Users\iputu\AppData\Local\CodexWorktrees\wc\m7\game\Source\WonderChessRuntime\Public\Simulation/WonderSimulation.h(211): note: could be 'wc::Catalog::Catalog(wc::Catalog &&)'
C:\Users\iputu\AppData\Local\CodexWorktrees\wc\m7\tests\runtime\../../game/Source/WonderChessRuntime/Private/Simulation/WonderManaTests.h(105): note: 'wc::Catalog::Catalog(wc::Catalog &&)': cannot convert argument 1 from 'wc::Catalog (__cdecl *const )(void)' to 'wc::Catalog &&'
C:\Users\iputu\AppData\Local\CodexWorktrees\wc\m7\tests\runtime\../../game/Source/WonderChessRuntime/Private/Simulation/WonderManaTests.h(105): note: Reason: cannot convert from 'wc::Catalog (__cdecl *const )(void)' to 'wc::Catalog'
C:\Users\iputu\AppData\Local\CodexWorktrees\wc\m7\tests\runtime\../../game/Source/WonderChessRuntime/Private/Simulation/WonderManaTests.h(105): note: Conversion requires a second user-defined-conversion operator or constructor
C:\Users\iputu\AppData\Local\CodexWorktrees\wc\m7\game\Source\WonderChessRuntime\Public\Simulation/WonderSimulation.h(211): note: or       'wc::Catalog::Catalog(const wc::Catalog &)'
C:\Users\iputu\AppData\Local\CodexWorktrees\wc\m7\tests\runtime\../../game/Source/WonderChessRuntime/Private/Simulation/WonderManaTests.h(105): note: 'wc::Catalog::Catalog(const wc::Catalog &)': cannot convert argument 1 from 'wc::Catalog (__cdecl *const )(void)' to 'const wc::Catalog &'
C:\Users\iputu\AppData\Local\CodexWorktrees\wc\m7\tests\runtime\../../game/Source/WonderChessRuntime/Private/Simulation/WonderManaTests.h(105): note: Reason: cannot convert from 'wc::Catalog (__cdecl *const )(void)' to 'const wc::Catalog'
C:\Users\iputu\AppData\Local\CodexWorktrees\wc\m7\tests\runtime\../../game/Source/WonderChessRuntime/Private/Simulation/WonderManaTests.h(105): note: Conversion requires a second user-defined-conversion operator or constructor
C:\Users\iputu\AppData\Local\CodexWorktrees\wc\m7\tests\runtime\../../game/Source/WonderChessRuntime/Private/Simulation/WonderManaTests.h(105): note: while trying to match the argument list '(wc::Catalog (__cdecl *const )(void))'
C:\Users\iputu\AppData\Local\CodexWorktrees\wc\m7\game\Source\WonderChessRuntime\Public\Simulation/WonderSimulation.h(212): note: see declaration of 'wc::EffectiveAbility'
C:\Users\iputu\AppData\Local\CodexWorktrees\wc\m7\tests\runtime\../../game/Source/WonderChessRuntime/Private/Simulation/WonderManaTests.h(105): note: while trying to match the argument list '(wc::Catalog (__cdecl *const )(void), int)'
C:\Users\iputu\AppData\Local\CodexWorktrees\wc\m7\tests\runtime\vnext_combat_tests.cpp(26): error C2530: 'unit': references must be initialized
C:\Users\iputu\AppData\Local\CodexWorktrees\wc\m7\tests\runtime\vnext_combat_tests.cpp(26): error C3531: 'unit': a symbol whose type contains 'auto' must have an initializer
C:\Users\iputu\AppData\Local\CodexWorktrees\wc\m7\tests\runtime\vnext_combat_tests.cpp(26): error C2143: syntax error: missing ';' before ':'
C:\Users\iputu\AppData\Local\CodexWorktrees\wc\m7\tests\runtime\vnext_combat_tests.cpp(26): error C2143: syntax error: missing ';' before ')'
C:\Users\iputu\AppData\Local\CodexWorktrees\wc\m7\tests\runtime\vnext_combat_tests.cpp(32): error C2440: 'return': cannot convert from 'wc::Catalog (__cdecl *)(void)' to 'wc::Catalog'
C:\Users\iputu\AppData\Local\CodexWorktrees\wc\m7\tests\runtime\vnext_combat_tests.cpp(32): note: 'wc::Catalog::Catalog': no overloaded function could convert all the argument types
C:\Users\iputu\AppData\Local\CodexWorktrees\wc\m7\game\Source\WonderChessRuntime\Public\Simulation/WonderSimulation.h(211): note: could be 'wc::Catalog::Catalog(wc::Catalog &&)'
C:\Users\iputu\AppData\Local\CodexWorktrees\wc\m7\tests\runtime\vnext_combat_tests.cpp(32): note: 'wc::Catalog::Catalog(wc::Catalog &&)': cannot convert argument 1 from 'wc::Catalog (__cdecl *)(void)' to 'wc::Catalog &&'
C:\Users\iputu\AppData\Local\CodexWorktrees\wc\m7\tests\runtime\vnext_combat_tests.cpp(32): note: Reason: cannot convert from 'wc::Catalog (__cdecl *)(void)' to 'wc::Catalog'
C:\Users\iputu\AppData\Local\CodexWorktrees\wc\m7\tests\runtime\vnext_combat_tests.cpp(32): note: Conversion requires a second user-defined-conversion operator or constructor
C:\Users\iputu\AppData\Local\CodexWorktrees\wc\m7\game\Source\WonderChessRuntime\Public\Simulation/WonderSimulation.h(211): note: or       'wc::Catalog::Catalog(const wc::Catalog &)'
C:\Users\iputu\AppData\Local\CodexWorktrees\wc\m7\tests\runtime\vnext_combat_tests.cpp(32): note: 'wc::Catalog::Catalog(const wc::Catalog &)': cannot convert argument 1 from 'wc::Catalog (__cdecl *)(void)' to 'const wc::Catalog &'
C:\Users\iputu\AppData\Local\CodexWorktrees\wc\m7\tests\runtime\vnext_combat_tests.cpp(32): note: Reason: cannot convert from 'wc::Catalog (__cdecl *)(void)' to 'const wc::Catalog'
C:\Users\iputu\AppData\Local\CodexWorktrees\wc\m7\tests\runtime\vnext_combat_tests.cpp(32): note: Conversion requires a second user-defined-conversion operator or constructor
C:\Users\iputu\AppData\Local\CodexWorktrees\wc\m7\tests\runtime\vnext_combat_tests.cpp(32): note: while trying to match the argument list '(wc::Catalog (__cdecl *)(void))'
C:\Users\iputu\AppData\Local\CodexWorktrees\wc\m7\tests\runtime\vnext_combat_tests.cpp(58): error C2737: 'error': const object must be initialized
C:\Users\iputu\AppData\Local\CodexWorktrees\wc\m7\tests\runtime\vnext_combat_tests.cpp(59): error C3536: 'error': cannot be used before it is initialized
C:\Users\iputu\AppData\Local\CodexWorktrees\wc\m7\tests\runtime\vnext_combat_tests.cpp(62): error C2672: 'std::any_of': no matching overloaded function found
C:\Program Files\Microsoft Visual Studio\2022\Community\VC\Tools\MSVC\14.44.35207\include\algorithm(1364): note: could be 'bool std::any_of(_ExPo &&,_FwdIt,_FwdIt,_Pr) noexcept'
C:\Users\iputu\AppData\Local\CodexWorktrees\wc\m7\tests\runtime\vnext_combat_tests.cpp(62): note: 'bool std::any_of(_ExPo &&,_FwdIt,_FwdIt,_Pr) noexcept': expects 4 arguments - 2 provided
C:\Program Files\Microsoft Visual Studio\2022\Community\VC\Tools\MSVC\14.44.35207\include\algorithm(1348): note: or       'bool std::any_of(const _InIt,const _InIt,_Pr)'
C:\Users\iputu\AppData\Local\CodexWorktrees\wc\m7\tests\runtime\vnext_combat_tests.cpp(62): note: 'bool std::any_of(const _InIt,const _InIt,_Pr)': expects 3 arguments - 2 provided
C:\Users\iputu\AppData\Local\CodexWorktrees\wc\m7\tests\runtime\vnext_combat_tests.cpp(214): error C2737: 'base': const object must be initialized
C:\Users\iputu\AppData\Local\CodexWorktrees\wc\m7\tests\runtime\vnext_combat_tests.cpp(215): error C2664: 'wc::AbilityDef wc::EffectiveAbility(const wc::Catalog &,const wc::UnitDef &,int)': cannot convert argument 1 from 'wc::Catalog (__cdecl *)(void)' to 'const wc::Catalog &'
C:\Users\iputu\AppData\Local\CodexWorktrees\wc\m7\tests\runtime\vnext_combat_tests.cpp(215): note: Reason: cannot convert from 'wc::Catalog (__cdecl *)(void)' to 'const wc::Catalog'
C:\Users\iputu\AppData\Local\CodexWorktrees\wc\m7\tests\runtime\vnext_combat_tests.cpp(215): note: 'wc::Catalog::Catalog': no overloaded function could convert all the argument types
C:\Users\iputu\AppData\Local\CodexWorktrees\wc\m7\game\Source\WonderChessRuntime\Public\Simulation/WonderSimulation.h(211): note: could be 'wc::Catalog::Catalog(wc::Catalog &&)'
C:\Users\iputu\AppData\Local\CodexWorktrees\wc\m7\tests\runtime\vnext_combat_tests.cpp(215): note: 'wc::Catalog::Catalog(wc::Catalog &&)': cannot convert argument 1 from 'wc::Catalog (__cdecl *)(void)' to 'wc::Catalog &&'
C:\Users\iputu\AppData\Local\CodexWorktrees\wc\m7\tests\runtime\vnext_combat_tests.cpp(215): note: Reason: cannot convert from 'wc::Catalog (__cdecl *)(void)' to 'wc::Catalog'
C:\Users\iputu\AppData\Local\CodexWorktrees\wc\m7\tests\runtime\vnext_combat_tests.cpp(215): note: Conversion requires a second user-defined-conversion operator or constructor
C:\Users\iputu\AppData\Local\CodexWorktrees\wc\m7\game\Source\WonderChessRuntime\Public\Simulation/WonderSimulation.h(211): note: or       'wc::Catalog::Catalog(const wc::Catalog &)'
C:\Users\iputu\AppData\Local\CodexWorktrees\wc\m7\tests\runtime\vnext_combat_tests.cpp(215): note: 'wc::Catalog::Catalog(const wc::Catalog &)': cannot convert argument 1 from 'wc::Catalog (__cdecl *)(void)' to 'const wc::Catalog &'
C:\Users\iputu\AppData\Local\CodexWorktrees\wc\m7\tests\runtime\vnext_combat_tests.cpp(215): note: Reason: cannot convert from 'wc::Catalog (__cdecl *)(void)' to 'const wc::Catalog'
C:\Users\iputu\AppData\Local\CodexWorktrees\wc\m7\tests\runtime\vnext_combat_tests.cpp(215): note: Conversion requires a second user-defined-conversion operator or constructor
C:\Users\iputu\AppData\Local\CodexWorktrees\wc\m7\tests\runtime\vnext_combat_tests.cpp(215): note: while trying to match the argument list '(wc::Catalog (__cdecl *)(void))'
C:\Users\iputu\AppData\Local\CodexWorktrees\wc\m7\game\Source\WonderChessRuntime\Public\Simulation/WonderSimulation.h(212): note: see declaration of 'wc::EffectiveAbility'
C:\Users\iputu\AppData\Local\CodexWorktrees\wc\m7\tests\runtime\vnext_combat_tests.cpp(215): note: while trying to match the argument list '(wc::Catalog (__cdecl *)(void), int)'
C:\Users\iputu\AppData\Local\CodexWorktrees\wc\m7\tests\runtime\vnext_combat_tests.cpp(216): error C3536: 'base': cannot be used before it is initialized
C:\Users\iputu\AppData\Local\CodexWorktrees\wc\m7\tests\runtime\vnext_combat_tests.cpp(220): error C2664: 'wc::AbilityDef wc::EffectiveAbility(const wc::Catalog &,const wc::UnitDef &,int)': cannot convert argument 1 from 'wc::Catalog (__cdecl *)(void)' to 'const wc::Catalog &'
C:\Users\iputu\AppData\Local\CodexWorktrees\wc\m7\tests\runtime\vnext_combat_tests.cpp(220): note: Reason: cannot convert from 'wc::Catalog (__cdecl *)(void)' to 'const wc::Catalog'
C:\Users\iputu\AppData\Local\CodexWorktrees\wc\m7\tests\runtime\vnext_combat_tests.cpp(220): note: 'wc::Catalog::Catalog': no overloaded function could convert all the argument types
C:\Users\iputu\AppData\Local\CodexWorktrees\wc\m7\game\Source\WonderChessRuntime\Public\Simulation/WonderSimulation.h(211): note: could be 'wc::Catalog::Catalog(wc::Catalog &&)'
C:\Users\iputu\AppData\Local\CodexWorktrees\wc\m7\tests\runtime\vnext_combat_tests.cpp(220): note: 'wc::Catalog::Catalog(wc::Catalog &&)': cannot convert argument 1 from 'wc::Catalog (__cdecl *)(void)' to 'wc::Catalog &&'
C:\Users\iputu\AppData\Local\CodexWorktrees\wc\m7\tests\runtime\vnext_combat_tests.cpp(220): note: Reason: cannot convert from 'wc::Catalog (__cdecl *)(void)' to 'wc::Catalog'
C:\Users\iputu\AppData\Local\CodexWorktrees\wc\m7\tests\runtime\vnext_combat_tests.cpp(220): note: Conversion requires a second user-defined-conversion operator or constructor
C:\Users\iputu\AppData\Local\CodexWorktrees\wc\m7\game\Source\WonderChessRuntime\Public\Simulation/WonderSimulation.h(211): note: or       'wc::Catalog::Catalog(const wc::Catalog &)'
C:\Users\iputu\AppData\Local\CodexWorktrees\wc\m7\tests\runtime\vnext_combat_tests.cpp(220): note: 'wc::Catalog::Catalog(const wc::Catalog &)': cannot convert argument 1 from 'wc::Catalog (__cdecl *)(void)' to 'const wc::Catalog &'
C:\Users\iputu\AppData\Local\CodexWorktrees\wc\m7\tests\runtime\vnext_combat_tests.cpp(220): note: Reason: cannot convert from 'wc::Catalog (__cdecl *)(void)' to 'const wc::Catalog'
C:\Users\iputu\AppData\Local\CodexWorktrees\wc\m7\tests\runtime\vnext_combat_tests.cpp(220): note: Conversion requires a second user-defined-conversion operator or constructor
C:\Users\iputu\AppData\Local\CodexWorktrees\wc\m7\tests\runtime\vnext_combat_tests.cpp(220): note: while trying to match the argument list '(wc::Catalog (__cdecl *)(void))'
C:\Users\iputu\AppData\Local\CodexWorktrees\wc\m7\game\Source\WonderChessRuntime\Public\Simulation/WonderSimulation.h(212): note: see declaration of 'wc::EffectiveAbility'
C:\Users\iputu\AppData\Local\CodexWorktrees\wc\m7\tests\runtime\vnext_combat_tests.cpp(220): note: while trying to match the argument list '(wc::Catalog (__cdecl *)(void), int)'
C:\Users\iputu\AppData\Local\CodexWorktrees\wc\m7\tests\runtime\vnext_combat_tests.cpp(226): error C2665: 'wc::Combat::Combat': no overloaded function could convert all the argument types
C:\Users\iputu\AppData\Local\CodexWorktrees\wc\m7\game\Source\WonderChessRuntime\Public\Simulation/WonderSimulation.h(399): note: could be 'wc::Combat::Combat(const wc::Catalog &,const std::vector<wc::OwnedUnit,std::allocator<wc::OwnedUnit>> &,const std::vector<wc::OwnedUnit,std::allocator<wc::OwnedUnit>> &,wc::Id,wc::Id)'
C:\Users\iputu\AppData\Local\CodexWorktrees\wc\m7\tests\runtime\vnext_combat_tests.cpp(226): note: 'wc::Combat::Combat(const wc::Catalog &,const std::vector<wc::OwnedUnit,std::allocator<wc::OwnedUnit>> &,const std::vector<wc::OwnedUnit,std::allocator<wc::OwnedUnit>> &,wc::Id,wc::Id)': cannot convert argument 1 from 'wc::Catalog (__cdecl *)(void)' to 'const wc::Catalog &'
C:\Users\iputu\AppData\Local\CodexWorktrees\wc\m7\tests\runtime\vnext_combat_tests.cpp(226): note: Reason: cannot convert from 'wc::Catalog (__cdecl *)(void)' to 'const wc::Catalog'
C:\Users\iputu\AppData\Local\CodexWorktrees\wc\m7\tests\runtime\vnext_combat_tests.cpp(226): note: 'wc::Catalog::Catalog': no overloaded function could convert all the argument types
C:\Users\iputu\AppData\Local\CodexWorktrees\wc\m7\game\Source\WonderChessRuntime\Public\Simulation/WonderSimulation.h(211): note: could be 'wc::Catalog::Catalog(wc::Catalog &&)'
C:\Users\iputu\AppData\Local\CodexWorktrees\wc\m7\tests\runtime\vnext_combat_tests.cpp(226): note: 'wc::Catalog::Catalog(wc::Catalog &&)': cannot convert argument 1 from 'wc::Catalog (__cdecl *)(void)' to 'wc::Catalog &&'
C:\Users\iputu\AppData\Local\CodexWorktrees\wc\m7\tests\runtime\vnext_combat_tests.cpp(226): note: Reason: cannot convert from 'wc::Catalog (__cdecl *)(void)' to 'wc::Catalog'
C:\Users\iputu\AppData\Local\CodexWorktrees\wc\m7\tests\runtime\vnext_combat_tests.cpp(226): note: Conversion requires a second user-defined-conversion operator or constructor
C:\Users\iputu\AppData\Local\CodexWorktrees\wc\m7\game\Source\WonderChessRuntime\Public\Simulation/WonderSimulation.h(211): note: or       'wc::Catalog::Catalog(const wc::Catalog &)'
C:\Users\iputu\AppData\Local\CodexWorktrees\wc\m7\tests\runtime\vnext_combat_tests.cpp(226): note: 'wc::Catalog::Catalog(const wc::Catalog &)': cannot convert argument 1 from 'wc::Catalog (__cdecl *)(void)' to 'const wc::Catalog &'
C:\Users\iputu\AppData\Local\CodexWorktrees\wc\m7\tests\runtime\vnext_combat_tests.cpp(226): note: Reason: cannot convert from 'wc::Catalog (__cdecl *)(void)' to 'const wc::Catalog'
C:\Users\iputu\AppData\Local\CodexWorktrees\wc\m7\tests\runtime\vnext_combat_tests.cpp(226): note: Conversion requires a second user-defined-conversion operator or constructor
C:\Users\iputu\AppData\Local\CodexWorktrees\wc\m7\tests\runtime\vnext_combat_tests.cpp(226): note: while trying to match the argument list '(wc::Catalog (__cdecl *)(void))'
C:\Users\iputu\AppData\Local\CodexWorktrees\wc\m7\tests\runtime\vnext_combat_tests.cpp(226): note: while trying to match the argument list '(wc::Catalog (__cdecl *)(void), std::vector<wc::OwnedUnit,std::allocator<wc::OwnedUnit>>, std::vector<wc::OwnedUnit,std::allocator<wc::OwnedUnit>>, int)'
C:\Users\iputu\AppData\Local\CodexWorktrees\wc\m7\tests\runtime\vnext_combat_tests.cpp(228): error C2665: 'wc::Combat::Combat': no overloaded function could convert all the argument types
C:\Users\iputu\AppData\Local\CodexWorktrees\wc\m7\game\Source\WonderChessRuntime\Public\Simulation/WonderSimulation.h(399): note: could be 'wc::Combat::Combat(const wc::Catalog &,const std::vector<wc::OwnedUnit,std::allocator<wc::OwnedUnit>> &,const std::vector<wc::OwnedUnit,std::allocator<wc::OwnedUnit>> &,wc::Id,wc::Id)'
C:\Users\iputu\AppData\Local\CodexWorktrees\wc\m7\tests\runtime\vnext_combat_tests.cpp(228): note: 'wc::Combat::Combat(const wc::Catalog &,const std::vector<wc::OwnedUnit,std::allocator<wc::OwnedUnit>> &,const std::vector<wc::OwnedUnit,std::allocator<wc::OwnedUnit>> &,wc::Id,wc::Id)': cannot convert argument 1 from 'wc::Catalog (__cdecl *)(void)' to 'const wc::Catalog &'
C:\Users\iputu\AppData\Local\CodexWorktrees\wc\m7\tests\runtime\vnext_combat_tests.cpp(228): note: Reason: cannot convert from 'wc::Catalog (__cdecl *)(void)' to 'const wc::Catalog'
C:\Users\iputu\AppData\Local\CodexWorktrees\wc\m7\tests\runtime\vnext_combat_tests.cpp(228): note: 'wc::Catalog::Catalog': no overloaded function could convert all the argument types
C:\Users\iputu\AppData\Local\CodexWorktrees\wc\m7\game\Source\WonderChessRuntime\Public\Simulation/WonderSimulation.h(211): note: could be 'wc::Catalog::Catalog(wc::Catalog &&)'
C:\Users\iputu\AppData\Local\CodexWorktrees\wc\m7\tests\runtime\vnext_combat_tests.cpp(228): note: 'wc::Catalog::Catalog(wc::Catalog &&)': cannot convert argument 1 from 'wc::Catalog (__cdecl *)(void)' to 'wc::Catalog &&'
C:\Users\iputu\AppData\Local\CodexWorktrees\wc\m7\tests\runtime\vnext_combat_tests.cpp(228): note: Reason: cannot convert from 'wc::Catalog (__cdecl *)(void)' to 'wc::Catalog'
C:\Users\iputu\AppData\Local\CodexWorktrees\wc\m7\tests\runtime\vnext_combat_tests.cpp(228): note: Conversion requires a second user-defined-conversion operator or constructor
C:\Users\iputu\AppData\Local\CodexWorktrees\wc\m7\game\Source\WonderChessRuntime\Public\Simulation/WonderSimulation.h(211): note: or       'wc::Catalog::Catalog(const wc::Catalog &)'
C:\Users\iputu\AppData\Local\CodexWorktrees\wc\m7\tests\runtime\vnext_combat_tests.cpp(228): note: 'wc::Catalog::Catalog(const wc::Catalog &)': cannot convert argument 1 from 'wc::Catalog (__cdecl *)(void)' to 'const wc::Catalog &'
C:\Users\iputu\AppData\Local\CodexWorktrees\wc\m7\tests\runtime\vnext_combat_tests.cpp(228): note: Reason: cannot convert from 'wc::Catalog (__cdecl *)(void)' to 'const wc::Catalog'
C:\Users\iputu\AppData\Local\CodexWorktrees\wc\m7\tests\runtime\vnext_combat_tests.cpp(228): note: Conversion requires a second user-defined-conversion operator or constructor
C:\Users\iputu\AppData\Local\CodexWorktrees\wc\m7\tests\runtime\vnext_combat_tests.cpp(228): note: while trying to match the argument list '(wc::Catalog (__cdecl *)(void))'
C:\Users\iputu\AppData\Local\CodexWorktrees\wc\m7\tests\runtime\vnext_combat_tests.cpp(228): note: while trying to match the argument list '(wc::Catalog (__cdecl *)(void), std::vector<wc::OwnedUnit,std::allocator<wc::OwnedUnit>>, std::vector<wc::OwnedUnit,std::allocator<wc::OwnedUnit>>, int)'
C:\Users\iputu\AppData\Local\CodexWorktrees\wc\m7\tests\runtime\vnext_combat_tests.cpp(228): error C2665: 'wc::Combat::Combat': no overloaded function could convert all the argument types
C:\Users\iputu\AppData\Local\CodexWorktrees\wc\m7\game\Source\WonderChessRuntime\Public\Simulation/WonderSimulation.h(399): note: could be 'wc::Combat::Combat(const wc::Catalog &,const std::vector<wc::OwnedUnit,std::allocator<wc::OwnedUnit>> &,const std::vector<wc::OwnedUnit,std::allocator<wc::OwnedUnit>> &,wc::Id,wc::Id)'
C:\Users\iputu\AppData\Local\CodexWorktrees\wc\m7\tests\runtime\vnext_combat_tests.cpp(228): note: 'wc::Combat::Combat(const wc::Catalog &,const std::vector<wc::OwnedUnit,std::allocator<wc::OwnedUnit>> &,const std::vector<wc::OwnedUnit,std::allocator<wc::OwnedUnit>> &,wc::Id,wc::Id)': cannot convert argument 1 from 'wc::Catalog (__cdecl *)(void)' to 'const wc::Catalog &'
C:\Users\iputu\AppData\Local\CodexWorktrees\wc\m7\tests\runtime\vnext_combat_tests.cpp(228): note: Reason: cannot convert from 'wc::Catalog (__cdecl *)(void)' to 'const wc::Catalog'
C:\Users\iputu\AppData\Local\CodexWorktrees\wc\m7\tests\runtime\vnext_combat_tests.cpp(228): note: 'wc::Catalog::Catalog': no overloaded function could convert all the argument types
C:\Users\iputu\AppData\Local\CodexWorktrees\wc\m7\game\Source\WonderChessRuntime\Public\Simulation/WonderSimulation.h(211): note: could be 'wc::Catalog::Catalog(wc::Catalog &&)'
C:\Users\iputu\AppData\Local\CodexWorktrees\wc\m7\tests\runtime\vnext_combat_tests.cpp(228): note: 'wc::Catalog::Catalog(wc::Catalog &&)': cannot convert argument 1 from 'wc::Catalog (__cdecl *)(void)' to 'wc::Catalog &&'
C:\Users\iputu\AppData\Local\CodexWorktrees\wc\m7\tests\runtime\vnext_combat_tests.cpp(228): note: Reason: cannot convert from 'wc::Catalog (__cdecl *)(void)' to 'wc::Catalog'
C:\Users\iputu\AppData\Local\CodexWorktrees\wc\m7\tests\runtime\vnext_combat_tests.cpp(228): note: Conversion requires a second user-defined-conversion operator or constructor
C:\Users\iputu\AppData\Local\CodexWorktrees\wc\m7\game\Source\WonderChessRuntime\Public\Simulation/WonderSimulation.h(211): note: or       'wc::Catalog::Catalog(const wc::Catalog &)'
C:\Users\iputu\AppData\Local\CodexWorktrees\wc\m7\tests\runtime\vnext_combat_tests.cpp(228): note: 'wc::Catalog::Catalog(const wc::Catalog &)': cannot convert argument 1 from 'wc::Catalog (__cdecl *)(void)' to 'const wc::Catalog &'
C:\Users\iputu\AppData\Local\CodexWorktrees\wc\m7\tests\runtime\vnext_combat_tests.cpp(228): note: Reason: cannot convert from 'wc::Catalog (__cdecl *)(void)' to 'const wc::Catalog'
C:\Users\iputu\AppData\Local\CodexWorktrees\wc\m7\tests\runtime\vnext_combat_tests.cpp(228): note: Conversion requires a second user-defined-conversion operator or constructor
C:\Users\iputu\AppData\Local\CodexWorktrees\wc\m7\tests\runtime\vnext_combat_tests.cpp(228): note: while trying to match the argument list '(wc::Catalog (__cdecl *)(void))'
C:\Users\iputu\AppData\Local\CodexWorktrees\wc\m7\tests\runtime\vnext_combat_tests.cpp(228): note: while trying to match the argument list '(wc::Catalog (__cdecl *)(void), std::vector<wc::OwnedUnit,std::allocator<wc::OwnedUnit>>, std::vector<wc::OwnedUnit,std::allocator<wc::OwnedUnit>>, int)'
C:\Users\iputu\AppData\Local\CodexWorktrees\wc\m7\tests\runtime\vnext_combat_tests.cpp(339): error C2665: 'wc::Combat::Combat': no overloaded function could convert all the argument types
C:\Users\iputu\AppData\Local\CodexWorktrees\wc\m7\game\Source\WonderChessRuntime\Public\Simulation/WonderSimulation.h(399): note: could be 'wc::Combat::Combat(const wc::Catalog &,const std::vector<wc::OwnedUnit,std::allocator<wc::OwnedUnit>> &,const std::vector<wc::OwnedUnit,std::allocator<wc::OwnedUnit>> &,wc::Id,wc::Id)'
C:\Users\iputu\AppData\Local\CodexWorktrees\wc\m7\tests\runtime\vnext_combat_tests.cpp(339): note: 'wc::Combat::Combat(const wc::Catalog &,const std::vector<wc::OwnedUnit,std::allocator<wc::OwnedUnit>> &,const std::vector<wc::OwnedUnit,std::allocator<wc::OwnedUnit>> &,wc::Id,wc::Id)': cannot convert argument 1 from 'wc::Catalog (__cdecl *const )(void)' to 'const wc::Catalog &'
C:\Users\iputu\AppData\Local\CodexWorktrees\wc\m7\tests\runtime\vnext_combat_tests.cpp(339): note: Reason: cannot convert from 'wc::Catalog (__cdecl *const )(void)' to 'const wc::Catalog'
C:\Users\iputu\AppData\Local\CodexWorktrees\wc\m7\tests\runtime\vnext_combat_tests.cpp(339): note: 'wc::Catalog::Catalog': no overloaded function could convert all the argument types
C:\Users\iputu\AppData\Local\CodexWorktrees\wc\m7\game\Source\WonderChessRuntime\Public\Simulation/WonderSimulation.h(211): note: could be 'wc::Catalog::Catalog(wc::Catalog &&)'
C:\Users\iputu\AppData\Local\CodexWorktrees\wc\m7\tests\runtime\vnext_combat_tests.cpp(339): note: 'wc::Catalog::Catalog(wc::Catalog &&)': cannot convert argument 1 from 'wc::Catalog (__cdecl *const )(void)' to 'wc::Catalog &&'
C:\Users\iputu\AppData\Local\CodexWorktrees\wc\m7\tests\runtime\vnext_combat_tests.cpp(339): note: Reason: cannot convert from 'wc::Catalog (__cdecl *const )(void)' to 'wc::Catalog'
C:\Users\iputu\AppData\Local\CodexWorktrees\wc\m7\tests\runtime\vnext_combat_tests.cpp(339): note: Conversion requires a second user-defined-conversion operator or constructor
C:\Users\iputu\AppData\Local\CodexWorktrees\wc\m7\game\Source\WonderChessRuntime\Public\Simulation/WonderSimulation.h(211): note: or       'wc::Catalog::Catalog(const wc::Catalog &)'
C:\Users\iputu\AppData\Local\CodexWorktrees\wc\m7\tests\runtime\vnext_combat_tests.cpp(339): note: 'wc::Catalog::Catalog(const wc::Catalog &)': cannot convert argument 1 from 'wc::Catalog (__cdecl *const )(void)' to 'const wc::Catalog &'
C:\Users\iputu\AppData\Local\CodexWorktrees\wc\m7\tests\runtime\vnext_combat_tests.cpp(339): note: Reason: cannot convert from 'wc::Catalog (__cdecl *const )(void)' to 'const wc::Catalog'
C:\Users\iputu\AppData\Local\CodexWorktrees\wc\m7\tests\runtime\vnext_combat_tests.cpp(339): note: Conversion requires a second user-defined-conversion operator or constructor
C:\Users\iputu\AppData\Local\CodexWorktrees\wc\m7\tests\runtime\vnext_combat_tests.cpp(339): note: while trying to match the argument list '(wc::Catalog (__cdecl *const )(void))'
C:\Users\iputu\AppData\Local\CodexWorktrees\wc\m7\tests\runtime\vnext_combat_tests.cpp(339): note: while trying to match the argument list '(wc::Catalog (__cdecl *const )(void), std::vector<wc::OwnedUnit,std::allocator<wc::OwnedUnit>>, std::vector<wc::OwnedUnit,std::allocator<wc::OwnedUnit>>, wc::Id)'
Generating Code...
