00:02.406  blend            | Read blend: "C:\Users\iputu\Documents\Wonder Chess\art-source\asset-studio\wc_u_human_guardian\stages\body-costume\BW3\r001\thumb_route_C_final_method_input.blend"
FIT 1 137 boundary 40 interior 97 {'palm glove / palm body': 125, 'middle glove / middle body': 12}
FIT 2 137 boundary 40 interior 97 {'palm glove / palm body': 125, 'middle glove / middle body': 12}
FIT 3 137 boundary 40 interior 97 {'palm glove / palm body': 125, 'middle glove / middle body': 12}
FIT 4 135 boundary 39 interior 96 {'palm glove / palm body': 123, 'middle glove / middle body': 12}
FIT 5 135 boundary 39 interior 96 {'palm glove / palm body': 123, 'middle glove / middle body': 12}
FIT 6 135 boundary 39 interior 96 {'palm glove / palm body': 123, 'middle glove / middle body': 12}
FIT 7 131 boundary 37 interior 94 {'palm glove / palm body': 119, 'middle glove / middle body': 12}
FIT 8 131 boundary 37 interior 94 {'palm glove / palm body': 119, 'middle glove / middle body': 12}
FIT 9 133 boundary 38 interior 95 {'palm glove / palm body': 121, 'middle glove / middle body': 12}
FIT 10 135 boundary 39 interior 96 {'palm glove / palm body': 123, 'middle glove / middle body': 12}
FIT 11 135 boundary 39 interior 96 {'palm glove / palm body': 123, 'middle glove / middle body': 12}
FIT 12 135 boundary 39 interior 96 {'palm glove / palm body': 123, 'middle glove / middle body': 12}
FIT 13 135 boundary 39 interior 96 {'palm glove / palm body': 123, 'middle glove / middle body': 12}
FIT 14 135 boundary 39 interior 96 {'palm glove / palm body': 123, 'middle glove / middle body': 12}
FIT 15 137 boundary 41 interior 96 {'palm glove / palm body': 125, 'middle glove / middle body': 12}
FIT 16 141 boundary 41 interior 100 {'palm glove / palm body': 129, 'middle glove / middle body': 12}
FIT 17 141 boundary 41 interior 100 {'palm glove / palm body': 129, 'middle glove / middle body': 12}
FIT 18 149 boundary 41 interior 108 {'palm glove / palm body': 137, 'middle glove / middle body': 12}
FIT 19 149 boundary 41 interior 108 {'palm glove / palm body': 137, 'middle glove / middle body': 12}
FIT 20 149 boundary 41 interior 108 {'palm glove / palm body': 137, 'middle glove / middle body': 12}
FIT 21 157 boundary 41 interior 116 {'palm glove / palm body': 145, 'middle glove / middle body': 12}
FIT 22 161 boundary 41 interior 120 {'palm glove / palm body': 149, 'middle glove / middle body': 12}
FIT 23 161 boundary 41 interior 120 {'palm glove / palm body': 149, 'middle glove / middle body': 12}
FIT 24 161 boundary 41 interior 120 {'palm glove / palm body': 149, 'middle glove / middle body': 12}
FIT 25 163 boundary 42 interior 121 {'palm glove / palm body': 151, 'middle glove / middle body': 12}
FIT 40 163 boundary 42 interior 121 {'palm glove / palm body': 151, 'middle glove / middle body': 12}
FIT 60 161 boundary 50 interior 111 {'palm glove / palm body': 149, 'middle glove / middle body': 12}
FIT 80 163 boundary 42 interior 121 {'palm glove / palm body': 151, 'middle glove / middle body': 12}
FIT 100 163 boundary 42 interior 121 {'palm glove / palm body': 151, 'middle glove / middle body': 12}
FIT 120 161 boundary 41 interior 120 {'palm glove / palm body': 149, 'middle glove / middle body': 12}
FIT 140 163 boundary 42 interior 121 {'palm glove / palm body': 151, 'middle glove / middle body': 12}
FIT 145 163 boundary 42 interior 121 {'palm glove / palm body': 151, 'middle glove / middle body': 12}
COMPLETE
Blender 5.1.1 (hash b70da489d7f4 built 2026-04-14 01:37:22)

Blender quit
