00:02.375  blend            | Read blend: "C:\Users\iputu\Documents\Wonder Chess\art-source\asset-studio\wc_u_human_guardian\stages\body-costume\BW3\r001\thumb_route_C_final_method_input.blend"
SAMPLE BW3_Derived_Glove evaluated 13.25 crossings 0 {} min_vertex_mm 0.48907378272059104 deep_triangle False
SAMPLE BW3_Derived_Glove evaluated 13.5 crossings 0 {} min_vertex_mm 0.48907378272059104 deep_triangle False
SAMPLE BW3_Derived_Glove evaluated 13.75 crossings 0 {} min_vertex_mm 0.48907378272059104 deep_triangle False
SAMPLE BW3_Derived_Glove evaluated 18.25 crossings 0 {} min_vertex_mm 0.48907378272059104 deep_triangle False
SAMPLE BW3_Derived_Glove evaluated 18.5 crossings 0 {} min_vertex_mm 0.48907378272059104 deep_triangle False
SAMPLE BW3_Derived_Glove evaluated 18.75 crossings 0 {} min_vertex_mm 0.48907378272059104 deep_triangle False
SAMPLE BW3_Derived_Glove raw 13.25 crossings 0 {} min_vertex_mm 0.3767791235138162 deep_triangle False
SAMPLE BW3_Derived_Glove raw 13.5 crossings 0 {} min_vertex_mm 0.3767791235138162 deep_triangle False
SAMPLE BW3_Derived_Glove raw 13.75 crossings 0 {} min_vertex_mm 0.3767791235138162 deep_triangle False
SAMPLE BW3_Derived_Glove raw 18.25 crossings 0 {} min_vertex_mm 0.3767791235138162 deep_triangle False
SAMPLE BW3_Derived_Glove raw 18.5 crossings 0 {} min_vertex_mm 0.3767791235138162 deep_triangle False
SAMPLE BW3_Derived_Glove raw 18.75 crossings 0 {} min_vertex_mm 0.3767791235138162 deep_triangle False
SAMPLE BW3_Derived_Body evaluated 13.25 crossings 0 {} min_vertex_mm 1.4903615167464608 deep_triangle False
SAMPLE BW3_Derived_Body evaluated 13.5 crossings 0 {} min_vertex_mm 1.4903615167464608 deep_triangle False
SAMPLE BW3_Derived_Body evaluated 13.75 crossings 0 {} min_vertex_mm 1.4903615167464608 deep_triangle False
SAMPLE BW3_Derived_Body raw 18.25 crossings 6 {'palm/thumb': 2, 'thumb/thumb': 4} min_vertex_mm 1.4500416290686782 deep_triangle False
SAMPLE BW3_Derived_Body raw 18.5 crossings 6 {'palm/thumb': 2, 'thumb/thumb': 4} min_vertex_mm 1.4500416290686782 deep_triangle False
SAMPLE BW3_Derived_Body raw 18.75 crossings 8 {'thumb/thumb': 6, 'palm/thumb': 2} min_vertex_mm 1.4500416290686782 deep_triangle False
COMPLETE_ADDITIONAL_STATES 18
Blender 5.1.1 (hash b70da489d7f4 built 2026-04-14 01:37:22)

Blender quit
