00:02.360  blend            | Read blend: "C:\Users\iputu\Documents\Wonder Chess\art-source\asset-studio\wc_u_human_guardian\stages\body-costume\BW3\r001\thumb_route_C_final_method_input.blend"
SAMPLE BW3_Derived_Glove evaluated 1 crossings 0 {} min_vertex_mm 0.48907378272059104 deep_triangle False
SAMPLE BW3_Derived_Glove evaluated 2 crossings 0 {} min_vertex_mm 0.48907378272059104 deep_triangle False
SAMPLE BW3_Derived_Glove evaluated 3 crossings 0 {} min_vertex_mm 0.48907378272059104 deep_triangle False
SAMPLE BW3_Derived_Glove evaluated 4 crossings 0 {} min_vertex_mm 0.48907378272059104 deep_triangle False
SAMPLE BW3_Derived_Glove evaluated 5 crossings 0 {} min_vertex_mm 0.48907378272059104 deep_triangle False
SAMPLE BW3_Derived_Glove evaluated 6 crossings 0 {} min_vertex_mm 0.48907378272059104 deep_triangle False
SAMPLE BW3_Derived_Glove evaluated 7 crossings 0 {} min_vertex_mm 0.48907378272059104 deep_triangle False
SAMPLE BW3_Derived_Glove evaluated 8 crossings 0 {} min_vertex_mm 0.48907378272059104 deep_triangle False
SAMPLE BW3_Derived_Glove evaluated 9 crossings 0 {} min_vertex_mm 0.48907378272059104 deep_triangle False
SAMPLE BW3_Derived_Glove evaluated 10 crossings 0 {} min_vertex_mm 0.48907378272059104 deep_triangle False
SAMPLE BW3_Derived_Glove evaluated 11 crossings 0 {} min_vertex_mm 0.48907378272059104 deep_triangle False
SAMPLE BW3_Derived_Glove evaluated 12 crossings 0 {} min_vertex_mm 0.48907378272059104 deep_triangle False
SAMPLE BW3_Derived_Glove evaluated 13 crossings 0 {} min_vertex_mm 0.48907378272059104 deep_triangle False
SAMPLE BW3_Derived_Glove evaluated 14 crossings 0 {} min_vertex_mm 0.48907378272059104 deep_triangle False
SAMPLE BW3_Derived_Glove evaluated 15 crossings 0 {} min_vertex_mm 0.48907378272059104 deep_triangle False
SAMPLE BW3_Derived_Glove evaluated 16 crossings 0 {} min_vertex_mm 0.48907378272059104 deep_triangle False
SAMPLE BW3_Derived_Glove evaluated 17 crossings 0 {} min_vertex_mm 0.48907378272059104 deep_triangle False
SAMPLE BW3_Derived_Glove evaluated 18 crossings 0 {} min_vertex_mm 0.48907378272059104 deep_triangle False
SAMPLE BW3_Derived_Glove evaluated 19 crossings 0 {} min_vertex_mm 0.48907378272059104 deep_triangle False
SAMPLE BW3_Derived_Glove evaluated 20 crossings 0 {} min_vertex_mm 0.48907378272059104 deep_triangle False
SAMPLE BW3_Derived_Glove evaluated 21 crossings 0 {} min_vertex_mm 0.48907378272059104 deep_triangle False
SAMPLE BW3_Derived_Glove evaluated 22 crossings 0 {} min_vertex_mm 0.48907378272059104 deep_triangle False
SAMPLE BW3_Derived_Glove evaluated 23 crossings 0 {} min_vertex_mm 0.48907378272059104 deep_triangle False
SAMPLE BW3_Derived_Glove evaluated 24 crossings 0 {} min_vertex_mm 0.48907378272059104 deep_triangle False
SAMPLE BW3_Derived_Glove evaluated 25 crossings 0 {} min_vertex_mm 0.48907378272059104 deep_triangle False
SAMPLE BW3_Derived_Glove evaluated 40 crossings 0 {} min_vertex_mm 0.4889887060327419 deep_triangle False
SAMPLE BW3_Derived_Glove evaluated 60 crossings 0 {} min_vertex_mm 0.48907609423942333 deep_triangle False
SAMPLE BW3_Derived_Glove evaluated 80 crossings 0 {} min_vertex_mm 0.48892258960000873 deep_triangle False
SAMPLE BW3_Derived_Glove evaluated 100 crossings 0 {} min_vertex_mm 0.4889509842386265 deep_triangle False
SAMPLE BW3_Derived_Glove evaluated 120 crossings 0 {} min_vertex_mm 0.48885702988698054 deep_triangle False
SAMPLE BW3_Derived_Glove evaluated 140 crossings 0 {} min_vertex_mm 0.48907378272059104 deep_triangle False
SAMPLE BW3_Derived_Glove evaluated 145 crossings 0 {} min_vertex_mm 0.48907378272059104 deep_triangle False
SAMPLE BW3_Derived_Glove raw 1 crossings 0 {} min_vertex_mm 0.3767791235138162 deep_triangle False
SAMPLE BW3_Derived_Glove raw 2 crossings 0 {} min_vertex_mm 0.3767791235138162 deep_triangle False
SAMPLE BW3_Derived_Glove raw 3 crossings 0 {} min_vertex_mm 0.3767791235138162 deep_triangle False
SAMPLE BW3_Derived_Glove raw 4 crossings 0 {} min_vertex_mm 0.3767791235138162 deep_triangle False
SAMPLE BW3_Derived_Glove raw 5 crossings 0 {} min_vertex_mm 0.3767791235138162 deep_triangle False
SAMPLE BW3_Derived_Glove raw 6 crossings 0 {} min_vertex_mm 0.3767791235138162 deep_triangle False
SAMPLE BW3_Derived_Glove raw 7 crossings 0 {} min_vertex_mm 0.3767791235138162 deep_triangle False
SAMPLE BW3_Derived_Glove raw 8 crossings 0 {} min_vertex_mm 0.3767791235138162 deep_triangle False
SAMPLE BW3_Derived_Glove raw 9 crossings 0 {} min_vertex_mm 0.3767791235138162 deep_triangle False
SAMPLE BW3_Derived_Glove raw 10 crossings 0 {} min_vertex_mm 0.3767791235138162 deep_triangle False
SAMPLE BW3_Derived_Glove raw 11 crossings 0 {} min_vertex_mm 0.3767791235138162 deep_triangle False
SAMPLE BW3_Derived_Glove raw 12 crossings 0 {} min_vertex_mm 0.3767791235138162 deep_triangle False
SAMPLE BW3_Derived_Glove raw 13 crossings 0 {} min_vertex_mm 0.3767791235138162 deep_triangle False
SAMPLE BW3_Derived_Glove raw 14 crossings 0 {} min_vertex_mm 0.3767791235138162 deep_triangle False
SAMPLE BW3_Derived_Glove raw 15 crossings 0 {} min_vertex_mm 0.3767791235138162 deep_triangle False
SAMPLE BW3_Derived_Glove raw 16 crossings 0 {} min_vertex_mm 0.3767791235138162 deep_triangle False
SAMPLE BW3_Derived_Glove raw 17 crossings 0 {} min_vertex_mm 0.3767791235138162 deep_triangle False
SAMPLE BW3_Derived_Glove raw 18 crossings 0 {} min_vertex_mm 0.3767791235138162 deep_triangle False
SAMPLE BW3_Derived_Glove raw 19 crossings 0 {} min_vertex_mm 0.3767791235138162 deep_triangle False
SAMPLE BW3_Derived_Glove raw 20 crossings 0 {} min_vertex_mm 0.3767791235138162 deep_triangle False
SAMPLE BW3_Derived_Glove raw 21 crossings 0 {} min_vertex_mm 0.3767791235138162 deep_triangle False
SAMPLE BW3_Derived_Glove raw 22 crossings 0 {} min_vertex_mm 0.3767791235138162 deep_triangle False
SAMPLE BW3_Derived_Glove raw 23 crossings 0 {} min_vertex_mm 0.3767791235138162 deep_triangle False
SAMPLE BW3_Derived_Glove raw 24 crossings 0 {} min_vertex_mm 0.3767791235138162 deep_triangle False
SAMPLE BW3_Derived_Glove raw 25 crossings 0 {} min_vertex_mm 0.3767791235138162 deep_triangle False
SAMPLE BW3_Derived_Glove raw 40 crossings 0 {} min_vertex_mm 0.37671148452364694 deep_triangle False
SAMPLE BW3_Derived_Glove raw 60 crossings 0 {} min_vertex_mm 0.37681888429548505 deep_triangle False
SAMPLE BW3_Derived_Glove raw 80 crossings 0 {} min_vertex_mm 0.3766155076847608 deep_triangle False
SAMPLE BW3_Derived_Glove raw 100 crossings 0 {} min_vertex_mm 0.37667185772214185 deep_triangle False
SAMPLE BW3_Derived_Glove raw 120 crossings 0 {} min_vertex_mm 0.37670081510858716 deep_triangle False
SAMPLE BW3_Derived_Glove raw 140 crossings 0 {} min_vertex_mm 0.3767791235138162 deep_triangle False
SAMPLE BW3_Derived_Glove raw 145 crossings 0 {} min_vertex_mm 0.3767791235138162 deep_triangle False
SAMPLE BW3_Derived_Body evaluated 1 crossings 0 {} min_vertex_mm 1.4903615167464608 deep_triangle False
SAMPLE BW3_Derived_Body evaluated 2 crossings 0 {} min_vertex_mm 1.4903615167464608 deep_triangle False
SAMPLE BW3_Derived_Body evaluated 3 crossings 0 {} min_vertex_mm 1.4903615167464608 deep_triangle False
SAMPLE BW3_Derived_Body evaluated 4 crossings 0 {} min_vertex_mm 1.4903615167464608 deep_triangle False
SAMPLE BW3_Derived_Body evaluated 5 crossings 0 {} min_vertex_mm 1.4903615167464608 deep_triangle False
SAMPLE BW3_Derived_Body evaluated 6 crossings 0 {} min_vertex_mm 1.4903615167464608 deep_triangle False
SAMPLE BW3_Derived_Body evaluated 7 crossings 0 {} min_vertex_mm 1.4903615167464608 deep_triangle False
SAMPLE BW3_Derived_Body evaluated 8 crossings 0 {} min_vertex_mm 1.4903615167464608 deep_triangle False
SAMPLE BW3_Derived_Body evaluated 9 crossings 0 {} min_vertex_mm 1.4903615167464608 deep_triangle False
SAMPLE BW3_Derived_Body evaluated 10 crossings 0 {} min_vertex_mm 1.4903615167464608 deep_triangle False
SAMPLE BW3_Derived_Body evaluated 11 crossings 0 {} min_vertex_mm 1.4903615167464608 deep_triangle False
SAMPLE BW3_Derived_Body evaluated 12 crossings 0 {} min_vertex_mm 1.4903615167464608 deep_triangle False
SAMPLE BW3_Derived_Body evaluated 13 crossings 0 {} min_vertex_mm 1.4903615167464608 deep_triangle False
SAMPLE BW3_Derived_Body evaluated 14 crossings 0 {} min_vertex_mm 1.4903615167464608 deep_triangle False
SAMPLE BW3_Derived_Body evaluated 15 crossings 0 {} min_vertex_mm 1.4903615167464608 deep_triangle False
SAMPLE BW3_Derived_Body evaluated 16 crossings 0 {} min_vertex_mm 1.4903615167464608 deep_triangle False
SAMPLE BW3_Derived_Body evaluated 17 crossings 0 {} min_vertex_mm 1.4903615167464608 deep_triangle False
SAMPLE BW3_Derived_Body evaluated 18 crossings 0 {} min_vertex_mm 1.4903615167464608 deep_triangle False
SAMPLE BW3_Derived_Body evaluated 19 crossings 1 {'palm/thumb': 1} min_vertex_mm 1.4903615167464608 deep_triangle False
SAMPLE BW3_Derived_Body evaluated 20 crossings 5 {'palm/thumb': 4, 'thumb/thumb': 1} min_vertex_mm 1.4903615167464608 deep_triangle False
SAMPLE BW3_Derived_Body evaluated 21 crossings 5 {'palm/thumb': 4, 'thumb/thumb': 1} min_vertex_mm 1.4903615167464608 deep_triangle False
SAMPLE BW3_Derived_Body evaluated 22 crossings 7 {'palm/thumb': 6, 'thumb/thumb': 1} min_vertex_mm 1.4903615167464608 deep_triangle False
SAMPLE BW3_Derived_Body evaluated 23 crossings 7 {'palm/thumb': 6, 'thumb/thumb': 1} min_vertex_mm 1.4903615167464608 deep_triangle False
SAMPLE BW3_Derived_Body evaluated 24 crossings 11 {'palm/thumb': 9, 'thumb/thumb': 2} min_vertex_mm 1.4903615167464608 deep_triangle False
SAMPLE BW3_Derived_Body evaluated 25 crossings 14 {'palm/thumb': 9, 'thumb/thumb': 4, 'palm/palm': 1} min_vertex_mm 1.4903615167464608 deep_triangle False
SAMPLE BW3_Derived_Body evaluated 40 crossings 14 {'palm/thumb': 9, 'thumb/thumb': 4, 'palm/palm': 1} min_vertex_mm 1.4902646788870002 deep_triangle False
SAMPLE BW3_Derived_Body evaluated 60 crossings 14 {'palm/thumb': 9, 'thumb/thumb': 4, 'palm/palm': 1} min_vertex_mm 1.4903300659449317 deep_triangle False
SAMPLE BW3_Derived_Body evaluated 80 crossings 14 {'palm/thumb': 9, 'thumb/thumb': 4, 'palm/palm': 1} min_vertex_mm 1.490236141291781 deep_triangle False
SAMPLE BW3_Derived_Body evaluated 100 crossings 14 {'palm/thumb': 9, 'thumb/thumb': 4, 'palm/palm': 1} min_vertex_mm 1.4900743843626643 deep_triangle False
SAMPLE BW3_Derived_Body evaluated 120 crossings 14 {'palm/thumb': 9, 'thumb/thumb': 4, 'palm/palm': 1} min_vertex_mm 1.4902613412057613 deep_triangle False
SAMPLE BW3_Derived_Body evaluated 140 crossings 14 {'palm/thumb': 9, 'thumb/thumb': 4, 'palm/palm': 1} min_vertex_mm 1.4903615167464608 deep_triangle False
SAMPLE BW3_Derived_Body evaluated 145 crossings 14 {'palm/thumb': 9, 'thumb/thumb': 4, 'palm/palm': 1} min_vertex_mm 1.4903615167464608 deep_triangle False
SAMPLE BW3_Derived_Body evaluated 18.25 crossings 0 {} min_vertex_mm 1.4903615167464608 deep_triangle False
SAMPLE BW3_Derived_Body evaluated 18.5 crossings 0 {} min_vertex_mm 1.4903615167464608 deep_triangle False
SAMPLE BW3_Derived_Body evaluated 18.75 crossings 0 {} min_vertex_mm 1.4903615167464608 deep_triangle False
SAMPLE BW3_Derived_Body raw 1 crossings 0 {} min_vertex_mm 1.4500416290686782 deep_triangle False
SAMPLE BW3_Derived_Body raw 2 crossings 0 {} min_vertex_mm 1.4500416290686782 deep_triangle False
SAMPLE BW3_Derived_Body raw 3 crossings 0 {} min_vertex_mm 1.4500416290686782 deep_triangle False
SAMPLE BW3_Derived_Body raw 4 crossings 0 {} min_vertex_mm 1.4500416290686782 deep_triangle False
SAMPLE BW3_Derived_Body raw 5 crossings 0 {} min_vertex_mm 1.4500416290686782 deep_triangle False
SAMPLE BW3_Derived_Body raw 6 crossings 0 {} min_vertex_mm 1.4500416290686782 deep_triangle False
SAMPLE BW3_Derived_Body raw 7 crossings 0 {} min_vertex_mm 1.4500416290686782 deep_triangle False
SAMPLE BW3_Derived_Body raw 8 crossings 0 {} min_vertex_mm 1.4500416290686782 deep_triangle False
SAMPLE BW3_Derived_Body raw 9 crossings 0 {} min_vertex_mm 1.4500416290686782 deep_triangle False
SAMPLE BW3_Derived_Body raw 10 crossings 0 {} min_vertex_mm 1.4500416290686782 deep_triangle False
SAMPLE BW3_Derived_Body raw 11 crossings 0 {} min_vertex_mm 1.4500416290686782 deep_triangle False
SAMPLE BW3_Derived_Body raw 12 crossings 0 {} min_vertex_mm 1.4500416290686782 deep_triangle False
SAMPLE BW3_Derived_Body raw 13 crossings 0 {} min_vertex_mm 1.4500416290686782 deep_triangle False
SAMPLE BW3_Derived_Body raw 14 crossings 1 {'palm/thumb': 1} min_vertex_mm 1.4500416290686782 deep_triangle False
SAMPLE BW3_Derived_Body raw 15 crossings 3 {'palm/thumb': 2, 'thumb/thumb': 1} min_vertex_mm 1.4500416290686782 deep_triangle False
SAMPLE BW3_Derived_Body raw 16 crossings 3 {'palm/thumb': 2, 'thumb/thumb': 1} min_vertex_mm 1.4500416290686782 deep_triangle False
SAMPLE BW3_Derived_Body raw 17 crossings 3 {'palm/thumb': 2, 'thumb/thumb': 1} min_vertex_mm 1.4500416290686782 deep_triangle False
SAMPLE BW3_Derived_Body raw 18 crossings 3 {'palm/thumb': 2, 'thumb/thumb': 1} min_vertex_mm 1.4500416290686782 deep_triangle False
SAMPLE BW3_Derived_Body raw 19 crossings 8 {'thumb/thumb': 6, 'palm/thumb': 2} min_vertex_mm 1.4500416290686782 deep_triangle False
SAMPLE BW3_Derived_Body raw 20 crossings 6 {'thumb/thumb': 6} min_vertex_mm 1.4500416290686782 deep_triangle False
SAMPLE BW3_Derived_Body raw 21 crossings 8 {'thumb/thumb': 8} min_vertex_mm 1.4500416290686782 deep_triangle False
SAMPLE BW3_Derived_Body raw 22 crossings 8 {'thumb/thumb': 8} min_vertex_mm 1.4500416290686782 deep_triangle False
SAMPLE BW3_Derived_Body raw 23 crossings 8 {'thumb/thumb': 8} min_vertex_mm 1.4500416290686782 deep_triangle False
SAMPLE BW3_Derived_Body raw 24 crossings 8 {'thumb/thumb': 8} min_vertex_mm 1.4500416290686782 deep_triangle False
SAMPLE BW3_Derived_Body raw 25 crossings 9 {'thumb/thumb': 9} min_vertex_mm 1.4500416290686782 deep_triangle False
SAMPLE BW3_Derived_Body raw 40 crossings 9 {'thumb/thumb': 9} min_vertex_mm 1.4499340338193345 deep_triangle False
SAMPLE BW3_Derived_Body raw 60 crossings 9 {'thumb/thumb': 9} min_vertex_mm 1.4500843346701466 deep_triangle False
SAMPLE BW3_Derived_Body raw 80 crossings 9 {'thumb/thumb': 9} min_vertex_mm 1.449860713538264 deep_triangle False
SAMPLE BW3_Derived_Body raw 100 crossings 9 {'thumb/thumb': 9} min_vertex_mm 1.4497454801536291 deep_triangle False
SAMPLE BW3_Derived_Body raw 120 crossings 9 {'thumb/thumb': 9} min_vertex_mm 1.4499687204146614 deep_triangle False
SAMPLE BW3_Derived_Body raw 140 crossings 9 {'thumb/thumb': 9} min_vertex_mm 1.4500416290686782 deep_triangle False
SAMPLE BW3_Derived_Body raw 145 crossings 9 {'thumb/thumb': 9} min_vertex_mm 1.4500416290686782 deep_triangle False
SAMPLE BW3_Derived_Body raw 13.25 crossings 0 {} min_vertex_mm 1.4500416290686782 deep_triangle False
SAMPLE BW3_Derived_Body raw 13.5 crossings 0 {} min_vertex_mm 1.4500416290686782 deep_triangle False
SAMPLE BW3_Derived_Body raw 13.75 crossings 1 {'palm/thumb': 1} min_vertex_mm 1.4500416290686782 deep_triangle False
COMPLETE 574.0043926999933 [('BW3_Derived_Glove', {'any_self_crossing': {'first_detected_frame': None, 'previous_sample_frame': None}, 'palm_thumb_crossing': {'first_detected_frame': None, 'previous_sample_frame': None}, 'thumb_other_digit_crossing': {'first_detected_frame': None, 'previous_sample_frame': None}, 'middle_ring_crossing': {'first_detected_frame': None, 'previous_sample_frame': None}, 'handle_entry': {'first_detected_frame': None, 'previous_sample_frame': None}, 'handle_deeper_than0_5mm': {'first_detected_frame': None, 'previous_sample_frame': None}}), ('BW3_Derived_Glove', {'any_self_crossing': {'first_detected_frame': None, 'previous_sample_frame': None}, 'palm_thumb_crossing': {'first_detected_frame': None, 'previous_sample_frame': None}, 'thumb_other_digit_crossing': {'first_detected_frame': None, 'previous_sample_frame': None}, 'middle_ring_crossing': {'first_detected_frame': None, 'previous_sample_frame': None}, 'handle_entry': {'first_detected_frame': None, 'previous_sample_frame': None}, 'handle_deeper_than0_5mm': {'first_detected_frame': None, 'previous_sample_frame': None}}), ('BW3_Derived_Body', {'any_self_crossing': {'first_detected_frame': 19, 'previous_sample_frame': 18.75}, 'palm_thumb_crossing': {'first_detected_frame': 19, 'previous_sample_frame': 18.75}, 'thumb_other_digit_crossing': {'first_detected_frame': None, 'previous_sample_frame': None}, 'middle_ring_crossing': {'first_detected_frame': None, 'previous_sample_frame': None}, 'handle_entry': {'first_detected_frame': None, 'previous_sample_frame': None}, 'handle_deeper_than0_5mm': {'first_detected_frame': None, 'previous_sample_frame': None}}), ('BW3_Derived_Body', {'any_self_crossing': {'first_detected_frame': 13.75, 'previous_sample_frame': 13.5}, 'palm_thumb_crossing': {'first_detected_frame': 13.75, 'previous_sample_frame': 13.5}, 'thumb_other_digit_crossing': {'first_detected_frame': None, 'previous_sample_frame': None}, 'middle_ring_crossing': {'first_detected_frame': None, 'previous_sample_frame': None}, 'handle_entry': {'first_detected_frame': None, 'previous_sample_frame': None}, 'handle_deeper_than0_5mm': {'first_detected_frame': None, 'previous_sample_frame': None}})]
Blender 5.1.1 (hash b70da489d7f4 built 2026-04-14 01:37:22)

Blender quit
