00:02.609  blend            | Read blend: "C:\Users\iputu\Documents\Wonder Chess\art-source\asset-studio\wc_u_human_guardian\stages\body-costume\BW6\bracer\ada_bw6_bracer_checkpoint_r002_REVIEW_CANDIDATE.blend"
00:02.797  blend            | Read blend: "C:\Users\iputu\Documents\Wonder Chess\art-source\asset-studio\wc_u_human_guardian\stages\body-costume\BW6\armor\ada_bw6_upper_integrated_r002.blend"
{
  "sources": [
    {
      "path": "C:\\Users\\iputu\\Documents\\Wonder Chess\\art-source\\asset-studio\\wc_u_human_guardian\\stages\\body-costume\\BW6\\bracer\\ada_bw6_bracer_checkpoint_r002_REVIEW_CANDIDATE.blend",
      "action": "BW6_Bracer_Preserved97_Authoring_ONLY",
      "mods": {
        "BW6_Bracer_CONTEXT_CoatUpper_Continuous": [
          {
            "name": "Temporary articulation",
            "type": "ARMATURE",
            "viewport": true,
            "render": true,
            "target": "BW6_Bracer_Independent_Rig"
          },
          {
            "name": "Editable cloth surface",
            "type": "SUBSURF",
            "viewport": true,
            "render": true,
            "target": null
          },
          {
            "name": "Padded garment thickness",
            "type": "SOLIDIFY",
            "viewport": true,
            "render": true,
            "target": null
          }
        ],
        "BW6_R_Bracer_DorsalShell": [
          {
            "name": "Section continuity",
            "type": "SUBSURF",
            "viewport": true,
            "render": true,
            "target": null
          },
          {
            "name": "Outward construction wall",
            "type": "SOLIDIFY",
            "viewport": true,
            "render": true,
            "target": null
          },
          {
            "name": "Selected edge highlight",
            "type": "BEVEL",
            "viewport": true,
            "render": true,
            "target": null
          },
          {
            "name": "Single rigid forearm owner",
            "type": "ARMATURE",
            "viewport": true,
            "render": true,
            "target": "BW6_Bracer_Independent_Rig"
          }
        ]
      },
      "matrices": {
        "BW6_Bracer_CONTEXT_CoatUpper_Continuous": [
          [
            -1.1438040733337402,
            1.727096190506927e-07,
            0.0,
            0.0
          ],
          [
            -1.727096190506927e-07,
            -1.1438040733337402,
            0.0,
            -0.07000000029802322
          ],
          [
            0.0,
            0.0,
            1.1438040733337402,
            0.0
          ],
          [
            0.0,
            0.0,
            0.0,
            1.0
          ]
        ],
        "BW6_R_Bracer_DorsalShell": [
          [
            1.0,
            0.0,
            0.0,
            0.0
          ],
          [
            0.0,
            1.0,
            0.0,
            0.0
          ],
          [
            0.0,
            0.0,
            1.0,
            0.0
          ],
          [
            0.0,
            0.0,
            0.0,
            1.0
          ]
        ]
      }
    },
    {
      "path": "C:\\Users\\iputu\\Documents\\Wonder Chess\\art-source\\asset-studio\\wc_u_human_guardian\\stages\\body-costume\\BW6\\armor\\ada_bw6_upper_integrated_r002.blend",
      "action": "BW6_Preserved97_Authoring_ONLY",
      "mods": {
        "BW4_CONTEXT_BW1_CoatUpper_Continuous": [
          {
            "name": "Temporary articulation",
            "type": "ARMATURE",
            "viewport": true,
            "render": true,
            "target": "BW4_Armor_Independent_Rig"
          },
          {
            "name": "Editable cloth surface",
            "type": "SUBSURF",
            "viewport": true,
            "render": true,
            "target": null
          },
          {
            "name": "Padded garment thickness",
            "type": "SOLIDIFY",
            "viewport": true,
            "render": true,
            "target": null
          }
        ],
        "BW6_R_Bracer_DorsalShell": [
          {
            "name": "Section continuity",
            "type": "SUBSURF",
            "viewport": true,
            "render": true,
            "target": null
          },
          {
            "name": "Outward construction wall",
            "type": "SOLIDIFY",
            "viewport": true,
            "render": true,
            "target": null
          },
          {
            "name": "Selected edge highlight",
            "type": "BEVEL",
            "viewport": true,
            "render": true,
            "target": null
          },
          {
            "name": "Single rigid forearm owner",
            "type": "ARMATURE",
            "viewport": true,
            "render": true,
            "target": "BW4_Armor_Independent_Rig"
          }
        ]
      },
      "matrices": {
        "BW4_CONTEXT_BW1_CoatUpper_Continuous": [
          [
            1.0,
            0.0,
            0.0,
            8.881784197001252e-16
          ],
          [
            0.0,
            1.0,
            0.0,
            7.450580596923828e-09
          ],
          [
            0.0,
            0.0,
            1.0,
            0.0
          ],
          [
            0.0,
            0.0,
            0.0,
            1.0
          ]
        ],
        "BW6_R_Bracer_DorsalShell": [
          [
            1.0,
            0.0,
            0.0,
            0.0
          ],
          [
            0.0,
            1.0,
            0.0,
            0.0
          ],
          [
            0.0,
            0.0,
            1.0,
            0.0
          ],
          [
            0.0,
            0.0,
            0.0,
            1.0
          ]
        ]
      }
    }
  ],
  "bone_matrix_differences": {},
  "source_coat": {
    "counts": [
      8832,
      8832
    ],
    "max_indexed_delta": 1.0598701238632202,
    "bounds": [
      [
        [
          -0.5456564426422119,
          -0.23215162754058838,
          1.2186545133590698
        ],
        [
          0.5456565618515015,
          0.11567055433988571,
          1.7570792436599731
        ]
      ],
      [
        [
          -0.4770543575286865,
          -0.16232720017433167,
          1.0654399394989014
        ],
        [
          0.47705426812171936,
          0.14176523685455322,
          1.5361714363098145
        ]
      ]
    ]
  },
  "bracer": {
    "counts": [
      1242,
      1242
    ],
    "max_indexed_delta": 0.0,
    "bounds": [
      [
        [
          0.3639928698539734,
          -0.037002239376306534,
          1.1028386354446411
        ],
        [
          0.5026161670684814,
          0.12019085139036179,
          1.2546610832214355
        ]
      ],
      [
        [
          0.3639928698539734,
          -0.037002239376306534,
          1.1028386354446411
        ],
        [
          0.5026161670684814,
          0.12019085139036179,
          1.2546610832214355
        ]
      ]
    ]
  },
  "forearm_sections": [
    {
      "t_m": 0.04,
      "source_coat": {
        "count": 0,
        "radius_range": null
      },
      "root_original": {
        "count": 31,
        "radius_range": [
          0.036858730018138885,
          0.04854784905910492
        ]
      },
      "current_coat": {
        "count": 41,
        "radius_range": [
          0.036881815642118454,
          0.04854784905910492
        ]
      },
      "bracer": {
        "count": 148,
        "radius_range": [
          0.028673166409134865,
          0.03815846145153046
        ]
      }
    },
    {
      "t_m": 0.08,
      "source_coat": {
        "count": 0,
        "radius_range": null
      },
      "root_original": {
        "count": 32,
        "radius_range": [
          0.038180865347385406,
          0.0534273125231266
        ]
      },
      "current_coat": {
        "count": 73,
        "radius_range": [
          0.03870970383286476,
          0.053728267550468445
        ]
      },
      "bracer": {
        "count": 74,
        "radius_range": [
          0.03030441142618656,
          0.04217616468667984
        ]
      }
    },
    {
      "t_m": 0.12,
      "source_coat": {
        "count": 0,
        "radius_range": null
      },
      "root_original": {
        "count": 43,
        "radius_range": [
          0.039253681898117065,
          0.05512089654803276
        ]
      },
      "current_coat": {
        "count": 66,
        "radius_range": [
          0.03946191072463989,
          0.05611691251397133
        ]
      },
      "bracer": {
        "count": 74,
        "radius_range": [
          0.032594118267297745,
          0.04601512849330902
        ]
      }
    },
    {
      "t_m": 0.16,
      "source_coat": {
        "count": 0,
        "radius_range": null
      },
      "root_original": {
        "count": 65,
        "radius_range": [
          0.042811907827854156,
          0.059548769146203995
        ]
      },
      "current_coat": {
        "count": 100,
        "radius_range": [
          0.043604765087366104,
          0.06034887209534645
        ]
      },
      "bracer": {
        "count": 114,
        "radius_range": [
          0.036285463720560074,
          0.048565056174993515
        ]
      }
    }
  ]
}
Blender 5.1.1 (hash b70da489d7f4 built 2026-04-14 01:37:22)

Blender quit
