Using bundled DotNet SDK version: 8.0.412 win-x64
Running UnrealBuildTool: dotnet "..\..\Engine\Binaries\DotNET\UnrealBuildTool\UnrealBuildTool.dll" WonderChessEditor Win64 Development "C:/Users/iputu/Documents/Wonder Chess/game/WonderChess.uproject" -WaitMutex -NoHotReloadFromIDE
Log file: C:\Users\iputu\AppData\Local\UnrealBuildTool\Log.txt
Using 'git status' to determine working set for adaptive non-unity build (C:\Users\iputu\Documents\Wonder Chess).
Invalidating makefile for WonderChessEditor (working set of source files changed)
UHT compiled-in object format Default
Parsing headers for WonderChessEditor
  Running Internal UnrealHeaderTool "C:\Users\iputu\Documents\Wonder Chess\game\WonderChess.uproject" "C:\Users\iputu\Documents\Wonder Chess\game\Intermediate\Build\Win64\WonderChessEditor\Development\WonderChessEditor.uhtmanifest" -WarningsAsErrors -installed
UHT processed WonderChessEditor in 6.4063008 seconds (3 files written)
Building WonderChessEditor...
Using Visual Studio 2022 14.44.35226 toolchain (C:\Program Files\Microsoft Visual Studio\2022\Community\VC\Tools\MSVC\14.44.35207) and Windows 10.0.22621.0 SDK (C:\Program Files (x86)\Windows Kits\10).
[Adaptive Build] Excluded from WonderChessRuntime unity file: WCDefinitionRegistry.cpp, WCFrontEnd.cpp, WCFrontEndAudit.cpp, WCMatchHUD.cpp, WCMatchRuntime.cpp, WCNetworkSession.cpp, WCVerification.cpp
Determining max actions to execute in parallel (8 physical cores, 16 logical cores)
  Executing up to 8 processes, one per physical core
  Requested 1.5 GB memory per action, 1.37 GB available: limiting max parallel actions to 1
Using Unreal Build Accelerator local executor to run 14 action(s)
  Storage capacity 40Gb
---- Starting trace: 260906_234925 ----
UbaServer - Listening on 0.0.0.0:1345
[1/14] Compile [x64] Module.WonderChessRuntime.gen.cpp
[2/14] Compile [x64] WCBoardPresenter.cpp
[3/14] Compile [x64] WCDefinitionRegistry.cpp
[4/14] Compile [x64] WCFrontEnd.cpp
[5/14] Compile [x64] WCFrontEndAudit.cpp
[6/14] Compile [x64] WCFrontEndScene.cpp
[7/14] Compile [x64] WCMatchHUD.cpp
[8/14] Compile [x64] WCMatchRuntime.cpp
[9/14] Compile [x64] WCNetworkSession.cpp
[10/14] Compile [x64] WCNetworkStartupTests.cpp
[11/14] Compile [x64] WCVerification.cpp
[12/14] Link [x64] UnrealEditor-WonderChessRuntime.dll
[13/14] Link [x64] UnrealEditor-WonderChessRuntime.lib
[14/14] WriteMetadata WonderChessEditor.target [NoUba]

Trace written to file C:/Users/iputu/AppData/Local/UnrealBuildTool/Log.uba with size 14.1kb
Total time in Unreal Build Accelerator local executor: 95.03 seconds

Result: Succeeded
Total execution time: 112.76 seconds
