00:02.266  blend            | Read blend: "C:\Users\iputu\Documents\Wonder Chess\art-source\asset-studio\wc_u_human_guardian\stages\body-costume\BW6\bracer\corrected-context\ada_bw6_bracers_actual_sleeve_correction2.blend"
BRACER frame1 {} between {}
BRACER frame2 {} between {}
BRACER frame3 {} between {}
BRACER frame4 {} between {}
BRACER frame5 {} between {}
BRACER frame6 {} between {}
BRACER frame7 {} between {}
BRACER frame8 {} between {}
BRACER frame9 {} between {}
BRACER frame10 {} between {}
BRACER frame11 {} between {}
BRACER frame12 {} between {}
BRACER frame13 {} between {}
BRACER frame14 {} between {}
BRACER frame15 {} between {}
BRACER frame16 {} between {}
BRACER frame17 {} between {}
BRACER frame18 {} between {}
BRACER frame19 {} between {}
BRACER frame20 {} between {}
BRACER frame21 {} between {}
BRACER frame22 {'BW6_Fit_R_Bracer_DorsalShell': {'self': 0, 'context': {'BW6_PaddedCoat_Tailored': 32}}} between {}
BRACER frame23 {'BW6_Fit_R_Bracer_DorsalShell': {'self': 0, 'context': {'BW6_PaddedCoat_Tailored': 48}}, 'BW6_Fit_R_Bracer_LeatherCuffAndLining': {'self': 0, 'context': {'BW6_PaddedCoat_Tailored': 20}}} between {}
BRACER frame24 {'BW6_Fit_R_Bracer_DorsalShell': {'self': 0, 'context': {'BW6_PaddedCoat_Tailored': 52}}, 'BW6_Fit_R_Bracer_LeatherCuffAndLining': {'self': 0, 'context': {'BW6_PaddedCoat_Tailored': 40}}} between {}
BRACER frame25 {'BW6_Fit_R_Bracer_DorsalShell': {'self': 0, 'context': {'BW6_PaddedCoat_Tailored': 52}}, 'BW6_Fit_R_Bracer_LeatherCuffAndLining': {'self': 0, 'context': {'BW6_PaddedCoat_Tailored': 42}}} between {}
BRACER frame26 {'BW6_Fit_R_Bracer_DorsalShell': {'self': 0, 'context': {'BW6_PaddedCoat_Tailored': 52}}, 'BW6_Fit_R_Bracer_LeatherCuffAndLining': {'self': 0, 'context': {'BW6_PaddedCoat_Tailored': 42}}} between {}
BRACER frame27 {'BW6_Fit_R_Bracer_DorsalShell': {'self': 0, 'context': {'BW6_PaddedCoat_Tailored': 52}}, 'BW6_Fit_R_Bracer_LeatherCuffAndLining': {'self': 0, 'context': {'BW6_PaddedCoat_Tailored': 40}}} between {}
BRACER frame28 {'BW6_Fit_R_Bracer_DorsalShell': {'self': 0, 'context': {'BW6_PaddedCoat_Tailored': 52}}, 'BW6_Fit_R_Bracer_LeatherCuffAndLining': {'self': 0, 'context': {'BW6_PaddedCoat_Tailored': 40}}} between {}
BRACER frame29 {'BW6_Fit_R_Bracer_DorsalShell': {'self': 0, 'context': {'BW6_PaddedCoat_Tailored': 50}}, 'BW6_Fit_R_Bracer_LeatherCuffAndLining': {'self': 0, 'context': {'BW6_PaddedCoat_Tailored': 34}}} between {}
BRACER frame30 {'BW6_Fit_R_Bracer_DorsalShell': {'self': 0, 'context': {'BW6_PaddedCoat_Tailored': 50}}, 'BW6_Fit_R_Bracer_LeatherCuffAndLining': {'self': 0, 'context': {'BW6_PaddedCoat_Tailored': 34}}} between {}
BRACER frame31 {'BW6_Fit_R_Bracer_DorsalShell': {'self': 0, 'context': {'BW6_PaddedCoat_Tailored': 48}}, 'BW6_Fit_R_Bracer_LeatherCuffAndLining': {'self': 0, 'context': {'BW6_PaddedCoat_Tailored': 28}}} between {}
BRACER frame32 {'BW6_Fit_R_Bracer_DorsalShell': {'self': 0, 'context': {'BW6_PaddedCoat_Tailored': 48}}, 'BW6_Fit_R_Bracer_LeatherCuffAndLining': {'self': 0, 'context': {'BW6_PaddedCoat_Tailored': 12}}} between {}
BRACER frame33 {'BW6_Fit_R_Bracer_DorsalShell': {'self': 0, 'context': {'BW6_PaddedCoat_Tailored': 42}}} between {}
BRACER frame34 {'BW6_Fit_R_Bracer_DorsalShell': {'self': 0, 'context': {'BW6_PaddedCoat_Tailored': 42}}} between {}
BRACER frame35 {'BW6_Fit_R_Bracer_DorsalShell': {'self': 0, 'context': {'BW6_PaddedCoat_Tailored': 32}}} between {}
BRACER frame36 {'BW6_Fit_R_Bracer_DorsalShell': {'self': 0, 'context': {'BW6_PaddedCoat_Tailored': 22}}} between {}
BRACER frame37 {} between {}
BRACER frame38 {} between {}
BRACER frame39 {} between {}
BRACER frame40 {} between {}
BRACER frame41 {} between {}
BRACER frame42 {} between {}
BRACER frame43 {} between {}
BRACER frame44 {} between {}
BRACER frame45 {} between {}
BRACER frame46 {} between {}
BRACER frame47 {} between {}
BRACER frame48 {} between {}
BRACER frame49 {} between {}
BRACER frame50 {} between {}
BRACER frame51 {} between {}
BRACER frame52 {} between {}
BRACER frame53 {} between {}
BRACER frame54 {} between {}
BRACER frame55 {} between {}
BRACER frame56 {} between {}
BRACER frame57 {} between {}
BRACER frame58 {} between {}
BRACER frame59 {} between {}
BRACER frame60 {} between {}
BRACER frame61 {} between {}
BRACER frame62 {} between {}
BRACER frame63 {} between {}
BRACER frame64 {} between {}
BRACER frame65 {} between {}
BRACER frame66 {} between {}
BRACER frame67 {} between {}
BRACER frame68 {} between {}
BRACER frame69 {} between {}
BRACER frame70 {} between {}
BRACER frame71 {} between {}
BRACER frame72 {} between {}
BRACER frame73 {} between {}
BRACER frame74 {} between {}
BRACER frame75 {} between {}
BRACER frame76 {} between {}
BRACER frame77 {} between {}
BRACER frame78 {} between {}
BRACER frame79 {} between {}
BRACER frame80 {} between {}
BRACER frame81 {} between {}
BRACER frame82 {} between {}
BRACER frame83 {} between {}
BRACER frame84 {} between {}
BRACER frame85 {} between {}
BRACER frame86 {} between {}
BRACER frame87 {} between {}
BRACER frame88 {} between {}
BRACER frame89 {} between {}
BRACER frame90 {} between {}
BRACER frame91 {} between {}
BRACER frame92 {} between {}
BRACER frame93 {} between {}
BRACER frame94 {} between {}
BRACER frame95 {} between {}
BRACER frame96 {} between {}
BRACER frame97 {} between {}
BRACER R_X-25 {} between {}
BRACER R_X-15 {} between {}
BRACER R_X15 {} between {}
BRACER R_X25 {} between {}
BRACER R_Z-25 {} between {}
BRACER R_Z-15 {} between {}
BRACER R_Z15 {} between {}
BRACER R_Z25 {} between {}
BRACER L_X-25 {} between {}
BRACER L_X-15 {} between {}
BRACER L_X15 {} between {}
BRACER L_X25 {} between {}
BRACER L_Z-25 {} between {}
BRACER L_Z-15 {} between {}
BRACER L_Z15 {} between {}
BRACER L_Z25 {} between {}
NO_SAVE_DONE
Blender 5.1.1 (hash b70da489d7f4 built 2026-04-14 01:37:22)

Blender quit
