00:02.453  blend            | Read blend: "C:\Users\iputu\Documents\Wonder Chess\reports\WC-U440\20260906T133433Z\mira\refinement-v5\mira-update24-revision7.blend"
00:03.578  render           | Saved: 'C:\Users\iputu\Documents\Wonder Chess\reports\WC-U440\20260906T133433Z\mira\refinement-v5\motion-frames\Idle\0000.png'
00:04.343  render           | Saved: 'C:\Users\iputu\Documents\Wonder Chess\reports\WC-U440\20260906T133433Z\mira\refinement-v5\motion-frames\Idle\0001.png'
00:05.078  render           | Saved: 'C:\Users\iputu\Documents\Wonder Chess\reports\WC-U440\20260906T133433Z\mira\refinement-v5\motion-frames\Idle\0002.png'
00:05.859  render           | Saved: 'C:\Users\iputu\Documents\Wonder Chess\reports\WC-U440\20260906T133433Z\mira\refinement-v5\motion-frames\Idle\0003.png'
00:06.562  render           | Saved: 'C:\Users\iputu\Documents\Wonder Chess\reports\WC-U440\20260906T133433Z\mira\refinement-v5\motion-frames\Idle\0004.png'
00:07.234  render           | Saved: 'C:\Users\iputu\Documents\Wonder Chess\reports\WC-U440\20260906T133433Z\mira\refinement-v5\motion-frames\Idle\0005.png'
00:08.000  render           | Saved: 'C:\Users\iputu\Documents\Wonder Chess\reports\WC-U440\20260906T133433Z\mira\refinement-v5\motion-frames\Idle\0006.png'
00:08.718  render           | Saved: 'C:\Users\iputu\Documents\Wonder Chess\reports\WC-U440\20260906T133433Z\mira\refinement-v5\motion-frames\Idle\0007.png'
00:09.500  render           | Saved: 'C:\Users\iputu\Documents\Wonder Chess\reports\WC-U440\20260906T133433Z\mira\refinement-v5\motion-frames\Idle\0008.png'
00:10.265  render           | Saved: 'C:\Users\iputu\Documents\Wonder Chess\reports\WC-U440\20260906T133433Z\mira\refinement-v5\motion-frames\Idle\0009.png'
00:11.000  render           | Saved: 'C:\Users\iputu\Documents\Wonder Chess\reports\WC-U440\20260906T133433Z\mira\refinement-v5\motion-frames\Idle\0010.png'
00:11.797  render           | Saved: 'C:\Users\iputu\Documents\Wonder Chess\reports\WC-U440\20260906T133433Z\mira\refinement-v5\motion-frames\Idle\0011.png'
00:12.562  render           | Saved: 'C:\Users\iputu\Documents\Wonder Chess\reports\WC-U440\20260906T133433Z\mira\refinement-v5\motion-frames\Idle\0012.png'
00:13.250  render           | Saved: 'C:\Users\iputu\Documents\Wonder Chess\reports\WC-U440\20260906T133433Z\mira\refinement-v5\motion-frames\Idle\0013.png'
00:13.922  render           | Saved: 'C:\Users\iputu\Documents\Wonder Chess\reports\WC-U440\20260906T133433Z\mira\refinement-v5\motion-frames\Idle\0014.png'
00:14.640  render           | Saved: 'C:\Users\iputu\Documents\Wonder Chess\reports\WC-U440\20260906T133433Z\mira\refinement-v5\motion-frames\Idle\0015.png'
00:15.297  render           | Saved: 'C:\Users\iputu\Documents\Wonder Chess\reports\WC-U440\20260906T133433Z\mira\refinement-v5\motion-frames\Idle\0016.png'
00:16.047  render           | Saved: 'C:\Users\iputu\Documents\Wonder Chess\reports\WC-U440\20260906T133433Z\mira\refinement-v5\motion-frames\Idle\0017.png'
00:16.906  render           | Saved: 'C:\Users\iputu\Documents\Wonder Chess\reports\WC-U440\20260906T133433Z\mira\refinement-v5\motion-frames\Idle\0018.png'
00:17.812  render           | Saved: 'C:\Users\iputu\Documents\Wonder Chess\reports\WC-U440\20260906T133433Z\mira\refinement-v5\motion-frames\Idle\0019.png'
00:19.281  render           | Saved: 'C:\Users\iputu\Documents\Wonder Chess\reports\WC-U440\20260906T133433Z\mira\refinement-v5\motion-frames\Idle\0020.png'
00:20.484  render           | Saved: 'C:\Users\iputu\Documents\Wonder Chess\reports\WC-U440\20260906T133433Z\mira\refinement-v5\motion-frames\Idle\0021.png'
00:21.672  render           | Saved: 'C:\Users\iputu\Documents\Wonder Chess\reports\WC-U440\20260906T133433Z\mira\refinement-v5\motion-frames\Idle\0022.png'
00:22.422  render           | Saved: 'C:\Users\iputu\Documents\Wonder Chess\reports\WC-U440\20260906T133433Z\mira\refinement-v5\motion-frames\Idle\0023.png'
00:23.187  render           | Saved: 'C:\Users\iputu\Documents\Wonder Chess\reports\WC-U440\20260906T133433Z\mira\refinement-v5\motion-frames\Idle\0024.png'
00:23.890  render           | Saved: 'C:\Users\iputu\Documents\Wonder Chess\reports\WC-U440\20260906T133433Z\mira\refinement-v5\motion-frames\Idle\0025.png'
00:24.609  render           | Saved: 'C:\Users\iputu\Documents\Wonder Chess\reports\WC-U440\20260906T133433Z\mira\refinement-v5\motion-frames\Idle\0026.png'
00:25.359  render           | Saved: 'C:\Users\iputu\Documents\Wonder Chess\reports\WC-U440\20260906T133433Z\mira\refinement-v5\motion-frames\Idle\0027.png'
00:26.047  render           | Saved: 'C:\Users\iputu\Documents\Wonder Chess\reports\WC-U440\20260906T133433Z\mira\refinement-v5\motion-frames\Idle\0028.png'
00:26.797  render           | Saved: 'C:\Users\iputu\Documents\Wonder Chess\reports\WC-U440\20260906T133433Z\mira\refinement-v5\motion-frames\Idle\0029.png'
00:27.531  render           | Saved: 'C:\Users\iputu\Documents\Wonder Chess\reports\WC-U440\20260906T133433Z\mira\refinement-v5\motion-frames\Idle\0030.png'
00:28.265  render           | Saved: 'C:\Users\iputu\Documents\Wonder Chess\reports\WC-U440\20260906T133433Z\mira\refinement-v5\motion-frames\Idle\0031.png'
00:28.968  render           | Saved: 'C:\Users\iputu\Documents\Wonder Chess\reports\WC-U440\20260906T133433Z\mira\refinement-v5\motion-frames\Idle\0032.png'
00:29.765  render           | Saved: 'C:\Users\iputu\Documents\Wonder Chess\reports\WC-U440\20260906T133433Z\mira\refinement-v5\motion-frames\Idle\0033.png'
00:30.484  render           | Saved: 'C:\Users\iputu\Documents\Wonder Chess\reports\WC-U440\20260906T133433Z\mira\refinement-v5\motion-frames\Idle\0034.png'
00:31.265  render           | Saved: 'C:\Users\iputu\Documents\Wonder Chess\reports\WC-U440\20260906T133433Z\mira\refinement-v5\motion-frames\Idle\0035.png'
00:32.203  render           | Saved: 'C:\Users\iputu\Documents\Wonder Chess\reports\WC-U440\20260906T133433Z\mira\refinement-v5\motion-frames\Idle\0036.png'
00:33.375  render           | Saved: 'C:\Users\iputu\Documents\Wonder Chess\reports\WC-U440\20260906T133433Z\mira\refinement-v5\motion-frames\Idle\0037.png'
00:34.890  render           | Saved: 'C:\Users\iputu\Documents\Wonder Chess\reports\WC-U440\20260906T133433Z\mira\refinement-v5\motion-frames\Idle\0038.png'
00:36.234  render           | Saved: 'C:\Users\iputu\Documents\Wonder Chess\reports\WC-U440\20260906T133433Z\mira\refinement-v5\motion-frames\Idle\0039.png'
{
  "status": "sampled_motion_invariants_passed",
  "unit_id": "wc_u_human_priest",
  "blender_version": "5.1.1",
  "sampling": "actual deformed mesh every 3 frames at 60fps",
  "clips": [
    {
      "clip": "Idle",
      "samples": 41,
      "minimum_support_sole_z_m": 0.015300003811717033,
      "maximum_support_sole_z_m": 0.015300003811717033,
      "max_root_translation_m": 0,
      "max_pose_scale_error": 0
    },
    {
      "clip": "Move",
      "samples": 21,
      "minimum_support_sole_z_m": 0.003510933369398117,
      "maximum_support_sole_z_m": 0.015300003811717033,
      "max_root_translation_m": 0,
      "max_pose_scale_error": 0
    },
    {
      "clip": "Attack",
      "samples": 15,
      "minimum_support_sole_z_m": 0.015300003811717033,
      "maximum_support_sole_z_m": 0.015300003811717033,
      "max_root_translation_m": 0,
      "max_pose_scale_error": 0
    },
    {
      "clip": "Active",
      "samples": 14,
      "minimum_support_sole_z_m": 0.015300003811717033,
      "maximum_support_sole_z_m": 0.015300003811717033,
      "max_root_translation_m": 0,
      "max_pose_scale_error": 0
    },
    {
      "clip": "Hit",
      "samples": 9,
      "minimum_support_sole_z_m": 0.015300003811717033,
      "maximum_support_sole_z_m": 0.015300003811717033,
      "max_root_translation_m": 0,
      "max_pose_scale_error": 0
    },
    {
      "clip": "Defeat",
      "samples": 21,
      "minimum_support_sole_z_m": 0.015299929305911064,
      "maximum_support_sole_z_m": 0.015300042927265167,
      "max_root_translation_m": 0,
      "max_pose_scale_error": 0
    },
    {
      "clip": "Victory",
      "samples": 31,
      "minimum_support_sole_z_m": 0.015300003811717033,
      "maximum_support_sole_z_m": 0.015300003811717033,
      "max_root_translation_m": 0,
      "max_pose_scale_error": 0
    }
  ],
  "errors": [],
  "not_checked": [
    "continuous visual quality",
    "weapon/costume clipping",
    "semantic gesture review",
    "Unreal retarget/import",
    "runtime move-speed synchronization"
  ]
}
{
  "status": "structural_checks_passed_visual_review_required",
  "blender_version": "5.1.1",
  "collection": "EXPORT",
  "evaluated_triangle_total": 3788,
  "objects": [
    {
      "name": "Armature",
      "type": "ARMATURE",
      "scale": [
        1.0,
        1.0,
        1.0
      ],
      "dimensions": [
        1.153580665588379,
        0.42500001192092896,
        1.8275001049041748
      ],
      "roots": [
        "root"
      ],
      "deform_bones": 27
    },
    {
      "name": "SK_wc_u_human_priest",
      "type": "MESH",
      "scale": [
        1.0,
        1.0,
        1.0
      ],
      "dimensions": [
        1.298708200454712,
        0.6663569808006287,
        1.838189959526062
      ],
      "evaluated_triangles": 3788,
      "material_slots": 1,
      "uv_layers": 1,
      "skin_checks": {
        "unweighted": 0,
        "excess_influences": 0,
        "unnormalized": 0
      }
    }
  ],
  "errors": [],
  "warnings": [],
  "not_checked": [
    "appearance",
    "deformation across all clips",
    "UV overlap appropriateness",
    "normal-map convention",
    "Unreal import",
    "LOD silhouette",
    "gameplay readability"
  ]
}
WC_REFINED_HERO_MOTION_RENDERED wc_u_human_priest Idle
00:37.156  render           | Saved: 'C:\Users\iputu\Documents\Wonder Chess\reports\WC-U440\20260906T133433Z\mira\refinement-v5\motion-frames\Move\0000.png'
00:37.937  render           | Saved: 'C:\Users\iputu\Documents\Wonder Chess\reports\WC-U440\20260906T133433Z\mira\refinement-v5\motion-frames\Move\0001.png'
00:38.640  render           | Saved: 'C:\Users\iputu\Documents\Wonder Chess\reports\WC-U440\20260906T133433Z\mira\refinement-v5\motion-frames\Move\0002.png'
00:39.343  render           | Saved: 'C:\Users\iputu\Documents\Wonder Chess\reports\WC-U440\20260906T133433Z\mira\refinement-v5\motion-frames\Move\0003.png'
00:40.031  render           | Saved: 'C:\Users\iputu\Documents\Wonder Chess\reports\WC-U440\20260906T133433Z\mira\refinement-v5\motion-frames\Move\0004.png'
00:40.968  render           | Saved: 'C:\Users\iputu\Documents\Wonder Chess\reports\WC-U440\20260906T133433Z\mira\refinement-v5\motion-frames\Move\0005.png'
00:41.828  render           | Saved: 'C:\Users\iputu\Documents\Wonder Chess\reports\WC-U440\20260906T133433Z\mira\refinement-v5\motion-frames\Move\0006.png'
00:42.750  render           | Saved: 'C:\Users\iputu\Documents\Wonder Chess\reports\WC-U440\20260906T133433Z\mira\refinement-v5\motion-frames\Move\0007.png'
00:43.531  render           | Saved: 'C:\Users\iputu\Documents\Wonder Chess\reports\WC-U440\20260906T133433Z\mira\refinement-v5\motion-frames\Move\0008.png'
00:44.343  render           | Saved: 'C:\Users\iputu\Documents\Wonder Chess\reports\WC-U440\20260906T133433Z\mira\refinement-v5\motion-frames\Move\0009.png'
00:45.093  render           | Saved: 'C:\Users\iputu\Documents\Wonder Chess\reports\WC-U440\20260906T133433Z\mira\refinement-v5\motion-frames\Move\0010.png'
00:45.843  render           | Saved: 'C:\Users\iputu\Documents\Wonder Chess\reports\WC-U440\20260906T133433Z\mira\refinement-v5\motion-frames\Move\0011.png'
00:46.609  render           | Saved: 'C:\Users\iputu\Documents\Wonder Chess\reports\WC-U440\20260906T133433Z\mira\refinement-v5\motion-frames\Move\0012.png'
00:47.312  render           | Saved: 'C:\Users\iputu\Documents\Wonder Chess\reports\WC-U440\20260906T133433Z\mira\refinement-v5\motion-frames\Move\0013.png'
00:48.062  render           | Saved: 'C:\Users\iputu\Documents\Wonder Chess\reports\WC-U440\20260906T133433Z\mira\refinement-v5\motion-frames\Move\0014.png'
00:48.718  render           | Saved: 'C:\Users\iputu\Documents\Wonder Chess\reports\WC-U440\20260906T133433Z\mira\refinement-v5\motion-frames\Move\0015.png'
00:49.422  render           | Saved: 'C:\Users\iputu\Documents\Wonder Chess\reports\WC-U440\20260906T133433Z\mira\refinement-v5\motion-frames\Move\0016.png'
00:50.125  render           | Saved: 'C:\Users\iputu\Documents\Wonder Chess\reports\WC-U440\20260906T133433Z\mira\refinement-v5\motion-frames\Move\0017.png'
00:50.843  render           | Saved: 'C:\Users\iputu\Documents\Wonder Chess\reports\WC-U440\20260906T133433Z\mira\refinement-v5\motion-frames\Move\0018.png'
00:51.593  render           | Saved: 'C:\Users\iputu\Documents\Wonder Chess\reports\WC-U440\20260906T133433Z\mira\refinement-v5\motion-frames\Move\0019.png'
WC_REFINED_HERO_MOTION_RENDERED wc_u_human_priest Move
00:52.343  render           | Saved: 'C:\Users\iputu\Documents\Wonder Chess\reports\WC-U440\20260906T133433Z\mira\refinement-v5\motion-frames\Attack\0000.png'
00:53.093  render           | Saved: 'C:\Users\iputu\Documents\Wonder Chess\reports\WC-U440\20260906T133433Z\mira\refinement-v5\motion-frames\Attack\0001.png'
00:53.875  render           | Saved: 'C:\Users\iputu\Documents\Wonder Chess\reports\WC-U440\20260906T133433Z\mira\refinement-v5\motion-frames\Attack\0002.png'
00:54.625  render           | Saved: 'C:\Users\iputu\Documents\Wonder Chess\reports\WC-U440\20260906T133433Z\mira\refinement-v5\motion-frames\Attack\0003.png'
00:55.312  render           | Saved: 'C:\Users\iputu\Documents\Wonder Chess\reports\WC-U440\20260906T133433Z\mira\refinement-v5\motion-frames\Attack\0004.png'
00:56.015  render           | Saved: 'C:\Users\iputu\Documents\Wonder Chess\reports\WC-U440\20260906T133433Z\mira\refinement-v5\motion-frames\Attack\0005.png'
00:56.718  render           | Saved: 'C:\Users\iputu\Documents\Wonder Chess\reports\WC-U440\20260906T133433Z\mira\refinement-v5\motion-frames\Attack\0006.png'
00:57.406  render           | Saved: 'C:\Users\iputu\Documents\Wonder Chess\reports\WC-U440\20260906T133433Z\mira\refinement-v5\motion-frames\Attack\0007.png'
00:58.078  render           | Saved: 'C:\Users\iputu\Documents\Wonder Chess\reports\WC-U440\20260906T133433Z\mira\refinement-v5\motion-frames\Attack\0008.png'
00:58.750  render           | Saved: 'C:\Users\iputu\Documents\Wonder Chess\reports\WC-U440\20260906T133433Z\mira\refinement-v5\motion-frames\Attack\0009.png'
00:59.437  render           | Saved: 'C:\Users\iputu\Documents\Wonder Chess\reports\WC-U440\20260906T133433Z\mira\refinement-v5\motion-frames\Attack\0010.png'
01:00.109  render           | Saved: 'C:\Users\iputu\Documents\Wonder Chess\reports\WC-U440\20260906T133433Z\mira\refinement-v5\motion-frames\Attack\0011.png'
01:00.812  render           | Saved: 'C:\Users\iputu\Documents\Wonder Chess\reports\WC-U440\20260906T133433Z\mira\refinement-v5\motion-frames\Attack\0012.png'
01:01.515  render           | Saved: 'C:\Users\iputu\Documents\Wonder Chess\reports\WC-U440\20260906T133433Z\mira\refinement-v5\motion-frames\Attack\0013.png'
WC_REFINED_HERO_MOTION_RENDERED wc_u_human_priest Attack
01:02.234  render           | Saved: 'C:\Users\iputu\Documents\Wonder Chess\reports\WC-U440\20260906T133433Z\mira\refinement-v5\motion-frames\Active\0000.png'
01:02.953  render           | Saved: 'C:\Users\iputu\Documents\Wonder Chess\reports\WC-U440\20260906T133433Z\mira\refinement-v5\motion-frames\Active\0001.png'
01:03.640  render           | Saved: 'C:\Users\iputu\Documents\Wonder Chess\reports\WC-U440\20260906T133433Z\mira\refinement-v5\motion-frames\Active\0002.png'
01:04.375  render           | Saved: 'C:\Users\iputu\Documents\Wonder Chess\reports\WC-U440\20260906T133433Z\mira\refinement-v5\motion-frames\Active\0003.png'
01:05.062  render           | Saved: 'C:\Users\iputu\Documents\Wonder Chess\reports\WC-U440\20260906T133433Z\mira\refinement-v5\motion-frames\Active\0004.png'
01:05.812  render           | Saved: 'C:\Users\iputu\Documents\Wonder Chess\reports\WC-U440\20260906T133433Z\mira\refinement-v5\motion-frames\Active\0005.png'
01:06.547  render           | Saved: 'C:\Users\iputu\Documents\Wonder Chess\reports\WC-U440\20260906T133433Z\mira\refinement-v5\motion-frames\Active\0006.png'
01:07.297  render           | Saved: 'C:\Users\iputu\Documents\Wonder Chess\reports\WC-U440\20260906T133433Z\mira\refinement-v5\motion-frames\Active\0007.png'
01:08.031  render           | Saved: 'C:\Users\iputu\Documents\Wonder Chess\reports\WC-U440\20260906T133433Z\mira\refinement-v5\motion-frames\Active\0008.png'
01:08.718  render           | Saved: 'C:\Users\iputu\Documents\Wonder Chess\reports\WC-U440\20260906T133433Z\mira\refinement-v5\motion-frames\Active\0009.png'
01:09.468  render           | Saved: 'C:\Users\iputu\Documents\Wonder Chess\reports\WC-U440\20260906T133433Z\mira\refinement-v5\motion-frames\Active\0010.png'
01:10.140  render           | Saved: 'C:\Users\iputu\Documents\Wonder Chess\reports\WC-U440\20260906T133433Z\mira\refinement-v5\motion-frames\Active\0011.png'
01:10.843  render           | Saved: 'C:\Users\iputu\Documents\Wonder Chess\reports\WC-U440\20260906T133433Z\mira\refinement-v5\motion-frames\Active\0012.png'
WC_REFINED_HERO_MOTION_RENDERED wc_u_human_priest Active
01:11.578  render           | Saved: 'C:\Users\iputu\Documents\Wonder Chess\reports\WC-U440\20260906T133433Z\mira\refinement-v5\motion-frames\Hit\0000.png'
01:12.359  render           | Saved: 'C:\Users\iputu\Documents\Wonder Chess\reports\WC-U440\20260906T133433Z\mira\refinement-v5\motion-frames\Hit\0001.png'
01:13.422  render           | Saved: 'C:\Users\iputu\Documents\Wonder Chess\reports\WC-U440\20260906T133433Z\mira\refinement-v5\motion-frames\Hit\0002.png'
01:14.250  render           | Saved: 'C:\Users\iputu\Documents\Wonder Chess\reports\WC-U440\20260906T133433Z\mira\refinement-v5\motion-frames\Hit\0003.png'
01:15.031  render           | Saved: 'C:\Users\iputu\Documents\Wonder Chess\reports\WC-U440\20260906T133433Z\mira\refinement-v5\motion-frames\Hit\0004.png'
01:15.750  render           | Saved: 'C:\Users\iputu\Documents\Wonder Chess\reports\WC-U440\20260906T133433Z\mira\refinement-v5\motion-frames\Hit\0005.png'
01:16.531  render           | Saved: 'C:\Users\iputu\Documents\Wonder Chess\reports\WC-U440\20260906T133433Z\mira\refinement-v5\motion-frames\Hit\0006.png'
01:17.297  render           | Saved: 'C:\Users\iputu\Documents\Wonder Chess\reports\WC-U440\20260906T133433Z\mira\refinement-v5\motion-frames\Hit\0007.png'
WC_REFINED_HERO_MOTION_RENDERED wc_u_human_priest Hit
01:18.062  render           | Saved: 'C:\Users\iputu\Documents\Wonder Chess\reports\WC-U440\20260906T133433Z\mira\refinement-v5\motion-frames\Defeat\0000.png'
01:18.765  render           | Saved: 'C:\Users\iputu\Documents\Wonder Chess\reports\WC-U440\20260906T133433Z\mira\refinement-v5\motion-frames\Defeat\0001.png'
01:19.484  render           | Saved: 'C:\Users\iputu\Documents\Wonder Chess\reports\WC-U440\20260906T133433Z\mira\refinement-v5\motion-frames\Defeat\0002.png'
01:20.140  render           | Saved: 'C:\Users\iputu\Documents\Wonder Chess\reports\WC-U440\20260906T133433Z\mira\refinement-v5\motion-frames\Defeat\0003.png'
01:20.875  render           | Saved: 'C:\Users\iputu\Documents\Wonder Chess\reports\WC-U440\20260906T133433Z\mira\refinement-v5\motion-frames\Defeat\0004.png'
01:21.625  render           | Saved: 'C:\Users\iputu\Documents\Wonder Chess\reports\WC-U440\20260906T133433Z\mira\refinement-v5\motion-frames\Defeat\0005.png'
01:22.312  render           | Saved: 'C:\Users\iputu\Documents\Wonder Chess\reports\WC-U440\20260906T133433Z\mira\refinement-v5\motion-frames\Defeat\0006.png'
01:23.031  render           | Saved: 'C:\Users\iputu\Documents\Wonder Chess\reports\WC-U440\20260906T133433Z\mira\refinement-v5\motion-frames\Defeat\0007.png'
01:23.750  render           | Saved: 'C:\Users\iputu\Documents\Wonder Chess\reports\WC-U440\20260906T133433Z\mira\refinement-v5\motion-frames\Defeat\0008.png'
01:24.484  render           | Saved: 'C:\Users\iputu\Documents\Wonder Chess\reports\WC-U440\20260906T133433Z\mira\refinement-v5\motion-frames\Defeat\0009.png'
01:25.234  render           | Saved: 'C:\Users\iputu\Documents\Wonder Chess\reports\WC-U440\20260906T133433Z\mira\refinement-v5\motion-frames\Defeat\0010.png'
01:26.031  render           | Saved: 'C:\Users\iputu\Documents\Wonder Chess\reports\WC-U440\20260906T133433Z\mira\refinement-v5\motion-frames\Defeat\0011.png'
01:26.828  render           | Saved: 'C:\Users\iputu\Documents\Wonder Chess\reports\WC-U440\20260906T133433Z\mira\refinement-v5\motion-frames\Defeat\0012.png'
01:27.625  render           | Saved: 'C:\Users\iputu\Documents\Wonder Chess\reports\WC-U440\20260906T133433Z\mira\refinement-v5\motion-frames\Defeat\0013.png'
01:28.359  render           | Saved: 'C:\Users\iputu\Documents\Wonder Chess\reports\WC-U440\20260906T133433Z\mira\refinement-v5\motion-frames\Defeat\0014.png'
01:29.031  render           | Saved: 'C:\Users\iputu\Documents\Wonder Chess\reports\WC-U440\20260906T133433Z\mira\refinement-v5\motion-frames\Defeat\0015.png'
01:29.718  render           | Saved: 'C:\Users\iputu\Documents\Wonder Chess\reports\WC-U440\20260906T133433Z\mira\refinement-v5\motion-frames\Defeat\0016.png'
01:30.390  render           | Saved: 'C:\Users\iputu\Documents\Wonder Chess\reports\WC-U440\20260906T133433Z\mira\refinement-v5\motion-frames\Defeat\0017.png'
01:31.078  render           | Saved: 'C:\Users\iputu\Documents\Wonder Chess\reports\WC-U440\20260906T133433Z\mira\refinement-v5\motion-frames\Defeat\0018.png'
01:31.843  render           | Saved: 'C:\Users\iputu\Documents\Wonder Chess\reports\WC-U440\20260906T133433Z\mira\refinement-v5\motion-frames\Defeat\0019.png'
WC_REFINED_HERO_MOTION_RENDERED wc_u_human_priest Defeat
01:32.562  render           | Saved: 'C:\Users\iputu\Documents\Wonder Chess\reports\WC-U440\20260906T133433Z\mira\refinement-v5\motion-frames\Victory\0000.png'
01:33.281  render           | Saved: 'C:\Users\iputu\Documents\Wonder Chess\reports\WC-U440\20260906T133433Z\mira\refinement-v5\motion-frames\Victory\0001.png'
01:33.984  render           | Saved: 'C:\Users\iputu\Documents\Wonder Chess\reports\WC-U440\20260906T133433Z\mira\refinement-v5\motion-frames\Victory\0002.png'
01:34.718  render           | Saved: 'C:\Users\iputu\Documents\Wonder Chess\reports\WC-U440\20260906T133433Z\mira\refinement-v5\motion-frames\Victory\0003.png'
01:35.422  render           | Saved: 'C:\Users\iputu\Documents\Wonder Chess\reports\WC-U440\20260906T133433Z\mira\refinement-v5\motion-frames\Victory\0004.png'
01:36.140  render           | Saved: 'C:\Users\iputu\Documents\Wonder Chess\reports\WC-U440\20260906T133433Z\mira\refinement-v5\motion-frames\Victory\0005.png'
01:36.843  render           | Saved: 'C:\Users\iputu\Documents\Wonder Chess\reports\WC-U440\20260906T133433Z\mira\refinement-v5\motion-frames\Victory\0006.png'
01:37.547  render           | Saved: 'C:\Users\iputu\Documents\Wonder Chess\reports\WC-U440\20260906T133433Z\mira\refinement-v5\motion-frames\Victory\0007.png'
01:38.218  render           | Saved: 'C:\Users\iputu\Documents\Wonder Chess\reports\WC-U440\20260906T133433Z\mira\refinement-v5\motion-frames\Victory\0008.png'
01:38.906  render           | Saved: 'C:\Users\iputu\Documents\Wonder Chess\reports\WC-U440\20260906T133433Z\mira\refinement-v5\motion-frames\Victory\0009.png'
01:39.609  render           | Saved: 'C:\Users\iputu\Documents\Wonder Chess\reports\WC-U440\20260906T133433Z\mira\refinement-v5\motion-frames\Victory\0010.png'
01:40.343  render           | Saved: 'C:\Users\iputu\Documents\Wonder Chess\reports\WC-U440\20260906T133433Z\mira\refinement-v5\motion-frames\Victory\0011.png'
01:41.156  render           | Saved: 'C:\Users\iputu\Documents\Wonder Chess\reports\WC-U440\20260906T133433Z\mira\refinement-v5\motion-frames\Victory\0012.png'
01:41.984  render           | Saved: 'C:\Users\iputu\Documents\Wonder Chess\reports\WC-U440\20260906T133433Z\mira\refinement-v5\motion-frames\Victory\0013.png'
01:42.859  render           | Saved: 'C:\Users\iputu\Documents\Wonder Chess\reports\WC-U440\20260906T133433Z\mira\refinement-v5\motion-frames\Victory\0014.png'
01:43.797  render           | Saved: 'C:\Users\iputu\Documents\Wonder Chess\reports\WC-U440\20260906T133433Z\mira\refinement-v5\motion-frames\Victory\0015.png'
01:44.593  render           | Saved: 'C:\Users\iputu\Documents\Wonder Chess\reports\WC-U440\20260906T133433Z\mira\refinement-v5\motion-frames\Victory\0016.png'
01:45.359  render           | Saved: 'C:\Users\iputu\Documents\Wonder Chess\reports\WC-U440\20260906T133433Z\mira\refinement-v5\motion-frames\Victory\0017.png'
01:46.234  render           | Saved: 'C:\Users\iputu\Documents\Wonder Chess\reports\WC-U440\20260906T133433Z\mira\refinement-v5\motion-frames\Victory\0018.png'
01:47.172  render           | Saved: 'C:\Users\iputu\Documents\Wonder Chess\reports\WC-U440\20260906T133433Z\mira\refinement-v5\motion-frames\Victory\0019.png'
01:48.015  render           | Saved: 'C:\Users\iputu\Documents\Wonder Chess\reports\WC-U440\20260906T133433Z\mira\refinement-v5\motion-frames\Victory\0020.png'
01:48.843  render           | Saved: 'C:\Users\iputu\Documents\Wonder Chess\reports\WC-U440\20260906T133433Z\mira\refinement-v5\motion-frames\Victory\0021.png'
01:51.203  render           | Saved: 'C:\Users\iputu\Documents\Wonder Chess\reports\WC-U440\20260906T133433Z\mira\refinement-v5\motion-frames\Victory\0022.png'
01:53.234  render           | Saved: 'C:\Users\iputu\Documents\Wonder Chess\reports\WC-U440\20260906T133433Z\mira\refinement-v5\motion-frames\Victory\0023.png'
01:54.812  render           | Saved: 'C:\Users\iputu\Documents\Wonder Chess\reports\WC-U440\20260906T133433Z\mira\refinement-v5\motion-frames\Victory\0024.png'
01:56.453  render           | Saved: 'C:\Users\iputu\Documents\Wonder Chess\reports\WC-U440\20260906T133433Z\mira\refinement-v5\motion-frames\Victory\0025.png'
01:58.484  render           | Saved: 'C:\Users\iputu\Documents\Wonder Chess\reports\WC-U440\20260906T133433Z\mira\refinement-v5\motion-frames\Victory\0026.png'
02:00.031  render           | Saved: 'C:\Users\iputu\Documents\Wonder Chess\reports\WC-U440\20260906T133433Z\mira\refinement-v5\motion-frames\Victory\0027.png'
02:01.515  render           | Saved: 'C:\Users\iputu\Documents\Wonder Chess\reports\WC-U440\20260906T133433Z\mira\refinement-v5\motion-frames\Victory\0028.png'
02:03.984  render           | Saved: 'C:\Users\iputu\Documents\Wonder Chess\reports\WC-U440\20260906T133433Z\mira\refinement-v5\motion-frames\Victory\0029.png'
WC_REFINED_HERO_MOTION_RENDERED wc_u_human_priest Victory
Blender 5.1.1 (hash b70da489d7f4 built 2026-04-14 01:37:22)

Blender quit
