00:02.234  blend            | Read blend: "C:\Users\iputu\Documents\Wonder Chess\reports\WC-U440\20260906T133433Z\mira\refinement-v7\mira-update24-revision7.blend"
00:03.359  render           | Saved: 'C:\Users\iputu\Documents\Wonder Chess\reports\WC-U440\20260906T133433Z\mira\refinement-v7\motion-frames\Idle\0000.png'
00:04.094  render           | Saved: 'C:\Users\iputu\Documents\Wonder Chess\reports\WC-U440\20260906T133433Z\mira\refinement-v7\motion-frames\Idle\0001.png'
00:04.844  render           | Saved: 'C:\Users\iputu\Documents\Wonder Chess\reports\WC-U440\20260906T133433Z\mira\refinement-v7\motion-frames\Idle\0002.png'
00:05.562  render           | Saved: 'C:\Users\iputu\Documents\Wonder Chess\reports\WC-U440\20260906T133433Z\mira\refinement-v7\motion-frames\Idle\0003.png'
00:06.391  render           | Saved: 'C:\Users\iputu\Documents\Wonder Chess\reports\WC-U440\20260906T133433Z\mira\refinement-v7\motion-frames\Idle\0004.png'
00:07.250  render           | Saved: 'C:\Users\iputu\Documents\Wonder Chess\reports\WC-U440\20260906T133433Z\mira\refinement-v7\motion-frames\Idle\0005.png'
00:08.094  render           | Saved: 'C:\Users\iputu\Documents\Wonder Chess\reports\WC-U440\20260906T133433Z\mira\refinement-v7\motion-frames\Idle\0006.png'
00:08.828  render           | Saved: 'C:\Users\iputu\Documents\Wonder Chess\reports\WC-U440\20260906T133433Z\mira\refinement-v7\motion-frames\Idle\0007.png'
00:09.609  render           | Saved: 'C:\Users\iputu\Documents\Wonder Chess\reports\WC-U440\20260906T133433Z\mira\refinement-v7\motion-frames\Idle\0008.png'
00:10.422  render           | Saved: 'C:\Users\iputu\Documents\Wonder Chess\reports\WC-U440\20260906T133433Z\mira\refinement-v7\motion-frames\Idle\0009.png'
00:11.297  render           | Saved: 'C:\Users\iputu\Documents\Wonder Chess\reports\WC-U440\20260906T133433Z\mira\refinement-v7\motion-frames\Idle\0010.png'
00:12.219  render           | Saved: 'C:\Users\iputu\Documents\Wonder Chess\reports\WC-U440\20260906T133433Z\mira\refinement-v7\motion-frames\Idle\0011.png'
00:13.125  render           | Saved: 'C:\Users\iputu\Documents\Wonder Chess\reports\WC-U440\20260906T133433Z\mira\refinement-v7\motion-frames\Idle\0012.png'
00:14.031  render           | Saved: 'C:\Users\iputu\Documents\Wonder Chess\reports\WC-U440\20260906T133433Z\mira\refinement-v7\motion-frames\Idle\0013.png'
00:14.859  render           | Saved: 'C:\Users\iputu\Documents\Wonder Chess\reports\WC-U440\20260906T133433Z\mira\refinement-v7\motion-frames\Idle\0014.png'
00:15.672  render           | Saved: 'C:\Users\iputu\Documents\Wonder Chess\reports\WC-U440\20260906T133433Z\mira\refinement-v7\motion-frames\Idle\0015.png'
00:16.516  render           | Saved: 'C:\Users\iputu\Documents\Wonder Chess\reports\WC-U440\20260906T133433Z\mira\refinement-v7\motion-frames\Idle\0016.png'
00:17.312  render           | Saved: 'C:\Users\iputu\Documents\Wonder Chess\reports\WC-U440\20260906T133433Z\mira\refinement-v7\motion-frames\Idle\0017.png'
00:18.125  render           | Saved: 'C:\Users\iputu\Documents\Wonder Chess\reports\WC-U440\20260906T133433Z\mira\refinement-v7\motion-frames\Idle\0018.png'
00:18.891  render           | Saved: 'C:\Users\iputu\Documents\Wonder Chess\reports\WC-U440\20260906T133433Z\mira\refinement-v7\motion-frames\Idle\0019.png'
00:19.687  render           | Saved: 'C:\Users\iputu\Documents\Wonder Chess\reports\WC-U440\20260906T133433Z\mira\refinement-v7\motion-frames\Idle\0020.png'
00:20.516  render           | Saved: 'C:\Users\iputu\Documents\Wonder Chess\reports\WC-U440\20260906T133433Z\mira\refinement-v7\motion-frames\Idle\0021.png'
00:21.375  render           | Saved: 'C:\Users\iputu\Documents\Wonder Chess\reports\WC-U440\20260906T133433Z\mira\refinement-v7\motion-frames\Idle\0022.png'
00:22.172  render           | Saved: 'C:\Users\iputu\Documents\Wonder Chess\reports\WC-U440\20260906T133433Z\mira\refinement-v7\motion-frames\Idle\0023.png'
00:23.000  render           | Saved: 'C:\Users\iputu\Documents\Wonder Chess\reports\WC-U440\20260906T133433Z\mira\refinement-v7\motion-frames\Idle\0024.png'
00:23.844  render           | Saved: 'C:\Users\iputu\Documents\Wonder Chess\reports\WC-U440\20260906T133433Z\mira\refinement-v7\motion-frames\Idle\0025.png'
00:24.703  render           | Saved: 'C:\Users\iputu\Documents\Wonder Chess\reports\WC-U440\20260906T133433Z\mira\refinement-v7\motion-frames\Idle\0026.png'
00:25.469  render           | Saved: 'C:\Users\iputu\Documents\Wonder Chess\reports\WC-U440\20260906T133433Z\mira\refinement-v7\motion-frames\Idle\0027.png'
00:26.234  render           | Saved: 'C:\Users\iputu\Documents\Wonder Chess\reports\WC-U440\20260906T133433Z\mira\refinement-v7\motion-frames\Idle\0028.png'
00:26.984  render           | Saved: 'C:\Users\iputu\Documents\Wonder Chess\reports\WC-U440\20260906T133433Z\mira\refinement-v7\motion-frames\Idle\0029.png'
00:27.719  render           | Saved: 'C:\Users\iputu\Documents\Wonder Chess\reports\WC-U440\20260906T133433Z\mira\refinement-v7\motion-frames\Idle\0030.png'
00:28.406  render           | Saved: 'C:\Users\iputu\Documents\Wonder Chess\reports\WC-U440\20260906T133433Z\mira\refinement-v7\motion-frames\Idle\0031.png'
00:29.109  render           | Saved: 'C:\Users\iputu\Documents\Wonder Chess\reports\WC-U440\20260906T133433Z\mira\refinement-v7\motion-frames\Idle\0032.png'
00:30.047  render           | Saved: 'C:\Users\iputu\Documents\Wonder Chess\reports\WC-U440\20260906T133433Z\mira\refinement-v7\motion-frames\Idle\0033.png'
00:30.937  render           | Saved: 'C:\Users\iputu\Documents\Wonder Chess\reports\WC-U440\20260906T133433Z\mira\refinement-v7\motion-frames\Idle\0034.png'
00:31.828  render           | Saved: 'C:\Users\iputu\Documents\Wonder Chess\reports\WC-U440\20260906T133433Z\mira\refinement-v7\motion-frames\Idle\0035.png'
00:32.672  render           | Saved: 'C:\Users\iputu\Documents\Wonder Chess\reports\WC-U440\20260906T133433Z\mira\refinement-v7\motion-frames\Idle\0036.png'
00:33.562  render           | Saved: 'C:\Users\iputu\Documents\Wonder Chess\reports\WC-U440\20260906T133433Z\mira\refinement-v7\motion-frames\Idle\0037.png'
00:34.344  render           | Saved: 'C:\Users\iputu\Documents\Wonder Chess\reports\WC-U440\20260906T133433Z\mira\refinement-v7\motion-frames\Idle\0038.png'
00:35.141  render           | Saved: 'C:\Users\iputu\Documents\Wonder Chess\reports\WC-U440\20260906T133433Z\mira\refinement-v7\motion-frames\Idle\0039.png'
{
  "status": "sampled_motion_invariants_passed",
  "unit_id": "wc_u_human_priest",
  "blender_version": "5.1.1",
  "sampling": "actual deformed mesh every 3 frames at 60fps",
  "clips": [
    {
      "clip": "Idle",
      "samples": 41,
      "minimum_support_sole_z_m": 0.015300003811717033,
      "maximum_support_sole_z_m": 0.015300003811717033,
      "max_root_translation_m": 0,
      "max_pose_scale_error": 0
    },
    {
      "clip": "Move",
      "samples": 21,
      "minimum_support_sole_z_m": 0.003510933369398117,
      "maximum_support_sole_z_m": 0.015300003811717033,
      "max_root_translation_m": 0,
      "max_pose_scale_error": 0
    },
    {
      "clip": "Attack",
      "samples": 15,
      "minimum_support_sole_z_m": 0.015300003811717033,
      "maximum_support_sole_z_m": 0.015300003811717033,
      "max_root_translation_m": 0,
      "max_pose_scale_error": 0
    },
    {
      "clip": "Active",
      "samples": 14,
      "minimum_support_sole_z_m": 0.015300003811717033,
      "maximum_support_sole_z_m": 0.015300003811717033,
      "max_root_translation_m": 0,
      "max_pose_scale_error": 0
    },
    {
      "clip": "Hit",
      "samples": 9,
      "minimum_support_sole_z_m": 0.015300003811717033,
      "maximum_support_sole_z_m": 0.015300003811717033,
      "max_root_translation_m": 0,
      "max_pose_scale_error": 0
    },
    {
      "clip": "Defeat",
      "samples": 21,
      "minimum_support_sole_z_m": 0.015299929305911064,
      "maximum_support_sole_z_m": 0.015300042927265167,
      "max_root_translation_m": 0,
      "max_pose_scale_error": 0
    },
    {
      "clip": "Victory",
      "samples": 31,
      "minimum_support_sole_z_m": 0.015300003811717033,
      "maximum_support_sole_z_m": 0.015300003811717033,
      "max_root_translation_m": 0,
      "max_pose_scale_error": 0
    }
  ],
  "errors": [],
  "not_checked": [
    "continuous visual quality",
    "weapon/costume clipping",
    "semantic gesture review",
    "Unreal retarget/import",
    "runtime move-speed synchronization"
  ]
}
{
  "status": "structural_checks_passed_visual_review_required",
  "blender_version": "5.1.1",
  "collection": "EXPORT",
  "evaluated_triangle_total": 4212,
  "objects": [
    {
      "name": "Armature",
      "type": "ARMATURE",
      "scale": [
        1.0,
        1.0,
        1.0
      ],
      "dimensions": [
        1.153580665588379,
        0.42500001192092896,
        1.8275001049041748
      ],
      "roots": [
        "root"
      ],
      "deform_bones": 27
    },
    {
      "name": "SK_wc_u_human_priest",
      "type": "MESH",
      "scale": [
        1.0,
        1.0,
        1.0
      ],
      "dimensions": [
        1.298708200454712,
        0.6663569808006287,
        1.838189959526062
      ],
      "evaluated_triangles": 4212,
      "material_slots": 1,
      "uv_layers": 1,
      "skin_checks": {
        "unweighted": 0,
        "excess_influences": 0,
        "unnormalized": 0
      }
    }
  ],
  "errors": [],
  "warnings": [],
  "not_checked": [
    "appearance",
    "deformation across all clips",
    "UV overlap appropriateness",
    "normal-map convention",
    "Unreal import",
    "LOD silhouette",
    "gameplay readability"
  ]
}
WC_REFINED_HERO_MOTION_RENDERED wc_u_human_priest Idle
00:35.922  render           | Saved: 'C:\Users\iputu\Documents\Wonder Chess\reports\WC-U440\20260906T133433Z\mira\refinement-v7\motion-frames\Move\0000.png'
00:36.625  render           | Saved: 'C:\Users\iputu\Documents\Wonder Chess\reports\WC-U440\20260906T133433Z\mira\refinement-v7\motion-frames\Move\0001.png'
00:37.344  render           | Saved: 'C:\Users\iputu\Documents\Wonder Chess\reports\WC-U440\20260906T133433Z\mira\refinement-v7\motion-frames\Move\0002.png'
00:38.062  render           | Saved: 'C:\Users\iputu\Documents\Wonder Chess\reports\WC-U440\20260906T133433Z\mira\refinement-v7\motion-frames\Move\0003.png'
00:38.781  render           | Saved: 'C:\Users\iputu\Documents\Wonder Chess\reports\WC-U440\20260906T133433Z\mira\refinement-v7\motion-frames\Move\0004.png'
00:39.469  render           | Saved: 'C:\Users\iputu\Documents\Wonder Chess\reports\WC-U440\20260906T133433Z\mira\refinement-v7\motion-frames\Move\0005.png'
00:40.141  render           | Saved: 'C:\Users\iputu\Documents\Wonder Chess\reports\WC-U440\20260906T133433Z\mira\refinement-v7\motion-frames\Move\0006.png'
00:40.859  render           | Saved: 'C:\Users\iputu\Documents\Wonder Chess\reports\WC-U440\20260906T133433Z\mira\refinement-v7\motion-frames\Move\0007.png'
00:41.594  render           | Saved: 'C:\Users\iputu\Documents\Wonder Chess\reports\WC-U440\20260906T133433Z\mira\refinement-v7\motion-frames\Move\0008.png'
00:42.312  render           | Saved: 'C:\Users\iputu\Documents\Wonder Chess\reports\WC-U440\20260906T133433Z\mira\refinement-v7\motion-frames\Move\0009.png'
00:43.016  render           | Saved: 'C:\Users\iputu\Documents\Wonder Chess\reports\WC-U440\20260906T133433Z\mira\refinement-v7\motion-frames\Move\0010.png'
00:43.719  render           | Saved: 'C:\Users\iputu\Documents\Wonder Chess\reports\WC-U440\20260906T133433Z\mira\refinement-v7\motion-frames\Move\0011.png'
00:44.484  render           | Saved: 'C:\Users\iputu\Documents\Wonder Chess\reports\WC-U440\20260906T133433Z\mira\refinement-v7\motion-frames\Move\0012.png'
00:45.172  render           | Saved: 'C:\Users\iputu\Documents\Wonder Chess\reports\WC-U440\20260906T133433Z\mira\refinement-v7\motion-frames\Move\0013.png'
00:45.891  render           | Saved: 'C:\Users\iputu\Documents\Wonder Chess\reports\WC-U440\20260906T133433Z\mira\refinement-v7\motion-frames\Move\0014.png'
00:46.672  render           | Saved: 'C:\Users\iputu\Documents\Wonder Chess\reports\WC-U440\20260906T133433Z\mira\refinement-v7\motion-frames\Move\0015.png'
00:47.500  render           | Saved: 'C:\Users\iputu\Documents\Wonder Chess\reports\WC-U440\20260906T133433Z\mira\refinement-v7\motion-frames\Move\0016.png'
00:48.312  render           | Saved: 'C:\Users\iputu\Documents\Wonder Chess\reports\WC-U440\20260906T133433Z\mira\refinement-v7\motion-frames\Move\0017.png'
00:49.141  render           | Saved: 'C:\Users\iputu\Documents\Wonder Chess\reports\WC-U440\20260906T133433Z\mira\refinement-v7\motion-frames\Move\0018.png'
00:49.969  render           | Saved: 'C:\Users\iputu\Documents\Wonder Chess\reports\WC-U440\20260906T133433Z\mira\refinement-v7\motion-frames\Move\0019.png'
WC_REFINED_HERO_MOTION_RENDERED wc_u_human_priest Move
00:50.969  render           | Saved: 'C:\Users\iputu\Documents\Wonder Chess\reports\WC-U440\20260906T133433Z\mira\refinement-v7\motion-frames\Attack\0000.png'
00:51.875  render           | Saved: 'C:\Users\iputu\Documents\Wonder Chess\reports\WC-U440\20260906T133433Z\mira\refinement-v7\motion-frames\Attack\0001.png'
00:52.812  render           | Saved: 'C:\Users\iputu\Documents\Wonder Chess\reports\WC-U440\20260906T133433Z\mira\refinement-v7\motion-frames\Attack\0002.png'
00:53.734  render           | Saved: 'C:\Users\iputu\Documents\Wonder Chess\reports\WC-U440\20260906T133433Z\mira\refinement-v7\motion-frames\Attack\0003.png'
00:54.625  render           | Saved: 'C:\Users\iputu\Documents\Wonder Chess\reports\WC-U440\20260906T133433Z\mira\refinement-v7\motion-frames\Attack\0004.png'
00:55.531  render           | Saved: 'C:\Users\iputu\Documents\Wonder Chess\reports\WC-U440\20260906T133433Z\mira\refinement-v7\motion-frames\Attack\0005.png'
00:56.391  render           | Saved: 'C:\Users\iputu\Documents\Wonder Chess\reports\WC-U440\20260906T133433Z\mira\refinement-v7\motion-frames\Attack\0006.png'
00:57.344  render           | Saved: 'C:\Users\iputu\Documents\Wonder Chess\reports\WC-U440\20260906T133433Z\mira\refinement-v7\motion-frames\Attack\0007.png'
00:58.219  render           | Saved: 'C:\Users\iputu\Documents\Wonder Chess\reports\WC-U440\20260906T133433Z\mira\refinement-v7\motion-frames\Attack\0008.png'
00:59.031  render           | Saved: 'C:\Users\iputu\Documents\Wonder Chess\reports\WC-U440\20260906T133433Z\mira\refinement-v7\motion-frames\Attack\0009.png'
00:59.797  render           | Saved: 'C:\Users\iputu\Documents\Wonder Chess\reports\WC-U440\20260906T133433Z\mira\refinement-v7\motion-frames\Attack\0010.png'
01:00.531  render           | Saved: 'C:\Users\iputu\Documents\Wonder Chess\reports\WC-U440\20260906T133433Z\mira\refinement-v7\motion-frames\Attack\0011.png'
01:01.594  render           | Saved: 'C:\Users\iputu\Documents\Wonder Chess\reports\WC-U440\20260906T133433Z\mira\refinement-v7\motion-frames\Attack\0012.png'
01:02.422  render           | Saved: 'C:\Users\iputu\Documents\Wonder Chess\reports\WC-U440\20260906T133433Z\mira\refinement-v7\motion-frames\Attack\0013.png'
WC_REFINED_HERO_MOTION_RENDERED wc_u_human_priest Attack
01:03.266  render           | Saved: 'C:\Users\iputu\Documents\Wonder Chess\reports\WC-U440\20260906T133433Z\mira\refinement-v7\motion-frames\Active\0000.png'
01:04.062  render           | Saved: 'C:\Users\iputu\Documents\Wonder Chess\reports\WC-U440\20260906T133433Z\mira\refinement-v7\motion-frames\Active\0001.png'
01:04.969  render           | Saved: 'C:\Users\iputu\Documents\Wonder Chess\reports\WC-U440\20260906T133433Z\mira\refinement-v7\motion-frames\Active\0002.png'
01:05.891  render           | Saved: 'C:\Users\iputu\Documents\Wonder Chess\reports\WC-U440\20260906T133433Z\mira\refinement-v7\motion-frames\Active\0003.png'
01:06.719  render           | Saved: 'C:\Users\iputu\Documents\Wonder Chess\reports\WC-U440\20260906T133433Z\mira\refinement-v7\motion-frames\Active\0004.png'
01:07.500  render           | Saved: 'C:\Users\iputu\Documents\Wonder Chess\reports\WC-U440\20260906T133433Z\mira\refinement-v7\motion-frames\Active\0005.png'
01:08.297  render           | Saved: 'C:\Users\iputu\Documents\Wonder Chess\reports\WC-U440\20260906T133433Z\mira\refinement-v7\motion-frames\Active\0006.png'
01:09.109  render           | Saved: 'C:\Users\iputu\Documents\Wonder Chess\reports\WC-U440\20260906T133433Z\mira\refinement-v7\motion-frames\Active\0007.png'
01:09.859  render           | Saved: 'C:\Users\iputu\Documents\Wonder Chess\reports\WC-U440\20260906T133433Z\mira\refinement-v7\motion-frames\Active\0008.png'
01:10.656  render           | Saved: 'C:\Users\iputu\Documents\Wonder Chess\reports\WC-U440\20260906T133433Z\mira\refinement-v7\motion-frames\Active\0009.png'
01:11.406  render           | Saved: 'C:\Users\iputu\Documents\Wonder Chess\reports\WC-U440\20260906T133433Z\mira\refinement-v7\motion-frames\Active\0010.png'
01:12.141  render           | Saved: 'C:\Users\iputu\Documents\Wonder Chess\reports\WC-U440\20260906T133433Z\mira\refinement-v7\motion-frames\Active\0011.png'
01:12.859  render           | Saved: 'C:\Users\iputu\Documents\Wonder Chess\reports\WC-U440\20260906T133433Z\mira\refinement-v7\motion-frames\Active\0012.png'
WC_REFINED_HERO_MOTION_RENDERED wc_u_human_priest Active
01:13.609  render           | Saved: 'C:\Users\iputu\Documents\Wonder Chess\reports\WC-U440\20260906T133433Z\mira\refinement-v7\motion-frames\Hit\0000.png'
01:14.578  render           | Saved: 'C:\Users\iputu\Documents\Wonder Chess\reports\WC-U440\20260906T133433Z\mira\refinement-v7\motion-frames\Hit\0001.png'
01:15.547  render           | Saved: 'C:\Users\iputu\Documents\Wonder Chess\reports\WC-U440\20260906T133433Z\mira\refinement-v7\motion-frames\Hit\0002.png'
01:16.500  render           | Saved: 'C:\Users\iputu\Documents\Wonder Chess\reports\WC-U440\20260906T133433Z\mira\refinement-v7\motion-frames\Hit\0003.png'
01:17.484  render           | Saved: 'C:\Users\iputu\Documents\Wonder Chess\reports\WC-U440\20260906T133433Z\mira\refinement-v7\motion-frames\Hit\0004.png'
01:18.406  render           | Saved: 'C:\Users\iputu\Documents\Wonder Chess\reports\WC-U440\20260906T133433Z\mira\refinement-v7\motion-frames\Hit\0005.png'
01:19.422  render           | Saved: 'C:\Users\iputu\Documents\Wonder Chess\reports\WC-U440\20260906T133433Z\mira\refinement-v7\motion-frames\Hit\0006.png'
01:20.344  render           | Saved: 'C:\Users\iputu\Documents\Wonder Chess\reports\WC-U440\20260906T133433Z\mira\refinement-v7\motion-frames\Hit\0007.png'
WC_REFINED_HERO_MOTION_RENDERED wc_u_human_priest Hit
01:21.312  render           | Saved: 'C:\Users\iputu\Documents\Wonder Chess\reports\WC-U440\20260906T133433Z\mira\refinement-v7\motion-frames\Defeat\0000.png'
01:22.156  render           | Saved: 'C:\Users\iputu\Documents\Wonder Chess\reports\WC-U440\20260906T133433Z\mira\refinement-v7\motion-frames\Defeat\0001.png'
01:23.125  render           | Saved: 'C:\Users\iputu\Documents\Wonder Chess\reports\WC-U440\20260906T133433Z\mira\refinement-v7\motion-frames\Defeat\0002.png'
01:24.031  render           | Saved: 'C:\Users\iputu\Documents\Wonder Chess\reports\WC-U440\20260906T133433Z\mira\refinement-v7\motion-frames\Defeat\0003.png'
01:24.922  render           | Saved: 'C:\Users\iputu\Documents\Wonder Chess\reports\WC-U440\20260906T133433Z\mira\refinement-v7\motion-frames\Defeat\0004.png'
01:25.781  render           | Saved: 'C:\Users\iputu\Documents\Wonder Chess\reports\WC-U440\20260906T133433Z\mira\refinement-v7\motion-frames\Defeat\0005.png'
01:26.562  render           | Saved: 'C:\Users\iputu\Documents\Wonder Chess\reports\WC-U440\20260906T133433Z\mira\refinement-v7\motion-frames\Defeat\0006.png'
01:27.422  render           | Saved: 'C:\Users\iputu\Documents\Wonder Chess\reports\WC-U440\20260906T133433Z\mira\refinement-v7\motion-frames\Defeat\0007.png'
01:28.281  render           | Saved: 'C:\Users\iputu\Documents\Wonder Chess\reports\WC-U440\20260906T133433Z\mira\refinement-v7\motion-frames\Defeat\0008.png'
01:29.156  render           | Saved: 'C:\Users\iputu\Documents\Wonder Chess\reports\WC-U440\20260906T133433Z\mira\refinement-v7\motion-frames\Defeat\0009.png'
01:30.109  render           | Saved: 'C:\Users\iputu\Documents\Wonder Chess\reports\WC-U440\20260906T133433Z\mira\refinement-v7\motion-frames\Defeat\0010.png'
01:30.922  render           | Saved: 'C:\Users\iputu\Documents\Wonder Chess\reports\WC-U440\20260906T133433Z\mira\refinement-v7\motion-frames\Defeat\0011.png'
01:31.812  render           | Saved: 'C:\Users\iputu\Documents\Wonder Chess\reports\WC-U440\20260906T133433Z\mira\refinement-v7\motion-frames\Defeat\0012.png'
01:32.656  render           | Saved: 'C:\Users\iputu\Documents\Wonder Chess\reports\WC-U440\20260906T133433Z\mira\refinement-v7\motion-frames\Defeat\0013.png'
01:33.484  render           | Saved: 'C:\Users\iputu\Documents\Wonder Chess\reports\WC-U440\20260906T133433Z\mira\refinement-v7\motion-frames\Defeat\0014.png'
01:34.500  render           | Saved: 'C:\Users\iputu\Documents\Wonder Chess\reports\WC-U440\20260906T133433Z\mira\refinement-v7\motion-frames\Defeat\0015.png'
01:35.281  render           | Saved: 'C:\Users\iputu\Documents\Wonder Chess\reports\WC-U440\20260906T133433Z\mira\refinement-v7\motion-frames\Defeat\0016.png'
01:36.094  render           | Saved: 'C:\Users\iputu\Documents\Wonder Chess\reports\WC-U440\20260906T133433Z\mira\refinement-v7\motion-frames\Defeat\0017.png'
01:36.906  render           | Saved: 'C:\Users\iputu\Documents\Wonder Chess\reports\WC-U440\20260906T133433Z\mira\refinement-v7\motion-frames\Defeat\0018.png'
01:37.719  render           | Saved: 'C:\Users\iputu\Documents\Wonder Chess\reports\WC-U440\20260906T133433Z\mira\refinement-v7\motion-frames\Defeat\0019.png'
WC_REFINED_HERO_MOTION_RENDERED wc_u_human_priest Defeat
01:38.484  render           | Saved: 'C:\Users\iputu\Documents\Wonder Chess\reports\WC-U440\20260906T133433Z\mira\refinement-v7\motion-frames\Victory\0000.png'
01:39.250  render           | Saved: 'C:\Users\iputu\Documents\Wonder Chess\reports\WC-U440\20260906T133433Z\mira\refinement-v7\motion-frames\Victory\0001.png'
01:39.984  render           | Saved: 'C:\Users\iputu\Documents\Wonder Chess\reports\WC-U440\20260906T133433Z\mira\refinement-v7\motion-frames\Victory\0002.png'
01:40.719  render           | Saved: 'C:\Users\iputu\Documents\Wonder Chess\reports\WC-U440\20260906T133433Z\mira\refinement-v7\motion-frames\Victory\0003.png'
01:41.469  render           | Saved: 'C:\Users\iputu\Documents\Wonder Chess\reports\WC-U440\20260906T133433Z\mira\refinement-v7\motion-frames\Victory\0004.png'
01:42.234  render           | Saved: 'C:\Users\iputu\Documents\Wonder Chess\reports\WC-U440\20260906T133433Z\mira\refinement-v7\motion-frames\Victory\0005.png'
01:42.953  render           | Saved: 'C:\Users\iputu\Documents\Wonder Chess\reports\WC-U440\20260906T133433Z\mira\refinement-v7\motion-frames\Victory\0006.png'
01:43.672  render           | Saved: 'C:\Users\iputu\Documents\Wonder Chess\reports\WC-U440\20260906T133433Z\mira\refinement-v7\motion-frames\Victory\0007.png'
01:44.406  render           | Saved: 'C:\Users\iputu\Documents\Wonder Chess\reports\WC-U440\20260906T133433Z\mira\refinement-v7\motion-frames\Victory\0008.png'
01:45.141  render           | Saved: 'C:\Users\iputu\Documents\Wonder Chess\reports\WC-U440\20260906T133433Z\mira\refinement-v7\motion-frames\Victory\0009.png'
01:45.875  render           | Saved: 'C:\Users\iputu\Documents\Wonder Chess\reports\WC-U440\20260906T133433Z\mira\refinement-v7\motion-frames\Victory\0010.png'
01:46.625  render           | Saved: 'C:\Users\iputu\Documents\Wonder Chess\reports\WC-U440\20260906T133433Z\mira\refinement-v7\motion-frames\Victory\0011.png'
01:47.375  render           | Saved: 'C:\Users\iputu\Documents\Wonder Chess\reports\WC-U440\20260906T133433Z\mira\refinement-v7\motion-frames\Victory\0012.png'
01:48.141  render           | Saved: 'C:\Users\iputu\Documents\Wonder Chess\reports\WC-U440\20260906T133433Z\mira\refinement-v7\motion-frames\Victory\0013.png'
01:48.969  render           | Saved: 'C:\Users\iputu\Documents\Wonder Chess\reports\WC-U440\20260906T133433Z\mira\refinement-v7\motion-frames\Victory\0014.png'
01:49.766  render           | Saved: 'C:\Users\iputu\Documents\Wonder Chess\reports\WC-U440\20260906T133433Z\mira\refinement-v7\motion-frames\Victory\0015.png'
01:50.578  render           | Saved: 'C:\Users\iputu\Documents\Wonder Chess\reports\WC-U440\20260906T133433Z\mira\refinement-v7\motion-frames\Victory\0016.png'
01:51.359  render           | Saved: 'C:\Users\iputu\Documents\Wonder Chess\reports\WC-U440\20260906T133433Z\mira\refinement-v7\motion-frames\Victory\0017.png'
01:52.109  render           | Saved: 'C:\Users\iputu\Documents\Wonder Chess\reports\WC-U440\20260906T133433Z\mira\refinement-v7\motion-frames\Victory\0018.png'
01:52.875  render           | Saved: 'C:\Users\iputu\Documents\Wonder Chess\reports\WC-U440\20260906T133433Z\mira\refinement-v7\motion-frames\Victory\0019.png'
01:53.719  render           | Saved: 'C:\Users\iputu\Documents\Wonder Chess\reports\WC-U440\20260906T133433Z\mira\refinement-v7\motion-frames\Victory\0020.png'
01:54.562  render           | Saved: 'C:\Users\iputu\Documents\Wonder Chess\reports\WC-U440\20260906T133433Z\mira\refinement-v7\motion-frames\Victory\0021.png'
01:55.406  render           | Saved: 'C:\Users\iputu\Documents\Wonder Chess\reports\WC-U440\20260906T133433Z\mira\refinement-v7\motion-frames\Victory\0022.png'
01:57.484  render           | Saved: 'C:\Users\iputu\Documents\Wonder Chess\reports\WC-U440\20260906T133433Z\mira\refinement-v7\motion-frames\Victory\0023.png'
01:58.781  render           | Saved: 'C:\Users\iputu\Documents\Wonder Chess\reports\WC-U440\20260906T133433Z\mira\refinement-v7\motion-frames\Victory\0024.png'
02:00.937  render           | Saved: 'C:\Users\iputu\Documents\Wonder Chess\reports\WC-U440\20260906T133433Z\mira\refinement-v7\motion-frames\Victory\0025.png'
02:02.484  render           | Saved: 'C:\Users\iputu\Documents\Wonder Chess\reports\WC-U440\20260906T133433Z\mira\refinement-v7\motion-frames\Victory\0026.png'
02:03.344  render           | Saved: 'C:\Users\iputu\Documents\Wonder Chess\reports\WC-U440\20260906T133433Z\mira\refinement-v7\motion-frames\Victory\0027.png'
02:04.141  render           | Saved: 'C:\Users\iputu\Documents\Wonder Chess\reports\WC-U440\20260906T133433Z\mira\refinement-v7\motion-frames\Victory\0028.png'
02:05.000  render           | Saved: 'C:\Users\iputu\Documents\Wonder Chess\reports\WC-U440\20260906T133433Z\mira\refinement-v7\motion-frames\Victory\0029.png'
WC_REFINED_HERO_MOTION_RENDERED wc_u_human_priest Victory
Blender 5.1.1 (hash b70da489d7f4 built 2026-04-14 01:37:22)

Blender quit
