00:19.453  render           | Saved: 'C:\Users\iputu\Documents\Wonder Chess\reports\WC-U440\20260906T144111Z\wc_u_elf_mage\candidate-v1\front.png'
00:28.828  render           | Saved: 'C:\Users\iputu\Documents\Wonder Chess\reports\WC-U440\20260906T144111Z\wc_u_elf_mage\candidate-v1\side.png'
00:38.844  render           | Saved: 'C:\Users\iputu\Documents\Wonder Chess\reports\WC-U440\20260906T144111Z\wc_u_elf_mage\candidate-v1\back.png'
00:49.266  render           | Saved: 'C:\Users\iputu\Documents\Wonder Chess\reports\WC-U440\20260906T144111Z\wc_u_elf_mage\candidate-v1\three-quarter.png'
00:59.547  render           | Saved: 'C:\Users\iputu\Documents\Wonder Chess\exports\heroes\wc_u_elf_mage\portrait.png'
01:01.250  render           | Saved: 'C:\Users\iputu\Documents\Wonder Chess\reports\WC-U440\20260906T144111Z\wc_u_elf_mage\candidate-v1\clip_Idle.png'
01:02.937  render           | Saved: 'C:\Users\iputu\Documents\Wonder Chess\reports\WC-U440\20260906T144111Z\wc_u_elf_mage\candidate-v1\clip_Move.png'
01:04.578  render           | Saved: 'C:\Users\iputu\Documents\Wonder Chess\reports\WC-U440\20260906T144111Z\wc_u_elf_mage\candidate-v1\clip_Attack.png'
01:06.203  render           | Saved: 'C:\Users\iputu\Documents\Wonder Chess\reports\WC-U440\20260906T144111Z\wc_u_elf_mage\candidate-v1\clip_Active.png'
01:07.828  render           | Saved: 'C:\Users\iputu\Documents\Wonder Chess\reports\WC-U440\20260906T144111Z\wc_u_elf_mage\candidate-v1\clip_Hit.png'
01:09.469  render           | Saved: 'C:\Users\iputu\Documents\Wonder Chess\reports\WC-U440\20260906T144111Z\wc_u_elf_mage\candidate-v1\clip_Defeat.png'
01:11.078  render           | Saved: 'C:\Users\iputu\Documents\Wonder Chess\reports\WC-U440\20260906T144111Z\wc_u_elf_mage\candidate-v1\clip_Victory.png'

FBX export starting... 'C:\\Users\\iputu\\Documents\\Wonder Chess\\exports\\heroes\\wc_u_elf_mage\\SK_wc_u_elf_mage.fbx'
(bpy.data.armatures['WC_humanoid_slender_v1.001'], 'POSE')
export finished in 0.0484 sec.
Info: Applied modifier was not first, result may not be as expected

FBX export starting... 'C:\\Users\\iputu\\Documents\\Wonder Chess\\exports\\heroes\\wc_u_elf_mage\\SK_wc_u_elf_mage_LOD1.fbx'
(bpy.data.armatures['WC_humanoid_slender_v1.001'], 'POSE')
export finished in 0.0336 sec.
Info: Applied modifier was not first, result may not be as expected

FBX export starting... 'C:\\Users\\iputu\\Documents\\Wonder Chess\\exports\\heroes\\wc_u_elf_mage\\SK_wc_u_elf_mage_LOD2.fbx'
(bpy.data.armatures['WC_humanoid_slender_v1.001'], 'POSE')
export finished in 0.0304 sec.
Info: Saved as "unanimated-source.blend"

FBX export starting... 'C:\\Users\\iputu\\Documents\\Wonder Chess\\exports\\heroes\\wc_u_elf_mage\\AN_wc_u_elf_mage_Idle.fbx'
export finished in 0.1626 sec.

FBX export starting... 'C:\\Users\\iputu\\Documents\\Wonder Chess\\exports\\heroes\\wc_u_elf_mage\\AN_wc_u_elf_mage_Move.fbx'
export finished in 0.1105 sec.

FBX export starting... 'C:\\Users\\iputu\\Documents\\Wonder Chess\\exports\\heroes\\wc_u_elf_mage\\AN_wc_u_elf_mage_Attack.fbx'
export finished in 0.0876 sec.

FBX export starting... 'C:\\Users\\iputu\\Documents\\Wonder Chess\\exports\\heroes\\wc_u_elf_mage\\AN_wc_u_elf_mage_Active.fbx'
export finished in 0.0865 sec.

FBX export starting... 'C:\\Users\\iputu\\Documents\\Wonder Chess\\exports\\heroes\\wc_u_elf_mage\\AN_wc_u_elf_mage_Hit.fbx'
export finished in 0.0697 sec.

FBX export starting... 'C:\\Users\\iputu\\Documents\\Wonder Chess\\exports\\heroes\\wc_u_elf_mage\\AN_wc_u_elf_mage_Defeat.fbx'
export finished in 0.1007 sec.

FBX export starting... 'C:\\Users\\iputu\\Documents\\Wonder Chess\\exports\\heroes\\wc_u_elf_mage\\AN_wc_u_elf_mage_Victory.fbx'
export finished in 0.2001 sec.
Info: Saved as "wc_u_elf_mage.blend"
{
  "status": "structural_checks_passed_visual_review_required",
  "blender_version": "5.1.1",
  "collection": "EXPORT",
  "evaluated_triangle_total": 6006,
  "objects": [
    {
      "name": "Armature",
      "type": "ARMATURE",
      "scale": [
        1.0,
        1.0,
        1.0
      ],
      "dimensions": [
        1.085276484489441,
        0.4791606068611145,
        2.0532498359680176
      ],
      "roots": [
        "root"
      ],
      "deform_bones": 27
    },
    {
      "name": "SK_wc_u_elf_mage",
      "type": "MESH",
      "scale": [
        1.0,
        1.0,
        1.0
      ],
      "dimensions": [
        1.1685179471969604,
        0.653406023979187,
        2.1411097049713135
      ],
      "evaluated_triangles": 6006,
      "material_slots": 1,
      "uv_layers": 1,
      "skin_checks": {
        "unweighted": 0,
        "excess_influences": 0,
        "unnormalized": 0
      }
    }
  ],
  "errors": [],
  "warnings": [],
  "not_checked": [
    "appearance",
    "deformation across all clips",
    "UV overlap appropriateness",
    "normal-map convention",
    "Unreal import",
    "LOD silhouette",
    "gameplay readability"
  ]
}
{
  "status": "structural_checks_passed_visual_review_required",
  "blender_version": "5.1.1",
  "collection": "LOD_SOURCE",
  "evaluated_triangle_total": 4503,
  "objects": [
    {
      "name": "SK_wc_u_elf_mage_LOD1",
      "type": "MESH",
      "scale": [
        1.0,
        1.0,
        1.0
      ],
      "dimensions": [
        1.167281150817871,
        0.6529890298843384,
        2.140949010848999
      ],
      "evaluated_triangles": 3003,
      "material_slots": 1,
      "uv_layers": 1,
      "skin_checks": {
        "unweighted": 0,
        "excess_influences": 0,
        "unnormalized": 0
      }
    },
    {
      "name": "SK_wc_u_elf_mage_LOD2",
      "type": "MESH",
      "scale": [
        1.0,
        1.0,
        1.0
      ],
      "dimensions": [
        1.1556051969528198,
        0.6513457298278809,
        2.1440060138702393
      ],
      "evaluated_triangles": 1500,
      "material_slots": 1,
      "uv_layers": 1,
      "skin_checks": {
        "unweighted": 0,
        "excess_influences": 0,
        "unnormalized": 0
      }
    }
  ],
  "errors": [],
  "warnings": [],
  "not_checked": [
    "appearance",
    "deformation across all clips",
    "UV overlap appropriateness",
    "normal-map convention",
    "Unreal import",
    "LOD silhouette",
    "gameplay readability"
  ]
}
{
  "status": "sampled_motion_invariants_passed",
  "unit_id": "wc_u_elf_mage",
  "blender_version": "5.1.1",
  "sampling": "actual deformed mesh every 3 frames at 60fps",
  "clips": [
    {
      "clip": "Idle",
      "samples": 41,
      "minimum_support_sole_z_m": 0.015279988758265972,
      "maximum_support_sole_z_m": 0.015279988758265972,
      "max_root_translation_m": 0,
      "max_pose_scale_error": 0
    },
    {
      "clip": "Move",
      "samples": 21,
      "minimum_support_sole_z_m": 0.0020346054807305336,
      "maximum_support_sole_z_m": 0.015279988758265972,
      "max_root_translation_m": 0,
      "max_pose_scale_error": 0
    },
    {
      "clip": "Attack",
      "samples": 15,
      "minimum_support_sole_z_m": 0.015279988758265972,
      "maximum_support_sole_z_m": 0.015279988758265972,
      "max_root_translation_m": 0,
      "max_pose_scale_error": 0
    },
    {
      "clip": "Active",
      "samples": 15,
      "minimum_support_sole_z_m": 0.015279988758265972,
      "maximum_support_sole_z_m": 0.015279988758265972,
      "max_root_translation_m": 0,
      "max_pose_scale_error": 0
    },
    {
      "clip": "Hit",
      "samples": 9,
      "minimum_support_sole_z_m": 0.015279988758265972,
      "maximum_support_sole_z_m": 0.015279988758265972,
      "max_root_translation_m": 0,
      "max_pose_scale_error": 0
    },
    {
      "clip": "Defeat",
      "samples": 21,
      "minimum_support_sole_z_m": 0.015280003659427166,
      "maximum_support_sole_z_m": 0.015280145220458508,
      "max_root_translation_m": 0,
      "max_pose_scale_error": 0
    },
    {
      "clip": "Victory",
      "samples": 31,
      "minimum_support_sole_z_m": 0.015279988758265972,
      "maximum_support_sole_z_m": 0.015279988758265972,
      "max_root_translation_m": 0,
      "max_pose_scale_error": 0
    }
  ],
  "errors": [],
  "not_checked": [
    "continuous visual quality",
    "weapon/costume clipping",
    "semantic gesture review",
    "Unreal retarget/import",
    "runtime move-speed synchronization"
  ]
}
WC_NEW_FAMILY_HERO_CANDIDATE wc_u_elf_mage 6006
Blender 5.1.1 (hash b70da489d7f4 built 2026-04-14 01:37:22)

Blender quit
