00:02.500  blend            | Read blend: "C:\Users\iputu\Documents\Wonder Chess\art-source\heroes\wc_u_dwarf_priest\wc_u_dwarf_priest.blend"
{
  "status": "structural_checks_passed_visual_review_required",
  "blender_version": "5.1.1",
  "collection": "EXPORT",
  "evaluated_triangle_total": 7350,
  "objects": [
    {
      "name": "Armature",
      "type": "ARMATURE",
      "scale": [
        1.0,
        1.0,
        1.0
      ],
      "dimensions": [
        0.7985707521438599,
        0.367258757352829,
        1.3975000381469727
      ],
      "roots": [
        "root"
      ],
      "deform_bones": 27
    },
    {
      "name": "SK_wc_u_dwarf_priest",
      "type": "MESH",
      "scale": [
        1.0,
        1.0,
        1.0
      ],
      "dimensions": [
        0.9398245811462402,
        0.5612619519233704,
        1.3675999641418457
      ],
      "evaluated_triangles": 7350,
      "material_slots": 1,
      "uv_layers": 1,
      "skin_checks": {
        "unweighted": 0,
        "excess_influences": 0,
        "unnormalized": 0
      }
    }
  ],
  "errors": [],
  "warnings": [],
  "not_checked": [
    "appearance",
    "deformation across all clips",
    "UV overlap appropriateness",
    "normal-map convention",
    "Unreal import",
    "LOD silhouette",
    "gameplay readability"
  ]
}
{
  "status": "structural_checks_passed_visual_review_required",
  "blender_version": "5.1.1",
  "collection": "LOD_SOURCE",
  "evaluated_triangle_total": 5505,
  "objects": [
    {
      "name": "SK_wc_u_dwarf_priest_LOD1",
      "type": "MESH",
      "scale": [
        1.0,
        1.0,
        1.0
      ],
      "dimensions": [
        0.9396671056747437,
        0.5602304935455322,
        1.3673691749572754
      ],
      "evaluated_triangles": 3675,
      "material_slots": 1,
      "uv_layers": 1,
      "skin_checks": {
        "unweighted": 0,
        "excess_influences": 0,
        "unnormalized": 0
      }
    },
    {
      "name": "SK_wc_u_dwarf_priest_LOD2",
      "type": "MESH",
      "scale": [
        1.0,
        1.0,
        1.0
      ],
      "dimensions": [
        0.9411576986312866,
        0.5628468990325928,
        1.3675084114074707
      ],
      "evaluated_triangles": 1830,
      "material_slots": 1,
      "uv_layers": 1,
      "skin_checks": {
        "unweighted": 0,
        "excess_influences": 0,
        "unnormalized": 0
      }
    }
  ],
  "errors": [],
  "warnings": [],
  "not_checked": [
    "appearance",
    "deformation across all clips",
    "UV overlap appropriateness",
    "normal-map convention",
    "Unreal import",
    "LOD silhouette",
    "gameplay readability"
  ]
}
{
  "status": "sampled_motion_invariants_passed",
  "unit_id": "wc_u_dwarf_priest",
  "blender_version": "5.1.1",
  "sampling": "actual deformed mesh every 3 frames at 60fps",
  "clips": [
    {
      "clip": "Idle",
      "samples": 41,
      "minimum_support_sole_z_m": 0.010400007478892803,
      "maximum_support_sole_z_m": 0.010400007478892803,
      "max_root_translation_m": 0,
      "max_pose_scale_error": 0
    },
    {
      "clip": "Move",
      "samples": 21,
      "minimum_support_sole_z_m": 0.004176173824816942,
      "maximum_support_sole_z_m": 0.010400007478892803,
      "max_root_translation_m": 0,
      "max_pose_scale_error": 0
    },
    {
      "clip": "Attack",
      "samples": 15,
      "minimum_support_sole_z_m": 0.010400007478892803,
      "maximum_support_sole_z_m": 0.010400007478892803,
      "max_root_translation_m": 0,
      "max_pose_scale_error": 0
    },
    {
      "clip": "Active",
      "samples": 14,
      "minimum_support_sole_z_m": 0.010400007478892803,
      "maximum_support_sole_z_m": 0.010400007478892803,
      "max_root_translation_m": 0,
      "max_pose_scale_error": 0
    },
    {
      "clip": "Hit",
      "samples": 9,
      "minimum_support_sole_z_m": 0.010400007478892803,
      "maximum_support_sole_z_m": 0.010400007478892803,
      "max_root_translation_m": 0,
      "max_pose_scale_error": 0
    },
    {
      "clip": "Defeat",
      "samples": 21,
      "minimum_support_sole_z_m": 0.010399884544312954,
      "maximum_support_sole_z_m": 0.010399977676570415,
      "max_root_translation_m": 0,
      "max_pose_scale_error": 0
    },
    {
      "clip": "Victory",
      "samples": 31,
      "minimum_support_sole_z_m": 0.010400007478892803,
      "maximum_support_sole_z_m": 0.010400007478892803,
      "max_root_translation_m": 0,
      "max_pose_scale_error": 0
    }
  ],
  "errors": [],
  "not_checked": [
    "continuous visual quality",
    "weapon/costume clipping",
    "semantic gesture review",
    "Unreal retarget/import",
    "runtime move-speed synchronization"
  ]
}
FBX version: 7400
FBX version: 7400
FBX version: 7400
WC_NEW_HERO_READBACK_PASS {"status": "PASS_SAVED_SOURCE_SKIN_MOTION_AND_MESH_FBX_READBACK", "unit_id": "wc_u_dwarf_priest", "source_sha256": "07ef894386d9c4469804ce589c302f98d8efd539b5418a269d5984da82fddb20", "manifest_sha256": "12339f00de4fe0485df6c292c0d309f873e81f0aae5aa21474b055af9ec05a8f", "source_revision": 3, "geometry_revision": 3, "animation_revision": 1, "blender_version": "5.1.1", "files_verified": 14, "source_clips_verified": 7, "mesh_fbx_readbacks": [{"mesh_suffix": "", "dimensions_m": [1.168325662612915, 0.3760728985071182, 1.3676000218838453], "triangles": 7350, "bones": 27, "materials": 1, "uv_layers": 1, "weighted_vertices": 3920}, {"mesh_suffix": "_LOD1", "dimensions_m": [1.168325662612915, 0.3750312626361847, 1.3673691134899855], "triangles": 3675, "bones": 27, "materials": 1, "uv_layers": 1, "weighted_vertices": 2076}, {"mesh_suffix": "_LOD2", "dimensions_m": [1.1703935265541077, 0.37767039239406586, 1.3675083378329873], "triangles": 1830, "bones": 27, "materials": 1, "uv_layers": 1, "weighted_vertices": 1155}], "animation_fbx_import_verified": false, "Unreal_import_verified": false, "final_art_accepted": false}
00:03.578  blend            | Read blend: "C:\Users\iputu\Documents\Wonder Chess\art-source\heroes\wc_u_dwarf_priest\wc_u_dwarf_priest.blend"
00:06.500  render           | Saved: 'C:\Users\iputu\Documents\Wonder Chess\reports\WC-U440\20260906T144111Z\wc_u_dwarf_priest\verified-v3\motion-frames\Idle\0000.png'
00:09.265  render           | Saved: 'C:\Users\iputu\Documents\Wonder Chess\reports\WC-U440\20260906T144111Z\wc_u_dwarf_priest\verified-v3\motion-frames\Idle\0001.png'
00:12.093  render           | Saved: 'C:\Users\iputu\Documents\Wonder Chess\reports\WC-U440\20260906T144111Z\wc_u_dwarf_priest\verified-v3\motion-frames\Idle\0002.png'
00:15.406  render           | Saved: 'C:\Users\iputu\Documents\Wonder Chess\reports\WC-U440\20260906T144111Z\wc_u_dwarf_priest\verified-v3\motion-frames\Idle\0003.png'
00:18.234  render           | Saved: 'C:\Users\iputu\Documents\Wonder Chess\reports\WC-U440\20260906T144111Z\wc_u_dwarf_priest\verified-v3\motion-frames\Idle\0004.png'
00:20.890  render           | Saved: 'C:\Users\iputu\Documents\Wonder Chess\reports\WC-U440\20260906T144111Z\wc_u_dwarf_priest\verified-v3\motion-frames\Idle\0005.png'
00:23.593  render           | Saved: 'C:\Users\iputu\Documents\Wonder Chess\reports\WC-U440\20260906T144111Z\wc_u_dwarf_priest\verified-v3\motion-frames\Idle\0006.png'
00:26.281  render           | Saved: 'C:\Users\iputu\Documents\Wonder Chess\reports\WC-U440\20260906T144111Z\wc_u_dwarf_priest\verified-v3\motion-frames\Idle\0007.png'
00:28.937  render           | Saved: 'C:\Users\iputu\Documents\Wonder Chess\reports\WC-U440\20260906T144111Z\wc_u_dwarf_priest\verified-v3\motion-frames\Idle\0008.png'
00:31.703  render           | Saved: 'C:\Users\iputu\Documents\Wonder Chess\reports\WC-U440\20260906T144111Z\wc_u_dwarf_priest\verified-v3\motion-frames\Idle\0009.png'
00:34.515  render           | Saved: 'C:\Users\iputu\Documents\Wonder Chess\reports\WC-U440\20260906T144111Z\wc_u_dwarf_priest\verified-v3\motion-frames\Idle\0010.png'
00:37.203  render           | Saved: 'C:\Users\iputu\Documents\Wonder Chess\reports\WC-U440\20260906T144111Z\wc_u_dwarf_priest\verified-v3\motion-frames\Idle\0011.png'
00:39.953  render           | Saved: 'C:\Users\iputu\Documents\Wonder Chess\reports\WC-U440\20260906T144111Z\wc_u_dwarf_priest\verified-v3\motion-frames\Idle\0012.png'
00:42.718  render           | Saved: 'C:\Users\iputu\Documents\Wonder Chess\reports\WC-U440\20260906T144111Z\wc_u_dwarf_priest\verified-v3\motion-frames\Idle\0013.png'
00:45.500  render           | Saved: 'C:\Users\iputu\Documents\Wonder Chess\reports\WC-U440\20260906T144111Z\wc_u_dwarf_priest\verified-v3\motion-frames\Idle\0014.png'
00:48.281  render           | Saved: 'C:\Users\iputu\Documents\Wonder Chess\reports\WC-U440\20260906T144111Z\wc_u_dwarf_priest\verified-v3\motion-frames\Idle\0015.png'
00:51.031  render           | Saved: 'C:\Users\iputu\Documents\Wonder Chess\reports\WC-U440\20260906T144111Z\wc_u_dwarf_priest\verified-v3\motion-frames\Idle\0016.png'
00:53.750  render           | Saved: 'C:\Users\iputu\Documents\Wonder Chess\reports\WC-U440\20260906T144111Z\wc_u_dwarf_priest\verified-v3\motion-frames\Idle\0017.png'
00:56.500  render           | Saved: 'C:\Users\iputu\Documents\Wonder Chess\reports\WC-U440\20260906T144111Z\wc_u_dwarf_priest\verified-v3\motion-frames\Idle\0018.png'
00:59.343  render           | Saved: 'C:\Users\iputu\Documents\Wonder Chess\reports\WC-U440\20260906T144111Z\wc_u_dwarf_priest\verified-v3\motion-frames\Idle\0019.png'
01:02.031  render           | Saved: 'C:\Users\iputu\Documents\Wonder Chess\reports\WC-U440\20260906T144111Z\wc_u_dwarf_priest\verified-v3\motion-frames\Idle\0020.png'
01:04.703  render           | Saved: 'C:\Users\iputu\Documents\Wonder Chess\reports\WC-U440\20260906T144111Z\wc_u_dwarf_priest\verified-v3\motion-frames\Idle\0021.png'
01:07.484  render           | Saved: 'C:\Users\iputu\Documents\Wonder Chess\reports\WC-U440\20260906T144111Z\wc_u_dwarf_priest\verified-v3\motion-frames\Idle\0022.png'
01:10.250  render           | Saved: 'C:\Users\iputu\Documents\Wonder Chess\reports\WC-U440\20260906T144111Z\wc_u_dwarf_priest\verified-v3\motion-frames\Idle\0023.png'
01:12.984  render           | Saved: 'C:\Users\iputu\Documents\Wonder Chess\reports\WC-U440\20260906T144111Z\wc_u_dwarf_priest\verified-v3\motion-frames\Idle\0024.png'
01:15.734  render           | Saved: 'C:\Users\iputu\Documents\Wonder Chess\reports\WC-U440\20260906T144111Z\wc_u_dwarf_priest\verified-v3\motion-frames\Idle\0025.png'
01:18.500  render           | Saved: 'C:\Users\iputu\Documents\Wonder Chess\reports\WC-U440\20260906T144111Z\wc_u_dwarf_priest\verified-v3\motion-frames\Idle\0026.png'
01:21.281  render           | Saved: 'C:\Users\iputu\Documents\Wonder Chess\reports\WC-U440\20260906T144111Z\wc_u_dwarf_priest\verified-v3\motion-frames\Idle\0027.png'
01:24.015  render           | Saved: 'C:\Users\iputu\Documents\Wonder Chess\reports\WC-U440\20260906T144111Z\wc_u_dwarf_priest\verified-v3\motion-frames\Idle\0028.png'
01:26.656  render           | Saved: 'C:\Users\iputu\Documents\Wonder Chess\reports\WC-U440\20260906T144111Z\wc_u_dwarf_priest\verified-v3\motion-frames\Idle\0029.png'
01:29.359  render           | Saved: 'C:\Users\iputu\Documents\Wonder Chess\reports\WC-U440\20260906T144111Z\wc_u_dwarf_priest\verified-v3\motion-frames\Idle\0030.png'
01:32.140  render           | Saved: 'C:\Users\iputu\Documents\Wonder Chess\reports\WC-U440\20260906T144111Z\wc_u_dwarf_priest\verified-v3\motion-frames\Idle\0031.png'
01:34.937  render           | Saved: 'C:\Users\iputu\Documents\Wonder Chess\reports\WC-U440\20260906T144111Z\wc_u_dwarf_priest\verified-v3\motion-frames\Idle\0032.png'
01:37.703  render           | Saved: 'C:\Users\iputu\Documents\Wonder Chess\reports\WC-U440\20260906T144111Z\wc_u_dwarf_priest\verified-v3\motion-frames\Idle\0033.png'
01:40.375  render           | Saved: 'C:\Users\iputu\Documents\Wonder Chess\reports\WC-U440\20260906T144111Z\wc_u_dwarf_priest\verified-v3\motion-frames\Idle\0034.png'
01:43.125  render           | Saved: 'C:\Users\iputu\Documents\Wonder Chess\reports\WC-U440\20260906T144111Z\wc_u_dwarf_priest\verified-v3\motion-frames\Idle\0035.png'
01:45.781  render           | Saved: 'C:\Users\iputu\Documents\Wonder Chess\reports\WC-U440\20260906T144111Z\wc_u_dwarf_priest\verified-v3\motion-frames\Idle\0036.png'
01:48.562  render           | Saved: 'C:\Users\iputu\Documents\Wonder Chess\reports\WC-U440\20260906T144111Z\wc_u_dwarf_priest\verified-v3\motion-frames\Idle\0037.png'
01:51.484  render           | Saved: 'C:\Users\iputu\Documents\Wonder Chess\reports\WC-U440\20260906T144111Z\wc_u_dwarf_priest\verified-v3\motion-frames\Idle\0038.png'
01:54.312  render           | Saved: 'C:\Users\iputu\Documents\Wonder Chess\reports\WC-U440\20260906T144111Z\wc_u_dwarf_priest\verified-v3\motion-frames\Idle\0039.png'
WC_NEW_HERO_CLIP_RENDERED wc_u_dwarf_priest Idle
01:57.109  render           | Saved: 'C:\Users\iputu\Documents\Wonder Chess\reports\WC-U440\20260906T144111Z\wc_u_dwarf_priest\verified-v3\motion-frames\Move\0000.png'
01:59.921  render           | Saved: 'C:\Users\iputu\Documents\Wonder Chess\reports\WC-U440\20260906T144111Z\wc_u_dwarf_priest\verified-v3\motion-frames\Move\0001.png'
02:02.656  render           | Saved: 'C:\Users\iputu\Documents\Wonder Chess\reports\WC-U440\20260906T144111Z\wc_u_dwarf_priest\verified-v3\motion-frames\Move\0002.png'
02:05.484  render           | Saved: 'C:\Users\iputu\Documents\Wonder Chess\reports\WC-U440\20260906T144111Z\wc_u_dwarf_priest\verified-v3\motion-frames\Move\0003.png'
02:08.343  render           | Saved: 'C:\Users\iputu\Documents\Wonder Chess\reports\WC-U440\20260906T144111Z\wc_u_dwarf_priest\verified-v3\motion-frames\Move\0004.png'
02:11.187  render           | Saved: 'C:\Users\iputu\Documents\Wonder Chess\reports\WC-U440\20260906T144111Z\wc_u_dwarf_priest\verified-v3\motion-frames\Move\0005.png'
02:14.156  render           | Saved: 'C:\Users\iputu\Documents\Wonder Chess\reports\WC-U440\20260906T144111Z\wc_u_dwarf_priest\verified-v3\motion-frames\Move\0006.png'
02:16.890  render           | Saved: 'C:\Users\iputu\Documents\Wonder Chess\reports\WC-U440\20260906T144111Z\wc_u_dwarf_priest\verified-v3\motion-frames\Move\0007.png'
02:19.593  render           | Saved: 'C:\Users\iputu\Documents\Wonder Chess\reports\WC-U440\20260906T144111Z\wc_u_dwarf_priest\verified-v3\motion-frames\Move\0008.png'
02:22.187  render           | Saved: 'C:\Users\iputu\Documents\Wonder Chess\reports\WC-U440\20260906T144111Z\wc_u_dwarf_priest\verified-v3\motion-frames\Move\0009.png'
02:24.828  render           | Saved: 'C:\Users\iputu\Documents\Wonder Chess\reports\WC-U440\20260906T144111Z\wc_u_dwarf_priest\verified-v3\motion-frames\Move\0010.png'
02:27.468  render           | Saved: 'C:\Users\iputu\Documents\Wonder Chess\reports\WC-U440\20260906T144111Z\wc_u_dwarf_priest\verified-v3\motion-frames\Move\0011.png'
02:30.187  render           | Saved: 'C:\Users\iputu\Documents\Wonder Chess\reports\WC-U440\20260906T144111Z\wc_u_dwarf_priest\verified-v3\motion-frames\Move\0012.png'
02:32.968  render           | Saved: 'C:\Users\iputu\Documents\Wonder Chess\reports\WC-U440\20260906T144111Z\wc_u_dwarf_priest\verified-v3\motion-frames\Move\0013.png'
02:35.750  render           | Saved: 'C:\Users\iputu\Documents\Wonder Chess\reports\WC-U440\20260906T144111Z\wc_u_dwarf_priest\verified-v3\motion-frames\Move\0014.png'
02:38.562  render           | Saved: 'C:\Users\iputu\Documents\Wonder Chess\reports\WC-U440\20260906T144111Z\wc_u_dwarf_priest\verified-v3\motion-frames\Move\0015.png'
02:41.328  render           | Saved: 'C:\Users\iputu\Documents\Wonder Chess\reports\WC-U440\20260906T144111Z\wc_u_dwarf_priest\verified-v3\motion-frames\Move\0016.png'
02:44.156  render           | Saved: 'C:\Users\iputu\Documents\Wonder Chess\reports\WC-U440\20260906T144111Z\wc_u_dwarf_priest\verified-v3\motion-frames\Move\0017.png'
02:46.890  render           | Saved: 'C:\Users\iputu\Documents\Wonder Chess\reports\WC-U440\20260906T144111Z\wc_u_dwarf_priest\verified-v3\motion-frames\Move\0018.png'
02:49.734  render           | Saved: 'C:\Users\iputu\Documents\Wonder Chess\reports\WC-U440\20260906T144111Z\wc_u_dwarf_priest\verified-v3\motion-frames\Move\0019.png'
WC_NEW_HERO_CLIP_RENDERED wc_u_dwarf_priest Move
02:52.484  render           | Saved: 'C:\Users\iputu\Documents\Wonder Chess\reports\WC-U440\20260906T144111Z\wc_u_dwarf_priest\verified-v3\motion-frames\Attack\0000.png'
02:55.140  render           | Saved: 'C:\Users\iputu\Documents\Wonder Chess\reports\WC-U440\20260906T144111Z\wc_u_dwarf_priest\verified-v3\motion-frames\Attack\0001.png'
02:57.953  render           | Saved: 'C:\Users\iputu\Documents\Wonder Chess\reports\WC-U440\20260906T144111Z\wc_u_dwarf_priest\verified-v3\motion-frames\Attack\0002.png'
03:00.687  render           | Saved: 'C:\Users\iputu\Documents\Wonder Chess\reports\WC-U440\20260906T144111Z\wc_u_dwarf_priest\verified-v3\motion-frames\Attack\0003.png'
03:03.515  render           | Saved: 'C:\Users\iputu\Documents\Wonder Chess\reports\WC-U440\20260906T144111Z\wc_u_dwarf_priest\verified-v3\motion-frames\Attack\0004.png'
03:06.593  render           | Saved: 'C:\Users\iputu\Documents\Wonder Chess\reports\WC-U440\20260906T144111Z\wc_u_dwarf_priest\verified-v3\motion-frames\Attack\0005.png'
03:09.531  render           | Saved: 'C:\Users\iputu\Documents\Wonder Chess\reports\WC-U440\20260906T144111Z\wc_u_dwarf_priest\verified-v3\motion-frames\Attack\0006.png'
03:12.218  render           | Saved: 'C:\Users\iputu\Documents\Wonder Chess\reports\WC-U440\20260906T144111Z\wc_u_dwarf_priest\verified-v3\motion-frames\Attack\0007.png'
03:14.953  render           | Saved: 'C:\Users\iputu\Documents\Wonder Chess\reports\WC-U440\20260906T144111Z\wc_u_dwarf_priest\verified-v3\motion-frames\Attack\0008.png'
03:17.828  render           | Saved: 'C:\Users\iputu\Documents\Wonder Chess\reports\WC-U440\20260906T144111Z\wc_u_dwarf_priest\verified-v3\motion-frames\Attack\0009.png'
03:20.812  render           | Saved: 'C:\Users\iputu\Documents\Wonder Chess\reports\WC-U440\20260906T144111Z\wc_u_dwarf_priest\verified-v3\motion-frames\Attack\0010.png'
03:23.640  render           | Saved: 'C:\Users\iputu\Documents\Wonder Chess\reports\WC-U440\20260906T144111Z\wc_u_dwarf_priest\verified-v3\motion-frames\Attack\0011.png'
03:26.484  render           | Saved: 'C:\Users\iputu\Documents\Wonder Chess\reports\WC-U440\20260906T144111Z\wc_u_dwarf_priest\verified-v3\motion-frames\Attack\0012.png'
03:29.531  render           | Saved: 'C:\Users\iputu\Documents\Wonder Chess\reports\WC-U440\20260906T144111Z\wc_u_dwarf_priest\verified-v3\motion-frames\Attack\0013.png'
WC_NEW_HERO_CLIP_RENDERED wc_u_dwarf_priest Attack
03:32.390  render           | Saved: 'C:\Users\iputu\Documents\Wonder Chess\reports\WC-U440\20260906T144111Z\wc_u_dwarf_priest\verified-v3\motion-frames\Active\0000.png'
03:35.156  render           | Saved: 'C:\Users\iputu\Documents\Wonder Chess\reports\WC-U440\20260906T144111Z\wc_u_dwarf_priest\verified-v3\motion-frames\Active\0001.png'
03:37.890  render           | Saved: 'C:\Users\iputu\Documents\Wonder Chess\reports\WC-U440\20260906T144111Z\wc_u_dwarf_priest\verified-v3\motion-frames\Active\0002.png'
03:40.687  render           | Saved: 'C:\Users\iputu\Documents\Wonder Chess\reports\WC-U440\20260906T144111Z\wc_u_dwarf_priest\verified-v3\motion-frames\Active\0003.png'
03:43.500  render           | Saved: 'C:\Users\iputu\Documents\Wonder Chess\reports\WC-U440\20260906T144111Z\wc_u_dwarf_priest\verified-v3\motion-frames\Active\0004.png'
03:46.359  render           | Saved: 'C:\Users\iputu\Documents\Wonder Chess\reports\WC-U440\20260906T144111Z\wc_u_dwarf_priest\verified-v3\motion-frames\Active\0005.png'
03:49.125  render           | Saved: 'C:\Users\iputu\Documents\Wonder Chess\reports\WC-U440\20260906T144111Z\wc_u_dwarf_priest\verified-v3\motion-frames\Active\0006.png'
03:51.843  render           | Saved: 'C:\Users\iputu\Documents\Wonder Chess\reports\WC-U440\20260906T144111Z\wc_u_dwarf_priest\verified-v3\motion-frames\Active\0007.png'
03:54.625  render           | Saved: 'C:\Users\iputu\Documents\Wonder Chess\reports\WC-U440\20260906T144111Z\wc_u_dwarf_priest\verified-v3\motion-frames\Active\0008.png'
03:57.406  render           | Saved: 'C:\Users\iputu\Documents\Wonder Chess\reports\WC-U440\20260906T144111Z\wc_u_dwarf_priest\verified-v3\motion-frames\Active\0009.png'
04:00.218  render           | Saved: 'C:\Users\iputu\Documents\Wonder Chess\reports\WC-U440\20260906T144111Z\wc_u_dwarf_priest\verified-v3\motion-frames\Active\0010.png'
04:03.109  render           | Saved: 'C:\Users\iputu\Documents\Wonder Chess\reports\WC-U440\20260906T144111Z\wc_u_dwarf_priest\verified-v3\motion-frames\Active\0011.png'
04:06.218  render           | Saved: 'C:\Users\iputu\Documents\Wonder Chess\reports\WC-U440\20260906T144111Z\wc_u_dwarf_priest\verified-v3\motion-frames\Active\0012.png'
WC_NEW_HERO_CLIP_RENDERED wc_u_dwarf_priest Active
04:09.171  render           | Saved: 'C:\Users\iputu\Documents\Wonder Chess\reports\WC-U440\20260906T144111Z\wc_u_dwarf_priest\verified-v3\motion-frames\Hit\0000.png'
04:12.187  render           | Saved: 'C:\Users\iputu\Documents\Wonder Chess\reports\WC-U440\20260906T144111Z\wc_u_dwarf_priest\verified-v3\motion-frames\Hit\0001.png'
04:15.109  render           | Saved: 'C:\Users\iputu\Documents\Wonder Chess\reports\WC-U440\20260906T144111Z\wc_u_dwarf_priest\verified-v3\motion-frames\Hit\0002.png'
04:17.843  render           | Saved: 'C:\Users\iputu\Documents\Wonder Chess\reports\WC-U440\20260906T144111Z\wc_u_dwarf_priest\verified-v3\motion-frames\Hit\0003.png'
04:20.484  render           | Saved: 'C:\Users\iputu\Documents\Wonder Chess\reports\WC-U440\20260906T144111Z\wc_u_dwarf_priest\verified-v3\motion-frames\Hit\0004.png'
04:22.921  render           | Saved: 'C:\Users\iputu\Documents\Wonder Chess\reports\WC-U440\20260906T144111Z\wc_u_dwarf_priest\verified-v3\motion-frames\Hit\0005.png'
04:25.375  render           | Saved: 'C:\Users\iputu\Documents\Wonder Chess\reports\WC-U440\20260906T144111Z\wc_u_dwarf_priest\verified-v3\motion-frames\Hit\0006.png'
04:27.953  render           | Saved: 'C:\Users\iputu\Documents\Wonder Chess\reports\WC-U440\20260906T144111Z\wc_u_dwarf_priest\verified-v3\motion-frames\Hit\0007.png'
WC_NEW_HERO_CLIP_RENDERED wc_u_dwarf_priest Hit
04:30.250  render           | Saved: 'C:\Users\iputu\Documents\Wonder Chess\reports\WC-U440\20260906T144111Z\wc_u_dwarf_priest\verified-v3\motion-frames\Defeat\0000.png'
04:32.468  render           | Saved: 'C:\Users\iputu\Documents\Wonder Chess\reports\WC-U440\20260906T144111Z\wc_u_dwarf_priest\verified-v3\motion-frames\Defeat\0001.png'
04:34.703  render           | Saved: 'C:\Users\iputu\Documents\Wonder Chess\reports\WC-U440\20260906T144111Z\wc_u_dwarf_priest\verified-v3\motion-frames\Defeat\0002.png'
04:36.859  render           | Saved: 'C:\Users\iputu\Documents\Wonder Chess\reports\WC-U440\20260906T144111Z\wc_u_dwarf_priest\verified-v3\motion-frames\Defeat\0003.png'
04:39.078  render           | Saved: 'C:\Users\iputu\Documents\Wonder Chess\reports\WC-U440\20260906T144111Z\wc_u_dwarf_priest\verified-v3\motion-frames\Defeat\0004.png'
04:41.296  render           | Saved: 'C:\Users\iputu\Documents\Wonder Chess\reports\WC-U440\20260906T144111Z\wc_u_dwarf_priest\verified-v3\motion-frames\Defeat\0005.png'
04:43.562  render           | Saved: 'C:\Users\iputu\Documents\Wonder Chess\reports\WC-U440\20260906T144111Z\wc_u_dwarf_priest\verified-v3\motion-frames\Defeat\0006.png'
04:45.890  render           | Saved: 'C:\Users\iputu\Documents\Wonder Chess\reports\WC-U440\20260906T144111Z\wc_u_dwarf_priest\verified-v3\motion-frames\Defeat\0007.png'
04:48.281  render           | Saved: 'C:\Users\iputu\Documents\Wonder Chess\reports\WC-U440\20260906T144111Z\wc_u_dwarf_priest\verified-v3\motion-frames\Defeat\0008.png'
04:50.640  render           | Saved: 'C:\Users\iputu\Documents\Wonder Chess\reports\WC-U440\20260906T144111Z\wc_u_dwarf_priest\verified-v3\motion-frames\Defeat\0009.png'
04:52.953  render           | Saved: 'C:\Users\iputu\Documents\Wonder Chess\reports\WC-U440\20260906T144111Z\wc_u_dwarf_priest\verified-v3\motion-frames\Defeat\0010.png'
04:55.234  render           | Saved: 'C:\Users\iputu\Documents\Wonder Chess\reports\WC-U440\20260906T144111Z\wc_u_dwarf_priest\verified-v3\motion-frames\Defeat\0011.png'
04:57.515  render           | Saved: 'C:\Users\iputu\Documents\Wonder Chess\reports\WC-U440\20260906T144111Z\wc_u_dwarf_priest\verified-v3\motion-frames\Defeat\0012.png'
04:59.718  render           | Saved: 'C:\Users\iputu\Documents\Wonder Chess\reports\WC-U440\20260906T144111Z\wc_u_dwarf_priest\verified-v3\motion-frames\Defeat\0013.png'
05:02.046  render           | Saved: 'C:\Users\iputu\Documents\Wonder Chess\reports\WC-U440\20260906T144111Z\wc_u_dwarf_priest\verified-v3\motion-frames\Defeat\0014.png'
05:04.250  render           | Saved: 'C:\Users\iputu\Documents\Wonder Chess\reports\WC-U440\20260906T144111Z\wc_u_dwarf_priest\verified-v3\motion-frames\Defeat\0015.png'
05:06.453  render           | Saved: 'C:\Users\iputu\Documents\Wonder Chess\reports\WC-U440\20260906T144111Z\wc_u_dwarf_priest\verified-v3\motion-frames\Defeat\0016.png'
05:08.703  render           | Saved: 'C:\Users\iputu\Documents\Wonder Chess\reports\WC-U440\20260906T144111Z\wc_u_dwarf_priest\verified-v3\motion-frames\Defeat\0017.png'
05:10.906  render           | Saved: 'C:\Users\iputu\Documents\Wonder Chess\reports\WC-U440\20260906T144111Z\wc_u_dwarf_priest\verified-v3\motion-frames\Defeat\0018.png'
05:13.140  render           | Saved: 'C:\Users\iputu\Documents\Wonder Chess\reports\WC-U440\20260906T144111Z\wc_u_dwarf_priest\verified-v3\motion-frames\Defeat\0019.png'
WC_NEW_HERO_CLIP_RENDERED wc_u_dwarf_priest Defeat
05:15.375  render           | Saved: 'C:\Users\iputu\Documents\Wonder Chess\reports\WC-U440\20260906T144111Z\wc_u_dwarf_priest\verified-v3\motion-frames\Victory\0000.png'
05:17.593  render           | Saved: 'C:\Users\iputu\Documents\Wonder Chess\reports\WC-U440\20260906T144111Z\wc_u_dwarf_priest\verified-v3\motion-frames\Victory\0001.png'
05:19.875  render           | Saved: 'C:\Users\iputu\Documents\Wonder Chess\reports\WC-U440\20260906T144111Z\wc_u_dwarf_priest\verified-v3\motion-frames\Victory\0002.png'
05:22.000  render           | Saved: 'C:\Users\iputu\Documents\Wonder Chess\reports\WC-U440\20260906T144111Z\wc_u_dwarf_priest\verified-v3\motion-frames\Victory\0003.png'
05:24.171  render           | Saved: 'C:\Users\iputu\Documents\Wonder Chess\reports\WC-U440\20260906T144111Z\wc_u_dwarf_priest\verified-v3\motion-frames\Victory\0004.png'
05:26.437  render           | Saved: 'C:\Users\iputu\Documents\Wonder Chess\reports\WC-U440\20260906T144111Z\wc_u_dwarf_priest\verified-v3\motion-frames\Victory\0005.png'
05:28.671  render           | Saved: 'C:\Users\iputu\Documents\Wonder Chess\reports\WC-U440\20260906T144111Z\wc_u_dwarf_priest\verified-v3\motion-frames\Victory\0006.png'
05:31.125  render           | Saved: 'C:\Users\iputu\Documents\Wonder Chess\reports\WC-U440\20260906T144111Z\wc_u_dwarf_priest\verified-v3\motion-frames\Victory\0007.png'
05:33.296  render           | Saved: 'C:\Users\iputu\Documents\Wonder Chess\reports\WC-U440\20260906T144111Z\wc_u_dwarf_priest\verified-v3\motion-frames\Victory\0008.png'
05:35.515  render           | Saved: 'C:\Users\iputu\Documents\Wonder Chess\reports\WC-U440\20260906T144111Z\wc_u_dwarf_priest\verified-v3\motion-frames\Victory\0009.png'
05:37.750  render           | Saved: 'C:\Users\iputu\Documents\Wonder Chess\reports\WC-U440\20260906T144111Z\wc_u_dwarf_priest\verified-v3\motion-frames\Victory\0010.png'
05:40.078  render           | Saved: 'C:\Users\iputu\Documents\Wonder Chess\reports\WC-U440\20260906T144111Z\wc_u_dwarf_priest\verified-v3\motion-frames\Victory\0011.png'
05:42.296  render           | Saved: 'C:\Users\iputu\Documents\Wonder Chess\reports\WC-U440\20260906T144111Z\wc_u_dwarf_priest\verified-v3\motion-frames\Victory\0012.png'
05:44.578  render           | Saved: 'C:\Users\iputu\Documents\Wonder Chess\reports\WC-U440\20260906T144111Z\wc_u_dwarf_priest\verified-v3\motion-frames\Victory\0013.png'
05:46.718  render           | Saved: 'C:\Users\iputu\Documents\Wonder Chess\reports\WC-U440\20260906T144111Z\wc_u_dwarf_priest\verified-v3\motion-frames\Victory\0014.png'
05:48.921  render           | Saved: 'C:\Users\iputu\Documents\Wonder Chess\reports\WC-U440\20260906T144111Z\wc_u_dwarf_priest\verified-v3\motion-frames\Victory\0015.png'
05:51.187  render           | Saved: 'C:\Users\iputu\Documents\Wonder Chess\reports\WC-U440\20260906T144111Z\wc_u_dwarf_priest\verified-v3\motion-frames\Victory\0016.png'
05:53.421  render           | Saved: 'C:\Users\iputu\Documents\Wonder Chess\reports\WC-U440\20260906T144111Z\wc_u_dwarf_priest\verified-v3\motion-frames\Victory\0017.png'
05:55.656  render           | Saved: 'C:\Users\iputu\Documents\Wonder Chess\reports\WC-U440\20260906T144111Z\wc_u_dwarf_priest\verified-v3\motion-frames\Victory\0018.png'
05:57.828  render           | Saved: 'C:\Users\iputu\Documents\Wonder Chess\reports\WC-U440\20260906T144111Z\wc_u_dwarf_priest\verified-v3\motion-frames\Victory\0019.png'
05:59.968  render           | Saved: 'C:\Users\iputu\Documents\Wonder Chess\reports\WC-U440\20260906T144111Z\wc_u_dwarf_priest\verified-v3\motion-frames\Victory\0020.png'
06:02.250  render           | Saved: 'C:\Users\iputu\Documents\Wonder Chess\reports\WC-U440\20260906T144111Z\wc_u_dwarf_priest\verified-v3\motion-frames\Victory\0021.png'
06:04.578  render           | Saved: 'C:\Users\iputu\Documents\Wonder Chess\reports\WC-U440\20260906T144111Z\wc_u_dwarf_priest\verified-v3\motion-frames\Victory\0022.png'
06:06.937  render           | Saved: 'C:\Users\iputu\Documents\Wonder Chess\reports\WC-U440\20260906T144111Z\wc_u_dwarf_priest\verified-v3\motion-frames\Victory\0023.png'
06:09.171  render           | Saved: 'C:\Users\iputu\Documents\Wonder Chess\reports\WC-U440\20260906T144111Z\wc_u_dwarf_priest\verified-v3\motion-frames\Victory\0024.png'
06:11.390  render           | Saved: 'C:\Users\iputu\Documents\Wonder Chess\reports\WC-U440\20260906T144111Z\wc_u_dwarf_priest\verified-v3\motion-frames\Victory\0025.png'
06:13.734  render           | Saved: 'C:\Users\iputu\Documents\Wonder Chess\reports\WC-U440\20260906T144111Z\wc_u_dwarf_priest\verified-v3\motion-frames\Victory\0026.png'
06:15.921  render           | Saved: 'C:\Users\iputu\Documents\Wonder Chess\reports\WC-U440\20260906T144111Z\wc_u_dwarf_priest\verified-v3\motion-frames\Victory\0027.png'
06:18.093  render           | Saved: 'C:\Users\iputu\Documents\Wonder Chess\reports\WC-U440\20260906T144111Z\wc_u_dwarf_priest\verified-v3\motion-frames\Victory\0028.png'
06:20.328  render           | Saved: 'C:\Users\iputu\Documents\Wonder Chess\reports\WC-U440\20260906T144111Z\wc_u_dwarf_priest\verified-v3\motion-frames\Victory\0029.png'
WC_NEW_HERO_CLIP_RENDERED wc_u_dwarf_priest Victory
Blender 5.1.1 (hash b70da489d7f4 built 2026-04-14 01:37:22)

Blender quit
