00:21.515  render           | Saved: 'C:\Users\iputu\Documents\Wonder Chess\reports\WC-U440\20260906T144111Z\wc_u_dwarf_priest\candidate-v1\front.png'
00:32.546  render           | Saved: 'C:\Users\iputu\Documents\Wonder Chess\reports\WC-U440\20260906T144111Z\wc_u_dwarf_priest\candidate-v1\side.png'
00:43.953  render           | Saved: 'C:\Users\iputu\Documents\Wonder Chess\reports\WC-U440\20260906T144111Z\wc_u_dwarf_priest\candidate-v1\back.png'
00:55.203  render           | Saved: 'C:\Users\iputu\Documents\Wonder Chess\reports\WC-U440\20260906T144111Z\wc_u_dwarf_priest\candidate-v1\three-quarter.png'
01:06.187  render           | Saved: 'C:\Users\iputu\Documents\Wonder Chess\exports\heroes\wc_u_dwarf_priest\portrait.png'
01:07.906  render           | Saved: 'C:\Users\iputu\Documents\Wonder Chess\reports\WC-U440\20260906T144111Z\wc_u_dwarf_priest\candidate-v1\clip_Idle.png'
01:09.625  render           | Saved: 'C:\Users\iputu\Documents\Wonder Chess\reports\WC-U440\20260906T144111Z\wc_u_dwarf_priest\candidate-v1\clip_Move.png'
01:11.546  render           | Saved: 'C:\Users\iputu\Documents\Wonder Chess\reports\WC-U440\20260906T144111Z\wc_u_dwarf_priest\candidate-v1\clip_Attack.png'
01:13.343  render           | Saved: 'C:\Users\iputu\Documents\Wonder Chess\reports\WC-U440\20260906T144111Z\wc_u_dwarf_priest\candidate-v1\clip_Active.png'
01:15.203  render           | Saved: 'C:\Users\iputu\Documents\Wonder Chess\reports\WC-U440\20260906T144111Z\wc_u_dwarf_priest\candidate-v1\clip_Hit.png'
01:17.015  render           | Saved: 'C:\Users\iputu\Documents\Wonder Chess\reports\WC-U440\20260906T144111Z\wc_u_dwarf_priest\candidate-v1\clip_Defeat.png'
01:18.703  render           | Saved: 'C:\Users\iputu\Documents\Wonder Chess\reports\WC-U440\20260906T144111Z\wc_u_dwarf_priest\candidate-v1\clip_Victory.png'

FBX export starting... 'C:\\Users\\iputu\\Documents\\Wonder Chess\\exports\\heroes\\wc_u_dwarf_priest\\SK_wc_u_dwarf_priest.fbx'
(bpy.data.armatures['WC_humanoid_stocky_v1.001'], 'POSE')
export finished in 0.0558 sec.
Info: Applied modifier was not first, result may not be as expected

FBX export starting... 'C:\\Users\\iputu\\Documents\\Wonder Chess\\exports\\heroes\\wc_u_dwarf_priest\\SK_wc_u_dwarf_priest_LOD1.fbx'
(bpy.data.armatures['WC_humanoid_stocky_v1.001'], 'POSE')
export finished in 0.0369 sec.
Info: Applied modifier was not first, result may not be as expected

FBX export starting... 'C:\\Users\\iputu\\Documents\\Wonder Chess\\exports\\heroes\\wc_u_dwarf_priest\\SK_wc_u_dwarf_priest_LOD2.fbx'
(bpy.data.armatures['WC_humanoid_stocky_v1.001'], 'POSE')
export finished in 0.0341 sec.
Info: Saved as "unanimated-source.blend"

FBX export starting... 'C:\\Users\\iputu\\Documents\\Wonder Chess\\exports\\heroes\\wc_u_dwarf_priest\\AN_wc_u_dwarf_priest_Idle.fbx'
export finished in 0.1707 sec.

FBX export starting... 'C:\\Users\\iputu\\Documents\\Wonder Chess\\exports\\heroes\\wc_u_dwarf_priest\\AN_wc_u_dwarf_priest_Move.fbx'
export finished in 0.1048 sec.

FBX export starting... 'C:\\Users\\iputu\\Documents\\Wonder Chess\\exports\\heroes\\wc_u_dwarf_priest\\AN_wc_u_dwarf_priest_Attack.fbx'
export finished in 0.0974 sec.

FBX export starting... 'C:\\Users\\iputu\\Documents\\Wonder Chess\\exports\\heroes\\wc_u_dwarf_priest\\AN_wc_u_dwarf_priest_Active.fbx'
export finished in 0.0902 sec.

FBX export starting... 'C:\\Users\\iputu\\Documents\\Wonder Chess\\exports\\heroes\\wc_u_dwarf_priest\\AN_wc_u_dwarf_priest_Hit.fbx'
export finished in 0.0750 sec.

FBX export starting... 'C:\\Users\\iputu\\Documents\\Wonder Chess\\exports\\heroes\\wc_u_dwarf_priest\\AN_wc_u_dwarf_priest_Defeat.fbx'
export finished in 0.1298 sec.

FBX export starting... 'C:\\Users\\iputu\\Documents\\Wonder Chess\\exports\\heroes\\wc_u_dwarf_priest\\AN_wc_u_dwarf_priest_Victory.fbx'
export finished in 0.1607 sec.
Info: Saved as "wc_u_dwarf_priest.blend"
{
  "status": "structural_checks_passed_visual_review_required",
  "blender_version": "5.1.1",
  "collection": "EXPORT",
  "evaluated_triangle_total": 7006,
  "objects": [
    {
      "name": "Armature",
      "type": "ARMATURE",
      "scale": [
        1.0,
        1.0,
        1.0
      ],
      "dimensions": [
        0.7985707521438599,
        0.367258757352829,
        1.3975000381469727
      ],
      "roots": [
        "root"
      ],
      "deform_bones": 27
    },
    {
      "name": "SK_wc_u_dwarf_priest",
      "type": "MESH",
      "scale": [
        1.0,
        1.0,
        1.0
      ],
      "dimensions": [
        0.9450631737709045,
        0.546117901802063,
        1.3675999641418457
      ],
      "evaluated_triangles": 7006,
      "material_slots": 1,
      "uv_layers": 1,
      "skin_checks": {
        "unweighted": 0,
        "excess_influences": 0,
        "unnormalized": 0
      }
    }
  ],
  "errors": [],
  "warnings": [],
  "not_checked": [
    "appearance",
    "deformation across all clips",
    "UV overlap appropriateness",
    "normal-map convention",
    "Unreal import",
    "LOD silhouette",
    "gameplay readability"
  ]
}
{
  "status": "structural_checks_passed_visual_review_required",
  "blender_version": "5.1.1",
  "collection": "LOD_SOURCE",
  "evaluated_triangle_total": 5253,
  "objects": [
    {
      "name": "SK_wc_u_dwarf_priest_LOD1",
      "type": "MESH",
      "scale": [
        1.0,
        1.0,
        1.0
      ],
      "dimensions": [
        0.947530210018158,
        0.543387234210968,
        1.3673691749572754
      ],
      "evaluated_triangles": 3503,
      "material_slots": 1,
      "uv_layers": 1,
      "skin_checks": {
        "unweighted": 0,
        "excess_influences": 0,
        "unnormalized": 0
      }
    },
    {
      "name": "SK_wc_u_dwarf_priest_LOD2",
      "type": "MESH",
      "scale": [
        1.0,
        1.0,
        1.0
      ],
      "dimensions": [
        0.9500579833984375,
        0.543387234210968,
        1.3674683570861816
      ],
      "evaluated_triangles": 1750,
      "material_slots": 1,
      "uv_layers": 1,
      "skin_checks": {
        "unweighted": 0,
        "excess_influences": 0,
        "unnormalized": 0
      }
    }
  ],
  "errors": [],
  "warnings": [],
  "not_checked": [
    "appearance",
    "deformation across all clips",
    "UV overlap appropriateness",
    "normal-map convention",
    "Unreal import",
    "LOD silhouette",
    "gameplay readability"
  ]
}
{
  "status": "sampled_motion_invariants_passed",
  "unit_id": "wc_u_dwarf_priest",
  "blender_version": "5.1.1",
  "sampling": "actual deformed mesh every 3 frames at 60fps",
  "clips": [
    {
      "clip": "Idle",
      "samples": 41,
      "minimum_support_sole_z_m": 0.010400007478892803,
      "maximum_support_sole_z_m": 0.010400007478892803,
      "max_root_translation_m": 0,
      "max_pose_scale_error": 0
    },
    {
      "clip": "Move",
      "samples": 21,
      "minimum_support_sole_z_m": 0.004176173824816942,
      "maximum_support_sole_z_m": 0.010400007478892803,
      "max_root_translation_m": 0,
      "max_pose_scale_error": 0
    },
    {
      "clip": "Attack",
      "samples": 15,
      "minimum_support_sole_z_m": 0.010400007478892803,
      "maximum_support_sole_z_m": 0.010400007478892803,
      "max_root_translation_m": 0,
      "max_pose_scale_error": 0
    },
    {
      "clip": "Active",
      "samples": 14,
      "minimum_support_sole_z_m": 0.010400007478892803,
      "maximum_support_sole_z_m": 0.010400007478892803,
      "max_root_translation_m": 0,
      "max_pose_scale_error": 0
    },
    {
      "clip": "Hit",
      "samples": 9,
      "minimum_support_sole_z_m": 0.010400007478892803,
      "maximum_support_sole_z_m": 0.010400007478892803,
      "max_root_translation_m": 0,
      "max_pose_scale_error": 0
    },
    {
      "clip": "Defeat",
      "samples": 21,
      "minimum_support_sole_z_m": 0.010399884544312954,
      "maximum_support_sole_z_m": 0.010399977676570415,
      "max_root_translation_m": 0,
      "max_pose_scale_error": 0
    },
    {
      "clip": "Victory",
      "samples": 31,
      "minimum_support_sole_z_m": 0.010400007478892803,
      "maximum_support_sole_z_m": 0.010400007478892803,
      "max_root_translation_m": 0,
      "max_pose_scale_error": 0
    }
  ],
  "errors": [],
  "not_checked": [
    "continuous visual quality",
    "weapon/costume clipping",
    "semantic gesture review",
    "Unreal retarget/import",
    "runtime move-speed synchronization"
  ]
}
WC_NEW_FAMILY_HERO_CANDIDATE wc_u_dwarf_priest 7006
Blender 5.1.1 (hash b70da489d7f4 built 2026-04-14 01:37:22)

Blender quit
