00:02.547  blend            | Read blend: "C:\Users\iputu\Documents\Wonder Chess\art-source\heroes\wc_u_orc_guardian\wc_u_orc_guardian.blend"
{
  "status": "structural_checks_passed_visual_review_required",
  "blender_version": "5.1.1",
  "collection": "EXPORT",
  "evaluated_triangle_total": 6292,
  "objects": [
    {
      "name": "Armature",
      "type": "ARMATURE",
      "scale": [
        1.0,
        1.0,
        1.0
      ],
      "dimensions": [
        1.4242892265319824,
        0.5032396912574768,
        2.1500000953674316
      ],
      "roots": [
        "root"
      ],
      "deform_bones": 27
    },
    {
      "name": "SK_wc_u_orc_guardian",
      "type": "MESH",
      "scale": [
        1.0,
        1.0,
        1.0
      ],
      "dimensions": [
        1.6861202716827393,
        0.979418933391571,
        1.9860000610351562
      ],
      "evaluated_triangles": 6292,
      "material_slots": 1,
      "uv_layers": 1,
      "skin_checks": {
        "unweighted": 0,
        "excess_influences": 0,
        "unnormalized": 0
      }
    }
  ],
  "errors": [],
  "warnings": [],
  "not_checked": [
    "appearance",
    "deformation across all clips",
    "UV overlap appropriateness",
    "normal-map convention",
    "Unreal import",
    "LOD silhouette",
    "gameplay readability"
  ]
}
{
  "status": "structural_checks_passed_visual_review_required",
  "blender_version": "5.1.1",
  "collection": "LOD_SOURCE",
  "evaluated_triangle_total": 4710,
  "objects": [
    {
      "name": "SK_wc_u_orc_guardian_LOD1",
      "type": "MESH",
      "scale": [
        1.0,
        1.0,
        1.0
      ],
      "dimensions": [
        1.687997579574585,
        0.9823017716407776,
        1.9866993427276611
      ],
      "evaluated_triangles": 3145,
      "material_slots": 1,
      "uv_layers": 1,
      "skin_checks": {
        "unweighted": 0,
        "excess_influences": 0,
        "unnormalized": 0
      }
    },
    {
      "name": "SK_wc_u_orc_guardian_LOD2",
      "type": "MESH",
      "scale": [
        1.0,
        1.0,
        1.0
      ],
      "dimensions": [
        1.6788524389266968,
        0.9821935892105103,
        1.9868820905685425
      ],
      "evaluated_triangles": 1565,
      "material_slots": 1,
      "uv_layers": 1,
      "skin_checks": {
        "unweighted": 0,
        "excess_influences": 0,
        "unnormalized": 0
      }
    }
  ],
  "errors": [],
  "warnings": [],
  "not_checked": [
    "appearance",
    "deformation across all clips",
    "UV overlap appropriateness",
    "normal-map convention",
    "Unreal import",
    "LOD silhouette",
    "gameplay readability"
  ]
}
{
  "status": "sampled_motion_invariants_passed",
  "unit_id": "wc_u_orc_guardian",
  "blender_version": "5.1.1",
  "sampling": "actual deformed mesh every 3 frames at 60fps",
  "clips": [
    {
      "clip": "Idle",
      "samples": 41,
      "minimum_support_sole_z_m": 0.015999989584088326,
      "maximum_support_sole_z_m": 0.015999989584088326,
      "max_root_translation_m": 0,
      "max_pose_scale_error": 0
    },
    {
      "clip": "Move",
      "samples": 21,
      "minimum_support_sole_z_m": 0.0021304283291101456,
      "maximum_support_sole_z_m": 0.015999989584088326,
      "max_root_translation_m": 0,
      "max_pose_scale_error": 0
    },
    {
      "clip": "Attack",
      "samples": 14,
      "minimum_support_sole_z_m": 0.015999989584088326,
      "maximum_support_sole_z_m": 0.015999989584088326,
      "max_root_translation_m": 0,
      "max_pose_scale_error": 0
    },
    {
      "clip": "Active",
      "samples": 14,
      "minimum_support_sole_z_m": 0.015999989584088326,
      "maximum_support_sole_z_m": 0.015999989584088326,
      "max_root_translation_m": 0,
      "max_pose_scale_error": 0
    },
    {
      "clip": "Hit",
      "samples": 9,
      "minimum_support_sole_z_m": 0.015999989584088326,
      "maximum_support_sole_z_m": 0.015999989584088326,
      "max_root_translation_m": 0,
      "max_pose_scale_error": 0
    },
    {
      "clip": "Defeat",
      "samples": 21,
      "minimum_support_sole_z_m": 0.015999814495444298,
      "maximum_support_sole_z_m": 0.015999991446733475,
      "max_root_translation_m": 0,
      "max_pose_scale_error": 0
    },
    {
      "clip": "Victory",
      "samples": 31,
      "minimum_support_sole_z_m": 0.015999989584088326,
      "maximum_support_sole_z_m": 0.015999989584088326,
      "max_root_translation_m": 0,
      "max_pose_scale_error": 0
    }
  ],
  "errors": [],
  "not_checked": [
    "continuous visual quality",
    "weapon/costume clipping",
    "semantic gesture review",
    "Unreal retarget/import",
    "runtime move-speed synchronization"
  ]
}
FBX version: 7400
FBX version: 7400
FBX version: 7400
WC_NEW_HERO_READBACK_PASS {"status": "PASS_SAVED_SOURCE_SKIN_MOTION_AND_MESH_FBX_READBACK", "unit_id": "wc_u_orc_guardian", "source_sha256": "544c21fa2eb3fbb5e1eac0adcc0f68bff71d533e53c0c11f3e6a68707d01e988", "manifest_sha256": "cfd4f76e86d0b2f759193ba21efa5f3e2dd5403539ac3f9cc87f7c27c1115955", "source_revision": 2, "geometry_revision": 2, "animation_revision": 1, "blender_version": "5.1.1", "files_verified": 14, "source_clips_verified": 7, "mesh_fbx_readbacks": [{"mesh_suffix": "", "dimensions_m": [1.9639790058135986, 0.7619931697845459, 1.9860000927001238], "triangles": 6292, "bones": 27, "materials": 1, "uv_layers": 1, "weighted_vertices": 3325}, {"mesh_suffix": "_LOD1", "dimensions_m": [1.9639790058135986, 0.761753499507904, 1.9866993743926287], "triangles": 3145, "bones": 27, "materials": 1, "uv_layers": 1, "weighted_vertices": 1745}, {"mesh_suffix": "_LOD2", "dimensions_m": [1.9549179077148438, 0.7626652419567108, 1.9868821278214455], "triangles": 1565, "bones": 27, "materials": 1, "uv_layers": 1, "weighted_vertices": 956}], "animation_fbx_import_verified": false, "Unreal_import_verified": false, "final_art_accepted": false}
00:03.781  blend            | Read blend: "C:\Users\iputu\Documents\Wonder Chess\art-source\heroes\wc_u_orc_guardian\wc_u_orc_guardian.blend"
00:06.890  render           | Saved: 'C:\Users\iputu\Documents\Wonder Chess\reports\WC-U440\20260906T144111Z\wc_u_orc_guardian\verified-v2\motion-frames\Idle\0000.png'
00:09.875  render           | Saved: 'C:\Users\iputu\Documents\Wonder Chess\reports\WC-U440\20260906T144111Z\wc_u_orc_guardian\verified-v2\motion-frames\Idle\0001.png'
00:12.906  render           | Saved: 'C:\Users\iputu\Documents\Wonder Chess\reports\WC-U440\20260906T144111Z\wc_u_orc_guardian\verified-v2\motion-frames\Idle\0002.png'
00:16.000  render           | Saved: 'C:\Users\iputu\Documents\Wonder Chess\reports\WC-U440\20260906T144111Z\wc_u_orc_guardian\verified-v2\motion-frames\Idle\0003.png'
00:18.859  render           | Saved: 'C:\Users\iputu\Documents\Wonder Chess\reports\WC-U440\20260906T144111Z\wc_u_orc_guardian\verified-v2\motion-frames\Idle\0004.png'
00:21.687  render           | Saved: 'C:\Users\iputu\Documents\Wonder Chess\reports\WC-U440\20260906T144111Z\wc_u_orc_guardian\verified-v2\motion-frames\Idle\0005.png'
00:24.469  render           | Saved: 'C:\Users\iputu\Documents\Wonder Chess\reports\WC-U440\20260906T144111Z\wc_u_orc_guardian\verified-v2\motion-frames\Idle\0006.png'
00:27.422  render           | Saved: 'C:\Users\iputu\Documents\Wonder Chess\reports\WC-U440\20260906T144111Z\wc_u_orc_guardian\verified-v2\motion-frames\Idle\0007.png'
00:30.375  render           | Saved: 'C:\Users\iputu\Documents\Wonder Chess\reports\WC-U440\20260906T144111Z\wc_u_orc_guardian\verified-v2\motion-frames\Idle\0008.png'
00:33.375  render           | Saved: 'C:\Users\iputu\Documents\Wonder Chess\reports\WC-U440\20260906T144111Z\wc_u_orc_guardian\verified-v2\motion-frames\Idle\0009.png'
00:36.265  render           | Saved: 'C:\Users\iputu\Documents\Wonder Chess\reports\WC-U440\20260906T144111Z\wc_u_orc_guardian\verified-v2\motion-frames\Idle\0010.png'
00:39.140  render           | Saved: 'C:\Users\iputu\Documents\Wonder Chess\reports\WC-U440\20260906T144111Z\wc_u_orc_guardian\verified-v2\motion-frames\Idle\0011.png'
00:42.031  render           | Saved: 'C:\Users\iputu\Documents\Wonder Chess\reports\WC-U440\20260906T144111Z\wc_u_orc_guardian\verified-v2\motion-frames\Idle\0012.png'
00:44.953  render           | Saved: 'C:\Users\iputu\Documents\Wonder Chess\reports\WC-U440\20260906T144111Z\wc_u_orc_guardian\verified-v2\motion-frames\Idle\0013.png'
00:47.922  render           | Saved: 'C:\Users\iputu\Documents\Wonder Chess\reports\WC-U440\20260906T144111Z\wc_u_orc_guardian\verified-v2\motion-frames\Idle\0014.png'
00:50.969  render           | Saved: 'C:\Users\iputu\Documents\Wonder Chess\reports\WC-U440\20260906T144111Z\wc_u_orc_guardian\verified-v2\motion-frames\Idle\0015.png'
00:53.890  render           | Saved: 'C:\Users\iputu\Documents\Wonder Chess\reports\WC-U440\20260906T144111Z\wc_u_orc_guardian\verified-v2\motion-frames\Idle\0016.png'
00:56.687  render           | Saved: 'C:\Users\iputu\Documents\Wonder Chess\reports\WC-U440\20260906T144111Z\wc_u_orc_guardian\verified-v2\motion-frames\Idle\0017.png'
00:59.422  render           | Saved: 'C:\Users\iputu\Documents\Wonder Chess\reports\WC-U440\20260906T144111Z\wc_u_orc_guardian\verified-v2\motion-frames\Idle\0018.png'
01:02.125  render           | Saved: 'C:\Users\iputu\Documents\Wonder Chess\reports\WC-U440\20260906T144111Z\wc_u_orc_guardian\verified-v2\motion-frames\Idle\0019.png'
01:04.844  render           | Saved: 'C:\Users\iputu\Documents\Wonder Chess\reports\WC-U440\20260906T144111Z\wc_u_orc_guardian\verified-v2\motion-frames\Idle\0020.png'
01:07.547  render           | Saved: 'C:\Users\iputu\Documents\Wonder Chess\reports\WC-U440\20260906T144111Z\wc_u_orc_guardian\verified-v2\motion-frames\Idle\0021.png'
01:10.328  render           | Saved: 'C:\Users\iputu\Documents\Wonder Chess\reports\WC-U440\20260906T144111Z\wc_u_orc_guardian\verified-v2\motion-frames\Idle\0022.png'
01:13.172  render           | Saved: 'C:\Users\iputu\Documents\Wonder Chess\reports\WC-U440\20260906T144111Z\wc_u_orc_guardian\verified-v2\motion-frames\Idle\0023.png'
01:15.937  render           | Saved: 'C:\Users\iputu\Documents\Wonder Chess\reports\WC-U440\20260906T144111Z\wc_u_orc_guardian\verified-v2\motion-frames\Idle\0024.png'
01:18.422  render           | Saved: 'C:\Users\iputu\Documents\Wonder Chess\reports\WC-U440\20260906T144111Z\wc_u_orc_guardian\verified-v2\motion-frames\Idle\0025.png'
01:21.062  render           | Saved: 'C:\Users\iputu\Documents\Wonder Chess\reports\WC-U440\20260906T144111Z\wc_u_orc_guardian\verified-v2\motion-frames\Idle\0026.png'
01:23.609  render           | Saved: 'C:\Users\iputu\Documents\Wonder Chess\reports\WC-U440\20260906T144111Z\wc_u_orc_guardian\verified-v2\motion-frames\Idle\0027.png'
01:26.140  render           | Saved: 'C:\Users\iputu\Documents\Wonder Chess\reports\WC-U440\20260906T144111Z\wc_u_orc_guardian\verified-v2\motion-frames\Idle\0028.png'
01:28.687  render           | Saved: 'C:\Users\iputu\Documents\Wonder Chess\reports\WC-U440\20260906T144111Z\wc_u_orc_guardian\verified-v2\motion-frames\Idle\0029.png'
01:31.187  render           | Saved: 'C:\Users\iputu\Documents\Wonder Chess\reports\WC-U440\20260906T144111Z\wc_u_orc_guardian\verified-v2\motion-frames\Idle\0030.png'
01:33.812  render           | Saved: 'C:\Users\iputu\Documents\Wonder Chess\reports\WC-U440\20260906T144111Z\wc_u_orc_guardian\verified-v2\motion-frames\Idle\0031.png'
01:36.328  render           | Saved: 'C:\Users\iputu\Documents\Wonder Chess\reports\WC-U440\20260906T144111Z\wc_u_orc_guardian\verified-v2\motion-frames\Idle\0032.png'
01:38.859  render           | Saved: 'C:\Users\iputu\Documents\Wonder Chess\reports\WC-U440\20260906T144111Z\wc_u_orc_guardian\verified-v2\motion-frames\Idle\0033.png'
01:41.406  render           | Saved: 'C:\Users\iputu\Documents\Wonder Chess\reports\WC-U440\20260906T144111Z\wc_u_orc_guardian\verified-v2\motion-frames\Idle\0034.png'
01:43.969  render           | Saved: 'C:\Users\iputu\Documents\Wonder Chess\reports\WC-U440\20260906T144111Z\wc_u_orc_guardian\verified-v2\motion-frames\Idle\0035.png'
01:46.453  render           | Saved: 'C:\Users\iputu\Documents\Wonder Chess\reports\WC-U440\20260906T144111Z\wc_u_orc_guardian\verified-v2\motion-frames\Idle\0036.png'
01:48.890  render           | Saved: 'C:\Users\iputu\Documents\Wonder Chess\reports\WC-U440\20260906T144111Z\wc_u_orc_guardian\verified-v2\motion-frames\Idle\0037.png'
01:51.500  render           | Saved: 'C:\Users\iputu\Documents\Wonder Chess\reports\WC-U440\20260906T144111Z\wc_u_orc_guardian\verified-v2\motion-frames\Idle\0038.png'
01:53.953  render           | Saved: 'C:\Users\iputu\Documents\Wonder Chess\reports\WC-U440\20260906T144111Z\wc_u_orc_guardian\verified-v2\motion-frames\Idle\0039.png'
WC_NEW_HERO_CLIP_RENDERED wc_u_orc_guardian Idle
01:56.375  render           | Saved: 'C:\Users\iputu\Documents\Wonder Chess\reports\WC-U440\20260906T144111Z\wc_u_orc_guardian\verified-v2\motion-frames\Move\0000.png'
01:58.890  render           | Saved: 'C:\Users\iputu\Documents\Wonder Chess\reports\WC-U440\20260906T144111Z\wc_u_orc_guardian\verified-v2\motion-frames\Move\0001.png'
02:01.344  render           | Saved: 'C:\Users\iputu\Documents\Wonder Chess\reports\WC-U440\20260906T144111Z\wc_u_orc_guardian\verified-v2\motion-frames\Move\0002.png'
02:03.906  render           | Saved: 'C:\Users\iputu\Documents\Wonder Chess\reports\WC-U440\20260906T144111Z\wc_u_orc_guardian\verified-v2\motion-frames\Move\0003.png'
02:06.562  render           | Saved: 'C:\Users\iputu\Documents\Wonder Chess\reports\WC-U440\20260906T144111Z\wc_u_orc_guardian\verified-v2\motion-frames\Move\0004.png'
02:09.109  render           | Saved: 'C:\Users\iputu\Documents\Wonder Chess\reports\WC-U440\20260906T144111Z\wc_u_orc_guardian\verified-v2\motion-frames\Move\0005.png'
02:11.687  render           | Saved: 'C:\Users\iputu\Documents\Wonder Chess\reports\WC-U440\20260906T144111Z\wc_u_orc_guardian\verified-v2\motion-frames\Move\0006.png'
02:14.344  render           | Saved: 'C:\Users\iputu\Documents\Wonder Chess\reports\WC-U440\20260906T144111Z\wc_u_orc_guardian\verified-v2\motion-frames\Move\0007.png'
02:16.953  render           | Saved: 'C:\Users\iputu\Documents\Wonder Chess\reports\WC-U440\20260906T144111Z\wc_u_orc_guardian\verified-v2\motion-frames\Move\0008.png'
02:19.687  render           | Saved: 'C:\Users\iputu\Documents\Wonder Chess\reports\WC-U440\20260906T144111Z\wc_u_orc_guardian\verified-v2\motion-frames\Move\0009.png'
02:22.515  render           | Saved: 'C:\Users\iputu\Documents\Wonder Chess\reports\WC-U440\20260906T144111Z\wc_u_orc_guardian\verified-v2\motion-frames\Move\0010.png'
02:25.281  render           | Saved: 'C:\Users\iputu\Documents\Wonder Chess\reports\WC-U440\20260906T144111Z\wc_u_orc_guardian\verified-v2\motion-frames\Move\0011.png'
02:28.719  render           | Saved: 'C:\Users\iputu\Documents\Wonder Chess\reports\WC-U440\20260906T144111Z\wc_u_orc_guardian\verified-v2\motion-frames\Move\0012.png'
02:31.469  render           | Saved: 'C:\Users\iputu\Documents\Wonder Chess\reports\WC-U440\20260906T144111Z\wc_u_orc_guardian\verified-v2\motion-frames\Move\0013.png'
02:34.109  render           | Saved: 'C:\Users\iputu\Documents\Wonder Chess\reports\WC-U440\20260906T144111Z\wc_u_orc_guardian\verified-v2\motion-frames\Move\0014.png'
02:36.797  render           | Saved: 'C:\Users\iputu\Documents\Wonder Chess\reports\WC-U440\20260906T144111Z\wc_u_orc_guardian\verified-v2\motion-frames\Move\0015.png'
02:39.547  render           | Saved: 'C:\Users\iputu\Documents\Wonder Chess\reports\WC-U440\20260906T144111Z\wc_u_orc_guardian\verified-v2\motion-frames\Move\0016.png'
02:42.250  render           | Saved: 'C:\Users\iputu\Documents\Wonder Chess\reports\WC-U440\20260906T144111Z\wc_u_orc_guardian\verified-v2\motion-frames\Move\0017.png'
02:45.031  render           | Saved: 'C:\Users\iputu\Documents\Wonder Chess\reports\WC-U440\20260906T144111Z\wc_u_orc_guardian\verified-v2\motion-frames\Move\0018.png'
02:47.765  render           | Saved: 'C:\Users\iputu\Documents\Wonder Chess\reports\WC-U440\20260906T144111Z\wc_u_orc_guardian\verified-v2\motion-frames\Move\0019.png'
WC_NEW_HERO_CLIP_RENDERED wc_u_orc_guardian Move
02:50.469  render           | Saved: 'C:\Users\iputu\Documents\Wonder Chess\reports\WC-U440\20260906T144111Z\wc_u_orc_guardian\verified-v2\motion-frames\Attack\0000.png'
02:53.265  render           | Saved: 'C:\Users\iputu\Documents\Wonder Chess\reports\WC-U440\20260906T144111Z\wc_u_orc_guardian\verified-v2\motion-frames\Attack\0001.png'
02:56.109  render           | Saved: 'C:\Users\iputu\Documents\Wonder Chess\reports\WC-U440\20260906T144111Z\wc_u_orc_guardian\verified-v2\motion-frames\Attack\0002.png'
02:58.859  render           | Saved: 'C:\Users\iputu\Documents\Wonder Chess\reports\WC-U440\20260906T144111Z\wc_u_orc_guardian\verified-v2\motion-frames\Attack\0003.png'
03:01.609  render           | Saved: 'C:\Users\iputu\Documents\Wonder Chess\reports\WC-U440\20260906T144111Z\wc_u_orc_guardian\verified-v2\motion-frames\Attack\0004.png'
03:04.281  render           | Saved: 'C:\Users\iputu\Documents\Wonder Chess\reports\WC-U440\20260906T144111Z\wc_u_orc_guardian\verified-v2\motion-frames\Attack\0005.png'
03:06.984  render           | Saved: 'C:\Users\iputu\Documents\Wonder Chess\reports\WC-U440\20260906T144111Z\wc_u_orc_guardian\verified-v2\motion-frames\Attack\0006.png'
03:09.656  render           | Saved: 'C:\Users\iputu\Documents\Wonder Chess\reports\WC-U440\20260906T144111Z\wc_u_orc_guardian\verified-v2\motion-frames\Attack\0007.png'
03:12.406  render           | Saved: 'C:\Users\iputu\Documents\Wonder Chess\reports\WC-U440\20260906T144111Z\wc_u_orc_guardian\verified-v2\motion-frames\Attack\0008.png'
03:15.172  render           | Saved: 'C:\Users\iputu\Documents\Wonder Chess\reports\WC-U440\20260906T144111Z\wc_u_orc_guardian\verified-v2\motion-frames\Attack\0009.png'
03:17.890  render           | Saved: 'C:\Users\iputu\Documents\Wonder Chess\reports\WC-U440\20260906T144111Z\wc_u_orc_guardian\verified-v2\motion-frames\Attack\0010.png'
03:20.640  render           | Saved: 'C:\Users\iputu\Documents\Wonder Chess\reports\WC-U440\20260906T144111Z\wc_u_orc_guardian\verified-v2\motion-frames\Attack\0011.png'
03:23.359  render           | Saved: 'C:\Users\iputu\Documents\Wonder Chess\reports\WC-U440\20260906T144111Z\wc_u_orc_guardian\verified-v2\motion-frames\Attack\0012.png'
WC_NEW_HERO_CLIP_RENDERED wc_u_orc_guardian Attack
03:26.078  render           | Saved: 'C:\Users\iputu\Documents\Wonder Chess\reports\WC-U440\20260906T144111Z\wc_u_orc_guardian\verified-v2\motion-frames\Active\0000.png'
03:28.812  render           | Saved: 'C:\Users\iputu\Documents\Wonder Chess\reports\WC-U440\20260906T144111Z\wc_u_orc_guardian\verified-v2\motion-frames\Active\0001.png'
03:31.594  render           | Saved: 'C:\Users\iputu\Documents\Wonder Chess\reports\WC-U440\20260906T144111Z\wc_u_orc_guardian\verified-v2\motion-frames\Active\0002.png'
03:34.344  render           | Saved: 'C:\Users\iputu\Documents\Wonder Chess\reports\WC-U440\20260906T144111Z\wc_u_orc_guardian\verified-v2\motion-frames\Active\0003.png'
03:36.984  render           | Saved: 'C:\Users\iputu\Documents\Wonder Chess\reports\WC-U440\20260906T144111Z\wc_u_orc_guardian\verified-v2\motion-frames\Active\0004.png'
03:39.812  render           | Saved: 'C:\Users\iputu\Documents\Wonder Chess\reports\WC-U440\20260906T144111Z\wc_u_orc_guardian\verified-v2\motion-frames\Active\0005.png'
03:42.515  render           | Saved: 'C:\Users\iputu\Documents\Wonder Chess\reports\WC-U440\20260906T144111Z\wc_u_orc_guardian\verified-v2\motion-frames\Active\0006.png'
03:45.297  render           | Saved: 'C:\Users\iputu\Documents\Wonder Chess\reports\WC-U440\20260906T144111Z\wc_u_orc_guardian\verified-v2\motion-frames\Active\0007.png'
03:48.156  render           | Saved: 'C:\Users\iputu\Documents\Wonder Chess\reports\WC-U440\20260906T144111Z\wc_u_orc_guardian\verified-v2\motion-frames\Active\0008.png'
03:51.015  render           | Saved: 'C:\Users\iputu\Documents\Wonder Chess\reports\WC-U440\20260906T144111Z\wc_u_orc_guardian\verified-v2\motion-frames\Active\0009.png'
03:53.828  render           | Saved: 'C:\Users\iputu\Documents\Wonder Chess\reports\WC-U440\20260906T144111Z\wc_u_orc_guardian\verified-v2\motion-frames\Active\0010.png'
03:56.703  render           | Saved: 'C:\Users\iputu\Documents\Wonder Chess\reports\WC-U440\20260906T144111Z\wc_u_orc_guardian\verified-v2\motion-frames\Active\0011.png'
03:59.422  render           | Saved: 'C:\Users\iputu\Documents\Wonder Chess\reports\WC-U440\20260906T144111Z\wc_u_orc_guardian\verified-v2\motion-frames\Active\0012.png'
WC_NEW_HERO_CLIP_RENDERED wc_u_orc_guardian Active
04:02.437  render           | Saved: 'C:\Users\iputu\Documents\Wonder Chess\reports\WC-U440\20260906T144111Z\wc_u_orc_guardian\verified-v2\motion-frames\Hit\0000.png'
04:05.219  render           | Saved: 'C:\Users\iputu\Documents\Wonder Chess\reports\WC-U440\20260906T144111Z\wc_u_orc_guardian\verified-v2\motion-frames\Hit\0001.png'
04:07.969  render           | Saved: 'C:\Users\iputu\Documents\Wonder Chess\reports\WC-U440\20260906T144111Z\wc_u_orc_guardian\verified-v2\motion-frames\Hit\0002.png'
04:10.859  render           | Saved: 'C:\Users\iputu\Documents\Wonder Chess\reports\WC-U440\20260906T144111Z\wc_u_orc_guardian\verified-v2\motion-frames\Hit\0003.png'
04:13.578  render           | Saved: 'C:\Users\iputu\Documents\Wonder Chess\reports\WC-U440\20260906T144111Z\wc_u_orc_guardian\verified-v2\motion-frames\Hit\0004.png'
04:16.375  render           | Saved: 'C:\Users\iputu\Documents\Wonder Chess\reports\WC-U440\20260906T144111Z\wc_u_orc_guardian\verified-v2\motion-frames\Hit\0005.png'
04:19.187  render           | Saved: 'C:\Users\iputu\Documents\Wonder Chess\reports\WC-U440\20260906T144111Z\wc_u_orc_guardian\verified-v2\motion-frames\Hit\0006.png'
04:22.156  render           | Saved: 'C:\Users\iputu\Documents\Wonder Chess\reports\WC-U440\20260906T144111Z\wc_u_orc_guardian\verified-v2\motion-frames\Hit\0007.png'
WC_NEW_HERO_CLIP_RENDERED wc_u_orc_guardian Hit
04:25.015  render           | Saved: 'C:\Users\iputu\Documents\Wonder Chess\reports\WC-U440\20260906T144111Z\wc_u_orc_guardian\verified-v2\motion-frames\Defeat\0000.png'
04:27.797  render           | Saved: 'C:\Users\iputu\Documents\Wonder Chess\reports\WC-U440\20260906T144111Z\wc_u_orc_guardian\verified-v2\motion-frames\Defeat\0001.png'
04:30.515  render           | Saved: 'C:\Users\iputu\Documents\Wonder Chess\reports\WC-U440\20260906T144111Z\wc_u_orc_guardian\verified-v2\motion-frames\Defeat\0002.png'
04:33.203  render           | Saved: 'C:\Users\iputu\Documents\Wonder Chess\reports\WC-U440\20260906T144111Z\wc_u_orc_guardian\verified-v2\motion-frames\Defeat\0003.png'
04:35.984  render           | Saved: 'C:\Users\iputu\Documents\Wonder Chess\reports\WC-U440\20260906T144111Z\wc_u_orc_guardian\verified-v2\motion-frames\Defeat\0004.png'
04:38.672  render           | Saved: 'C:\Users\iputu\Documents\Wonder Chess\reports\WC-U440\20260906T144111Z\wc_u_orc_guardian\verified-v2\motion-frames\Defeat\0005.png'
04:41.422  render           | Saved: 'C:\Users\iputu\Documents\Wonder Chess\reports\WC-U440\20260906T144111Z\wc_u_orc_guardian\verified-v2\motion-frames\Defeat\0006.png'
04:44.062  render           | Saved: 'C:\Users\iputu\Documents\Wonder Chess\reports\WC-U440\20260906T144111Z\wc_u_orc_guardian\verified-v2\motion-frames\Defeat\0007.png'
04:46.906  render           | Saved: 'C:\Users\iputu\Documents\Wonder Chess\reports\WC-U440\20260906T144111Z\wc_u_orc_guardian\verified-v2\motion-frames\Defeat\0008.png'
04:49.672  render           | Saved: 'C:\Users\iputu\Documents\Wonder Chess\reports\WC-U440\20260906T144111Z\wc_u_orc_guardian\verified-v2\motion-frames\Defeat\0009.png'
04:52.469  render           | Saved: 'C:\Users\iputu\Documents\Wonder Chess\reports\WC-U440\20260906T144111Z\wc_u_orc_guardian\verified-v2\motion-frames\Defeat\0010.png'
04:55.203  render           | Saved: 'C:\Users\iputu\Documents\Wonder Chess\reports\WC-U440\20260906T144111Z\wc_u_orc_guardian\verified-v2\motion-frames\Defeat\0011.png'
04:57.922  render           | Saved: 'C:\Users\iputu\Documents\Wonder Chess\reports\WC-U440\20260906T144111Z\wc_u_orc_guardian\verified-v2\motion-frames\Defeat\0012.png'
05:00.703  render           | Saved: 'C:\Users\iputu\Documents\Wonder Chess\reports\WC-U440\20260906T144111Z\wc_u_orc_guardian\verified-v2\motion-frames\Defeat\0013.png'
05:03.437  render           | Saved: 'C:\Users\iputu\Documents\Wonder Chess\reports\WC-U440\20260906T144111Z\wc_u_orc_guardian\verified-v2\motion-frames\Defeat\0014.png'
05:06.140  render           | Saved: 'C:\Users\iputu\Documents\Wonder Chess\reports\WC-U440\20260906T144111Z\wc_u_orc_guardian\verified-v2\motion-frames\Defeat\0015.png'
05:08.750  render           | Saved: 'C:\Users\iputu\Documents\Wonder Chess\reports\WC-U440\20260906T144111Z\wc_u_orc_guardian\verified-v2\motion-frames\Defeat\0016.png'
05:11.500  render           | Saved: 'C:\Users\iputu\Documents\Wonder Chess\reports\WC-U440\20260906T144111Z\wc_u_orc_guardian\verified-v2\motion-frames\Defeat\0017.png'
05:14.375  render           | Saved: 'C:\Users\iputu\Documents\Wonder Chess\reports\WC-U440\20260906T144111Z\wc_u_orc_guardian\verified-v2\motion-frames\Defeat\0018.png'
05:17.344  render           | Saved: 'C:\Users\iputu\Documents\Wonder Chess\reports\WC-U440\20260906T144111Z\wc_u_orc_guardian\verified-v2\motion-frames\Defeat\0019.png'
WC_NEW_HERO_CLIP_RENDERED wc_u_orc_guardian Defeat
05:20.172  render           | Saved: 'C:\Users\iputu\Documents\Wonder Chess\reports\WC-U440\20260906T144111Z\wc_u_orc_guardian\verified-v2\motion-frames\Victory\0000.png'
05:22.937  render           | Saved: 'C:\Users\iputu\Documents\Wonder Chess\reports\WC-U440\20260906T144111Z\wc_u_orc_guardian\verified-v2\motion-frames\Victory\0001.png'
05:25.765  render           | Saved: 'C:\Users\iputu\Documents\Wonder Chess\reports\WC-U440\20260906T144111Z\wc_u_orc_guardian\verified-v2\motion-frames\Victory\0002.png'
05:28.578  render           | Saved: 'C:\Users\iputu\Documents\Wonder Chess\reports\WC-U440\20260906T144111Z\wc_u_orc_guardian\verified-v2\motion-frames\Victory\0003.png'
05:31.500  render           | Saved: 'C:\Users\iputu\Documents\Wonder Chess\reports\WC-U440\20260906T144111Z\wc_u_orc_guardian\verified-v2\motion-frames\Victory\0004.png'
05:34.219  render           | Saved: 'C:\Users\iputu\Documents\Wonder Chess\reports\WC-U440\20260906T144111Z\wc_u_orc_guardian\verified-v2\motion-frames\Victory\0005.png'
05:36.890  render           | Saved: 'C:\Users\iputu\Documents\Wonder Chess\reports\WC-U440\20260906T144111Z\wc_u_orc_guardian\verified-v2\motion-frames\Victory\0006.png'
05:39.719  render           | Saved: 'C:\Users\iputu\Documents\Wonder Chess\reports\WC-U440\20260906T144111Z\wc_u_orc_guardian\verified-v2\motion-frames\Victory\0007.png'
05:42.656  render           | Saved: 'C:\Users\iputu\Documents\Wonder Chess\reports\WC-U440\20260906T144111Z\wc_u_orc_guardian\verified-v2\motion-frames\Victory\0008.png'
05:45.375  render           | Saved: 'C:\Users\iputu\Documents\Wonder Chess\reports\WC-U440\20260906T144111Z\wc_u_orc_guardian\verified-v2\motion-frames\Victory\0009.png'
05:48.094  render           | Saved: 'C:\Users\iputu\Documents\Wonder Chess\reports\WC-U440\20260906T144111Z\wc_u_orc_guardian\verified-v2\motion-frames\Victory\0010.png'
05:50.890  render           | Saved: 'C:\Users\iputu\Documents\Wonder Chess\reports\WC-U440\20260906T144111Z\wc_u_orc_guardian\verified-v2\motion-frames\Victory\0011.png'
05:53.656  render           | Saved: 'C:\Users\iputu\Documents\Wonder Chess\reports\WC-U440\20260906T144111Z\wc_u_orc_guardian\verified-v2\motion-frames\Victory\0012.png'
05:56.390  render           | Saved: 'C:\Users\iputu\Documents\Wonder Chess\reports\WC-U440\20260906T144111Z\wc_u_orc_guardian\verified-v2\motion-frames\Victory\0013.png'
05:59.125  render           | Saved: 'C:\Users\iputu\Documents\Wonder Chess\reports\WC-U440\20260906T144111Z\wc_u_orc_guardian\verified-v2\motion-frames\Victory\0014.png'
06:01.906  render           | Saved: 'C:\Users\iputu\Documents\Wonder Chess\reports\WC-U440\20260906T144111Z\wc_u_orc_guardian\verified-v2\motion-frames\Victory\0015.png'
06:04.609  render           | Saved: 'C:\Users\iputu\Documents\Wonder Chess\reports\WC-U440\20260906T144111Z\wc_u_orc_guardian\verified-v2\motion-frames\Victory\0016.png'
06:07.250  render           | Saved: 'C:\Users\iputu\Documents\Wonder Chess\reports\WC-U440\20260906T144111Z\wc_u_orc_guardian\verified-v2\motion-frames\Victory\0017.png'
06:09.969  render           | Saved: 'C:\Users\iputu\Documents\Wonder Chess\reports\WC-U440\20260906T144111Z\wc_u_orc_guardian\verified-v2\motion-frames\Victory\0018.png'
06:12.719  render           | Saved: 'C:\Users\iputu\Documents\Wonder Chess\reports\WC-U440\20260906T144111Z\wc_u_orc_guardian\verified-v2\motion-frames\Victory\0019.png'
06:15.703  render           | Saved: 'C:\Users\iputu\Documents\Wonder Chess\reports\WC-U440\20260906T144111Z\wc_u_orc_guardian\verified-v2\motion-frames\Victory\0020.png'
06:18.781  render           | Saved: 'C:\Users\iputu\Documents\Wonder Chess\reports\WC-U440\20260906T144111Z\wc_u_orc_guardian\verified-v2\motion-frames\Victory\0021.png'
06:21.797  render           | Saved: 'C:\Users\iputu\Documents\Wonder Chess\reports\WC-U440\20260906T144111Z\wc_u_orc_guardian\verified-v2\motion-frames\Victory\0022.png'
06:24.750  render           | Saved: 'C:\Users\iputu\Documents\Wonder Chess\reports\WC-U440\20260906T144111Z\wc_u_orc_guardian\verified-v2\motion-frames\Victory\0023.png'
06:27.672  render           | Saved: 'C:\Users\iputu\Documents\Wonder Chess\reports\WC-U440\20260906T144111Z\wc_u_orc_guardian\verified-v2\motion-frames\Victory\0024.png'
06:30.297  render           | Saved: 'C:\Users\iputu\Documents\Wonder Chess\reports\WC-U440\20260906T144111Z\wc_u_orc_guardian\verified-v2\motion-frames\Victory\0025.png'
06:32.859  render           | Saved: 'C:\Users\iputu\Documents\Wonder Chess\reports\WC-U440\20260906T144111Z\wc_u_orc_guardian\verified-v2\motion-frames\Victory\0026.png'
06:35.328  render           | Saved: 'C:\Users\iputu\Documents\Wonder Chess\reports\WC-U440\20260906T144111Z\wc_u_orc_guardian\verified-v2\motion-frames\Victory\0027.png'
06:37.875  render           | Saved: 'C:\Users\iputu\Documents\Wonder Chess\reports\WC-U440\20260906T144111Z\wc_u_orc_guardian\verified-v2\motion-frames\Victory\0028.png'
06:40.375  render           | Saved: 'C:\Users\iputu\Documents\Wonder Chess\reports\WC-U440\20260906T144111Z\wc_u_orc_guardian\verified-v2\motion-frames\Victory\0029.png'
WC_NEW_HERO_CLIP_RENDERED wc_u_orc_guardian Victory
Blender 5.1.1 (hash b70da489d7f4 built 2026-04-14 01:37:22)

Blender quit
