00:26.219  render           | Saved: 'C:\Users\iputu\Documents\Wonder Chess\reports\WC-U440\20260906T144111Z\wc_u_orc_guardian\candidate-v1\front.png'
00:42.016  render           | Saved: 'C:\Users\iputu\Documents\Wonder Chess\reports\WC-U440\20260906T144111Z\wc_u_orc_guardian\candidate-v1\side.png'
01:01.922  render           | Saved: 'C:\Users\iputu\Documents\Wonder Chess\reports\WC-U440\20260906T144111Z\wc_u_orc_guardian\candidate-v1\back.png'
01:16.375  render           | Saved: 'C:\Users\iputu\Documents\Wonder Chess\reports\WC-U440\20260906T144111Z\wc_u_orc_guardian\candidate-v1\three-quarter.png'
01:31.563  render           | Saved: 'C:\Users\iputu\Documents\Wonder Chess\exports\heroes\wc_u_orc_guardian\portrait.png'
01:34.000  render           | Saved: 'C:\Users\iputu\Documents\Wonder Chess\reports\WC-U440\20260906T144111Z\wc_u_orc_guardian\candidate-v1\clip_Idle.png'
01:36.532  render           | Saved: 'C:\Users\iputu\Documents\Wonder Chess\reports\WC-U440\20260906T144111Z\wc_u_orc_guardian\candidate-v1\clip_Move.png'
01:38.891  render           | Saved: 'C:\Users\iputu\Documents\Wonder Chess\reports\WC-U440\20260906T144111Z\wc_u_orc_guardian\candidate-v1\clip_Attack.png'
01:41.375  render           | Saved: 'C:\Users\iputu\Documents\Wonder Chess\reports\WC-U440\20260906T144111Z\wc_u_orc_guardian\candidate-v1\clip_Active.png'
01:43.750  render           | Saved: 'C:\Users\iputu\Documents\Wonder Chess\reports\WC-U440\20260906T144111Z\wc_u_orc_guardian\candidate-v1\clip_Hit.png'
01:46.110  render           | Saved: 'C:\Users\iputu\Documents\Wonder Chess\reports\WC-U440\20260906T144111Z\wc_u_orc_guardian\candidate-v1\clip_Defeat.png'
01:48.500  render           | Saved: 'C:\Users\iputu\Documents\Wonder Chess\reports\WC-U440\20260906T144111Z\wc_u_orc_guardian\candidate-v1\clip_Victory.png'

FBX export starting... 'C:\\Users\\iputu\\Documents\\Wonder Chess\\exports\\heroes\\wc_u_orc_guardian\\SK_wc_u_orc_guardian.fbx'
(bpy.data.armatures['WC_humanoid_broad_v1.001'], 'POSE')
export finished in 0.0486 sec.
Info: Applied modifier was not first, result may not be as expected

FBX export starting... 'C:\\Users\\iputu\\Documents\\Wonder Chess\\exports\\heroes\\wc_u_orc_guardian\\SK_wc_u_orc_guardian_LOD1.fbx'
(bpy.data.armatures['WC_humanoid_broad_v1.001'], 'POSE')
export finished in 0.0408 sec.
Info: Applied modifier was not first, result may not be as expected

FBX export starting... 'C:\\Users\\iputu\\Documents\\Wonder Chess\\exports\\heroes\\wc_u_orc_guardian\\SK_wc_u_orc_guardian_LOD2.fbx'
(bpy.data.armatures['WC_humanoid_broad_v1.001'], 'POSE')
export finished in 0.0369 sec.
Info: Saved as "unanimated-source.blend"

FBX export starting... 'C:\\Users\\iputu\\Documents\\Wonder Chess\\exports\\heroes\\wc_u_orc_guardian\\AN_wc_u_orc_guardian_Idle.fbx'
export finished in 0.2008 sec.

FBX export starting... 'C:\\Users\\iputu\\Documents\\Wonder Chess\\exports\\heroes\\wc_u_orc_guardian\\AN_wc_u_orc_guardian_Move.fbx'
export finished in 0.1157 sec.

FBX export starting... 'C:\\Users\\iputu\\Documents\\Wonder Chess\\exports\\heroes\\wc_u_orc_guardian\\AN_wc_u_orc_guardian_Attack.fbx'
export finished in 0.0937 sec.

FBX export starting... 'C:\\Users\\iputu\\Documents\\Wonder Chess\\exports\\heroes\\wc_u_orc_guardian\\AN_wc_u_orc_guardian_Active.fbx'
export finished in 0.0970 sec.

FBX export starting... 'C:\\Users\\iputu\\Documents\\Wonder Chess\\exports\\heroes\\wc_u_orc_guardian\\AN_wc_u_orc_guardian_Hit.fbx'
export finished in 0.0871 sec.

FBX export starting... 'C:\\Users\\iputu\\Documents\\Wonder Chess\\exports\\heroes\\wc_u_orc_guardian\\AN_wc_u_orc_guardian_Defeat.fbx'
export finished in 0.1259 sec.

FBX export starting... 'C:\\Users\\iputu\\Documents\\Wonder Chess\\exports\\heroes\\wc_u_orc_guardian\\AN_wc_u_orc_guardian_Victory.fbx'
export finished in 0.1550 sec.
Info: Saved as "wc_u_orc_guardian.blend"
{
  "status": "structural_checks_passed_visual_review_required",
  "blender_version": "5.1.1",
  "collection": "EXPORT",
  "evaluated_triangle_total": 6292,
  "objects": [
    {
      "name": "Armature",
      "type": "ARMATURE",
      "scale": [
        1.0,
        1.0,
        1.0
      ],
      "dimensions": [
        1.4242892265319824,
        0.5032396912574768,
        2.1500000953674316
      ],
      "roots": [
        "root"
      ],
      "deform_bones": 27
    },
    {
      "name": "SK_wc_u_orc_guardian",
      "type": "MESH",
      "scale": [
        1.0,
        1.0,
        1.0
      ],
      "dimensions": [
        1.6861202716827393,
        0.979418933391571,
        1.9860000610351562
      ],
      "evaluated_triangles": 6292,
      "material_slots": 1,
      "uv_layers": 1,
      "skin_checks": {
        "unweighted": 0,
        "excess_influences": 0,
        "unnormalized": 0
      }
    }
  ],
  "errors": [],
  "warnings": [],
  "not_checked": [
    "appearance",
    "deformation across all clips",
    "UV overlap appropriateness",
    "normal-map convention",
    "Unreal import",
    "LOD silhouette",
    "gameplay readability"
  ]
}
{
  "status": "structural_checks_passed_visual_review_required",
  "blender_version": "5.1.1",
  "collection": "LOD_SOURCE",
  "evaluated_triangle_total": 4717,
  "objects": [
    {
      "name": "SK_wc_u_orc_guardian_LOD1",
      "type": "MESH",
      "scale": [
        1.0,
        1.0,
        1.0
      ],
      "dimensions": [
        1.687997579574585,
        0.9823017716407776,
        1.9866993427276611
      ],
      "evaluated_triangles": 3145,
      "material_slots": 1,
      "uv_layers": 1,
      "skin_checks": {
        "unweighted": 0,
        "excess_influences": 0,
        "unnormalized": 0
      }
    },
    {
      "name": "SK_wc_u_orc_guardian_LOD2",
      "type": "MESH",
      "scale": [
        1.0,
        1.0,
        1.0
      ],
      "dimensions": [
        1.6788524389266968,
        0.9821935892105103,
        1.9868820905685425
      ],
      "evaluated_triangles": 1572,
      "material_slots": 1,
      "uv_layers": 1,
      "skin_checks": {
        "unweighted": 0,
        "excess_influences": 0,
        "unnormalized": 0
      }
    }
  ],
  "errors": [],
  "warnings": [],
  "not_checked": [
    "appearance",
    "deformation across all clips",
    "UV overlap appropriateness",
    "normal-map convention",
    "Unreal import",
    "LOD silhouette",
    "gameplay readability"
  ]
}
{
  "status": "sampled_motion_invariants_passed",
  "unit_id": "wc_u_orc_guardian",
  "blender_version": "5.1.1",
  "sampling": "actual deformed mesh every 3 frames at 60fps",
  "clips": [
    {
      "clip": "Idle",
      "samples": 41,
      "minimum_support_sole_z_m": 0.015999989584088326,
      "maximum_support_sole_z_m": 0.015999989584088326,
      "max_root_translation_m": 0,
      "max_pose_scale_error": 0
    },
    {
      "clip": "Move",
      "samples": 21,
      "minimum_support_sole_z_m": 0.0021304283291101456,
      "maximum_support_sole_z_m": 0.015999989584088326,
      "max_root_translation_m": 0,
      "max_pose_scale_error": 0
    },
    {
      "clip": "Attack",
      "samples": 14,
      "minimum_support_sole_z_m": 0.015999989584088326,
      "maximum_support_sole_z_m": 0.015999989584088326,
      "max_root_translation_m": 0,
      "max_pose_scale_error": 0
    },
    {
      "clip": "Active",
      "samples": 14,
      "minimum_support_sole_z_m": 0.015999989584088326,
      "maximum_support_sole_z_m": 0.015999989584088326,
      "max_root_translation_m": 0,
      "max_pose_scale_error": 0
    },
    {
      "clip": "Hit",
      "samples": 9,
      "minimum_support_sole_z_m": 0.015999989584088326,
      "maximum_support_sole_z_m": 0.015999989584088326,
      "max_root_translation_m": 0,
      "max_pose_scale_error": 0
    },
    {
      "clip": "Defeat",
      "samples": 21,
      "minimum_support_sole_z_m": 0.015999814495444298,
      "maximum_support_sole_z_m": 0.015999991446733475,
      "max_root_translation_m": 0,
      "max_pose_scale_error": 0
    },
    {
      "clip": "Victory",
      "samples": 31,
      "minimum_support_sole_z_m": 0.015999989584088326,
      "maximum_support_sole_z_m": 0.015999989584088326,
      "max_root_translation_m": 0,
      "max_pose_scale_error": 0
    }
  ],
  "errors": [],
  "not_checked": [
    "continuous visual quality",
    "weapon/costume clipping",
    "semantic gesture review",
    "Unreal retarget/import",
    "runtime move-speed synchronization"
  ]
}
WC_NEW_FAMILY_HERO_CANDIDATE wc_u_orc_guardian 6292
Blender 5.1.1 (hash b70da489d7f4 built 2026-04-14 01:37:22)

Blender quit
