Running AutomationTool...
Using bundled DotNet SDK version: 8.0.412 win-x64
Starting AutomationTool...
Parsing command line: BuildCookRun -project=C:\Users\iputu\AppData\Local\CodexWorktrees\wc\m7\game\WonderChess.uproject -noP4 -platform=Win64 -clientconfig=Development -build -cook -stage -pak -archive -archivedirectory=C:\Users\iputu\AppData\Local\CodexWorktrees\wc\m7\builds\WonderChess-Milestones-r5 -prereqs -utf8output -ubtargs=-NoHotReloadFromIDE
Initializing script modules...
Total script module initialization time: 1.10 s.
Using C:\Program Files\Microsoft Visual Studio\2022\Community\MSBuild\Current\Bin\MSBuild.exe
Executing commands...
Setting up ProjectParams for C:\Users\iputu\AppData\Local\CodexWorktrees\wc\m7\game\WonderChess.uproject
********** BUILD COMMAND STARTED **********
Running: C:\Program Files\Epic Games\UE_5.7\Engine\Binaries\ThirdParty\DotNet\8.0.412\win-x64\dotnet.exe "C:\Program Files\Epic Games\UE_5.7\Engine\Binaries\DotNET\UnrealBuildTool\UnrealBuildTool.dll" -Target="WonderChessEditor Win64 Development -Project=C:\Users\iputu\AppData\Local\CodexWorktrees\wc\m7\game\WonderChess.uproject" -Target="WonderChess Win64 Development -Project=C:\Users\iputu\AppData\Local\CodexWorktrees\wc\m7\game\WonderChess.uproject  -remoteini=\"C:\Users\iputu\AppData\Local\CodexWorktrees\wc\m7\game\"  -NoHotReloadFromIDE " -log="C:\Users\iputu\AppData\Roaming\Unreal Engine\AutomationTool\Logs\C+Program+Files+Epic+Games+UE_5.7\UBA-WonderChessEditor-Win64-Development.txt"
Log file: C:\Users\iputu\AppData\Roaming\Unreal Engine\AutomationTool\Logs\C+Program+Files+Epic+Games+UE_5.7\UBA-WonderChessEditor-Win64-Development.txt
Using 'git status' to determine working set for adaptive non-unity build (C:\Users\iputu\AppData\Local\CodexWorktrees\wc\m7).
Building WonderChessEditor and WonderChess...
WonderChessEditor: Using Visual Studio 2022 14.44.35226 toolchain (C:\Program Files\Microsoft Visual Studio\2022\Community\VC\Tools\MSVC\14.44.35207) and Windows 10.0.22621.0 SDK (C:\Program Files (x86)\Windows Kits\10).
WonderChessEditor: [Adaptive Build] Excluded from WonderChessRuntime unity file: WCMatchRuntime.cpp, WCVNextLab.cpp, WCVNextScenarios.cpp, WCVNextSolo.cpp, WonderChessRuntime.cpp, WonderSave.cpp, WonderSaveFile.cpp, WonderScenario.cpp, WonderScenarioFile.cpp, WonderSimulation.cpp, WonderSimulationTests.cpp, WonderTournament.cpp
WonderChess: Using Visual Studio 2022 14.44.35226 toolchain (C:\Program Files\Microsoft Visual Studio\2022\Community\VC\Tools\MSVC\14.44.35207) and Windows 10.0.22621.0 SDK (C:\Program Files (x86)\Windows Kits\10).
WonderChess: [Adaptive Build] Excluded from WonderChessRuntime unity file: WCMatchRuntime.cpp, WCVNextLab.cpp, WCVNextScenarios.cpp, WCVNextSolo.cpp, WonderChessRuntime.cpp, WonderSave.cpp, WonderSaveFile.cpp, WonderScenario.cpp, WonderScenarioFile.cpp, WonderSimulation.cpp, WonderSimulationTests.cpp, WonderTournament.cpp
Determining max actions to execute in parallel (8 physical cores, 16 logical cores)
  Executing up to 8 processes, one per physical core
  Requested 1.5 GB memory per action, 2.43 GB available: limiting max parallel actions to 1
Using Unreal Build Accelerator local executor to run 51 action(s)
  Storage capacity 40Gb
---- Starting trace: 260913_115244 ----
UbaServer - Listening on 0.0.0.0:1345
** For WonderChessEditor-Win64-Development **
[1/51] Compile [x64] Module.WonderChessRuntime.gen.cpp
[2/51] Compile [x64] WCAnimationReview.cpp
[3/51] Compile [x64] WCBoardPresenter.cpp
[4/51] Compile [x64] WCDefinitionRegistry.cpp
[5/51] Compile [x64] WCFrontEnd.cpp
[6/51] Compile [x64] WCFrontEndAudit.cpp
[7/51] Compile [x64] WCFrontEndProfile.cpp
[8/51] Compile [x64] WCFrontEndScene.cpp
[9/51] Compile [x64] WCImportedAssetTests.cpp
[10/51] Compile [x64] WCMatchHUD.cpp
[11/51] Compile [x64] WCMatchRuntime.cpp
[12/51] Compile [x64] WCNetworkSession.cpp
[13/51] Compile [x64] WCNeutralAssetTests.cpp
[14/51] Compile [x64] WCVNextLab.cpp
[15/51] Compile [x64] WCVNextScenarios.cpp
[16/51] Compile [x64] WCVNextSolo.cpp
C:\Users\iputu\AppData\Local\CodexWorktrees\wc\m7\game\Source\WonderChessRuntime\Private\WCVNextSolo.cpp(423,48): error C2248: 'wc::Match::StateHash': cannot access private member declared in class 'wc::Match'
            const auto BeforeReject=SoloMatch->StateHash();
                                               ^
C:\Users\iputu\AppData\Local\CodexWorktrees\wc\m7\game\Source\WonderChessRuntime\Public\Simulation\WonderSimulation.h(614,8): note: see declaration of 'wc::Match::StateHash'
    Id StateHash() const;
       ^
C:\Users\iputu\AppData\Local\CodexWorktrees\wc\m7\game\Source\WonderChessRuntime\Public\Simulation\WonderSimulation.h(505,7): note: see declaration of 'wc::Match'
class Match
      ^
C:\Users\iputu\AppData\Local\CodexWorktrees\wc\m7\game\Source\WonderChessRuntime\Private\WCVNextSolo.cpp(424,107): error C2248: 'wc::Match::StateHash': cannot access private member declared in class 'wc::Match'
            ExerciseChecks->SetBoolField(TEXT("insufficient_gold_rejection"),!SoloCommand(XP)&&SoloMatch->StateHash()==BeforeReject&&Message.Contains(TEXT("gold")));
                                                                                                          ^
C:\Users\iputu\AppData\Local\CodexWorktrees\wc\m7\game\Source\WonderChessRuntime\Public\Simulation\WonderSimulation.h(614,8): note: see declaration of 'wc::Match::StateHash'
    Id StateHash() const;
       ^
C:\Users\iputu\AppData\Local\CodexWorktrees\wc\m7\game\Source\WonderChessRuntime\Public\Simulation\WonderSimulation.h(505,7): note: see declaration of 'wc::Match'
class Match
      ^
C:\Users\iputu\AppData\Local\CodexWorktrees\wc\m7\game\Source\WonderChessRuntime\Private\WCVNextSolo.cpp(452,38): error C2248: 'wc::Match::StateHash': cannot access private member declared in class 'wc::Match'
        const auto Before=SoloMatch->StateHash();wc::Command C;C.type=wc::CommandType::Buy;C.slot=0;
                                     ^
C:\Users\iputu\AppData\Local\CodexWorktrees\wc\m7\game\Source\WonderChessRuntime\Public\Simulation\WonderSimulation.h(614,8): note: see declaration of 'wc::Match::StateHash'
    Id StateHash() const;
       ^
C:\Users\iputu\AppData\Local\CodexWorktrees\wc\m7\game\Source\WonderChessRuntime\Public\Simulation\WonderSimulation.h(505,7): note: see declaration of 'wc::Match'
class Match
      ^
C:\Users\iputu\AppData\Local\CodexWorktrees\wc\m7\game\Source\WonderChessRuntime\Private\WCVNextSolo.cpp(453,102): error C2248: 'wc::Match::StateHash': cannot access private member declared in class 'wc::Match'
        ExerciseChecks->SetBoolField(TEXT("combat_cutoff_rejects_order"),!SoloCommand(C)&&SoloMatch->StateHash()==Before&&Message.Contains(TEXT("Preparation is locked")));
                                                                                                     ^
C:\Users\iputu\AppData\Local\CodexWorktrees\wc\m7\game\Source\WonderChessRuntime\Public\Simulation\WonderSimulation.h(614,8): note: see declaration of 'wc::Match::StateHash'
    Id StateHash() const;
       ^
C:\Users\iputu\AppData\Local\CodexWorktrees\wc\m7\game\Source\WonderChessRuntime\Public\Simulation\WonderSimulation.h(505,7): note: see declaration of 'wc::Match'
class Match
      ^
[17/51] Compile [x64] WCVerification.cpp
[18/51] Compile [x64] WonderSave.cpp
[19/51] Compile [x64] WonderSaveFile.cpp
[20/51] Compile [x64] WonderScenario.cpp
[21/51] Compile [x64] WonderScenarioFile.cpp
[22/51] Compile [x64] WonderSimulation.cpp
[23/51] Compile [x64] WonderSimulationTests.cpp
[24/51] Compile [x64] WonderTournament.cpp
** For WonderChess-Win64-Development **
[25/51] Compile [x64] Module.WonderChessRuntime.gen.cpp
[26/51] Compile [x64] WCAnimationReview.cpp
[27/51] Compile [x64] WCBoardPresenter.cpp
[28/51] Compile [x64] WCDefinitionRegistry.cpp
[29/51] Compile [x64] WCFrontEnd.cpp
[30/51] Compile [x64] WCFrontEndAudit.cpp
[31/51] Compile [x64] WCFrontEndProfile.cpp
[32/51] Compile [x64] WCFrontEndScene.cpp
[33/51] Compile [x64] WCMatchHUD.cpp
[34/51] Compile [x64] WCMatchRuntime.cpp
[35/51] Compile [x64] WCNetworkSession.cpp
[36/51] Compile [x64] WCVNextLab.cpp
[37/51] Compile [x64] WCVNextScenarios.cpp
[38/51] Compile [x64] WCVNextSolo.cpp
C:\Users\iputu\AppData\Local\CodexWorktrees\wc\m7\game\Source\WonderChessRuntime\Private\WCVNextSolo.cpp(423,48): error C2248: 'wc::Match::StateHash': cannot access private member declared in class 'wc::Match'
            const auto BeforeReject=SoloMatch->StateHash();
                                               ^
C:\Users\iputu\AppData\Local\CodexWorktrees\wc\m7\game\Source\WonderChessRuntime\Public\Simulation\WonderSimulation.h(614,8): note: see declaration of 'wc::Match::StateHash'
    Id StateHash() const;
       ^
C:\Users\iputu\AppData\Local\CodexWorktrees\wc\m7\game\Source\WonderChessRuntime\Public\Simulation\WonderSimulation.h(505,7): note: see declaration of 'wc::Match'
class Match
      ^
C:\Users\iputu\AppData\Local\CodexWorktrees\wc\m7\game\Source\WonderChessRuntime\Private\WCVNextSolo.cpp(424,107): error C2248: 'wc::Match::StateHash': cannot access private member declared in class 'wc::Match'
            ExerciseChecks->SetBoolField(TEXT("insufficient_gold_rejection"),!SoloCommand(XP)&&SoloMatch->StateHash()==BeforeReject&&Message.Contains(TEXT("gold")));
                                                                                                          ^
C:\Users\iputu\AppData\Local\CodexWorktrees\wc\m7\game\Source\WonderChessRuntime\Public\Simulation\WonderSimulation.h(614,8): note: see declaration of 'wc::Match::StateHash'
    Id StateHash() const;
       ^
C:\Users\iputu\AppData\Local\CodexWorktrees\wc\m7\game\Source\WonderChessRuntime\Public\Simulation\WonderSimulation.h(505,7): note: see declaration of 'wc::Match'
class Match
      ^
C:\Users\iputu\AppData\Local\CodexWorktrees\wc\m7\game\Source\WonderChessRuntime\Private\WCVNextSolo.cpp(452,38): error C2248: 'wc::Match::StateHash': cannot access private member declared in class 'wc::Match'
        const auto Before=SoloMatch->StateHash();wc::Command C;C.type=wc::CommandType::Buy;C.slot=0;
                                     ^
C:\Users\iputu\AppData\Local\CodexWorktrees\wc\m7\game\Source\WonderChessRuntime\Public\Simulation\WonderSimulation.h(614,8): note: see declaration of 'wc::Match::StateHash'
    Id StateHash() const;
       ^
C:\Users\iputu\AppData\Local\CodexWorktrees\wc\m7\game\Source\WonderChessRuntime\Public\Simulation\WonderSimulation.h(505,7): note: see declaration of 'wc::Match'
class Match
      ^
C:\Users\iputu\AppData\Local\CodexWorktrees\wc\m7\game\Source\WonderChessRuntime\Private\WCVNextSolo.cpp(453,102): error C2248: 'wc::Match::StateHash': cannot access private member declared in class 'wc::Match'
        ExerciseChecks->SetBoolField(TEXT("combat_cutoff_rejects_order"),!SoloCommand(C)&&SoloMatch->StateHash()==Before&&Message.Contains(TEXT("Preparation is locked")));
                                                                                                     ^
C:\Users\iputu\AppData\Local\CodexWorktrees\wc\m7\game\Source\WonderChessRuntime\Public\Simulation\WonderSimulation.h(614,8): note: see declaration of 'wc::Match::StateHash'
    Id StateHash() const;
       ^
C:\Users\iputu\AppData\Local\CodexWorktrees\wc\m7\game\Source\WonderChessRuntime\Public\Simulation\WonderSimulation.h(505,7): note: see declaration of 'wc::Match'
class Match
      ^
[39/51] Compile [x64] WCVerification.cpp
[40/51] Compile [x64] WonderSave.cpp
[41/51] Compile [x64] WonderSaveFile.cpp
[42/51] Compile [x64] WonderScenario.cpp
[43/51] Compile [x64] WonderScenarioFile.cpp
[44/51] Compile [x64] WonderSimulation.cpp
[45/51] Compile [x64] WonderSimulationTests.cpp
[46/51] Compile [x64] WonderTournament.cpp
Trace written to file C:/Users/iputu/AppData/Roaming/Unreal Engine/AutomationTool/Logs/C+Program+Files+Epic+Games+UE_5.7/UBA-WonderChessEditor-Win64-Development.uba with size 38.6kb
Total time in Unreal Build Accelerator local executor: 254.77 seconds

Result: Failed (OtherCompilationError)
Total execution time: 257.91 seconds
Took 258.15s to run dotnet.exe, ExitCode=6
UnrealBuildTool failed. See log for more details. (C:\Users\iputu\AppData\Roaming\Unreal Engine\AutomationTool\Logs\C+Program+Files+Epic+Games+UE_5.7\UBA-WonderChessEditor-Win64-Development.txt)
AutomationTool executed for 0h 4m 22s
AutomationTool exiting with ExitCode=6 (6)
BUILD FAILED
