00:02.078  blend            | Read blend: "C:\Users\iputu\Documents\Wonder Chess\art-source\asset-studio\wc_u_human_guardian\stages\body-costume\BW5\armor\ada_bw5_armor_correction2.blend"
00:14.796  render           | Saved: 'C:\Users\iputu\Documents\Wonder Chess\art-source\asset-studio\wc_u_human_guardian\stages\body-costume\BW5\armor\captures\retained_front.png'
00:27.031  render           | Saved: 'C:\Users\iputu\Documents\Wonder Chess\art-source\asset-studio\wc_u_human_guardian\stages\body-costume\BW5\armor\captures\retained_back.png'
00:37.734  render           | Saved: 'C:\Users\iputu\Documents\Wonder Chess\art-source\asset-studio\wc_u_human_guardian\stages\body-costume\BW5\armor\captures\retained_profile.png'
00:50.296  render           | Saved: 'C:\Users\iputu\Documents\Wonder Chess\art-source\asset-studio\wc_u_human_guardian\stages\body-costume\BW5\armor\captures\retained_three_quarter.png'
01:02.359  render           | Saved: 'C:\Users\iputu\Documents\Wonder Chess\art-source\asset-studio\wc_u_human_guardian\stages\body-costume\BW5\armor\captures\retained_rear_three_quarter.png'
01:11.453  render           | Saved: 'C:\Users\iputu\Documents\Wonder Chess\art-source\asset-studio\wc_u_human_guardian\stages\body-costume\BW5\armor\captures\retained_context.png'
01:24.484  render           | Saved: 'C:\Users\iputu\Documents\Wonder Chess\art-source\asset-studio\wc_u_human_guardian\stages\body-costume\BW5\armor\captures\retained_pose_020.png'
01:36.718  render           | Saved: 'C:\Users\iputu\Documents\Wonder Chess\art-source\asset-studio\wc_u_human_guardian\stages\body-costume\BW5\armor\captures\retained_pose_028.png'
01:49.625  render           | Saved: 'C:\Users\iputu\Documents\Wonder Chess\art-source\asset-studio\wc_u_human_guardian\stages\body-costume\BW5\armor\captures\retained_pose_029.png'
02:03.593  render           | Saved: 'C:\Users\iputu\Documents\Wonder Chess\art-source\asset-studio\wc_u_human_guardian\stages\body-costume\BW5\armor\captures\retained_pose_049.png'
02:17.250  render           | Saved: 'C:\Users\iputu\Documents\Wonder Chess\art-source\asset-studio\wc_u_human_guardian\stages\body-costume\BW5\armor\captures\retained_pose_054.png'
02:29.578  render           | Saved: 'C:\Users\iputu\Documents\Wonder Chess\art-source\asset-studio\wc_u_human_guardian\stages\body-costume\BW5\armor\captures\retained_pose_073.png'
02:42.375  render           | Saved: 'C:\Users\iputu\Documents\Wonder Chess\art-source\asset-studio\wc_u_human_guardian\stages\body-costume\BW5\armor\captures\retained_reversed_key.png'
02:54.734  render           | Saved: 'C:\Users\iputu\Documents\Wonder Chess\art-source\asset-studio\wc_u_human_guardian\stages\body-costume\BW5\armor\captures\reference_pose_front.png'
03:07.390  render           | Saved: 'C:\Users\iputu\Documents\Wonder Chess\art-source\asset-studio\wc_u_human_guardian\stages\body-costume\BW5\armor\captures\reference_pose_back.png'
03:18.312  render           | Saved: 'C:\Users\iputu\Documents\Wonder Chess\art-source\asset-studio\wc_u_human_guardian\stages\body-costume\BW5\armor\captures\reference_pose_right.png'
03:29.031  render           | Saved: 'C:\Users\iputu\Documents\Wonder Chess\art-source\asset-studio\wc_u_human_guardian\stages\body-costume\BW5\armor\captures\reference_pose_left.png'
03:41.140  render           | Saved: 'C:\Users\iputu\Documents\Wonder Chess\art-source\asset-studio\wc_u_human_guardian\stages\body-costume\BW5\armor\captures\reference_pose_three_quarter.png'
C:\Users\iputu\Documents\Wonder Chess\art-source\asset-studio\wc_u_human_guardian\stages\body-costume\BW5\armor\operations\07_delivery_views.py:66: DeprecationWarning: 'Material.use_nodes' is expected to be removed in Blender 6.0
  black=bpy.data.materials.new('BW5_CageEdges');black.diffuse_color=(.008,.008,.008,1);black.use_nodes=True;black.node_tree.nodes.get('Principled BSDF').inputs['Base Color'].default_value=(.008,.008,.008,1)
03:54.046  render           | Saved: 'C:\Users\iputu\Documents\Wonder Chess\art-source\asset-studio\wc_u_human_guardian\stages\body-costume\BW5\armor\captures\retained_actual_control_cage.png'
C:\Users\iputu\Documents\Wonder Chess\art-source\asset-studio\wc_u_human_guardian\stages\body-costume\BW5\armor\operations\07_delivery_views.py:78: DeprecationWarning: 'Material.use_nodes' is expected to be removed in Blender 6.0
  navy=bpy.data.objects['BW5_Navy_Waist_Enclosure'];navy.data.materials.clear();mat=bpy.data.materials.new('BW5_Navy_ID_ONLY');mat.diffuse_color=(.022,.040,.073,1);mat.use_nodes=True;mat.node_tree.nodes.get('Principled BSDF').inputs['Base Color'].default_value=mat.diffuse_color;navy.data.materials.append(mat)
04:06.390  render           | Saved: 'C:\Users\iputu\Documents\Wonder Chess\art-source\asset-studio\wc_u_human_guardian\stages\body-costume\BW5\armor\captures\retained_waist_color_ID_NOT_TEXTURED.png'
Info: Saved as "ada_bw5_armor_work.blend"
Info: Saved copy as "ada_bw5_armor_checkpoint_ART_REVISE.blend"
BW5_DELIVERY_VIEWS_COMPLETE
Blender 5.1.1 (hash b70da489d7f4 built 2026-04-14 01:37:22)

Blender quit
