00:04.859  blend            | Read blend: "C:\Users\iputu\Documents\Wonder Chess\art-source\asset-studio\wc_u_human_guardian\stages\body-costume\BW5\armor\ada_bw5_armor_checkpoint_ART_REVISE.blend"
C:\Users\iputu\Documents\Wonder Chess\art-source\asset-studio\wc_u_human_guardian\stages\body-costume\BW5\armor\operations\08_render_motion.py:6: DeprecationWarning: 'Scene.use_nodes' is expected to be removed in Blender 6.0
  s.render.resolution_x=800;s.render.resolution_y=800;s.render.resolution_percentage=100;s.render.image_settings.media_type='IMAGE';s.render.image_settings.file_format='PNG';s.render.image_settings.color_mode='RGB';s.render.filepath=str(frames/'frame_');s.render.film_transparent=False;s.use_nodes=False;s.render.use_sequencer=False;s.view_settings.view_transform='Standard';s.view_settings.look='None'
00:07.516  render           | Saved: 'C:\Users\iputu\Documents\Wonder Chess\art-source\asset-studio\wc_u_human_guardian\stages\body-costume\BW5\armor\motion\frames\frame_0001.png'
00:08.438  render           | Saved: 'C:\Users\iputu\Documents\Wonder Chess\art-source\asset-studio\wc_u_human_guardian\stages\body-costume\BW5\armor\motion\frames\frame_0002.png'
00:08.656  render           | Saved: 'C:\Users\iputu\Documents\Wonder Chess\art-source\asset-studio\wc_u_human_guardian\stages\body-costume\BW5\armor\motion\frames\frame_0003.png'
00:08.938  render           | Saved: 'C:\Users\iputu\Documents\Wonder Chess\art-source\asset-studio\wc_u_human_guardian\stages\body-costume\BW5\armor\motion\frames\frame_0004.png'
00:09.172  render           | Saved: 'C:\Users\iputu\Documents\Wonder Chess\art-source\asset-studio\wc_u_human_guardian\stages\body-costume\BW5\armor\motion\frames\frame_0005.png'
00:09.422  render           | Saved: 'C:\Users\iputu\Documents\Wonder Chess\art-source\asset-studio\wc_u_human_guardian\stages\body-costume\BW5\armor\motion\frames\frame_0006.png'
00:09.688  render           | Saved: 'C:\Users\iputu\Documents\Wonder Chess\art-source\asset-studio\wc_u_human_guardian\stages\body-costume\BW5\armor\motion\frames\frame_0007.png'
00:09.953  render           | Saved: 'C:\Users\iputu\Documents\Wonder Chess\art-source\asset-studio\wc_u_human_guardian\stages\body-costume\BW5\armor\motion\frames\frame_0008.png'
00:10.203  render           | Saved: 'C:\Users\iputu\Documents\Wonder Chess\art-source\asset-studio\wc_u_human_guardian\stages\body-costume\BW5\armor\motion\frames\frame_0009.png'
00:10.422  render           | Saved: 'C:\Users\iputu\Documents\Wonder Chess\art-source\asset-studio\wc_u_human_guardian\stages\body-costume\BW5\armor\motion\frames\frame_0010.png'
00:10.656  render           | Saved: 'C:\Users\iputu\Documents\Wonder Chess\art-source\asset-studio\wc_u_human_guardian\stages\body-costume\BW5\armor\motion\frames\frame_0011.png'
00:10.875  render           | Saved: 'C:\Users\iputu\Documents\Wonder Chess\art-source\asset-studio\wc_u_human_guardian\stages\body-costume\BW5\armor\motion\frames\frame_0012.png'
00:11.125  render           | Saved: 'C:\Users\iputu\Documents\Wonder Chess\art-source\asset-studio\wc_u_human_guardian\stages\body-costume\BW5\armor\motion\frames\frame_0013.png'
00:11.344  render           | Saved: 'C:\Users\iputu\Documents\Wonder Chess\art-source\asset-studio\wc_u_human_guardian\stages\body-costume\BW5\armor\motion\frames\frame_0014.png'
00:11.547  render           | Saved: 'C:\Users\iputu\Documents\Wonder Chess\art-source\asset-studio\wc_u_human_guardian\stages\body-costume\BW5\armor\motion\frames\frame_0015.png'
00:11.781  render           | Saved: 'C:\Users\iputu\Documents\Wonder Chess\art-source\asset-studio\wc_u_human_guardian\stages\body-costume\BW5\armor\motion\frames\frame_0016.png'
00:12.000  render           | Saved: 'C:\Users\iputu\Documents\Wonder Chess\art-source\asset-studio\wc_u_human_guardian\stages\body-costume\BW5\armor\motion\frames\frame_0017.png'
00:12.203  render           | Saved: 'C:\Users\iputu\Documents\Wonder Chess\art-source\asset-studio\wc_u_human_guardian\stages\body-costume\BW5\armor\motion\frames\frame_0018.png'
00:12.422  render           | Saved: 'C:\Users\iputu\Documents\Wonder Chess\art-source\asset-studio\wc_u_human_guardian\stages\body-costume\BW5\armor\motion\frames\frame_0019.png'
00:12.641  render           | Saved: 'C:\Users\iputu\Documents\Wonder Chess\art-source\asset-studio\wc_u_human_guardian\stages\body-costume\BW5\armor\motion\frames\frame_0020.png'
00:12.875  render           | Saved: 'C:\Users\iputu\Documents\Wonder Chess\art-source\asset-studio\wc_u_human_guardian\stages\body-costume\BW5\armor\motion\frames\frame_0021.png'
00:13.078  render           | Saved: 'C:\Users\iputu\Documents\Wonder Chess\art-source\asset-studio\wc_u_human_guardian\stages\body-costume\BW5\armor\motion\frames\frame_0022.png'
00:13.313  render           | Saved: 'C:\Users\iputu\Documents\Wonder Chess\art-source\asset-studio\wc_u_human_guardian\stages\body-costume\BW5\armor\motion\frames\frame_0023.png'
00:13.547  render           | Saved: 'C:\Users\iputu\Documents\Wonder Chess\art-source\asset-studio\wc_u_human_guardian\stages\body-costume\BW5\armor\motion\frames\frame_0024.png'
00:13.828  render           | Saved: 'C:\Users\iputu\Documents\Wonder Chess\art-source\asset-studio\wc_u_human_guardian\stages\body-costume\BW5\armor\motion\frames\frame_0025.png'
00:14.078  render           | Saved: 'C:\Users\iputu\Documents\Wonder Chess\art-source\asset-studio\wc_u_human_guardian\stages\body-costume\BW5\armor\motion\frames\frame_0026.png'
00:14.328  render           | Saved: 'C:\Users\iputu\Documents\Wonder Chess\art-source\asset-studio\wc_u_human_guardian\stages\body-costume\BW5\armor\motion\frames\frame_0027.png'
00:14.578  render           | Saved: 'C:\Users\iputu\Documents\Wonder Chess\art-source\asset-studio\wc_u_human_guardian\stages\body-costume\BW5\armor\motion\frames\frame_0028.png'
00:14.828  render           | Saved: 'C:\Users\iputu\Documents\Wonder Chess\art-source\asset-studio\wc_u_human_guardian\stages\body-costume\BW5\armor\motion\frames\frame_0029.png'
00:15.078  render           | Saved: 'C:\Users\iputu\Documents\Wonder Chess\art-source\asset-studio\wc_u_human_guardian\stages\body-costume\BW5\armor\motion\frames\frame_0030.png'
00:15.391  render           | Saved: 'C:\Users\iputu\Documents\Wonder Chess\art-source\asset-studio\wc_u_human_guardian\stages\body-costume\BW5\armor\motion\frames\frame_0031.png'
00:15.656  render           | Saved: 'C:\Users\iputu\Documents\Wonder Chess\art-source\asset-studio\wc_u_human_guardian\stages\body-costume\BW5\armor\motion\frames\frame_0032.png'
00:15.891  render           | Saved: 'C:\Users\iputu\Documents\Wonder Chess\art-source\asset-studio\wc_u_human_guardian\stages\body-costume\BW5\armor\motion\frames\frame_0033.png'
00:16.125  render           | Saved: 'C:\Users\iputu\Documents\Wonder Chess\art-source\asset-studio\wc_u_human_guardian\stages\body-costume\BW5\armor\motion\frames\frame_0034.png'
00:16.328  render           | Saved: 'C:\Users\iputu\Documents\Wonder Chess\art-source\asset-studio\wc_u_human_guardian\stages\body-costume\BW5\armor\motion\frames\frame_0035.png'
00:16.547  render           | Saved: 'C:\Users\iputu\Documents\Wonder Chess\art-source\asset-studio\wc_u_human_guardian\stages\body-costume\BW5\armor\motion\frames\frame_0036.png'
00:16.813  render           | Saved: 'C:\Users\iputu\Documents\Wonder Chess\art-source\asset-studio\wc_u_human_guardian\stages\body-costume\BW5\armor\motion\frames\frame_0037.png'
00:17.047  render           | Saved: 'C:\Users\iputu\Documents\Wonder Chess\art-source\asset-studio\wc_u_human_guardian\stages\body-costume\BW5\armor\motion\frames\frame_0038.png'
00:17.281  render           | Saved: 'C:\Users\iputu\Documents\Wonder Chess\art-source\asset-studio\wc_u_human_guardian\stages\body-costume\BW5\armor\motion\frames\frame_0039.png'
00:17.484  render           | Saved: 'C:\Users\iputu\Documents\Wonder Chess\art-source\asset-studio\wc_u_human_guardian\stages\body-costume\BW5\armor\motion\frames\frame_0040.png'
00:17.703  render           | Saved: 'C:\Users\iputu\Documents\Wonder Chess\art-source\asset-studio\wc_u_human_guardian\stages\body-costume\BW5\armor\motion\frames\frame_0041.png'
00:18.031  render           | Saved: 'C:\Users\iputu\Documents\Wonder Chess\art-source\asset-studio\wc_u_human_guardian\stages\body-costume\BW5\armor\motion\frames\frame_0042.png'
00:18.297  render           | Saved: 'C:\Users\iputu\Documents\Wonder Chess\art-source\asset-studio\wc_u_human_guardian\stages\body-costume\BW5\armor\motion\frames\frame_0043.png'
00:18.516  render           | Saved: 'C:\Users\iputu\Documents\Wonder Chess\art-source\asset-studio\wc_u_human_guardian\stages\body-costume\BW5\armor\motion\frames\frame_0044.png'
00:18.766  render           | Saved: 'C:\Users\iputu\Documents\Wonder Chess\art-source\asset-studio\wc_u_human_guardian\stages\body-costume\BW5\armor\motion\frames\frame_0045.png'
00:18.969  render           | Saved: 'C:\Users\iputu\Documents\Wonder Chess\art-source\asset-studio\wc_u_human_guardian\stages\body-costume\BW5\armor\motion\frames\frame_0046.png'
00:19.219  render           | Saved: 'C:\Users\iputu\Documents\Wonder Chess\art-source\asset-studio\wc_u_human_guardian\stages\body-costume\BW5\armor\motion\frames\frame_0047.png'
00:19.484  render           | Saved: 'C:\Users\iputu\Documents\Wonder Chess\art-source\asset-studio\wc_u_human_guardian\stages\body-costume\BW5\armor\motion\frames\frame_0048.png'
00:19.719  render           | Saved: 'C:\Users\iputu\Documents\Wonder Chess\art-source\asset-studio\wc_u_human_guardian\stages\body-costume\BW5\armor\motion\frames\frame_0049.png'
00:19.969  render           | Saved: 'C:\Users\iputu\Documents\Wonder Chess\art-source\asset-studio\wc_u_human_guardian\stages\body-costume\BW5\armor\motion\frames\frame_0050.png'
00:20.219  render           | Saved: 'C:\Users\iputu\Documents\Wonder Chess\art-source\asset-studio\wc_u_human_guardian\stages\body-costume\BW5\armor\motion\frames\frame_0051.png'
00:20.469  render           | Saved: 'C:\Users\iputu\Documents\Wonder Chess\art-source\asset-studio\wc_u_human_guardian\stages\body-costume\BW5\armor\motion\frames\frame_0052.png'
00:20.703  render           | Saved: 'C:\Users\iputu\Documents\Wonder Chess\art-source\asset-studio\wc_u_human_guardian\stages\body-costume\BW5\armor\motion\frames\frame_0053.png'
00:20.953  render           | Saved: 'C:\Users\iputu\Documents\Wonder Chess\art-source\asset-studio\wc_u_human_guardian\stages\body-costume\BW5\armor\motion\frames\frame_0054.png'
00:21.203  render           | Saved: 'C:\Users\iputu\Documents\Wonder Chess\art-source\asset-studio\wc_u_human_guardian\stages\body-costume\BW5\armor\motion\frames\frame_0055.png'
00:21.438  render           | Saved: 'C:\Users\iputu\Documents\Wonder Chess\art-source\asset-studio\wc_u_human_guardian\stages\body-costume\BW5\armor\motion\frames\frame_0056.png'
00:21.703  render           | Saved: 'C:\Users\iputu\Documents\Wonder Chess\art-source\asset-studio\wc_u_human_guardian\stages\body-costume\BW5\armor\motion\frames\frame_0057.png'
00:21.953  render           | Saved: 'C:\Users\iputu\Documents\Wonder Chess\art-source\asset-studio\wc_u_human_guardian\stages\body-costume\BW5\armor\motion\frames\frame_0058.png'
00:22.203  render           | Saved: 'C:\Users\iputu\Documents\Wonder Chess\art-source\asset-studio\wc_u_human_guardian\stages\body-costume\BW5\armor\motion\frames\frame_0059.png'
00:22.500  render           | Saved: 'C:\Users\iputu\Documents\Wonder Chess\art-source\asset-studio\wc_u_human_guardian\stages\body-costume\BW5\armor\motion\frames\frame_0060.png'
00:22.719  render           | Saved: 'C:\Users\iputu\Documents\Wonder Chess\art-source\asset-studio\wc_u_human_guardian\stages\body-costume\BW5\armor\motion\frames\frame_0061.png'
00:22.984  render           | Saved: 'C:\Users\iputu\Documents\Wonder Chess\art-source\asset-studio\wc_u_human_guardian\stages\body-costume\BW5\armor\motion\frames\frame_0062.png'
00:23.219  render           | Saved: 'C:\Users\iputu\Documents\Wonder Chess\art-source\asset-studio\wc_u_human_guardian\stages\body-costume\BW5\armor\motion\frames\frame_0063.png'
00:23.453  render           | Saved: 'C:\Users\iputu\Documents\Wonder Chess\art-source\asset-studio\wc_u_human_guardian\stages\body-costume\BW5\armor\motion\frames\frame_0064.png'
00:23.719  render           | Saved: 'C:\Users\iputu\Documents\Wonder Chess\art-source\asset-studio\wc_u_human_guardian\stages\body-costume\BW5\armor\motion\frames\frame_0065.png'
00:23.969  render           | Saved: 'C:\Users\iputu\Documents\Wonder Chess\art-source\asset-studio\wc_u_human_guardian\stages\body-costume\BW5\armor\motion\frames\frame_0066.png'
00:24.250  render           | Saved: 'C:\Users\iputu\Documents\Wonder Chess\art-source\asset-studio\wc_u_human_guardian\stages\body-costume\BW5\armor\motion\frames\frame_0067.png'
00:24.484  render           | Saved: 'C:\Users\iputu\Documents\Wonder Chess\art-source\asset-studio\wc_u_human_guardian\stages\body-costume\BW5\armor\motion\frames\frame_0068.png'
00:24.688  render           | Saved: 'C:\Users\iputu\Documents\Wonder Chess\art-source\asset-studio\wc_u_human_guardian\stages\body-costume\BW5\armor\motion\frames\frame_0069.png'
00:24.906  render           | Saved: 'C:\Users\iputu\Documents\Wonder Chess\art-source\asset-studio\wc_u_human_guardian\stages\body-costume\BW5\armor\motion\frames\frame_0070.png'
00:25.156  render           | Saved: 'C:\Users\iputu\Documents\Wonder Chess\art-source\asset-studio\wc_u_human_guardian\stages\body-costume\BW5\armor\motion\frames\frame_0071.png'
00:25.375  render           | Saved: 'C:\Users\iputu\Documents\Wonder Chess\art-source\asset-studio\wc_u_human_guardian\stages\body-costume\BW5\armor\motion\frames\frame_0072.png'
00:25.594  render           | Saved: 'C:\Users\iputu\Documents\Wonder Chess\art-source\asset-studio\wc_u_human_guardian\stages\body-costume\BW5\armor\motion\frames\frame_0073.png'
00:25.828  render           | Saved: 'C:\Users\iputu\Documents\Wonder Chess\art-source\asset-studio\wc_u_human_guardian\stages\body-costume\BW5\armor\motion\frames\frame_0074.png'
00:26.047  render           | Saved: 'C:\Users\iputu\Documents\Wonder Chess\art-source\asset-studio\wc_u_human_guardian\stages\body-costume\BW5\armor\motion\frames\frame_0075.png'
00:26.281  render           | Saved: 'C:\Users\iputu\Documents\Wonder Chess\art-source\asset-studio\wc_u_human_guardian\stages\body-costume\BW5\armor\motion\frames\frame_0076.png'
00:26.500  render           | Saved: 'C:\Users\iputu\Documents\Wonder Chess\art-source\asset-studio\wc_u_human_guardian\stages\body-costume\BW5\armor\motion\frames\frame_0077.png'
00:26.797  render           | Saved: 'C:\Users\iputu\Documents\Wonder Chess\art-source\asset-studio\wc_u_human_guardian\stages\body-costume\BW5\armor\motion\frames\frame_0078.png'
00:27.047  render           | Saved: 'C:\Users\iputu\Documents\Wonder Chess\art-source\asset-studio\wc_u_human_guardian\stages\body-costume\BW5\armor\motion\frames\frame_0079.png'
00:27.281  render           | Saved: 'C:\Users\iputu\Documents\Wonder Chess\art-source\asset-studio\wc_u_human_guardian\stages\body-costume\BW5\armor\motion\frames\frame_0080.png'
00:27.484  render           | Saved: 'C:\Users\iputu\Documents\Wonder Chess\art-source\asset-studio\wc_u_human_guardian\stages\body-costume\BW5\armor\motion\frames\frame_0081.png'
00:27.719  render           | Saved: 'C:\Users\iputu\Documents\Wonder Chess\art-source\asset-studio\wc_u_human_guardian\stages\body-costume\BW5\armor\motion\frames\frame_0082.png'
00:28.031  render           | Saved: 'C:\Users\iputu\Documents\Wonder Chess\art-source\asset-studio\wc_u_human_guardian\stages\body-costume\BW5\armor\motion\frames\frame_0083.png'
00:28.234  render           | Saved: 'C:\Users\iputu\Documents\Wonder Chess\art-source\asset-studio\wc_u_human_guardian\stages\body-costume\BW5\armor\motion\frames\frame_0084.png'
00:28.422  render           | Saved: 'C:\Users\iputu\Documents\Wonder Chess\art-source\asset-studio\wc_u_human_guardian\stages\body-costume\BW5\armor\motion\frames\frame_0085.png'
00:28.625  render           | Saved: 'C:\Users\iputu\Documents\Wonder Chess\art-source\asset-studio\wc_u_human_guardian\stages\body-costume\BW5\armor\motion\frames\frame_0086.png'
00:28.828  render           | Saved: 'C:\Users\iputu\Documents\Wonder Chess\art-source\asset-studio\wc_u_human_guardian\stages\body-costume\BW5\armor\motion\frames\frame_0087.png'
00:29.016  render           | Saved: 'C:\Users\iputu\Documents\Wonder Chess\art-source\asset-studio\wc_u_human_guardian\stages\body-costume\BW5\armor\motion\frames\frame_0088.png'
00:29.234  render           | Saved: 'C:\Users\iputu\Documents\Wonder Chess\art-source\asset-studio\wc_u_human_guardian\stages\body-costume\BW5\armor\motion\frames\frame_0089.png'
00:29.438  render           | Saved: 'C:\Users\iputu\Documents\Wonder Chess\art-source\asset-studio\wc_u_human_guardian\stages\body-costume\BW5\armor\motion\frames\frame_0090.png'
00:29.625  render           | Saved: 'C:\Users\iputu\Documents\Wonder Chess\art-source\asset-studio\wc_u_human_guardian\stages\body-costume\BW5\armor\motion\frames\frame_0091.png'
00:29.844  render           | Saved: 'C:\Users\iputu\Documents\Wonder Chess\art-source\asset-studio\wc_u_human_guardian\stages\body-costume\BW5\armor\motion\frames\frame_0092.png'
00:30.063  render           | Saved: 'C:\Users\iputu\Documents\Wonder Chess\art-source\asset-studio\wc_u_human_guardian\stages\body-costume\BW5\armor\motion\frames\frame_0093.png'
00:30.250  render           | Saved: 'C:\Users\iputu\Documents\Wonder Chess\art-source\asset-studio\wc_u_human_guardian\stages\body-costume\BW5\armor\motion\frames\frame_0094.png'
00:30.469  render           | Saved: 'C:\Users\iputu\Documents\Wonder Chess\art-source\asset-studio\wc_u_human_guardian\stages\body-costume\BW5\armor\motion\frames\frame_0095.png'
00:30.688  render           | Saved: 'C:\Users\iputu\Documents\Wonder Chess\art-source\asset-studio\wc_u_human_guardian\stages\body-costume\BW5\armor\motion\frames\frame_0096.png'
00:30.891  render           | Saved: 'C:\Users\iputu\Documents\Wonder Chess\art-source\asset-studio\wc_u_human_guardian\stages\body-costume\BW5\armor\motion\frames\frame_0097.png'
00:31.047  render           | Video append frame 1
00:31.063  render           | Video append frame 2
00:31.078  render           | Video append frame 3
00:31.094  render           | Video append frame 4
00:31.109  render           | Video append frame 5
00:31.125  render           | Video append frame 6
00:31.141  render           | Video append frame 7
00:31.156  render           | Video append frame 8
00:31.172  render           | Video append frame 9
00:31.203  render           | Video append frame 10
00:31.219  render           | Video append frame 11
00:31.234  render           | Video append frame 12
00:31.250  render           | Video append frame 13
00:31.266  render           | Video append frame 14
00:31.281  render           | Video append frame 15
00:31.297  render           | Video append frame 16
00:31.313  render           | Video append frame 17
00:31.328  render           | Video append frame 18
00:31.344  render           | Video append frame 19
00:31.359  render           | Video append frame 20
00:31.391  render           | Video append frame 21
00:31.406  render           | Video append frame 22
00:31.422  render           | Video append frame 23
00:31.453  render           | Video append frame 24
00:31.469  render           | Video append frame 25
00:31.484  render           | Video append frame 26
00:31.500  render           | Video append frame 27
00:31.531  render           | Video append frame 28
00:31.547  render           | Video append frame 29
00:31.563  render           | Video append frame 30
00:31.578  render           | Video append frame 31
00:31.609  render           | Video append frame 32
00:31.625  render           | Video append frame 33
00:31.641  render           | Video append frame 34
00:31.672  render           | Video append frame 35
00:31.688  render           | Video append frame 36
00:31.719  render           | Video append frame 37
00:31.734  render           | Video append frame 38
00:31.750  render           | Video append frame 39
00:31.781  render           | Video append frame 40
00:31.797  render           | Video append frame 41
00:31.813  render           | Video append frame 42
00:31.844  render           | Video append frame 43
00:31.859  render           | Video append frame 44
00:31.875  render           | Video append frame 45
00:31.906  render           | Video append frame 46
00:31.922  render           | Video append frame 47
00:31.938  render           | Video append frame 48
00:31.953  render           | Video append frame 49
00:31.984  render           | Video append frame 50
00:32.000  render           | Video append frame 51
00:32.016  render           | Video append frame 52
00:32.031  render           | Video append frame 53
00:32.094  render           | Video append frame 54
00:32.109  render           | Video append frame 55
00:32.125  render           | Video append frame 56
00:32.141  render           | Video append frame 57
00:32.156  render           | Video append frame 58
00:32.188  render           | Video append frame 59
00:32.203  render           | Video append frame 60
00:32.219  render           | Video append frame 61
00:32.234  render           | Video append frame 62
00:32.266  render           | Video append frame 63
00:32.281  render           | Video append frame 64
00:32.297  render           | Video append frame 65
00:32.328  render           | Video append frame 66
00:32.344  render           | Video append frame 67
00:32.359  render           | Video append frame 68
00:32.391  render           | Video append frame 69
00:32.406  render           | Video append frame 70
00:32.422  render           | Video append frame 71
00:32.453  render           | Video append frame 72
00:32.469  render           | Video append frame 73
00:32.484  render           | Video append frame 74
00:32.516  render           | Video append frame 75
00:32.531  render           | Video append frame 76
00:32.547  render           | Video append frame 77
00:32.578  render           | Video append frame 78
00:32.594  render           | Video append frame 79
00:32.625  render           | Video append frame 80
00:32.641  render           | Video append frame 81
00:32.656  render           | Video append frame 82
00:32.688  render           | Video append frame 83
00:32.703  render           | Video append frame 84
00:32.719  render           | Video append frame 85
00:32.750  render           | Video append frame 86
00:32.766  render           | Video append frame 87
00:32.781  render           | Video append frame 88
00:32.797  render           | Video append frame 89
00:32.828  render           | Video append frame 90
00:32.844  render           | Video append frame 91
00:32.875  render           | Video append frame 92
00:32.891  render           | Video append frame 93
00:32.906  render           | Video append frame 94
00:32.938  render           | Video append frame 95
00:32.953  render           | Video append frame 96
00:32.984  render           | Video append frame 97
Reloading external rigs...
Reloading external metarigs...
BlenderMCP: cannot start server in background mode (blender -b) - commands would never execute
BlenderMCP: run Blender with a GUI, or use a virtual display: xvfb-run -a blender
BlenderMCP addon registered
MOTION_COMPLETE
BlenderMCP server stopped
BlenderMCP addon unregistered
Blender 5.1.1 (hash b70da489d7f4 built 2026-04-14 01:37:22)

Blender quit
