00:02.187  blend            | Read blend: "C:\Users\iputu\Documents\Wonder Chess\art-source\asset-studio\wc_u_human_guardian\stages\body-costume\BW4\r001\armor\ada_armor_checkpoint_FINAL_ART_REVISE.blend"
00:02.328  blend            | Read blend: "C:\Users\iputu\Documents\Wonder Chess\art-source\asset-studio\wc_u_human_guardian\stages\body-costume\BW5\armor\ada_bw5_armor_checkpoint_r003_ART_REVISE.blend"
BW4_Breastplate_ControlSurface 0 0
BW4_Front_Neck_Return 0 0
BW4_Front_Waist_Return 0 0
BW4_Front_Side_L_Return 0 0
BW4_Front_Side_R_Return 0 0
BW4_Backplate_ControlSurface 0 0
BW4_Back_Neck_Return 0 0
BW4_Back_Waist_Return 0 0
BW4_Back_Side_L_Return 0 0
BW4_Back_Side_R_Return 0 0
BW4_SideClosure_-1_1.215 0 0
BW4_SideClosure_-1_1.335 0 0
BW4_ShoulderBridge_-1 0 0
BW4_SideClosure_1_1.215 0 0
BW4_SideClosure_1_1.335 0 0
BW4_ShoulderBridge_1 0 0
BW4_Thorax_SideReturn_-1 0 0
BW4_Thorax_SideReturn_1 0 0
BW5_Navy_Waist_Enclosure 0 0
Blender 5.1.1 (hash b70da489d7f4 built 2026-04-14 01:37:22)

Blender quit
