00:02.453  blend            | Read blend: "C:\Users\iputu\Documents\Wonder Chess\art-source\asset-studio\wc_u_human_guardian\stages\body-costume\BW5\armor\ada_bw5_armor_checkpoint_r003_ART_REVISE.blend"
00:16.375  render           | Saved: 'C:\Users\iputu\Documents\Wonder Chess\art-source\asset-studio\wc_u_human_guardian\stages\body-costume\BW5\armor\captures\r003_retained_front.png'
00:30.734  render           | Saved: 'C:\Users\iputu\Documents\Wonder Chess\art-source\asset-studio\wc_u_human_guardian\stages\body-costume\BW5\armor\captures\r003_retained_back.png'
00:43.531  render           | Saved: 'C:\Users\iputu\Documents\Wonder Chess\art-source\asset-studio\wc_u_human_guardian\stages\body-costume\BW5\armor\captures\r003_retained_profile.png'
00:57.172  render           | Saved: 'C:\Users\iputu\Documents\Wonder Chess\art-source\asset-studio\wc_u_human_guardian\stages\body-costume\BW5\armor\captures\r003_retained_three_quarter.png'
01:08.203  render           | Saved: 'C:\Users\iputu\Documents\Wonder Chess\art-source\asset-studio\wc_u_human_guardian\stages\body-costume\BW5\armor\captures\r003_retained_rear_three_quarter.png'
01:16.656  render           | Saved: 'C:\Users\iputu\Documents\Wonder Chess\art-source\asset-studio\wc_u_human_guardian\stages\body-costume\BW5\armor\captures\r003_retained_context.png'
01:27.390  render           | Saved: 'C:\Users\iputu\Documents\Wonder Chess\art-source\asset-studio\wc_u_human_guardian\stages\body-costume\BW5\armor\captures\r003_retained_pose_020.png'
01:39.109  render           | Saved: 'C:\Users\iputu\Documents\Wonder Chess\art-source\asset-studio\wc_u_human_guardian\stages\body-costume\BW5\armor\captures\r003_retained_pose_028.png'
01:50.703  render           | Saved: 'C:\Users\iputu\Documents\Wonder Chess\art-source\asset-studio\wc_u_human_guardian\stages\body-costume\BW5\armor\captures\r003_retained_pose_029.png'
02:03.062  render           | Saved: 'C:\Users\iputu\Documents\Wonder Chess\art-source\asset-studio\wc_u_human_guardian\stages\body-costume\BW5\armor\captures\r003_retained_pose_049.png'
02:15.437  render           | Saved: 'C:\Users\iputu\Documents\Wonder Chess\art-source\asset-studio\wc_u_human_guardian\stages\body-costume\BW5\armor\captures\r003_retained_pose_054.png'
02:27.562  render           | Saved: 'C:\Users\iputu\Documents\Wonder Chess\art-source\asset-studio\wc_u_human_guardian\stages\body-costume\BW5\armor\captures\r003_retained_pose_073.png'
02:40.281  render           | Saved: 'C:\Users\iputu\Documents\Wonder Chess\art-source\asset-studio\wc_u_human_guardian\stages\body-costume\BW5\armor\captures\r003_retained_reversed_key.png'
02:52.781  render           | Saved: 'C:\Users\iputu\Documents\Wonder Chess\art-source\asset-studio\wc_u_human_guardian\stages\body-costume\BW5\armor\captures\r003_reference_pose_front.png'
03:06.765  render           | Saved: 'C:\Users\iputu\Documents\Wonder Chess\art-source\asset-studio\wc_u_human_guardian\stages\body-costume\BW5\armor\captures\r003_reference_pose_back.png'
03:18.125  render           | Saved: 'C:\Users\iputu\Documents\Wonder Chess\art-source\asset-studio\wc_u_human_guardian\stages\body-costume\BW5\armor\captures\r003_reference_pose_right.png'
03:29.125  render           | Saved: 'C:\Users\iputu\Documents\Wonder Chess\art-source\asset-studio\wc_u_human_guardian\stages\body-costume\BW5\armor\captures\r003_reference_pose_left.png'
03:41.547  render           | Saved: 'C:\Users\iputu\Documents\Wonder Chess\art-source\asset-studio\wc_u_human_guardian\stages\body-costume\BW5\armor\captures\r003_reference_pose_three_quarter.png'
C:\Users\iputu\Documents\Wonder Chess\art-source\asset-studio\wc_u_human_guardian\stages\body-costume\BW5\armor\operations\14_r003_views.py:18: DeprecationWarning: 'Material.use_nodes' is expected to be removed in Blender 6.0
  black=bpy.data.materials.new('BW5_CageEdges');black.diffuse_color=(.008,.008,.008,1);black.use_nodes=True;black.node_tree.nodes.get('Principled BSDF').inputs['Base Color'].default_value=(.008,.008,.008,1)
03:54.531  render           | Saved: 'C:\Users\iputu\Documents\Wonder Chess\art-source\asset-studio\wc_u_human_guardian\stages\body-costume\BW5\armor\captures\r003_retained_actual_control_cage.png'
C:\Users\iputu\Documents\Wonder Chess\art-source\asset-studio\wc_u_human_guardian\stages\body-costume\BW5\armor\operations\14_r003_views.py:30: DeprecationWarning: 'Material.use_nodes' is expected to be removed in Blender 6.0
  navy=bpy.data.objects['BW5_Navy_Waist_Enclosure'];navy.data.materials.clear();mat=bpy.data.materials.new('BW5_Navy_ID_ONLY');mat.diffuse_color=(.022,.040,.073,1);mat.use_nodes=True;mat.node_tree.nodes.get('Principled BSDF').inputs['Base Color'].default_value=mat.diffuse_color;navy.data.materials.append(mat)
04:07.156  render           | Saved: 'C:\Users\iputu\Documents\Wonder Chess\art-source\asset-studio\wc_u_human_guardian\stages\body-costume\BW5\armor\captures\r003_retained_waist_color_ID_NOT_TEXTURED.png'
BW5_DELIVERY_VIEWS_COMPLETE
Blender 5.1.1 (hash b70da489d7f4 built 2026-04-14 01:37:22)

Blender quit
