00:04.782  blend            | Read blend: "C:\Users\iputu\Documents\Wonder Chess\art-source\asset-studio\wc_u_human_guardian\stages\body-costume\BW5\armor\ada_bw5_armor_checkpoint_r003_ART_REVISE.blend"
C:\Users\iputu\Documents\Wonder Chess\art-source\asset-studio\wc_u_human_guardian\stages\body-costume\BW5\armor\operations\15_r003_motion.py:6: DeprecationWarning: 'Scene.use_nodes' is expected to be removed in Blender 6.0
  s.render.resolution_x=800;s.render.resolution_y=800;s.render.resolution_percentage=100;s.render.image_settings.media_type='IMAGE';s.render.image_settings.file_format='PNG';s.render.image_settings.color_mode='RGB';s.render.filepath=str(frames/'frame_');s.render.film_transparent=False;s.use_nodes=False;s.render.use_sequencer=False;s.view_settings.view_transform='Standard';s.view_settings.look='None'
00:07.360  render           | Saved: 'C:\Users\iputu\Documents\Wonder Chess\art-source\asset-studio\wc_u_human_guardian\stages\body-costume\BW5\armor\motion\r003\frames\frame_0001.png'
00:08.344  render           | Saved: 'C:\Users\iputu\Documents\Wonder Chess\art-source\asset-studio\wc_u_human_guardian\stages\body-costume\BW5\armor\motion\r003\frames\frame_0002.png'
00:08.579  render           | Saved: 'C:\Users\iputu\Documents\Wonder Chess\art-source\asset-studio\wc_u_human_guardian\stages\body-costume\BW5\armor\motion\r003\frames\frame_0003.png'
00:08.813  render           | Saved: 'C:\Users\iputu\Documents\Wonder Chess\art-source\asset-studio\wc_u_human_guardian\stages\body-costume\BW5\armor\motion\r003\frames\frame_0004.png'
00:09.063  render           | Saved: 'C:\Users\iputu\Documents\Wonder Chess\art-source\asset-studio\wc_u_human_guardian\stages\body-costume\BW5\armor\motion\r003\frames\frame_0005.png'
00:09.297  render           | Saved: 'C:\Users\iputu\Documents\Wonder Chess\art-source\asset-studio\wc_u_human_guardian\stages\body-costume\BW5\armor\motion\r003\frames\frame_0006.png'
00:09.579  render           | Saved: 'C:\Users\iputu\Documents\Wonder Chess\art-source\asset-studio\wc_u_human_guardian\stages\body-costume\BW5\armor\motion\r003\frames\frame_0007.png'
00:09.860  render           | Saved: 'C:\Users\iputu\Documents\Wonder Chess\art-source\asset-studio\wc_u_human_guardian\stages\body-costume\BW5\armor\motion\r003\frames\frame_0008.png'
00:10.125  render           | Saved: 'C:\Users\iputu\Documents\Wonder Chess\art-source\asset-studio\wc_u_human_guardian\stages\body-costume\BW5\armor\motion\r003\frames\frame_0009.png'
00:10.407  render           | Saved: 'C:\Users\iputu\Documents\Wonder Chess\art-source\asset-studio\wc_u_human_guardian\stages\body-costume\BW5\armor\motion\r003\frames\frame_0010.png'
00:10.688  render           | Saved: 'C:\Users\iputu\Documents\Wonder Chess\art-source\asset-studio\wc_u_human_guardian\stages\body-costume\BW5\armor\motion\r003\frames\frame_0011.png'
00:11.000  render           | Saved: 'C:\Users\iputu\Documents\Wonder Chess\art-source\asset-studio\wc_u_human_guardian\stages\body-costume\BW5\armor\motion\r003\frames\frame_0012.png'
00:11.250  render           | Saved: 'C:\Users\iputu\Documents\Wonder Chess\art-source\asset-studio\wc_u_human_guardian\stages\body-costume\BW5\armor\motion\r003\frames\frame_0013.png'
00:11.500  render           | Saved: 'C:\Users\iputu\Documents\Wonder Chess\art-source\asset-studio\wc_u_human_guardian\stages\body-costume\BW5\armor\motion\r003\frames\frame_0014.png'
00:11.750  render           | Saved: 'C:\Users\iputu\Documents\Wonder Chess\art-source\asset-studio\wc_u_human_guardian\stages\body-costume\BW5\armor\motion\r003\frames\frame_0015.png'
00:11.985  render           | Saved: 'C:\Users\iputu\Documents\Wonder Chess\art-source\asset-studio\wc_u_human_guardian\stages\body-costume\BW5\armor\motion\r003\frames\frame_0016.png'
00:12.282  render           | Saved: 'C:\Users\iputu\Documents\Wonder Chess\art-source\asset-studio\wc_u_human_guardian\stages\body-costume\BW5\armor\motion\r003\frames\frame_0017.png'
00:12.532  render           | Saved: 'C:\Users\iputu\Documents\Wonder Chess\art-source\asset-studio\wc_u_human_guardian\stages\body-costume\BW5\armor\motion\r003\frames\frame_0018.png'
00:12.766  render           | Saved: 'C:\Users\iputu\Documents\Wonder Chess\art-source\asset-studio\wc_u_human_guardian\stages\body-costume\BW5\armor\motion\r003\frames\frame_0019.png'
00:13.016  render           | Saved: 'C:\Users\iputu\Documents\Wonder Chess\art-source\asset-studio\wc_u_human_guardian\stages\body-costume\BW5\armor\motion\r003\frames\frame_0020.png'
00:13.282  render           | Saved: 'C:\Users\iputu\Documents\Wonder Chess\art-source\asset-studio\wc_u_human_guardian\stages\body-costume\BW5\armor\motion\r003\frames\frame_0021.png'
00:13.547  render           | Saved: 'C:\Users\iputu\Documents\Wonder Chess\art-source\asset-studio\wc_u_human_guardian\stages\body-costume\BW5\armor\motion\r003\frames\frame_0022.png'
00:13.813  render           | Saved: 'C:\Users\iputu\Documents\Wonder Chess\art-source\asset-studio\wc_u_human_guardian\stages\body-costume\BW5\armor\motion\r003\frames\frame_0023.png'
00:14.063  render           | Saved: 'C:\Users\iputu\Documents\Wonder Chess\art-source\asset-studio\wc_u_human_guardian\stages\body-costume\BW5\armor\motion\r003\frames\frame_0024.png'
00:14.313  render           | Saved: 'C:\Users\iputu\Documents\Wonder Chess\art-source\asset-studio\wc_u_human_guardian\stages\body-costume\BW5\armor\motion\r003\frames\frame_0025.png'
00:14.563  render           | Saved: 'C:\Users\iputu\Documents\Wonder Chess\art-source\asset-studio\wc_u_human_guardian\stages\body-costume\BW5\armor\motion\r003\frames\frame_0026.png'
00:14.797  render           | Saved: 'C:\Users\iputu\Documents\Wonder Chess\art-source\asset-studio\wc_u_human_guardian\stages\body-costume\BW5\armor\motion\r003\frames\frame_0027.png'
00:15.047  render           | Saved: 'C:\Users\iputu\Documents\Wonder Chess\art-source\asset-studio\wc_u_human_guardian\stages\body-costume\BW5\armor\motion\r003\frames\frame_0028.png'
00:15.344  render           | Saved: 'C:\Users\iputu\Documents\Wonder Chess\art-source\asset-studio\wc_u_human_guardian\stages\body-costume\BW5\armor\motion\r003\frames\frame_0029.png'
00:15.579  render           | Saved: 'C:\Users\iputu\Documents\Wonder Chess\art-source\asset-studio\wc_u_human_guardian\stages\body-costume\BW5\armor\motion\r003\frames\frame_0030.png'
00:15.813  render           | Saved: 'C:\Users\iputu\Documents\Wonder Chess\art-source\asset-studio\wc_u_human_guardian\stages\body-costume\BW5\armor\motion\r003\frames\frame_0031.png'
00:16.032  render           | Saved: 'C:\Users\iputu\Documents\Wonder Chess\art-source\asset-studio\wc_u_human_guardian\stages\body-costume\BW5\armor\motion\r003\frames\frame_0032.png'
00:16.250  render           | Saved: 'C:\Users\iputu\Documents\Wonder Chess\art-source\asset-studio\wc_u_human_guardian\stages\body-costume\BW5\armor\motion\r003\frames\frame_0033.png'
00:16.516  render           | Saved: 'C:\Users\iputu\Documents\Wonder Chess\art-source\asset-studio\wc_u_human_guardian\stages\body-costume\BW5\armor\motion\r003\frames\frame_0034.png'
00:16.750  render           | Saved: 'C:\Users\iputu\Documents\Wonder Chess\art-source\asset-studio\wc_u_human_guardian\stages\body-costume\BW5\armor\motion\r003\frames\frame_0035.png'
00:17.016  render           | Saved: 'C:\Users\iputu\Documents\Wonder Chess\art-source\asset-studio\wc_u_human_guardian\stages\body-costume\BW5\armor\motion\r003\frames\frame_0036.png'
00:17.219  render           | Saved: 'C:\Users\iputu\Documents\Wonder Chess\art-source\asset-studio\wc_u_human_guardian\stages\body-costume\BW5\armor\motion\r003\frames\frame_0037.png'
00:17.438  render           | Saved: 'C:\Users\iputu\Documents\Wonder Chess\art-source\asset-studio\wc_u_human_guardian\stages\body-costume\BW5\armor\motion\r003\frames\frame_0038.png'
00:17.657  render           | Saved: 'C:\Users\iputu\Documents\Wonder Chess\art-source\asset-studio\wc_u_human_guardian\stages\body-costume\BW5\armor\motion\r003\frames\frame_0039.png'
00:17.860  render           | Saved: 'C:\Users\iputu\Documents\Wonder Chess\art-source\asset-studio\wc_u_human_guardian\stages\body-costume\BW5\armor\motion\r003\frames\frame_0040.png'
00:18.094  render           | Saved: 'C:\Users\iputu\Documents\Wonder Chess\art-source\asset-studio\wc_u_human_guardian\stages\body-costume\BW5\armor\motion\r003\frames\frame_0041.png'
00:18.313  render           | Saved: 'C:\Users\iputu\Documents\Wonder Chess\art-source\asset-studio\wc_u_human_guardian\stages\body-costume\BW5\armor\motion\r003\frames\frame_0042.png'
00:18.532  render           | Saved: 'C:\Users\iputu\Documents\Wonder Chess\art-source\asset-studio\wc_u_human_guardian\stages\body-costume\BW5\armor\motion\r003\frames\frame_0043.png'
00:18.735  render           | Saved: 'C:\Users\iputu\Documents\Wonder Chess\art-source\asset-studio\wc_u_human_guardian\stages\body-costume\BW5\armor\motion\r003\frames\frame_0044.png'
00:18.938  render           | Saved: 'C:\Users\iputu\Documents\Wonder Chess\art-source\asset-studio\wc_u_human_guardian\stages\body-costume\BW5\armor\motion\r003\frames\frame_0045.png'
00:19.172  render           | Saved: 'C:\Users\iputu\Documents\Wonder Chess\art-source\asset-studio\wc_u_human_guardian\stages\body-costume\BW5\armor\motion\r003\frames\frame_0046.png'
00:19.407  render           | Saved: 'C:\Users\iputu\Documents\Wonder Chess\art-source\asset-studio\wc_u_human_guardian\stages\body-costume\BW5\armor\motion\r003\frames\frame_0047.png'
00:19.657  render           | Saved: 'C:\Users\iputu\Documents\Wonder Chess\art-source\asset-studio\wc_u_human_guardian\stages\body-costume\BW5\armor\motion\r003\frames\frame_0048.png'
00:19.875  render           | Saved: 'C:\Users\iputu\Documents\Wonder Chess\art-source\asset-studio\wc_u_human_guardian\stages\body-costume\BW5\armor\motion\r003\frames\frame_0049.png'
00:20.110  render           | Saved: 'C:\Users\iputu\Documents\Wonder Chess\art-source\asset-studio\wc_u_human_guardian\stages\body-costume\BW5\armor\motion\r003\frames\frame_0050.png'
00:20.344  render           | Saved: 'C:\Users\iputu\Documents\Wonder Chess\art-source\asset-studio\wc_u_human_guardian\stages\body-costume\BW5\armor\motion\r003\frames\frame_0051.png'
00:20.579  render           | Saved: 'C:\Users\iputu\Documents\Wonder Chess\art-source\asset-studio\wc_u_human_guardian\stages\body-costume\BW5\armor\motion\r003\frames\frame_0052.png'
00:20.860  render           | Saved: 'C:\Users\iputu\Documents\Wonder Chess\art-source\asset-studio\wc_u_human_guardian\stages\body-costume\BW5\armor\motion\r003\frames\frame_0053.png'
00:21.079  render           | Saved: 'C:\Users\iputu\Documents\Wonder Chess\art-source\asset-studio\wc_u_human_guardian\stages\body-costume\BW5\armor\motion\r003\frames\frame_0054.png'
00:21.297  render           | Saved: 'C:\Users\iputu\Documents\Wonder Chess\art-source\asset-studio\wc_u_human_guardian\stages\body-costume\BW5\armor\motion\r003\frames\frame_0055.png'
00:21.516  render           | Saved: 'C:\Users\iputu\Documents\Wonder Chess\art-source\asset-studio\wc_u_human_guardian\stages\body-costume\BW5\armor\motion\r003\frames\frame_0056.png'
00:21.750  render           | Saved: 'C:\Users\iputu\Documents\Wonder Chess\art-source\asset-studio\wc_u_human_guardian\stages\body-costume\BW5\armor\motion\r003\frames\frame_0057.png'
00:21.954  render           | Saved: 'C:\Users\iputu\Documents\Wonder Chess\art-source\asset-studio\wc_u_human_guardian\stages\body-costume\BW5\armor\motion\r003\frames\frame_0058.png'
00:22.188  render           | Saved: 'C:\Users\iputu\Documents\Wonder Chess\art-source\asset-studio\wc_u_human_guardian\stages\body-costume\BW5\armor\motion\r003\frames\frame_0059.png'
00:22.438  render           | Saved: 'C:\Users\iputu\Documents\Wonder Chess\art-source\asset-studio\wc_u_human_guardian\stages\body-costume\BW5\armor\motion\r003\frames\frame_0060.png'
00:22.672  render           | Saved: 'C:\Users\iputu\Documents\Wonder Chess\art-source\asset-studio\wc_u_human_guardian\stages\body-costume\BW5\armor\motion\r003\frames\frame_0061.png'
00:22.907  render           | Saved: 'C:\Users\iputu\Documents\Wonder Chess\art-source\asset-studio\wc_u_human_guardian\stages\body-costume\BW5\armor\motion\r003\frames\frame_0062.png'
00:23.141  render           | Saved: 'C:\Users\iputu\Documents\Wonder Chess\art-source\asset-studio\wc_u_human_guardian\stages\body-costume\BW5\armor\motion\r003\frames\frame_0063.png'
00:23.438  render           | Saved: 'C:\Users\iputu\Documents\Wonder Chess\art-source\asset-studio\wc_u_human_guardian\stages\body-costume\BW5\armor\motion\r003\frames\frame_0064.png'
00:23.782  render           | Saved: 'C:\Users\iputu\Documents\Wonder Chess\art-source\asset-studio\wc_u_human_guardian\stages\body-costume\BW5\armor\motion\r003\frames\frame_0065.png'
00:24.094  render           | Saved: 'C:\Users\iputu\Documents\Wonder Chess\art-source\asset-studio\wc_u_human_guardian\stages\body-costume\BW5\armor\motion\r003\frames\frame_0066.png'
00:24.469  render           | Saved: 'C:\Users\iputu\Documents\Wonder Chess\art-source\asset-studio\wc_u_human_guardian\stages\body-costume\BW5\armor\motion\r003\frames\frame_0067.png'
00:24.735  render           | Saved: 'C:\Users\iputu\Documents\Wonder Chess\art-source\asset-studio\wc_u_human_guardian\stages\body-costume\BW5\armor\motion\r003\frames\frame_0068.png'
00:25.000  render           | Saved: 'C:\Users\iputu\Documents\Wonder Chess\art-source\asset-studio\wc_u_human_guardian\stages\body-costume\BW5\armor\motion\r003\frames\frame_0069.png'
00:25.282  render           | Saved: 'C:\Users\iputu\Documents\Wonder Chess\art-source\asset-studio\wc_u_human_guardian\stages\body-costume\BW5\armor\motion\r003\frames\frame_0070.png'
00:25.579  render           | Saved: 'C:\Users\iputu\Documents\Wonder Chess\art-source\asset-studio\wc_u_human_guardian\stages\body-costume\BW5\armor\motion\r003\frames\frame_0071.png'
00:25.813  render           | Saved: 'C:\Users\iputu\Documents\Wonder Chess\art-source\asset-studio\wc_u_human_guardian\stages\body-costume\BW5\armor\motion\r003\frames\frame_0072.png'
00:26.063  render           | Saved: 'C:\Users\iputu\Documents\Wonder Chess\art-source\asset-studio\wc_u_human_guardian\stages\body-costume\BW5\armor\motion\r003\frames\frame_0073.png'
00:26.297  render           | Saved: 'C:\Users\iputu\Documents\Wonder Chess\art-source\asset-studio\wc_u_human_guardian\stages\body-costume\BW5\armor\motion\r003\frames\frame_0074.png'
00:26.547  render           | Saved: 'C:\Users\iputu\Documents\Wonder Chess\art-source\asset-studio\wc_u_human_guardian\stages\body-costume\BW5\armor\motion\r003\frames\frame_0075.png'
00:26.844  render           | Saved: 'C:\Users\iputu\Documents\Wonder Chess\art-source\asset-studio\wc_u_human_guardian\stages\body-costume\BW5\armor\motion\r003\frames\frame_0076.png'
00:27.094  render           | Saved: 'C:\Users\iputu\Documents\Wonder Chess\art-source\asset-studio\wc_u_human_guardian\stages\body-costume\BW5\armor\motion\r003\frames\frame_0077.png'
00:27.344  render           | Saved: 'C:\Users\iputu\Documents\Wonder Chess\art-source\asset-studio\wc_u_human_guardian\stages\body-costume\BW5\armor\motion\r003\frames\frame_0078.png'
00:27.594  render           | Saved: 'C:\Users\iputu\Documents\Wonder Chess\art-source\asset-studio\wc_u_human_guardian\stages\body-costume\BW5\armor\motion\r003\frames\frame_0079.png'
00:27.860  render           | Saved: 'C:\Users\iputu\Documents\Wonder Chess\art-source\asset-studio\wc_u_human_guardian\stages\body-costume\BW5\armor\motion\r003\frames\frame_0080.png'
00:28.141  render           | Saved: 'C:\Users\iputu\Documents\Wonder Chess\art-source\asset-studio\wc_u_human_guardian\stages\body-costume\BW5\armor\motion\r003\frames\frame_0081.png'
00:28.516  render           | Saved: 'C:\Users\iputu\Documents\Wonder Chess\art-source\asset-studio\wc_u_human_guardian\stages\body-costume\BW5\armor\motion\r003\frames\frame_0082.png'
00:28.829  render           | Saved: 'C:\Users\iputu\Documents\Wonder Chess\art-source\asset-studio\wc_u_human_guardian\stages\body-costume\BW5\armor\motion\r003\frames\frame_0083.png'
00:29.188  render           | Saved: 'C:\Users\iputu\Documents\Wonder Chess\art-source\asset-studio\wc_u_human_guardian\stages\body-costume\BW5\armor\motion\r003\frames\frame_0084.png'
00:29.485  render           | Saved: 'C:\Users\iputu\Documents\Wonder Chess\art-source\asset-studio\wc_u_human_guardian\stages\body-costume\BW5\armor\motion\r003\frames\frame_0085.png'
00:29.750  render           | Saved: 'C:\Users\iputu\Documents\Wonder Chess\art-source\asset-studio\wc_u_human_guardian\stages\body-costume\BW5\armor\motion\r003\frames\frame_0086.png'
00:30.079  render           | Saved: 'C:\Users\iputu\Documents\Wonder Chess\art-source\asset-studio\wc_u_human_guardian\stages\body-costume\BW5\armor\motion\r003\frames\frame_0087.png'
00:30.360  render           | Saved: 'C:\Users\iputu\Documents\Wonder Chess\art-source\asset-studio\wc_u_human_guardian\stages\body-costume\BW5\armor\motion\r003\frames\frame_0088.png'
00:30.610  render           | Saved: 'C:\Users\iputu\Documents\Wonder Chess\art-source\asset-studio\wc_u_human_guardian\stages\body-costume\BW5\armor\motion\r003\frames\frame_0089.png'
00:30.829  render           | Saved: 'C:\Users\iputu\Documents\Wonder Chess\art-source\asset-studio\wc_u_human_guardian\stages\body-costume\BW5\armor\motion\r003\frames\frame_0090.png'
00:31.047  render           | Saved: 'C:\Users\iputu\Documents\Wonder Chess\art-source\asset-studio\wc_u_human_guardian\stages\body-costume\BW5\armor\motion\r003\frames\frame_0091.png'
00:31.297  render           | Saved: 'C:\Users\iputu\Documents\Wonder Chess\art-source\asset-studio\wc_u_human_guardian\stages\body-costume\BW5\armor\motion\r003\frames\frame_0092.png'
00:31.563  render           | Saved: 'C:\Users\iputu\Documents\Wonder Chess\art-source\asset-studio\wc_u_human_guardian\stages\body-costume\BW5\armor\motion\r003\frames\frame_0093.png'
00:31.797  render           | Saved: 'C:\Users\iputu\Documents\Wonder Chess\art-source\asset-studio\wc_u_human_guardian\stages\body-costume\BW5\armor\motion\r003\frames\frame_0094.png'
00:32.032  render           | Saved: 'C:\Users\iputu\Documents\Wonder Chess\art-source\asset-studio\wc_u_human_guardian\stages\body-costume\BW5\armor\motion\r003\frames\frame_0095.png'
00:32.250  render           | Saved: 'C:\Users\iputu\Documents\Wonder Chess\art-source\asset-studio\wc_u_human_guardian\stages\body-costume\BW5\armor\motion\r003\frames\frame_0096.png'
00:32.485  render           | Saved: 'C:\Users\iputu\Documents\Wonder Chess\art-source\asset-studio\wc_u_human_guardian\stages\body-costume\BW5\armor\motion\r003\frames\frame_0097.png'
00:32.625  render           | Video append frame 1
00:32.641  render           | Video append frame 2
00:32.657  render           | Video append frame 3
00:32.672  render           | Video append frame 4
00:32.704  render           | Video append frame 5
00:32.719  render           | Video append frame 6
00:32.735  render           | Video append frame 7
00:32.750  render           | Video append frame 8
00:32.782  render           | Video append frame 9
00:32.813  render           | Video append frame 10
00:32.829  render           | Video append frame 11
00:32.844  render           | Video append frame 12
00:32.860  render           | Video append frame 13
00:32.875  render           | Video append frame 14
00:32.891  render           | Video append frame 15
00:32.907  render           | Video append frame 16
00:32.922  render           | Video append frame 17
00:32.938  render           | Video append frame 18
00:32.954  render           | Video append frame 19
00:32.969  render           | Video append frame 20
00:33.000  render           | Video append frame 21
00:33.016  render           | Video append frame 22
00:33.032  render           | Video append frame 23
00:33.047  render           | Video append frame 24
00:33.063  render           | Video append frame 25
00:33.079  render           | Video append frame 26
00:33.094  render           | Video append frame 27
00:33.125  render           | Video append frame 28
00:33.141  render           | Video append frame 29
00:33.157  render           | Video append frame 30
00:33.172  render           | Video append frame 31
00:33.188  render           | Video append frame 32
00:33.204  render           | Video append frame 33
00:33.235  render           | Video append frame 34
00:33.250  render           | Video append frame 35
00:33.266  render           | Video append frame 36
00:33.282  render           | Video append frame 37
00:33.313  render           | Video append frame 38
00:33.329  render           | Video append frame 39
00:33.344  render           | Video append frame 40
00:33.375  render           | Video append frame 41
00:33.391  render           | Video append frame 42
00:33.422  render           | Video append frame 43
00:33.438  render           | Video append frame 44
00:33.454  render           | Video append frame 45
00:33.500  render           | Video append frame 46
00:33.516  render           | Video append frame 47
00:33.563  render           | Video append frame 48
00:33.625  render           | Video append frame 49
00:33.641  render           | Video append frame 50
00:33.657  render           | Video append frame 51
00:33.672  render           | Video append frame 52
00:33.688  render           | Video append frame 53
00:33.704  render           | Video append frame 54
00:33.735  render           | Video append frame 55
00:33.750  render           | Video append frame 56
00:33.766  render           | Video append frame 57
00:33.782  render           | Video append frame 58
00:33.797  render           | Video append frame 59
00:33.813  render           | Video append frame 60
00:33.844  render           | Video append frame 61
00:33.860  render           | Video append frame 62
00:33.875  render           | Video append frame 63
00:33.891  render           | Video append frame 64
00:33.907  render           | Video append frame 65
00:33.938  render           | Video append frame 66
00:33.954  render           | Video append frame 67
00:33.985  render           | Video append frame 68
00:34.000  render           | Video append frame 69
00:34.016  render           | Video append frame 70
00:34.047  render           | Video append frame 71
00:34.063  render           | Video append frame 72
00:34.094  render           | Video append frame 73
00:34.110  render           | Video append frame 74
00:34.125  render           | Video append frame 75
00:34.141  render           | Video append frame 76
00:34.172  render           | Video append frame 77
00:34.188  render           | Video append frame 78
00:34.204  render           | Video append frame 79
00:34.219  render           | Video append frame 80
00:34.235  render           | Video append frame 81
00:34.266  render           | Video append frame 82
00:34.282  render           | Video append frame 83
00:34.297  render           | Video append frame 84
00:34.313  render           | Video append frame 85
00:34.329  render           | Video append frame 86
00:34.360  render           | Video append frame 87
00:34.391  render           | Video append frame 88
00:34.407  render           | Video append frame 89
00:34.422  render           | Video append frame 90
00:34.454  render           | Video append frame 91
00:34.469  render           | Video append frame 92
00:34.485  render           | Video append frame 93
00:34.500  render           | Video append frame 94
00:34.516  render           | Video append frame 95
00:34.532  render           | Video append frame 96
00:34.547  render           | Video append frame 97
Reloading external rigs...
Reloading external metarigs...
BlenderMCP: cannot start server in background mode (blender -b) - commands would never execute
BlenderMCP: run Blender with a GUI, or use a virtual display: xvfb-run -a blender
BlenderMCP addon registered
MOTION_COMPLETE
BlenderMCP server stopped
BlenderMCP addon unregistered
Blender 5.1.1 (hash b70da489d7f4 built 2026-04-14 01:37:22)

Blender quit
