00:06.015  blend            | Read blend: "C:\Users\iputu\Documents\Wonder Chess\reports\WC-U440\20260906T153806Z\ada\candidate9-v7\ada-source9-candidate.blend"
{
  "status": "sampled_motion_invariants_passed",
  "unit_id": "wc_u_human_guardian",
  "blender_version": "5.1.1",
  "sampling": "actual deformed mesh every 3 frames at 60fps",
  "clips": [
    {
      "clip": "Idle",
      "samples": 41,
      "minimum_support_sole_z_m": 0.016380002722144127,
      "maximum_support_sole_z_m": 0.016380002722144127,
      "max_root_translation_m": 0,
      "max_pose_scale_error": 1.7881393432617188e-07
    },
    {
      "clip": "Move",
      "samples": 21,
      "minimum_support_sole_z_m": 0.003758801147341728,
      "maximum_support_sole_z_m": 0.016380075365304947,
      "max_root_translation_m": 0,
      "max_pose_scale_error": 1.7881393432617188e-07
    },
    {
      "clip": "Attack",
      "samples": 14,
      "minimum_support_sole_z_m": 0.016380002722144127,
      "maximum_support_sole_z_m": 0.016380002722144127,
      "max_root_translation_m": 0,
      "max_pose_scale_error": 1.7881393432617188e-07
    },
    {
      "clip": "Active",
      "samples": 13,
      "minimum_support_sole_z_m": 0.016380002722144127,
      "maximum_support_sole_z_m": 0.016380002722144127,
      "max_root_translation_m": 0,
      "max_pose_scale_error": 1.7881393432617188e-07
    },
    {
      "clip": "Hit",
      "samples": 9,
      "minimum_support_sole_z_m": 0.016380002722144127,
      "maximum_support_sole_z_m": 0.016380002722144127,
      "max_root_translation_m": 0,
      "max_pose_scale_error": 1.7881393432617188e-07
    },
    {
      "clip": "Defeat",
      "samples": 21,
      "minimum_support_sole_z_m": 0.016380151733756065,
      "maximum_support_sole_z_m": 0.01638026162981987,
      "max_root_translation_m": 0,
      "max_pose_scale_error": 1.7881393432617188e-07
    },
    {
      "clip": "Victory",
      "samples": 31,
      "minimum_support_sole_z_m": 0.016380002722144127,
      "maximum_support_sole_z_m": 0.016380002722144127,
      "max_root_translation_m": 0,
      "max_pose_scale_error": 1.7881393432617188e-07
    }
  ],
  "errors": [],
  "not_checked": [
    "continuous visual quality",
    "weapon/costume clipping",
    "semantic gesture review",
    "Unreal retarget/import",
    "runtime move-speed synchronization"
  ]
}
Blender 5.1.1 (hash b70da489d7f4 built 2026-04-14 01:37:22)

Blender quit
