00:02.032  blend            | Read blend: "C:\Users\iputu\Documents\Wonder Chess\reports\WC-U440\20260906T153806Z\ada\candidate9-v8\ada-source9-candidate.blend"
{
  "status": "structural_checks_passed_visual_review_required",
  "blender_version": "5.1.1",
  "collection": "EXPORT",
  "evaluated_triangle_total": 9068,
  "objects": [
    {
      "name": "Armature",
      "type": "ARMATURE",
      "scale": [
        1.0,
        1.0,
        1.0
      ],
      "dimensions": [
        1.235010027885437,
        0.45499998331069946,
        1.9565000534057617
      ],
      "roots": [
        "root"
      ],
      "deform_bones": 27
    },
    {
      "name": "SK_wc_u_human_guardian",
      "type": "MESH",
      "scale": [
        1.0,
        1.0,
        1.0
      ],
      "dimensions": [
        1.5977566242218018,
        0.886250913143158,
        1.8108999729156494
      ],
      "evaluated_triangles": 9068,
      "material_slots": 1,
      "uv_layers": 1,
      "skin_checks": {
        "unweighted": 0,
        "excess_influences": 0,
        "unnormalized": 0
      }
    }
  ],
  "errors": [],
  "warnings": [],
  "not_checked": [
    "appearance",
    "deformation across all clips",
    "UV overlap appropriateness",
    "normal-map convention",
    "Unreal import",
    "LOD silhouette",
    "gameplay readability"
  ]
}
{
  "status": "sampled_motion_invariants_passed",
  "unit_id": "wc_u_human_guardian",
  "blender_version": "5.1.1",
  "sampling": "actual deformed mesh every 3 frames at 60fps",
  "clips": [
    {
      "clip": "Idle",
      "samples": 41,
      "minimum_support_sole_z_m": 0.016380002722144127,
      "maximum_support_sole_z_m": 0.016380002722144127,
      "max_root_translation_m": 0,
      "max_pose_scale_error": 1.7881393432617188e-07
    },
    {
      "clip": "Move",
      "samples": 21,
      "minimum_support_sole_z_m": 0.003758801147341728,
      "maximum_support_sole_z_m": 0.016380075365304947,
      "max_root_translation_m": 0,
      "max_pose_scale_error": 1.7881393432617188e-07
    },
    {
      "clip": "Attack",
      "samples": 14,
      "minimum_support_sole_z_m": 0.016380002722144127,
      "maximum_support_sole_z_m": 0.016380002722144127,
      "max_root_translation_m": 0,
      "max_pose_scale_error": 1.7881393432617188e-07
    },
    {
      "clip": "Active",
      "samples": 13,
      "minimum_support_sole_z_m": 0.016380002722144127,
      "maximum_support_sole_z_m": 0.016380002722144127,
      "max_root_translation_m": 0,
      "max_pose_scale_error": 1.7881393432617188e-07
    },
    {
      "clip": "Hit",
      "samples": 9,
      "minimum_support_sole_z_m": 0.016380002722144127,
      "maximum_support_sole_z_m": 0.016380002722144127,
      "max_root_translation_m": 0,
      "max_pose_scale_error": 1.7881393432617188e-07
    },
    {
      "clip": "Defeat",
      "samples": 21,
      "minimum_support_sole_z_m": 0.016380151733756065,
      "maximum_support_sole_z_m": 0.01638026162981987,
      "max_root_translation_m": 0,
      "max_pose_scale_error": 1.7881393432617188e-07
    },
    {
      "clip": "Victory",
      "samples": 31,
      "minimum_support_sole_z_m": 0.016380002722144127,
      "maximum_support_sole_z_m": 0.016380002722144127,
      "max_root_translation_m": 0,
      "max_pose_scale_error": 1.7881393432617188e-07
    }
  ],
  "errors": [],
  "not_checked": [
    "continuous visual quality",
    "weapon/costume clipping",
    "semantic gesture review",
    "Unreal retarget/import",
    "runtime move-speed synchronization"
  ]
}
Info: Applied modifier was not first, result may not be as expected

FBX export starting... 'C:\\Users\\iputu\\Documents\\Wonder Chess\\reports\\WC-U440\\20260906T153806Z\\ada\\candidate9-v8\\normalized-export\\SK_wc_u_human_guardian_LOD1.fbx'
export finished in 0.0362 sec.
Info: Applied modifier was not first, result may not be as expected

FBX export starting... 'C:\\Users\\iputu\\Documents\\Wonder Chess\\reports\\WC-U440\\20260906T153806Z\\ada\\candidate9-v8\\normalized-export\\SK_wc_u_human_guardian_LOD2.fbx'
export finished in 0.0274 sec.

FBX export starting... 'C:\\Users\\iputu\\Documents\\Wonder Chess\\reports\\WC-U440\\20260906T153806Z\\ada\\candidate9-v8\\normalized-export\\SK_wc_u_human_guardian.fbx'
export finished in 0.0386 sec.
Info: Saved as "wc_u_human_guardian.blend"
WC_ADA_SOURCE9_PUBLISHED_FOR_VERIFICATION
Blender 5.1.1 (hash b70da489d7f4 built 2026-04-14 01:37:22)

Blender quit
