Using bundled DotNet SDK version: 8.0.412 win-x64
Running UnrealBuildTool: dotnet "..\..\Engine\Binaries\DotNET\UnrealBuildTool\UnrealBuildTool.dll" WonderChessEditor Win64 Development "C:/Users/iputu/Documents/Wonder Chess/game/WonderChess.uproject" -WaitMutex -NoHotReloadFromIDE -NoLiveCoding
Log file: C:\Users\iputu\AppData\Local\UnrealBuildTool\Log.txt
Using 'git status' to determine working set for adaptive non-unity build (C:\Users\iputu\Documents\Wonder Chess).
Invalidating makefile for WonderChessEditor (working set of source files changed)
UHT compiled-in object format Default
Parsing headers for WonderChessEditor
  Running Internal UnrealHeaderTool "C:\Users\iputu\Documents\Wonder Chess\game\WonderChess.uproject" "C:\Users\iputu\Documents\Wonder Chess\game\Intermediate\Build\Win64\WonderChessEditor\Development\WonderChessEditor.uhtmanifest" -WarningsAsErrors -installed
UHT processed WonderChessEditor in 9.6825731 seconds (1 files written)
Building WonderChessEditor...
Using Visual Studio 2022 14.44.35226 toolchain (C:\Program Files\Microsoft Visual Studio\2022\Community\VC\Tools\MSVC\14.44.35207) and Windows 10.0.22621.0 SDK (C:\Program Files (x86)\Windows Kits\10).
[Adaptive Build] Excluded from WonderChessRuntime unity file: WCAnimationReview.cpp, WCBoardPresenter.cpp, WCDefinitionRegistry.cpp, WCFrontEndScene.cpp, WCMatchRuntime.cpp, WCVNextLab.cpp, WonderChessRuntime.cpp, WonderSave.cpp, WonderSimulation.cpp, WonderTournament.cpp
Determining max actions to execute in parallel (8 physical cores, 16 logical cores)
  Executing up to 8 processes, one per physical core
  Requested 1.5 GB memory per action, 2.13 GB available: limiting max parallel actions to 1
Using Unreal Build Accelerator local executor to run 7 action(s)
  Storage capacity 40Gb
---- Starting trace: 260910_234021 ----
UbaServer - Listening on 0.0.0.0:1345
[1/7] Compile [x64] Module.WonderChessRuntime.gen.cpp
[2/7] Compile [x64] WCMatchRuntime.cpp
[3/7] Compile [x64] WCVNextLab.cpp
[4/7] Compile [x64] WonderTournament.cpp
[5/7] Link [x64] UnrealEditor-WonderChessRuntime.dll
[6/7] Link [x64] UnrealEditor-WonderChessRuntime.lib
[7/7] WriteMetadata WonderChessEditor.target [NoUba]

Trace written to file C:/Users/iputu/AppData/Local/UnrealBuildTool/Log.uba with size 8.1kb
Total time in Unreal Build Accelerator local executor: 53.09 seconds

Result: Succeeded
Total execution time: 76.13 seconds
