00:02.219  blend            | Read blend: "C:\Users\iputu\Documents\Wonder Chess\art-source\asset-studio\wc_u_human_guardian\stages\body-costume\BW3\r001\thumb_route_C_final_method_input.blend"
C:\Users\iputu\Documents\Wonder Chess\art-source\asset-studio\wc_u_human_guardian\stages\body-costume\BW3\r001\reviews\route_C_visual\render_motion.py:44: DeprecationWarning: 'Scene.use_nodes' is expected to be removed in Blender 6.0
  s.use_nodes = False
00:05.438  render           | Saved: 'C:\Users\iputu\Documents\Wonder Chess\art-source\asset-studio\wc_u_human_guardian\stages\body-costume\BW3\r001\reviews\route_C_visual\frames\frame_0001.png'
00:05.735  render           | Saved: 'C:\Users\iputu\Documents\Wonder Chess\art-source\asset-studio\wc_u_human_guardian\stages\body-costume\BW3\r001\reviews\route_C_visual\frames\frame_0002.png'
00:05.813  render           | Saved: 'C:\Users\iputu\Documents\Wonder Chess\art-source\asset-studio\wc_u_human_guardian\stages\body-costume\BW3\r001\reviews\route_C_visual\frames\frame_0003.png'
00:05.891  render           | Saved: 'C:\Users\iputu\Documents\Wonder Chess\art-source\asset-studio\wc_u_human_guardian\stages\body-costume\BW3\r001\reviews\route_C_visual\frames\frame_0004.png'
00:05.985  render           | Saved: 'C:\Users\iputu\Documents\Wonder Chess\art-source\asset-studio\wc_u_human_guardian\stages\body-costume\BW3\r001\reviews\route_C_visual\frames\frame_0005.png'
00:06.063  render           | Saved: 'C:\Users\iputu\Documents\Wonder Chess\art-source\asset-studio\wc_u_human_guardian\stages\body-costume\BW3\r001\reviews\route_C_visual\frames\frame_0006.png'
00:06.141  render           | Saved: 'C:\Users\iputu\Documents\Wonder Chess\art-source\asset-studio\wc_u_human_guardian\stages\body-costume\BW3\r001\reviews\route_C_visual\frames\frame_0007.png'
00:06.219  render           | Saved: 'C:\Users\iputu\Documents\Wonder Chess\art-source\asset-studio\wc_u_human_guardian\stages\body-costume\BW3\r001\reviews\route_C_visual\frames\frame_0008.png'
00:06.297  render           | Saved: 'C:\Users\iputu\Documents\Wonder Chess\art-source\asset-studio\wc_u_human_guardian\stages\body-costume\BW3\r001\reviews\route_C_visual\frames\frame_0009.png'
00:06.375  render           | Saved: 'C:\Users\iputu\Documents\Wonder Chess\art-source\asset-studio\wc_u_human_guardian\stages\body-costume\BW3\r001\reviews\route_C_visual\frames\frame_0010.png'
00:06.469  render           | Saved: 'C:\Users\iputu\Documents\Wonder Chess\art-source\asset-studio\wc_u_human_guardian\stages\body-costume\BW3\r001\reviews\route_C_visual\frames\frame_0011.png'
00:06.547  render           | Saved: 'C:\Users\iputu\Documents\Wonder Chess\art-source\asset-studio\wc_u_human_guardian\stages\body-costume\BW3\r001\reviews\route_C_visual\frames\frame_0012.png'
00:06.641  render           | Saved: 'C:\Users\iputu\Documents\Wonder Chess\art-source\asset-studio\wc_u_human_guardian\stages\body-costume\BW3\r001\reviews\route_C_visual\frames\frame_0013.png'
00:06.735  render           | Saved: 'C:\Users\iputu\Documents\Wonder Chess\art-source\asset-studio\wc_u_human_guardian\stages\body-costume\BW3\r001\reviews\route_C_visual\frames\frame_0014.png'
00:06.828  render           | Saved: 'C:\Users\iputu\Documents\Wonder Chess\art-source\asset-studio\wc_u_human_guardian\stages\body-costume\BW3\r001\reviews\route_C_visual\frames\frame_0015.png'
00:06.891  render           | Saved: 'C:\Users\iputu\Documents\Wonder Chess\art-source\asset-studio\wc_u_human_guardian\stages\body-costume\BW3\r001\reviews\route_C_visual\frames\frame_0016.png'
00:06.969  render           | Saved: 'C:\Users\iputu\Documents\Wonder Chess\art-source\asset-studio\wc_u_human_guardian\stages\body-costume\BW3\r001\reviews\route_C_visual\frames\frame_0017.png'
00:07.047  render           | Saved: 'C:\Users\iputu\Documents\Wonder Chess\art-source\asset-studio\wc_u_human_guardian\stages\body-costume\BW3\r001\reviews\route_C_visual\frames\frame_0018.png'
00:07.125  render           | Saved: 'C:\Users\iputu\Documents\Wonder Chess\art-source\asset-studio\wc_u_human_guardian\stages\body-costume\BW3\r001\reviews\route_C_visual\frames\frame_0019.png'
00:07.203  render           | Saved: 'C:\Users\iputu\Documents\Wonder Chess\art-source\asset-studio\wc_u_human_guardian\stages\body-costume\BW3\r001\reviews\route_C_visual\frames\frame_0020.png'
00:07.281  render           | Saved: 'C:\Users\iputu\Documents\Wonder Chess\art-source\asset-studio\wc_u_human_guardian\stages\body-costume\BW3\r001\reviews\route_C_visual\frames\frame_0021.png'
00:07.360  render           | Saved: 'C:\Users\iputu\Documents\Wonder Chess\art-source\asset-studio\wc_u_human_guardian\stages\body-costume\BW3\r001\reviews\route_C_visual\frames\frame_0022.png'
00:07.438  render           | Saved: 'C:\Users\iputu\Documents\Wonder Chess\art-source\asset-studio\wc_u_human_guardian\stages\body-costume\BW3\r001\reviews\route_C_visual\frames\frame_0023.png'
00:07.531  render           | Saved: 'C:\Users\iputu\Documents\Wonder Chess\art-source\asset-studio\wc_u_human_guardian\stages\body-costume\BW3\r001\reviews\route_C_visual\frames\frame_0024.png'
00:07.610  render           | Saved: 'C:\Users\iputu\Documents\Wonder Chess\art-source\asset-studio\wc_u_human_guardian\stages\body-costume\BW3\r001\reviews\route_C_visual\frames\frame_0025.png'
00:07.703  render           | Saved: 'C:\Users\iputu\Documents\Wonder Chess\art-source\asset-studio\wc_u_human_guardian\stages\body-costume\BW3\r001\reviews\route_C_visual\frames\frame_0026.png'
00:07.781  render           | Saved: 'C:\Users\iputu\Documents\Wonder Chess\art-source\asset-studio\wc_u_human_guardian\stages\body-costume\BW3\r001\reviews\route_C_visual\frames\frame_0027.png'
00:07.860  render           | Saved: 'C:\Users\iputu\Documents\Wonder Chess\art-source\asset-studio\wc_u_human_guardian\stages\body-costume\BW3\r001\reviews\route_C_visual\frames\frame_0028.png'
00:07.953  render           | Saved: 'C:\Users\iputu\Documents\Wonder Chess\art-source\asset-studio\wc_u_human_guardian\stages\body-costume\BW3\r001\reviews\route_C_visual\frames\frame_0029.png'
00:08.031  render           | Saved: 'C:\Users\iputu\Documents\Wonder Chess\art-source\asset-studio\wc_u_human_guardian\stages\body-costume\BW3\r001\reviews\route_C_visual\frames\frame_0030.png'
00:08.110  render           | Saved: 'C:\Users\iputu\Documents\Wonder Chess\art-source\asset-studio\wc_u_human_guardian\stages\body-costume\BW3\r001\reviews\route_C_visual\frames\frame_0031.png'
00:08.188  render           | Saved: 'C:\Users\iputu\Documents\Wonder Chess\art-source\asset-studio\wc_u_human_guardian\stages\body-costume\BW3\r001\reviews\route_C_visual\frames\frame_0032.png'
00:08.266  render           | Saved: 'C:\Users\iputu\Documents\Wonder Chess\art-source\asset-studio\wc_u_human_guardian\stages\body-costume\BW3\r001\reviews\route_C_visual\frames\frame_0033.png'
00:08.360  render           | Saved: 'C:\Users\iputu\Documents\Wonder Chess\art-source\asset-studio\wc_u_human_guardian\stages\body-costume\BW3\r001\reviews\route_C_visual\frames\frame_0034.png'
00:08.453  render           | Saved: 'C:\Users\iputu\Documents\Wonder Chess\art-source\asset-studio\wc_u_human_guardian\stages\body-costume\BW3\r001\reviews\route_C_visual\frames\frame_0035.png'
00:08.547  render           | Saved: 'C:\Users\iputu\Documents\Wonder Chess\art-source\asset-studio\wc_u_human_guardian\stages\body-costume\BW3\r001\reviews\route_C_visual\frames\frame_0036.png'
00:08.625  render           | Saved: 'C:\Users\iputu\Documents\Wonder Chess\art-source\asset-studio\wc_u_human_guardian\stages\body-costume\BW3\r001\reviews\route_C_visual\frames\frame_0037.png'
00:08.703  render           | Saved: 'C:\Users\iputu\Documents\Wonder Chess\art-source\asset-studio\wc_u_human_guardian\stages\body-costume\BW3\r001\reviews\route_C_visual\frames\frame_0038.png'
00:08.781  render           | Saved: 'C:\Users\iputu\Documents\Wonder Chess\art-source\asset-studio\wc_u_human_guardian\stages\body-costume\BW3\r001\reviews\route_C_visual\frames\frame_0039.png'
00:08.860  render           | Saved: 'C:\Users\iputu\Documents\Wonder Chess\art-source\asset-studio\wc_u_human_guardian\stages\body-costume\BW3\r001\reviews\route_C_visual\frames\frame_0040.png'
00:08.938  render           | Saved: 'C:\Users\iputu\Documents\Wonder Chess\art-source\asset-studio\wc_u_human_guardian\stages\body-costume\BW3\r001\reviews\route_C_visual\frames\frame_0041.png'
00:09.016  render           | Saved: 'C:\Users\iputu\Documents\Wonder Chess\art-source\asset-studio\wc_u_human_guardian\stages\body-costume\BW3\r001\reviews\route_C_visual\frames\frame_0042.png'
00:09.094  render           | Saved: 'C:\Users\iputu\Documents\Wonder Chess\art-source\asset-studio\wc_u_human_guardian\stages\body-costume\BW3\r001\reviews\route_C_visual\frames\frame_0043.png'
00:09.188  render           | Saved: 'C:\Users\iputu\Documents\Wonder Chess\art-source\asset-studio\wc_u_human_guardian\stages\body-costume\BW3\r001\reviews\route_C_visual\frames\frame_0044.png'
00:09.266  render           | Saved: 'C:\Users\iputu\Documents\Wonder Chess\art-source\asset-studio\wc_u_human_guardian\stages\body-costume\BW3\r001\reviews\route_C_visual\frames\frame_0045.png'
00:09.344  render           | Saved: 'C:\Users\iputu\Documents\Wonder Chess\art-source\asset-studio\wc_u_human_guardian\stages\body-costume\BW3\r001\reviews\route_C_visual\frames\frame_0046.png'
00:09.422  render           | Saved: 'C:\Users\iputu\Documents\Wonder Chess\art-source\asset-studio\wc_u_human_guardian\stages\body-costume\BW3\r001\reviews\route_C_visual\frames\frame_0047.png'
00:09.500  render           | Saved: 'C:\Users\iputu\Documents\Wonder Chess\art-source\asset-studio\wc_u_human_guardian\stages\body-costume\BW3\r001\reviews\route_C_visual\frames\frame_0048.png'
00:09.578  render           | Saved: 'C:\Users\iputu\Documents\Wonder Chess\art-source\asset-studio\wc_u_human_guardian\stages\body-costume\BW3\r001\reviews\route_C_visual\frames\frame_0049.png'
00:09.688  render           | Saved: 'C:\Users\iputu\Documents\Wonder Chess\art-source\asset-studio\wc_u_human_guardian\stages\body-costume\BW3\r001\reviews\route_C_visual\frames\frame_0050.png'
00:09.766  render           | Saved: 'C:\Users\iputu\Documents\Wonder Chess\art-source\asset-studio\wc_u_human_guardian\stages\body-costume\BW3\r001\reviews\route_C_visual\frames\frame_0051.png'
00:09.860  render           | Saved: 'C:\Users\iputu\Documents\Wonder Chess\art-source\asset-studio\wc_u_human_guardian\stages\body-costume\BW3\r001\reviews\route_C_visual\frames\frame_0052.png'
00:09.953  render           | Saved: 'C:\Users\iputu\Documents\Wonder Chess\art-source\asset-studio\wc_u_human_guardian\stages\body-costume\BW3\r001\reviews\route_C_visual\frames\frame_0053.png'
00:10.031  render           | Saved: 'C:\Users\iputu\Documents\Wonder Chess\art-source\asset-studio\wc_u_human_guardian\stages\body-costume\BW3\r001\reviews\route_C_visual\frames\frame_0054.png'
00:10.110  render           | Saved: 'C:\Users\iputu\Documents\Wonder Chess\art-source\asset-studio\wc_u_human_guardian\stages\body-costume\BW3\r001\reviews\route_C_visual\frames\frame_0055.png'
00:10.188  render           | Saved: 'C:\Users\iputu\Documents\Wonder Chess\art-source\asset-studio\wc_u_human_guardian\stages\body-costume\BW3\r001\reviews\route_C_visual\frames\frame_0056.png'
00:10.281  render           | Saved: 'C:\Users\iputu\Documents\Wonder Chess\art-source\asset-studio\wc_u_human_guardian\stages\body-costume\BW3\r001\reviews\route_C_visual\frames\frame_0057.png'
00:10.360  render           | Saved: 'C:\Users\iputu\Documents\Wonder Chess\art-source\asset-studio\wc_u_human_guardian\stages\body-costume\BW3\r001\reviews\route_C_visual\frames\frame_0058.png'
00:10.453  render           | Saved: 'C:\Users\iputu\Documents\Wonder Chess\art-source\asset-studio\wc_u_human_guardian\stages\body-costume\BW3\r001\reviews\route_C_visual\frames\frame_0059.png'
00:10.531  render           | Saved: 'C:\Users\iputu\Documents\Wonder Chess\art-source\asset-studio\wc_u_human_guardian\stages\body-costume\BW3\r001\reviews\route_C_visual\frames\frame_0060.png'
00:10.625  render           | Saved: 'C:\Users\iputu\Documents\Wonder Chess\art-source\asset-studio\wc_u_human_guardian\stages\body-costume\BW3\r001\reviews\route_C_visual\frames\frame_0061.png'
00:10.719  render           | Saved: 'C:\Users\iputu\Documents\Wonder Chess\art-source\asset-studio\wc_u_human_guardian\stages\body-costume\BW3\r001\reviews\route_C_visual\frames\frame_0062.png'
00:10.828  render           | Saved: 'C:\Users\iputu\Documents\Wonder Chess\art-source\asset-studio\wc_u_human_guardian\stages\body-costume\BW3\r001\reviews\route_C_visual\frames\frame_0063.png'
00:10.922  render           | Saved: 'C:\Users\iputu\Documents\Wonder Chess\art-source\asset-studio\wc_u_human_guardian\stages\body-costume\BW3\r001\reviews\route_C_visual\frames\frame_0064.png'
00:11.000  render           | Saved: 'C:\Users\iputu\Documents\Wonder Chess\art-source\asset-studio\wc_u_human_guardian\stages\body-costume\BW3\r001\reviews\route_C_visual\frames\frame_0065.png'
00:11.078  render           | Saved: 'C:\Users\iputu\Documents\Wonder Chess\art-source\asset-studio\wc_u_human_guardian\stages\body-costume\BW3\r001\reviews\route_C_visual\frames\frame_0066.png'
00:11.172  render           | Saved: 'C:\Users\iputu\Documents\Wonder Chess\art-source\asset-studio\wc_u_human_guardian\stages\body-costume\BW3\r001\reviews\route_C_visual\frames\frame_0067.png'
00:11.250  render           | Saved: 'C:\Users\iputu\Documents\Wonder Chess\art-source\asset-studio\wc_u_human_guardian\stages\body-costume\BW3\r001\reviews\route_C_visual\frames\frame_0068.png'
00:11.328  render           | Saved: 'C:\Users\iputu\Documents\Wonder Chess\art-source\asset-studio\wc_u_human_guardian\stages\body-costume\BW3\r001\reviews\route_C_visual\frames\frame_0069.png'
00:11.406  render           | Saved: 'C:\Users\iputu\Documents\Wonder Chess\art-source\asset-studio\wc_u_human_guardian\stages\body-costume\BW3\r001\reviews\route_C_visual\frames\frame_0070.png'
00:11.485  render           | Saved: 'C:\Users\iputu\Documents\Wonder Chess\art-source\asset-studio\wc_u_human_guardian\stages\body-costume\BW3\r001\reviews\route_C_visual\frames\frame_0071.png'
00:11.578  render           | Saved: 'C:\Users\iputu\Documents\Wonder Chess\art-source\asset-studio\wc_u_human_guardian\stages\body-costume\BW3\r001\reviews\route_C_visual\frames\frame_0072.png'
00:11.656  render           | Saved: 'C:\Users\iputu\Documents\Wonder Chess\art-source\asset-studio\wc_u_human_guardian\stages\body-costume\BW3\r001\reviews\route_C_visual\frames\frame_0073.png'
00:11.735  render           | Saved: 'C:\Users\iputu\Documents\Wonder Chess\art-source\asset-studio\wc_u_human_guardian\stages\body-costume\BW3\r001\reviews\route_C_visual\frames\frame_0074.png'
00:11.813  render           | Saved: 'C:\Users\iputu\Documents\Wonder Chess\art-source\asset-studio\wc_u_human_guardian\stages\body-costume\BW3\r001\reviews\route_C_visual\frames\frame_0075.png'
00:11.906  render           | Saved: 'C:\Users\iputu\Documents\Wonder Chess\art-source\asset-studio\wc_u_human_guardian\stages\body-costume\BW3\r001\reviews\route_C_visual\frames\frame_0076.png'
00:11.969  render           | Saved: 'C:\Users\iputu\Documents\Wonder Chess\art-source\asset-studio\wc_u_human_guardian\stages\body-costume\BW3\r001\reviews\route_C_visual\frames\frame_0077.png'
00:12.047  render           | Saved: 'C:\Users\iputu\Documents\Wonder Chess\art-source\asset-studio\wc_u_human_guardian\stages\body-costume\BW3\r001\reviews\route_C_visual\frames\frame_0078.png'
00:12.125  render           | Saved: 'C:\Users\iputu\Documents\Wonder Chess\art-source\asset-studio\wc_u_human_guardian\stages\body-costume\BW3\r001\reviews\route_C_visual\frames\frame_0079.png'
00:12.203  render           | Saved: 'C:\Users\iputu\Documents\Wonder Chess\art-source\asset-studio\wc_u_human_guardian\stages\body-costume\BW3\r001\reviews\route_C_visual\frames\frame_0080.png'
00:12.281  render           | Saved: 'C:\Users\iputu\Documents\Wonder Chess\art-source\asset-studio\wc_u_human_guardian\stages\body-costume\BW3\r001\reviews\route_C_visual\frames\frame_0081.png'
00:12.360  render           | Saved: 'C:\Users\iputu\Documents\Wonder Chess\art-source\asset-studio\wc_u_human_guardian\stages\body-costume\BW3\r001\reviews\route_C_visual\frames\frame_0082.png'
00:12.438  render           | Saved: 'C:\Users\iputu\Documents\Wonder Chess\art-source\asset-studio\wc_u_human_guardian\stages\body-costume\BW3\r001\reviews\route_C_visual\frames\frame_0083.png'
00:12.500  render           | Saved: 'C:\Users\iputu\Documents\Wonder Chess\art-source\asset-studio\wc_u_human_guardian\stages\body-costume\BW3\r001\reviews\route_C_visual\frames\frame_0084.png'
00:12.594  render           | Saved: 'C:\Users\iputu\Documents\Wonder Chess\art-source\asset-studio\wc_u_human_guardian\stages\body-costume\BW3\r001\reviews\route_C_visual\frames\frame_0085.png'
00:12.672  render           | Saved: 'C:\Users\iputu\Documents\Wonder Chess\art-source\asset-studio\wc_u_human_guardian\stages\body-costume\BW3\r001\reviews\route_C_visual\frames\frame_0086.png'
00:12.750  render           | Saved: 'C:\Users\iputu\Documents\Wonder Chess\art-source\asset-studio\wc_u_human_guardian\stages\body-costume\BW3\r001\reviews\route_C_visual\frames\frame_0087.png'
00:12.828  render           | Saved: 'C:\Users\iputu\Documents\Wonder Chess\art-source\asset-studio\wc_u_human_guardian\stages\body-costume\BW3\r001\reviews\route_C_visual\frames\frame_0088.png'
00:12.906  render           | Saved: 'C:\Users\iputu\Documents\Wonder Chess\art-source\asset-studio\wc_u_human_guardian\stages\body-costume\BW3\r001\reviews\route_C_visual\frames\frame_0089.png'
00:12.985  render           | Saved: 'C:\Users\iputu\Documents\Wonder Chess\art-source\asset-studio\wc_u_human_guardian\stages\body-costume\BW3\r001\reviews\route_C_visual\frames\frame_0090.png'
00:13.063  render           | Saved: 'C:\Users\iputu\Documents\Wonder Chess\art-source\asset-studio\wc_u_human_guardian\stages\body-costume\BW3\r001\reviews\route_C_visual\frames\frame_0091.png'
00:13.141  render           | Saved: 'C:\Users\iputu\Documents\Wonder Chess\art-source\asset-studio\wc_u_human_guardian\stages\body-costume\BW3\r001\reviews\route_C_visual\frames\frame_0092.png'
00:13.219  render           | Saved: 'C:\Users\iputu\Documents\Wonder Chess\art-source\asset-studio\wc_u_human_guardian\stages\body-costume\BW3\r001\reviews\route_C_visual\frames\frame_0093.png'
00:13.281  render           | Saved: 'C:\Users\iputu\Documents\Wonder Chess\art-source\asset-studio\wc_u_human_guardian\stages\body-costume\BW3\r001\reviews\route_C_visual\frames\frame_0094.png'
00:13.375  render           | Saved: 'C:\Users\iputu\Documents\Wonder Chess\art-source\asset-studio\wc_u_human_guardian\stages\body-costume\BW3\r001\reviews\route_C_visual\frames\frame_0095.png'
00:13.438  render           | Saved: 'C:\Users\iputu\Documents\Wonder Chess\art-source\asset-studio\wc_u_human_guardian\stages\body-costume\BW3\r001\reviews\route_C_visual\frames\frame_0096.png'
00:13.531  render           | Saved: 'C:\Users\iputu\Documents\Wonder Chess\art-source\asset-studio\wc_u_human_guardian\stages\body-costume\BW3\r001\reviews\route_C_visual\frames\frame_0097.png'
00:13.610  render           | Saved: 'C:\Users\iputu\Documents\Wonder Chess\art-source\asset-studio\wc_u_human_guardian\stages\body-costume\BW3\r001\reviews\route_C_visual\frames\frame_0098.png'
00:13.688  render           | Saved: 'C:\Users\iputu\Documents\Wonder Chess\art-source\asset-studio\wc_u_human_guardian\stages\body-costume\BW3\r001\reviews\route_C_visual\frames\frame_0099.png'
00:13.766  render           | Saved: 'C:\Users\iputu\Documents\Wonder Chess\art-source\asset-studio\wc_u_human_guardian\stages\body-costume\BW3\r001\reviews\route_C_visual\frames\frame_0100.png'
00:13.844  render           | Saved: 'C:\Users\iputu\Documents\Wonder Chess\art-source\asset-studio\wc_u_human_guardian\stages\body-costume\BW3\r001\reviews\route_C_visual\frames\frame_0101.png'
00:13.922  render           | Saved: 'C:\Users\iputu\Documents\Wonder Chess\art-source\asset-studio\wc_u_human_guardian\stages\body-costume\BW3\r001\reviews\route_C_visual\frames\frame_0102.png'
00:14.016  render           | Saved: 'C:\Users\iputu\Documents\Wonder Chess\art-source\asset-studio\wc_u_human_guardian\stages\body-costume\BW3\r001\reviews\route_C_visual\frames\frame_0103.png'
00:14.094  render           | Saved: 'C:\Users\iputu\Documents\Wonder Chess\art-source\asset-studio\wc_u_human_guardian\stages\body-costume\BW3\r001\reviews\route_C_visual\frames\frame_0104.png'
00:14.188  render           | Saved: 'C:\Users\iputu\Documents\Wonder Chess\art-source\asset-studio\wc_u_human_guardian\stages\body-costume\BW3\r001\reviews\route_C_visual\frames\frame_0105.png'
00:14.266  render           | Saved: 'C:\Users\iputu\Documents\Wonder Chess\art-source\asset-studio\wc_u_human_guardian\stages\body-costume\BW3\r001\reviews\route_C_visual\frames\frame_0106.png'
00:14.344  render           | Saved: 'C:\Users\iputu\Documents\Wonder Chess\art-source\asset-studio\wc_u_human_guardian\stages\body-costume\BW3\r001\reviews\route_C_visual\frames\frame_0107.png'
00:14.422  render           | Saved: 'C:\Users\iputu\Documents\Wonder Chess\art-source\asset-studio\wc_u_human_guardian\stages\body-costume\BW3\r001\reviews\route_C_visual\frames\frame_0108.png'
00:14.516  render           | Saved: 'C:\Users\iputu\Documents\Wonder Chess\art-source\asset-studio\wc_u_human_guardian\stages\body-costume\BW3\r001\reviews\route_C_visual\frames\frame_0109.png'
00:14.578  render           | Saved: 'C:\Users\iputu\Documents\Wonder Chess\art-source\asset-studio\wc_u_human_guardian\stages\body-costume\BW3\r001\reviews\route_C_visual\frames\frame_0110.png'
00:14.672  render           | Saved: 'C:\Users\iputu\Documents\Wonder Chess\art-source\asset-studio\wc_u_human_guardian\stages\body-costume\BW3\r001\reviews\route_C_visual\frames\frame_0111.png'
00:14.766  render           | Saved: 'C:\Users\iputu\Documents\Wonder Chess\art-source\asset-studio\wc_u_human_guardian\stages\body-costume\BW3\r001\reviews\route_C_visual\frames\frame_0112.png'
00:14.844  render           | Saved: 'C:\Users\iputu\Documents\Wonder Chess\art-source\asset-studio\wc_u_human_guardian\stages\body-costume\BW3\r001\reviews\route_C_visual\frames\frame_0113.png'
00:14.938  render           | Saved: 'C:\Users\iputu\Documents\Wonder Chess\art-source\asset-studio\wc_u_human_guardian\stages\body-costume\BW3\r001\reviews\route_C_visual\frames\frame_0114.png'
00:15.031  render           | Saved: 'C:\Users\iputu\Documents\Wonder Chess\art-source\asset-studio\wc_u_human_guardian\stages\body-costume\BW3\r001\reviews\route_C_visual\frames\frame_0115.png'
00:15.125  render           | Saved: 'C:\Users\iputu\Documents\Wonder Chess\art-source\asset-studio\wc_u_human_guardian\stages\body-costume\BW3\r001\reviews\route_C_visual\frames\frame_0116.png'
00:15.203  render           | Saved: 'C:\Users\iputu\Documents\Wonder Chess\art-source\asset-studio\wc_u_human_guardian\stages\body-costume\BW3\r001\reviews\route_C_visual\frames\frame_0117.png'
00:15.281  render           | Saved: 'C:\Users\iputu\Documents\Wonder Chess\art-source\asset-studio\wc_u_human_guardian\stages\body-costume\BW3\r001\reviews\route_C_visual\frames\frame_0118.png'
00:15.360  render           | Saved: 'C:\Users\iputu\Documents\Wonder Chess\art-source\asset-studio\wc_u_human_guardian\stages\body-costume\BW3\r001\reviews\route_C_visual\frames\frame_0119.png'
00:15.453  render           | Saved: 'C:\Users\iputu\Documents\Wonder Chess\art-source\asset-studio\wc_u_human_guardian\stages\body-costume\BW3\r001\reviews\route_C_visual\frames\frame_0120.png'
00:15.531  render           | Saved: 'C:\Users\iputu\Documents\Wonder Chess\art-source\asset-studio\wc_u_human_guardian\stages\body-costume\BW3\r001\reviews\route_C_visual\frames\frame_0121.png'
00:15.625  render           | Saved: 'C:\Users\iputu\Documents\Wonder Chess\art-source\asset-studio\wc_u_human_guardian\stages\body-costume\BW3\r001\reviews\route_C_visual\frames\frame_0122.png'
00:15.703  render           | Saved: 'C:\Users\iputu\Documents\Wonder Chess\art-source\asset-studio\wc_u_human_guardian\stages\body-costume\BW3\r001\reviews\route_C_visual\frames\frame_0123.png'
00:15.781  render           | Saved: 'C:\Users\iputu\Documents\Wonder Chess\art-source\asset-studio\wc_u_human_guardian\stages\body-costume\BW3\r001\reviews\route_C_visual\frames\frame_0124.png'
00:15.860  render           | Saved: 'C:\Users\iputu\Documents\Wonder Chess\art-source\asset-studio\wc_u_human_guardian\stages\body-costume\BW3\r001\reviews\route_C_visual\frames\frame_0125.png'
00:15.938  render           | Saved: 'C:\Users\iputu\Documents\Wonder Chess\art-source\asset-studio\wc_u_human_guardian\stages\body-costume\BW3\r001\reviews\route_C_visual\frames\frame_0126.png'
00:16.016  render           | Saved: 'C:\Users\iputu\Documents\Wonder Chess\art-source\asset-studio\wc_u_human_guardian\stages\body-costume\BW3\r001\reviews\route_C_visual\frames\frame_0127.png'
00:16.094  render           | Saved: 'C:\Users\iputu\Documents\Wonder Chess\art-source\asset-studio\wc_u_human_guardian\stages\body-costume\BW3\r001\reviews\route_C_visual\frames\frame_0128.png'
00:16.172  render           | Saved: 'C:\Users\iputu\Documents\Wonder Chess\art-source\asset-studio\wc_u_human_guardian\stages\body-costume\BW3\r001\reviews\route_C_visual\frames\frame_0129.png'
00:16.250  render           | Saved: 'C:\Users\iputu\Documents\Wonder Chess\art-source\asset-studio\wc_u_human_guardian\stages\body-costume\BW3\r001\reviews\route_C_visual\frames\frame_0130.png'
00:16.328  render           | Saved: 'C:\Users\iputu\Documents\Wonder Chess\art-source\asset-studio\wc_u_human_guardian\stages\body-costume\BW3\r001\reviews\route_C_visual\frames\frame_0131.png'
00:16.406  render           | Saved: 'C:\Users\iputu\Documents\Wonder Chess\art-source\asset-studio\wc_u_human_guardian\stages\body-costume\BW3\r001\reviews\route_C_visual\frames\frame_0132.png'
00:16.485  render           | Saved: 'C:\Users\iputu\Documents\Wonder Chess\art-source\asset-studio\wc_u_human_guardian\stages\body-costume\BW3\r001\reviews\route_C_visual\frames\frame_0133.png'
00:16.563  render           | Saved: 'C:\Users\iputu\Documents\Wonder Chess\art-source\asset-studio\wc_u_human_guardian\stages\body-costume\BW3\r001\reviews\route_C_visual\frames\frame_0134.png'
00:16.656  render           | Saved: 'C:\Users\iputu\Documents\Wonder Chess\art-source\asset-studio\wc_u_human_guardian\stages\body-costume\BW3\r001\reviews\route_C_visual\frames\frame_0135.png'
00:16.735  render           | Saved: 'C:\Users\iputu\Documents\Wonder Chess\art-source\asset-studio\wc_u_human_guardian\stages\body-costume\BW3\r001\reviews\route_C_visual\frames\frame_0136.png'
00:16.813  render           | Saved: 'C:\Users\iputu\Documents\Wonder Chess\art-source\asset-studio\wc_u_human_guardian\stages\body-costume\BW3\r001\reviews\route_C_visual\frames\frame_0137.png'
00:16.891  render           | Saved: 'C:\Users\iputu\Documents\Wonder Chess\art-source\asset-studio\wc_u_human_guardian\stages\body-costume\BW3\r001\reviews\route_C_visual\frames\frame_0138.png'
00:16.969  render           | Saved: 'C:\Users\iputu\Documents\Wonder Chess\art-source\asset-studio\wc_u_human_guardian\stages\body-costume\BW3\r001\reviews\route_C_visual\frames\frame_0139.png'
00:17.047  render           | Saved: 'C:\Users\iputu\Documents\Wonder Chess\art-source\asset-studio\wc_u_human_guardian\stages\body-costume\BW3\r001\reviews\route_C_visual\frames\frame_0140.png'
00:17.125  render           | Saved: 'C:\Users\iputu\Documents\Wonder Chess\art-source\asset-studio\wc_u_human_guardian\stages\body-costume\BW3\r001\reviews\route_C_visual\frames\frame_0141.png'
00:17.203  render           | Saved: 'C:\Users\iputu\Documents\Wonder Chess\art-source\asset-studio\wc_u_human_guardian\stages\body-costume\BW3\r001\reviews\route_C_visual\frames\frame_0142.png'
00:17.281  render           | Saved: 'C:\Users\iputu\Documents\Wonder Chess\art-source\asset-studio\wc_u_human_guardian\stages\body-costume\BW3\r001\reviews\route_C_visual\frames\frame_0143.png'
00:17.344  render           | Saved: 'C:\Users\iputu\Documents\Wonder Chess\art-source\asset-studio\wc_u_human_guardian\stages\body-costume\BW3\r001\reviews\route_C_visual\frames\frame_0144.png'
00:17.438  render           | Saved: 'C:\Users\iputu\Documents\Wonder Chess\art-source\asset-studio\wc_u_human_guardian\stages\body-costume\BW3\r001\reviews\route_C_visual\frames\frame_0145.png'
00:18.313  render           | Video append frame 1
00:18.328  render           | Video append frame 2
00:18.344  render           | Video append frame 3
00:18.360  render           | Video append frame 4
00:18.360  render           | Video append frame 5
00:18.375  render           | Video append frame 6
00:18.391  render           | Video append frame 7
00:18.406  render           | Video append frame 8
00:18.422  render           | Video append frame 9
00:18.438  render           | Video append frame 10
00:18.453  render           | Video append frame 11
00:18.453  render           | Video append frame 12
00:18.469  render           | Video append frame 13
00:18.485  render           | Video append frame 14
00:18.500  render           | Video append frame 15
00:18.516  render           | Video append frame 16
00:18.531  render           | Video append frame 17
00:18.547  render           | Video append frame 18
00:18.563  render           | Video append frame 19
00:18.578  render           | Video append frame 20
00:18.594  render           | Video append frame 21
00:18.610  render           | Video append frame 22
00:18.625  render           | Video append frame 23
00:18.641  render           | Video append frame 24
00:18.656  render           | Video append frame 25
00:18.672  render           | Video append frame 26
00:18.688  render           | Video append frame 27
00:18.703  render           | Video append frame 28
00:18.719  render           | Video append frame 29
00:18.735  render           | Video append frame 30
00:18.750  render           | Video append frame 31
00:18.766  render           | Video append frame 32
00:18.781  render           | Video append frame 33
00:18.797  render           | Video append frame 34
00:18.813  render           | Video append frame 35
00:18.828  render           | Video append frame 36
00:18.844  render           | Video append frame 37
00:18.860  render           | Video append frame 38
00:18.875  render           | Video append frame 39
00:18.891  render           | Video append frame 40
00:18.906  render           | Video append frame 41
00:18.922  render           | Video append frame 42
00:18.938  render           | Video append frame 43
00:18.953  render           | Video append frame 44
00:18.969  render           | Video append frame 45
00:18.985  render           | Video append frame 46
00:19.000  render           | Video append frame 47
00:19.016  render           | Video append frame 48
00:19.031  render           | Video append frame 49
00:19.047  render           | Video append frame 50
00:19.063  render           | Video append frame 51
00:19.078  render           | Video append frame 52
00:19.094  render           | Video append frame 53
00:19.110  render           | Video append frame 54
00:19.125  render           | Video append frame 55
00:19.141  render           | Video append frame 56
00:19.156  render           | Video append frame 57
00:19.172  render           | Video append frame 58
00:19.188  render           | Video append frame 59
00:19.188  render           | Video append frame 60
00:19.203  render           | Video append frame 61
00:19.219  render           | Video append frame 62
00:19.235  render           | Video append frame 63
00:19.250  render           | Video append frame 64
00:19.266  render           | Video append frame 65
00:19.281  render           | Video append frame 66
00:19.297  render           | Video append frame 67
00:19.313  render           | Video append frame 68
00:19.328  render           | Video append frame 69
00:19.344  render           | Video append frame 70
00:19.360  render           | Video append frame 71
00:19.375  render           | Video append frame 72
00:19.391  render           | Video append frame 73
00:19.391  render           | Video append frame 74
00:19.406  render           | Video append frame 75
00:19.422  render           | Video append frame 76
00:19.438  render           | Video append frame 77
00:19.453  render           | Video append frame 78
00:19.469  render           | Video append frame 79
00:19.485  render           | Video append frame 80
00:19.500  render           | Video append frame 81
00:19.516  render           | Video append frame 82
00:19.531  render           | Video append frame 83
00:19.547  render           | Video append frame 84
00:19.563  render           | Video append frame 85
00:19.578  render           | Video append frame 86
00:19.594  render           | Video append frame 87
00:19.610  render           | Video append frame 88
00:19.610  render           | Video append frame 89
00:19.625  render           | Video append frame 90
00:19.641  render           | Video append frame 91
00:19.656  render           | Video append frame 92
00:19.672  render           | Video append frame 93
00:19.688  render           | Video append frame 94
00:19.703  render           | Video append frame 95
00:19.719  render           | Video append frame 96
00:19.735  render           | Video append frame 97
00:19.750  render           | Video append frame 98
00:19.766  render           | Video append frame 99
00:19.781  render           | Video append frame 100
00:19.797  render           | Video append frame 101
00:19.813  render           | Video append frame 102
00:19.828  render           | Video append frame 103
00:19.844  render           | Video append frame 104
00:19.860  render           | Video append frame 105
00:19.875  render           | Video append frame 106
00:19.891  render           | Video append frame 107
00:19.906  render           | Video append frame 108
00:19.922  render           | Video append frame 109
00:19.938  render           | Video append frame 110
00:19.953  render           | Video append frame 111
00:19.969  render           | Video append frame 112
00:19.985  render           | Video append frame 113
00:20.016  render           | Video append frame 114
00:20.031  render           | Video append frame 115
00:20.047  render           | Video append frame 116
00:20.063  render           | Video append frame 117
00:20.078  render           | Video append frame 118
00:20.078  render           | Video append frame 119
00:20.110  render           | Video append frame 120
00:20.125  render           | Video append frame 121
00:20.141  render           | Video append frame 122
00:20.156  render           | Video append frame 123
00:20.172  render           | Video append frame 124
00:20.188  render           | Video append frame 125
00:20.203  render           | Video append frame 126
00:20.219  render           | Video append frame 127
00:20.235  render           | Video append frame 128
00:20.250  render           | Video append frame 129
00:20.266  render           | Video append frame 130
00:20.281  render           | Video append frame 131
00:20.297  render           | Video append frame 132
00:20.313  render           | Video append frame 133
00:20.328  render           | Video append frame 134
00:20.344  render           | Video append frame 135
00:20.360  render           | Video append frame 136
00:20.375  render           | Video append frame 137
00:20.391  render           | Video append frame 138
00:20.406  render           | Video append frame 139
00:20.422  render           | Video append frame 140
00:20.438  render           | Video append frame 141
00:20.453  render           | Video append frame 142
00:20.469  render           | Video append frame 143
00:20.485  render           | Video append frame 144
00:20.500  render           | Video append frame 145
BW3_C_VIDEO_DONE {"movie": "C:\\Users\\iputu\\Documents\\Wonder Chess\\art-source\\asset-studio\\wc_u_human_guardian\\stages\\body-costume\\BW3\\r001\\reviews\\route_C_visual\\BW3_C_thumb_approach_OTHER_FINGERS_OPEN_NOT_A_GRIP.mp4", "frames": 145, "source_unchanged": true, "action": "BW3_C_ExternalApproach_ART_REVISE"}
Blender 5.1.1 (hash b70da489d7f4 built 2026-04-14 01:37:22)

Blender quit
