C:\Users\iputu\Documents\Wonder Chess\art-source\asset-studio\wc_u_human_guardian\stages\body-costume\BW3\r001\reviews\route_C_visual\verify_video.py:19: DeprecationWarning: 'MovieStrip.frame_duration' is expected to be removed in Blender 6.0
  'frame_duration': strip.frame_duration, 'fps': strip.fps,
00:02.843  render           | Saved: 'C:\Users\iputu\Documents\Wonder Chess\art-source\asset-studio\wc_u_human_guardian\stages\body-costume\BW3\r001\reviews\route_C_visual\decoded-verification\frame_0001.png'
00:02.859  render           | Saved: 'C:\Users\iputu\Documents\Wonder Chess\art-source\asset-studio\wc_u_human_guardian\stages\body-costume\BW3\r001\reviews\route_C_visual\decoded-verification\frame_0002.png'
00:02.875  render           | Saved: 'C:\Users\iputu\Documents\Wonder Chess\art-source\asset-studio\wc_u_human_guardian\stages\body-costume\BW3\r001\reviews\route_C_visual\decoded-verification\frame_0003.png'
00:02.906  render           | Saved: 'C:\Users\iputu\Documents\Wonder Chess\art-source\asset-studio\wc_u_human_guardian\stages\body-costume\BW3\r001\reviews\route_C_visual\decoded-verification\frame_0004.png'
00:02.921  render           | Saved: 'C:\Users\iputu\Documents\Wonder Chess\art-source\asset-studio\wc_u_human_guardian\stages\body-costume\BW3\r001\reviews\route_C_visual\decoded-verification\frame_0005.png'
00:02.953  render           | Saved: 'C:\Users\iputu\Documents\Wonder Chess\art-source\asset-studio\wc_u_human_guardian\stages\body-costume\BW3\r001\reviews\route_C_visual\decoded-verification\frame_0006.png'
00:02.968  render           | Saved: 'C:\Users\iputu\Documents\Wonder Chess\art-source\asset-studio\wc_u_human_guardian\stages\body-costume\BW3\r001\reviews\route_C_visual\decoded-verification\frame_0007.png'
00:03.000  render           | Saved: 'C:\Users\iputu\Documents\Wonder Chess\art-source\asset-studio\wc_u_human_guardian\stages\body-costume\BW3\r001\reviews\route_C_visual\decoded-verification\frame_0008.png'
00:03.031  render           | Saved: 'C:\Users\iputu\Documents\Wonder Chess\art-source\asset-studio\wc_u_human_guardian\stages\body-costume\BW3\r001\reviews\route_C_visual\decoded-verification\frame_0009.png'
00:03.046  render           | Saved: 'C:\Users\iputu\Documents\Wonder Chess\art-source\asset-studio\wc_u_human_guardian\stages\body-costume\BW3\r001\reviews\route_C_visual\decoded-verification\frame_0010.png'
00:03.078  render           | Saved: 'C:\Users\iputu\Documents\Wonder Chess\art-source\asset-studio\wc_u_human_guardian\stages\body-costume\BW3\r001\reviews\route_C_visual\decoded-verification\frame_0011.png'
00:03.093  render           | Saved: 'C:\Users\iputu\Documents\Wonder Chess\art-source\asset-studio\wc_u_human_guardian\stages\body-costume\BW3\r001\reviews\route_C_visual\decoded-verification\frame_0012.png'
00:03.125  render           | Saved: 'C:\Users\iputu\Documents\Wonder Chess\art-source\asset-studio\wc_u_human_guardian\stages\body-costume\BW3\r001\reviews\route_C_visual\decoded-verification\frame_0013.png'
00:03.140  render           | Saved: 'C:\Users\iputu\Documents\Wonder Chess\art-source\asset-studio\wc_u_human_guardian\stages\body-costume\BW3\r001\reviews\route_C_visual\decoded-verification\frame_0014.png'
00:03.171  render           | Saved: 'C:\Users\iputu\Documents\Wonder Chess\art-source\asset-studio\wc_u_human_guardian\stages\body-costume\BW3\r001\reviews\route_C_visual\decoded-verification\frame_0015.png'
00:03.187  render           | Saved: 'C:\Users\iputu\Documents\Wonder Chess\art-source\asset-studio\wc_u_human_guardian\stages\body-costume\BW3\r001\reviews\route_C_visual\decoded-verification\frame_0016.png'
00:03.218  render           | Saved: 'C:\Users\iputu\Documents\Wonder Chess\art-source\asset-studio\wc_u_human_guardian\stages\body-costume\BW3\r001\reviews\route_C_visual\decoded-verification\frame_0017.png'
00:03.250  render           | Saved: 'C:\Users\iputu\Documents\Wonder Chess\art-source\asset-studio\wc_u_human_guardian\stages\body-costume\BW3\r001\reviews\route_C_visual\decoded-verification\frame_0018.png'
00:03.265  render           | Saved: 'C:\Users\iputu\Documents\Wonder Chess\art-source\asset-studio\wc_u_human_guardian\stages\body-costume\BW3\r001\reviews\route_C_visual\decoded-verification\frame_0019.png'
00:03.296  render           | Saved: 'C:\Users\iputu\Documents\Wonder Chess\art-source\asset-studio\wc_u_human_guardian\stages\body-costume\BW3\r001\reviews\route_C_visual\decoded-verification\frame_0020.png'
00:03.312  render           | Saved: 'C:\Users\iputu\Documents\Wonder Chess\art-source\asset-studio\wc_u_human_guardian\stages\body-costume\BW3\r001\reviews\route_C_visual\decoded-verification\frame_0021.png'
00:03.343  render           | Saved: 'C:\Users\iputu\Documents\Wonder Chess\art-source\asset-studio\wc_u_human_guardian\stages\body-costume\BW3\r001\reviews\route_C_visual\decoded-verification\frame_0022.png'
00:03.375  render           | Saved: 'C:\Users\iputu\Documents\Wonder Chess\art-source\asset-studio\wc_u_human_guardian\stages\body-costume\BW3\r001\reviews\route_C_visual\decoded-verification\frame_0023.png'
00:03.390  render           | Saved: 'C:\Users\iputu\Documents\Wonder Chess\art-source\asset-studio\wc_u_human_guardian\stages\body-costume\BW3\r001\reviews\route_C_visual\decoded-verification\frame_0024.png'
00:03.421  render           | Saved: 'C:\Users\iputu\Documents\Wonder Chess\art-source\asset-studio\wc_u_human_guardian\stages\body-costume\BW3\r001\reviews\route_C_visual\decoded-verification\frame_0025.png'
00:03.453  render           | Saved: 'C:\Users\iputu\Documents\Wonder Chess\art-source\asset-studio\wc_u_human_guardian\stages\body-costume\BW3\r001\reviews\route_C_visual\decoded-verification\frame_0026.png'
00:03.468  render           | Saved: 'C:\Users\iputu\Documents\Wonder Chess\art-source\asset-studio\wc_u_human_guardian\stages\body-costume\BW3\r001\reviews\route_C_visual\decoded-verification\frame_0027.png'
00:03.500  render           | Saved: 'C:\Users\iputu\Documents\Wonder Chess\art-source\asset-studio\wc_u_human_guardian\stages\body-costume\BW3\r001\reviews\route_C_visual\decoded-verification\frame_0028.png'
00:03.531  render           | Saved: 'C:\Users\iputu\Documents\Wonder Chess\art-source\asset-studio\wc_u_human_guardian\stages\body-costume\BW3\r001\reviews\route_C_visual\decoded-verification\frame_0029.png'
00:03.546  render           | Saved: 'C:\Users\iputu\Documents\Wonder Chess\art-source\asset-studio\wc_u_human_guardian\stages\body-costume\BW3\r001\reviews\route_C_visual\decoded-verification\frame_0030.png'
00:03.578  render           | Saved: 'C:\Users\iputu\Documents\Wonder Chess\art-source\asset-studio\wc_u_human_guardian\stages\body-costume\BW3\r001\reviews\route_C_visual\decoded-verification\frame_0031.png'
00:03.609  render           | Saved: 'C:\Users\iputu\Documents\Wonder Chess\art-source\asset-studio\wc_u_human_guardian\stages\body-costume\BW3\r001\reviews\route_C_visual\decoded-verification\frame_0032.png'
00:03.625  render           | Saved: 'C:\Users\iputu\Documents\Wonder Chess\art-source\asset-studio\wc_u_human_guardian\stages\body-costume\BW3\r001\reviews\route_C_visual\decoded-verification\frame_0033.png'
00:03.656  render           | Saved: 'C:\Users\iputu\Documents\Wonder Chess\art-source\asset-studio\wc_u_human_guardian\stages\body-costume\BW3\r001\reviews\route_C_visual\decoded-verification\frame_0034.png'
00:03.687  render           | Saved: 'C:\Users\iputu\Documents\Wonder Chess\art-source\asset-studio\wc_u_human_guardian\stages\body-costume\BW3\r001\reviews\route_C_visual\decoded-verification\frame_0035.png'
00:03.703  render           | Saved: 'C:\Users\iputu\Documents\Wonder Chess\art-source\asset-studio\wc_u_human_guardian\stages\body-costume\BW3\r001\reviews\route_C_visual\decoded-verification\frame_0036.png'
00:03.734  render           | Saved: 'C:\Users\iputu\Documents\Wonder Chess\art-source\asset-studio\wc_u_human_guardian\stages\body-costume\BW3\r001\reviews\route_C_visual\decoded-verification\frame_0037.png'
00:03.750  render           | Saved: 'C:\Users\iputu\Documents\Wonder Chess\art-source\asset-studio\wc_u_human_guardian\stages\body-costume\BW3\r001\reviews\route_C_visual\decoded-verification\frame_0038.png'
00:03.781  render           | Saved: 'C:\Users\iputu\Documents\Wonder Chess\art-source\asset-studio\wc_u_human_guardian\stages\body-costume\BW3\r001\reviews\route_C_visual\decoded-verification\frame_0039.png'
00:03.812  render           | Saved: 'C:\Users\iputu\Documents\Wonder Chess\art-source\asset-studio\wc_u_human_guardian\stages\body-costume\BW3\r001\reviews\route_C_visual\decoded-verification\frame_0040.png'
00:03.828  render           | Saved: 'C:\Users\iputu\Documents\Wonder Chess\art-source\asset-studio\wc_u_human_guardian\stages\body-costume\BW3\r001\reviews\route_C_visual\decoded-verification\frame_0041.png'
00:03.859  render           | Saved: 'C:\Users\iputu\Documents\Wonder Chess\art-source\asset-studio\wc_u_human_guardian\stages\body-costume\BW3\r001\reviews\route_C_visual\decoded-verification\frame_0042.png'
00:03.890  render           | Saved: 'C:\Users\iputu\Documents\Wonder Chess\art-source\asset-studio\wc_u_human_guardian\stages\body-costume\BW3\r001\reviews\route_C_visual\decoded-verification\frame_0043.png'
00:03.906  render           | Saved: 'C:\Users\iputu\Documents\Wonder Chess\art-source\asset-studio\wc_u_human_guardian\stages\body-costume\BW3\r001\reviews\route_C_visual\decoded-verification\frame_0044.png'
00:03.937  render           | Saved: 'C:\Users\iputu\Documents\Wonder Chess\art-source\asset-studio\wc_u_human_guardian\stages\body-costume\BW3\r001\reviews\route_C_visual\decoded-verification\frame_0045.png'
00:03.968  render           | Saved: 'C:\Users\iputu\Documents\Wonder Chess\art-source\asset-studio\wc_u_human_guardian\stages\body-costume\BW3\r001\reviews\route_C_visual\decoded-verification\frame_0046.png'
00:03.984  render           | Saved: 'C:\Users\iputu\Documents\Wonder Chess\art-source\asset-studio\wc_u_human_guardian\stages\body-costume\BW3\r001\reviews\route_C_visual\decoded-verification\frame_0047.png'
00:04.015  render           | Saved: 'C:\Users\iputu\Documents\Wonder Chess\art-source\asset-studio\wc_u_human_guardian\stages\body-costume\BW3\r001\reviews\route_C_visual\decoded-verification\frame_0048.png'
00:04.031  render           | Saved: 'C:\Users\iputu\Documents\Wonder Chess\art-source\asset-studio\wc_u_human_guardian\stages\body-costume\BW3\r001\reviews\route_C_visual\decoded-verification\frame_0049.png'
00:04.062  render           | Saved: 'C:\Users\iputu\Documents\Wonder Chess\art-source\asset-studio\wc_u_human_guardian\stages\body-costume\BW3\r001\reviews\route_C_visual\decoded-verification\frame_0050.png'
00:04.078  render           | Saved: 'C:\Users\iputu\Documents\Wonder Chess\art-source\asset-studio\wc_u_human_guardian\stages\body-costume\BW3\r001\reviews\route_C_visual\decoded-verification\frame_0051.png'
00:04.109  render           | Saved: 'C:\Users\iputu\Documents\Wonder Chess\art-source\asset-studio\wc_u_human_guardian\stages\body-costume\BW3\r001\reviews\route_C_visual\decoded-verification\frame_0052.png'
00:04.140  render           | Saved: 'C:\Users\iputu\Documents\Wonder Chess\art-source\asset-studio\wc_u_human_guardian\stages\body-costume\BW3\r001\reviews\route_C_visual\decoded-verification\frame_0053.png'
00:04.171  render           | Saved: 'C:\Users\iputu\Documents\Wonder Chess\art-source\asset-studio\wc_u_human_guardian\stages\body-costume\BW3\r001\reviews\route_C_visual\decoded-verification\frame_0054.png'
00:04.187  render           | Saved: 'C:\Users\iputu\Documents\Wonder Chess\art-source\asset-studio\wc_u_human_guardian\stages\body-costume\BW3\r001\reviews\route_C_visual\decoded-verification\frame_0055.png'
00:04.218  render           | Saved: 'C:\Users\iputu\Documents\Wonder Chess\art-source\asset-studio\wc_u_human_guardian\stages\body-costume\BW3\r001\reviews\route_C_visual\decoded-verification\frame_0056.png'
00:04.250  render           | Saved: 'C:\Users\iputu\Documents\Wonder Chess\art-source\asset-studio\wc_u_human_guardian\stages\body-costume\BW3\r001\reviews\route_C_visual\decoded-verification\frame_0057.png'
00:04.281  render           | Saved: 'C:\Users\iputu\Documents\Wonder Chess\art-source\asset-studio\wc_u_human_guardian\stages\body-costume\BW3\r001\reviews\route_C_visual\decoded-verification\frame_0058.png'
00:04.312  render           | Saved: 'C:\Users\iputu\Documents\Wonder Chess\art-source\asset-studio\wc_u_human_guardian\stages\body-costume\BW3\r001\reviews\route_C_visual\decoded-verification\frame_0059.png'
00:04.328  render           | Saved: 'C:\Users\iputu\Documents\Wonder Chess\art-source\asset-studio\wc_u_human_guardian\stages\body-costume\BW3\r001\reviews\route_C_visual\decoded-verification\frame_0060.png'
00:04.359  render           | Saved: 'C:\Users\iputu\Documents\Wonder Chess\art-source\asset-studio\wc_u_human_guardian\stages\body-costume\BW3\r001\reviews\route_C_visual\decoded-verification\frame_0061.png'
00:04.375  render           | Saved: 'C:\Users\iputu\Documents\Wonder Chess\art-source\asset-studio\wc_u_human_guardian\stages\body-costume\BW3\r001\reviews\route_C_visual\decoded-verification\frame_0062.png'
00:04.406  render           | Saved: 'C:\Users\iputu\Documents\Wonder Chess\art-source\asset-studio\wc_u_human_guardian\stages\body-costume\BW3\r001\reviews\route_C_visual\decoded-verification\frame_0063.png'
00:04.421  render           | Saved: 'C:\Users\iputu\Documents\Wonder Chess\art-source\asset-studio\wc_u_human_guardian\stages\body-costume\BW3\r001\reviews\route_C_visual\decoded-verification\frame_0064.png'
00:04.453  render           | Saved: 'C:\Users\iputu\Documents\Wonder Chess\art-source\asset-studio\wc_u_human_guardian\stages\body-costume\BW3\r001\reviews\route_C_visual\decoded-verification\frame_0065.png'
00:04.484  render           | Saved: 'C:\Users\iputu\Documents\Wonder Chess\art-source\asset-studio\wc_u_human_guardian\stages\body-costume\BW3\r001\reviews\route_C_visual\decoded-verification\frame_0066.png'
00:04.500  render           | Saved: 'C:\Users\iputu\Documents\Wonder Chess\art-source\asset-studio\wc_u_human_guardian\stages\body-costume\BW3\r001\reviews\route_C_visual\decoded-verification\frame_0067.png'
00:04.531  render           | Saved: 'C:\Users\iputu\Documents\Wonder Chess\art-source\asset-studio\wc_u_human_guardian\stages\body-costume\BW3\r001\reviews\route_C_visual\decoded-verification\frame_0068.png'
00:04.562  render           | Saved: 'C:\Users\iputu\Documents\Wonder Chess\art-source\asset-studio\wc_u_human_guardian\stages\body-costume\BW3\r001\reviews\route_C_visual\decoded-verification\frame_0069.png'
00:04.593  render           | Saved: 'C:\Users\iputu\Documents\Wonder Chess\art-source\asset-studio\wc_u_human_guardian\stages\body-costume\BW3\r001\reviews\route_C_visual\decoded-verification\frame_0070.png'
00:04.609  render           | Saved: 'C:\Users\iputu\Documents\Wonder Chess\art-source\asset-studio\wc_u_human_guardian\stages\body-costume\BW3\r001\reviews\route_C_visual\decoded-verification\frame_0071.png'
00:04.640  render           | Saved: 'C:\Users\iputu\Documents\Wonder Chess\art-source\asset-studio\wc_u_human_guardian\stages\body-costume\BW3\r001\reviews\route_C_visual\decoded-verification\frame_0072.png'
00:04.671  render           | Saved: 'C:\Users\iputu\Documents\Wonder Chess\art-source\asset-studio\wc_u_human_guardian\stages\body-costume\BW3\r001\reviews\route_C_visual\decoded-verification\frame_0073.png'
00:04.687  render           | Saved: 'C:\Users\iputu\Documents\Wonder Chess\art-source\asset-studio\wc_u_human_guardian\stages\body-costume\BW3\r001\reviews\route_C_visual\decoded-verification\frame_0074.png'
00:04.718  render           | Saved: 'C:\Users\iputu\Documents\Wonder Chess\art-source\asset-studio\wc_u_human_guardian\stages\body-costume\BW3\r001\reviews\route_C_visual\decoded-verification\frame_0075.png'
00:04.734  render           | Saved: 'C:\Users\iputu\Documents\Wonder Chess\art-source\asset-studio\wc_u_human_guardian\stages\body-costume\BW3\r001\reviews\route_C_visual\decoded-verification\frame_0076.png'
00:04.765  render           | Saved: 'C:\Users\iputu\Documents\Wonder Chess\art-source\asset-studio\wc_u_human_guardian\stages\body-costume\BW3\r001\reviews\route_C_visual\decoded-verification\frame_0077.png'
00:04.781  render           | Saved: 'C:\Users\iputu\Documents\Wonder Chess\art-source\asset-studio\wc_u_human_guardian\stages\body-costume\BW3\r001\reviews\route_C_visual\decoded-verification\frame_0078.png'
00:04.812  render           | Saved: 'C:\Users\iputu\Documents\Wonder Chess\art-source\asset-studio\wc_u_human_guardian\stages\body-costume\BW3\r001\reviews\route_C_visual\decoded-verification\frame_0079.png'
00:04.828  render           | Saved: 'C:\Users\iputu\Documents\Wonder Chess\art-source\asset-studio\wc_u_human_guardian\stages\body-costume\BW3\r001\reviews\route_C_visual\decoded-verification\frame_0080.png'
00:04.859  render           | Saved: 'C:\Users\iputu\Documents\Wonder Chess\art-source\asset-studio\wc_u_human_guardian\stages\body-costume\BW3\r001\reviews\route_C_visual\decoded-verification\frame_0081.png'
00:04.890  render           | Saved: 'C:\Users\iputu\Documents\Wonder Chess\art-source\asset-studio\wc_u_human_guardian\stages\body-costume\BW3\r001\reviews\route_C_visual\decoded-verification\frame_0082.png'
00:04.906  render           | Saved: 'C:\Users\iputu\Documents\Wonder Chess\art-source\asset-studio\wc_u_human_guardian\stages\body-costume\BW3\r001\reviews\route_C_visual\decoded-verification\frame_0083.png'
00:04.937  render           | Saved: 'C:\Users\iputu\Documents\Wonder Chess\art-source\asset-studio\wc_u_human_guardian\stages\body-costume\BW3\r001\reviews\route_C_visual\decoded-verification\frame_0084.png'
00:04.968  render           | Saved: 'C:\Users\iputu\Documents\Wonder Chess\art-source\asset-studio\wc_u_human_guardian\stages\body-costume\BW3\r001\reviews\route_C_visual\decoded-verification\frame_0085.png'
00:05.000  render           | Saved: 'C:\Users\iputu\Documents\Wonder Chess\art-source\asset-studio\wc_u_human_guardian\stages\body-costume\BW3\r001\reviews\route_C_visual\decoded-verification\frame_0086.png'
00:05.015  render           | Saved: 'C:\Users\iputu\Documents\Wonder Chess\art-source\asset-studio\wc_u_human_guardian\stages\body-costume\BW3\r001\reviews\route_C_visual\decoded-verification\frame_0087.png'
00:05.046  render           | Saved: 'C:\Users\iputu\Documents\Wonder Chess\art-source\asset-studio\wc_u_human_guardian\stages\body-costume\BW3\r001\reviews\route_C_visual\decoded-verification\frame_0088.png'
00:05.062  render           | Saved: 'C:\Users\iputu\Documents\Wonder Chess\art-source\asset-studio\wc_u_human_guardian\stages\body-costume\BW3\r001\reviews\route_C_visual\decoded-verification\frame_0089.png'
00:05.093  render           | Saved: 'C:\Users\iputu\Documents\Wonder Chess\art-source\asset-studio\wc_u_human_guardian\stages\body-costume\BW3\r001\reviews\route_C_visual\decoded-verification\frame_0090.png'
00:05.125  render           | Saved: 'C:\Users\iputu\Documents\Wonder Chess\art-source\asset-studio\wc_u_human_guardian\stages\body-costume\BW3\r001\reviews\route_C_visual\decoded-verification\frame_0091.png'
00:05.140  render           | Saved: 'C:\Users\iputu\Documents\Wonder Chess\art-source\asset-studio\wc_u_human_guardian\stages\body-costume\BW3\r001\reviews\route_C_visual\decoded-verification\frame_0092.png'
00:05.171  render           | Saved: 'C:\Users\iputu\Documents\Wonder Chess\art-source\asset-studio\wc_u_human_guardian\stages\body-costume\BW3\r001\reviews\route_C_visual\decoded-verification\frame_0093.png'
00:05.187  render           | Saved: 'C:\Users\iputu\Documents\Wonder Chess\art-source\asset-studio\wc_u_human_guardian\stages\body-costume\BW3\r001\reviews\route_C_visual\decoded-verification\frame_0094.png'
00:05.218  render           | Saved: 'C:\Users\iputu\Documents\Wonder Chess\art-source\asset-studio\wc_u_human_guardian\stages\body-costume\BW3\r001\reviews\route_C_visual\decoded-verification\frame_0095.png'
00:05.234  render           | Saved: 'C:\Users\iputu\Documents\Wonder Chess\art-source\asset-studio\wc_u_human_guardian\stages\body-costume\BW3\r001\reviews\route_C_visual\decoded-verification\frame_0096.png'
00:05.265  render           | Saved: 'C:\Users\iputu\Documents\Wonder Chess\art-source\asset-studio\wc_u_human_guardian\stages\body-costume\BW3\r001\reviews\route_C_visual\decoded-verification\frame_0097.png'
00:05.281  render           | Saved: 'C:\Users\iputu\Documents\Wonder Chess\art-source\asset-studio\wc_u_human_guardian\stages\body-costume\BW3\r001\reviews\route_C_visual\decoded-verification\frame_0098.png'
00:05.312  render           | Saved: 'C:\Users\iputu\Documents\Wonder Chess\art-source\asset-studio\wc_u_human_guardian\stages\body-costume\BW3\r001\reviews\route_C_visual\decoded-verification\frame_0099.png'
00:05.328  render           | Saved: 'C:\Users\iputu\Documents\Wonder Chess\art-source\asset-studio\wc_u_human_guardian\stages\body-costume\BW3\r001\reviews\route_C_visual\decoded-verification\frame_0100.png'
00:05.359  render           | Saved: 'C:\Users\iputu\Documents\Wonder Chess\art-source\asset-studio\wc_u_human_guardian\stages\body-costume\BW3\r001\reviews\route_C_visual\decoded-verification\frame_0101.png'
00:05.390  render           | Saved: 'C:\Users\iputu\Documents\Wonder Chess\art-source\asset-studio\wc_u_human_guardian\stages\body-costume\BW3\r001\reviews\route_C_visual\decoded-verification\frame_0102.png'
00:05.406  render           | Saved: 'C:\Users\iputu\Documents\Wonder Chess\art-source\asset-studio\wc_u_human_guardian\stages\body-costume\BW3\r001\reviews\route_C_visual\decoded-verification\frame_0103.png'
00:05.437  render           | Saved: 'C:\Users\iputu\Documents\Wonder Chess\art-source\asset-studio\wc_u_human_guardian\stages\body-costume\BW3\r001\reviews\route_C_visual\decoded-verification\frame_0104.png'
00:05.468  render           | Saved: 'C:\Users\iputu\Documents\Wonder Chess\art-source\asset-studio\wc_u_human_guardian\stages\body-costume\BW3\r001\reviews\route_C_visual\decoded-verification\frame_0105.png'
00:05.484  render           | Saved: 'C:\Users\iputu\Documents\Wonder Chess\art-source\asset-studio\wc_u_human_guardian\stages\body-costume\BW3\r001\reviews\route_C_visual\decoded-verification\frame_0106.png'
00:05.500  render           | Saved: 'C:\Users\iputu\Documents\Wonder Chess\art-source\asset-studio\wc_u_human_guardian\stages\body-costume\BW3\r001\reviews\route_C_visual\decoded-verification\frame_0107.png'
00:05.531  render           | Saved: 'C:\Users\iputu\Documents\Wonder Chess\art-source\asset-studio\wc_u_human_guardian\stages\body-costume\BW3\r001\reviews\route_C_visual\decoded-verification\frame_0108.png'
00:05.546  render           | Saved: 'C:\Users\iputu\Documents\Wonder Chess\art-source\asset-studio\wc_u_human_guardian\stages\body-costume\BW3\r001\reviews\route_C_visual\decoded-verification\frame_0109.png'
00:05.578  render           | Saved: 'C:\Users\iputu\Documents\Wonder Chess\art-source\asset-studio\wc_u_human_guardian\stages\body-costume\BW3\r001\reviews\route_C_visual\decoded-verification\frame_0110.png'
00:05.593  render           | Saved: 'C:\Users\iputu\Documents\Wonder Chess\art-source\asset-studio\wc_u_human_guardian\stages\body-costume\BW3\r001\reviews\route_C_visual\decoded-verification\frame_0111.png'
00:05.625  render           | Saved: 'C:\Users\iputu\Documents\Wonder Chess\art-source\asset-studio\wc_u_human_guardian\stages\body-costume\BW3\r001\reviews\route_C_visual\decoded-verification\frame_0112.png'
00:05.640  render           | Saved: 'C:\Users\iputu\Documents\Wonder Chess\art-source\asset-studio\wc_u_human_guardian\stages\body-costume\BW3\r001\reviews\route_C_visual\decoded-verification\frame_0113.png'
00:05.671  render           | Saved: 'C:\Users\iputu\Documents\Wonder Chess\art-source\asset-studio\wc_u_human_guardian\stages\body-costume\BW3\r001\reviews\route_C_visual\decoded-verification\frame_0114.png'
00:05.703  render           | Saved: 'C:\Users\iputu\Documents\Wonder Chess\art-source\asset-studio\wc_u_human_guardian\stages\body-costume\BW3\r001\reviews\route_C_visual\decoded-verification\frame_0115.png'
00:05.718  render           | Saved: 'C:\Users\iputu\Documents\Wonder Chess\art-source\asset-studio\wc_u_human_guardian\stages\body-costume\BW3\r001\reviews\route_C_visual\decoded-verification\frame_0116.png'
00:05.750  render           | Saved: 'C:\Users\iputu\Documents\Wonder Chess\art-source\asset-studio\wc_u_human_guardian\stages\body-costume\BW3\r001\reviews\route_C_visual\decoded-verification\frame_0117.png'
00:05.765  render           | Saved: 'C:\Users\iputu\Documents\Wonder Chess\art-source\asset-studio\wc_u_human_guardian\stages\body-costume\BW3\r001\reviews\route_C_visual\decoded-verification\frame_0118.png'
00:05.796  render           | Saved: 'C:\Users\iputu\Documents\Wonder Chess\art-source\asset-studio\wc_u_human_guardian\stages\body-costume\BW3\r001\reviews\route_C_visual\decoded-verification\frame_0119.png'
00:05.828  render           | Saved: 'C:\Users\iputu\Documents\Wonder Chess\art-source\asset-studio\wc_u_human_guardian\stages\body-costume\BW3\r001\reviews\route_C_visual\decoded-verification\frame_0120.png'
00:05.843  render           | Saved: 'C:\Users\iputu\Documents\Wonder Chess\art-source\asset-studio\wc_u_human_guardian\stages\body-costume\BW3\r001\reviews\route_C_visual\decoded-verification\frame_0121.png'
00:05.875  render           | Saved: 'C:\Users\iputu\Documents\Wonder Chess\art-source\asset-studio\wc_u_human_guardian\stages\body-costume\BW3\r001\reviews\route_C_visual\decoded-verification\frame_0122.png'
00:05.906  render           | Saved: 'C:\Users\iputu\Documents\Wonder Chess\art-source\asset-studio\wc_u_human_guardian\stages\body-costume\BW3\r001\reviews\route_C_visual\decoded-verification\frame_0123.png'
00:05.921  render           | Saved: 'C:\Users\iputu\Documents\Wonder Chess\art-source\asset-studio\wc_u_human_guardian\stages\body-costume\BW3\r001\reviews\route_C_visual\decoded-verification\frame_0124.png'
00:05.953  render           | Saved: 'C:\Users\iputu\Documents\Wonder Chess\art-source\asset-studio\wc_u_human_guardian\stages\body-costume\BW3\r001\reviews\route_C_visual\decoded-verification\frame_0125.png'
00:05.968  render           | Saved: 'C:\Users\iputu\Documents\Wonder Chess\art-source\asset-studio\wc_u_human_guardian\stages\body-costume\BW3\r001\reviews\route_C_visual\decoded-verification\frame_0126.png'
00:06.000  render           | Saved: 'C:\Users\iputu\Documents\Wonder Chess\art-source\asset-studio\wc_u_human_guardian\stages\body-costume\BW3\r001\reviews\route_C_visual\decoded-verification\frame_0127.png'
00:06.015  render           | Saved: 'C:\Users\iputu\Documents\Wonder Chess\art-source\asset-studio\wc_u_human_guardian\stages\body-costume\BW3\r001\reviews\route_C_visual\decoded-verification\frame_0128.png'
00:06.046  render           | Saved: 'C:\Users\iputu\Documents\Wonder Chess\art-source\asset-studio\wc_u_human_guardian\stages\body-costume\BW3\r001\reviews\route_C_visual\decoded-verification\frame_0129.png'
00:06.078  render           | Saved: 'C:\Users\iputu\Documents\Wonder Chess\art-source\asset-studio\wc_u_human_guardian\stages\body-costume\BW3\r001\reviews\route_C_visual\decoded-verification\frame_0130.png'
00:06.109  render           | Saved: 'C:\Users\iputu\Documents\Wonder Chess\art-source\asset-studio\wc_u_human_guardian\stages\body-costume\BW3\r001\reviews\route_C_visual\decoded-verification\frame_0131.png'
00:06.125  render           | Saved: 'C:\Users\iputu\Documents\Wonder Chess\art-source\asset-studio\wc_u_human_guardian\stages\body-costume\BW3\r001\reviews\route_C_visual\decoded-verification\frame_0132.png'
00:06.156  render           | Saved: 'C:\Users\iputu\Documents\Wonder Chess\art-source\asset-studio\wc_u_human_guardian\stages\body-costume\BW3\r001\reviews\route_C_visual\decoded-verification\frame_0133.png'
00:06.171  render           | Saved: 'C:\Users\iputu\Documents\Wonder Chess\art-source\asset-studio\wc_u_human_guardian\stages\body-costume\BW3\r001\reviews\route_C_visual\decoded-verification\frame_0134.png'
00:06.203  render           | Saved: 'C:\Users\iputu\Documents\Wonder Chess\art-source\asset-studio\wc_u_human_guardian\stages\body-costume\BW3\r001\reviews\route_C_visual\decoded-verification\frame_0135.png'
00:06.218  render           | Saved: 'C:\Users\iputu\Documents\Wonder Chess\art-source\asset-studio\wc_u_human_guardian\stages\body-costume\BW3\r001\reviews\route_C_visual\decoded-verification\frame_0136.png'
00:06.250  render           | Saved: 'C:\Users\iputu\Documents\Wonder Chess\art-source\asset-studio\wc_u_human_guardian\stages\body-costume\BW3\r001\reviews\route_C_visual\decoded-verification\frame_0137.png'
00:06.281  render           | Saved: 'C:\Users\iputu\Documents\Wonder Chess\art-source\asset-studio\wc_u_human_guardian\stages\body-costume\BW3\r001\reviews\route_C_visual\decoded-verification\frame_0138.png'
00:06.296  render           | Saved: 'C:\Users\iputu\Documents\Wonder Chess\art-source\asset-studio\wc_u_human_guardian\stages\body-costume\BW3\r001\reviews\route_C_visual\decoded-verification\frame_0139.png'
00:06.328  render           | Saved: 'C:\Users\iputu\Documents\Wonder Chess\art-source\asset-studio\wc_u_human_guardian\stages\body-costume\BW3\r001\reviews\route_C_visual\decoded-verification\frame_0140.png'
00:06.343  render           | Saved: 'C:\Users\iputu\Documents\Wonder Chess\art-source\asset-studio\wc_u_human_guardian\stages\body-costume\BW3\r001\reviews\route_C_visual\decoded-verification\frame_0141.png'
00:06.375  render           | Saved: 'C:\Users\iputu\Documents\Wonder Chess\art-source\asset-studio\wc_u_human_guardian\stages\body-costume\BW3\r001\reviews\route_C_visual\decoded-verification\frame_0142.png'
00:06.390  render           | Saved: 'C:\Users\iputu\Documents\Wonder Chess\art-source\asset-studio\wc_u_human_guardian\stages\body-costume\BW3\r001\reviews\route_C_visual\decoded-verification\frame_0143.png'
00:06.421  render           | Saved: 'C:\Users\iputu\Documents\Wonder Chess\art-source\asset-studio\wc_u_human_guardian\stages\body-costume\BW3\r001\reviews\route_C_visual\decoded-verification\frame_0144.png'
00:06.453  render           | Saved: 'C:\Users\iputu\Documents\Wonder Chess\art-source\asset-studio\wc_u_human_guardian\stages\body-costume\BW3\r001\reviews\route_C_visual\decoded-verification\frame_0145.png'
{
  "file": "C:\\Users\\iputu\\Documents\\Wonder Chess\\art-source\\asset-studio\\wc_u_human_guardian\\stages\\body-costume\\BW3\\r001\\reviews\\route_C_visual\\BW3_C_thumb_approach_OTHER_FINGERS_OPEN_NOT_A_GRIP.mp4",
  "bytes": 246851,
  "sha256": "587e738750da2212fd1a3c87b3be18de9e4515017c68f5e1c457136054bd1df0",
  "frame_duration": 145,
  "fps": 24.0,
  "dimensions": [
    800,
    800
  ],
  "native_png_count": 145,
  "method": "Existing BW1 native Blender VSE movie-strip reopening, extended to actually decode every frame into PNG in a fresh factory-startup process.",
  "source_saved": false,
  "art_approval": false,
  "decoded_frames": 145,
  "decode_seconds": 3.7045185000024503,
  "sha256_after": "587e738750da2212fd1a3c87b3be18de9e4515017c68f5e1c457136054bd1df0",
  "status": "ALL145_FRAMES_DECODED_24FPS_800x800"
}
Blender 5.1.1 (hash b70da489d7f4 built 2026-04-14 01:37:22)

Blender quit
