00:07.078  blend            | Read blend: "C:\Users\iputu\Documents\Wonder Chess\reports\WC-U440\20260906T133433Z\wc_u_elf_ranger\refinement-v1\wc_u_elf_ranger-update24-revision7.blend"
00:11.266  render           | Saved: 'C:\Users\iputu\Documents\Wonder Chess\reports\WC-U440\20260906T133433Z\wc_u_elf_ranger\refinement-v1\motion-frames\Idle\0000.png'
00:12.906  render           | Saved: 'C:\Users\iputu\Documents\Wonder Chess\reports\WC-U440\20260906T133433Z\wc_u_elf_ranger\refinement-v1\motion-frames\Idle\0001.png'
00:14.531  render           | Saved: 'C:\Users\iputu\Documents\Wonder Chess\reports\WC-U440\20260906T133433Z\wc_u_elf_ranger\refinement-v1\motion-frames\Idle\0002.png'
00:16.094  render           | Saved: 'C:\Users\iputu\Documents\Wonder Chess\reports\WC-U440\20260906T133433Z\wc_u_elf_ranger\refinement-v1\motion-frames\Idle\0003.png'
00:17.766  render           | Saved: 'C:\Users\iputu\Documents\Wonder Chess\reports\WC-U440\20260906T133433Z\wc_u_elf_ranger\refinement-v1\motion-frames\Idle\0004.png'
00:19.406  render           | Saved: 'C:\Users\iputu\Documents\Wonder Chess\reports\WC-U440\20260906T133433Z\wc_u_elf_ranger\refinement-v1\motion-frames\Idle\0005.png'
00:21.047  render           | Saved: 'C:\Users\iputu\Documents\Wonder Chess\reports\WC-U440\20260906T133433Z\wc_u_elf_ranger\refinement-v1\motion-frames\Idle\0006.png'
00:22.688  render           | Saved: 'C:\Users\iputu\Documents\Wonder Chess\reports\WC-U440\20260906T133433Z\wc_u_elf_ranger\refinement-v1\motion-frames\Idle\0007.png'
00:24.344  render           | Saved: 'C:\Users\iputu\Documents\Wonder Chess\reports\WC-U440\20260906T133433Z\wc_u_elf_ranger\refinement-v1\motion-frames\Idle\0008.png'
00:25.984  render           | Saved: 'C:\Users\iputu\Documents\Wonder Chess\reports\WC-U440\20260906T133433Z\wc_u_elf_ranger\refinement-v1\motion-frames\Idle\0009.png'
00:27.609  render           | Saved: 'C:\Users\iputu\Documents\Wonder Chess\reports\WC-U440\20260906T133433Z\wc_u_elf_ranger\refinement-v1\motion-frames\Idle\0010.png'
00:29.281  render           | Saved: 'C:\Users\iputu\Documents\Wonder Chess\reports\WC-U440\20260906T133433Z\wc_u_elf_ranger\refinement-v1\motion-frames\Idle\0011.png'
00:30.984  render           | Saved: 'C:\Users\iputu\Documents\Wonder Chess\reports\WC-U440\20260906T133433Z\wc_u_elf_ranger\refinement-v1\motion-frames\Idle\0012.png'
00:32.641  render           | Saved: 'C:\Users\iputu\Documents\Wonder Chess\reports\WC-U440\20260906T133433Z\wc_u_elf_ranger\refinement-v1\motion-frames\Idle\0013.png'
00:34.391  render           | Saved: 'C:\Users\iputu\Documents\Wonder Chess\reports\WC-U440\20260906T133433Z\wc_u_elf_ranger\refinement-v1\motion-frames\Idle\0014.png'
00:36.031  render           | Saved: 'C:\Users\iputu\Documents\Wonder Chess\reports\WC-U440\20260906T133433Z\wc_u_elf_ranger\refinement-v1\motion-frames\Idle\0015.png'
00:37.594  render           | Saved: 'C:\Users\iputu\Documents\Wonder Chess\reports\WC-U440\20260906T133433Z\wc_u_elf_ranger\refinement-v1\motion-frames\Idle\0016.png'
00:39.281  render           | Saved: 'C:\Users\iputu\Documents\Wonder Chess\reports\WC-U440\20260906T133433Z\wc_u_elf_ranger\refinement-v1\motion-frames\Idle\0017.png'
00:40.875  render           | Saved: 'C:\Users\iputu\Documents\Wonder Chess\reports\WC-U440\20260906T133433Z\wc_u_elf_ranger\refinement-v1\motion-frames\Idle\0018.png'
00:42.531  render           | Saved: 'C:\Users\iputu\Documents\Wonder Chess\reports\WC-U440\20260906T133433Z\wc_u_elf_ranger\refinement-v1\motion-frames\Idle\0019.png'
00:44.219  render           | Saved: 'C:\Users\iputu\Documents\Wonder Chess\reports\WC-U440\20260906T133433Z\wc_u_elf_ranger\refinement-v1\motion-frames\Idle\0020.png'
00:45.813  render           | Saved: 'C:\Users\iputu\Documents\Wonder Chess\reports\WC-U440\20260906T133433Z\wc_u_elf_ranger\refinement-v1\motion-frames\Idle\0021.png'
00:47.469  render           | Saved: 'C:\Users\iputu\Documents\Wonder Chess\reports\WC-U440\20260906T133433Z\wc_u_elf_ranger\refinement-v1\motion-frames\Idle\0022.png'
00:49.188  render           | Saved: 'C:\Users\iputu\Documents\Wonder Chess\reports\WC-U440\20260906T133433Z\wc_u_elf_ranger\refinement-v1\motion-frames\Idle\0023.png'
00:50.859  render           | Saved: 'C:\Users\iputu\Documents\Wonder Chess\reports\WC-U440\20260906T133433Z\wc_u_elf_ranger\refinement-v1\motion-frames\Idle\0024.png'
00:52.563  render           | Saved: 'C:\Users\iputu\Documents\Wonder Chess\reports\WC-U440\20260906T133433Z\wc_u_elf_ranger\refinement-v1\motion-frames\Idle\0025.png'
00:54.266  render           | Saved: 'C:\Users\iputu\Documents\Wonder Chess\reports\WC-U440\20260906T133433Z\wc_u_elf_ranger\refinement-v1\motion-frames\Idle\0026.png'
00:55.938  render           | Saved: 'C:\Users\iputu\Documents\Wonder Chess\reports\WC-U440\20260906T133433Z\wc_u_elf_ranger\refinement-v1\motion-frames\Idle\0027.png'
00:57.578  render           | Saved: 'C:\Users\iputu\Documents\Wonder Chess\reports\WC-U440\20260906T133433Z\wc_u_elf_ranger\refinement-v1\motion-frames\Idle\0028.png'
00:59.250  render           | Saved: 'C:\Users\iputu\Documents\Wonder Chess\reports\WC-U440\20260906T133433Z\wc_u_elf_ranger\refinement-v1\motion-frames\Idle\0029.png'
01:01.016  render           | Saved: 'C:\Users\iputu\Documents\Wonder Chess\reports\WC-U440\20260906T133433Z\wc_u_elf_ranger\refinement-v1\motion-frames\Idle\0030.png'
01:02.891  render           | Saved: 'C:\Users\iputu\Documents\Wonder Chess\reports\WC-U440\20260906T133433Z\wc_u_elf_ranger\refinement-v1\motion-frames\Idle\0031.png'
01:04.734  render           | Saved: 'C:\Users\iputu\Documents\Wonder Chess\reports\WC-U440\20260906T133433Z\wc_u_elf_ranger\refinement-v1\motion-frames\Idle\0032.png'
01:06.750  render           | Saved: 'C:\Users\iputu\Documents\Wonder Chess\reports\WC-U440\20260906T133433Z\wc_u_elf_ranger\refinement-v1\motion-frames\Idle\0033.png'
01:08.781  render           | Saved: 'C:\Users\iputu\Documents\Wonder Chess\reports\WC-U440\20260906T133433Z\wc_u_elf_ranger\refinement-v1\motion-frames\Idle\0034.png'
01:10.844  render           | Saved: 'C:\Users\iputu\Documents\Wonder Chess\reports\WC-U440\20260906T133433Z\wc_u_elf_ranger\refinement-v1\motion-frames\Idle\0035.png'
01:12.828  render           | Saved: 'C:\Users\iputu\Documents\Wonder Chess\reports\WC-U440\20260906T133433Z\wc_u_elf_ranger\refinement-v1\motion-frames\Idle\0036.png'
01:14.969  render           | Saved: 'C:\Users\iputu\Documents\Wonder Chess\reports\WC-U440\20260906T133433Z\wc_u_elf_ranger\refinement-v1\motion-frames\Idle\0037.png'
01:17.328  render           | Saved: 'C:\Users\iputu\Documents\Wonder Chess\reports\WC-U440\20260906T133433Z\wc_u_elf_ranger\refinement-v1\motion-frames\Idle\0038.png'
01:19.656  render           | Saved: 'C:\Users\iputu\Documents\Wonder Chess\reports\WC-U440\20260906T133433Z\wc_u_elf_ranger\refinement-v1\motion-frames\Idle\0039.png'
{
  "status": "sampled_motion_invariants_passed",
  "unit_id": "wc_u_elf_ranger",
  "blender_version": "5.1.1",
  "sampling": "actual deformed mesh every 3 frames at 60fps",
  "clips": [
    {
      "clip": "Idle",
      "samples": 41,
      "minimum_support_sole_z_m": 0.01691998913884163,
      "maximum_support_sole_z_m": 0.01691998913884163,
      "max_root_translation_m": 0,
      "max_pose_scale_error": 0
    },
    {
      "clip": "Move",
      "samples": 21,
      "minimum_support_sole_z_m": 0.003882620483636856,
      "maximum_support_sole_z_m": 0.01691998913884163,
      "max_root_translation_m": 0,
      "max_pose_scale_error": 0
    },
    {
      "clip": "Attack",
      "samples": 15,
      "minimum_support_sole_z_m": 0.01691998913884163,
      "maximum_support_sole_z_m": 0.01691998913884163,
      "max_root_translation_m": 0,
      "max_pose_scale_error": 0
    },
    {
      "clip": "Active",
      "samples": 11,
      "minimum_support_sole_z_m": 0.01691998913884163,
      "maximum_support_sole_z_m": 0.016919996589422226,
      "max_root_translation_m": 0,
      "max_pose_scale_error": 0
    },
    {
      "clip": "Hit",
      "samples": 9,
      "minimum_support_sole_z_m": 0.01691998913884163,
      "maximum_support_sole_z_m": 0.01691998913884163,
      "max_root_translation_m": 0,
      "max_pose_scale_error": 0
    },
    {
      "clip": "Defeat",
      "samples": 21,
      "minimum_support_sole_z_m": 0.016919851303100586,
      "maximum_support_sole_z_m": 0.016919966787099838,
      "max_root_translation_m": 0,
      "max_pose_scale_error": 0
    },
    {
      "clip": "Victory",
      "samples": 31,
      "minimum_support_sole_z_m": 0.01691998913884163,
      "maximum_support_sole_z_m": 0.01691998913884163,
      "max_root_translation_m": 0,
      "max_pose_scale_error": 0
    }
  ],
  "errors": [],
  "not_checked": [
    "continuous visual quality",
    "weapon/costume clipping",
    "semantic gesture review",
    "Unreal retarget/import",
    "runtime move-speed synchronization"
  ]
}
{
  "status": "structural_checks_passed_visual_review_required",
  "blender_version": "5.1.1",
  "collection": "EXPORT",
  "evaluated_triangle_total": 3772,
  "objects": [
    {
      "name": "Armature",
      "type": "ARMATURE",
      "scale": [
        1.0,
        1.0,
        1.0
      ],
      "dimensions": [
        1.0347530841827393,
        0.5169269442558289,
        2.0210001468658447
      ],
      "roots": [
        "root"
      ],
      "deform_bones": 27
    },
    {
      "name": "SK_wc_u_elf_ranger",
      "type": "MESH",
      "scale": [
        1.0,
        1.0,
        1.0
      ],
      "dimensions": [
        1.1490975618362427,
        0.7498049736022949,
        1.8705998659133911
      ],
      "evaluated_triangles": 3772,
      "material_slots": 1,
      "uv_layers": 1,
      "skin_checks": {
        "unweighted": 0,
        "excess_influences": 0,
        "unnormalized": 0
      }
    }
  ],
  "errors": [],
  "warnings": [],
  "not_checked": [
    "appearance",
    "deformation across all clips",
    "UV overlap appropriateness",
    "normal-map convention",
    "Unreal import",
    "LOD silhouette",
    "gameplay readability"
  ]
}
WC_REFINED_HERO_MOTION_RENDERED wc_u_elf_ranger Idle
01:21.766  render           | Saved: 'C:\Users\iputu\Documents\Wonder Chess\reports\WC-U440\20260906T133433Z\wc_u_elf_ranger\refinement-v1\motion-frames\Move\0000.png'
01:23.750  render           | Saved: 'C:\Users\iputu\Documents\Wonder Chess\reports\WC-U440\20260906T133433Z\wc_u_elf_ranger\refinement-v1\motion-frames\Move\0001.png'
01:25.719  render           | Saved: 'C:\Users\iputu\Documents\Wonder Chess\reports\WC-U440\20260906T133433Z\wc_u_elf_ranger\refinement-v1\motion-frames\Move\0002.png'
01:27.656  render           | Saved: 'C:\Users\iputu\Documents\Wonder Chess\reports\WC-U440\20260906T133433Z\wc_u_elf_ranger\refinement-v1\motion-frames\Move\0003.png'
01:29.656  render           | Saved: 'C:\Users\iputu\Documents\Wonder Chess\reports\WC-U440\20260906T133433Z\wc_u_elf_ranger\refinement-v1\motion-frames\Move\0004.png'
01:32.094  render           | Saved: 'C:\Users\iputu\Documents\Wonder Chess\reports\WC-U440\20260906T133433Z\wc_u_elf_ranger\refinement-v1\motion-frames\Move\0005.png'
01:34.422  render           | Saved: 'C:\Users\iputu\Documents\Wonder Chess\reports\WC-U440\20260906T133433Z\wc_u_elf_ranger\refinement-v1\motion-frames\Move\0006.png'
01:36.578  render           | Saved: 'C:\Users\iputu\Documents\Wonder Chess\reports\WC-U440\20260906T133433Z\wc_u_elf_ranger\refinement-v1\motion-frames\Move\0007.png'
01:38.516  render           | Saved: 'C:\Users\iputu\Documents\Wonder Chess\reports\WC-U440\20260906T133433Z\wc_u_elf_ranger\refinement-v1\motion-frames\Move\0008.png'
01:40.469  render           | Saved: 'C:\Users\iputu\Documents\Wonder Chess\reports\WC-U440\20260906T133433Z\wc_u_elf_ranger\refinement-v1\motion-frames\Move\0009.png'
01:42.438  render           | Saved: 'C:\Users\iputu\Documents\Wonder Chess\reports\WC-U440\20260906T133433Z\wc_u_elf_ranger\refinement-v1\motion-frames\Move\0010.png'
01:44.500  render           | Saved: 'C:\Users\iputu\Documents\Wonder Chess\reports\WC-U440\20260906T133433Z\wc_u_elf_ranger\refinement-v1\motion-frames\Move\0011.png'
01:46.750  render           | Saved: 'C:\Users\iputu\Documents\Wonder Chess\reports\WC-U440\20260906T133433Z\wc_u_elf_ranger\refinement-v1\motion-frames\Move\0012.png'
01:49.109  render           | Saved: 'C:\Users\iputu\Documents\Wonder Chess\reports\WC-U440\20260906T133433Z\wc_u_elf_ranger\refinement-v1\motion-frames\Move\0013.png'
01:51.438  render           | Saved: 'C:\Users\iputu\Documents\Wonder Chess\reports\WC-U440\20260906T133433Z\wc_u_elf_ranger\refinement-v1\motion-frames\Move\0014.png'
01:53.453  render           | Saved: 'C:\Users\iputu\Documents\Wonder Chess\reports\WC-U440\20260906T133433Z\wc_u_elf_ranger\refinement-v1\motion-frames\Move\0015.png'
01:55.422  render           | Saved: 'C:\Users\iputu\Documents\Wonder Chess\reports\WC-U440\20260906T133433Z\wc_u_elf_ranger\refinement-v1\motion-frames\Move\0016.png'
01:57.375  render           | Saved: 'C:\Users\iputu\Documents\Wonder Chess\reports\WC-U440\20260906T133433Z\wc_u_elf_ranger\refinement-v1\motion-frames\Move\0017.png'
01:59.609  render           | Saved: 'C:\Users\iputu\Documents\Wonder Chess\reports\WC-U440\20260906T133433Z\wc_u_elf_ranger\refinement-v1\motion-frames\Move\0018.png'
02:01.625  render           | Saved: 'C:\Users\iputu\Documents\Wonder Chess\reports\WC-U440\20260906T133433Z\wc_u_elf_ranger\refinement-v1\motion-frames\Move\0019.png'
WC_REFINED_HERO_MOTION_RENDERED wc_u_elf_ranger Move
02:03.984  render           | Saved: 'C:\Users\iputu\Documents\Wonder Chess\reports\WC-U440\20260906T133433Z\wc_u_elf_ranger\refinement-v1\motion-frames\Attack\0000.png'
02:06.375  render           | Saved: 'C:\Users\iputu\Documents\Wonder Chess\reports\WC-U440\20260906T133433Z\wc_u_elf_ranger\refinement-v1\motion-frames\Attack\0001.png'
02:08.594  render           | Saved: 'C:\Users\iputu\Documents\Wonder Chess\reports\WC-U440\20260906T133433Z\wc_u_elf_ranger\refinement-v1\motion-frames\Attack\0002.png'
02:10.313  render           | Saved: 'C:\Users\iputu\Documents\Wonder Chess\reports\WC-U440\20260906T133433Z\wc_u_elf_ranger\refinement-v1\motion-frames\Attack\0003.png'
02:12.016  render           | Saved: 'C:\Users\iputu\Documents\Wonder Chess\reports\WC-U440\20260906T133433Z\wc_u_elf_ranger\refinement-v1\motion-frames\Attack\0004.png'
02:13.750  render           | Saved: 'C:\Users\iputu\Documents\Wonder Chess\reports\WC-U440\20260906T133433Z\wc_u_elf_ranger\refinement-v1\motion-frames\Attack\0005.png'
02:15.516  render           | Saved: 'C:\Users\iputu\Documents\Wonder Chess\reports\WC-U440\20260906T133433Z\wc_u_elf_ranger\refinement-v1\motion-frames\Attack\0006.png'
02:17.172  render           | Saved: 'C:\Users\iputu\Documents\Wonder Chess\reports\WC-U440\20260906T133433Z\wc_u_elf_ranger\refinement-v1\motion-frames\Attack\0007.png'
02:18.938  render           | Saved: 'C:\Users\iputu\Documents\Wonder Chess\reports\WC-U440\20260906T133433Z\wc_u_elf_ranger\refinement-v1\motion-frames\Attack\0008.png'
02:20.766  render           | Saved: 'C:\Users\iputu\Documents\Wonder Chess\reports\WC-U440\20260906T133433Z\wc_u_elf_ranger\refinement-v1\motion-frames\Attack\0009.png'
02:22.531  render           | Saved: 'C:\Users\iputu\Documents\Wonder Chess\reports\WC-U440\20260906T133433Z\wc_u_elf_ranger\refinement-v1\motion-frames\Attack\0010.png'
02:25.938  render           | Saved: 'C:\Users\iputu\Documents\Wonder Chess\reports\WC-U440\20260906T133433Z\wc_u_elf_ranger\refinement-v1\motion-frames\Attack\0011.png'
02:29.297  render           | Saved: 'C:\Users\iputu\Documents\Wonder Chess\reports\WC-U440\20260906T133433Z\wc_u_elf_ranger\refinement-v1\motion-frames\Attack\0012.png'
02:33.719  render           | Saved: 'C:\Users\iputu\Documents\Wonder Chess\reports\WC-U440\20260906T133433Z\wc_u_elf_ranger\refinement-v1\motion-frames\Attack\0013.png'
WC_REFINED_HERO_MOTION_RENDERED wc_u_elf_ranger Attack
02:37.469  render           | Saved: 'C:\Users\iputu\Documents\Wonder Chess\reports\WC-U440\20260906T133433Z\wc_u_elf_ranger\refinement-v1\motion-frames\Active\0000.png'
02:41.469  render           | Saved: 'C:\Users\iputu\Documents\Wonder Chess\reports\WC-U440\20260906T133433Z\wc_u_elf_ranger\refinement-v1\motion-frames\Active\0001.png'
02:45.141  render           | Saved: 'C:\Users\iputu\Documents\Wonder Chess\reports\WC-U440\20260906T133433Z\wc_u_elf_ranger\refinement-v1\motion-frames\Active\0002.png'
02:48.219  render           | Saved: 'C:\Users\iputu\Documents\Wonder Chess\reports\WC-U440\20260906T133433Z\wc_u_elf_ranger\refinement-v1\motion-frames\Active\0003.png'
02:52.578  render           | Saved: 'C:\Users\iputu\Documents\Wonder Chess\reports\WC-U440\20260906T133433Z\wc_u_elf_ranger\refinement-v1\motion-frames\Active\0004.png'
02:56.484  render           | Saved: 'C:\Users\iputu\Documents\Wonder Chess\reports\WC-U440\20260906T133433Z\wc_u_elf_ranger\refinement-v1\motion-frames\Active\0005.png'
03:00.703  render           | Saved: 'C:\Users\iputu\Documents\Wonder Chess\reports\WC-U440\20260906T133433Z\wc_u_elf_ranger\refinement-v1\motion-frames\Active\0006.png'
03:05.719  render           | Saved: 'C:\Users\iputu\Documents\Wonder Chess\reports\WC-U440\20260906T133433Z\wc_u_elf_ranger\refinement-v1\motion-frames\Active\0007.png'
03:11.078  render           | Saved: 'C:\Users\iputu\Documents\Wonder Chess\reports\WC-U440\20260906T133433Z\wc_u_elf_ranger\refinement-v1\motion-frames\Active\0008.png'
03:16.266  render           | Saved: 'C:\Users\iputu\Documents\Wonder Chess\reports\WC-U440\20260906T133433Z\wc_u_elf_ranger\refinement-v1\motion-frames\Active\0009.png'
WC_REFINED_HERO_MOTION_RENDERED wc_u_elf_ranger Active
03:22.047  render           | Saved: 'C:\Users\iputu\Documents\Wonder Chess\reports\WC-U440\20260906T133433Z\wc_u_elf_ranger\refinement-v1\motion-frames\Hit\0000.png'
03:32.625  render           | Saved: 'C:\Users\iputu\Documents\Wonder Chess\reports\WC-U440\20260906T133433Z\wc_u_elf_ranger\refinement-v1\motion-frames\Hit\0001.png'
03:38.859  render           | Saved: 'C:\Users\iputu\Documents\Wonder Chess\reports\WC-U440\20260906T133433Z\wc_u_elf_ranger\refinement-v1\motion-frames\Hit\0002.png'
03:43.734  render           | Saved: 'C:\Users\iputu\Documents\Wonder Chess\reports\WC-U440\20260906T133433Z\wc_u_elf_ranger\refinement-v1\motion-frames\Hit\0003.png'
03:48.219  render           | Saved: 'C:\Users\iputu\Documents\Wonder Chess\reports\WC-U440\20260906T133433Z\wc_u_elf_ranger\refinement-v1\motion-frames\Hit\0004.png'
03:52.938  render           | Saved: 'C:\Users\iputu\Documents\Wonder Chess\reports\WC-U440\20260906T133433Z\wc_u_elf_ranger\refinement-v1\motion-frames\Hit\0005.png'
03:56.703  render           | Saved: 'C:\Users\iputu\Documents\Wonder Chess\reports\WC-U440\20260906T133433Z\wc_u_elf_ranger\refinement-v1\motion-frames\Hit\0006.png'
03:59.359  render           | Saved: 'C:\Users\iputu\Documents\Wonder Chess\reports\WC-U440\20260906T133433Z\wc_u_elf_ranger\refinement-v1\motion-frames\Hit\0007.png'
WC_REFINED_HERO_MOTION_RENDERED wc_u_elf_ranger Hit
04:01.875  render           | Saved: 'C:\Users\iputu\Documents\Wonder Chess\reports\WC-U440\20260906T133433Z\wc_u_elf_ranger\refinement-v1\motion-frames\Defeat\0000.png'
04:03.938  render           | Saved: 'C:\Users\iputu\Documents\Wonder Chess\reports\WC-U440\20260906T133433Z\wc_u_elf_ranger\refinement-v1\motion-frames\Defeat\0001.png'
04:05.953  render           | Saved: 'C:\Users\iputu\Documents\Wonder Chess\reports\WC-U440\20260906T133433Z\wc_u_elf_ranger\refinement-v1\motion-frames\Defeat\0002.png'
04:08.094  render           | Saved: 'C:\Users\iputu\Documents\Wonder Chess\reports\WC-U440\20260906T133433Z\wc_u_elf_ranger\refinement-v1\motion-frames\Defeat\0003.png'
04:10.250  render           | Saved: 'C:\Users\iputu\Documents\Wonder Chess\reports\WC-U440\20260906T133433Z\wc_u_elf_ranger\refinement-v1\motion-frames\Defeat\0004.png'
04:12.609  render           | Saved: 'C:\Users\iputu\Documents\Wonder Chess\reports\WC-U440\20260906T133433Z\wc_u_elf_ranger\refinement-v1\motion-frames\Defeat\0005.png'
04:15.250  render           | Saved: 'C:\Users\iputu\Documents\Wonder Chess\reports\WC-U440\20260906T133433Z\wc_u_elf_ranger\refinement-v1\motion-frames\Defeat\0006.png'
04:17.703  render           | Saved: 'C:\Users\iputu\Documents\Wonder Chess\reports\WC-U440\20260906T133433Z\wc_u_elf_ranger\refinement-v1\motion-frames\Defeat\0007.png'
04:20.063  render           | Saved: 'C:\Users\iputu\Documents\Wonder Chess\reports\WC-U440\20260906T133433Z\wc_u_elf_ranger\refinement-v1\motion-frames\Defeat\0008.png'
04:22.203  render           | Saved: 'C:\Users\iputu\Documents\Wonder Chess\reports\WC-U440\20260906T133433Z\wc_u_elf_ranger\refinement-v1\motion-frames\Defeat\0009.png'
04:24.281  render           | Saved: 'C:\Users\iputu\Documents\Wonder Chess\reports\WC-U440\20260906T133433Z\wc_u_elf_ranger\refinement-v1\motion-frames\Defeat\0010.png'
04:26.344  render           | Saved: 'C:\Users\iputu\Documents\Wonder Chess\reports\WC-U440\20260906T133433Z\wc_u_elf_ranger\refinement-v1\motion-frames\Defeat\0011.png'
04:28.453  render           | Saved: 'C:\Users\iputu\Documents\Wonder Chess\reports\WC-U440\20260906T133433Z\wc_u_elf_ranger\refinement-v1\motion-frames\Defeat\0012.png'
04:30.906  render           | Saved: 'C:\Users\iputu\Documents\Wonder Chess\reports\WC-U440\20260906T133433Z\wc_u_elf_ranger\refinement-v1\motion-frames\Defeat\0013.png'
04:33.516  render           | Saved: 'C:\Users\iputu\Documents\Wonder Chess\reports\WC-U440\20260906T133433Z\wc_u_elf_ranger\refinement-v1\motion-frames\Defeat\0014.png'
04:35.938  render           | Saved: 'C:\Users\iputu\Documents\Wonder Chess\reports\WC-U440\20260906T133433Z\wc_u_elf_ranger\refinement-v1\motion-frames\Defeat\0015.png'
04:38.000  render           | Saved: 'C:\Users\iputu\Documents\Wonder Chess\reports\WC-U440\20260906T133433Z\wc_u_elf_ranger\refinement-v1\motion-frames\Defeat\0016.png'
04:39.813  render           | Saved: 'C:\Users\iputu\Documents\Wonder Chess\reports\WC-U440\20260906T133433Z\wc_u_elf_ranger\refinement-v1\motion-frames\Defeat\0017.png'
04:41.641  render           | Saved: 'C:\Users\iputu\Documents\Wonder Chess\reports\WC-U440\20260906T133433Z\wc_u_elf_ranger\refinement-v1\motion-frames\Defeat\0018.png'
04:43.422  render           | Saved: 'C:\Users\iputu\Documents\Wonder Chess\reports\WC-U440\20260906T133433Z\wc_u_elf_ranger\refinement-v1\motion-frames\Defeat\0019.png'
WC_REFINED_HERO_MOTION_RENDERED wc_u_elf_ranger Defeat
04:45.391  render           | Saved: 'C:\Users\iputu\Documents\Wonder Chess\reports\WC-U440\20260906T133433Z\wc_u_elf_ranger\refinement-v1\motion-frames\Victory\0000.png'
04:47.156  render           | Saved: 'C:\Users\iputu\Documents\Wonder Chess\reports\WC-U440\20260906T133433Z\wc_u_elf_ranger\refinement-v1\motion-frames\Victory\0001.png'
04:48.953  render           | Saved: 'C:\Users\iputu\Documents\Wonder Chess\reports\WC-U440\20260906T133433Z\wc_u_elf_ranger\refinement-v1\motion-frames\Victory\0002.png'
04:50.813  render           | Saved: 'C:\Users\iputu\Documents\Wonder Chess\reports\WC-U440\20260906T133433Z\wc_u_elf_ranger\refinement-v1\motion-frames\Victory\0003.png'
04:52.688  render           | Saved: 'C:\Users\iputu\Documents\Wonder Chess\reports\WC-U440\20260906T133433Z\wc_u_elf_ranger\refinement-v1\motion-frames\Victory\0004.png'
04:54.609  render           | Saved: 'C:\Users\iputu\Documents\Wonder Chess\reports\WC-U440\20260906T133433Z\wc_u_elf_ranger\refinement-v1\motion-frames\Victory\0005.png'
04:56.516  render           | Saved: 'C:\Users\iputu\Documents\Wonder Chess\reports\WC-U440\20260906T133433Z\wc_u_elf_ranger\refinement-v1\motion-frames\Victory\0006.png'
04:58.656  render           | Saved: 'C:\Users\iputu\Documents\Wonder Chess\reports\WC-U440\20260906T133433Z\wc_u_elf_ranger\refinement-v1\motion-frames\Victory\0007.png'
05:00.703  render           | Saved: 'C:\Users\iputu\Documents\Wonder Chess\reports\WC-U440\20260906T133433Z\wc_u_elf_ranger\refinement-v1\motion-frames\Victory\0008.png'
05:02.969  render           | Saved: 'C:\Users\iputu\Documents\Wonder Chess\reports\WC-U440\20260906T133433Z\wc_u_elf_ranger\refinement-v1\motion-frames\Victory\0009.png'
05:05.047  render           | Saved: 'C:\Users\iputu\Documents\Wonder Chess\reports\WC-U440\20260906T133433Z\wc_u_elf_ranger\refinement-v1\motion-frames\Victory\0010.png'
05:07.219  render           | Saved: 'C:\Users\iputu\Documents\Wonder Chess\reports\WC-U440\20260906T133433Z\wc_u_elf_ranger\refinement-v1\motion-frames\Victory\0011.png'
05:09.625  render           | Saved: 'C:\Users\iputu\Documents\Wonder Chess\reports\WC-U440\20260906T133433Z\wc_u_elf_ranger\refinement-v1\motion-frames\Victory\0012.png'
05:12.016  render           | Saved: 'C:\Users\iputu\Documents\Wonder Chess\reports\WC-U440\20260906T133433Z\wc_u_elf_ranger\refinement-v1\motion-frames\Victory\0013.png'
05:14.109  render           | Saved: 'C:\Users\iputu\Documents\Wonder Chess\reports\WC-U440\20260906T133433Z\wc_u_elf_ranger\refinement-v1\motion-frames\Victory\0014.png'
05:16.109  render           | Saved: 'C:\Users\iputu\Documents\Wonder Chess\reports\WC-U440\20260906T133433Z\wc_u_elf_ranger\refinement-v1\motion-frames\Victory\0015.png'
05:18.141  render           | Saved: 'C:\Users\iputu\Documents\Wonder Chess\reports\WC-U440\20260906T133433Z\wc_u_elf_ranger\refinement-v1\motion-frames\Victory\0016.png'
05:20.250  render           | Saved: 'C:\Users\iputu\Documents\Wonder Chess\reports\WC-U440\20260906T133433Z\wc_u_elf_ranger\refinement-v1\motion-frames\Victory\0017.png'
05:22.469  render           | Saved: 'C:\Users\iputu\Documents\Wonder Chess\reports\WC-U440\20260906T133433Z\wc_u_elf_ranger\refinement-v1\motion-frames\Victory\0018.png'
05:24.938  render           | Saved: 'C:\Users\iputu\Documents\Wonder Chess\reports\WC-U440\20260906T133433Z\wc_u_elf_ranger\refinement-v1\motion-frames\Victory\0019.png'
05:27.391  render           | Saved: 'C:\Users\iputu\Documents\Wonder Chess\reports\WC-U440\20260906T133433Z\wc_u_elf_ranger\refinement-v1\motion-frames\Victory\0020.png'
05:29.891  render           | Saved: 'C:\Users\iputu\Documents\Wonder Chess\reports\WC-U440\20260906T133433Z\wc_u_elf_ranger\refinement-v1\motion-frames\Victory\0021.png'
05:32.078  render           | Saved: 'C:\Users\iputu\Documents\Wonder Chess\reports\WC-U440\20260906T133433Z\wc_u_elf_ranger\refinement-v1\motion-frames\Victory\0022.png'
05:34.344  render           | Saved: 'C:\Users\iputu\Documents\Wonder Chess\reports\WC-U440\20260906T133433Z\wc_u_elf_ranger\refinement-v1\motion-frames\Victory\0023.png'
05:36.391  render           | Saved: 'C:\Users\iputu\Documents\Wonder Chess\reports\WC-U440\20260906T133433Z\wc_u_elf_ranger\refinement-v1\motion-frames\Victory\0024.png'
05:38.469  render           | Saved: 'C:\Users\iputu\Documents\Wonder Chess\reports\WC-U440\20260906T133433Z\wc_u_elf_ranger\refinement-v1\motion-frames\Victory\0025.png'
05:40.703  render           | Saved: 'C:\Users\iputu\Documents\Wonder Chess\reports\WC-U440\20260906T133433Z\wc_u_elf_ranger\refinement-v1\motion-frames\Victory\0026.png'
05:43.375  render           | Saved: 'C:\Users\iputu\Documents\Wonder Chess\reports\WC-U440\20260906T133433Z\wc_u_elf_ranger\refinement-v1\motion-frames\Victory\0027.png'
05:46.047  render           | Saved: 'C:\Users\iputu\Documents\Wonder Chess\reports\WC-U440\20260906T133433Z\wc_u_elf_ranger\refinement-v1\motion-frames\Victory\0028.png'
05:48.406  render           | Saved: 'C:\Users\iputu\Documents\Wonder Chess\reports\WC-U440\20260906T133433Z\wc_u_elf_ranger\refinement-v1\motion-frames\Victory\0029.png'
WC_REFINED_HERO_MOTION_RENDERED wc_u_elf_ranger Victory
Blender 5.1.1 (hash b70da489d7f4 built 2026-04-14 01:37:22)

Blender quit
