warning: in the working copy of 'reports/WC-U450/20260906T164029Z/r2-package-audit/extracted/WonderChess/Content/WonderChess/SourceData/rules.alpha.json', LF will be replaced by CRLF the next time Git touches it
warning: in the working copy of 'reports/WC-U450/20260906T164029Z/r2-package-audit/extracted/WonderChess/Content/WonderChess/SourceData/runtime_stage_manifest.json', LF will be replaced by CRLF the next time Git touches it
warning: in the working copy of 'reports/WC-U450/20260906T164029Z/r2-package-audit/extracted/WonderChess/Content/WonderChess/SourceData/units.json', LF will be replaced by CRLF the next time Git touches it
warning: in the working copy of 'reports/WC-U450/20260906T164139Z/r2-loopback-2h6b/client/match-0-seat-0-pid-50808-frames.csv', LF will be replaced by CRLF the next time Git touches it
warning: in the working copy of 'reports/WC-U450/20260906T164139Z/r2-loopback-2h6b/client/match-0-seat-0-pid-50808-snapshots.jsonl', LF will be replaced by CRLF the next time Git touches it
warning: in the working copy of 'reports/WC-U450/20260906T164139Z/r2-loopback-2h6b/client/match-0-seat-1-pid-50808-frames.csv', LF will be replaced by CRLF the next time Git touches it
warning: in the working copy of 'reports/WC-U450/20260906T164139Z/r2-loopback-2h6b/client/match-0-seat-1-pid-50808-snapshots.jsonl', LF will be replaced by CRLF the next time Git touches it
warning: in the working copy of 'reports/WC-U450/20260906T164139Z/r2-loopback-2h6b/client/match-1-seat-1-pid-50808-commands.jsonl', LF will be replaced by CRLF the next time Git touches it
warning: in the working copy of 'reports/WC-U450/20260906T164139Z/r2-loopback-2h6b/client/match-1-seat-1-pid-50808-frames.csv', LF will be replaced by CRLF the next time Git touches it
warning: in the working copy of 'reports/WC-U450/20260906T164139Z/r2-loopback-2h6b/client/match-1-seat-1-pid-50808-skill-shots.jsonl', LF will be replaced by CRLF the next time Git touches it
warning: in the working copy of 'reports/WC-U450/20260906T164139Z/r2-loopback-2h6b/client/match-1-seat-1-pid-50808-snapshots.jsonl', LF will be replaced by CRLF the next time Git touches it
warning: in the working copy of 'reports/WC-U450/20260906T164139Z/r2-loopback-2h6b/host/match-0-seat-0-pid-36440-frames.csv', LF will be replaced by CRLF the next time Git touches it
warning: in the working copy of 'reports/WC-U450/20260906T164139Z/r2-loopback-2h6b/host/match-0-seat-0-pid-36440-snapshots.jsonl', LF will be replaced by CRLF the next time Git touches it
warning: in the working copy of 'reports/WC-U450/20260906T164139Z/r2-loopback-2h6b/host/match-1-seat-0-pid-36440-commands.jsonl', LF will be replaced by CRLF the next time Git touches it
warning: in the working copy of 'reports/WC-U450/20260906T164139Z/r2-loopback-2h6b/host/match-1-seat-0-pid-36440-frames.csv', LF will be replaced by CRLF the next time Git touches it
warning: in the working copy of 'reports/WC-U450/20260906T164139Z/r2-loopback-2h6b/host/match-1-seat-0-pid-36440-skill-shots.jsonl', LF will be replaced by CRLF the next time Git touches it
warning: in the working copy of 'reports/WC-U450/20260906T164139Z/r2-loopback-2h6b/host/match-1-seat-0-pid-36440-snapshots.jsonl', LF will be replaced by CRLF the next time Git touches it
warning: in the working copy of 'reports/WC-U450/20260906T164623Z-frontend-profile/HANDOFF.md', LF will be replaced by CRLF the next time Git touches it
warning: in the working copy of 'reports/WC-U450/20260906T164623Z-frontend-profile/test_profile_csv_compatibility.py', LF will be replaced by CRLF the next time Git touches it
warning: in the working copy of 'reports/WC-U450/20260906T164623Z-frontend-profile/test_profile_csv_compatibility_fixed.py', LF will be replaced by CRLF the next time Git touches it
warning: in the working copy of 'reports/WC-U450/20260906T165503Z-sylas-attack-window-review/REVIEW.md', LF will be replaced by CRLF the next time Git touches it
warning: in the working copy of 'reports/WC-U450/20260906T165900Z-sylas-windows/HANDOFF.md', LF will be replaced by CRLF the next time Git touches it
warning: in the working copy of 'reports/WC-U450/20260906T165900Z-sylas-windows/baseline/Simulation/WonderSimulation.h', LF will be replaced by CRLF the next time Git touches it
warning: in the working copy of 'reports/WC-U450/20260906T165900Z-sylas-windows/baseline/WonderSimulation.cpp', LF will be replaced by CRLF the next time Git touches it
warning: in the working copy of 'reports/WC-U450/20260906T165900Z-sylas-windows/native-01/baseline-source/Simulation/WonderSimulation.h', LF will be replaced by CRLF the next time Git touches it
warning: in the working copy of 'reports/WC-U450/20260906T165900Z-sylas-windows/native-01/baseline-source/WonderSimulation.cpp', LF will be replaced by CRLF the next time Git touches it
warning: in the working copy of 'reports/WC-U450/20260906T165900Z-sylas-windows/native-01/baseline-source/runtime_tests.cpp', LF will be replaced by CRLF the next time Git touches it
warning: in the working copy of 'reports/WC-U450/20260906T165900Z-sylas-windows/native-01/baseline-source/update_contract_tests.h', LF will be replaced by CRLF the next time Git touches it
warning: in the working copy of 'reports/WC-U450/20260906T165900Z-sylas-windows/native-01/compile.cmd', LF will be replaced by CRLF the next time Git touches it
warning: in the working copy of 'reports/WC-U450/20260906T165900Z-sylas-windows/native-01/current-source/Presentation/WCAttackWindow.h', LF will be replaced by CRLF the next time Git touches it
warning: in the working copy of 'reports/WC-U450/20260906T165900Z-sylas-windows/native-01/current-source/Simulation/WonderSimulation.h', LF will be replaced by CRLF the next time Git touches it
warning: in the working copy of 'reports/WC-U450/20260906T165900Z-sylas-windows/native-01/current-source/WonderSimulation.cpp', LF will be replaced by CRLF the next time Git touches it
warning: in the working copy of 'reports/WC-U450/20260906T165900Z-sylas-windows/native-01/current-source/attack_window_tests.cpp', LF will be replaced by CRLF the next time Git touches it
warning: in the working copy of 'reports/WC-U450/20260906T165900Z-sylas-windows/native-01/current-source/runtime_tests.cpp', LF will be replaced by CRLF the next time Git touches it
warning: in the working copy of 'reports/WC-U450/20260906T165900Z-sylas-windows/native-01/current-source/update_contract_tests.h', LF will be replaced by CRLF the next time Git touches it
warning: in the working copy of 'reports/WC-U450/20260906T165900Z-sylas-windows/native-02/baseline-source/Simulation/WonderSimulation.h', LF will be replaced by CRLF the next time Git touches it
warning: in the working copy of 'reports/WC-U450/20260906T165900Z-sylas-windows/native-02/baseline-source/WonderSimulation.cpp', LF will be replaced by CRLF the next time Git touches it
warning: in the working copy of 'reports/WC-U450/20260906T165900Z-sylas-windows/native-02/baseline-source/runtime_tests.cpp', LF will be replaced by CRLF the next time Git touches it
warning: in the working copy of 'reports/WC-U450/20260906T165900Z-sylas-windows/native-02/baseline-source/update_contract_tests.h', LF will be replaced by CRLF the next time Git touches it
warning: in the working copy of 'reports/WC-U450/20260906T165900Z-sylas-windows/native-02/compile.cmd', LF will be replaced by CRLF the next time Git touches it
warning: in the working copy of 'reports/WC-U450/20260906T165900Z-sylas-windows/native-02/current-source/Presentation/WCAttackWindow.h', LF will be replaced by CRLF the next time Git touches it
warning: in the working copy of 'reports/WC-U450/20260906T165900Z-sylas-windows/native-02/current-source/Simulation/WonderSimulation.h', LF will be replaced by CRLF the next time Git touches it
warning: in the working copy of 'reports/WC-U450/20260906T165900Z-sylas-windows/native-02/current-source/WonderSimulation.cpp', LF will be replaced by CRLF the next time Git touches it
warning: in the working copy of 'reports/WC-U450/20260906T165900Z-sylas-windows/native-02/current-source/attack_window_tests.cpp', LF will be replaced by CRLF the next time Git touches it
warning: in the working copy of 'reports/WC-U450/20260906T165900Z-sylas-windows/native-02/current-source/runtime_tests.cpp', LF will be replaced by CRLF the next time Git touches it
warning: in the working copy of 'reports/WC-U450/20260906T165900Z-sylas-windows/native-02/current-source/update_contract_tests.h', LF will be replaced by CRLF the next time Git touches it
warning: in the working copy of 'reports/WC-U450/20260906T170611Z/sora-engine-movies/blender-encode.log', LF will be replaced by CRLF the next time Git touches it
warning: in the working copy of 'reports/WC-U450/20260907T170300Z-closeout/extracted/WonderChess/Content/WonderChess/SourceData/rules.alpha.json', LF will be replaced by CRLF the next time Git touches it
warning: in the working copy of 'reports/WC-U450/20260907T170300Z-closeout/extracted/WonderChess/Content/WonderChess/SourceData/runtime_stage_manifest.json', LF will be replaced by CRLF the next time Git touches it
warning: in the working copy of 'reports/WC-U450/20260907T170300Z-closeout/extracted/WonderChess/Content/WonderChess/SourceData/units.json', LF will be replaced by CRLF the next time Git touches it
warning: in the working copy of 'reports/WC-U450/20260907T170300Z-closeout/loopback/client/match-0-seat-0-pid-16404-frames.csv', LF will be replaced by CRLF the next time Git touches it
warning: in the working copy of 'reports/WC-U450/20260907T170300Z-closeout/loopback/client/match-0-seat-0-pid-16404-snapshots.jsonl', LF will be replaced by CRLF the next time Git touches it
warning: in the working copy of 'reports/WC-U450/20260907T170300Z-closeout/loopback/client/match-0-seat-1-pid-16404-frames.csv', LF will be replaced by CRLF the next time Git touches it
warning: in the working copy of 'reports/WC-U450/20260907T170300Z-closeout/loopback/client/match-0-seat-1-pid-16404-snapshots.jsonl', LF will be replaced by CRLF the next time Git touches it
warning: in the working copy of 'reports/WC-U450/20260907T170300Z-closeout/loopback/client/match-1-seat-1-pid-16404-commands.jsonl', LF will be replaced by CRLF the next time Git touches it
warning: in the working copy of 'reports/WC-U450/20260907T170300Z-closeout/loopback/client/match-1-seat-1-pid-16404-frames.csv', LF will be replaced by CRLF the next time Git touches it
warning: in the working copy of 'reports/WC-U450/20260907T170300Z-closeout/loopback/client/match-1-seat-1-pid-16404-skill-shots.jsonl', LF will be replaced by CRLF the next time Git touches it
warning: in the working copy of 'reports/WC-U450/20260907T170300Z-closeout/loopback/client/match-1-seat-1-pid-16404-snapshots.jsonl', LF will be replaced by CRLF the next time Git touches it
warning: in the working copy of 'reports/WC-U450/20260907T170300Z-closeout/loopback/host/match-0-seat-0-pid-15048-frames.csv', LF will be replaced by CRLF the next time Git touches it
warning: in the working copy of 'reports/WC-U450/20260907T170300Z-closeout/loopback/host/match-0-seat-0-pid-15048-snapshots.jsonl', LF will be replaced by CRLF the next time Git touches it
warning: in the working copy of 'reports/WC-U450/20260907T170300Z-closeout/loopback/host/match-1-seat-0-pid-15048-commands.jsonl', LF will be replaced by CRLF the next time Git touches it
warning: in the working copy of 'reports/WC-U450/20260907T170300Z-closeout/loopback/host/match-1-seat-0-pid-15048-frames.csv', LF will be replaced by CRLF the next time Git touches it
warning: in the working copy of 'reports/WC-U450/20260907T170300Z-closeout/loopback/host/match-1-seat-0-pid-15048-skill-shots.jsonl', LF will be replaced by CRLF the next time Git touches it
warning: in the working copy of 'reports/WC-U450/20260907T170300Z-closeout/loopback/host/match-1-seat-0-pid-15048-snapshots.jsonl', LF will be replaced by CRLF the next time Git touches it
warning: in the working copy of 'reports/WC-U450/20260907T170300Z-closeout/normal1080-opening/match-0-seat-0-pid-72380-frames.csv', LF will be replaced by CRLF the next time Git touches it
warning: in the working copy of 'reports/WC-U450/20260907T170300Z-closeout/normal1080-opening/match-0-seat-0-pid-72380-snapshots.jsonl', LF will be replaced by CRLF the next time Git touches it
warning: in the working copy of 'reports/WC-U450/20260907T170300Z-closeout/normal1080-opening/match-1-seat-0-pid-72380-commands.jsonl', LF will be replaced by CRLF the next time Git touches it
warning: in the working copy of 'reports/WC-U450/20260907T170300Z-closeout/normal1080-opening/match-1-seat-0-pid-72380-frames.csv', LF will be replaced by CRLF the next time Git touches it
warning: in the working copy of 'reports/WC-U450/20260907T170300Z-closeout/normal1080-opening/match-1-seat-0-pid-72380-snapshots.jsonl', LF will be replaced by CRLF the next time Git touches it
warning: in the working copy of 'reports/WC-U450/20260907T170300Z-closeout/restart/match-0-seat-0-pid-40584-frames.csv', LF will be replaced by CRLF the next time Git touches it
warning: in the working copy of 'reports/WC-U450/20260907T170300Z-closeout/restart/match-0-seat-0-pid-40584-snapshots.jsonl', LF will be replaced by CRLF the next time Git touches it
warning: in the working copy of 'reports/WC-U450/20260907T170300Z-closeout/restart/match-1-seat-0-pid-40584-commands.jsonl', LF will be replaced by CRLF the next time Git touches it
warning: in the working copy of 'reports/WC-U450/20260907T170300Z-closeout/restart/match-1-seat-0-pid-40584-frames.csv', LF will be replaced by CRLF the next time Git touches it
warning: in the working copy of 'reports/WC-U450/20260907T170300Z-closeout/restart/match-1-seat-0-pid-40584-skill-shots.jsonl', LF will be replaced by CRLF the next time Git touches it
warning: in the working copy of 'reports/WC-U450/20260907T170300Z-closeout/restart/match-1-seat-0-pid-40584-snapshots.jsonl', LF will be replaced by CRLF the next time Git touches it
warning: in the working copy of 'reports/WC-U450/20260907T170300Z-closeout/restart/match-2-seat-0-pid-40584-commands.jsonl', LF will be replaced by CRLF the next time Git touches it
warning: in the working copy of 'reports/WC-U450/20260907T170300Z-closeout/restart/match-2-seat-0-pid-40584-frames.csv', LF will be replaced by CRLF the next time Git touches it
warning: in the working copy of 'reports/WC-U450/20260907T170300Z-closeout/restart/match-2-seat-0-pid-40584-skill-shots.jsonl', LF will be replaced by CRLF the next time Git touches it
warning: in the working copy of 'reports/WC-U450/20260907T170300Z-closeout/restart/match-2-seat-0-pid-40584-snapshots.jsonl', LF will be replaced by CRLF the next time Git touches it
[main 488fb4d7] Preserve Wonder Chess research and execution evidence batch 13
 728 files changed, 1992460 insertions(+)
 create mode 100644 reports/WC-U450/20260906T163731Z/r2-packaged100/regression.json
 create mode 100644 reports/WC-U450/20260906T164029Z/r2-package-audit/audit-console.log
 create mode 100644 reports/WC-U450/20260906T164029Z/r2-package-audit/audit/HANDOFF.md
 create mode 100644 reports/WC-U450/20260906T164029Z/r2-package-audit/audit/regression-analysis.json
 create mode 100644 reports/WC-U450/20260906T164029Z/r2-package-audit/extract.log
 create mode 100644 reports/WC-U450/20260906T164029Z/r2-package-audit/extracted/WonderChess/Content/WonderChess/SourceData/asset_manifest.json
 create mode 100644 reports/WC-U450/20260906T164029Z/r2-package-audit/extracted/WonderChess/Content/WonderChess/SourceData/bots.json
 create mode 100644 reports/WC-U450/20260906T164029Z/r2-package-audit/extracted/WonderChess/Content/WonderChess/SourceData/generated/catalog_digest.json
 create mode 100644 reports/WC-U450/20260906T164029Z/r2-package-audit/extracted/WonderChess/Content/WonderChess/SourceData/generated/unreal/DT_Abilities_Alpha.json
 create mode 100644 reports/WC-U450/20260906T164029Z/r2-package-audit/extracted/WonderChess/Content/WonderChess/SourceData/generated/unreal/DT_Units_Alpha.json
 create mode 100644 reports/WC-U450/20260906T164029Z/r2-package-audit/extracted/WonderChess/Content/WonderChess/SourceData/locales/en.json
 create mode 100644 reports/WC-U450/20260906T164029Z/r2-package-audit/extracted/WonderChess/Content/WonderChess/SourceData/locales/id.json
 create mode 100644 reports/WC-U450/20260906T164029Z/r2-package-audit/extracted/WonderChess/Content/WonderChess/SourceData/neutrals.json
 create mode 100644 reports/WC-U450/20260906T164029Z/r2-package-audit/extracted/WonderChess/Content/WonderChess/SourceData/rules.alpha.json
 create mode 100644 reports/WC-U450/20260906T164029Z/r2-package-audit/extracted/WonderChess/Content/WonderChess/SourceData/runtime_stage_manifest.json
 create mode 100644 reports/WC-U450/20260906T164029Z/r2-package-audit/extracted/WonderChess/Content/WonderChess/SourceData/traits.json
 create mode 100644 reports/WC-U450/20260906T164029Z/r2-package-audit/extracted/WonderChess/Content/WonderChess/SourceData/units.json
 create mode 100644 reports/WC-U450/20260906T164029Z/r2-package-audit/extracted/WonderChess/Content/WonderChess/SourceData/world.json
 create mode 100644 reports/WC-U450/20260906T164139Z/r2-loopback-2h6b/audit-console.log
 create mode 100644 reports/WC-U450/20260906T164139Z/r2-loopback-2h6b/audit/analysis.md
 create mode 100644 reports/WC-U450/20260906T164139Z/r2-loopback-2h6b/audit/client-frames.json
 create mode 100644 reports/WC-U450/20260906T164139Z/r2-loopback-2h6b/audit/host-frames.json
 create mode 100644 reports/WC-U450/20260906T164139Z/r2-loopback-2h6b/audit/network-analysis.json
 create mode 100644 reports/WC-U450/20260906T164139Z/r2-loopback-2h6b/audit/paired-state-audit.json
 create mode 100644 reports/WC-U450/20260906T164139Z/r2-loopback-2h6b/client/launch.json
 create mode 100644 reports/WC-U450/20260906T164139Z/r2-loopback-2h6b/client/match-0-seat-0-pid-50808-frames.csv
 create mode 100644 reports/WC-U450/20260906T164139Z/r2-loopback-2h6b/client/match-0-seat-0-pid-50808-phase--1-round-0.png
 create mode 100644 reports/WC-U450/20260906T164139Z/r2-loopback-2h6b/client/match-0-seat-0-pid-50808-session.json
 create mode 100644 reports/WC-U450/20260906T164139Z/r2-loopback-2h6b/client/match-0-seat-0-pid-50808-snapshots.jsonl
 create mode 100644 reports/WC-U450/20260906T164139Z/r2-loopback-2h6b/client/match-0-seat-1-pid-50808-frames.csv
 create mode 100644 reports/WC-U450/20260906T164139Z/r2-loopback-2h6b/client/match-0-seat-1-pid-50808-phase--1-round-0.png
 create mode 100644 reports/WC-U450/20260906T164139Z/r2-loopback-2h6b/client/match-0-seat-1-pid-50808-session.json
 create mode 100644 reports/WC-U450/20260906T164139Z/r2-loopback-2h6b/client/match-0-seat-1-pid-50808-snapshots.jsonl
 create mode 100644 reports/WC-U450/20260906T164139Z/r2-loopback-2h6b/client/match-1-seat-1-pid-50808-active-def-0.png
 create mode 100644 reports/WC-U450/20260906T164139Z/r2-loopback-2h6b/client/match-1-seat-1-pid-50808-active-def-1.png
 create mode 100644 reports/WC-U450/20260906T164139Z/r2-loopback-2h6b/client/match-1-seat-1-pid-50808-active-def-10.png
 create mode 100644 reports/WC-U450/20260906T164139Z/r2-loopback-2h6b/client/match-1-seat-1-pid-50808-active-def-11.png
 create mode 100644 reports/WC-U450/20260906T164139Z/r2-loopback-2h6b/client/match-1-seat-1-pid-50808-active-def-12.png
 create mode 100644 reports/WC-U450/20260906T164139Z/r2-loopback-2h6b/client/match-1-seat-1-pid-50808-active-def-15.png
 create mode 100644 reports/WC-U450/20260906T164139Z/r2-loopback-2h6b/client/match-1-seat-1-pid-50808-active-def-16.png
 create mode 100644 reports/WC-U450/20260906T164139Z/r2-loopback-2h6b/client/match-1-seat-1-pid-50808-active-def-17.png
 create mode 100644 reports/WC-U450/20260906T164139Z/r2-loopback-2h6b/client/match-1-seat-1-pid-50808-active-def-18.png
 create mode 100644 reports/WC-U450/20260906T164139Z/r2-loopback-2h6b/client/match-1-seat-1-pid-50808-active-def-19.png
 create mode 100644 reports/WC-U450/20260906T164139Z/r2-loopback-2h6b/client/match-1-seat-1-pid-50808-active-def-2.png
 create mode 100644 reports/WC-U450/20260906T164139Z/r2-loopback-2h6b/client/match-1-seat-1-pid-50808-active-def-20.png
 create mode 100644 reports/WC-U450/20260906T164139Z/r2-loopback-2h6b/client/match-1-seat-1-pid-50808-active-def-22.png
 create mode 100644 reports/WC-U450/20260906T164139Z/r2-loopback-2h6b/client/match-1-seat-1-pid-50808-active-def-23.png
 create mode 100644 reports/WC-U450/20260906T164139Z/r2-loopback-2h6b/client/match-1-seat-1-pid-50808-active-def-3.png
 create mode 100644 reports/WC-U450/20260906T164139Z/r2-loopback-2h6b/client/match-1-seat-1-pid-50808-active-def-4.png
 create mode 100644 reports/WC-U450/20260906T164139Z/r2-loopback-2h6b/client/match-1-seat-1-pid-50808-active-def-6.png
 create mode 100644 reports/WC-U450/20260906T164139Z/r2-loopback-2h6b/client/match-1-seat-1-pid-50808-active-def-7.png
 create mode 100644 reports/WC-U450/20260906T164139Z/r2-loopback-2h6b/client/match-1-seat-1-pid-50808-active-def-8.png
 create mode 100644 reports/WC-U450/20260906T164139Z/r2-loopback-2h6b/client/match-1-seat-1-pid-50808-active-def-9.png
 create mode 100644 reports/WC-U450/20260906T164139Z/r2-loopback-2h6b/client/match-1-seat-1-pid-50808-commands.jsonl
 create mode 100644 reports/WC-U450/20260906T164139Z/r2-loopback-2h6b/client/match-1-seat-1-pid-50808-frames.csv
 create mode 100644 reports/WC-U450/20260906T164139Z/r2-loopback-2h6b/client/match-1-seat-1-pid-50808-phase-0-round-1.png
 create mode 100644 reports/WC-U450/20260906T164139Z/r2-loopback-2h6b/client/match-1-seat-1-pid-50808-phase-0-round-10.png
 create mode 100644 reports/WC-U450/20260906T164139Z/r2-loopback-2h6b/client/match-1-seat-1-pid-50808-phase-0-round-11.png
 create mode 100644 reports/WC-U450/20260906T164139Z/r2-loopback-2h6b/client/match-1-seat-1-pid-50808-phase-0-round-12.png
 create mode 100644 reports/WC-U450/20260906T164139Z/r2-loopback-2h6b/client/match-1-seat-1-pid-50808-phase-0-round-13.png
 create mode 100644 reports/WC-U450/20260906T164139Z/r2-loopback-2h6b/client/match-1-seat-1-pid-50808-phase-0-round-14.png
 create mode 100644 reports/WC-U450/20260906T164139Z/r2-loopback-2h6b/client/match-1-seat-1-pid-50808-phase-0-round-15.png
 create mode 100644 reports/WC-U450/20260906T164139Z/r2-loopback-2h6b/client/match-1-seat-1-pid-50808-phase-0-round-16.png
 create mode 100644 reports/WC-U450/20260906T164139Z/r2-loopback-2h6b/client/match-1-seat-1-pid-50808-phase-0-round-19.png
 create mode 100644 reports/WC-U450/20260906T164139Z/r2-loopback-2h6b/client/match-1-seat-1-pid-50808-phase-0-round-2.png
 create mode 100644 reports/WC-U450/20260906T164139Z/r2-loopback-2h6b/client/match-1-seat-1-pid-50808-phase-0-round-21.png
 create mode 100644 reports/WC-U450/20260906T164139Z/r2-loopback-2h6b/client/match-1-seat-1-pid-50808-phase-0-round-22.png
 create mode 100644 reports/WC-U450/20260906T164139Z/r2-loopback-2h6b/client/match-1-seat-1-pid-50808-phase-0-round-25.png
 create mode 100644 reports/WC-U450/20260906T164139Z/r2-loopback-2h6b/client/match-1-seat-1-pid-50808-phase-0-round-3.png
 create mode 100644 reports/WC-U450/20260906T164139Z/r2-loopback-2h6b/client/match-1-seat-1-pid-50808-phase-0-round-4.png
 create mode 100644 reports/WC-U450/20260906T164139Z/r2-loopback-2h6b/client/match-1-seat-1-pid-50808-phase-0-round-5.png
 create mode 100644 reports/WC-U450/20260906T164139Z/r2-loopback-2h6b/client/match-1-seat-1-pid-50808-phase-0-round-6.png
 create mode 100644 reports/WC-U450/20260906T164139Z/r2-loopback-2h6b/client/match-1-seat-1-pid-50808-phase-0-round-7.png
 create mode 100644 reports/WC-U450/20260906T164139Z/r2-loopback-2h6b/client/match-1-seat-1-pid-50808-phase-0-round-8.png
 create mode 100644 reports/WC-U450/20260906T164139Z/r2-loopback-2h6b/client/match-1-seat-1-pid-50808-phase-0-round-9.png
 create mode 100644 reports/WC-U450/20260906T164139Z/r2-loopback-2h6b/client/match-1-seat-1-pid-50808-phase-1-round-1.png
 create mode 100644 reports/WC-U450/20260906T164139Z/r2-loopback-2h6b/client/match-1-seat-1-pid-50808-phase-1-round-10.png
 create mode 100644 reports/WC-U450/20260906T164139Z/r2-loopback-2h6b/client/match-1-seat-1-pid-50808-phase-1-round-11.png
 create mode 100644 reports/WC-U450/20260906T164139Z/r2-loopback-2h6b/client/match-1-seat-1-pid-50808-phase-1-round-12.png
 create mode 100644 reports/WC-U450/20260906T164139Z/r2-loopback-2h6b/client/match-1-seat-1-pid-50808-phase-1-round-13.png
 create mode 100644 reports/WC-U450/20260906T164139Z/r2-loopback-2h6b/client/match-1-seat-1-pid-50808-phase-1-round-14.png
 create mode 100644 reports/WC-U450/20260906T164139Z/r2-loopback-2h6b/client/match-1-seat-1-pid-50808-phase-1-round-15.png
 create mode 100644 reports/WC-U450/20260906T164139Z/r2-loopback-2h6b/client/match-1-seat-1-pid-50808-phase-1-round-16.png
 create mode 100644 reports/WC-U450/20260906T164139Z/r2-loopback-2h6b/client/match-1-seat-1-pid-50808-phase-1-round-17.png
 create mode 100644 reports/WC-U450/20260906T164139Z/r2-loopback-2h6b/client/match-1-seat-1-pid-50808-phase-1-round-18.png
 create mode 100644 reports/WC-U450/20260906T164139Z/r2-loopback-2h6b/client/match-1-seat-1-pid-50808-phase-1-round-19.png
 create mode 100644 reports/WC-U450/20260906T164139Z/r2-loopback-2h6b/client/match-1-seat-1-pid-50808-phase-1-round-2.png
 create mode 100644 reports/WC-U450/20260906T164139Z/r2-loopback-2h6b/client/match-1-seat-1-pid-50808-phase-1-round-20.png
 create mode 100644 reports/WC-U450/20260906T164139Z/r2-loopback-2h6b/client/match-1-seat-1-pid-50808-phase-1-round-21.png
 create mode 100644 reports/WC-U450/20260906T164139Z/r2-loopback-2h6b/client/match-1-seat-1-pid-50808-phase-1-round-22.png
 create mode 100644 reports/WC-U450/20260906T164139Z/r2-loopback-2h6b/client/match-1-seat-1-pid-50808-phase-1-round-23.png
 create mode 100644 reports/WC-U450/20260906T164139Z/r2-loopback-2h6b/client/match-1-seat-1-pid-50808-phase-1-round-24.png
 create mode 100644 reports/WC-U450/20260906T164139Z/r2-loopback-2h6b/client/match-1-seat-1-pid-50808-phase-1-round-25.png
 create mode 100644 reports/WC-U450/20260906T164139Z/r2-loopback-2h6b/client/match-1-seat-1-pid-50808-phase-1-round-26.png
 create mode 100644 reports/WC-U450/20260906T164139Z/r2-loopback-2h6b/client/match-1-seat-1-pid-50808-phase-1-round-27.png
 create mode 100644 reports/WC-U450/20260906T164139Z/r2-loopback-2h6b/client/match-1-seat-1-pid-50808-phase-1-round-28.png
 create mode 100644 reports/WC-U450/20260906T164139Z/r2-loopback-2h6b/client/match-1-seat-1-pid-50808-phase-1-round-29.png
 create mode 100644 reports/WC-U450/20260906T164139Z/r2-loopback-2h6b/client/match-1-seat-1-pid-50808-phase-1-round-3.png
 create mode 100644 reports/WC-U450/20260906T164139Z/r2-loopback-2h6b/client/match-1-seat-1-pid-50808-phase-1-round-30.png
 create mode 100644 reports/WC-U450/20260906T164139Z/r2-loopback-2h6b/client/match-1-seat-1-pid-50808-phase-1-round-31.png
 create mode 100644 reports/WC-U450/20260906T164139Z/r2-loopback-2h6b/client/match-1-seat-1-pid-50808-phase-1-round-32.png
 create mode 100644 reports/WC-U450/20260906T164139Z/r2-loopback-2h6b/client/match-1-seat-1-pid-50808-phase-1-round-33.png
 create mode 100644 reports/WC-U450/20260906T164139Z/r2-loopback-2h6b/client/match-1-seat-1-pid-50808-phase-1-round-4.png
 create mode 100644 reports/WC-U450/20260906T164139Z/r2-loopback-2h6b/client/match-1-seat-1-pid-50808-phase-1-round-5.png
 create mode 100644 reports/WC-U450/20260906T164139Z/r2-loopback-2h6b/client/match-1-seat-1-pid-50808-phase-1-round-6.png
 create mode 100644 reports/WC-U450/20260906T164139Z/r2-loopback-2h6b/client/match-1-seat-1-pid-50808-phase-1-round-7.png
 create mode 100644 reports/WC-U450/20260906T164139Z/r2-loopback-2h6b/client/match-1-seat-1-pid-50808-phase-1-round-8.png
 create mode 100644 reports/WC-U450/20260906T164139Z/r2-loopback-2h6b/client/match-1-seat-1-pid-50808-phase-1-round-9.png
 create mode 100644 reports/WC-U450/20260906T164139Z/r2-loopback-2h6b/client/match-1-seat-1-pid-50808-phase-2-round-1.png
 create mode 100644 reports/WC-U450/20260906T164139Z/r2-loopback-2h6b/client/match-1-seat-1-pid-50808-phase-2-round-10.png
 create mode 100644 reports/WC-U450/20260906T164139Z/r2-loopback-2h6b/client/match-1-seat-1-pid-50808-phase-2-round-11.png
 create mode 100644 reports/WC-U450/20260906T164139Z/r2-loopback-2h6b/client/match-1-seat-1-pid-50808-phase-2-round-12.png
 create mode 100644 reports/WC-U450/20260906T164139Z/r2-loopback-2h6b/client/match-1-seat-1-pid-50808-phase-2-round-13.png
 create mode 100644 reports/WC-U450/20260906T164139Z/r2-loopback-2h6b/client/match-1-seat-1-pid-50808-phase-2-round-14.png
 create mode 100644 reports/WC-U450/20260906T164139Z/r2-loopback-2h6b/client/match-1-seat-1-pid-50808-phase-2-round-15.png
 create mode 100644 reports/WC-U450/20260906T164139Z/r2-loopback-2h6b/client/match-1-seat-1-pid-50808-phase-2-round-16.png
 create mode 100644 reports/WC-U450/20260906T164139Z/r2-loopback-2h6b/client/match-1-seat-1-pid-50808-phase-2-round-17.png
 create mode 100644 reports/WC-U450/20260906T164139Z/r2-loopback-2h6b/client/match-1-seat-1-pid-50808-phase-2-round-18.png
 create mode 100644 reports/WC-U450/20260906T164139Z/r2-loopback-2h6b/client/match-1-seat-1-pid-50808-phase-2-round-19.png
 create mode 100644 reports/WC-U450/20260906T164139Z/r2-loopback-2h6b/client/match-1-seat-1-pid-50808-phase-2-round-2.png
 create mode 100644 reports/WC-U450/20260906T164139Z/r2-loopback-2h6b/client/match-1-seat-1-pid-50808-phase-2-round-20.png
 create mode 100644 reports/WC-U450/20260906T164139Z/r2-loopback-2h6b/client/match-1-seat-1-pid-50808-phase-2-round-21.png
 create mode 100644 reports/WC-U450/20260906T164139Z/r2-loopback-2h6b/client/match-1-seat-1-pid-50808-phase-2-round-22.png
 create mode 100644 reports/WC-U450/20260906T164139Z/r2-loopback-2h6b/client/match-1-seat-1-pid-50808-phase-2-round-23.png
 create mode 100644 reports/WC-U450/20260906T164139Z/r2-loopback-2h6b/client/match-1-seat-1-pid-50808-phase-2-round-24.png
 create mode 100644 reports/WC-U450/20260906T164139Z/r2-loopback-2h6b/client/match-1-seat-1-pid-50808-phase-2-round-25.png
 create mode 100644 reports/WC-U450/20260906T164139Z/r2-loopback-2h6b/client/match-1-seat-1-pid-50808-phase-2-round-26.png
 create mode 100644 reports/WC-U450/20260906T164139Z/r2-loopback-2h6b/client/match-1-seat-1-pid-50808-phase-2-round-27.png
 create mode 100644 reports/WC-U450/20260906T164139Z/r2-loopback-2h6b/client/match-1-seat-1-pid-50808-phase-2-round-28.png
 create mode 100644 reports/WC-U450/20260906T164139Z/r2-loopback-2h6b/client/match-1-seat-1-pid-50808-phase-2-round-29.png
 create mode 100644 reports/WC-U450/20260906T164139Z/r2-loopback-2h6b/client/match-1-seat-1-pid-50808-phase-2-round-3.png
 create mode 100644 reports/WC-U450/20260906T164139Z/r2-loopback-2h6b/client/match-1-seat-1-pid-50808-phase-2-round-30.png
 create mode 100644 reports/WC-U450/20260906T164139Z/r2-loopback-2h6b/client/match-1-seat-1-pid-50808-phase-2-round-31.png
 create mode 100644 reports/WC-U450/20260906T164139Z/r2-loopback-2h6b/client/match-1-seat-1-pid-50808-phase-2-round-32.png
 create mode 100644 reports/WC-U450/20260906T164139Z/r2-loopback-2h6b/client/match-1-seat-1-pid-50808-phase-2-round-4.png
 create mode 100644 reports/WC-U450/20260906T164139Z/r2-loopback-2h6b/client/match-1-seat-1-pid-50808-phase-2-round-5.png
 create mode 100644 reports/WC-U450/20260906T164139Z/r2-loopback-2h6b/client/match-1-seat-1-pid-50808-phase-2-round-6.png
 create mode 100644 reports/WC-U450/20260906T164139Z/r2-loopback-2h6b/client/match-1-seat-1-pid-50808-phase-2-round-7.png
 create mode 100644 reports/WC-U450/20260906T164139Z/r2-loopback-2h6b/client/match-1-seat-1-pid-50808-phase-2-round-8.png
 create mode 100644 reports/WC-U450/20260906T164139Z/r2-loopback-2h6b/client/match-1-seat-1-pid-50808-phase-2-round-9.png
 create mode 100644 reports/WC-U450/20260906T164139Z/r2-loopback-2h6b/client/match-1-seat-1-pid-50808-phase-3-round-33.png
 create mode 100644 reports/WC-U450/20260906T164139Z/r2-loopback-2h6b/client/match-1-seat-1-pid-50808-session.json
 create mode 100644 reports/WC-U450/20260906T164139Z/r2-loopback-2h6b/client/match-1-seat-1-pid-50808-skill-shots.jsonl
 create mode 100644 reports/WC-U450/20260906T164139Z/r2-loopback-2h6b/client/match-1-seat-1-pid-50808-snapshots.jsonl
 create mode 100644 reports/WC-U450/20260906T164139Z/r2-loopback-2h6b/client/session.json
 create mode 100644 reports/WC-U450/20260906T164139Z/r2-loopback-2h6b/host/launch.json
 create mode 100644 reports/WC-U450/20260906T164139Z/r2-loopback-2h6b/host/match-0-seat-0-pid-36440-frames.csv
 create mode 100644 reports/WC-U450/20260906T164139Z/r2-loopback-2h6b/host/match-0-seat-0-pid-36440-phase--1-round-0.png
 create mode 100644 reports/WC-U450/20260906T164139Z/r2-loopback-2h6b/host/match-0-seat-0-pid-36440-session.json
 create mode 100644 reports/WC-U450/20260906T164139Z/r2-loopback-2h6b/host/match-0-seat-0-pid-36440-snapshots.jsonl
 create mode 100644 reports/WC-U450/20260906T164139Z/r2-loopback-2h6b/host/match-1-seat-0-pid-36440-active-def-0.png
 create mode 100644 reports/WC-U450/20260906T164139Z/r2-loopback-2h6b/host/match-1-seat-0-pid-36440-active-def-1.png
 create mode 100644 reports/WC-U450/20260906T164139Z/r2-loopback-2h6b/host/match-1-seat-0-pid-36440-active-def-10.png
 create mode 100644 reports/WC-U450/20260906T164139Z/r2-loopback-2h6b/host/match-1-seat-0-pid-36440-active-def-11.png
 create mode 100644 reports/WC-U450/20260906T164139Z/r2-loopback-2h6b/host/match-1-seat-0-pid-36440-active-def-12.png
 create mode 100644 reports/WC-U450/20260906T164139Z/r2-loopback-2h6b/host/match-1-seat-0-pid-36440-active-def-15.png
 create mode 100644 reports/WC-U450/20260906T164139Z/r2-loopback-2h6b/host/match-1-seat-0-pid-36440-active-def-16.png
 create mode 100644 reports/WC-U450/20260906T164139Z/r2-loopback-2h6b/host/match-1-seat-0-pid-36440-active-def-17.png
 create mode 100644 reports/WC-U450/20260906T164139Z/r2-loopback-2h6b/host/match-1-seat-0-pid-36440-active-def-18.png
 create mode 100644 reports/WC-U450/20260906T164139Z/r2-loopback-2h6b/host/match-1-seat-0-pid-36440-active-def-19.png
 create mode 100644 reports/WC-U450/20260906T164139Z/r2-loopback-2h6b/host/match-1-seat-0-pid-36440-active-def-2.png
 create mode 100644 reports/WC-U450/20260906T164139Z/r2-loopback-2h6b/host/match-1-seat-0-pid-36440-active-def-20.png
 create mode 100644 reports/WC-U450/20260906T164139Z/r2-loopback-2h6b/host/match-1-seat-0-pid-36440-active-def-22.png
 create mode 100644 reports/WC-U450/20260906T164139Z/r2-loopback-2h6b/host/match-1-seat-0-pid-36440-active-def-23.png
 create mode 100644 reports/WC-U450/20260906T164139Z/r2-loopback-2h6b/host/match-1-seat-0-pid-36440-active-def-3.png
 create mode 100644 reports/WC-U450/20260906T164139Z/r2-loopback-2h6b/host/match-1-seat-0-pid-36440-active-def-4.png
 create mode 100644 reports/WC-U450/20260906T164139Z/r2-loopback-2h6b/host/match-1-seat-0-pid-36440-active-def-5.png
 create mode 100644 reports/WC-U450/20260906T164139Z/r2-loopback-2h6b/host/match-1-seat-0-pid-36440-active-def-6.png
 create mode 100644 reports/WC-U450/20260906T164139Z/r2-loopback-2h6b/host/match-1-seat-0-pid-36440-active-def-7.png
 create mode 100644 reports/WC-U450/20260906T164139Z/r2-loopback-2h6b/host/match-1-seat-0-pid-36440-active-def-8.png
 create mode 100644 reports/WC-U450/20260906T164139Z/r2-loopback-2h6b/host/match-1-seat-0-pid-36440-active-def-9.png
 create mode 100644 reports/WC-U450/20260906T164139Z/r2-loopback-2h6b/host/match-1-seat-0-pid-36440-commands.jsonl
 create mode 100644 reports/WC-U450/20260906T164139Z/r2-loopback-2h6b/host/match-1-seat-0-pid-36440-frames.csv
 create mode 100644 reports/WC-U450/20260906T164139Z/r2-loopback-2h6b/host/match-1-seat-0-pid-36440-phase-0-round-1.png
 create mode 100644 reports/WC-U450/20260906T164139Z/r2-loopback-2h6b/host/match-1-seat-0-pid-36440-phase-0-round-10.png
 create mode 100644 reports/WC-U450/20260906T164139Z/r2-loopback-2h6b/host/match-1-seat-0-pid-36440-phase-0-round-11.png
 create mode 100644 reports/WC-U450/20260906T164139Z/r2-loopback-2h6b/host/match-1-seat-0-pid-36440-phase-0-round-12.png
 create mode 100644 reports/WC-U450/20260906T164139Z/r2-loopback-2h6b/host/match-1-seat-0-pid-36440-phase-0-round-13.png
 create mode 100644 reports/WC-U450/20260906T164139Z/r2-loopback-2h6b/host/match-1-seat-0-pid-36440-phase-0-round-14.png
 create mode 100644 reports/WC-U450/20260906T164139Z/r2-loopback-2h6b/host/match-1-seat-0-pid-36440-phase-0-round-15.png
 create mode 100644 reports/WC-U450/20260906T164139Z/r2-loopback-2h6b/host/match-1-seat-0-pid-36440-phase-0-round-16.png
 create mode 100644 reports/WC-U450/20260906T164139Z/r2-loopback-2h6b/host/match-1-seat-0-pid-36440-phase-0-round-19.png
 create mode 100644 reports/WC-U450/20260906T164139Z/r2-loopback-2h6b/host/match-1-seat-0-pid-36440-phase-0-round-2.png
 create mode 100644 reports/WC-U450/20260906T164139Z/r2-loopback-2h6b/host/match-1-seat-0-pid-36440-phase-0-round-21.png
 create mode 100644 reports/WC-U450/20260906T164139Z/r2-loopback-2h6b/host/match-1-seat-0-pid-36440-phase-0-round-22.png
 create mode 100644 reports/WC-U450/20260906T164139Z/r2-loopback-2h6b/host/match-1-seat-0-pid-36440-phase-0-round-25.png
 create mode 100644 reports/WC-U450/20260906T164139Z/r2-loopback-2h6b/host/match-1-seat-0-pid-36440-phase-0-round-3.png
 create mode 100644 reports/WC-U450/20260906T164139Z/r2-loopback-2h6b/host/match-1-seat-0-pid-36440-phase-0-round-4.png
 create mode 100644 reports/WC-U450/20260906T164139Z/r2-loopback-2h6b/host/match-1-seat-0-pid-36440-phase-0-round-5.png
 create mode 100644 reports/WC-U450/20260906T164139Z/r2-loopback-2h6b/host/match-1-seat-0-pid-36440-phase-0-round-6.png
 create mode 100644 reports/WC-U450/20260906T164139Z/r2-loopback-2h6b/host/match-1-seat-0-pid-36440-phase-0-round-7.png
 create mode 100644 reports/WC-U450/20260906T164139Z/r2-loopback-2h6b/host/match-1-seat-0-pid-36440-phase-0-round-8.png
 create mode 100644 reports/WC-U450/20260906T164139Z/r2-loopback-2h6b/host/match-1-seat-0-pid-36440-phase-0-round-9.png
 create mode 100644 reports/WC-U450/20260906T164139Z/r2-loopback-2h6b/host/match-1-seat-0-pid-36440-phase-1-round-1.png
 create mode 100644 reports/WC-U450/20260906T164139Z/r2-loopback-2h6b/host/match-1-seat-0-pid-36440-phase-1-round-10.png
 create mode 100644 reports/WC-U450/20260906T164139Z/r2-loopback-2h6b/host/match-1-seat-0-pid-36440-phase-1-round-11.png
 create mode 100644 reports/WC-U450/20260906T164139Z/r2-loopback-2h6b/host/match-1-seat-0-pid-36440-phase-1-round-12.png
 create mode 100644 reports/WC-U450/20260906T164139Z/r2-loopback-2h6b/host/match-1-seat-0-pid-36440-phase-1-round-13.png
 create mode 100644 reports/WC-U450/20260906T164139Z/r2-loopback-2h6b/host/match-1-seat-0-pid-36440-phase-1-round-14.png
 create mode 100644 reports/WC-U450/20260906T164139Z/r2-loopback-2h6b/host/match-1-seat-0-pid-36440-phase-1-round-15.png
 create mode 100644 reports/WC-U450/20260906T164139Z/r2-loopback-2h6b/host/match-1-seat-0-pid-36440-phase-1-round-16.png
 create mode 100644 reports/WC-U450/20260906T164139Z/r2-loopback-2h6b/host/match-1-seat-0-pid-36440-phase-1-round-17.png
 create mode 100644 reports/WC-U450/20260906T164139Z/r2-loopback-2h6b/host/match-1-seat-0-pid-36440-phase-1-round-18.png
 create mode 100644 reports/WC-U450/20260906T164139Z/r2-loopback-2h6b/host/match-1-seat-0-pid-36440-phase-1-round-19.png
 create mode 100644 reports/WC-U450/20260906T164139Z/r2-loopback-2h6b/host/match-1-seat-0-pid-36440-phase-1-round-2.png
 create mode 100644 reports/WC-U450/20260906T164139Z/r2-loopback-2h6b/host/match-1-seat-0-pid-36440-phase-1-round-20.png
 create mode 100644 reports/WC-U450/20260906T164139Z/r2-loopback-2h6b/host/match-1-seat-0-pid-36440-phase-1-round-21.png
 create mode 100644 reports/WC-U450/20260906T164139Z/r2-loopback-2h6b/host/match-1-seat-0-pid-36440-phase-1-round-22.png
 create mode 100644 reports/WC-U450/20260906T164139Z/r2-loopback-2h6b/host/match-1-seat-0-pid-36440-phase-1-round-23.png
 create mode 100644 reports/WC-U450/20260906T164139Z/r2-loopback-2h6b/host/match-1-seat-0-pid-36440-phase-1-round-24.png
 create mode 100644 reports/WC-U450/20260906T164139Z/r2-loopback-2h6b/host/match-1-seat-0-pid-36440-phase-1-round-25.png
 create mode 100644 reports/WC-U450/20260906T164139Z/r2-loopback-2h6b/host/match-1-seat-0-pid-36440-phase-1-round-26.png
 create mode 100644 reports/WC-U450/20260906T164139Z/r2-loopback-2h6b/host/match-1-seat-0-pid-36440-phase-1-round-27.png
 create mode 100644 reports/WC-U450/20260906T164139Z/r2-loopback-2h6b/host/match-1-seat-0-pid-36440-phase-1-round-28.png
 create mode 100644 reports/WC-U450/20260906T164139Z/r2-loopback-2h6b/host/match-1-seat-0-pid-36440-phase-1-round-29.png
 create mode 100644 reports/WC-U450/20260906T164139Z/r2-loopback-2h6b/host/match-1-seat-0-pid-36440-phase-1-round-3.png
 create mode 100644 reports/WC-U450/20260906T164139Z/r2-loopback-2h6b/host/match-1-seat-0-pid-36440-phase-1-round-30.png
 create mode 100644 reports/WC-U450/20260906T164139Z/r2-loopback-2h6b/host/match-1-seat-0-pid-36440-phase-1-round-31.png
 create mode 100644 reports/WC-U450/20260906T164139Z/r2-loopback-2h6b/host/match-1-seat-0-pid-36440-phase-1-round-32.png
 create mode 100644 reports/WC-U450/20260906T164139Z/r2-loopback-2h6b/host/match-1-seat-0-pid-36440-phase-1-round-33.png
 create mode 100644 reports/WC-U450/20260906T164139Z/r2-loopback-2h6b/host/match-1-seat-0-pid-36440-phase-1-round-4.png
 create mode 100644 reports/WC-U450/20260906T164139Z/r2-loopback-2h6b/host/match-1-seat-0-pid-36440-phase-1-round-5.png
 create mode 100644 reports/WC-U450/20260906T164139Z/r2-loopback-2h6b/host/match-1-seat-0-pid-36440-phase-1-round-6.png
 create mode 100644 reports/WC-U450/20260906T164139Z/r2-loopback-2h6b/host/match-1-seat-0-pid-36440-phase-1-round-7.png
 create mode 100644 reports/WC-U450/20260906T164139Z/r2-loopback-2h6b/host/match-1-seat-0-pid-36440-phase-1-round-8.png
 create mode 100644 reports/WC-U450/20260906T164139Z/r2-loopback-2h6b/host/match-1-seat-0-pid-36440-phase-1-round-9.png
 create mode 100644 reports/WC-U450/20260906T164139Z/r2-loopback-2h6b/host/match-1-seat-0-pid-36440-phase-2-round-1.png
 create mode 100644 reports/WC-U450/20260906T164139Z/r2-loopback-2h6b/host/match-1-seat-0-pid-36440-phase-2-round-10.png
 create mode 100644 reports/WC-U450/20260906T164139Z/r2-loopback-2h6b/host/match-1-seat-0-pid-36440-phase-2-round-11.png
 create mode 100644 reports/WC-U450/20260906T164139Z/r2-loopback-2h6b/host/match-1-seat-0-pid-36440-phase-2-round-12.png
 create mode 100644 reports/WC-U450/20260906T164139Z/r2-loopback-2h6b/host/match-1-seat-0-pid-36440-phase-2-round-13.png
 create mode 100644 reports/WC-U450/20260906T164139Z/r2-loopback-2h6b/host/match-1-seat-0-pid-36440-phase-2-round-14.png
 create mode 100644 reports/WC-U450/20260906T164139Z/r2-loopback-2h6b/host/match-1-seat-0-pid-36440-phase-2-round-15.png
 create mode 100644 reports/WC-U450/20260906T164139Z/r2-loopback-2h6b/host/match-1-seat-0-pid-36440-phase-2-round-16.png
 create mode 100644 reports/WC-U450/20260906T164139Z/r2-loopback-2h6b/host/match-1-seat-0-pid-36440-phase-2-round-17.png
 create mode 100644 reports/WC-U450/20260906T164139Z/r2-loopback-2h6b/host/match-1-seat-0-pid-36440-phase-2-round-18.png
 create mode 100644 reports/WC-U450/20260906T164139Z/r2-loopback-2h6b/host/match-1-seat-0-pid-36440-phase-2-round-19.png
 create mode 100644 reports/WC-U450/20260906T164139Z/r2-loopback-2h6b/host/match-1-seat-0-pid-36440-phase-2-round-2.png
 create mode 100644 reports/WC-U450/20260906T164139Z/r2-loopback-2h6b/host/match-1-seat-0-pid-36440-phase-2-round-20.png
 create mode 100644 reports/WC-U450/20260906T164139Z/r2-loopback-2h6b/host/match-1-seat-0-pid-36440-phase-2-round-21.png
 create mode 100644 reports/WC-U450/20260906T164139Z/r2-loopback-2h6b/host/match-1-seat-0-pid-36440-phase-2-round-22.png
 create mode 100644 reports/WC-U450/20260906T164139Z/r2-loopback-2h6b/host/match-1-seat-0-pid-36440-phase-2-round-23.png
 create mode 100644 reports/WC-U450/20260906T164139Z/r2-loopback-2h6b/host/match-1-seat-0-pid-36440-phase-2-round-24.png
 create mode 100644 reports/WC-U450/20260906T164139Z/r2-loopback-2h6b/host/match-1-seat-0-pid-36440-phase-2-round-25.png
 create mode 100644 reports/WC-U450/20260906T164139Z/r2-loopback-2h6b/host/match-1-seat-0-pid-36440-phase-2-round-26.png
 create mode 100644 reports/WC-U450/20260906T164139Z/r2-loopback-2h6b/host/match-1-seat-0-pid-36440-phase-2-round-27.png
 create mode 100644 reports/WC-U450/20260906T164139Z/r2-loopback-2h6b/host/match-1-seat-0-pid-36440-phase-2-round-28.png
 create mode 100644 reports/WC-U450/20260906T164139Z/r2-loopback-2h6b/host/match-1-seat-0-pid-36440-phase-2-round-29.png
 create mode 100644 reports/WC-U450/20260906T164139Z/r2-loopback-2h6b/host/match-1-seat-0-pid-36440-phase-2-round-3.png
 create mode 100644 reports/WC-U450/20260906T164139Z/r2-loopback-2h6b/host/match-1-seat-0-pid-36440-phase-2-round-30.png
 create mode 100644 reports/WC-U450/20260906T164139Z/r2-loopback-2h6b/host/match-1-seat-0-pid-36440-phase-2-round-31.png
 create mode 100644 reports/WC-U450/20260906T164139Z/r2-loopback-2h6b/host/match-1-seat-0-pid-36440-phase-2-round-32.png
 create mode 100644 reports/WC-U450/20260906T164139Z/r2-loopback-2h6b/host/match-1-seat-0-pid-36440-phase-2-round-4.png
 create mode 100644 reports/WC-U450/20260906T164139Z/r2-loopback-2h6b/host/match-1-seat-0-pid-36440-phase-2-round-5.png
 create mode 100644 reports/WC-U450/20260906T164139Z/r2-loopback-2h6b/host/match-1-seat-0-pid-36440-phase-2-round-6.png
 create mode 100644 reports/WC-U450/20260906T164139Z/r2-loopback-2h6b/host/match-1-seat-0-pid-36440-phase-2-round-7.png
 create mode 100644 reports/WC-U450/20260906T164139Z/r2-loopback-2h6b/host/match-1-seat-0-pid-36440-phase-2-round-8.png
 create mode 100644 reports/WC-U450/20260906T164139Z/r2-loopback-2h6b/host/match-1-seat-0-pid-36440-phase-2-round-9.png
 create mode 100644 reports/WC-U450/20260906T164139Z/r2-loopback-2h6b/host/match-1-seat-0-pid-36440-phase-3-round-33.png
 create mode 100644 reports/WC-U450/20260906T164139Z/r2-loopback-2h6b/host/match-1-seat-0-pid-36440-session.json
 create mode 100644 reports/WC-U450/20260906T164139Z/r2-loopback-2h6b/host/match-1-seat-0-pid-36440-skill-shots.jsonl
 create mode 100644 reports/WC-U450/20260906T164139Z/r2-loopback-2h6b/host/match-1-seat-0-pid-36440-snapshots.jsonl
 create mode 100644 reports/WC-U450/20260906T164139Z/r2-loopback-2h6b/host/session.json
 create mode 100644 reports/WC-U450/20260906T164139Z/r2-loopback-2h6b/trial.json
 create mode 100644 reports/WC-U450/20260906T164623Z-frontend-profile/HANDOFF.md
 create mode 100644 reports/WC-U450/20260906T164623Z-frontend-profile/frame-tests.log
 create mode 100644 reports/WC-U450/20260906T164623Z-frontend-profile/profile-csv-compatibility-fixed.log
 create mode 100644 reports/WC-U450/20260906T164623Z-frontend-profile/profile-csv-compatibility.log
 create mode 100644 reports/WC-U450/20260906T164623Z-frontend-profile/reference-tests.log
 create mode 100644 reports/WC-U450/20260906T164623Z-frontend-profile/test_profile_csv_compatibility.py
 create mode 100644 reports/WC-U450/20260906T164623Z-frontend-profile/test_profile_csv_compatibility_fixed.py
 create mode 100644 reports/WC-U450/20260906T165503Z-sylas-attack-window-review/REVIEW.md
 create mode 100644 reports/WC-U450/20260906T165900Z-sylas-windows/HANDOFF.md
 create mode 100644 reports/WC-U450/20260906T165900Z-sylas-windows/baseline/Simulation/WonderSimulation.h
 create mode 100644 reports/WC-U450/20260906T165900Z-sylas-windows/baseline/WonderSimulation.cpp
 create mode 100644 reports/WC-U450/20260906T165900Z-sylas-windows/native-01/CatalogFixture.h
 create mode 100644 reports/WC-U450/20260906T165900Z-sylas-windows/native-01/baseline-source/Simulation/WonderSimulation.h
 create mode 100644 reports/WC-U450/20260906T165900Z-sylas-windows/native-01/baseline-source/WonderSimulation.cpp
 create mode 100644 reports/WC-U450/20260906T165900Z-sylas-windows/native-01/baseline-source/WonderTournament.cpp
 create mode 100644 reports/WC-U450/20260906T165900Z-sylas-windows/native-01/baseline-source/runtime_tests.cpp
 create mode 100644 reports/WC-U450/20260906T165900Z-sylas-windows/native-01/baseline-source/update_contract_tests.h
 create mode 100644 reports/WC-U450/20260906T165900Z-sylas-windows/native-01/compile.cmd
 create mode 100644 reports/WC-U450/20260906T165900Z-sylas-windows/native-01/compile.log
 create mode 100644 reports/WC-U450/20260906T165900Z-sylas-windows/native-01/compiler-location.txt
 create mode 100644 reports/WC-U450/20260906T165900Z-sylas-windows/native-01/current-source/Presentation/WCAttackWindow.h
 create mode 100644 reports/WC-U450/20260906T165900Z-sylas-windows/native-01/current-source/Simulation/WonderSimulation.h
 create mode 100644 reports/WC-U450/20260906T165900Z-sylas-windows/native-01/current-source/WonderSimulation.cpp
 create mode 100644 reports/WC-U450/20260906T165900Z-sylas-windows/native-01/current-source/WonderTournament.cpp
 create mode 100644 reports/WC-U450/20260906T165900Z-sylas-windows/native-01/current-source/attack_window_tests.cpp
 create mode 100644 reports/WC-U450/20260906T165900Z-sylas-windows/native-01/current-source/runtime_tests.cpp
 create mode 100644 reports/WC-U450/20260906T165900Z-sylas-windows/native-01/current-source/update_contract_tests.h
 create mode 100644 reports/WC-U450/20260906T165900Z-sylas-windows/native-01/focused.log
 create mode 100644 reports/WC-U450/20260906T165900Z-sylas-windows/native-01/process.json
 create mode 100644 reports/WC-U450/20260906T165900Z-sylas-windows/native-02/CatalogFixture.h
 create mode 100644 reports/WC-U450/20260906T165900Z-sylas-windows/native-02/actual-attack-ordinals.csv
 create mode 100644 reports/WC-U450/20260906T165900Z-sylas-windows/native-02/baseline-source/Simulation/WonderSimulation.h
 create mode 100644 reports/WC-U450/20260906T165900Z-sylas-windows/native-02/baseline-source/WonderSimulation.cpp
 create mode 100644 reports/WC-U450/20260906T165900Z-sylas-windows/native-02/baseline-source/WonderTournament.cpp
 create mode 100644 reports/WC-U450/20260906T165900Z-sylas-windows/native-02/baseline-source/runtime_tests.cpp
 create mode 100644 reports/WC-U450/20260906T165900Z-sylas-windows/native-02/baseline-source/update_contract_tests.h
 create mode 100644 reports/WC-U450/20260906T165900Z-sylas-windows/native-02/baseline/ability-coverage.csv
 create mode 100644 reports/WC-U450/20260906T165900Z-sylas-windows/native-02/baseline/bot-decisions.csv
 create mode 100644 reports/WC-U450/20260906T165900Z-sylas-windows/native-02/baseline/compositions.csv
 create mode 100644 reports/WC-U450/20260906T165900Z-sylas-windows/native-02/baseline/encounter-outcomes.csv
 create mode 100644 reports/WC-U450/20260906T165900Z-sylas-windows/native-02/baseline/mirror-combats.csv
 create mode 100644 reports/WC-U450/20260906T165900Z-sylas-windows/native-02/baseline/round-economy.csv
 create mode 100644 reports/WC-U450/20260906T165900Z-sylas-windows/native-02/baseline/run.log
 create mode 100644 reports/WC-U450/20260906T165900Z-sylas-windows/native-02/baseline/tournaments.csv
 create mode 100644 reports/WC-U450/20260906T165900Z-sylas-windows/native-02/baseline/trait-coverage.csv
 create mode 100644 reports/WC-U450/20260906T165900Z-sylas-windows/native-02/compile.cmd
 create mode 100644 reports/WC-U450/20260906T165900Z-sylas-windows/native-02/compile.log
 create mode 100644 reports/WC-U450/20260906T165900Z-sylas-windows/native-02/compiler-location.txt
 create mode 100644 reports/WC-U450/20260906T165900Z-sylas-windows/native-02/current-source/Presentation/WCAttackWindow.h
 create mode 100644 reports/WC-U450/20260906T165900Z-sylas-windows/native-02/current-source/Simulation/WonderSimulation.h
 create mode 100644 reports/WC-U450/20260906T165900Z-sylas-windows/native-02/current-source/WonderSimulation.cpp
 create mode 100644 reports/WC-U450/20260906T165900Z-sylas-windows/native-02/current-source/WonderTournament.cpp
 create mode 100644 reports/WC-U450/20260906T165900Z-sylas-windows/native-02/current-source/attack_window_tests.cpp
 create mode 100644 reports/WC-U450/20260906T165900Z-sylas-windows/native-02/current-source/runtime_tests.cpp
 create mode 100644 reports/WC-U450/20260906T165900Z-sylas-windows/native-02/current-source/update_contract_tests.h
 create mode 100644 reports/WC-U450/20260906T165900Z-sylas-windows/native-02/current/ability-coverage.csv
 create mode 100644 reports/WC-U450/20260906T165900Z-sylas-windows/native-02/current/bot-decisions.csv
 create mode 100644 reports/WC-U450/20260906T165900Z-sylas-windows/native-02/current/compositions.csv
 create mode 100644 reports/WC-U450/20260906T165900Z-sylas-windows/native-02/current/encounter-outcomes.csv
 create mode 100644 reports/WC-U450/20260906T165900Z-sylas-windows/native-02/current/mirror-combats.csv
 create mode 100644 reports/WC-U450/20260906T165900Z-sylas-windows/native-02/current/round-economy.csv
 create mode 100644 reports/WC-U450/20260906T165900Z-sylas-windows/native-02/current/run.log
 create mode 100644 reports/WC-U450/20260906T165900Z-sylas-windows/native-02/current/tournaments.csv
 create mode 100644 reports/WC-U450/20260906T165900Z-sylas-windows/native-02/current/trait-coverage.csv
 create mode 100644 reports/WC-U450/20260906T165900Z-sylas-windows/native-02/equivalence.json
 create mode 100644 reports/WC-U450/20260906T165900Z-sylas-windows/native-02/focused.log
 create mode 100644 reports/WC-U450/20260906T165900Z-sylas-windows/native-02/process.json
 create mode 100644 reports/WC-U450/20260906T165900Z-sylas-windows/python-tests-final.log
 create mode 100644 reports/WC-U450/20260906T165900Z-sylas-windows/python-tests.log
 create mode 100644 reports/WC-U450/20260906T170536Z/profile-marker-reader/tests.log
 create mode 100644 reports/WC-U450/20260906T170555Z/profile-marker-reader-complete-pages/tests.log
 create mode 100644 reports/WC-U450/20260906T170611Z/sora-engine-movies/blender-encode.log
 create mode 100644 reports/WC-U450/20260906T170611Z/sora-engine-movies/encoder-readback.json
 create mode 100644 reports/WC-U450/20260906T170611Z/sora-engine-movies/encoding-job.json
 create mode 100644 reports/WC-U450/20260906T170611Z/sora-engine-movies/encoding-report.json
 create mode 100644 reports/WC-U450/20260906T170611Z/sora-engine-movies/wc_u_dragonkin_guardian-Active.mp4
 create mode 100644 reports/WC-U450/20260906T170611Z/sora-engine-movies/wc_u_dragonkin_guardian-Attack.mp4
 create mode 100644 reports/WC-U450/20260906T170611Z/sora-engine-movies/wc_u_dragonkin_guardian-Defeat.mp4
 create mode 100644 reports/WC-U450/20260906T170611Z/sora-engine-movies/wc_u_dragonkin_guardian-Hit.mp4
 create mode 100644 reports/WC-U450/20260906T170611Z/sora-engine-movies/wc_u_dragonkin_guardian-Idle.mp4
 create mode 100644 reports/WC-U450/20260906T170611Z/sora-engine-movies/wc_u_dragonkin_guardian-Move.mp4
 create mode 100644 reports/WC-U450/20260906T170611Z/sora-engine-movies/wc_u_dragonkin_guardian-Victory.mp4
 create mode 100644 reports/WC-U450/20260907T170300Z-closeout/canonical-environment-pathspec.txt
 create mode 100644 reports/WC-U450/20260907T170300Z-closeout/checkpoint-pathspec.txt
 create mode 100644 reports/WC-U450/20260907T170300Z-closeout/extract.log
 create mode 100644 reports/WC-U450/20260907T170300Z-closeout/extracted/WonderChess/Content/WonderChess/SourceData/asset_manifest.json
 create mode 100644 reports/WC-U450/20260907T170300Z-closeout/extracted/WonderChess/Content/WonderChess/SourceData/bots.json
 create mode 100644 reports/WC-U450/20260907T170300Z-closeout/extracted/WonderChess/Content/WonderChess/SourceData/generated/catalog_digest.json
 create mode 100644 reports/WC-U450/20260907T170300Z-closeout/extracted/WonderChess/Content/WonderChess/SourceData/generated/unreal/DT_Abilities_Alpha.json
 create mode 100644 reports/WC-U450/20260907T170300Z-closeout/extracted/WonderChess/Content/WonderChess/SourceData/generated/unreal/DT_Units_Alpha.json
 create mode 100644 reports/WC-U450/20260907T170300Z-closeout/extracted/WonderChess/Content/WonderChess/SourceData/locales/en.json
 create mode 100644 reports/WC-U450/20260907T170300Z-closeout/extracted/WonderChess/Content/WonderChess/SourceData/locales/id.json
 create mode 100644 reports/WC-U450/20260907T170300Z-closeout/extracted/WonderChess/Content/WonderChess/SourceData/neutrals.json
 create mode 100644 reports/WC-U450/20260907T170300Z-closeout/extracted/WonderChess/Content/WonderChess/SourceData/rules.alpha.json
 create mode 100644 reports/WC-U450/20260907T170300Z-closeout/extracted/WonderChess/Content/WonderChess/SourceData/runtime_stage_manifest.json
 create mode 100644 reports/WC-U450/20260907T170300Z-closeout/extracted/WonderChess/Content/WonderChess/SourceData/traits.json
 create mode 100644 reports/WC-U450/20260907T170300Z-closeout/extracted/WonderChess/Content/WonderChess/SourceData/units.json
 create mode 100644 reports/WC-U450/20260907T170300Z-closeout/extracted/WonderChess/Content/WonderChess/SourceData/world.json
 create mode 100644 reports/WC-U450/20260907T170300Z-closeout/loopback-audit-console.log
 create mode 100644 reports/WC-U450/20260907T170300Z-closeout/loopback-console.log
 create mode 100644 reports/WC-U450/20260907T170300Z-closeout/loopback-r4-console.log
 create mode 100644 reports/WC-U450/20260907T170300Z-closeout/loopback/audit/analysis.md
 create mode 100644 reports/WC-U450/20260907T170300Z-closeout/loopback/audit/client-frames.json
 create mode 100644 reports/WC-U450/20260907T170300Z-closeout/loopback/audit/host-frames.json
 create mode 100644 reports/WC-U450/20260907T170300Z-closeout/loopback/audit/network-analysis.json
 create mode 100644 reports/WC-U450/20260907T170300Z-closeout/loopback/audit/paired-state-audit.json
 create mode 100644 reports/WC-U450/20260907T170300Z-closeout/loopback/client/launch.json
 create mode 100644 reports/WC-U450/20260907T170300Z-closeout/loopback/client/match-0-seat-0-pid-16404-frames.csv
 create mode 100644 reports/WC-U450/20260907T170300Z-closeout/loopback/client/match-0-seat-0-pid-16404-phase--1-round-0.png
 create mode 100644 reports/WC-U450/20260907T170300Z-closeout/loopback/client/match-0-seat-0-pid-16404-session.json
 create mode 100644 reports/WC-U450/20260907T170300Z-closeout/loopback/client/match-0-seat-0-pid-16404-snapshots.jsonl
 create mode 100644 reports/WC-U450/20260907T170300Z-closeout/loopback/client/match-0-seat-1-pid-16404-frames.csv
 create mode 100644 reports/WC-U450/20260907T170300Z-closeout/loopback/client/match-0-seat-1-pid-16404-phase--1-round-0.png
 create mode 100644 reports/WC-U450/20260907T170300Z-closeout/loopback/client/match-0-seat-1-pid-16404-session.json
 create mode 100644 reports/WC-U450/20260907T170300Z-closeout/loopback/client/match-0-seat-1-pid-16404-snapshots.jsonl
 create mode 100644 reports/WC-U450/20260907T170300Z-closeout/loopback/client/match-1-seat-1-pid-16404-active-def-0.png
 create mode 100644 reports/WC-U450/20260907T170300Z-closeout/loopback/client/match-1-seat-1-pid-16404-active-def-1.png
 create mode 100644 reports/WC-U450/20260907T170300Z-closeout/loopback/client/match-1-seat-1-pid-16404-active-def-10.png
 create mode 100644 reports/WC-U450/20260907T170300Z-closeout/loopback/client/match-1-seat-1-pid-16404-active-def-12.png
 create mode 100644 reports/WC-U450/20260907T170300Z-closeout/loopback/client/match-1-seat-1-pid-16404-active-def-15.png
 create mode 100644 reports/WC-U450/20260907T170300Z-closeout/loopback/client/match-1-seat-1-pid-16404-active-def-16.png
 create mode 100644 reports/WC-U450/20260907T170300Z-closeout/loopback/client/match-1-seat-1-pid-16404-active-def-17.png
 create mode 100644 reports/WC-U450/20260907T170300Z-closeout/loopback/client/match-1-seat-1-pid-16404-active-def-18.png
 create mode 100644 reports/WC-U450/20260907T170300Z-closeout/loopback/client/match-1-seat-1-pid-16404-active-def-2.png
 create mode 100644 reports/WC-U450/20260907T170300Z-closeout/loopback/client/match-1-seat-1-pid-16404-active-def-20.png
 create mode 100644 reports/WC-U450/20260907T170300Z-closeout/loopback/client/match-1-seat-1-pid-16404-active-def-23.png
 create mode 100644 reports/WC-U450/20260907T170300Z-closeout/loopback/client/match-1-seat-1-pid-16404-active-def-3.png
 create mode 100644 reports/WC-U450/20260907T170300Z-closeout/loopback/client/match-1-seat-1-pid-16404-active-def-6.png
 create mode 100644 reports/WC-U450/20260907T170300Z-closeout/loopback/client/match-1-seat-1-pid-16404-active-def-7.png
 create mode 100644 reports/WC-U450/20260907T170300Z-closeout/loopback/client/match-1-seat-1-pid-16404-active-def-8.png
 create mode 100644 reports/WC-U450/20260907T170300Z-closeout/loopback/client/match-1-seat-1-pid-16404-active-def-9.png
 create mode 100644 reports/WC-U450/20260907T170300Z-closeout/loopback/client/match-1-seat-1-pid-16404-commands.jsonl
 create mode 100644 reports/WC-U450/20260907T170300Z-closeout/loopback/client/match-1-seat-1-pid-16404-frames.csv
 create mode 100644 reports/WC-U450/20260907T170300Z-closeout/loopback/client/match-1-seat-1-pid-16404-phase-0-round-1.png
 create mode 100644 reports/WC-U450/20260907T170300Z-closeout/loopback/client/match-1-seat-1-pid-16404-phase-0-round-10.png
 create mode 100644 reports/WC-U450/20260907T170300Z-closeout/loopback/client/match-1-seat-1-pid-16404-phase-0-round-11.png
 create mode 100644 reports/WC-U450/20260907T170300Z-closeout/loopback/client/match-1-seat-1-pid-16404-phase-0-round-12.png
 create mode 100644 reports/WC-U450/20260907T170300Z-closeout/loopback/client/match-1-seat-1-pid-16404-phase-0-round-13.png
 create mode 100644 reports/WC-U450/20260907T170300Z-closeout/loopback/client/match-1-seat-1-pid-16404-phase-0-round-14.png
 create mode 100644 reports/WC-U450/20260907T170300Z-closeout/loopback/client/match-1-seat-1-pid-16404-phase-0-round-15.png
 create mode 100644 reports/WC-U450/20260907T170300Z-closeout/loopback/client/match-1-seat-1-pid-16404-phase-0-round-2.png
 create mode 100644 reports/WC-U450/20260907T170300Z-closeout/loopback/client/match-1-seat-1-pid-16404-phase-0-round-3.png
 create mode 100644 reports/WC-U450/20260907T170300Z-closeout/loopback/client/match-1-seat-1-pid-16404-phase-0-round-4.png
 create mode 100644 reports/WC-U450/20260907T170300Z-closeout/loopback/client/match-1-seat-1-pid-16404-phase-0-round-5.png
 create mode 100644 reports/WC-U450/20260907T170300Z-closeout/loopback/client/match-1-seat-1-pid-16404-phase-0-round-6.png
 create mode 100644 reports/WC-U450/20260907T170300Z-closeout/loopback/client/match-1-seat-1-pid-16404-phase-0-round-7.png
 create mode 100644 reports/WC-U450/20260907T170300Z-closeout/loopback/client/match-1-seat-1-pid-16404-phase-0-round-8.png
 create mode 100644 reports/WC-U450/20260907T170300Z-closeout/loopback/client/match-1-seat-1-pid-16404-phase-0-round-9.png
 create mode 100644 reports/WC-U450/20260907T170300Z-closeout/loopback/client/match-1-seat-1-pid-16404-phase-1-round-1.png
 create mode 100644 reports/WC-U450/20260907T170300Z-closeout/loopback/client/match-1-seat-1-pid-16404-phase-1-round-10.png
 create mode 100644 reports/WC-U450/20260907T170300Z-closeout/loopback/client/match-1-seat-1-pid-16404-phase-1-round-11.png
 create mode 100644 reports/WC-U450/20260907T170300Z-closeout/loopback/client/match-1-seat-1-pid-16404-phase-1-round-12.png
 create mode 100644 reports/WC-U450/20260907T170300Z-closeout/loopback/client/match-1-seat-1-pid-16404-phase-1-round-13.png
 create mode 100644 reports/WC-U450/20260907T170300Z-closeout/loopback/client/match-1-seat-1-pid-16404-phase-1-round-14.png
 create mode 100644 reports/WC-U450/20260907T170300Z-closeout/loopback/client/match-1-seat-1-pid-16404-phase-1-round-15.png
 create mode 100644 reports/WC-U450/20260907T170300Z-closeout/loopback/client/match-1-seat-1-pid-16404-phase-1-round-16.png
 create mode 100644 reports/WC-U450/20260907T170300Z-closeout/loopback/client/match-1-seat-1-pid-16404-phase-1-round-17.png
 create mode 100644 reports/WC-U450/20260907T170300Z-closeout/loopback/client/match-1-seat-1-pid-16404-phase-1-round-18.png
 create mode 100644 reports/WC-U450/20260907T170300Z-closeout/loopback/client/match-1-seat-1-pid-16404-phase-1-round-19.png
 create mode 100644 reports/WC-U450/20260907T170300Z-closeout/loopback/client/match-1-seat-1-pid-16404-phase-1-round-2.png
 create mode 100644 reports/WC-U450/20260907T170300Z-closeout/loopback/client/match-1-seat-1-pid-16404-phase-1-round-20.png
 create mode 100644 reports/WC-U450/20260907T170300Z-closeout/loopback/client/match-1-seat-1-pid-16404-phase-1-round-21.png
 create mode 100644 reports/WC-U450/20260907T170300Z-closeout/loopback/client/match-1-seat-1-pid-16404-phase-1-round-22.png
 create mode 100644 reports/WC-U450/20260907T170300Z-closeout/loopback/client/match-1-seat-1-pid-16404-phase-1-round-23.png
 create mode 100644 reports/WC-U450/20260907T170300Z-closeout/loopback/client/match-1-seat-1-pid-16404-phase-1-round-24.png
 create mode 100644 reports/WC-U450/20260907T170300Z-closeout/loopback/client/match-1-seat-1-pid-16404-phase-1-round-25.png
 create mode 100644 reports/WC-U450/20260907T170300Z-closeout/loopback/client/match-1-seat-1-pid-16404-phase-1-round-26.png
 create mode 100644 reports/WC-U450/20260907T170300Z-closeout/loopback/client/match-1-seat-1-pid-16404-phase-1-round-27.png
 create mode 100644 reports/WC-U450/20260907T170300Z-closeout/loopback/client/match-1-seat-1-pid-16404-phase-1-round-28.png
 create mode 100644 reports/WC-U450/20260907T170300Z-closeout/loopback/client/match-1-seat-1-pid-16404-phase-1-round-29.png
 create mode 100644 reports/WC-U450/20260907T170300Z-closeout/loopback/client/match-1-seat-1-pid-16404-phase-1-round-3.png
 create mode 100644 reports/WC-U450/20260907T170300Z-closeout/loopback/client/match-1-seat-1-pid-16404-phase-1-round-30.png
 create mode 100644 reports/WC-U450/20260907T170300Z-closeout/loopback/client/match-1-seat-1-pid-16404-phase-1-round-31.png
 create mode 100644 reports/WC-U450/20260907T170300Z-closeout/loopback/client/match-1-seat-1-pid-16404-phase-1-round-32.png
 create mode 100644 reports/WC-U450/20260907T170300Z-closeout/loopback/client/match-1-seat-1-pid-16404-phase-1-round-33.png
 create mode 100644 reports/WC-U450/20260907T170300Z-closeout/loopback/client/match-1-seat-1-pid-16404-phase-1-round-4.png
 create mode 100644 reports/WC-U450/20260907T170300Z-closeout/loopback/client/match-1-seat-1-pid-16404-phase-1-round-5.png
 create mode 100644 reports/WC-U450/20260907T170300Z-closeout/loopback/client/match-1-seat-1-pid-16404-phase-1-round-6.png
 create mode 100644 reports/WC-U450/20260907T170300Z-closeout/loopback/client/match-1-seat-1-pid-16404-phase-1-round-7.png
 create mode 100644 reports/WC-U450/20260907T170300Z-closeout/loopback/client/match-1-seat-1-pid-16404-phase-1-round-8.png
 create mode 100644 reports/WC-U450/20260907T170300Z-closeout/loopback/client/match-1-seat-1-pid-16404-phase-1-round-9.png
 create mode 100644 reports/WC-U450/20260907T170300Z-closeout/loopback/client/match-1-seat-1-pid-16404-phase-3-round-33.png
 create mode 100644 reports/WC-U450/20260907T170300Z-closeout/loopback/client/match-1-seat-1-pid-16404-session.json
 create mode 100644 reports/WC-U450/20260907T170300Z-closeout/loopback/client/match-1-seat-1-pid-16404-skill-shots.jsonl
 create mode 100644 reports/WC-U450/20260907T170300Z-closeout/loopback/client/match-1-seat-1-pid-16404-snapshots.jsonl
 create mode 100644 reports/WC-U450/20260907T170300Z-closeout/loopback/client/session.json
 create mode 100644 reports/WC-U450/20260907T170300Z-closeout/loopback/host/launch.json
 create mode 100644 reports/WC-U450/20260907T170300Z-closeout/loopback/host/match-0-seat-0-pid-15048-frames.csv
 create mode 100644 reports/WC-U450/20260907T170300Z-closeout/loopback/host/match-0-seat-0-pid-15048-phase--1-round-0.png
 create mode 100644 reports/WC-U450/20260907T170300Z-closeout/loopback/host/match-0-seat-0-pid-15048-session.json
 create mode 100644 reports/WC-U450/20260907T170300Z-closeout/loopback/host/match-0-seat-0-pid-15048-snapshots.jsonl
 create mode 100644 reports/WC-U450/20260907T170300Z-closeout/loopback/host/match-1-seat-0-pid-15048-active-def-0.png
 create mode 100644 reports/WC-U450/20260907T170300Z-closeout/loopback/host/match-1-seat-0-pid-15048-active-def-1.png
 create mode 100644 reports/WC-U450/20260907T170300Z-closeout/loopback/host/match-1-seat-0-pid-15048-active-def-10.png
 create mode 100644 reports/WC-U450/20260907T170300Z-closeout/loopback/host/match-1-seat-0-pid-15048-active-def-12.png
 create mode 100644 reports/WC-U450/20260907T170300Z-closeout/loopback/host/match-1-seat-0-pid-15048-active-def-15.png
 create mode 100644 reports/WC-U450/20260907T170300Z-closeout/loopback/host/match-1-seat-0-pid-15048-active-def-16.png
 create mode 100644 reports/WC-U450/20260907T170300Z-closeout/loopback/host/match-1-seat-0-pid-15048-active-def-17.png
 create mode 100644 reports/WC-U450/20260907T170300Z-closeout/loopback/host/match-1-seat-0-pid-15048-active-def-18.png
 create mode 100644 reports/WC-U450/20260907T170300Z-closeout/loopback/host/match-1-seat-0-pid-15048-active-def-19.png
 create mode 100644 reports/WC-U450/20260907T170300Z-closeout/loopback/host/match-1-seat-0-pid-15048-active-def-2.png
 create mode 100644 reports/WC-U450/20260907T170300Z-closeout/loopback/host/match-1-seat-0-pid-15048-active-def-20.png
 create mode 100644 reports/WC-U450/20260907T170300Z-closeout/loopback/host/match-1-seat-0-pid-15048-active-def-3.png
 create mode 100644 reports/WC-U450/20260907T170300Z-closeout/loopback/host/match-1-seat-0-pid-15048-active-def-4.png
 create mode 100644 reports/WC-U450/20260907T170300Z-closeout/loopback/host/match-1-seat-0-pid-15048-active-def-5.png
 create mode 100644 reports/WC-U450/20260907T170300Z-closeout/loopback/host/match-1-seat-0-pid-15048-active-def-6.png
 create mode 100644 reports/WC-U450/20260907T170300Z-closeout/loopback/host/match-1-seat-0-pid-15048-active-def-7.png
 create mode 100644 reports/WC-U450/20260907T170300Z-closeout/loopback/host/match-1-seat-0-pid-15048-active-def-8.png
 create mode 100644 reports/WC-U450/20260907T170300Z-closeout/loopback/host/match-1-seat-0-pid-15048-active-def-9.png
 create mode 100644 reports/WC-U450/20260907T170300Z-closeout/loopback/host/match-1-seat-0-pid-15048-commands.jsonl
 create mode 100644 reports/WC-U450/20260907T170300Z-closeout/loopback/host/match-1-seat-0-pid-15048-frames.csv
 create mode 100644 reports/WC-U450/20260907T170300Z-closeout/loopback/host/match-1-seat-0-pid-15048-phase-0-round-1.png
 create mode 100644 reports/WC-U450/20260907T170300Z-closeout/loopback/host/match-1-seat-0-pid-15048-phase-0-round-10.png
 create mode 100644 reports/WC-U450/20260907T170300Z-closeout/loopback/host/match-1-seat-0-pid-15048-phase-0-round-11.png
 create mode 100644 reports/WC-U450/20260907T170300Z-closeout/loopback/host/match-1-seat-0-pid-15048-phase-0-round-12.png
 create mode 100644 reports/WC-U450/20260907T170300Z-closeout/loopback/host/match-1-seat-0-pid-15048-phase-0-round-13.png
 create mode 100644 reports/WC-U450/20260907T170300Z-closeout/loopback/host/match-1-seat-0-pid-15048-phase-0-round-14.png
 create mode 100644 reports/WC-U450/20260907T170300Z-closeout/loopback/host/match-1-seat-0-pid-15048-phase-0-round-15.png
 create mode 100644 reports/WC-U450/20260907T170300Z-closeout/loopback/host/match-1-seat-0-pid-15048-phase-0-round-2.png
 create mode 100644 reports/WC-U450/20260907T170300Z-closeout/loopback/host/match-1-seat-0-pid-15048-phase-0-round-3.png
 create mode 100644 reports/WC-U450/20260907T170300Z-closeout/loopback/host/match-1-seat-0-pid-15048-phase-0-round-4.png
 create mode 100644 reports/WC-U450/20260907T170300Z-closeout/loopback/host/match-1-seat-0-pid-15048-phase-0-round-5.png
 create mode 100644 reports/WC-U450/20260907T170300Z-closeout/loopback/host/match-1-seat-0-pid-15048-phase-0-round-6.png
 create mode 100644 reports/WC-U450/20260907T170300Z-closeout/loopback/host/match-1-seat-0-pid-15048-phase-0-round-7.png
 create mode 100644 reports/WC-U450/20260907T170300Z-closeout/loopback/host/match-1-seat-0-pid-15048-phase-0-round-8.png
 create mode 100644 reports/WC-U450/20260907T170300Z-closeout/loopback/host/match-1-seat-0-pid-15048-phase-0-round-9.png
 create mode 100644 reports/WC-U450/20260907T170300Z-closeout/loopback/host/match-1-seat-0-pid-15048-phase-1-round-1.png
 create mode 100644 reports/WC-U450/20260907T170300Z-closeout/loopback/host/match-1-seat-0-pid-15048-phase-1-round-10.png
 create mode 100644 reports/WC-U450/20260907T170300Z-closeout/loopback/host/match-1-seat-0-pid-15048-phase-1-round-11.png
 create mode 100644 reports/WC-U450/20260907T170300Z-closeout/loopback/host/match-1-seat-0-pid-15048-phase-1-round-12.png
 create mode 100644 reports/WC-U450/20260907T170300Z-closeout/loopback/host/match-1-seat-0-pid-15048-phase-1-round-13.png
 create mode 100644 reports/WC-U450/20260907T170300Z-closeout/loopback/host/match-1-seat-0-pid-15048-phase-1-round-14.png
 create mode 100644 reports/WC-U450/20260907T170300Z-closeout/loopback/host/match-1-seat-0-pid-15048-phase-1-round-15.png
 create mode 100644 reports/WC-U450/20260907T170300Z-closeout/loopback/host/match-1-seat-0-pid-15048-phase-1-round-16.png
 create mode 100644 reports/WC-U450/20260907T170300Z-closeout/loopback/host/match-1-seat-0-pid-15048-phase-1-round-17.png
 create mode 100644 reports/WC-U450/20260907T170300Z-closeout/loopback/host/match-1-seat-0-pid-15048-phase-1-round-18.png
 create mode 100644 reports/WC-U450/20260907T170300Z-closeout/loopback/host/match-1-seat-0-pid-15048-phase-1-round-19.png
 create mode 100644 reports/WC-U450/20260907T170300Z-closeout/loopback/host/match-1-seat-0-pid-15048-phase-1-round-2.png
 create mode 100644 reports/WC-U450/20260907T170300Z-closeout/loopback/host/match-1-seat-0-pid-15048-phase-1-round-20.png
 create mode 100644 reports/WC-U450/20260907T170300Z-closeout/loopback/host/match-1-seat-0-pid-15048-phase-1-round-21.png
 create mode 100644 reports/WC-U450/20260907T170300Z-closeout/loopback/host/match-1-seat-0-pid-15048-phase-1-round-22.png
 create mode 100644 reports/WC-U450/20260907T170300Z-closeout/loopback/host/match-1-seat-0-pid-15048-phase-1-round-23.png
 create mode 100644 reports/WC-U450/20260907T170300Z-closeout/loopback/host/match-1-seat-0-pid-15048-phase-1-round-24.png
 create mode 100644 reports/WC-U450/20260907T170300Z-closeout/loopback/host/match-1-seat-0-pid-15048-phase-1-round-25.png
 create mode 100644 reports/WC-U450/20260907T170300Z-closeout/loopback/host/match-1-seat-0-pid-15048-phase-1-round-26.png
 create mode 100644 reports/WC-U450/20260907T170300Z-closeout/loopback/host/match-1-seat-0-pid-15048-phase-1-round-27.png
 create mode 100644 reports/WC-U450/20260907T170300Z-closeout/loopback/host/match-1-seat-0-pid-15048-phase-1-round-28.png
 create mode 100644 reports/WC-U450/20260907T170300Z-closeout/loopback/host/match-1-seat-0-pid-15048-phase-1-round-29.png
 create mode 100644 reports/WC-U450/20260907T170300Z-closeout/loopback/host/match-1-seat-0-pid-15048-phase-1-round-3.png
 create mode 100644 reports/WC-U450/20260907T170300Z-closeout/loopback/host/match-1-seat-0-pid-15048-phase-1-round-30.png
 create mode 100644 reports/WC-U450/20260907T170300Z-closeout/loopback/host/match-1-seat-0-pid-15048-phase-1-round-31.png
 create mode 100644 reports/WC-U450/20260907T170300Z-closeout/loopback/host/match-1-seat-0-pid-15048-phase-1-round-32.png
 create mode 100644 reports/WC-U450/20260907T170300Z-closeout/loopback/host/match-1-seat-0-pid-15048-phase-1-round-33.png
 create mode 100644 reports/WC-U450/20260907T170300Z-closeout/loopback/host/match-1-seat-0-pid-15048-phase-1-round-4.png
 create mode 100644 reports/WC-U450/20260907T170300Z-closeout/loopback/host/match-1-seat-0-pid-15048-phase-1-round-5.png
 create mode 100644 reports/WC-U450/20260907T170300Z-closeout/loopback/host/match-1-seat-0-pid-15048-phase-1-round-6.png
 create mode 100644 reports/WC-U450/20260907T170300Z-closeout/loopback/host/match-1-seat-0-pid-15048-phase-1-round-7.png
 create mode 100644 reports/WC-U450/20260907T170300Z-closeout/loopback/host/match-1-seat-0-pid-15048-phase-1-round-8.png
 create mode 100644 reports/WC-U450/20260907T170300Z-closeout/loopback/host/match-1-seat-0-pid-15048-phase-1-round-9.png
 create mode 100644 reports/WC-U450/20260907T170300Z-closeout/loopback/host/match-1-seat-0-pid-15048-phase-3-round-33.png
 create mode 100644 reports/WC-U450/20260907T170300Z-closeout/loopback/host/match-1-seat-0-pid-15048-session.json
 create mode 100644 reports/WC-U450/20260907T170300Z-closeout/loopback/host/match-1-seat-0-pid-15048-skill-shots.jsonl
 create mode 100644 reports/WC-U450/20260907T170300Z-closeout/loopback/host/match-1-seat-0-pid-15048-snapshots.jsonl
 create mode 100644 reports/WC-U450/20260907T170300Z-closeout/loopback/host/session.json
 create mode 100644 reports/WC-U450/20260907T170300Z-closeout/loopback/trial.json
 create mode 100644 reports/WC-U450/20260907T170300Z-closeout/native-summary.log
 create mode 100644 reports/WC-U450/20260907T170300Z-closeout/native100-console.log
 create mode 100644 reports/WC-U450/20260907T170300Z-closeout/native100/CatalogFixture.h
 create mode 100644 reports/WC-U450/20260907T170300Z-closeout/native100/ability-coverage.csv
 create mode 100644 reports/WC-U450/20260907T170300Z-closeout/native100/bot-decisions.csv
 create mode 100644 reports/WC-U450/20260907T170300Z-closeout/native100/compile.cmd
 create mode 100644 reports/WC-U450/20260907T170300Z-closeout/native100/compile.log
 create mode 100644 reports/WC-U450/20260907T170300Z-closeout/native100/compositions.csv
 create mode 100644 reports/WC-U450/20260907T170300Z-closeout/native100/encounter-outcomes.csv
 create mode 100644 reports/WC-U450/20260907T170300Z-closeout/native100/mirror-combats.csv
 create mode 100644 reports/WC-U450/20260907T170300Z-closeout/native100/process.json
 create mode 100644 reports/WC-U450/20260907T170300Z-closeout/native100/round-economy.csv
 create mode 100644 reports/WC-U450/20260907T170300Z-closeout/native100/runtime-tests.log
 create mode 100644 reports/WC-U450/20260907T170300Z-closeout/native100/summary.json
 create mode 100644 reports/WC-U450/20260907T170300Z-closeout/native100/tournaments.csv
 create mode 100644 reports/WC-U450/20260907T170300Z-closeout/native100/trait-coverage.csv
 create mode 100644 reports/WC-U450/20260907T170300Z-closeout/network-concurrent-functional-context.json
 create mode 100644 reports/WC-U450/20260907T170300Z-closeout/normal1080-console.log
 create mode 100644 reports/WC-U450/20260907T170300Z-closeout/normal1080-opening/frame-summary.json
 create mode 100644 reports/WC-U450/20260907T170300Z-closeout/normal1080-opening/gpu-before.csv
 create mode 100644 reports/WC-U450/20260907T170300Z-closeout/normal1080-opening/launch.json
 create mode 100644 reports/WC-U450/20260907T170300Z-closeout/normal1080-opening/match-0-seat-0-pid-72380-frames.csv
 create mode 100644 reports/WC-U450/20260907T170300Z-closeout/normal1080-opening/match-0-seat-0-pid-72380-session.json
 create mode 100644 reports/WC-U450/20260907T170300Z-closeout/normal1080-opening/match-0-seat-0-pid-72380-snapshots.jsonl
 create mode 100644 reports/WC-U450/20260907T170300Z-closeout/normal1080-opening/match-1-seat-0-pid-72380-commands.jsonl
 create mode 100644 reports/WC-U450/20260907T170300Z-closeout/normal1080-opening/match-1-seat-0-pid-72380-frames.csv
 create mode 100644 reports/WC-U450/20260907T170300Z-closeout/normal1080-opening/match-1-seat-0-pid-72380-session.json
 create mode 100644 reports/WC-U450/20260907T170300Z-closeout/normal1080-opening/match-1-seat-0-pid-72380-snapshots.jsonl
 create mode 100644 reports/WC-U450/20260907T170300Z-closeout/normal1080-opening/session.json
 create mode 100644 reports/WC-U450/20260907T170300Z-closeout/package-r4-console.log
 create mode 100644 reports/WC-U450/20260907T170300Z-closeout/package-r4-qualified-console.log
 create mode 100644 reports/WC-U450/20260907T170300Z-closeout/packaged100/launch.json
 create mode 100644 reports/WC-U450/20260907T170300Z-closeout/packaged100/process-exit.json
 create mode 100644 reports/WC-U450/20260907T170300Z-closeout/packaged100/regression.json
 create mode 100644 reports/WC-U450/20260907T170300Z-closeout/provenance-r4.log
 create mode 100644 reports/WC-U450/20260907T170300Z-closeout/regression-audit-console.log
 create mode 100644 reports/WC-U450/20260907T170300Z-closeout/regression-audit-current-native-console.log
 create mode 100644 reports/WC-U450/20260907T170300Z-closeout/regression-audit-current-native/HANDOFF.md
 create mode 100644 reports/WC-U450/20260907T170300Z-closeout/regression-audit-current-native/regression-analysis.json
 create mode 100644 reports/WC-U450/20260907T170300Z-closeout/regression-audit-protocol6-console.log
 create mode 100644 reports/WC-U450/20260907T170300Z-closeout/regression-audit-protocol6/HANDOFF.md
 create mode 100644 reports/WC-U450/20260907T170300Z-closeout/regression-audit-protocol6/regression-analysis.json
 create mode 100644 reports/WC-U450/20260907T170300Z-closeout/regression-audit/HANDOFF.md
 create mode 100644 reports/WC-U450/20260907T170300Z-closeout/regression-audit/regression-analysis.json
 create mode 100644 reports/WC-U450/20260907T170300Z-closeout/restart-audit-console.log
 create mode 100644 reports/WC-U450/20260907T170300Z-closeout/restart-console.log
 create mode 100644 reports/WC-U450/20260907T170300Z-closeout/restart-r4-console.log
 create mode 100644 reports/WC-U450/20260907T170300Z-closeout/restart/functional-audit/audit.json
 create mode 100644 reports/WC-U450/20260907T170300Z-closeout/restart/functional-audit/audit.md
 create mode 100644 reports/WC-U450/20260907T170300Z-closeout/restart/gpu-before.csv
 create mode 100644 reports/WC-U450/20260907T170300Z-closeout/restart/launch.json
 create mode 100644 reports/WC-U450/20260907T170300Z-closeout/restart/match-0-seat-0-pid-40584-frames.csv
 create mode 100644 reports/WC-U450/20260907T170300Z-closeout/restart/match-0-seat-0-pid-40584-phase--1-round-0.png
 create mode 100644 reports/WC-U450/20260907T170300Z-closeout/restart/match-0-seat-0-pid-40584-session.json
 create mode 100644 reports/WC-U450/20260907T170300Z-closeout/restart/match-0-seat-0-pid-40584-snapshots.jsonl
 create mode 100644 reports/WC-U450/20260907T170300Z-closeout/restart/match-1-seat-0-pid-40584-active-def-0.png
 create mode 100644 reports/WC-U450/20260907T170300Z-closeout/restart/match-1-seat-0-pid-40584-active-def-12.png
 create mode 100644 reports/WC-U450/20260907T170300Z-closeout/restart/match-1-seat-0-pid-40584-active-def-15.png
 create mode 100644 reports/WC-U450/20260907T170300Z-closeout/restart/match-1-seat-0-pid-40584-active-def-16.png
 create mode 100644 reports/WC-U450/20260907T170300Z-closeout/restart/match-1-seat-0-pid-40584-active-def-17.png
 create mode 100644 reports/WC-U450/20260907T170300Z-closeout/restart/match-1-seat-0-pid-40584-active-def-2.png
 create mode 100644 reports/WC-U450/20260907T170300Z-closeout/restart/match-1-seat-0-pid-40584-active-def-21.png
 create mode 100644 reports/WC-U450/20260907T170300Z-closeout/restart/match-1-seat-0-pid-40584-active-def-23.png
 create mode 100644 reports/WC-U450/20260907T170300Z-closeout/restart/match-1-seat-0-pid-40584-active-def-3.png
 create mode 100644 reports/WC-U450/20260907T170300Z-closeout/restart/match-1-seat-0-pid-40584-active-def-4.png
 create mode 100644 reports/WC-U450/20260907T170300Z-closeout/restart/match-1-seat-0-pid-40584-active-def-6.png
 create mode 100644 reports/WC-U450/20260907T170300Z-closeout/restart/match-1-seat-0-pid-40584-active-def-7.png
 create mode 100644 reports/WC-U450/20260907T170300Z-closeout/restart/match-1-seat-0-pid-40584-active-def-8.png
 create mode 100644 reports/WC-U450/20260907T170300Z-closeout/restart/match-1-seat-0-pid-40584-active-def-9.png
 create mode 100644 reports/WC-U450/20260907T170300Z-closeout/restart/match-1-seat-0-pid-40584-commands.jsonl
 create mode 100644 reports/WC-U450/20260907T170300Z-closeout/restart/match-1-seat-0-pid-40584-frames.csv
 create mode 100644 reports/WC-U450/20260907T170300Z-closeout/restart/match-1-seat-0-pid-40584-phase-0-round-1.png
 create mode 100644 reports/WC-U450/20260907T170300Z-closeout/restart/match-1-seat-0-pid-40584-phase-0-round-10.png
 create mode 100644 reports/WC-U450/20260907T170300Z-closeout/restart/match-1-seat-0-pid-40584-phase-0-round-11.png
 create mode 100644 reports/WC-U450/20260907T170300Z-closeout/restart/match-1-seat-0-pid-40584-phase-0-round-14.png
 create mode 100644 reports/WC-U450/20260907T170300Z-closeout/restart/match-1-seat-0-pid-40584-phase-0-round-2.png
 create mode 100644 reports/WC-U450/20260907T170300Z-closeout/restart/match-1-seat-0-pid-40584-phase-0-round-3.png
 create mode 100644 reports/WC-U450/20260907T170300Z-closeout/restart/match-1-seat-0-pid-40584-phase-0-round-4.png
 create mode 100644 reports/WC-U450/20260907T170300Z-closeout/restart/match-1-seat-0-pid-40584-phase-0-round-5.png
 create mode 100644 reports/WC-U450/20260907T170300Z-closeout/restart/match-1-seat-0-pid-40584-phase-0-round-6.png
 create mode 100644 reports/WC-U450/20260907T170300Z-closeout/restart/match-1-seat-0-pid-40584-phase-0-round-7.png
 create mode 100644 reports/WC-U450/20260907T170300Z-closeout/restart/match-1-seat-0-pid-40584-phase-0-round-8.png
 create mode 100644 reports/WC-U450/20260907T170300Z-closeout/restart/match-1-seat-0-pid-40584-phase-0-round-9.png
 create mode 100644 reports/WC-U450/20260907T170300Z-closeout/restart/match-1-seat-0-pid-40584-phase-1-round-1.png
 create mode 100644 reports/WC-U450/20260907T170300Z-closeout/restart/match-1-seat-0-pid-40584-phase-1-round-10.png
 create mode 100644 reports/WC-U450/20260907T170300Z-closeout/restart/match-1-seat-0-pid-40584-phase-1-round-11.png
 create mode 100644 reports/WC-U450/20260907T170300Z-closeout/restart/match-1-seat-0-pid-40584-phase-1-round-12.png
 create mode 100644 reports/WC-U450/20260907T170300Z-closeout/restart/match-1-seat-0-pid-40584-phase-1-round-13.png
 create mode 100644 reports/WC-U450/20260907T170300Z-closeout/restart/match-1-seat-0-pid-40584-phase-1-round-14.png
 create mode 100644 reports/WC-U450/20260907T170300Z-closeout/restart/match-1-seat-0-pid-40584-phase-1-round-15.png
 create mode 100644 reports/WC-U450/20260907T170300Z-closeout/restart/match-1-seat-0-pid-40584-phase-1-round-16.png
 create mode 100644 reports/WC-U450/20260907T170300Z-closeout/restart/match-1-seat-0-pid-40584-phase-1-round-17.png
 create mode 100644 reports/WC-U450/20260907T170300Z-closeout/restart/match-1-seat-0-pid-40584-phase-1-round-18.png
 create mode 100644 reports/WC-U450/20260907T170300Z-closeout/restart/match-1-seat-0-pid-40584-phase-1-round-19.png
 create mode 100644 reports/WC-U450/20260907T170300Z-closeout/restart/match-1-seat-0-pid-40584-phase-1-round-2.png
 create mode 100644 reports/WC-U450/20260907T170300Z-closeout/restart/match-1-seat-0-pid-40584-phase-1-round-20.png
 create mode 100644 reports/WC-U450/20260907T170300Z-closeout/restart/match-1-seat-0-pid-40584-phase-1-round-21.png
 create mode 100644 reports/WC-U450/20260907T170300Z-closeout/restart/match-1-seat-0-pid-40584-phase-1-round-22.png
 create mode 100644 reports/WC-U450/20260907T170300Z-closeout/restart/match-1-seat-0-pid-40584-phase-1-round-23.png
 create mode 100644 reports/WC-U450/20260907T170300Z-closeout/restart/match-1-seat-0-pid-40584-phase-1-round-24.png
 create mode 100644 reports/WC-U450/20260907T170300Z-closeout/restart/match-1-seat-0-pid-40584-phase-1-round-25.png
 create mode 100644 reports/WC-U450/20260907T170300Z-closeout/restart/match-1-seat-0-pid-40584-phase-1-round-26.png
 create mode 100644 reports/WC-U450/20260907T170300Z-closeout/restart/match-1-seat-0-pid-40584-phase-1-round-27.png
 create mode 100644 reports/WC-U450/20260907T170300Z-closeout/restart/match-1-seat-0-pid-40584-phase-1-round-28.png
 create mode 100644 reports/WC-U450/20260907T170300Z-closeout/restart/match-1-seat-0-pid-40584-phase-1-round-3.png
 create mode 100644 reports/WC-U450/20260907T170300Z-closeout/restart/match-1-seat-0-pid-40584-phase-1-round-4.png
 create mode 100644 reports/WC-U450/20260907T170300Z-closeout/restart/match-1-seat-0-pid-40584-phase-1-round-5.png
 create mode 100644 reports/WC-U450/20260907T170300Z-closeout/restart/match-1-seat-0-pid-40584-phase-1-round-6.png
 create mode 100644 reports/WC-U450/20260907T170300Z-closeout/restart/match-1-seat-0-pid-40584-phase-1-round-7.png
 create mode 100644 reports/WC-U450/20260907T170300Z-closeout/restart/match-1-seat-0-pid-40584-phase-1-round-8.png
 create mode 100644 reports/WC-U450/20260907T170300Z-closeout/restart/match-1-seat-0-pid-40584-phase-1-round-9.png
 create mode 100644 reports/WC-U450/20260907T170300Z-closeout/restart/match-1-seat-0-pid-40584-phase-3-round-28.png
 create mode 100644 reports/WC-U450/20260907T170300Z-closeout/restart/match-1-seat-0-pid-40584-session.json
 create mode 100644 reports/WC-U450/20260907T170300Z-closeout/restart/match-1-seat-0-pid-40584-skill-shots.jsonl
 create mode 100644 reports/WC-U450/20260907T170300Z-closeout/restart/match-1-seat-0-pid-40584-snapshots.jsonl
 create mode 100644 reports/WC-U450/20260907T170300Z-closeout/restart/match-2-seat-0-pid-40584-active-def-0.png
 create mode 100644 reports/WC-U450/20260907T170300Z-closeout/restart/match-2-seat-0-pid-40584-active-def-1.png
 create mode 100644 reports/WC-U450/20260907T170300Z-closeout/restart/match-2-seat-0-pid-40584-active-def-10.png
 create mode 100644 reports/WC-U450/20260907T170300Z-closeout/restart/match-2-seat-0-pid-40584-active-def-12.png
 create mode 100644 reports/WC-U450/20260907T170300Z-closeout/restart/match-2-seat-0-pid-40584-active-def-15.png
 create mode 100644 reports/WC-U450/20260907T170300Z-closeout/restart/match-2-seat-0-pid-40584-active-def-16.png
 create mode 100644 reports/WC-U450/20260907T170300Z-closeout/restart/match-2-seat-0-pid-40584-active-def-17.png
 create mode 100644 reports/WC-U450/20260907T170300Z-closeout/restart/match-2-seat-0-pid-40584-active-def-18.png
 create mode 100644 reports/WC-U450/20260907T170300Z-closeout/restart/match-2-seat-0-pid-40584-active-def-19.png
 create mode 100644 reports/WC-U450/20260907T170300Z-closeout/restart/match-2-seat-0-pid-40584-active-def-2.png
 create mode 100644 reports/WC-U450/20260907T170300Z-closeout/restart/match-2-seat-0-pid-40584-active-def-3.png
 create mode 100644 reports/WC-U450/20260907T170300Z-closeout/restart/match-2-seat-0-pid-40584-active-def-5.png
 create mode 100644 reports/WC-U450/20260907T170300Z-closeout/restart/match-2-seat-0-pid-40584-active-def-6.png
 create mode 100644 reports/WC-U450/20260907T170300Z-closeout/restart/match-2-seat-0-pid-40584-active-def-7.png
 create mode 100644 reports/WC-U450/20260907T170300Z-closeout/restart/match-2-seat-0-pid-40584-active-def-8.png
 create mode 100644 reports/WC-U450/20260907T170300Z-closeout/restart/match-2-seat-0-pid-40584-active-def-9.png
 create mode 100644 reports/WC-U450/20260907T170300Z-closeout/restart/match-2-seat-0-pid-40584-commands.jsonl
 create mode 100644 reports/WC-U450/20260907T170300Z-closeout/restart/match-2-seat-0-pid-40584-frames.csv
 create mode 100644 reports/WC-U450/20260907T170300Z-closeout/restart/match-2-seat-0-pid-40584-phase-0-round-1.png
 create mode 100644 reports/WC-U450/20260907T170300Z-closeout/restart/match-2-seat-0-pid-40584-phase-0-round-10.png
 create mode 100644 reports/WC-U450/20260907T170300Z-closeout/restart/match-2-seat-0-pid-40584-phase-0-round-11.png
 create mode 100644 reports/WC-U450/20260907T170300Z-closeout/restart/match-2-seat-0-pid-40584-phase-0-round-12.png
 create mode 100644 reports/WC-U450/20260907T170300Z-closeout/restart/match-2-seat-0-pid-40584-phase-0-round-13.png
 create mode 100644 reports/WC-U450/20260907T170300Z-closeout/restart/match-2-seat-0-pid-40584-phase-0-round-14.png
 create mode 100644 reports/WC-U450/20260907T170300Z-closeout/restart/match-2-seat-0-pid-40584-phase-0-round-15.png
 create mode 100644 reports/WC-U450/20260907T170300Z-closeout/restart/match-2-seat-0-pid-40584-phase-0-round-16.png
 create mode 100644 reports/WC-U450/20260907T170300Z-closeout/restart/match-2-seat-0-pid-40584-phase-0-round-17.png
 create mode 100644 reports/WC-U450/20260907T170300Z-closeout/restart/match-2-seat-0-pid-40584-phase-0-round-2.png
 create mode 100644 reports/WC-U450/20260907T170300Z-closeout/restart/match-2-seat-0-pid-40584-phase-0-round-21.png
 create mode 100644 reports/WC-U450/20260907T170300Z-closeout/restart/match-2-seat-0-pid-40584-phase-0-round-3.png
 create mode 100644 reports/WC-U450/20260907T170300Z-closeout/restart/match-2-seat-0-pid-40584-phase-0-round-4.png
 create mode 100644 reports/WC-U450/20260907T170300Z-closeout/restart/match-2-seat-0-pid-40584-phase-0-round-5.png
 create mode 100644 reports/WC-U450/20260907T170300Z-closeout/restart/match-2-seat-0-pid-40584-phase-0-round-6.png
 create mode 100644 reports/WC-U450/20260907T170300Z-closeout/restart/match-2-seat-0-pid-40584-phase-0-round-7.png
 create mode 100644 reports/WC-U450/20260907T170300Z-closeout/restart/match-2-seat-0-pid-40584-phase-0-round-8.png
 create mode 100644 reports/WC-U450/20260907T170300Z-closeout/restart/match-2-seat-0-pid-40584-phase-1-round-1.png
 create mode 100644 reports/WC-U450/20260907T170300Z-closeout/restart/match-2-seat-0-pid-40584-phase-1-round-10.png
 create mode 100644 reports/WC-U450/20260907T170300Z-closeout/restart/match-2-seat-0-pid-40584-phase-1-round-11.png
 create mode 100644 reports/WC-U450/20260907T170300Z-closeout/restart/match-2-seat-0-pid-40584-phase-1-round-12.png
 create mode 100644 reports/WC-U450/20260907T170300Z-closeout/restart/match-2-seat-0-pid-40584-phase-1-round-13.png
 create mode 100644 reports/WC-U450/20260907T170300Z-closeout/restart/match-2-seat-0-pid-40584-phase-1-round-14.png
 create mode 100644 reports/WC-U450/20260907T170300Z-closeout/restart/match-2-seat-0-pid-40584-phase-1-round-15.png
 create mode 100644 reports/WC-U450/20260907T170300Z-closeout/restart/match-2-seat-0-pid-40584-phase-1-round-16.png
 create mode 100644 reports/WC-U450/20260907T170300Z-closeout/restart/match-2-seat-0-pid-40584-phase-1-round-17.png
 create mode 100644 reports/WC-U450/20260907T170300Z-closeout/restart/match-2-seat-0-pid-40584-phase-1-round-18.png
 create mode 100644 reports/WC-U450/20260907T170300Z-closeout/restart/match-2-seat-0-pid-40584-phase-1-round-19.png
 create mode 100644 reports/WC-U450/20260907T170300Z-closeout/restart/match-2-seat-0-pid-40584-phase-1-round-2.png
 create mode 100644 reports/WC-U450/20260907T170300Z-closeout/restart/match-2-seat-0-pid-40584-phase-1-round-20.png
 create mode 100644 reports/WC-U450/20260907T170300Z-closeout/restart/match-2-seat-0-pid-40584-phase-1-round-21.png
 create mode 100644 reports/WC-U450/20260907T170300Z-closeout/restart/match-2-seat-0-pid-40584-phase-1-round-22.png
 create mode 100644 reports/WC-U450/20260907T170300Z-closeout/restart/match-2-seat-0-pid-40584-phase-1-round-23.png
 create mode 100644 reports/WC-U450/20260907T170300Z-closeout/restart/match-2-seat-0-pid-40584-phase-1-round-24.png
 create mode 100644 reports/WC-U450/20260907T170300Z-closeout/restart/match-2-seat-0-pid-40584-phase-1-round-25.png
 create mode 100644 reports/WC-U450/20260907T170300Z-closeout/restart/match-2-seat-0-pid-40584-phase-1-round-26.png
 create mode 100644 reports/WC-U450/20260907T170300Z-closeout/restart/match-2-seat-0-pid-40584-phase-1-round-27.png
 create mode 100644 reports/WC-U450/20260907T170300Z-closeout/restart/match-2-seat-0-pid-40584-phase-1-round-28.png
 create mode 100644 reports/WC-U450/20260907T170300Z-closeout/restart/match-2-seat-0-pid-40584-phase-1-round-29.png
 create mode 100644 reports/WC-U450/20260907T170300Z-closeout/restart/match-2-seat-0-pid-40584-phase-1-round-3.png
 create mode 100644 reports/WC-U450/20260907T170300Z-closeout/restart/match-2-seat-0-pid-40584-phase-1-round-30.png
 create mode 100644 reports/WC-U450/20260907T170300Z-closeout/restart/match-2-seat-0-pid-40584-phase-1-round-4.png
 create mode 100644 reports/WC-U450/20260907T170300Z-closeout/restart/match-2-seat-0-pid-40584-phase-1-round-5.png
 create mode 100644 reports/WC-U450/20260907T170300Z-closeout/restart/match-2-seat-0-pid-40584-phase-1-round-6.png
 create mode 100644 reports/WC-U450/20260907T170300Z-closeout/restart/match-2-seat-0-pid-40584-phase-1-round-7.png
 create mode 100644 reports/WC-U450/20260907T170300Z-closeout/restart/match-2-seat-0-pid-40584-phase-1-round-8.png
 create mode 100644 reports/WC-U450/20260907T170300Z-closeout/restart/match-2-seat-0-pid-40584-phase-1-round-9.png
 create mode 100644 reports/WC-U450/20260907T170300Z-closeout/restart/match-2-seat-0-pid-40584-phase-3-round-30.png
 create mode 100644 reports/WC-U450/20260907T170300Z-closeout/restart/match-2-seat-0-pid-40584-session.json
 create mode 100644 reports/WC-U450/20260907T170300Z-closeout/restart/match-2-seat-0-pid-40584-skill-shots.jsonl
 create mode 100644 reports/WC-U450/20260907T170300Z-closeout/restart/match-2-seat-0-pid-40584-snapshots.jsonl
 create mode 100644 reports/WC-U450/20260907T170300Z-closeout/restart/match-3-seat-0-pid-40584-active-def-0.png
 create mode 100644 reports/WC-U450/20260907T170300Z-closeout/restart/match-3-seat-0-pid-40584-active-def-1.png
 create mode 100644 reports/WC-U450/20260907T170300Z-closeout/restart/match-3-seat-0-pid-40584-active-def-12.png
 create mode 100644 reports/WC-U450/20260907T170300Z-closeout/restart/match-3-seat-0-pid-40584-active-def-14.png
 create mode 100644 reports/WC-U450/20260907T170300Z-closeout/restart/match-3-seat-0-pid-40584-active-def-15.png
 create mode 100644 reports/WC-U450/20260907T170300Z-closeout/restart/match-3-seat-0-pid-40584-active-def-16.png
 create mode 100644 reports/WC-U450/20260907T170300Z-closeout/restart/match-3-seat-0-pid-40584-active-def-17.png
 create mode 100644 reports/WC-U450/20260907T170300Z-closeout/restart/match-3-seat-0-pid-40584-active-def-18.png
 create mode 100644 reports/WC-U450/20260907T170300Z-closeout/restart/match-3-seat-0-pid-40584-active-def-19.png
 create mode 100644 reports/WC-U450/20260907T170300Z-closeout/restart/match-3-seat-0-pid-40584-active-def-2.png
 create mode 100644 reports/WC-U450/20260907T170300Z-closeout/restart/match-3-seat-0-pid-40584-active-def-20.png
 create mode 100644 reports/WC-U450/20260907T170300Z-closeout/restart/match-3-seat-0-pid-40584-active-def-3.png
 create mode 100644 reports/WC-U450/20260907T170300Z-closeout/restart/match-3-seat-0-pid-40584-active-def-4.png
 create mode 100644 reports/WC-U450/20260907T170300Z-closeout/restart/match-3-seat-0-pid-40584-active-def-5.png
 create mode 100644 reports/WC-U450/20260907T170300Z-closeout/restart/match-3-seat-0-pid-40584-active-def-6.png
To https://github.com/TUPRAM/wonder-chess.git
   3f90ab50..488fb4d7  main -> main
branch 'main' set up to track 'origin/main'.
