warning: in the working copy of 'reports/WC-360/shipping-network-routed/host/match-1-seat-0-pid-10040-commands.jsonl', LF will be replaced by CRLF the next time Git touches it
warning: in the working copy of 'reports/WC-360/shipping-network-routed/host/match-1-seat-0-pid-10040-frames.csv', LF will be replaced by CRLF the next time Git touches it
warning: in the working copy of 'reports/WC-360/shipping-network-routed/host/match-1-seat-0-pid-10040-skill-shots.jsonl', LF will be replaced by CRLF the next time Git touches it
warning: in the working copy of 'reports/WC-360/shipping-network-routed/host/match-1-seat-0-pid-10040-snapshots.jsonl', LF will be replaced by CRLF the next time Git touches it
warning: in the working copy of 'reports/WC-360/shipping-network/host/match-0-seat-0-pid-42484-frames.csv', LF will be replaced by CRLF the next time Git touches it
warning: in the working copy of 'reports/WC-360/shipping-network/host/match-0-seat-0-pid-42484-snapshots.jsonl', LF will be replaced by CRLF the next time Git touches it
warning: in the working copy of 'reports/WC-360/shipping-network/host/match-1-seat-0-pid-42484-commands.jsonl', LF will be replaced by CRLF the next time Git touches it
warning: in the working copy of 'reports/WC-360/shipping-network/host/match-1-seat-0-pid-42484-frames.csv', LF will be replaced by CRLF the next time Git touches it
warning: in the working copy of 'reports/WC-360/shipping-network/host/match-1-seat-0-pid-42484-snapshots.jsonl', LF will be replaced by CRLF the next time Git touches it
warning: in the working copy of 'reports/WC-360/shipping-normal1080-taa/match-0-seat-0-pid-49972-frames.csv', LF will be replaced by CRLF the next time Git touches it
warning: in the working copy of 'reports/WC-360/shipping-normal1080-taa/match-0-seat-0-pid-49972-snapshots.jsonl', LF will be replaced by CRLF the next time Git touches it
warning: in the working copy of 'reports/WC-360/shipping-normal1080-taa/match-1-seat-0-pid-49972-commands.jsonl', LF will be replaced by CRLF the next time Git touches it
warning: in the working copy of 'reports/WC-360/shipping-normal1080-taa/match-1-seat-0-pid-49972-frames.csv', LF will be replaced by CRLF the next time Git touches it
warning: in the working copy of 'reports/WC-360/shipping-normal1080-taa/match-1-seat-0-pid-49972-skill-shots.jsonl', LF will be replaced by CRLF the next time Git touches it
warning: in the working copy of 'reports/WC-360/shipping-normal1080-taa/match-1-seat-0-pid-49972-snapshots.jsonl', LF will be replaced by CRLF the next time Git touches it
warning: in the working copy of 'reports/WC-360/shipping-normal1080/match-0-seat-0-pid-44708-frames.csv', LF will be replaced by CRLF the next time Git touches it
warning: in the working copy of 'reports/WC-360/shipping-normal1080/match-0-seat-0-pid-44708-snapshots.jsonl', LF will be replaced by CRLF the next time Git touches it
warning: in the working copy of 'reports/WC-360/shipping-normal1080/match-1-seat-0-pid-44708-commands.jsonl', LF will be replaced by CRLF the next time Git touches it
warning: in the working copy of 'reports/WC-360/shipping-normal1080/match-1-seat-0-pid-44708-frames.csv', LF will be replaced by CRLF the next time Git touches it
warning: in the working copy of 'reports/WC-360/shipping-normal1080/match-1-seat-0-pid-44708-skill-shots.jsonl', LF will be replaced by CRLF the next time Git touches it
warning: in the working copy of 'reports/WC-360/shipping-normal1080/match-1-seat-0-pid-44708-snapshots.jsonl', LF will be replaced by CRLF the next time Git touches it
warning: in the working copy of 'reports/WC-360/shipping-restart/match-1-seat-0-pid-24580-commands.jsonl', LF will be replaced by CRLF the next time Git touches it
warning: in the working copy of 'reports/WC-360/shipping-restart/match-1-seat-0-pid-24580-frames.csv', LF will be replaced by CRLF the next time Git touches it
warning: in the working copy of 'reports/WC-360/shipping-restart/match-1-seat-0-pid-24580-skill-shots.jsonl', LF will be replaced by CRLF the next time Git touches it
warning: in the working copy of 'reports/WC-360/shipping-restart/match-1-seat-0-pid-24580-snapshots.jsonl', LF will be replaced by CRLF the next time Git touches it
warning: in the working copy of 'reports/WC-360/shipping-restart/match-2-seat-0-pid-24580-commands.jsonl', LF will be replaced by CRLF the next time Git touches it
warning: in the working copy of 'reports/WC-360/shipping-restart/match-2-seat-0-pid-24580-frames.csv', LF will be replaced by CRLF the next time Git touches it
warning: in the working copy of 'reports/WC-360/shipping-restart/match-2-seat-0-pid-24580-skill-shots.jsonl', LF will be replaced by CRLF the next time Git touches it
warning: in the working copy of 'reports/WC-360/shipping-restart/match-2-seat-0-pid-24580-snapshots.jsonl', LF will be replaced by CRLF the next time Git touches it
warning: in the working copy of 'reports/WC-360/shipping-startup-automation.log', LF will be replaced by CRLF the next time Git touches it
warning: in the working copy of 'reports/WC-360/shipping-startup-automation/engine-rounds.csv', LF will be replaced by CRLF the next time Git touches it
warning: in the working copy of 'reports/WC-360/shipping-startup-automation/engine-tournaments.csv', LF will be replaced by CRLF the next time Git touches it
warning: in the working copy of 'reports/WC-360/shipping-startup-fixed-analysis/audit_regression.py', LF will be replaced by CRLF the next time Git touches it
warning: in the working copy of 'reports/WC-U400/20260906T155132Z/protocol5-import-data/editor.log', LF will be replaced by CRLF the next time Git touches it
warning: in the working copy of 'reports/WC-U400/20260906T170328Z/protocol6-migration/check_scope.py', LF will be replaced by CRLF the next time Git touches it
warning: in the working copy of 'reports/WC-U400/20260906T170346Z/protocol6-migration-fixed-scope-reader/check_scope.py', LF will be replaced by CRLF the next time Git touches it
warning: in the working copy of 'reports/WC-U400/20260906T171830Z/protocol6-data-import/editor.log', LF will be replaced by CRLF the next time Git touches it
warning: in the working copy of 'reports/WC-U410/20260906T131435Z/native-100-final/HANDOFF.md', LF will be replaced by CRLF the next time Git touches it
warning: in the working copy of 'reports/WC-U410/20260906T131532Z/unreal-data.log', LF will be replaced by CRLF the next time Git touches it
warning: in the working copy of 'reports/WC-U410/20260906T131759Z/data-tables/editor.log', LF will be replaced by CRLF the next time Git touches it
warning: in the working copy of 'reports/WC-U410/20260906T131914Z/data-tables/editor.log', LF will be replaced by CRLF the next time Git touches it
warning: in the working copy of 'reports/WC-U410/20260906T132026Z/data-tables/editor.log', LF will be replaced by CRLF the next time Git touches it
warning: in the working copy of 'reports/WC-U420/20260906T133504Z/early-restart/match-0-seat-0-pid-18088-frames.csv', LF will be replaced by CRLF the next time Git touches it
warning: in the working copy of 'reports/WC-U420/20260906T133504Z/early-restart/match-0-seat-0-pid-18088-snapshots.jsonl', LF will be replaced by CRLF the next time Git touches it
[main 4950785] Preserve Wonder Chess research and execution evidence batch 03
 634 files changed, 1482524 insertions(+)
 create mode 100644 reports/WC-360/shipping-network-routed/host/match-1-seat-0-pid-10040-active-def-1.png
 create mode 100644 reports/WC-360/shipping-network-routed/host/match-1-seat-0-pid-10040-active-def-11.png
 create mode 100644 reports/WC-360/shipping-network-routed/host/match-1-seat-0-pid-10040-active-def-2.png
 create mode 100644 reports/WC-360/shipping-network-routed/host/match-1-seat-0-pid-10040-active-def-3.png
 create mode 100644 reports/WC-360/shipping-network-routed/host/match-1-seat-0-pid-10040-active-def-4.png
 create mode 100644 reports/WC-360/shipping-network-routed/host/match-1-seat-0-pid-10040-active-def-5.png
 create mode 100644 reports/WC-360/shipping-network-routed/host/match-1-seat-0-pid-10040-active-def-6.png
 create mode 100644 reports/WC-360/shipping-network-routed/host/match-1-seat-0-pid-10040-active-def-7.png
 create mode 100644 reports/WC-360/shipping-network-routed/host/match-1-seat-0-pid-10040-active-def-8.png
 create mode 100644 reports/WC-360/shipping-network-routed/host/match-1-seat-0-pid-10040-active-def-9.png
 create mode 100644 reports/WC-360/shipping-network-routed/host/match-1-seat-0-pid-10040-commands.jsonl
 create mode 100644 reports/WC-360/shipping-network-routed/host/match-1-seat-0-pid-10040-frames.csv
 create mode 100644 reports/WC-360/shipping-network-routed/host/match-1-seat-0-pid-10040-phase-0-round-1.png
 create mode 100644 reports/WC-360/shipping-network-routed/host/match-1-seat-0-pid-10040-phase-0-round-10.png
 create mode 100644 reports/WC-360/shipping-network-routed/host/match-1-seat-0-pid-10040-phase-0-round-11.png
 create mode 100644 reports/WC-360/shipping-network-routed/host/match-1-seat-0-pid-10040-phase-0-round-12.png
 create mode 100644 reports/WC-360/shipping-network-routed/host/match-1-seat-0-pid-10040-phase-0-round-13.png
 create mode 100644 reports/WC-360/shipping-network-routed/host/match-1-seat-0-pid-10040-phase-0-round-14.png
 create mode 100644 reports/WC-360/shipping-network-routed/host/match-1-seat-0-pid-10040-phase-0-round-2.png
 create mode 100644 reports/WC-360/shipping-network-routed/host/match-1-seat-0-pid-10040-phase-0-round-3.png
 create mode 100644 reports/WC-360/shipping-network-routed/host/match-1-seat-0-pid-10040-phase-0-round-4.png
 create mode 100644 reports/WC-360/shipping-network-routed/host/match-1-seat-0-pid-10040-phase-0-round-5.png
 create mode 100644 reports/WC-360/shipping-network-routed/host/match-1-seat-0-pid-10040-phase-0-round-6.png
 create mode 100644 reports/WC-360/shipping-network-routed/host/match-1-seat-0-pid-10040-phase-0-round-7.png
 create mode 100644 reports/WC-360/shipping-network-routed/host/match-1-seat-0-pid-10040-phase-0-round-8.png
 create mode 100644 reports/WC-360/shipping-network-routed/host/match-1-seat-0-pid-10040-phase-0-round-9.png
 create mode 100644 reports/WC-360/shipping-network-routed/host/match-1-seat-0-pid-10040-phase-1-round-1.png
 create mode 100644 reports/WC-360/shipping-network-routed/host/match-1-seat-0-pid-10040-phase-1-round-10.png
 create mode 100644 reports/WC-360/shipping-network-routed/host/match-1-seat-0-pid-10040-phase-1-round-11.png
 create mode 100644 reports/WC-360/shipping-network-routed/host/match-1-seat-0-pid-10040-phase-1-round-12.png
 create mode 100644 reports/WC-360/shipping-network-routed/host/match-1-seat-0-pid-10040-phase-1-round-13.png
 create mode 100644 reports/WC-360/shipping-network-routed/host/match-1-seat-0-pid-10040-phase-1-round-14.png
 create mode 100644 reports/WC-360/shipping-network-routed/host/match-1-seat-0-pid-10040-phase-1-round-15.png
 create mode 100644 reports/WC-360/shipping-network-routed/host/match-1-seat-0-pid-10040-phase-1-round-16.png
 create mode 100644 reports/WC-360/shipping-network-routed/host/match-1-seat-0-pid-10040-phase-1-round-17.png
 create mode 100644 reports/WC-360/shipping-network-routed/host/match-1-seat-0-pid-10040-phase-1-round-18.png
 create mode 100644 reports/WC-360/shipping-network-routed/host/match-1-seat-0-pid-10040-phase-1-round-19.png
 create mode 100644 reports/WC-360/shipping-network-routed/host/match-1-seat-0-pid-10040-phase-1-round-2.png
 create mode 100644 reports/WC-360/shipping-network-routed/host/match-1-seat-0-pid-10040-phase-1-round-20.png
 create mode 100644 reports/WC-360/shipping-network-routed/host/match-1-seat-0-pid-10040-phase-1-round-21.png
 create mode 100644 reports/WC-360/shipping-network-routed/host/match-1-seat-0-pid-10040-phase-1-round-22.png
 create mode 100644 reports/WC-360/shipping-network-routed/host/match-1-seat-0-pid-10040-phase-1-round-23.png
 create mode 100644 reports/WC-360/shipping-network-routed/host/match-1-seat-0-pid-10040-phase-1-round-3.png
 create mode 100644 reports/WC-360/shipping-network-routed/host/match-1-seat-0-pid-10040-phase-1-round-4.png
 create mode 100644 reports/WC-360/shipping-network-routed/host/match-1-seat-0-pid-10040-phase-1-round-5.png
 create mode 100644 reports/WC-360/shipping-network-routed/host/match-1-seat-0-pid-10040-phase-1-round-6.png
 create mode 100644 reports/WC-360/shipping-network-routed/host/match-1-seat-0-pid-10040-phase-1-round-7.png
 create mode 100644 reports/WC-360/shipping-network-routed/host/match-1-seat-0-pid-10040-phase-1-round-8.png
 create mode 100644 reports/WC-360/shipping-network-routed/host/match-1-seat-0-pid-10040-phase-1-round-9.png
 create mode 100644 reports/WC-360/shipping-network-routed/host/match-1-seat-0-pid-10040-phase-2-round-1.png
 create mode 100644 reports/WC-360/shipping-network-routed/host/match-1-seat-0-pid-10040-phase-2-round-10.png
 create mode 100644 reports/WC-360/shipping-network-routed/host/match-1-seat-0-pid-10040-phase-2-round-11.png
 create mode 100644 reports/WC-360/shipping-network-routed/host/match-1-seat-0-pid-10040-phase-2-round-12.png
 create mode 100644 reports/WC-360/shipping-network-routed/host/match-1-seat-0-pid-10040-phase-2-round-13.png
 create mode 100644 reports/WC-360/shipping-network-routed/host/match-1-seat-0-pid-10040-phase-2-round-14.png
 create mode 100644 reports/WC-360/shipping-network-routed/host/match-1-seat-0-pid-10040-phase-2-round-15.png
 create mode 100644 reports/WC-360/shipping-network-routed/host/match-1-seat-0-pid-10040-phase-2-round-16.png
 create mode 100644 reports/WC-360/shipping-network-routed/host/match-1-seat-0-pid-10040-phase-2-round-17.png
 create mode 100644 reports/WC-360/shipping-network-routed/host/match-1-seat-0-pid-10040-phase-2-round-18.png
 create mode 100644 reports/WC-360/shipping-network-routed/host/match-1-seat-0-pid-10040-phase-2-round-19.png
 create mode 100644 reports/WC-360/shipping-network-routed/host/match-1-seat-0-pid-10040-phase-2-round-2.png
 create mode 100644 reports/WC-360/shipping-network-routed/host/match-1-seat-0-pid-10040-phase-2-round-20.png
 create mode 100644 reports/WC-360/shipping-network-routed/host/match-1-seat-0-pid-10040-phase-2-round-21.png
 create mode 100644 reports/WC-360/shipping-network-routed/host/match-1-seat-0-pid-10040-phase-2-round-22.png
 create mode 100644 reports/WC-360/shipping-network-routed/host/match-1-seat-0-pid-10040-phase-2-round-3.png
 create mode 100644 reports/WC-360/shipping-network-routed/host/match-1-seat-0-pid-10040-phase-2-round-4.png
 create mode 100644 reports/WC-360/shipping-network-routed/host/match-1-seat-0-pid-10040-phase-2-round-5.png
 create mode 100644 reports/WC-360/shipping-network-routed/host/match-1-seat-0-pid-10040-phase-2-round-6.png
 create mode 100644 reports/WC-360/shipping-network-routed/host/match-1-seat-0-pid-10040-phase-2-round-7.png
 create mode 100644 reports/WC-360/shipping-network-routed/host/match-1-seat-0-pid-10040-phase-2-round-8.png
 create mode 100644 reports/WC-360/shipping-network-routed/host/match-1-seat-0-pid-10040-phase-2-round-9.png
 create mode 100644 reports/WC-360/shipping-network-routed/host/match-1-seat-0-pid-10040-phase-3-round-23.png
 create mode 100644 reports/WC-360/shipping-network-routed/host/match-1-seat-0-pid-10040-session.json
 create mode 100644 reports/WC-360/shipping-network-routed/host/match-1-seat-0-pid-10040-skill-shots.jsonl
 create mode 100644 reports/WC-360/shipping-network-routed/host/match-1-seat-0-pid-10040-snapshots.jsonl
 create mode 100644 reports/WC-360/shipping-network-routed/host/session.json
 create mode 100644 reports/WC-360/shipping-network-routed/trial.json
 create mode 100644 reports/WC-360/shipping-network/aborted-cleanup.json
 create mode 100644 reports/WC-360/shipping-network/host/launch.json
 create mode 100644 reports/WC-360/shipping-network/host/match-0-seat-0-pid-42484-frames.csv
 create mode 100644 reports/WC-360/shipping-network/host/match-0-seat-0-pid-42484-session.json
 create mode 100644 reports/WC-360/shipping-network/host/match-0-seat-0-pid-42484-snapshots.jsonl
 create mode 100644 reports/WC-360/shipping-network/host/match-1-seat-0-pid-42484-commands.jsonl
 create mode 100644 reports/WC-360/shipping-network/host/match-1-seat-0-pid-42484-frames.csv
 create mode 100644 reports/WC-360/shipping-network/host/match-1-seat-0-pid-42484-phase-0-round-1.png
 create mode 100644 reports/WC-360/shipping-network/host/match-1-seat-0-pid-42484-phase-0-round-10.png
 create mode 100644 reports/WC-360/shipping-network/host/match-1-seat-0-pid-42484-phase-0-round-11.png
 create mode 100644 reports/WC-360/shipping-network/host/match-1-seat-0-pid-42484-phase-0-round-12.png
 create mode 100644 reports/WC-360/shipping-network/host/match-1-seat-0-pid-42484-phase-0-round-13.png
 create mode 100644 reports/WC-360/shipping-network/host/match-1-seat-0-pid-42484-phase-0-round-14.png
 create mode 100644 reports/WC-360/shipping-network/host/match-1-seat-0-pid-42484-phase-0-round-2.png
 create mode 100644 reports/WC-360/shipping-network/host/match-1-seat-0-pid-42484-phase-0-round-3.png
 create mode 100644 reports/WC-360/shipping-network/host/match-1-seat-0-pid-42484-phase-0-round-4.png
 create mode 100644 reports/WC-360/shipping-network/host/match-1-seat-0-pid-42484-phase-0-round-5.png
 create mode 100644 reports/WC-360/shipping-network/host/match-1-seat-0-pid-42484-phase-0-round-6.png
 create mode 100644 reports/WC-360/shipping-network/host/match-1-seat-0-pid-42484-phase-0-round-7.png
 create mode 100644 reports/WC-360/shipping-network/host/match-1-seat-0-pid-42484-phase-0-round-8.png
 create mode 100644 reports/WC-360/shipping-network/host/match-1-seat-0-pid-42484-phase-0-round-9.png
 create mode 100644 reports/WC-360/shipping-network/host/match-1-seat-0-pid-42484-phase-1-round-1.png
 create mode 100644 reports/WC-360/shipping-network/host/match-1-seat-0-pid-42484-phase-1-round-10.png
 create mode 100644 reports/WC-360/shipping-network/host/match-1-seat-0-pid-42484-phase-1-round-11.png
 create mode 100644 reports/WC-360/shipping-network/host/match-1-seat-0-pid-42484-phase-1-round-12.png
 create mode 100644 reports/WC-360/shipping-network/host/match-1-seat-0-pid-42484-phase-1-round-13.png
 create mode 100644 reports/WC-360/shipping-network/host/match-1-seat-0-pid-42484-phase-1-round-14.png
 create mode 100644 reports/WC-360/shipping-network/host/match-1-seat-0-pid-42484-phase-1-round-2.png
 create mode 100644 reports/WC-360/shipping-network/host/match-1-seat-0-pid-42484-phase-1-round-3.png
 create mode 100644 reports/WC-360/shipping-network/host/match-1-seat-0-pid-42484-phase-1-round-4.png
 create mode 100644 reports/WC-360/shipping-network/host/match-1-seat-0-pid-42484-phase-1-round-5.png
 create mode 100644 reports/WC-360/shipping-network/host/match-1-seat-0-pid-42484-phase-1-round-6.png
 create mode 100644 reports/WC-360/shipping-network/host/match-1-seat-0-pid-42484-phase-1-round-7.png
 create mode 100644 reports/WC-360/shipping-network/host/match-1-seat-0-pid-42484-phase-1-round-8.png
 create mode 100644 reports/WC-360/shipping-network/host/match-1-seat-0-pid-42484-phase-1-round-9.png
 create mode 100644 reports/WC-360/shipping-network/host/match-1-seat-0-pid-42484-phase-2-round-1.png
 create mode 100644 reports/WC-360/shipping-network/host/match-1-seat-0-pid-42484-phase-2-round-10.png
 create mode 100644 reports/WC-360/shipping-network/host/match-1-seat-0-pid-42484-phase-2-round-11.png
 create mode 100644 reports/WC-360/shipping-network/host/match-1-seat-0-pid-42484-phase-2-round-12.png
 create mode 100644 reports/WC-360/shipping-network/host/match-1-seat-0-pid-42484-phase-2-round-13.png
 create mode 100644 reports/WC-360/shipping-network/host/match-1-seat-0-pid-42484-phase-2-round-2.png
 create mode 100644 reports/WC-360/shipping-network/host/match-1-seat-0-pid-42484-phase-2-round-3.png
 create mode 100644 reports/WC-360/shipping-network/host/match-1-seat-0-pid-42484-phase-2-round-4.png
 create mode 100644 reports/WC-360/shipping-network/host/match-1-seat-0-pid-42484-phase-2-round-5.png
 create mode 100644 reports/WC-360/shipping-network/host/match-1-seat-0-pid-42484-phase-2-round-6.png
 create mode 100644 reports/WC-360/shipping-network/host/match-1-seat-0-pid-42484-phase-2-round-7.png
 create mode 100644 reports/WC-360/shipping-network/host/match-1-seat-0-pid-42484-phase-2-round-8.png
 create mode 100644 reports/WC-360/shipping-network/host/match-1-seat-0-pid-42484-phase-2-round-9.png
 create mode 100644 reports/WC-360/shipping-network/host/match-1-seat-0-pid-42484-session.json
 create mode 100644 reports/WC-360/shipping-network/host/match-1-seat-0-pid-42484-snapshots.jsonl
 create mode 100644 reports/WC-360/shipping-network/host/session.json
 create mode 100644 reports/WC-360/shipping-network/startup-diagnosis.json
 create mode 100644 reports/WC-360/shipping-network/startup-diagnosis.md
 create mode 100644 reports/WC-360/shipping-network/trial.json
 create mode 100644 reports/WC-360/shipping-normal1080-taa/frame-analysis.json
 create mode 100644 reports/WC-360/shipping-normal1080-taa/gpu-before.csv
 create mode 100644 reports/WC-360/shipping-normal1080-taa/launch.json
 create mode 100644 reports/WC-360/shipping-normal1080-taa/match-0-seat-0-pid-49972-frames.csv
 create mode 100644 reports/WC-360/shipping-normal1080-taa/match-0-seat-0-pid-49972-session.json
 create mode 100644 reports/WC-360/shipping-normal1080-taa/match-0-seat-0-pid-49972-snapshots.jsonl
 create mode 100644 reports/WC-360/shipping-normal1080-taa/match-1-seat-0-pid-49972-active-def-0.png
 create mode 100644 reports/WC-360/shipping-normal1080-taa/match-1-seat-0-pid-49972-active-def-1.png
 create mode 100644 reports/WC-360/shipping-normal1080-taa/match-1-seat-0-pid-49972-active-def-10.png
 create mode 100644 reports/WC-360/shipping-normal1080-taa/match-1-seat-0-pid-49972-active-def-11.png
 create mode 100644 reports/WC-360/shipping-normal1080-taa/match-1-seat-0-pid-49972-active-def-2.png
 create mode 100644 reports/WC-360/shipping-normal1080-taa/match-1-seat-0-pid-49972-active-def-3.png
 create mode 100644 reports/WC-360/shipping-normal1080-taa/match-1-seat-0-pid-49972-active-def-4.png
 create mode 100644 reports/WC-360/shipping-normal1080-taa/match-1-seat-0-pid-49972-active-def-5.png
 create mode 100644 reports/WC-360/shipping-normal1080-taa/match-1-seat-0-pid-49972-active-def-6.png
 create mode 100644 reports/WC-360/shipping-normal1080-taa/match-1-seat-0-pid-49972-active-def-7.png
 create mode 100644 reports/WC-360/shipping-normal1080-taa/match-1-seat-0-pid-49972-active-def-8.png
 create mode 100644 reports/WC-360/shipping-normal1080-taa/match-1-seat-0-pid-49972-active-def-9.png
 create mode 100644 reports/WC-360/shipping-normal1080-taa/match-1-seat-0-pid-49972-commands.jsonl
 create mode 100644 reports/WC-360/shipping-normal1080-taa/match-1-seat-0-pid-49972-frames.csv
 create mode 100644 reports/WC-360/shipping-normal1080-taa/match-1-seat-0-pid-49972-phase-0-round-1.png
 create mode 100644 reports/WC-360/shipping-normal1080-taa/match-1-seat-0-pid-49972-phase-0-round-10.png
 create mode 100644 reports/WC-360/shipping-normal1080-taa/match-1-seat-0-pid-49972-phase-0-round-11.png
 create mode 100644 reports/WC-360/shipping-normal1080-taa/match-1-seat-0-pid-49972-phase-0-round-12.png
 create mode 100644 reports/WC-360/shipping-normal1080-taa/match-1-seat-0-pid-49972-phase-0-round-13.png
 create mode 100644 reports/WC-360/shipping-normal1080-taa/match-1-seat-0-pid-49972-phase-0-round-2.png
 create mode 100644 reports/WC-360/shipping-normal1080-taa/match-1-seat-0-pid-49972-phase-0-round-3.png
 create mode 100644 reports/WC-360/shipping-normal1080-taa/match-1-seat-0-pid-49972-phase-0-round-4.png
 create mode 100644 reports/WC-360/shipping-normal1080-taa/match-1-seat-0-pid-49972-phase-0-round-5.png
 create mode 100644 reports/WC-360/shipping-normal1080-taa/match-1-seat-0-pid-49972-phase-0-round-6.png
 create mode 100644 reports/WC-360/shipping-normal1080-taa/match-1-seat-0-pid-49972-phase-0-round-7.png
 create mode 100644 reports/WC-360/shipping-normal1080-taa/match-1-seat-0-pid-49972-phase-0-round-8.png
 create mode 100644 reports/WC-360/shipping-normal1080-taa/match-1-seat-0-pid-49972-phase-0-round-9.png
 create mode 100644 reports/WC-360/shipping-normal1080-taa/match-1-seat-0-pid-49972-phase-1-round-1.png
 create mode 100644 reports/WC-360/shipping-normal1080-taa/match-1-seat-0-pid-49972-phase-1-round-10.png
 create mode 100644 reports/WC-360/shipping-normal1080-taa/match-1-seat-0-pid-49972-phase-1-round-11.png
 create mode 100644 reports/WC-360/shipping-normal1080-taa/match-1-seat-0-pid-49972-phase-1-round-12.png
 create mode 100644 reports/WC-360/shipping-normal1080-taa/match-1-seat-0-pid-49972-phase-1-round-13.png
 create mode 100644 reports/WC-360/shipping-normal1080-taa/match-1-seat-0-pid-49972-phase-1-round-2.png
 create mode 100644 reports/WC-360/shipping-normal1080-taa/match-1-seat-0-pid-49972-phase-1-round-3.png
 create mode 100644 reports/WC-360/shipping-normal1080-taa/match-1-seat-0-pid-49972-phase-1-round-4.png
 create mode 100644 reports/WC-360/shipping-normal1080-taa/match-1-seat-0-pid-49972-phase-1-round-5.png
 create mode 100644 reports/WC-360/shipping-normal1080-taa/match-1-seat-0-pid-49972-phase-1-round-6.png
 create mode 100644 reports/WC-360/shipping-normal1080-taa/match-1-seat-0-pid-49972-phase-1-round-7.png
 create mode 100644 reports/WC-360/shipping-normal1080-taa/match-1-seat-0-pid-49972-phase-1-round-8.png
 create mode 100644 reports/WC-360/shipping-normal1080-taa/match-1-seat-0-pid-49972-phase-1-round-9.png
 create mode 100644 reports/WC-360/shipping-normal1080-taa/match-1-seat-0-pid-49972-phase-2-round-1.png
 create mode 100644 reports/WC-360/shipping-normal1080-taa/match-1-seat-0-pid-49972-phase-2-round-10.png
 create mode 100644 reports/WC-360/shipping-normal1080-taa/match-1-seat-0-pid-49972-phase-2-round-11.png
 create mode 100644 reports/WC-360/shipping-normal1080-taa/match-1-seat-0-pid-49972-phase-2-round-12.png
 create mode 100644 reports/WC-360/shipping-normal1080-taa/match-1-seat-0-pid-49972-phase-2-round-2.png
 create mode 100644 reports/WC-360/shipping-normal1080-taa/match-1-seat-0-pid-49972-phase-2-round-3.png
 create mode 100644 reports/WC-360/shipping-normal1080-taa/match-1-seat-0-pid-49972-phase-2-round-4.png
 create mode 100644 reports/WC-360/shipping-normal1080-taa/match-1-seat-0-pid-49972-phase-2-round-5.png
 create mode 100644 reports/WC-360/shipping-normal1080-taa/match-1-seat-0-pid-49972-phase-2-round-6.png
 create mode 100644 reports/WC-360/shipping-normal1080-taa/match-1-seat-0-pid-49972-phase-2-round-7.png
 create mode 100644 reports/WC-360/shipping-normal1080-taa/match-1-seat-0-pid-49972-phase-2-round-8.png
 create mode 100644 reports/WC-360/shipping-normal1080-taa/match-1-seat-0-pid-49972-phase-2-round-9.png
 create mode 100644 reports/WC-360/shipping-normal1080-taa/match-1-seat-0-pid-49972-session.json
 create mode 100644 reports/WC-360/shipping-normal1080-taa/match-1-seat-0-pid-49972-skill-shots.jsonl
 create mode 100644 reports/WC-360/shipping-normal1080-taa/match-1-seat-0-pid-49972-snapshots.jsonl
 create mode 100644 reports/WC-360/shipping-normal1080-taa/session.json
 create mode 100644 reports/WC-360/shipping-normal1080/completed-session.json
 create mode 100644 reports/WC-360/shipping-normal1080/frame-analysis.json
 create mode 100644 reports/WC-360/shipping-normal1080/functional-audit/audit.json
 create mode 100644 reports/WC-360/shipping-normal1080/functional-audit/audit.md
 create mode 100644 reports/WC-360/shipping-normal1080/gpu-before.csv
 create mode 100644 reports/WC-360/shipping-normal1080/launch.json
 create mode 100644 reports/WC-360/shipping-normal1080/match-0-seat-0-pid-44708-frames.csv
 create mode 100644 reports/WC-360/shipping-normal1080/match-0-seat-0-pid-44708-session.json
 create mode 100644 reports/WC-360/shipping-normal1080/match-0-seat-0-pid-44708-snapshots.jsonl
 create mode 100644 reports/WC-360/shipping-normal1080/match-1-seat-0-pid-44708-active-def-0.png
 create mode 100644 reports/WC-360/shipping-normal1080/match-1-seat-0-pid-44708-active-def-1.png
 create mode 100644 reports/WC-360/shipping-normal1080/match-1-seat-0-pid-44708-active-def-11.png
 create mode 100644 reports/WC-360/shipping-normal1080/match-1-seat-0-pid-44708-active-def-2.png
 create mode 100644 reports/WC-360/shipping-normal1080/match-1-seat-0-pid-44708-active-def-3.png
 create mode 100644 reports/WC-360/shipping-normal1080/match-1-seat-0-pid-44708-active-def-4.png
 create mode 100644 reports/WC-360/shipping-normal1080/match-1-seat-0-pid-44708-active-def-5.png
 create mode 100644 reports/WC-360/shipping-normal1080/match-1-seat-0-pid-44708-active-def-6.png
 create mode 100644 reports/WC-360/shipping-normal1080/match-1-seat-0-pid-44708-active-def-7.png
 create mode 100644 reports/WC-360/shipping-normal1080/match-1-seat-0-pid-44708-active-def-8.png
 create mode 100644 reports/WC-360/shipping-normal1080/match-1-seat-0-pid-44708-active-def-9.png
 create mode 100644 reports/WC-360/shipping-normal1080/match-1-seat-0-pid-44708-commands.jsonl
 create mode 100644 reports/WC-360/shipping-normal1080/match-1-seat-0-pid-44708-frames.csv
 create mode 100644 reports/WC-360/shipping-normal1080/match-1-seat-0-pid-44708-phase-0-round-1.png
 create mode 100644 reports/WC-360/shipping-normal1080/match-1-seat-0-pid-44708-phase-0-round-10.png
 create mode 100644 reports/WC-360/shipping-normal1080/match-1-seat-0-pid-44708-phase-0-round-11.png
 create mode 100644 reports/WC-360/shipping-normal1080/match-1-seat-0-pid-44708-phase-0-round-12.png
 create mode 100644 reports/WC-360/shipping-normal1080/match-1-seat-0-pid-44708-phase-0-round-13.png
 create mode 100644 reports/WC-360/shipping-normal1080/match-1-seat-0-pid-44708-phase-0-round-14.png
 create mode 100644 reports/WC-360/shipping-normal1080/match-1-seat-0-pid-44708-phase-0-round-15.png
 create mode 100644 reports/WC-360/shipping-normal1080/match-1-seat-0-pid-44708-phase-0-round-17.png
 create mode 100644 reports/WC-360/shipping-normal1080/match-1-seat-0-pid-44708-phase-0-round-2.png
 create mode 100644 reports/WC-360/shipping-normal1080/match-1-seat-0-pid-44708-phase-0-round-3.png
 create mode 100644 reports/WC-360/shipping-normal1080/match-1-seat-0-pid-44708-phase-0-round-4.png
 create mode 100644 reports/WC-360/shipping-normal1080/match-1-seat-0-pid-44708-phase-0-round-5.png
 create mode 100644 reports/WC-360/shipping-normal1080/match-1-seat-0-pid-44708-phase-0-round-6.png
 create mode 100644 reports/WC-360/shipping-normal1080/match-1-seat-0-pid-44708-phase-0-round-7.png
 create mode 100644 reports/WC-360/shipping-normal1080/match-1-seat-0-pid-44708-phase-0-round-8.png
 create mode 100644 reports/WC-360/shipping-normal1080/match-1-seat-0-pid-44708-phase-0-round-9.png
 create mode 100644 reports/WC-360/shipping-normal1080/match-1-seat-0-pid-44708-phase-1-round-1.png
 create mode 100644 reports/WC-360/shipping-normal1080/match-1-seat-0-pid-44708-phase-1-round-10.png
 create mode 100644 reports/WC-360/shipping-normal1080/match-1-seat-0-pid-44708-phase-1-round-11.png
 create mode 100644 reports/WC-360/shipping-normal1080/match-1-seat-0-pid-44708-phase-1-round-12.png
 create mode 100644 reports/WC-360/shipping-normal1080/match-1-seat-0-pid-44708-phase-1-round-13.png
 create mode 100644 reports/WC-360/shipping-normal1080/match-1-seat-0-pid-44708-phase-1-round-14.png
 create mode 100644 reports/WC-360/shipping-normal1080/match-1-seat-0-pid-44708-phase-1-round-15.png
 create mode 100644 reports/WC-360/shipping-normal1080/match-1-seat-0-pid-44708-phase-1-round-16.png
 create mode 100644 reports/WC-360/shipping-normal1080/match-1-seat-0-pid-44708-phase-1-round-17.png
 create mode 100644 reports/WC-360/shipping-normal1080/match-1-seat-0-pid-44708-phase-1-round-18.png
 create mode 100644 reports/WC-360/shipping-normal1080/match-1-seat-0-pid-44708-phase-1-round-19.png
 create mode 100644 reports/WC-360/shipping-normal1080/match-1-seat-0-pid-44708-phase-1-round-2.png
 create mode 100644 reports/WC-360/shipping-normal1080/match-1-seat-0-pid-44708-phase-1-round-20.png
 create mode 100644 reports/WC-360/shipping-normal1080/match-1-seat-0-pid-44708-phase-1-round-3.png
 create mode 100644 reports/WC-360/shipping-normal1080/match-1-seat-0-pid-44708-phase-1-round-4.png
 create mode 100644 reports/WC-360/shipping-normal1080/match-1-seat-0-pid-44708-phase-1-round-5.png
 create mode 100644 reports/WC-360/shipping-normal1080/match-1-seat-0-pid-44708-phase-1-round-6.png
 create mode 100644 reports/WC-360/shipping-normal1080/match-1-seat-0-pid-44708-phase-1-round-7.png
 create mode 100644 reports/WC-360/shipping-normal1080/match-1-seat-0-pid-44708-phase-1-round-8.png
 create mode 100644 reports/WC-360/shipping-normal1080/match-1-seat-0-pid-44708-phase-1-round-9.png
 create mode 100644 reports/WC-360/shipping-normal1080/match-1-seat-0-pid-44708-phase-2-round-1.png
 create mode 100644 reports/WC-360/shipping-normal1080/match-1-seat-0-pid-44708-phase-2-round-10.png
 create mode 100644 reports/WC-360/shipping-normal1080/match-1-seat-0-pid-44708-phase-2-round-11.png
 create mode 100644 reports/WC-360/shipping-normal1080/match-1-seat-0-pid-44708-phase-2-round-12.png
 create mode 100644 reports/WC-360/shipping-normal1080/match-1-seat-0-pid-44708-phase-2-round-13.png
 create mode 100644 reports/WC-360/shipping-normal1080/match-1-seat-0-pid-44708-phase-2-round-14.png
 create mode 100644 reports/WC-360/shipping-normal1080/match-1-seat-0-pid-44708-phase-2-round-15.png
 create mode 100644 reports/WC-360/shipping-normal1080/match-1-seat-0-pid-44708-phase-2-round-16.png
 create mode 100644 reports/WC-360/shipping-normal1080/match-1-seat-0-pid-44708-phase-2-round-17.png
 create mode 100644 reports/WC-360/shipping-normal1080/match-1-seat-0-pid-44708-phase-2-round-18.png
 create mode 100644 reports/WC-360/shipping-normal1080/match-1-seat-0-pid-44708-phase-2-round-19.png
 create mode 100644 reports/WC-360/shipping-normal1080/match-1-seat-0-pid-44708-phase-2-round-2.png
 create mode 100644 reports/WC-360/shipping-normal1080/match-1-seat-0-pid-44708-phase-2-round-3.png
 create mode 100644 reports/WC-360/shipping-normal1080/match-1-seat-0-pid-44708-phase-2-round-4.png
 create mode 100644 reports/WC-360/shipping-normal1080/match-1-seat-0-pid-44708-phase-2-round-5.png
 create mode 100644 reports/WC-360/shipping-normal1080/match-1-seat-0-pid-44708-phase-2-round-6.png
 create mode 100644 reports/WC-360/shipping-normal1080/match-1-seat-0-pid-44708-phase-2-round-7.png
 create mode 100644 reports/WC-360/shipping-normal1080/match-1-seat-0-pid-44708-phase-2-round-8.png
 create mode 100644 reports/WC-360/shipping-normal1080/match-1-seat-0-pid-44708-phase-2-round-9.png
 create mode 100644 reports/WC-360/shipping-normal1080/match-1-seat-0-pid-44708-phase-3-round-20.png
 create mode 100644 reports/WC-360/shipping-normal1080/match-1-seat-0-pid-44708-session.json
 create mode 100644 reports/WC-360/shipping-normal1080/match-1-seat-0-pid-44708-skill-shots.jsonl
 create mode 100644 reports/WC-360/shipping-normal1080/match-1-seat-0-pid-44708-snapshots.jsonl
 create mode 100644 reports/WC-360/shipping-normal1080/session.json
 create mode 100644 reports/WC-360/shipping-regression/launch.json
 create mode 100644 reports/WC-360/shipping-regression/process-exit.json
 create mode 100644 reports/WC-360/shipping-regression/regression.json
 create mode 100644 reports/WC-360/shipping-restart/functional-audit/audit.json
 create mode 100644 reports/WC-360/shipping-restart/functional-audit/audit.md
 create mode 100644 reports/WC-360/shipping-restart/gpu-before.csv
 create mode 100644 reports/WC-360/shipping-restart/launch.json
 create mode 100644 reports/WC-360/shipping-restart/match-1-seat-0-pid-24580-active-def-0.png
 create mode 100644 reports/WC-360/shipping-restart/match-1-seat-0-pid-24580-active-def-1.png
 create mode 100644 reports/WC-360/shipping-restart/match-1-seat-0-pid-24580-active-def-10.png
 create mode 100644 reports/WC-360/shipping-restart/match-1-seat-0-pid-24580-active-def-11.png
 create mode 100644 reports/WC-360/shipping-restart/match-1-seat-0-pid-24580-active-def-3.png
 create mode 100644 reports/WC-360/shipping-restart/match-1-seat-0-pid-24580-active-def-4.png
 create mode 100644 reports/WC-360/shipping-restart/match-1-seat-0-pid-24580-active-def-5.png
 create mode 100644 reports/WC-360/shipping-restart/match-1-seat-0-pid-24580-active-def-6.png
 create mode 100644 reports/WC-360/shipping-restart/match-1-seat-0-pid-24580-active-def-7.png
 create mode 100644 reports/WC-360/shipping-restart/match-1-seat-0-pid-24580-active-def-8.png
 create mode 100644 reports/WC-360/shipping-restart/match-1-seat-0-pid-24580-active-def-9.png
 create mode 100644 reports/WC-360/shipping-restart/match-1-seat-0-pid-24580-commands.jsonl
 create mode 100644 reports/WC-360/shipping-restart/match-1-seat-0-pid-24580-frames.csv
 create mode 100644 reports/WC-360/shipping-restart/match-1-seat-0-pid-24580-phase-0-round-1.png
 create mode 100644 reports/WC-360/shipping-restart/match-1-seat-0-pid-24580-phase-0-round-10.png
 create mode 100644 reports/WC-360/shipping-restart/match-1-seat-0-pid-24580-phase-0-round-11.png
 create mode 100644 reports/WC-360/shipping-restart/match-1-seat-0-pid-24580-phase-0-round-12.png
 create mode 100644 reports/WC-360/shipping-restart/match-1-seat-0-pid-24580-phase-0-round-13.png
 create mode 100644 reports/WC-360/shipping-restart/match-1-seat-0-pid-24580-phase-0-round-14.png
 create mode 100644 reports/WC-360/shipping-restart/match-1-seat-0-pid-24580-phase-0-round-15.png
 create mode 100644 reports/WC-360/shipping-restart/match-1-seat-0-pid-24580-phase-0-round-16.png
 create mode 100644 reports/WC-360/shipping-restart/match-1-seat-0-pid-24580-phase-0-round-2.png
 create mode 100644 reports/WC-360/shipping-restart/match-1-seat-0-pid-24580-phase-0-round-3.png
 create mode 100644 reports/WC-360/shipping-restart/match-1-seat-0-pid-24580-phase-0-round-4.png
 create mode 100644 reports/WC-360/shipping-restart/match-1-seat-0-pid-24580-phase-0-round-5.png
 create mode 100644 reports/WC-360/shipping-restart/match-1-seat-0-pid-24580-phase-0-round-6.png
 create mode 100644 reports/WC-360/shipping-restart/match-1-seat-0-pid-24580-phase-0-round-7.png
 create mode 100644 reports/WC-360/shipping-restart/match-1-seat-0-pid-24580-phase-0-round-8.png
 create mode 100644 reports/WC-360/shipping-restart/match-1-seat-0-pid-24580-phase-0-round-9.png
 create mode 100644 reports/WC-360/shipping-restart/match-1-seat-0-pid-24580-phase-1-round-1.png
 create mode 100644 reports/WC-360/shipping-restart/match-1-seat-0-pid-24580-phase-1-round-10.png
 create mode 100644 reports/WC-360/shipping-restart/match-1-seat-0-pid-24580-phase-1-round-11.png
 create mode 100644 reports/WC-360/shipping-restart/match-1-seat-0-pid-24580-phase-1-round-12.png
 create mode 100644 reports/WC-360/shipping-restart/match-1-seat-0-pid-24580-phase-1-round-13.png
 create mode 100644 reports/WC-360/shipping-restart/match-1-seat-0-pid-24580-phase-1-round-14.png
 create mode 100644 reports/WC-360/shipping-restart/match-1-seat-0-pid-24580-phase-1-round-15.png
 create mode 100644 reports/WC-360/shipping-restart/match-1-seat-0-pid-24580-phase-1-round-16.png
 create mode 100644 reports/WC-360/shipping-restart/match-1-seat-0-pid-24580-phase-1-round-17.png
 create mode 100644 reports/WC-360/shipping-restart/match-1-seat-0-pid-24580-phase-1-round-18.png
 create mode 100644 reports/WC-360/shipping-restart/match-1-seat-0-pid-24580-phase-1-round-19.png
 create mode 100644 reports/WC-360/shipping-restart/match-1-seat-0-pid-24580-phase-1-round-2.png
 create mode 100644 reports/WC-360/shipping-restart/match-1-seat-0-pid-24580-phase-1-round-20.png
 create mode 100644 reports/WC-360/shipping-restart/match-1-seat-0-pid-24580-phase-1-round-21.png
 create mode 100644 reports/WC-360/shipping-restart/match-1-seat-0-pid-24580-phase-1-round-22.png
 create mode 100644 reports/WC-360/shipping-restart/match-1-seat-0-pid-24580-phase-1-round-23.png
 create mode 100644 reports/WC-360/shipping-restart/match-1-seat-0-pid-24580-phase-1-round-3.png
 create mode 100644 reports/WC-360/shipping-restart/match-1-seat-0-pid-24580-phase-1-round-4.png
 create mode 100644 reports/WC-360/shipping-restart/match-1-seat-0-pid-24580-phase-1-round-5.png
 create mode 100644 reports/WC-360/shipping-restart/match-1-seat-0-pid-24580-phase-1-round-6.png
 create mode 100644 reports/WC-360/shipping-restart/match-1-seat-0-pid-24580-phase-1-round-7.png
 create mode 100644 reports/WC-360/shipping-restart/match-1-seat-0-pid-24580-phase-1-round-8.png
 create mode 100644 reports/WC-360/shipping-restart/match-1-seat-0-pid-24580-phase-1-round-9.png
 create mode 100644 reports/WC-360/shipping-restart/match-1-seat-0-pid-24580-phase-3-round-23.png
 create mode 100644 reports/WC-360/shipping-restart/match-1-seat-0-pid-24580-session.json
 create mode 100644 reports/WC-360/shipping-restart/match-1-seat-0-pid-24580-skill-shots.jsonl
 create mode 100644 reports/WC-360/shipping-restart/match-1-seat-0-pid-24580-snapshots.jsonl
 create mode 100644 reports/WC-360/shipping-restart/match-2-seat-0-pid-24580-active-def-0.png
 create mode 100644 reports/WC-360/shipping-restart/match-2-seat-0-pid-24580-active-def-1.png
 create mode 100644 reports/WC-360/shipping-restart/match-2-seat-0-pid-24580-active-def-11.png
 create mode 100644 reports/WC-360/shipping-restart/match-2-seat-0-pid-24580-active-def-2.png
 create mode 100644 reports/WC-360/shipping-restart/match-2-seat-0-pid-24580-active-def-3.png
 create mode 100644 reports/WC-360/shipping-restart/match-2-seat-0-pid-24580-active-def-4.png
 create mode 100644 reports/WC-360/shipping-restart/match-2-seat-0-pid-24580-active-def-5.png
 create mode 100644 reports/WC-360/shipping-restart/match-2-seat-0-pid-24580-active-def-6.png
 create mode 100644 reports/WC-360/shipping-restart/match-2-seat-0-pid-24580-active-def-7.png
 create mode 100644 reports/WC-360/shipping-restart/match-2-seat-0-pid-24580-active-def-8.png
 create mode 100644 reports/WC-360/shipping-restart/match-2-seat-0-pid-24580-active-def-9.png
 create mode 100644 reports/WC-360/shipping-restart/match-2-seat-0-pid-24580-commands.jsonl
 create mode 100644 reports/WC-360/shipping-restart/match-2-seat-0-pid-24580-frames.csv
 create mode 100644 reports/WC-360/shipping-restart/match-2-seat-0-pid-24580-phase-0-round-1.png
 create mode 100644 reports/WC-360/shipping-restart/match-2-seat-0-pid-24580-phase-0-round-10.png
 create mode 100644 reports/WC-360/shipping-restart/match-2-seat-0-pid-24580-phase-0-round-11.png
 create mode 100644 reports/WC-360/shipping-restart/match-2-seat-0-pid-24580-phase-0-round-12.png
 create mode 100644 reports/WC-360/shipping-restart/match-2-seat-0-pid-24580-phase-0-round-13.png
 create mode 100644 reports/WC-360/shipping-restart/match-2-seat-0-pid-24580-phase-0-round-14.png
 create mode 100644 reports/WC-360/shipping-restart/match-2-seat-0-pid-24580-phase-0-round-2.png
 create mode 100644 reports/WC-360/shipping-restart/match-2-seat-0-pid-24580-phase-0-round-3.png
 create mode 100644 reports/WC-360/shipping-restart/match-2-seat-0-pid-24580-phase-0-round-4.png
 create mode 100644 reports/WC-360/shipping-restart/match-2-seat-0-pid-24580-phase-0-round-5.png
 create mode 100644 reports/WC-360/shipping-restart/match-2-seat-0-pid-24580-phase-0-round-6.png
 create mode 100644 reports/WC-360/shipping-restart/match-2-seat-0-pid-24580-phase-0-round-7.png
 create mode 100644 reports/WC-360/shipping-restart/match-2-seat-0-pid-24580-phase-0-round-8.png
 create mode 100644 reports/WC-360/shipping-restart/match-2-seat-0-pid-24580-phase-0-round-9.png
 create mode 100644 reports/WC-360/shipping-restart/match-2-seat-0-pid-24580-phase-1-round-1.png
 create mode 100644 reports/WC-360/shipping-restart/match-2-seat-0-pid-24580-phase-1-round-10.png
 create mode 100644 reports/WC-360/shipping-restart/match-2-seat-0-pid-24580-phase-1-round-11.png
 create mode 100644 reports/WC-360/shipping-restart/match-2-seat-0-pid-24580-phase-1-round-12.png
 create mode 100644 reports/WC-360/shipping-restart/match-2-seat-0-pid-24580-phase-1-round-13.png
 create mode 100644 reports/WC-360/shipping-restart/match-2-seat-0-pid-24580-phase-1-round-14.png
 create mode 100644 reports/WC-360/shipping-restart/match-2-seat-0-pid-24580-phase-1-round-15.png
 create mode 100644 reports/WC-360/shipping-restart/match-2-seat-0-pid-24580-phase-1-round-16.png
 create mode 100644 reports/WC-360/shipping-restart/match-2-seat-0-pid-24580-phase-1-round-17.png
 create mode 100644 reports/WC-360/shipping-restart/match-2-seat-0-pid-24580-phase-1-round-18.png
 create mode 100644 reports/WC-360/shipping-restart/match-2-seat-0-pid-24580-phase-1-round-19.png
 create mode 100644 reports/WC-360/shipping-restart/match-2-seat-0-pid-24580-phase-1-round-2.png
 create mode 100644 reports/WC-360/shipping-restart/match-2-seat-0-pid-24580-phase-1-round-20.png
 create mode 100644 reports/WC-360/shipping-restart/match-2-seat-0-pid-24580-phase-1-round-3.png
 create mode 100644 reports/WC-360/shipping-restart/match-2-seat-0-pid-24580-phase-1-round-4.png
 create mode 100644 reports/WC-360/shipping-restart/match-2-seat-0-pid-24580-phase-1-round-5.png
 create mode 100644 reports/WC-360/shipping-restart/match-2-seat-0-pid-24580-phase-1-round-6.png
 create mode 100644 reports/WC-360/shipping-restart/match-2-seat-0-pid-24580-phase-1-round-7.png
 create mode 100644 reports/WC-360/shipping-restart/match-2-seat-0-pid-24580-phase-1-round-8.png
 create mode 100644 reports/WC-360/shipping-restart/match-2-seat-0-pid-24580-phase-1-round-9.png
 create mode 100644 reports/WC-360/shipping-restart/match-2-seat-0-pid-24580-phase-3-round-20.png
 create mode 100644 reports/WC-360/shipping-restart/match-2-seat-0-pid-24580-session.json
 create mode 100644 reports/WC-360/shipping-restart/match-2-seat-0-pid-24580-skill-shots.jsonl
 create mode 100644 reports/WC-360/shipping-restart/match-2-seat-0-pid-24580-snapshots.jsonl
 create mode 100644 reports/WC-360/shipping-restart/restart-transition-audit.json
 create mode 100644 reports/WC-360/shipping-restart/session.json
 create mode 100644 reports/WC-360/shipping-startup-automation.log
 create mode 100644 reports/WC-360/shipping-startup-automation/engine-rounds.csv
 create mode 100644 reports/WC-360/shipping-startup-automation/engine-tournaments.csv
 create mode 100644 reports/WC-360/shipping-startup-automation/imported-assets.json
 create mode 100644 reports/WC-360/shipping-startup-automation/index.html
 create mode 100644 reports/WC-360/shipping-startup-automation/index.json
 create mode 100644 reports/WC-360/shipping-startup-fixed-analysis/100-engine-matches-index.json
 create mode 100644 reports/WC-360/shipping-startup-fixed-analysis/audit_regression.py
 create mode 100644 reports/WC-360/shipping-startup-fixed-analysis/hero-use.csv
 create mode 100644 reports/WC-360/shipping-startup-fixed-analysis/regression-analysis.json
 create mode 100644 reports/WC-360/shipping-startup-fixed-analysis/regression-analysis.md
 create mode 100644 reports/WC-360/shipping-startup-fixed-provenance.json
 create mode 100644 reports/WC-360/shipping-startup-fixed-regression/launch.json
 create mode 100644 reports/WC-360/shipping-startup-fixed-regression/process-exit.json
 create mode 100644 reports/WC-360/shipping-startup-fixed-regression/regression.json
 create mode 100644 reports/WC-U400/20260906T125729Z/baseline.json
 create mode 100644 reports/WC-U400/20260906T125729Z/blender-version.log
 create mode 100644 reports/WC-U400/20260906T125729Z/catalog.log
 create mode 100644 reports/WC-U400/20260906T125729Z/cpp_compiler-version.log
 create mode 100644 reports/WC-U400/20260906T125729Z/data-migration/catalog-check-final.log
 create mode 100644 reports/WC-U400/20260906T125729Z/data-migration/catalog-check.log
 create mode 100644 reports/WC-U400/20260906T125729Z/data-migration/documents-check-final.log
 create mode 100644 reports/WC-U400/20260906T125729Z/data-migration/documents-check.log
 create mode 100644 reports/WC-U400/20260906T125729Z/data-migration/migrate_data.py
 create mode 100644 reports/WC-U400/20260906T125729Z/data-migration/reference-tests-final.log
 create mode 100644 reports/WC-U400/20260906T125729Z/data-migration/reference-tests.log
 create mode 100644 reports/WC-U400/20260906T125729Z/data-migration/result.json
 create mode 100644 reports/WC-U400/20260906T125729Z/data-migration/validate-kit-final.log
 create mode 100644 reports/WC-U400/20260906T125729Z/data-migration/validate-kit.log
 create mode 100644 reports/WC-U400/20260906T125729Z/documents.log
 create mode 100644 reports/WC-U400/20260906T125729Z/dotnet-version.log
 create mode 100644 reports/WC-U400/20260906T125729Z/environment.json
 create mode 100644 reports/WC-U400/20260906T125729Z/git-version.log
 create mode 100644 reports/WC-U400/20260906T125729Z/python-version.log
 create mode 100644 reports/WC-U400/20260906T125729Z/reference-tests.log
 create mode 100644 reports/WC-U400/20260906T125729Z/validate-kit.log
 create mode 100644 reports/WC-U400/20260906T154848Z/protocol5-stage/sync.log
 create mode 100644 reports/WC-U400/20260906T154931Z/protocol5-validation/python-tests.log
 create mode 100644 reports/WC-U400/20260906T155132Z/protocol5-import-data/console.log
 create mode 100644 reports/WC-U400/20260906T155132Z/protocol5-import-data/data-table-import.json
 create mode 100644 reports/WC-U400/20260906T155132Z/protocol5-import-data/editor.log
 create mode 100644 reports/WC-U400/20260906T155132Z/protocol5-import-data/import_data_tables.json
 create mode 100644 reports/WC-U400/20260906T155132Z/protocol5-import-data/imported_DT_Abilities_Alpha.json
 create mode 100644 reports/WC-U400/20260906T155132Z/protocol5-import-data/imported_DT_Units_Alpha.json
 create mode 100644 reports/WC-U400/20260906T155132Z/protocol5-import-data/normalized_DT_Abilities_Alpha.json
 create mode 100644 reports/WC-U400/20260906T155132Z/protocol5-import-data/normalized_DT_Units_Alpha.json
 create mode 100644 reports/WC-U400/20260906T155132Z/protocol5-import-data/process.json
 create mode 100644 reports/WC-U400/20260906T170328Z/protocol6-migration/check_scope.py
 create mode 100644 reports/WC-U400/20260906T170328Z/protocol6-migration/scope-parity.log
 create mode 100644 reports/WC-U400/20260906T170346Z/protocol6-migration-fixed-scope-reader/check_scope.py
 create mode 100644 reports/WC-U400/20260906T170346Z/protocol6-migration-fixed-scope-reader/scope-parity.json
 create mode 100644 reports/WC-U400/20260906T170346Z/protocol6-migration-fixed-scope-reader/scope-parity.log
 create mode 100644 reports/WC-U400/20260906T170346Z/protocol6-migration-fixed-scope-reader/stage.log
 create mode 100644 reports/WC-U400/20260906T170346Z/protocol6-migration-fixed-scope-reader/validate-kit.log
 create mode 100644 reports/WC-U400/20260906T171743Z/protocol6-contract-check/catalog.log
 create mode 100644 reports/WC-U400/20260906T171743Z/protocol6-contract-check/documents.log
 create mode 100644 reports/WC-U400/20260906T171743Z/protocol6-contract-check/results.json
 create mode 100644 reports/WC-U400/20260906T171743Z/protocol6-contract-check/schema-tests.log
 create mode 100644 reports/WC-U400/20260906T171830Z/protocol6-data-import/data-table-import.json
 create mode 100644 reports/WC-U400/20260906T171830Z/protocol6-data-import/editor.log
 create mode 100644 reports/WC-U400/20260906T171830Z/protocol6-data-import/import_data_tables.json
 create mode 100644 reports/WC-U400/20260906T171830Z/protocol6-data-import/imported_DT_Abilities_Alpha.json
 create mode 100644 reports/WC-U400/20260906T171830Z/protocol6-data-import/imported_DT_Units_Alpha.json
 create mode 100644 reports/WC-U400/20260906T171830Z/protocol6-data-import/normalized_DT_Abilities_Alpha.json
 create mode 100644 reports/WC-U400/20260906T171830Z/protocol6-data-import/normalized_DT_Units_Alpha.json
 create mode 100644 reports/WC-U400/20260906T171830Z/protocol6-data-import/process.json
 create mode 100644 reports/WC-U400/20260906T171830Z/protocol6-data-import/stderr.log
 create mode 100644 reports/WC-U400/20260906T171830Z/protocol6-data-import/stdout.log
 create mode 100644 reports/WC-U400/20260907T165200Z-closeout/catalog.log
 create mode 100644 reports/WC-U400/20260907T165200Z-closeout/documents.log
 create mode 100644 reports/WC-U400/20260907T165200Z-closeout/environment.json
 create mode 100644 reports/WC-U400/20260907T165200Z-closeout/kit.log
 create mode 100644 reports/WC-U400/20260907T165200Z-closeout/tests.log
 create mode 100644 reports/WC-U410/20260906T130516Z/native/CatalogFixture.h
 create mode 100644 reports/WC-U410/20260906T130516Z/native/compile.cmd
 create mode 100644 reports/WC-U410/20260906T130516Z/native/compile.log
 create mode 100644 reports/WC-U410/20260906T130516Z/native/runtime-tests.log
 create mode 100644 reports/WC-U410/20260906T130552Z/native/CatalogFixture.h
 create mode 100644 reports/WC-U410/20260906T130552Z/native/bot-decisions.csv
 create mode 100644 reports/WC-U410/20260906T130552Z/native/compile.cmd
 create mode 100644 reports/WC-U410/20260906T130552Z/native/compile.log
 create mode 100644 reports/WC-U410/20260906T130552Z/native/compositions.csv
 create mode 100644 reports/WC-U410/20260906T130552Z/native/mirror-combats.csv
 create mode 100644 reports/WC-U410/20260906T130552Z/native/round-economy.csv
 create mode 100644 reports/WC-U410/20260906T130552Z/native/runtime-tests.log
 create mode 100644 reports/WC-U410/20260906T130552Z/native/tournaments.csv
 create mode 100644 reports/WC-U410/20260906T130624Z/targeted/build/CatalogFixture.h
 create mode 100644 reports/WC-U410/20260906T130624Z/targeted/build/compile.cmd
 create mode 100644 reports/WC-U410/20260906T130624Z/targeted/build/compile.log
 create mode 100644 reports/WC-U410/20260906T130624Z/targeted/build/edge-cases.csv
 create mode 100644 reports/WC-U410/20260906T130624Z/targeted/build/edge-events.csv
 create mode 100644 reports/WC-U410/20260906T130624Z/targeted/build/edge-positions.csv
 create mode 100644 reports/WC-U410/20260906T130624Z/targeted/build/execution.json
 create mode 100644 reports/WC-U410/20260906T130624Z/targeted/build/formation-combats.csv
 create mode 100644 reports/WC-U410/20260906T130624Z/targeted/build/formations.csv
 create mode 100644 reports/WC-U410/20260906T130624Z/targeted/build/process.json
 create mode 100644 reports/WC-U410/20260906T130624Z/targeted/build/run.log
 create mode 100644 reports/WC-U410/20260906T130624Z/traits/build/CatalogFixture.h
 create mode 100644 reports/WC-U410/20260906T130624Z/traits/build/compile.cmd
 create mode 100644 reports/WC-U410/20260906T130624Z/traits/build/compile.log
 create mode 100644 reports/WC-U410/20260906T130624Z/traits/build/process.json
 create mode 100644 reports/WC-U410/20260906T130624Z/traits/build/run.log
 create mode 100644 reports/WC-U410/20260906T130624Z/traits/build/summary.json
 create mode 100644 reports/WC-U410/20260906T130624Z/traits/build/trait-cases.csv
 create mode 100644 reports/WC-U410/20260906T130624Z/traits/build/trait-events.csv
 create mode 100644 reports/WC-U410/20260906T130808Z/traits/build/CatalogFixture.h
 create mode 100644 reports/WC-U410/20260906T130808Z/traits/build/compile.cmd
 create mode 100644 reports/WC-U410/20260906T130808Z/traits/build/compile.log
 create mode 100644 reports/WC-U410/20260906T130808Z/traits/build/process.json
 create mode 100644 reports/WC-U410/20260906T130808Z/traits/build/run.log
 create mode 100644 reports/WC-U410/20260906T130808Z/traits/build/summary.json
 create mode 100644 reports/WC-U410/20260906T130808Z/traits/build/trait-cases.csv
 create mode 100644 reports/WC-U410/20260906T130808Z/traits/build/trait-events.csv
 create mode 100644 reports/WC-U410/20260906T130851Z/native-100/CatalogFixture.h
 create mode 100644 reports/WC-U410/20260906T130851Z/native-100/ability-coverage.csv
 create mode 100644 reports/WC-U410/20260906T130851Z/native-100/bot-decisions.csv
 create mode 100644 reports/WC-U410/20260906T130851Z/native-100/compile.cmd
 create mode 100644 reports/WC-U410/20260906T130851Z/native-100/compile.log
 create mode 100644 reports/WC-U410/20260906T130851Z/native-100/compositions.csv
 create mode 100644 reports/WC-U410/20260906T130851Z/native-100/encounter-outcomes.csv
 create mode 100644 reports/WC-U410/20260906T130851Z/native-100/mirror-combats.csv
 create mode 100644 reports/WC-U410/20260906T130851Z/native-100/process.json
 create mode 100644 reports/WC-U410/20260906T130851Z/native-100/round-economy.csv
 create mode 100644 reports/WC-U410/20260906T130851Z/native-100/runtime-tests.log
 create mode 100644 reports/WC-U410/20260906T130851Z/native-100/summary.json
 create mode 100644 reports/WC-U410/20260906T130851Z/native-100/tournaments.csv
 create mode 100644 reports/WC-U410/20260906T130851Z/native-100/trait-coverage.csv
 create mode 100644 reports/WC-U410/20260906T131208Z/negative-settlement/CatalogFixture.h
 create mode 100644 reports/WC-U410/20260906T131208Z/negative-settlement/ability-coverage.csv
 create mode 100644 reports/WC-U410/20260906T131208Z/negative-settlement/bot-decisions.csv
 create mode 100644 reports/WC-U410/20260906T131208Z/negative-settlement/compile.cmd
 create mode 100644 reports/WC-U410/20260906T131208Z/negative-settlement/compile.log
 create mode 100644 reports/WC-U410/20260906T131208Z/negative-settlement/compositions.csv
 create mode 100644 reports/WC-U410/20260906T131208Z/negative-settlement/encounter-outcomes.csv
 create mode 100644 reports/WC-U410/20260906T131208Z/negative-settlement/mirror-combats.csv
 create mode 100644 reports/WC-U410/20260906T131208Z/negative-settlement/process.json
 create mode 100644 reports/WC-U410/20260906T131208Z/negative-settlement/round-economy.csv
 create mode 100644 reports/WC-U410/20260906T131208Z/negative-settlement/runtime-tests.log
 create mode 100644 reports/WC-U410/20260906T131208Z/negative-settlement/tournaments.csv
 create mode 100644 reports/WC-U410/20260906T131208Z/negative-settlement/trait-coverage.csv
 create mode 100644 reports/WC-U410/20260906T131353Z/editor-build-02.json
 create mode 100644 reports/WC-U410/20260906T131353Z/editor-build-02.log
 create mode 100644 reports/WC-U410/20260906T131435Z/native-100-final/CatalogFixture.h
 create mode 100644 reports/WC-U410/20260906T131435Z/native-100-final/HANDOFF.md
 create mode 100644 reports/WC-U410/20260906T131435Z/native-100-final/ability-coverage.csv
 create mode 100644 reports/WC-U410/20260906T131435Z/native-100-final/bot-decisions.csv
 create mode 100644 reports/WC-U410/20260906T131435Z/native-100-final/compile.cmd
 create mode 100644 reports/WC-U410/20260906T131435Z/native-100-final/compile.log
 create mode 100644 reports/WC-U410/20260906T131435Z/native-100-final/compositions.csv
 create mode 100644 reports/WC-U410/20260906T131435Z/native-100-final/encounter-outcomes.csv
 create mode 100644 reports/WC-U410/20260906T131435Z/native-100-final/mirror-combats.csv
 create mode 100644 reports/WC-U410/20260906T131435Z/native-100-final/process.json
 create mode 100644 reports/WC-U410/20260906T131435Z/native-100-final/round-economy.csv
 create mode 100644 reports/WC-U410/20260906T131435Z/native-100-final/runtime-tests.log
 create mode 100644 reports/WC-U410/20260906T131435Z/native-100-final/summary.json
 create mode 100644 reports/WC-U410/20260906T131435Z/native-100-final/tournaments.csv
 create mode 100644 reports/WC-U410/20260906T131435Z/native-100-final/trait-coverage.csv
 create mode 100644 reports/WC-U410/20260906T131459Z/targeted-final/build/CatalogFixture.h
 create mode 100644 reports/WC-U410/20260906T131459Z/targeted-final/build/compile.cmd
 create mode 100644 reports/WC-U410/20260906T131459Z/targeted-final/build/compile.log
 create mode 100644 reports/WC-U410/20260906T131459Z/targeted-final/build/edge-cases.csv
 create mode 100644 reports/WC-U410/20260906T131459Z/targeted-final/build/edge-events.csv
 create mode 100644 reports/WC-U410/20260906T131459Z/targeted-final/build/edge-positions.csv
 create mode 100644 reports/WC-U410/20260906T131459Z/targeted-final/build/execution.json
 create mode 100644 reports/WC-U410/20260906T131459Z/targeted-final/build/formation-combats.csv
 create mode 100644 reports/WC-U410/20260906T131459Z/targeted-final/build/formations.csv
 create mode 100644 reports/WC-U410/20260906T131459Z/targeted-final/build/process.json
 create mode 100644 reports/WC-U410/20260906T131459Z/targeted-final/build/run.log
 create mode 100644 reports/WC-U410/20260906T131459Z/traits-final/build/CatalogFixture.h
 create mode 100644 reports/WC-U410/20260906T131459Z/traits-final/build/compile.cmd
 create mode 100644 reports/WC-U410/20260906T131459Z/traits-final/build/compile.log
 create mode 100644 reports/WC-U410/20260906T131459Z/traits-final/build/process.json
 create mode 100644 reports/WC-U410/20260906T131459Z/traits-final/build/run.log
 create mode 100644 reports/WC-U410/20260906T131459Z/traits-final/build/summary.json
 create mode 100644 reports/WC-U410/20260906T131459Z/traits-final/build/trait-cases.csv
 create mode 100644 reports/WC-U410/20260906T131459Z/traits-final/build/trait-events.csv
 create mode 100644 reports/WC-U410/20260906T131532Z/automation/index.html
 create mode 100644 reports/WC-U410/20260906T131532Z/automation/index.json
 create mode 100644 reports/WC-U410/20260906T131532Z/process.json
 create mode 100644 reports/WC-U410/20260906T131532Z/process.log
 create mode 100644 reports/WC-U410/20260906T131532Z/unreal-data.log
 create mode 100644 reports/WC-U410/20260906T131759Z/data-tables/data-table-import.json
 create mode 100644 reports/WC-U410/20260906T131759Z/data-tables/editor.log
 create mode 100644 reports/WC-U410/20260906T131759Z/data-tables/imported_DT_Units_Alpha.json
 create mode 100644 reports/WC-U410/20260906T131759Z/data-tables/process.json
 create mode 100644 reports/WC-U410/20260906T131759Z/data-tables/process.log
 create mode 100644 reports/WC-U410/20260906T131914Z/data-tables/data-table-import.json
 create mode 100644 reports/WC-U410/20260906T131914Z/data-tables/editor.log
 create mode 100644 reports/WC-U410/20260906T131914Z/data-tables/import_data_tables.json
 create mode 100644 reports/WC-U410/20260906T131914Z/data-tables/imported_DT_Abilities_Alpha.json
 create mode 100644 reports/WC-U410/20260906T131914Z/data-tables/imported_DT_Units_Alpha.json
 create mode 100644 reports/WC-U410/20260906T131914Z/data-tables/process.json
 create mode 100644 reports/WC-U410/20260906T131914Z/data-tables/process.log
 create mode 100644 reports/WC-U410/20260906T132026Z/data-tables/data-table-import.json
 create mode 100644 reports/WC-U410/20260906T132026Z/data-tables/editor.log
 create mode 100644 reports/WC-U410/20260906T132026Z/data-tables/import_data_tables.json
 create mode 100644 reports/WC-U410/20260906T132026Z/data-tables/imported_DT_Abilities_Alpha.json
 create mode 100644 reports/WC-U410/20260906T132026Z/data-tables/imported_DT_Units_Alpha.json
 create mode 100644 reports/WC-U410/20260906T132026Z/data-tables/normalized_DT_Abilities_Alpha.json
 create mode 100644 reports/WC-U410/20260906T132026Z/data-tables/normalized_DT_Units_Alpha.json
 create mode 100644 reports/WC-U410/20260906T132026Z/data-tables/process.json
 create mode 100644 reports/WC-U410/20260906T132026Z/data-tables/process.log
 create mode 100644 reports/WC-U410/20260906T1320Z/editor-build-01.json
 create mode 100644 reports/WC-U410/20260906T1320Z/editor-build-01.log
 create mode 100644 reports/WC-U410/20260906T132212Z/early-package/package-Shipping-20260906T132212Z.json
 create mode 100644 reports/WC-U410/20260906T132212Z/early-package/package-Shipping-20260906T132212Z.log
 create mode 100644 reports/WC-U410/20260906T132212Z/early-package/wrapper.log
 create mode 100644 reports/WC-U410/20260906T132749Z/early-package/early-provenance.json
 create mode 100644 reports/WC-U410/20260906T132749Z/early-package/package-Shipping-20260906T132749Z.json
 create mode 100644 reports/WC-U410/20260906T132749Z/early-package/package-Shipping-20260906T132749Z.log
 create mode 100644 reports/WC-U410/20260906T132749Z/early-package/wrapper.log
 create mode 100644 reports/WC-U410/20260906T133515Z/early-packaged100/launch.json
 create mode 100644 reports/WC-U410/20260906T133515Z/early-packaged100/process-exit.json
 create mode 100644 reports/WC-U410/20260906T133515Z/early-packaged100/regression.json
 create mode 100644 reports/WC-U410/preliminary-01/native-initial/CatalogFixture.h
 create mode 100644 reports/WC-U410/preliminary-01/native-initial/compile.cmd
 create mode 100644 reports/WC-U410/preliminary-01/native-initial/compile.log
 create mode 100644 reports/WC-U410/preliminary-01/native-initial/runtime-tests.log
 create mode 100644 reports/WC-U410/preliminary-02/native/CatalogFixture.h
 create mode 100644 reports/WC-U410/preliminary-02/native/compile.cmd
 create mode 100644 reports/WC-U410/preliminary-02/native/compile.log
 create mode 100644 reports/WC-U410/preliminary-02/native/runtime-tests.log
 create mode 100644 reports/WC-U410/preliminary-03/native/CatalogFixture.h
 create mode 100644 reports/WC-U410/preliminary-03/native/bot-decisions.csv
 create mode 100644 reports/WC-U410/preliminary-03/native/compile.cmd
 create mode 100644 reports/WC-U410/preliminary-03/native/compile.log
 create mode 100644 reports/WC-U410/preliminary-03/native/compositions.csv
 create mode 100644 reports/WC-U410/preliminary-03/native/mirror-combats.csv
 create mode 100644 reports/WC-U410/preliminary-03/native/round-economy.csv
 create mode 100644 reports/WC-U410/preliminary-03/native/runtime-tests.log
 create mode 100644 reports/WC-U410/preliminary-03/native/tournaments.csv
 create mode 100644 reports/WC-U420/20260906T133504Z/early-restart/functional-audit/audit.json
 create mode 100644 reports/WC-U420/20260906T133504Z/early-restart/functional-audit/audit.md
 create mode 100644 reports/WC-U420/20260906T133504Z/early-restart/gpu-before.csv
 create mode 100644 reports/WC-U420/20260906T133504Z/early-restart/launch.json
 create mode 100644 reports/WC-U420/20260906T133504Z/early-restart/match-0-seat-0-pid-18088-frames.csv
 create mode 100644 reports/WC-U420/20260906T133504Z/early-restart/match-0-seat-0-pid-18088-phase--1-round-0.png
 create mode 100644 reports/WC-U420/20260906T133504Z/early-restart/match-0-seat-0-pid-18088-session.json
 create mode 100644 reports/WC-U420/20260906T133504Z/early-restart/match-0-seat-0-pid-18088-snapshots.jsonl
 create mode 100644 reports/WC-U420/20260906T133504Z/early-restart/match-1-seat-0-pid-18088-active-def-0.png
 create mode 100644 reports/WC-U420/20260906T133504Z/early-restart/match-1-seat-0-pid-18088-active-def-1.png
 create mode 100644 reports/WC-U420/20260906T133504Z/early-restart/match-1-seat-0-pid-18088-active-def-11.png
 create mode 100644 reports/WC-U420/20260906T133504Z/early-restart/match-1-seat-0-pid-18088-active-def-12.png
remote: warning: See https://gh.io/lfs for more information.        
remote: warning: File reports/WC-360/shipping-normal1080/match-1-seat-0-pid-44708-snapshots.jsonl is 53.48 MB; this is larger than GitHub's recommended maximum file size of 50.00 MB        
remote: warning: GH001: Large files detected. You may want to try Git Large File Storage - https://git-lfs.github.com.        
To https://github.com/TUPRAM/wonder-chess.git
   daf9f3e..4950785  main -> main
branch 'main' set up to track 'origin/main'.
