00:03.735  blend            | Read blend: "C:\Users\iputu\Documents\Wonder Chess\reports\WC-U440\20260906T133433Z\wc_u_elf_priest\refinement-v6\wc_u_elf_priest-update24-revision7.blend"
00:06.891  render           | Saved: 'C:\Users\iputu\Documents\Wonder Chess\reports\WC-U440\20260906T133433Z\wc_u_elf_priest\refinement-v6\motion-frames\Idle\0000.png'
00:09.422  render           | Saved: 'C:\Users\iputu\Documents\Wonder Chess\reports\WC-U440\20260906T133433Z\wc_u_elf_priest\refinement-v6\motion-frames\Idle\0001.png'
00:11.969  render           | Saved: 'C:\Users\iputu\Documents\Wonder Chess\reports\WC-U440\20260906T133433Z\wc_u_elf_priest\refinement-v6\motion-frames\Idle\0002.png'
00:14.156  render           | Saved: 'C:\Users\iputu\Documents\Wonder Chess\reports\WC-U440\20260906T133433Z\wc_u_elf_priest\refinement-v6\motion-frames\Idle\0003.png'
00:16.281  render           | Saved: 'C:\Users\iputu\Documents\Wonder Chess\reports\WC-U440\20260906T133433Z\wc_u_elf_priest\refinement-v6\motion-frames\Idle\0004.png'
00:18.328  render           | Saved: 'C:\Users\iputu\Documents\Wonder Chess\reports\WC-U440\20260906T133433Z\wc_u_elf_priest\refinement-v6\motion-frames\Idle\0005.png'
00:20.375  render           | Saved: 'C:\Users\iputu\Documents\Wonder Chess\reports\WC-U440\20260906T133433Z\wc_u_elf_priest\refinement-v6\motion-frames\Idle\0006.png'
00:22.406  render           | Saved: 'C:\Users\iputu\Documents\Wonder Chess\reports\WC-U440\20260906T133433Z\wc_u_elf_priest\refinement-v6\motion-frames\Idle\0007.png'
00:24.531  render           | Saved: 'C:\Users\iputu\Documents\Wonder Chess\reports\WC-U440\20260906T133433Z\wc_u_elf_priest\refinement-v6\motion-frames\Idle\0008.png'
00:26.625  render           | Saved: 'C:\Users\iputu\Documents\Wonder Chess\reports\WC-U440\20260906T133433Z\wc_u_elf_priest\refinement-v6\motion-frames\Idle\0009.png'
00:28.735  render           | Saved: 'C:\Users\iputu\Documents\Wonder Chess\reports\WC-U440\20260906T133433Z\wc_u_elf_priest\refinement-v6\motion-frames\Idle\0010.png'
00:30.875  render           | Saved: 'C:\Users\iputu\Documents\Wonder Chess\reports\WC-U440\20260906T133433Z\wc_u_elf_priest\refinement-v6\motion-frames\Idle\0011.png'
00:32.938  render           | Saved: 'C:\Users\iputu\Documents\Wonder Chess\reports\WC-U440\20260906T133433Z\wc_u_elf_priest\refinement-v6\motion-frames\Idle\0012.png'
00:35.094  render           | Saved: 'C:\Users\iputu\Documents\Wonder Chess\reports\WC-U440\20260906T133433Z\wc_u_elf_priest\refinement-v6\motion-frames\Idle\0013.png'
00:37.203  render           | Saved: 'C:\Users\iputu\Documents\Wonder Chess\reports\WC-U440\20260906T133433Z\wc_u_elf_priest\refinement-v6\motion-frames\Idle\0014.png'
00:39.422  render           | Saved: 'C:\Users\iputu\Documents\Wonder Chess\reports\WC-U440\20260906T133433Z\wc_u_elf_priest\refinement-v6\motion-frames\Idle\0015.png'
00:41.500  render           | Saved: 'C:\Users\iputu\Documents\Wonder Chess\reports\WC-U440\20260906T133433Z\wc_u_elf_priest\refinement-v6\motion-frames\Idle\0016.png'
00:43.563  render           | Saved: 'C:\Users\iputu\Documents\Wonder Chess\reports\WC-U440\20260906T133433Z\wc_u_elf_priest\refinement-v6\motion-frames\Idle\0017.png'
00:45.610  render           | Saved: 'C:\Users\iputu\Documents\Wonder Chess\reports\WC-U440\20260906T133433Z\wc_u_elf_priest\refinement-v6\motion-frames\Idle\0018.png'
00:47.703  render           | Saved: 'C:\Users\iputu\Documents\Wonder Chess\reports\WC-U440\20260906T133433Z\wc_u_elf_priest\refinement-v6\motion-frames\Idle\0019.png'
00:49.844  render           | Saved: 'C:\Users\iputu\Documents\Wonder Chess\reports\WC-U440\20260906T133433Z\wc_u_elf_priest\refinement-v6\motion-frames\Idle\0020.png'
00:52.110  render           | Saved: 'C:\Users\iputu\Documents\Wonder Chess\reports\WC-U440\20260906T133433Z\wc_u_elf_priest\refinement-v6\motion-frames\Idle\0021.png'
00:54.328  render           | Saved: 'C:\Users\iputu\Documents\Wonder Chess\reports\WC-U440\20260906T133433Z\wc_u_elf_priest\refinement-v6\motion-frames\Idle\0022.png'
00:56.453  render           | Saved: 'C:\Users\iputu\Documents\Wonder Chess\reports\WC-U440\20260906T133433Z\wc_u_elf_priest\refinement-v6\motion-frames\Idle\0023.png'
00:58.766  render           | Saved: 'C:\Users\iputu\Documents\Wonder Chess\reports\WC-U440\20260906T133433Z\wc_u_elf_priest\refinement-v6\motion-frames\Idle\0024.png'
01:00.906  render           | Saved: 'C:\Users\iputu\Documents\Wonder Chess\reports\WC-U440\20260906T133433Z\wc_u_elf_priest\refinement-v6\motion-frames\Idle\0025.png'
01:02.969  render           | Saved: 'C:\Users\iputu\Documents\Wonder Chess\reports\WC-U440\20260906T133433Z\wc_u_elf_priest\refinement-v6\motion-frames\Idle\0026.png'
01:05.203  render           | Saved: 'C:\Users\iputu\Documents\Wonder Chess\reports\WC-U440\20260906T133433Z\wc_u_elf_priest\refinement-v6\motion-frames\Idle\0027.png'
01:07.344  render           | Saved: 'C:\Users\iputu\Documents\Wonder Chess\reports\WC-U440\20260906T133433Z\wc_u_elf_priest\refinement-v6\motion-frames\Idle\0028.png'
01:09.531  render           | Saved: 'C:\Users\iputu\Documents\Wonder Chess\reports\WC-U440\20260906T133433Z\wc_u_elf_priest\refinement-v6\motion-frames\Idle\0029.png'
01:11.656  render           | Saved: 'C:\Users\iputu\Documents\Wonder Chess\reports\WC-U440\20260906T133433Z\wc_u_elf_priest\refinement-v6\motion-frames\Idle\0030.png'
01:13.656  render           | Saved: 'C:\Users\iputu\Documents\Wonder Chess\reports\WC-U440\20260906T133433Z\wc_u_elf_priest\refinement-v6\motion-frames\Idle\0031.png'
01:15.672  render           | Saved: 'C:\Users\iputu\Documents\Wonder Chess\reports\WC-U440\20260906T133433Z\wc_u_elf_priest\refinement-v6\motion-frames\Idle\0032.png'
01:17.703  render           | Saved: 'C:\Users\iputu\Documents\Wonder Chess\reports\WC-U440\20260906T133433Z\wc_u_elf_priest\refinement-v6\motion-frames\Idle\0033.png'
01:19.797  render           | Saved: 'C:\Users\iputu\Documents\Wonder Chess\reports\WC-U440\20260906T133433Z\wc_u_elf_priest\refinement-v6\motion-frames\Idle\0034.png'
01:21.860  render           | Saved: 'C:\Users\iputu\Documents\Wonder Chess\reports\WC-U440\20260906T133433Z\wc_u_elf_priest\refinement-v6\motion-frames\Idle\0035.png'
01:23.922  render           | Saved: 'C:\Users\iputu\Documents\Wonder Chess\reports\WC-U440\20260906T133433Z\wc_u_elf_priest\refinement-v6\motion-frames\Idle\0036.png'
01:26.016  render           | Saved: 'C:\Users\iputu\Documents\Wonder Chess\reports\WC-U440\20260906T133433Z\wc_u_elf_priest\refinement-v6\motion-frames\Idle\0037.png'
01:28.031  render           | Saved: 'C:\Users\iputu\Documents\Wonder Chess\reports\WC-U440\20260906T133433Z\wc_u_elf_priest\refinement-v6\motion-frames\Idle\0038.png'
01:30.141  render           | Saved: 'C:\Users\iputu\Documents\Wonder Chess\reports\WC-U440\20260906T133433Z\wc_u_elf_priest\refinement-v6\motion-frames\Idle\0039.png'
{
  "status": "sampled_motion_invariants_passed",
  "unit_id": "wc_u_elf_priest",
  "blender_version": "5.1.1",
  "sampling": "actual deformed mesh every 3 frames at 60fps",
  "clips": [
    {
      "clip": "Idle",
      "samples": 41,
      "minimum_support_sole_z_m": 0.016649996861815453,
      "maximum_support_sole_z_m": 0.016649996861815453,
      "max_root_translation_m": 0,
      "max_pose_scale_error": 0
    },
    {
      "clip": "Move",
      "samples": 21,
      "minimum_support_sole_z_m": 0.0038206372410058975,
      "maximum_support_sole_z_m": 0.016649996861815453,
      "max_root_translation_m": 0,
      "max_pose_scale_error": 0
    },
    {
      "clip": "Attack",
      "samples": 15,
      "minimum_support_sole_z_m": 0.016649996861815453,
      "maximum_support_sole_z_m": 0.016649996861815453,
      "max_root_translation_m": 0,
      "max_pose_scale_error": 0
    },
    {
      "clip": "Active",
      "samples": 14,
      "minimum_support_sole_z_m": 0.016649996861815453,
      "maximum_support_sole_z_m": 0.016649996861815453,
      "max_root_translation_m": 0,
      "max_pose_scale_error": 0
    },
    {
      "clip": "Hit",
      "samples": 9,
      "minimum_support_sole_z_m": 0.016649996861815453,
      "maximum_support_sole_z_m": 0.016649996861815453,
      "max_root_translation_m": 0,
      "max_pose_scale_error": 0
    },
    {
      "clip": "Defeat",
      "samples": 21,
      "minimum_support_sole_z_m": 0.016649972647428513,
      "maximum_support_sole_z_m": 0.016650065779685974,
      "max_root_translation_m": 0,
      "max_pose_scale_error": 0
    },
    {
      "clip": "Victory",
      "samples": 31,
      "minimum_support_sole_z_m": 0.016649996861815453,
      "maximum_support_sole_z_m": 0.016649996861815453,
      "max_root_translation_m": 0,
      "max_pose_scale_error": 0
    }
  ],
  "errors": [],
  "not_checked": [
    "continuous visual quality",
    "weapon/costume clipping",
    "semantic gesture review",
    "Unreal retarget/import",
    "runtime move-speed synchronization"
  ]
}
{
  "status": "structural_checks_passed_visual_review_required",
  "blender_version": "5.1.1",
  "collection": "EXPORT",
  "evaluated_triangle_total": 5034,
  "objects": [
    {
      "name": "Armature",
      "type": "ARMATURE",
      "scale": [
        1.0,
        1.0,
        1.0
      ],
      "dimensions": [
        0.7656435966491699,
        0.4922480583190918,
        1.9887501001358032
      ],
      "roots": [
        "root"
      ],
      "deform_bones": 27
    },
    {
      "name": "SK_wc_u_elf_priest",
      "type": "MESH",
      "scale": [
        1.0,
        1.0,
        1.0
      ],
      "dimensions": [
        0.9295158386230469,
        0.683867335319519,
        1.840749979019165
      ],
      "evaluated_triangles": 5034,
      "material_slots": 1,
      "uv_layers": 1,
      "skin_checks": {
        "unweighted": 0,
        "excess_influences": 0,
        "unnormalized": 0
      }
    }
  ],
  "errors": [],
  "warnings": [],
  "not_checked": [
    "appearance",
    "deformation across all clips",
    "UV overlap appropriateness",
    "normal-map convention",
    "Unreal import",
    "LOD silhouette",
    "gameplay readability"
  ]
}
WC_REFINED_HERO_MOTION_RENDERED wc_u_elf_priest Idle
01:32.313  render           | Saved: 'C:\Users\iputu\Documents\Wonder Chess\reports\WC-U440\20260906T133433Z\wc_u_elf_priest\refinement-v6\motion-frames\Move\0000.png'
01:34.563  render           | Saved: 'C:\Users\iputu\Documents\Wonder Chess\reports\WC-U440\20260906T133433Z\wc_u_elf_priest\refinement-v6\motion-frames\Move\0001.png'
01:36.844  render           | Saved: 'C:\Users\iputu\Documents\Wonder Chess\reports\WC-U440\20260906T133433Z\wc_u_elf_priest\refinement-v6\motion-frames\Move\0002.png'
01:39.125  render           | Saved: 'C:\Users\iputu\Documents\Wonder Chess\reports\WC-U440\20260906T133433Z\wc_u_elf_priest\refinement-v6\motion-frames\Move\0003.png'
01:41.313  render           | Saved: 'C:\Users\iputu\Documents\Wonder Chess\reports\WC-U440\20260906T133433Z\wc_u_elf_priest\refinement-v6\motion-frames\Move\0004.png'
01:43.547  render           | Saved: 'C:\Users\iputu\Documents\Wonder Chess\reports\WC-U440\20260906T133433Z\wc_u_elf_priest\refinement-v6\motion-frames\Move\0005.png'
01:45.891  render           | Saved: 'C:\Users\iputu\Documents\Wonder Chess\reports\WC-U440\20260906T133433Z\wc_u_elf_priest\refinement-v6\motion-frames\Move\0006.png'
01:48.313  render           | Saved: 'C:\Users\iputu\Documents\Wonder Chess\reports\WC-U440\20260906T133433Z\wc_u_elf_priest\refinement-v6\motion-frames\Move\0007.png'
01:51.219  render           | Saved: 'C:\Users\iputu\Documents\Wonder Chess\reports\WC-U440\20260906T133433Z\wc_u_elf_priest\refinement-v6\motion-frames\Move\0008.png'
01:53.625  render           | Saved: 'C:\Users\iputu\Documents\Wonder Chess\reports\WC-U440\20260906T133433Z\wc_u_elf_priest\refinement-v6\motion-frames\Move\0009.png'
01:56.047  render           | Saved: 'C:\Users\iputu\Documents\Wonder Chess\reports\WC-U440\20260906T133433Z\wc_u_elf_priest\refinement-v6\motion-frames\Move\0010.png'
01:58.828  render           | Saved: 'C:\Users\iputu\Documents\Wonder Chess\reports\WC-U440\20260906T133433Z\wc_u_elf_priest\refinement-v6\motion-frames\Move\0011.png'
02:01.406  render           | Saved: 'C:\Users\iputu\Documents\Wonder Chess\reports\WC-U440\20260906T133433Z\wc_u_elf_priest\refinement-v6\motion-frames\Move\0012.png'
02:04.344  render           | Saved: 'C:\Users\iputu\Documents\Wonder Chess\reports\WC-U440\20260906T133433Z\wc_u_elf_priest\refinement-v6\motion-frames\Move\0013.png'
02:07.094  render           | Saved: 'C:\Users\iputu\Documents\Wonder Chess\reports\WC-U440\20260906T133433Z\wc_u_elf_priest\refinement-v6\motion-frames\Move\0014.png'
02:09.563  render           | Saved: 'C:\Users\iputu\Documents\Wonder Chess\reports\WC-U440\20260906T133433Z\wc_u_elf_priest\refinement-v6\motion-frames\Move\0015.png'
02:11.797  render           | Saved: 'C:\Users\iputu\Documents\Wonder Chess\reports\WC-U440\20260906T133433Z\wc_u_elf_priest\refinement-v6\motion-frames\Move\0016.png'
02:14.094  render           | Saved: 'C:\Users\iputu\Documents\Wonder Chess\reports\WC-U440\20260906T133433Z\wc_u_elf_priest\refinement-v6\motion-frames\Move\0017.png'
02:16.438  render           | Saved: 'C:\Users\iputu\Documents\Wonder Chess\reports\WC-U440\20260906T133433Z\wc_u_elf_priest\refinement-v6\motion-frames\Move\0018.png'
02:18.735  render           | Saved: 'C:\Users\iputu\Documents\Wonder Chess\reports\WC-U440\20260906T133433Z\wc_u_elf_priest\refinement-v6\motion-frames\Move\0019.png'
WC_REFINED_HERO_MOTION_RENDERED wc_u_elf_priest Move
02:21.016  render           | Saved: 'C:\Users\iputu\Documents\Wonder Chess\reports\WC-U440\20260906T133433Z\wc_u_elf_priest\refinement-v6\motion-frames\Attack\0000.png'
02:23.250  render           | Saved: 'C:\Users\iputu\Documents\Wonder Chess\reports\WC-U440\20260906T133433Z\wc_u_elf_priest\refinement-v6\motion-frames\Attack\0001.png'
02:25.750  render           | Saved: 'C:\Users\iputu\Documents\Wonder Chess\reports\WC-U440\20260906T133433Z\wc_u_elf_priest\refinement-v6\motion-frames\Attack\0002.png'
02:28.047  render           | Saved: 'C:\Users\iputu\Documents\Wonder Chess\reports\WC-U440\20260906T133433Z\wc_u_elf_priest\refinement-v6\motion-frames\Attack\0003.png'
02:30.641  render           | Saved: 'C:\Users\iputu\Documents\Wonder Chess\reports\WC-U440\20260906T133433Z\wc_u_elf_priest\refinement-v6\motion-frames\Attack\0004.png'
02:33.094  render           | Saved: 'C:\Users\iputu\Documents\Wonder Chess\reports\WC-U440\20260906T133433Z\wc_u_elf_priest\refinement-v6\motion-frames\Attack\0005.png'
02:35.719  render           | Saved: 'C:\Users\iputu\Documents\Wonder Chess\reports\WC-U440\20260906T133433Z\wc_u_elf_priest\refinement-v6\motion-frames\Attack\0006.png'
02:38.281  render           | Saved: 'C:\Users\iputu\Documents\Wonder Chess\reports\WC-U440\20260906T133433Z\wc_u_elf_priest\refinement-v6\motion-frames\Attack\0007.png'
02:40.860  render           | Saved: 'C:\Users\iputu\Documents\Wonder Chess\reports\WC-U440\20260906T133433Z\wc_u_elf_priest\refinement-v6\motion-frames\Attack\0008.png'
02:43.188  render           | Saved: 'C:\Users\iputu\Documents\Wonder Chess\reports\WC-U440\20260906T133433Z\wc_u_elf_priest\refinement-v6\motion-frames\Attack\0009.png'
02:45.547  render           | Saved: 'C:\Users\iputu\Documents\Wonder Chess\reports\WC-U440\20260906T133433Z\wc_u_elf_priest\refinement-v6\motion-frames\Attack\0010.png'
02:48.094  render           | Saved: 'C:\Users\iputu\Documents\Wonder Chess\reports\WC-U440\20260906T133433Z\wc_u_elf_priest\refinement-v6\motion-frames\Attack\0011.png'
02:50.797  render           | Saved: 'C:\Users\iputu\Documents\Wonder Chess\reports\WC-U440\20260906T133433Z\wc_u_elf_priest\refinement-v6\motion-frames\Attack\0012.png'
02:53.453  render           | Saved: 'C:\Users\iputu\Documents\Wonder Chess\reports\WC-U440\20260906T133433Z\wc_u_elf_priest\refinement-v6\motion-frames\Attack\0013.png'
WC_REFINED_HERO_MOTION_RENDERED wc_u_elf_priest Attack
02:55.969  render           | Saved: 'C:\Users\iputu\Documents\Wonder Chess\reports\WC-U440\20260906T133433Z\wc_u_elf_priest\refinement-v6\motion-frames\Active\0000.png'
02:58.375  render           | Saved: 'C:\Users\iputu\Documents\Wonder Chess\reports\WC-U440\20260906T133433Z\wc_u_elf_priest\refinement-v6\motion-frames\Active\0001.png'
03:00.703  render           | Saved: 'C:\Users\iputu\Documents\Wonder Chess\reports\WC-U440\20260906T133433Z\wc_u_elf_priest\refinement-v6\motion-frames\Active\0002.png'
03:03.203  render           | Saved: 'C:\Users\iputu\Documents\Wonder Chess\reports\WC-U440\20260906T133433Z\wc_u_elf_priest\refinement-v6\motion-frames\Active\0003.png'
03:05.641  render           | Saved: 'C:\Users\iputu\Documents\Wonder Chess\reports\WC-U440\20260906T133433Z\wc_u_elf_priest\refinement-v6\motion-frames\Active\0004.png'
03:07.938  render           | Saved: 'C:\Users\iputu\Documents\Wonder Chess\reports\WC-U440\20260906T133433Z\wc_u_elf_priest\refinement-v6\motion-frames\Active\0005.png'
03:10.141  render           | Saved: 'C:\Users\iputu\Documents\Wonder Chess\reports\WC-U440\20260906T133433Z\wc_u_elf_priest\refinement-v6\motion-frames\Active\0006.png'
03:12.688  render           | Saved: 'C:\Users\iputu\Documents\Wonder Chess\reports\WC-U440\20260906T133433Z\wc_u_elf_priest\refinement-v6\motion-frames\Active\0007.png'
03:15.094  render           | Saved: 'C:\Users\iputu\Documents\Wonder Chess\reports\WC-U440\20260906T133433Z\wc_u_elf_priest\refinement-v6\motion-frames\Active\0008.png'
03:17.531  render           | Saved: 'C:\Users\iputu\Documents\Wonder Chess\reports\WC-U440\20260906T133433Z\wc_u_elf_priest\refinement-v6\motion-frames\Active\0009.png'
03:20.000  render           | Saved: 'C:\Users\iputu\Documents\Wonder Chess\reports\WC-U440\20260906T133433Z\wc_u_elf_priest\refinement-v6\motion-frames\Active\0010.png'
03:22.375  render           | Saved: 'C:\Users\iputu\Documents\Wonder Chess\reports\WC-U440\20260906T133433Z\wc_u_elf_priest\refinement-v6\motion-frames\Active\0011.png'
03:24.641  render           | Saved: 'C:\Users\iputu\Documents\Wonder Chess\reports\WC-U440\20260906T133433Z\wc_u_elf_priest\refinement-v6\motion-frames\Active\0012.png'
WC_REFINED_HERO_MOTION_RENDERED wc_u_elf_priest Active
03:26.969  render           | Saved: 'C:\Users\iputu\Documents\Wonder Chess\reports\WC-U440\20260906T133433Z\wc_u_elf_priest\refinement-v6\motion-frames\Hit\0000.png'
03:29.328  render           | Saved: 'C:\Users\iputu\Documents\Wonder Chess\reports\WC-U440\20260906T133433Z\wc_u_elf_priest\refinement-v6\motion-frames\Hit\0001.png'
03:31.719  render           | Saved: 'C:\Users\iputu\Documents\Wonder Chess\reports\WC-U440\20260906T133433Z\wc_u_elf_priest\refinement-v6\motion-frames\Hit\0002.png'
03:34.203  render           | Saved: 'C:\Users\iputu\Documents\Wonder Chess\reports\WC-U440\20260906T133433Z\wc_u_elf_priest\refinement-v6\motion-frames\Hit\0003.png'
03:36.594  render           | Saved: 'C:\Users\iputu\Documents\Wonder Chess\reports\WC-U440\20260906T133433Z\wc_u_elf_priest\refinement-v6\motion-frames\Hit\0004.png'
03:38.719  render           | Saved: 'C:\Users\iputu\Documents\Wonder Chess\reports\WC-U440\20260906T133433Z\wc_u_elf_priest\refinement-v6\motion-frames\Hit\0005.png'
03:40.860  render           | Saved: 'C:\Users\iputu\Documents\Wonder Chess\reports\WC-U440\20260906T133433Z\wc_u_elf_priest\refinement-v6\motion-frames\Hit\0006.png'
03:43.031  render           | Saved: 'C:\Users\iputu\Documents\Wonder Chess\reports\WC-U440\20260906T133433Z\wc_u_elf_priest\refinement-v6\motion-frames\Hit\0007.png'
WC_REFINED_HERO_MOTION_RENDERED wc_u_elf_priest Hit
03:45.172  render           | Saved: 'C:\Users\iputu\Documents\Wonder Chess\reports\WC-U440\20260906T133433Z\wc_u_elf_priest\refinement-v6\motion-frames\Defeat\0000.png'
03:47.235  render           | Saved: 'C:\Users\iputu\Documents\Wonder Chess\reports\WC-U440\20260906T133433Z\wc_u_elf_priest\refinement-v6\motion-frames\Defeat\0001.png'
03:49.297  render           | Saved: 'C:\Users\iputu\Documents\Wonder Chess\reports\WC-U440\20260906T133433Z\wc_u_elf_priest\refinement-v6\motion-frames\Defeat\0002.png'
03:51.406  render           | Saved: 'C:\Users\iputu\Documents\Wonder Chess\reports\WC-U440\20260906T133433Z\wc_u_elf_priest\refinement-v6\motion-frames\Defeat\0003.png'
03:53.578  render           | Saved: 'C:\Users\iputu\Documents\Wonder Chess\reports\WC-U440\20260906T133433Z\wc_u_elf_priest\refinement-v6\motion-frames\Defeat\0004.png'
03:55.656  render           | Saved: 'C:\Users\iputu\Documents\Wonder Chess\reports\WC-U440\20260906T133433Z\wc_u_elf_priest\refinement-v6\motion-frames\Defeat\0005.png'
03:57.750  render           | Saved: 'C:\Users\iputu\Documents\Wonder Chess\reports\WC-U440\20260906T133433Z\wc_u_elf_priest\refinement-v6\motion-frames\Defeat\0006.png'
03:59.813  render           | Saved: 'C:\Users\iputu\Documents\Wonder Chess\reports\WC-U440\20260906T133433Z\wc_u_elf_priest\refinement-v6\motion-frames\Defeat\0007.png'
04:01.875  render           | Saved: 'C:\Users\iputu\Documents\Wonder Chess\reports\WC-U440\20260906T133433Z\wc_u_elf_priest\refinement-v6\motion-frames\Defeat\0008.png'
04:03.969  render           | Saved: 'C:\Users\iputu\Documents\Wonder Chess\reports\WC-U440\20260906T133433Z\wc_u_elf_priest\refinement-v6\motion-frames\Defeat\0009.png'
04:06.125  render           | Saved: 'C:\Users\iputu\Documents\Wonder Chess\reports\WC-U440\20260906T133433Z\wc_u_elf_priest\refinement-v6\motion-frames\Defeat\0010.png'
04:08.188  render           | Saved: 'C:\Users\iputu\Documents\Wonder Chess\reports\WC-U440\20260906T133433Z\wc_u_elf_priest\refinement-v6\motion-frames\Defeat\0011.png'
04:10.328  render           | Saved: 'C:\Users\iputu\Documents\Wonder Chess\reports\WC-U440\20260906T133433Z\wc_u_elf_priest\refinement-v6\motion-frames\Defeat\0012.png'
04:12.422  render           | Saved: 'C:\Users\iputu\Documents\Wonder Chess\reports\WC-U440\20260906T133433Z\wc_u_elf_priest\refinement-v6\motion-frames\Defeat\0013.png'
04:14.500  render           | Saved: 'C:\Users\iputu\Documents\Wonder Chess\reports\WC-U440\20260906T133433Z\wc_u_elf_priest\refinement-v6\motion-frames\Defeat\0014.png'
04:16.688  render           | Saved: 'C:\Users\iputu\Documents\Wonder Chess\reports\WC-U440\20260906T133433Z\wc_u_elf_priest\refinement-v6\motion-frames\Defeat\0015.png'
04:18.969  render           | Saved: 'C:\Users\iputu\Documents\Wonder Chess\reports\WC-U440\20260906T133433Z\wc_u_elf_priest\refinement-v6\motion-frames\Defeat\0016.png'
04:21.016  render           | Saved: 'C:\Users\iputu\Documents\Wonder Chess\reports\WC-U440\20260906T133433Z\wc_u_elf_priest\refinement-v6\motion-frames\Defeat\0017.png'
04:23.078  render           | Saved: 'C:\Users\iputu\Documents\Wonder Chess\reports\WC-U440\20260906T133433Z\wc_u_elf_priest\refinement-v6\motion-frames\Defeat\0018.png'
04:25.156  render           | Saved: 'C:\Users\iputu\Documents\Wonder Chess\reports\WC-U440\20260906T133433Z\wc_u_elf_priest\refinement-v6\motion-frames\Defeat\0019.png'
WC_REFINED_HERO_MOTION_RENDERED wc_u_elf_priest Defeat
04:27.281  render           | Saved: 'C:\Users\iputu\Documents\Wonder Chess\reports\WC-U440\20260906T133433Z\wc_u_elf_priest\refinement-v6\motion-frames\Victory\0000.png'
04:29.485  render           | Saved: 'C:\Users\iputu\Documents\Wonder Chess\reports\WC-U440\20260906T133433Z\wc_u_elf_priest\refinement-v6\motion-frames\Victory\0001.png'
04:31.703  render           | Saved: 'C:\Users\iputu\Documents\Wonder Chess\reports\WC-U440\20260906T133433Z\wc_u_elf_priest\refinement-v6\motion-frames\Victory\0002.png'
04:33.922  render           | Saved: 'C:\Users\iputu\Documents\Wonder Chess\reports\WC-U440\20260906T133433Z\wc_u_elf_priest\refinement-v6\motion-frames\Victory\0003.png'
04:36.141  render           | Saved: 'C:\Users\iputu\Documents\Wonder Chess\reports\WC-U440\20260906T133433Z\wc_u_elf_priest\refinement-v6\motion-frames\Victory\0004.png'
04:38.266  render           | Saved: 'C:\Users\iputu\Documents\Wonder Chess\reports\WC-U440\20260906T133433Z\wc_u_elf_priest\refinement-v6\motion-frames\Victory\0005.png'
04:40.688  render           | Saved: 'C:\Users\iputu\Documents\Wonder Chess\reports\WC-U440\20260906T133433Z\wc_u_elf_priest\refinement-v6\motion-frames\Victory\0006.png'
04:43.031  render           | Saved: 'C:\Users\iputu\Documents\Wonder Chess\reports\WC-U440\20260906T133433Z\wc_u_elf_priest\refinement-v6\motion-frames\Victory\0007.png'
04:45.125  render           | Saved: 'C:\Users\iputu\Documents\Wonder Chess\reports\WC-U440\20260906T133433Z\wc_u_elf_priest\refinement-v6\motion-frames\Victory\0008.png'
04:47.250  render           | Saved: 'C:\Users\iputu\Documents\Wonder Chess\reports\WC-U440\20260906T133433Z\wc_u_elf_priest\refinement-v6\motion-frames\Victory\0009.png'
04:49.266  render           | Saved: 'C:\Users\iputu\Documents\Wonder Chess\reports\WC-U440\20260906T133433Z\wc_u_elf_priest\refinement-v6\motion-frames\Victory\0010.png'
04:51.360  render           | Saved: 'C:\Users\iputu\Documents\Wonder Chess\reports\WC-U440\20260906T133433Z\wc_u_elf_priest\refinement-v6\motion-frames\Victory\0011.png'
04:53.344  render           | Saved: 'C:\Users\iputu\Documents\Wonder Chess\reports\WC-U440\20260906T133433Z\wc_u_elf_priest\refinement-v6\motion-frames\Victory\0012.png'
04:55.375  render           | Saved: 'C:\Users\iputu\Documents\Wonder Chess\reports\WC-U440\20260906T133433Z\wc_u_elf_priest\refinement-v6\motion-frames\Victory\0013.png'
04:57.578  render           | Saved: 'C:\Users\iputu\Documents\Wonder Chess\reports\WC-U440\20260906T133433Z\wc_u_elf_priest\refinement-v6\motion-frames\Victory\0014.png'
04:59.797  render           | Saved: 'C:\Users\iputu\Documents\Wonder Chess\reports\WC-U440\20260906T133433Z\wc_u_elf_priest\refinement-v6\motion-frames\Victory\0015.png'
05:01.828  render           | Saved: 'C:\Users\iputu\Documents\Wonder Chess\reports\WC-U440\20260906T133433Z\wc_u_elf_priest\refinement-v6\motion-frames\Victory\0016.png'
05:03.703  render           | Saved: 'C:\Users\iputu\Documents\Wonder Chess\reports\WC-U440\20260906T133433Z\wc_u_elf_priest\refinement-v6\motion-frames\Victory\0017.png'
05:05.610  render           | Saved: 'C:\Users\iputu\Documents\Wonder Chess\reports\WC-U440\20260906T133433Z\wc_u_elf_priest\refinement-v6\motion-frames\Victory\0018.png'
05:07.453  render           | Saved: 'C:\Users\iputu\Documents\Wonder Chess\reports\WC-U440\20260906T133433Z\wc_u_elf_priest\refinement-v6\motion-frames\Victory\0019.png'
05:09.219  render           | Saved: 'C:\Users\iputu\Documents\Wonder Chess\reports\WC-U440\20260906T133433Z\wc_u_elf_priest\refinement-v6\motion-frames\Victory\0020.png'
05:11.000  render           | Saved: 'C:\Users\iputu\Documents\Wonder Chess\reports\WC-U440\20260906T133433Z\wc_u_elf_priest\refinement-v6\motion-frames\Victory\0021.png'
05:12.875  render           | Saved: 'C:\Users\iputu\Documents\Wonder Chess\reports\WC-U440\20260906T133433Z\wc_u_elf_priest\refinement-v6\motion-frames\Victory\0022.png'
05:14.641  render           | Saved: 'C:\Users\iputu\Documents\Wonder Chess\reports\WC-U440\20260906T133433Z\wc_u_elf_priest\refinement-v6\motion-frames\Victory\0023.png'
05:16.516  render           | Saved: 'C:\Users\iputu\Documents\Wonder Chess\reports\WC-U440\20260906T133433Z\wc_u_elf_priest\refinement-v6\motion-frames\Victory\0024.png'
05:18.406  render           | Saved: 'C:\Users\iputu\Documents\Wonder Chess\reports\WC-U440\20260906T133433Z\wc_u_elf_priest\refinement-v6\motion-frames\Victory\0025.png'
05:20.344  render           | Saved: 'C:\Users\iputu\Documents\Wonder Chess\reports\WC-U440\20260906T133433Z\wc_u_elf_priest\refinement-v6\motion-frames\Victory\0026.png'
05:22.297  render           | Saved: 'C:\Users\iputu\Documents\Wonder Chess\reports\WC-U440\20260906T133433Z\wc_u_elf_priest\refinement-v6\motion-frames\Victory\0027.png'
05:24.250  render           | Saved: 'C:\Users\iputu\Documents\Wonder Chess\reports\WC-U440\20260906T133433Z\wc_u_elf_priest\refinement-v6\motion-frames\Victory\0028.png'
05:26.156  render           | Saved: 'C:\Users\iputu\Documents\Wonder Chess\reports\WC-U440\20260906T133433Z\wc_u_elf_priest\refinement-v6\motion-frames\Victory\0029.png'
WC_REFINED_HERO_MOTION_RENDERED wc_u_elf_priest Victory
Blender 5.1.1 (hash b70da489d7f4 built 2026-04-14 01:37:22)

Blender quit
