00:03.078  blend            | Read blend: "C:\Users\iputu\Documents\Wonder Chess\art-source\heroes\wc_u_elf_priest\wc_u_elf_priest.blend"
{
  "status": "structural_checks_passed_visual_review_required",
  "blender_version": "5.1.1",
  "collection": "EXPORT",
  "evaluated_triangle_total": 5034,
  "objects": [
    {
      "name": "Armature",
      "type": "ARMATURE",
      "scale": [
        1.0,
        1.0,
        1.0
      ],
      "dimensions": [
        0.7656435966491699,
        0.4922480583190918,
        1.9887501001358032
      ],
      "roots": [
        "root"
      ],
      "deform_bones": 27
    },
    {
      "name": "SK_wc_u_elf_priest",
      "type": "MESH",
      "scale": [
        1.0,
        1.0,
        1.0
      ],
      "dimensions": [
        0.9295158386230469,
        0.683867335319519,
        1.840749979019165
      ],
      "evaluated_triangles": 5034,
      "material_slots": 1,
      "uv_layers": 1,
      "skin_checks": {
        "unweighted": 0,
        "excess_influences": 0,
        "unnormalized": 0
      }
    }
  ],
  "errors": [],
  "warnings": [],
  "not_checked": [
    "appearance",
    "deformation across all clips",
    "UV overlap appropriateness",
    "normal-map convention",
    "Unreal import",
    "LOD silhouette",
    "gameplay readability"
  ]
}
{
  "status": "structural_checks_passed_visual_review_required",
  "blender_version": "5.1.1",
  "collection": "LOD_SOURCE",
  "evaluated_triangle_total": 3775,
  "objects": [
    {
      "name": "SK_wc_u_elf_priest_LOD1",
      "type": "MESH",
      "scale": [
        1.0,
        1.0,
        1.0
      ],
      "dimensions": [
        0.9309387803077698,
        0.683867335319519,
        1.8414257764816284
      ],
      "evaluated_triangles": 2517,
      "material_slots": 1,
      "uv_layers": 1,
      "skin_checks": {
        "unweighted": 0,
        "excess_influences": 0,
        "unnormalized": 0
      }
    },
    {
      "name": "SK_wc_u_elf_priest_LOD2",
      "type": "MESH",
      "scale": [
        1.0,
        1.0,
        1.0
      ],
      "dimensions": [
        0.9319624304771423,
        0.6828171014785767,
        1.841473937034607
      ],
      "evaluated_triangles": 1258,
      "material_slots": 1,
      "uv_layers": 1,
      "skin_checks": {
        "unweighted": 0,
        "excess_influences": 0,
        "unnormalized": 0
      }
    }
  ],
  "errors": [],
  "warnings": [],
  "not_checked": [
    "appearance",
    "deformation across all clips",
    "UV overlap appropriateness",
    "normal-map convention",
    "Unreal import",
    "LOD silhouette",
    "gameplay readability"
  ]
}
{
  "status": "sampled_motion_invariants_passed",
  "unit_id": "wc_u_elf_priest",
  "blender_version": "5.1.1",
  "sampling": "actual deformed mesh every 3 frames at 60fps",
  "clips": [
    {
      "clip": "Idle",
      "samples": 41,
      "minimum_support_sole_z_m": 0.016649996861815453,
      "maximum_support_sole_z_m": 0.016649996861815453,
      "max_root_translation_m": 0,
      "max_pose_scale_error": 0
    },
    {
      "clip": "Move",
      "samples": 21,
      "minimum_support_sole_z_m": 0.0038206372410058975,
      "maximum_support_sole_z_m": 0.016649996861815453,
      "max_root_translation_m": 0,
      "max_pose_scale_error": 0
    },
    {
      "clip": "Attack",
      "samples": 15,
      "minimum_support_sole_z_m": 0.016649996861815453,
      "maximum_support_sole_z_m": 0.016649996861815453,
      "max_root_translation_m": 0,
      "max_pose_scale_error": 0
    },
    {
      "clip": "Active",
      "samples": 14,
      "minimum_support_sole_z_m": 0.016649996861815453,
      "maximum_support_sole_z_m": 0.016649996861815453,
      "max_root_translation_m": 0,
      "max_pose_scale_error": 0
    },
    {
      "clip": "Hit",
      "samples": 9,
      "minimum_support_sole_z_m": 0.016649996861815453,
      "maximum_support_sole_z_m": 0.016649996861815453,
      "max_root_translation_m": 0,
      "max_pose_scale_error": 0
    },
    {
      "clip": "Defeat",
      "samples": 21,
      "minimum_support_sole_z_m": 0.016649972647428513,
      "maximum_support_sole_z_m": 0.016650065779685974,
      "max_root_translation_m": 0,
      "max_pose_scale_error": 0
    },
    {
      "clip": "Victory",
      "samples": 31,
      "minimum_support_sole_z_m": 0.016649996861815453,
      "maximum_support_sole_z_m": 0.016649996861815453,
      "max_root_translation_m": 0,
      "max_pose_scale_error": 0
    }
  ],
  "errors": [],
  "not_checked": [
    "continuous visual quality",
    "weapon/costume clipping",
    "semantic gesture review",
    "Unreal retarget/import",
    "runtime move-speed synchronization"
  ]
}
WC_REFINED_HERO_PUBLISHED_CHECKS_PASS {"status": "PUBLISHED_SOURCE_EXPORT_AND_MOTION_CHECKS_PASS", "unit_id": "wc_u_elf_priest", "blender_version": "5.1.1", "source_revision": 7, "geometry_revision": 7, "animation_revision": 7, "source_sha256": "e22559354256c1061b6ae48d3e4dcdd8fc926ec5398e3808ba77e80ad158b4ef", "manifest_sha256": "8ae08740d9360e43fa3783a3356dbc7a9df9dab574aa1f3beaabcf0f4904a99d", "export_files_verified": 14, "triangles": 5034, "lods": [{"lod": 1, "triangles": 2517, "ratio_target": 0.5, "visual_acceptance": "pending current Unreal review"}, {"lod": 2, "triangles": 1258, "ratio_target": 0.25, "visual_acceptance": "pending current Unreal review"}], "modified_clips": ["Attack", "Active"], "Unreal_reimport_verified": false, "final_art_accepted": false}
Blender 5.1.1 (hash b70da489d7f4 built 2026-04-14 01:37:22)

Blender quit
