00:02.390  blend            | Read blend: "C:\Users\iputu\Documents\Wonder Chess\art-source\asset-studio\wc_u_human_guardian\stages\body-costume\BW5\armor\ada_bw5_armor_correction2.blend"
[
  {
    "name": "BW4_Breastplate_ControlSurface",
    "pairs": 0,
    "bbox_m": null
  },
  {
    "name": "BW4_Backplate_ControlSurface",
    "pairs": 0,
    "bbox_m": null
  },
  {
    "name": "BW4_Front_Neck_Return",
    "pairs": 0,
    "bbox_m": null
  },
  {
    "name": "BW4_Front_Side_L_Return",
    "pairs": 0,
    "bbox_m": null
  },
  {
    "name": "BW4_Front_Side_R_Return",
    "pairs": 0,
    "bbox_m": null
  },
  {
    "name": "BW4_Back_Side_L_Return",
    "pairs": 0,
    "bbox_m": null
  },
  {
    "name": "BW4_Back_Side_R_Return",
    "pairs": 0,
    "bbox_m": null
  },
  {
    "name": "BW5_Tailored_Collar",
    "pairs": 46,
    "bbox_m": [
      [
        -0.11622922122478485,
        -0.13122478127479553,
        1.5204203128814697
      ],
      [
        -0.07450099289417267,
        -0.12113702297210693,
        1.5310828685760498
      ]
    ]
  },
  {
    "name": "BW5_Navy_Waist_Enclosure",
    "pairs": 76,
    "bbox_m": [
      [
        -0.14993266761302948,
        0.08173415064811707,
        1.118659257888794
      ],
      [
        0.14303448796272278,
        0.10992062091827393,
        1.2143176794052124
      ]
    ]
  }
]
{
  "policy": "Saved BW4 front camera and native 960px frame. Plate cage semantic center hem/neckline and maximal transverse span; collar evaluated maximal exterior width. Waist uses highest evaluated center belt/buckle surface. Screen boundaries may differ from manual source pixels; no independent image stretch.",
  "W_px": 419.4760322570801,
  "H_px": 257.6225280761719,
  "C_px": 264.0966510772705,
  "U_px": 49.948081970214844,
  "H/W": 0.6141531536139956,
  "C/W": 0.6295869865466264,
  "U/H": 0.19388087813285712,
  "landmarks_m": {
    "neckline_center_cage": [
      0.0,
      0.15760168433189392,
      1.4210000038146973
    ],
    "hem_center_cage": [
      0.0,
      0.14499999582767487,
      1.1740000247955322
    ],
    "plate_width_left": [
      0.20100000500679016,
      0.1589999943971634,
      1.3519999980926514
    ],
    "plate_width_right": [
      -0.20100000500679016,
      0.1589999943971634,
      1.3519999980926514
    ],
    "belt_center_top": [
      -1.7320155620836886e-07,
      0.12900705635547638,
      1.126000165939331
    ]
  },
  "landmarks_px": {
    "neckline_center_cage": [
      489.74063873291016,
      391.9999122619629
    ],
    "hem_center_cage": [
      489.78384017944336,
      649.6224403381348
    ],
    "plate_width_left": [
      279.9978446960449,
      464.003849029541
    ],
    "plate_width_right": [
      699.473876953125,
      464.0151786804199
    ],
    "belt_center_top": [
      489.83877182006836,
      699.5705223083496
    ]
  },
  "belt_records": [
    {
      "name": "BW4_CONTEXT_BW1_WaistBelt",
      "bounds": [
        [
          -0.1870158314704895,
          0.18701548874378204
        ],
        [
          -0.20901057124137878,
          0.13101057708263397
        ],
        [
          1.0620001554489136,
          1.126000165939331
        ]
      ]
    },
    {
      "name": "BW4_CONTEXT_BW1_BeltBuckle",
      "bounds": [
        [
          -0.030500171706080437,
          0.030499834567308426
        ],
        [
          0.1314999908208847,
          0.14249999821186066
        ],
        [
          1.0620001554489136,
          1.1260000467300415
        ]
      ]
    }
  ],
  "C_top_opening_cage_px": 264.86595153808594,
  "C_top/W": 0.6314209422476853,
  "top_opening_policy": "Upper open boundary cage loop, maximal projected width; separately from evaluated full-collar silhouette C/W.",
  "collar_top_loop_indices": [
    152,
    189,
    188,
    187,
    186,
    185,
    184,
    183,
    182,
    181,
    180,
    179,
    178,
    177,
    176,
    175,
    174,
    173,
    172,
    171,
    170,
    169,
    168,
    167,
    166,
    165,
    164,
    163,
    162,
    161,
    160,
    159,
    158,
    157,
    156,
    155,
    154,
    153
  ]
}
Blender 5.1.1 (hash b70da489d7f4 built 2026-04-14 01:37:22)

Blender quit
