00:02.266  blend            | Read blend: "C:\Users\iputu\Documents\Wonder Chess\art-source\asset-studio\wc_u_human_guardian\stages\body-costume\BW5\armor\ada_bw5_armor_initial.blend"
[
  {
    "name": "BW4_Breastplate_ControlSurface",
    "pairs": 1733,
    "bbox_m": [
      [
        -0.16584834456443787,
        0.054545216262340546,
        1.1818816661834717
      ],
      [
        0.16736240684986115,
        0.14103157818317413,
        1.4665169715881348
      ]
    ]
  },
  {
    "name": "BW4_Backplate_ControlSurface",
    "pairs": 0,
    "bbox_m": null
  },
  {
    "name": "BW4_Front_Neck_Return",
    "pairs": 144,
    "bbox_m": [
      [
        -0.11795102804899216,
        0.04783632606267929,
        1.4337158203125
      ],
      [
        0.11693065613508224,
        0.13989324867725372,
        1.467212200164795
      ]
    ]
  },
  {
    "name": "BW4_Front_Side_L_Return",
    "pairs": 130,
    "bbox_m": [
      [
        -0.16880133748054504,
        0.05567052960395813,
        1.3978111743927002
      ],
      [
        -0.13459867238998413,
        0.11405105888843536,
        1.4612689018249512
      ]
    ]
  },
  {
    "name": "BW4_Front_Side_R_Return",
    "pairs": 136,
    "bbox_m": [
      [
        0.13487088680267334,
        0.05961133912205696,
        1.3975915908813477
      ],
      [
        0.1689375340938568,
        0.11791925132274628,
        1.4604244232177734
      ]
    ]
  },
  {
    "name": "BW4_Back_Side_L_Return",
    "pairs": 0,
    "bbox_m": null
  },
  {
    "name": "BW4_Back_Side_R_Return",
    "pairs": 0,
    "bbox_m": null
  },
  {
    "name": "BW5_Tailored_Collar",
    "pairs": 1084,
    "bbox_m": [
      [
        -0.13099589943885803,
        -0.15481382608413696,
        1.4497578144073486
      ],
      [
        0.13090279698371887,
        0.08550290763378143,
        1.531214952468872
      ]
    ]
  },
  {
    "name": "BW5_Navy_Waist_Enclosure",
    "pairs": 1316,
    "bbox_m": [
      [
        -0.37666457891464233,
        -0.12213629484176636,
        1.094801425933838
      ],
      [
        0.3752546012401581,
        0.11246688663959503,
        1.2143439054489136
      ]
    ]
  }
]
{
  "policy": "Saved BW4 front camera and native 960px frame. Plate cage semantic center hem/neckline and maximal transverse span; collar evaluated maximal exterior width. Waist uses highest evaluated center belt/buckle surface. Screen boundaries may differ from manual source pixels; no independent image stretch.",
  "W_px": 419.4760036468506,
  "H_px": 257.5970649719238,
  "C_px": 278.853235244751,
  "U_px": 49.99946594238281,
  "H/W": 0.6140924933307752,
  "C/W": 0.6647656428984018,
  "U/H": 0.19409951719687638,
  "landmarks_m": {
    "neckline_center_cage": [
      0.0,
      0.15458159148693085,
      1.4210000038146973
    ],
    "hem_center_cage": [
      0.0,
      0.13899999856948853,
      1.1740000247955322
    ],
    "plate_width_left": [
      0.20100000500679016,
      0.06199999898672104,
      1.3519999980926514
    ],
    "plate_width_right": [
      -0.20100000500679016,
      0.06199999898672104,
      1.3519999980926514
    ],
    "belt_center_top": [
      -1.7320155620836886e-07,
      0.12900705635547638,
      1.126000165939331
    ]
  },
  "landmarks_px": {
    "neckline_center_cage": [
      489.7509956359863,
      391.97399139404297
    ],
    "hem_center_cage": [
      489.80438232421875,
      649.5710563659668
    ],
    "plate_width_left": [
      280.33026695251465,
      463.17283630371094
    ],
    "plate_width_right": [
      699.8062705993652,
      463.1842231750488
    ],
    "belt_center_top": [
      489.83877182006836,
      699.5705223083496
    ]
  },
  "belt_records": [
    {
      "name": "BW4_CONTEXT_BW1_WaistBelt",
      "bounds": [
        [
          -0.1870158314704895,
          0.18701548874378204
        ],
        [
          -0.20901057124137878,
          0.13101057708263397
        ],
        [
          1.0620001554489136,
          1.126000165939331
        ]
      ]
    },
    {
      "name": "BW4_CONTEXT_BW1_BeltBuckle",
      "bounds": [
        [
          -0.030500171706080437,
          0.030499834567308426
        ],
        [
          0.1314999908208847,
          0.14249999821186066
        ],
        [
          1.0620001554489136,
          1.1260000467300415
        ]
      ]
    }
  ]
}
Blender 5.1.1 (hash b70da489d7f4 built 2026-04-14 01:37:22)

Blender quit
