00:02.187  blend            | Read blend: "C:\Users\iputu\Documents\Wonder Chess\art-source\asset-studio\wc_u_human_guardian\stages\body-costume\BW5\armor\ada_bw5_armor_correction1.blend"
[
  {
    "name": "BW4_Breastplate_ControlSurface",
    "pairs": 1221,
    "bbox_m": [
      [
        -0.16289022564888,
        0.07245269417762756,
        1.181778907775879
      ],
      [
        0.16741539537906647,
        0.1399899423122406,
        1.461275577545166
      ]
    ]
  },
  {
    "name": "BW4_Backplate_ControlSurface",
    "pairs": 0,
    "bbox_m": null
  },
  {
    "name": "BW4_Front_Neck_Return",
    "pairs": 62,
    "bbox_m": [
      [
        -0.11016590148210526,
        0.05468133091926575,
        1.4403574466705322
      ],
      [
        0.10965000092983246,
        0.13066723942756653,
        1.4665640592575073
      ]
    ]
  },
  {
    "name": "BW4_Front_Side_L_Return",
    "pairs": 74,
    "bbox_m": [
      [
        -0.1600484997034073,
        0.06776852160692215,
        1.4105546474456787
      ],
      [
        -0.13615305721759796,
        0.11804729700088501,
        1.457147479057312
      ]
    ]
  },
  {
    "name": "BW4_Front_Side_R_Return",
    "pairs": 80,
    "bbox_m": [
      [
        0.13645967841148376,
        0.07194016873836517,
        1.4105477333068848
      ],
      [
        0.16009534895420074,
        0.12191526591777802,
        1.4562147855758667
      ]
    ]
  },
  {
    "name": "BW4_Back_Side_L_Return",
    "pairs": 0,
    "bbox_m": null
  },
  {
    "name": "BW4_Back_Side_R_Return",
    "pairs": 0,
    "bbox_m": null
  },
  {
    "name": "BW5_Tailored_Collar",
    "pairs": 2384,
    "bbox_m": [
      [
        -0.28240424394607544,
        -0.16132396459579468,
        1.4166481494903564
      ],
      [
        0.28713154792785645,
        0.14165259897708893,
        1.5312602519989014
      ]
    ]
  },
  {
    "name": "BW5_Navy_Waist_Enclosure",
    "pairs": 424,
    "bbox_m": [
      [
        -0.15726763010025024,
        -0.12213627994060516,
        1.094801425933838
      ],
      [
        0.15727657079696655,
        0.11246690154075623,
        1.2143439054489136
      ]
    ]
  }
]
{
  "policy": "Saved BW4 front camera and native 960px frame. Plate cage semantic center hem/neckline and maximal transverse span; collar evaluated maximal exterior width. Waist uses highest evaluated center belt/buckle surface. Screen boundaries may differ from manual source pixels; no independent image stretch.",
  "W_px": 419.4760036468506,
  "H_px": 257.5627899169922,
  "C_px": 603.9143943786621,
  "U_px": 49.99946594238281,
  "H/W": 0.6140107841158651,
  "C/W": 1.4396875843393582,
  "U/H": 0.19412534690471683,
  "landmarks_m": {
    "neckline_center_cage": [
      0.0,
      0.15858159959316254,
      1.4210000038146973
    ],
    "hem_center_cage": [
      0.0,
      0.13899999856948853,
      1.1740000247955322
    ],
    "plate_width_left": [
      0.20100000500679016,
      0.06199999898672104,
      1.3519999980926514
    ],
    "plate_width_right": [
      -0.20100000500679016,
      0.06199999898672104,
      1.3519999980926514
    ],
    "belt_center_top": [
      -1.7320155620836886e-07,
      0.12900705635547638,
      1.126000165939331
    ]
  },
  "landmarks_px": {
    "neckline_center_cage": [
      489.7372627258301,
      392.0082664489746
    ],
    "hem_center_cage": [
      489.80438232421875,
      649.5710563659668
    ],
    "plate_width_left": [
      280.33026695251465,
      463.17283630371094
    ],
    "plate_width_right": [
      699.8062705993652,
      463.1842231750488
    ],
    "belt_center_top": [
      489.83877182006836,
      699.5705223083496
    ]
  },
  "belt_records": [
    {
      "name": "BW4_CONTEXT_BW1_WaistBelt",
      "bounds": [
        [
          -0.1870158314704895,
          0.18701548874378204
        ],
        [
          -0.20901057124137878,
          0.13101057708263397
        ],
        [
          1.0620001554489136,
          1.126000165939331
        ]
      ]
    },
    {
      "name": "BW4_CONTEXT_BW1_BeltBuckle",
      "bounds": [
        [
          -0.030500171706080437,
          0.030499834567308426
        ],
        [
          0.1314999908208847,
          0.14249999821186066
        ],
        [
          1.0620001554489136,
          1.1260000467300415
        ]
      ]
    }
  ]
}
Blender 5.1.1 (hash b70da489d7f4 built 2026-04-14 01:37:22)

Blender quit
