00:02.812  blend            | Read blend: "C:\Users\iputu\Documents\Wonder Chess\art-source\asset-studio\wc_u_human_guardian\stages\body-costume\BW5\armor\ada_bw5_armor_correction1.blend"
[
  {
    "indices": [
      48,
      49,
      50,
      51,
      444,
      176,
      544,
      539,
      540,
      538,
      542,
      543,
      1119,
      1121,
      1120,
      1115,
      1117,
      1116,
      1122,
      733,
      1013,
      601,
      600,
      599,
      598,
      1014,
      1109,
      1108,
      1107,
      1112,
      1113,
      1111,
      537,
      536,
      532,
      533,
      534,
      445
    ],
    "vertices_world_m": [
      [
        0.11977215856313705,
        -0.13410243391990662,
        1.5184296369552612
      ],
      [
        0.12085090577602386,
        -0.101639524102211,
        1.5281126499176025
      ],
      [
        0.1139695942401886,
        -0.08204101771116257,
        1.5263992547988892
      ],
      [
        0.11394547671079636,
        -0.06839904189109802,
        1.5221821069717407
      ],
      [
        0.09651245176792145,
        -0.07077717781066895,
        1.5276716947555542
      ],
      [
        0.09573815017938614,
        -0.05666080862283707,
        1.5217647552490234
      ],
      [
        0.08046162128448486,
        -0.052678029984235764,
        1.5313620567321777
      ],
      [
        0.07769075781106949,
        -0.026499450206756592,
        1.5253729820251465
      ],
      [
        0.06666170805692673,
        -0.011828104965388775,
        1.517948865890503
      ],
      [
        0.05129324272274971,
        -0.0005401087692007422,
        1.5128875970840454
      ],
      [
        0.04712143540382385,
        -0.002113470807671547,
        1.5362462997436523
      ],
      [
        0.03153938800096512,
        0.0066248951479792595,
        1.5353600978851318
      ],
      [
        -0.013000011444091797,
        0.008667677640914917,
        1.5345962047576904
      ],
      [
        -0.03153941035270691,
        0.006624889560043812,
        1.5353600978851318
      ],
      [
        -0.047121454030275345,
        -0.0021134819835424423,
        1.5362462997436523
      ],
      [
        -0.0512932650744915,
        -0.0005401211092248559,
        1.5128875970840454
      ],
      [
        -0.06666172295808792,
        -0.011828121729195118,
        1.517948865890503
      ],
      [
        -0.07769076526165009,
        -0.026499472558498383,
        1.5253729820251465
      ],
      [
        -0.08046162873506546,
        -0.052678052335977554,
        1.5313620567321777
      ],
      [
        -0.09573816508054733,
        -0.056660838425159454,
        1.5217647552490234
      ],
      [
        -0.09651245176792145,
        -0.07077720761299133,
        1.5276716947555542
      ],
      [
        -0.11394547671079636,
        -0.06839907914400101,
        1.5221821069717407
      ],
      [
        -0.1139695942401886,
        -0.08204104751348495,
        1.5263992547988892
      ],
      [
        -0.12085090577602386,
        -0.10163956135511398,
        1.5281126499176025
      ],
      [
        -0.11977214366197586,
        -0.134102463722229,
        1.5184296369552612
      ],
      [
        -0.10743457078933716,
        -0.1290142834186554,
        1.5250217914581299
      ],
      [
        -0.09180516004562378,
        -0.11778667569160461,
        1.5362300872802734
      ],
      [
        -0.07376990467309952,
        -0.1360861361026764,
        1.5202890634536743
      ],
      [
        -0.0494324192404747,
        -0.14397230744361877,
        1.5050045251846313
      ],
      [
        -0.04612055793404579,
        -0.12578660249710083,
        1.5397411584854126
      ],
      [
        -0.027395201846957207,
        -0.12733709812164307,
        1.5341050624847412
      ],
      [
        0.01300000585615635,
        -0.12590265274047852,
        1.5327552556991577
      ],
      [
        0.027395213022828102,
        -0.12733706831932068,
        1.5341050624847412
      ],
      [
        0.046120572835206985,
        -0.12578660249710083,
        1.5397411584854126
      ],
      [
        0.049432430416345596,
        -0.14397230744361877,
        1.5050045251846313
      ],
      [
        0.07376991957426071,
        -0.136086106300354,
        1.5202890634536743
      ],
      [
        0.09180517494678497,
        -0.11778665333986282,
        1.5362300872802734
      ],
      [
        0.10743458569049835,
        -0.129014253616333,
        1.5250217914581299
      ]
    ],
    "zmin": 1.5050045251846313,
    "zmax": 1.5397411584854126,
    "mean_z": 1.5262002850833691,
    "xrange": [
      -0.12085090577602386,
      0.12085090577602386
    ],
    "yrange": [
      -0.14397230744361877,
      0.008667677640914917
    ],
    "closed": true
  },
  {
    "indices": [
      256,
      259,
      252,
      251,
      250,
      249,
      253,
      260,
      326,
      327,
      268,
      272,
      273,
      270,
      289,
      290,
      264,
      257
    ],
    "vertices_world_m": [
      [
        0.4646638333797455,
        0.08834552019834518,
        1.1917349100112915
      ],
      [
        0.48275527358055115,
        0.07134022563695908,
        1.1866967678070068
      ],
      [
        0.4660969376564026,
        0.04360014572739601,
        1.2104547023773193
      ],
      [
        0.4729234278202057,
        0.027289293706417084,
        1.2002710103988647
      ],
      [
        0.4738915264606476,
        0.013448180630803108,
        1.1869606971740723
      ],
      [
        0.468500018119812,
        0.0007822578772902489,
        1.1712031364440918
      ],
      [
        0.45073115825653076,
        -0.006238576024770737,
        1.1511825323104858
      ],
      [
        0.47435393929481506,
        0.022635724395513535,
        1.1322041749954224
      ],
      [
        0.44617384672164917,
        0.02750566229224205,
        1.1164096593856812
      ],
      [
        0.4665341377258301,
        0.05081713944673538,
        1.1000601053237915
      ],
      [
        0.4362274706363678,
        0.06890688836574554,
        1.1000746488571167
      ],
      [
        0.45025667548179626,
        0.08584734797477722,
        1.0889666080474854
      ],
      [
        0.4396286904811859,
        0.103731170296669,
        1.1015105247497559
      ],
      [
        0.43937188386917114,
        0.12388750910758972,
        1.118178367614746
      ],
      [
        0.4519151449203491,
        0.14175382256507874,
        1.1334460973739624
      ],
      [
        0.43540674448013306,
        0.12109792977571487,
        1.1484220027923584
      ],
      [
        0.4606110155582428,
        0.12317036837339401,
        1.165436863899231
      ],
      [
        0.4443330764770508,
        0.09961305558681488,
        1.1873281002044678
      ]
    ],
    "zmin": 1.0889666080474854,
    "zmax": 1.2104547023773193,
    "mean_z": 1.1494744949870639,
    "xrange": [
      0.43540674448013306,
      0.48275527358055115
    ],
    "yrange": [
      -0.006238576024770737,
      0.14175382256507874
    ],
    "closed": true
  }
]
Blender 5.1.1 (hash b70da489d7f4 built 2026-04-14 01:37:22)

Blender quit
