00:02.094  blend            | Read blend: "C:\Users\iputu\Documents\Wonder Chess\art-source\asset-studio\wc_u_human_guardian\stages\body-costume\BW4\r001\armor\ada_armor_checkpoint_FINAL_ART_REVISE.blend"
FRAME 1
FRAME 25
FRAME 49
FRAME 73
FRAME 97
[
  {
    "name": "waist",
    "z_m": 1.14,
    "x_m": 0,
    "max_coat_front_y_m": 0.1059005856513977,
    "front_frame": 1,
    "valid_front_samples": 97,
    "min_front_axial_gap_mm": 43.49657893180847,
    "min_coat_back_y_m": -0.1105545163154602,
    "back_frame": 1,
    "valid_back_samples": 97,
    "min_back_axial_gap_mm": 54.176270961761475
  },
  {
    "name": "waist",
    "z_m": 1.14,
    "x_m": 0.025,
    "max_coat_front_y_m": 0.10572165250778198,
    "front_frame": 1,
    "valid_front_samples": 97,
    "min_front_axial_gap_mm": 34.242600202560425,
    "min_coat_back_y_m": -0.11135423183441162,
    "back_frame": 1,
    "valid_back_samples": 97,
    "min_back_axial_gap_mm": 50.10545253753662
  },
  {
    "name": "waist",
    "z_m": 1.14,
    "x_m": 0.05,
    "max_coat_front_y_m": 0.1047789454460144,
    "front_frame": 1,
    "valid_front_samples": 97,
    "min_front_axial_gap_mm": 27.199208736419678,
    "min_coat_back_y_m": -0.11566847562789917,
    "back_frame": 1,
    "valid_back_samples": 97,
    "min_back_axial_gap_mm": 38.552701473236084
  },
  {
    "name": "waist",
    "z_m": 1.14,
    "x_m": 0.075,
    "max_coat_front_y_m": 0.10276561975479126,
    "front_frame": 1,
    "valid_front_samples": 97,
    "min_front_axial_gap_mm": 23.332595825195312,
    "min_coat_back_y_m": -0.11468064785003662,
    "back_frame": 1,
    "valid_back_samples": 97,
    "min_back_axial_gap_mm": 29.8842191696167
  },
  {
    "name": "waist",
    "z_m": 1.14,
    "x_m": 0.1,
    "max_coat_front_y_m": 0.09965336322784424,
    "front_frame": 1,
    "valid_front_samples": 97,
    "min_coat_back_y_m": -0.10921257734298706,
    "back_frame": 1,
    "valid_back_samples": 97,
    "min_back_axial_gap_mm": 23.342430591583252
  },
  {
    "name": "waist",
    "z_m": 1.14,
    "x_m": 0.125,
    "max_coat_front_y_m": 0.09565001726150513,
    "front_frame": 1,
    "valid_front_samples": 97,
    "min_coat_back_y_m": -0.09515166282653809,
    "back_frame": 1,
    "valid_back_samples": 97,
    "min_back_axial_gap_mm": 22.761821746826172
  },
  {
    "name": "waist",
    "z_m": 1.14,
    "x_m": 0.15
  },
  {
    "name": "waist",
    "z_m": 1.14,
    "x_m": 0.175
  },
  {
    "name": "lower_ribs",
    "z_m": 1.2225,
    "x_m": 0,
    "max_coat_front_y_m": 0.12448066473007202,
    "front_frame": 1,
    "valid_front_samples": 97,
    "min_front_axial_gap_mm": 68.85093450546265,
    "min_coat_back_y_m": -0.1062803864479065,
    "back_frame": 1,
    "valid_back_samples": 97,
    "min_back_axial_gap_mm": 77.85886526107788
  },
  {
    "name": "lower_ribs",
    "z_m": 1.2225,
    "x_m": 0.025,
    "max_coat_front_y_m": 0.12429189682006836,
    "front_frame": 1,
    "valid_front_samples": 97,
    "min_front_axial_gap_mm": 56.75162374973297,
    "min_coat_back_y_m": -0.10765749216079712,
    "back_frame": 1,
    "valid_back_samples": 97,
    "min_back_axial_gap_mm": 73.00490140914917
  },
  {
    "name": "lower_ribs",
    "z_m": 1.2225,
    "x_m": 0.05,
    "max_coat_front_y_m": 0.12326246500015259,
    "front_frame": 1,
    "valid_front_samples": 97,
    "min_front_axial_gap_mm": 47.738462686538696,
    "min_coat_back_y_m": -0.11711293458938599,
    "back_frame": 1,
    "valid_back_samples": 97,
    "min_back_axial_gap_mm": 55.767714977264404
  },
  {
    "name": "lower_ribs",
    "z_m": 1.2225,
    "x_m": 0.075,
    "max_coat_front_y_m": 0.12124532461166382,
    "front_frame": 1,
    "valid_front_samples": 97,
    "min_front_axial_gap_mm": 40.90419411659241,
    "min_coat_back_y_m": -0.11649882793426514,
    "back_frame": 1,
    "valid_back_samples": 97,
    "min_back_axial_gap_mm": 46.02384567260742
  },
  {
    "name": "lower_ribs",
    "z_m": 1.2225,
    "x_m": 0.1,
    "max_coat_front_y_m": 0.11826390027999878,
    "front_frame": 1,
    "valid_front_samples": 97,
    "min_front_axial_gap_mm": 35.30493378639221,
    "min_coat_back_y_m": -0.1064838171005249,
    "back_frame": 1,
    "valid_back_samples": 97,
    "min_back_axial_gap_mm": 43.306708335876465
  },
  {
    "name": "lower_ribs",
    "z_m": 1.2225,
    "x_m": 0.125,
    "max_coat_front_y_m": 0.11422866582870483,
    "front_frame": 1,
    "valid_front_samples": 97,
    "min_front_axial_gap_mm": 30.548587441444397,
    "min_coat_back_y_m": -0.08354943990707397,
    "back_frame": 1,
    "valid_back_samples": 97,
    "min_back_axial_gap_mm": 50.64874887466431
  },
  {
    "name": "lower_ribs",
    "z_m": 1.2225,
    "x_m": 0.15
  },
  {
    "name": "lower_ribs",
    "z_m": 1.2225,
    "x_m": 0.175
  },
  {
    "name": "chest",
    "z_m": 1.305,
    "x_m": 0,
    "max_coat_front_y_m": 0.14106887578964233,
    "front_frame": 1,
    "valid_front_samples": 97,
    "min_front_axial_gap_mm": 68.14117729663849,
    "min_coat_back_y_m": -0.12888532876968384,
    "back_frame": 45,
    "valid_back_samples": 97,
    "min_back_axial_gap_mm": 75.93244314193726
  },
  {
    "name": "chest",
    "z_m": 1.305,
    "x_m": 0.025,
    "max_coat_front_y_m": 0.14071685075759888,
    "front_frame": 1,
    "valid_front_samples": 97,
    "min_front_axial_gap_mm": 56.99524283409119,
    "min_coat_back_y_m": -0.13002389669418335,
    "back_frame": 37,
    "valid_back_samples": 97,
    "min_back_axial_gap_mm": 71.27541303634644
  },
  {
    "name": "chest",
    "z_m": 1.305,
    "x_m": 0.05,
    "max_coat_front_y_m": 0.13962745666503906,
    "front_frame": 1,
    "valid_front_samples": 97,
    "min_front_axial_gap_mm": 48.52224886417389,
    "min_coat_back_y_m": -0.13528025150299072,
    "back_frame": 35,
    "valid_back_samples": 97,
    "min_back_axial_gap_mm": 58.03656578063965
  },
  {
    "name": "chest",
    "z_m": 1.305,
    "x_m": 0.075,
    "max_coat_front_y_m": 0.13777637481689453,
    "front_frame": 1,
    "valid_front_samples": 97,
    "min_front_axial_gap_mm": 42.01576113700867,
    "min_coat_back_y_m": -0.13644194602966309,
    "back_frame": 41,
    "valid_back_samples": 97,
    "min_back_axial_gap_mm": 46.30923271179199
  },
  {
    "name": "chest",
    "z_m": 1.305,
    "x_m": 0.1,
    "max_coat_front_y_m": 0.13476067781448364,
    "front_frame": 1,
    "valid_front_samples": 97,
    "min_front_axial_gap_mm": 37.04659640789032,
    "min_coat_back_y_m": -0.1330200433731079,
    "back_frame": 45,
    "valid_back_samples": 97,
    "min_back_axial_gap_mm": 37.072181701660156
  },
  {
    "name": "chest",
    "z_m": 1.305,
    "x_m": 0.125,
    "max_coat_front_y_m": 0.13125967979431152,
    "front_frame": 45,
    "valid_front_samples": 97,
    "min_front_axial_gap_mm": 32.40567445755005,
    "min_coat_back_y_m": -0.12217915058135986,
    "back_frame": 47,
    "valid_back_samples": 97,
    "min_back_axial_gap_mm": 32.17756748199463
  },
  {
    "name": "chest",
    "z_m": 1.305,
    "x_m": 0.15,
    "max_coat_front_y_m": 0.12832272052764893,
    "front_frame": 46,
    "valid_front_samples": 97,
    "min_front_axial_gap_mm": 26.79024636745453,
    "min_coat_back_y_m": -0.09034126996994019,
    "back_frame": 49,
    "valid_back_samples": 97,
    "min_back_axial_gap_mm": 45.77404260635376
  },
  {
    "name": "chest",
    "z_m": 1.305,
    "x_m": 0.175
  },
  {
    "name": "upper_chest",
    "z_m": 1.3875,
    "x_m": 0,
    "max_coat_front_y_m": 0.14156502485275269,
    "front_frame": 1,
    "valid_front_samples": 97,
    "min_front_axial_gap_mm": 58.7029904127121,
    "min_coat_back_y_m": -0.14783704280853271,
    "back_frame": 61,
    "valid_back_samples": 97,
    "min_back_axial_gap_mm": 51.6437292098999
  },
  {
    "name": "upper_chest",
    "z_m": 1.3875,
    "x_m": 0.025,
    "max_coat_front_y_m": 0.14118444919586182,
    "front_frame": 1,
    "valid_front_samples": 97,
    "min_front_axial_gap_mm": 47.57764935493469,
    "min_coat_back_y_m": -0.14926713705062866,
    "back_frame": 84,
    "valid_back_samples": 97,
    "min_back_axial_gap_mm": 46.752989292144775
  },
  {
    "name": "upper_chest",
    "z_m": 1.3875,
    "x_m": 0.05,
    "max_coat_front_y_m": 0.14029258489608765,
    "front_frame": 1,
    "valid_front_samples": 97,
    "min_front_axial_gap_mm": 39.17260468006134,
    "min_coat_back_y_m": -0.1563512086868286,
    "back_frame": 86,
    "valid_back_samples": 97,
    "min_back_axial_gap_mm": 32.04464912414551
  },
  {
    "name": "upper_chest",
    "z_m": 1.3875,
    "x_m": 0.075,
    "max_coat_front_y_m": 0.1384865641593933,
    "front_frame": 1,
    "valid_front_samples": 97,
    "min_front_axial_gap_mm": 33.183932304382324,
    "min_coat_back_y_m": -0.15938019752502441,
    "back_frame": 47,
    "valid_back_samples": 97,
    "min_back_axial_gap_mm": 19.50669288635254
  },
  {
    "name": "upper_chest",
    "z_m": 1.3875,
    "x_m": 0.1,
    "max_coat_front_y_m": 0.13563823699951172,
    "front_frame": 1,
    "valid_front_samples": 97,
    "min_front_axial_gap_mm": 28.95389497280121,
    "min_coat_back_y_m": -0.15711641311645508,
    "back_frame": 50,
    "valid_back_samples": 97,
    "min_back_axial_gap_mm": 11.101603507995605
  },
  {
    "name": "upper_chest",
    "z_m": 1.3875,
    "x_m": 0.125,
    "max_coat_front_y_m": 0.13257348537445068,
    "front_frame": 28,
    "valid_front_samples": 97,
    "min_front_axial_gap_mm": 24.919569492340088,
    "min_coat_back_y_m": -0.1500663161277771,
    "back_frame": 49,
    "valid_back_samples": 97,
    "min_back_axial_gap_mm": 6.338298320770264
  },
  {
    "name": "upper_chest",
    "z_m": 1.3875,
    "x_m": 0.15,
    "max_coat_front_y_m": 0.12748271226882935,
    "front_frame": 35,
    "valid_front_samples": 97,
    "min_front_axial_gap_mm": 20.985141396522522,
    "min_coat_back_y_m": -0.14139306545257568,
    "back_frame": 46,
    "valid_back_samples": 97,
    "min_back_axial_gap_mm": 2.714872360229492
  },
  {
    "name": "upper_chest",
    "z_m": 1.3875,
    "x_m": 0.175,
    "max_coat_front_y_m": 0.09310424327850342,
    "front_frame": 37,
    "valid_front_samples": 97,
    "min_front_axial_gap_mm": 42.192474007606506,
    "min_coat_back_y_m": -0.1325199007987976,
    "back_frame": 36,
    "valid_back_samples": 97,
    "min_back_axial_gap_mm": 0.5241036415100098
  },
  {
    "name": "neck_base",
    "z_m": 1.47,
    "x_m": 0,
    "max_coat_front_y_m": 0.04499739408493042,
    "front_frame": 1,
    "valid_front_samples": 97,
    "min_coat_back_y_m": -0.14446687698364258,
    "back_frame": 74,
    "valid_back_samples": 97
  },
  {
    "name": "neck_base",
    "z_m": 1.47,
    "x_m": 0.025,
    "max_coat_front_y_m": 0.04415249824523926,
    "front_frame": 1,
    "valid_front_samples": 97,
    "min_coat_back_y_m": -0.1462000608444214,
    "back_frame": 84,
    "valid_back_samples": 97
  },
  {
    "name": "neck_base",
    "z_m": 1.47,
    "x_m": 0.05,
    "max_coat_front_y_m": 0.04133176803588867,
    "front_frame": 1,
    "valid_front_samples": 97,
    "min_coat_back_y_m": -0.15356719493865967,
    "back_frame": 84,
    "valid_back_samples": 97
  },
  {
    "name": "neck_base",
    "z_m": 1.47,
    "x_m": 0.075,
    "max_coat_front_y_m": 0.03977799415588379,
    "front_frame": 89,
    "valid_front_samples": 97,
    "min_coat_back_y_m": -0.15589195489883423,
    "back_frame": 84,
    "valid_back_samples": 97
  },
  {
    "name": "neck_base",
    "z_m": 1.47,
    "x_m": 0.1,
    "max_coat_front_y_m": 0.0510367751121521,
    "front_frame": 82,
    "valid_front_samples": 97,
    "min_front_axial_gap_mm": 67.67770648002625,
    "min_coat_back_y_m": -0.15530264377593994,
    "back_frame": 84,
    "valid_back_samples": 97,
    "min_back_axial_gap_mm": 4.22978401184082
  },
  {
    "name": "neck_base",
    "z_m": 1.47,
    "x_m": 0.125,
    "max_coat_front_y_m": 0.08146744966506958,
    "front_frame": 78,
    "valid_front_samples": 97,
    "min_front_axial_gap_mm": 28.489738702774048,
    "min_coat_back_y_m": -0.15356957912445068,
    "back_frame": 86,
    "valid_back_samples": 97,
    "min_back_axial_gap_mm": 2.2318363189697266
  },
  {
    "name": "neck_base",
    "z_m": 1.47,
    "x_m": 0.15,
    "max_coat_front_y_m": 0.07269108295440674,
    "front_frame": 84,
    "valid_front_samples": 97,
    "min_front_axial_gap_mm": 29.338635504245758,
    "min_coat_back_y_m": -0.14865922927856445,
    "back_frame": 57,
    "valid_back_samples": 97,
    "min_back_axial_gap_mm": 2.4443864822387695
  },
  {
    "name": "neck_base",
    "z_m": 1.47,
    "x_m": 0.175,
    "max_coat_front_y_m": 0.05849343538284302,
    "front_frame": 85,
    "valid_front_samples": 97,
    "min_coat_back_y_m": -0.14455395936965942,
    "back_frame": 92,
    "valid_back_samples": 97
  }
]
Blender 5.1.1 (hash b70da489d7f4 built 2026-04-14 01:37:22)

Blender quit
