00:03.468  blend            | Read blend: "C:\Users\iputu\Documents\Wonder Chess\reports\WC-U440\20260906T133433Z\wc_u_elf_rogue\refinement-v5\wc_u_elf_rogue-update24-revision7.blend"
00:06.203  render           | Saved: 'C:\Users\iputu\Documents\Wonder Chess\reports\WC-U440\20260906T133433Z\wc_u_elf_rogue\refinement-v5\motion-frames\Idle\0000.png'
00:08.672  render           | Saved: 'C:\Users\iputu\Documents\Wonder Chess\reports\WC-U440\20260906T133433Z\wc_u_elf_rogue\refinement-v5\motion-frames\Idle\0001.png'
00:10.656  render           | Saved: 'C:\Users\iputu\Documents\Wonder Chess\reports\WC-U440\20260906T133433Z\wc_u_elf_rogue\refinement-v5\motion-frames\Idle\0002.png'
00:12.687  render           | Saved: 'C:\Users\iputu\Documents\Wonder Chess\reports\WC-U440\20260906T133433Z\wc_u_elf_rogue\refinement-v5\motion-frames\Idle\0003.png'
00:14.718  render           | Saved: 'C:\Users\iputu\Documents\Wonder Chess\reports\WC-U440\20260906T133433Z\wc_u_elf_rogue\refinement-v5\motion-frames\Idle\0004.png'
00:16.578  render           | Saved: 'C:\Users\iputu\Documents\Wonder Chess\reports\WC-U440\20260906T133433Z\wc_u_elf_rogue\refinement-v5\motion-frames\Idle\0005.png'
00:18.437  render           | Saved: 'C:\Users\iputu\Documents\Wonder Chess\reports\WC-U440\20260906T133433Z\wc_u_elf_rogue\refinement-v5\motion-frames\Idle\0006.png'
00:20.578  render           | Saved: 'C:\Users\iputu\Documents\Wonder Chess\reports\WC-U440\20260906T133433Z\wc_u_elf_rogue\refinement-v5\motion-frames\Idle\0007.png'
00:22.734  render           | Saved: 'C:\Users\iputu\Documents\Wonder Chess\reports\WC-U440\20260906T133433Z\wc_u_elf_rogue\refinement-v5\motion-frames\Idle\0008.png'
00:24.765  render           | Saved: 'C:\Users\iputu\Documents\Wonder Chess\reports\WC-U440\20260906T133433Z\wc_u_elf_rogue\refinement-v5\motion-frames\Idle\0009.png'
00:27.062  render           | Saved: 'C:\Users\iputu\Documents\Wonder Chess\reports\WC-U440\20260906T133433Z\wc_u_elf_rogue\refinement-v5\motion-frames\Idle\0010.png'
00:29.515  render           | Saved: 'C:\Users\iputu\Documents\Wonder Chess\reports\WC-U440\20260906T133433Z\wc_u_elf_rogue\refinement-v5\motion-frames\Idle\0011.png'
00:32.078  render           | Saved: 'C:\Users\iputu\Documents\Wonder Chess\reports\WC-U440\20260906T133433Z\wc_u_elf_rogue\refinement-v5\motion-frames\Idle\0012.png'
00:34.343  render           | Saved: 'C:\Users\iputu\Documents\Wonder Chess\reports\WC-U440\20260906T133433Z\wc_u_elf_rogue\refinement-v5\motion-frames\Idle\0013.png'
00:36.453  render           | Saved: 'C:\Users\iputu\Documents\Wonder Chess\reports\WC-U440\20260906T133433Z\wc_u_elf_rogue\refinement-v5\motion-frames\Idle\0014.png'
00:38.578  render           | Saved: 'C:\Users\iputu\Documents\Wonder Chess\reports\WC-U440\20260906T133433Z\wc_u_elf_rogue\refinement-v5\motion-frames\Idle\0015.png'
00:40.593  render           | Saved: 'C:\Users\iputu\Documents\Wonder Chess\reports\WC-U440\20260906T133433Z\wc_u_elf_rogue\refinement-v5\motion-frames\Idle\0016.png'
00:42.640  render           | Saved: 'C:\Users\iputu\Documents\Wonder Chess\reports\WC-U440\20260906T133433Z\wc_u_elf_rogue\refinement-v5\motion-frames\Idle\0017.png'
00:44.703  render           | Saved: 'C:\Users\iputu\Documents\Wonder Chess\reports\WC-U440\20260906T133433Z\wc_u_elf_rogue\refinement-v5\motion-frames\Idle\0018.png'
00:46.781  render           | Saved: 'C:\Users\iputu\Documents\Wonder Chess\reports\WC-U440\20260906T133433Z\wc_u_elf_rogue\refinement-v5\motion-frames\Idle\0019.png'
00:48.906  render           | Saved: 'C:\Users\iputu\Documents\Wonder Chess\reports\WC-U440\20260906T133433Z\wc_u_elf_rogue\refinement-v5\motion-frames\Idle\0020.png'
00:51.047  render           | Saved: 'C:\Users\iputu\Documents\Wonder Chess\reports\WC-U440\20260906T133433Z\wc_u_elf_rogue\refinement-v5\motion-frames\Idle\0021.png'
00:53.109  render           | Saved: 'C:\Users\iputu\Documents\Wonder Chess\reports\WC-U440\20260906T133433Z\wc_u_elf_rogue\refinement-v5\motion-frames\Idle\0022.png'
00:55.250  render           | Saved: 'C:\Users\iputu\Documents\Wonder Chess\reports\WC-U440\20260906T133433Z\wc_u_elf_rogue\refinement-v5\motion-frames\Idle\0023.png'
00:57.406  render           | Saved: 'C:\Users\iputu\Documents\Wonder Chess\reports\WC-U440\20260906T133433Z\wc_u_elf_rogue\refinement-v5\motion-frames\Idle\0024.png'
00:59.531  render           | Saved: 'C:\Users\iputu\Documents\Wonder Chess\reports\WC-U440\20260906T133433Z\wc_u_elf_rogue\refinement-v5\motion-frames\Idle\0025.png'
01:01.718  render           | Saved: 'C:\Users\iputu\Documents\Wonder Chess\reports\WC-U440\20260906T133433Z\wc_u_elf_rogue\refinement-v5\motion-frames\Idle\0026.png'
01:03.765  render           | Saved: 'C:\Users\iputu\Documents\Wonder Chess\reports\WC-U440\20260906T133433Z\wc_u_elf_rogue\refinement-v5\motion-frames\Idle\0027.png'
01:05.828  render           | Saved: 'C:\Users\iputu\Documents\Wonder Chess\reports\WC-U440\20260906T133433Z\wc_u_elf_rogue\refinement-v5\motion-frames\Idle\0028.png'
01:07.906  render           | Saved: 'C:\Users\iputu\Documents\Wonder Chess\reports\WC-U440\20260906T133433Z\wc_u_elf_rogue\refinement-v5\motion-frames\Idle\0029.png'
01:10.078  render           | Saved: 'C:\Users\iputu\Documents\Wonder Chess\reports\WC-U440\20260906T133433Z\wc_u_elf_rogue\refinement-v5\motion-frames\Idle\0030.png'
01:12.203  render           | Saved: 'C:\Users\iputu\Documents\Wonder Chess\reports\WC-U440\20260906T133433Z\wc_u_elf_rogue\refinement-v5\motion-frames\Idle\0031.png'
01:14.515  render           | Saved: 'C:\Users\iputu\Documents\Wonder Chess\reports\WC-U440\20260906T133433Z\wc_u_elf_rogue\refinement-v5\motion-frames\Idle\0032.png'
01:16.578  render           | Saved: 'C:\Users\iputu\Documents\Wonder Chess\reports\WC-U440\20260906T133433Z\wc_u_elf_rogue\refinement-v5\motion-frames\Idle\0033.png'
01:18.922  render           | Saved: 'C:\Users\iputu\Documents\Wonder Chess\reports\WC-U440\20260906T133433Z\wc_u_elf_rogue\refinement-v5\motion-frames\Idle\0034.png'
01:21.062  render           | Saved: 'C:\Users\iputu\Documents\Wonder Chess\reports\WC-U440\20260906T133433Z\wc_u_elf_rogue\refinement-v5\motion-frames\Idle\0035.png'
01:23.187  render           | Saved: 'C:\Users\iputu\Documents\Wonder Chess\reports\WC-U440\20260906T133433Z\wc_u_elf_rogue\refinement-v5\motion-frames\Idle\0036.png'
01:25.375  render           | Saved: 'C:\Users\iputu\Documents\Wonder Chess\reports\WC-U440\20260906T133433Z\wc_u_elf_rogue\refinement-v5\motion-frames\Idle\0037.png'
01:27.609  render           | Saved: 'C:\Users\iputu\Documents\Wonder Chess\reports\WC-U440\20260906T133433Z\wc_u_elf_rogue\refinement-v5\motion-frames\Idle\0038.png'
01:29.812  render           | Saved: 'C:\Users\iputu\Documents\Wonder Chess\reports\WC-U440\20260906T133433Z\wc_u_elf_rogue\refinement-v5\motion-frames\Idle\0039.png'
{
  "status": "sampled_motion_invariants_passed",
  "unit_id": "wc_u_elf_rogue",
  "blender_version": "5.1.1",
  "sampling": "actual deformed mesh every 3 frames at 60fps",
  "clips": [
    {
      "clip": "Idle",
      "samples": 41,
      "minimum_support_sole_z_m": 0.017099998891353607,
      "maximum_support_sole_z_m": 0.017099998891353607,
      "max_root_translation_m": 0,
      "max_pose_scale_error": 4.172325134277344e-07
    },
    {
      "clip": "Move",
      "samples": 21,
      "minimum_support_sole_z_m": -0.0025624800473451614,
      "maximum_support_sole_z_m": 0.017100045457482338,
      "max_root_translation_m": 0,
      "max_pose_scale_error": 4.172325134277344e-07
    },
    {
      "clip": "Attack",
      "samples": 14,
      "minimum_support_sole_z_m": 0.017099998891353607,
      "maximum_support_sole_z_m": 0.017099998891353607,
      "max_root_translation_m": 0,
      "max_pose_scale_error": 4.172325134277344e-07
    },
    {
      "clip": "Active",
      "samples": 11,
      "minimum_support_sole_z_m": 0.017099998891353607,
      "maximum_support_sole_z_m": 0.017100006341934204,
      "max_root_translation_m": 0,
      "max_pose_scale_error": 4.172325134277344e-07
    },
    {
      "clip": "Hit",
      "samples": 9,
      "minimum_support_sole_z_m": 0.017099998891353607,
      "maximum_support_sole_z_m": 0.017099998891353607,
      "max_root_translation_m": 0,
      "max_pose_scale_error": 4.172325134277344e-07
    },
    {
      "clip": "Defeat",
      "samples": 21,
      "minimum_support_sole_z_m": 0.017099885269999504,
      "maximum_support_sole_z_m": 0.01710003800690174,
      "max_root_translation_m": 0,
      "max_pose_scale_error": 4.172325134277344e-07
    },
    {
      "clip": "Victory",
      "samples": 31,
      "minimum_support_sole_z_m": 0.017099998891353607,
      "maximum_support_sole_z_m": 0.017099998891353607,
      "max_root_translation_m": 0,
      "max_pose_scale_error": 4.172325134277344e-07
    }
  ],
  "errors": [],
  "not_checked": [
    "continuous visual quality",
    "weapon/costume clipping",
    "semantic gesture review",
    "Unreal retarget/import",
    "runtime move-speed synchronization"
  ]
}
{
  "status": "structural_checks_passed_visual_review_required",
  "blender_version": "5.1.1",
  "collection": "EXPORT",
  "evaluated_triangle_total": 3566,
  "objects": [
    {
      "name": "Armature",
      "type": "ARMATURE",
      "scale": [
        1.0,
        1.0,
        1.0
      ],
      "dimensions": [
        1.194295883178711,
        0.4749999940395355,
        2.0425000190734863
      ],
      "roots": [
        "root"
      ],
      "deform_bones": 27
    },
    {
      "name": "SK_wc_u_elf_rogue",
      "type": "MESH",
      "scale": [
        1.0,
        1.0,
        1.0
      ],
      "dimensions": [
        1.422235131263733,
        0.648342490196228,
        1.8904999494552612
      ],
      "evaluated_triangles": 3566,
      "material_slots": 1,
      "uv_layers": 1,
      "skin_checks": {
        "unweighted": 0,
        "excess_influences": 0,
        "unnormalized": 0
      }
    }
  ],
  "errors": [],
  "warnings": [],
  "not_checked": [
    "appearance",
    "deformation across all clips",
    "UV overlap appropriateness",
    "normal-map convention",
    "Unreal import",
    "LOD silhouette",
    "gameplay readability"
  ]
}
WC_REFINED_HERO_MOTION_RENDERED wc_u_elf_rogue Idle
01:31.953  render           | Saved: 'C:\Users\iputu\Documents\Wonder Chess\reports\WC-U440\20260906T133433Z\wc_u_elf_rogue\refinement-v5\motion-frames\Move\0000.png'
01:33.953  render           | Saved: 'C:\Users\iputu\Documents\Wonder Chess\reports\WC-U440\20260906T133433Z\wc_u_elf_rogue\refinement-v5\motion-frames\Move\0001.png'
01:35.968  render           | Saved: 'C:\Users\iputu\Documents\Wonder Chess\reports\WC-U440\20260906T133433Z\wc_u_elf_rogue\refinement-v5\motion-frames\Move\0002.png'
01:38.015  render           | Saved: 'C:\Users\iputu\Documents\Wonder Chess\reports\WC-U440\20260906T133433Z\wc_u_elf_rogue\refinement-v5\motion-frames\Move\0003.png'
01:40.078  render           | Saved: 'C:\Users\iputu\Documents\Wonder Chess\reports\WC-U440\20260906T133433Z\wc_u_elf_rogue\refinement-v5\motion-frames\Move\0004.png'
01:42.140  render           | Saved: 'C:\Users\iputu\Documents\Wonder Chess\reports\WC-U440\20260906T133433Z\wc_u_elf_rogue\refinement-v5\motion-frames\Move\0005.png'
01:44.187  render           | Saved: 'C:\Users\iputu\Documents\Wonder Chess\reports\WC-U440\20260906T133433Z\wc_u_elf_rogue\refinement-v5\motion-frames\Move\0006.png'
01:46.281  render           | Saved: 'C:\Users\iputu\Documents\Wonder Chess\reports\WC-U440\20260906T133433Z\wc_u_elf_rogue\refinement-v5\motion-frames\Move\0007.png'
01:48.359  render           | Saved: 'C:\Users\iputu\Documents\Wonder Chess\reports\WC-U440\20260906T133433Z\wc_u_elf_rogue\refinement-v5\motion-frames\Move\0008.png'
01:50.422  render           | Saved: 'C:\Users\iputu\Documents\Wonder Chess\reports\WC-U440\20260906T133433Z\wc_u_elf_rogue\refinement-v5\motion-frames\Move\0009.png'
01:52.547  render           | Saved: 'C:\Users\iputu\Documents\Wonder Chess\reports\WC-U440\20260906T133433Z\wc_u_elf_rogue\refinement-v5\motion-frames\Move\0010.png'
01:54.656  render           | Saved: 'C:\Users\iputu\Documents\Wonder Chess\reports\WC-U440\20260906T133433Z\wc_u_elf_rogue\refinement-v5\motion-frames\Move\0011.png'
01:57.015  render           | Saved: 'C:\Users\iputu\Documents\Wonder Chess\reports\WC-U440\20260906T133433Z\wc_u_elf_rogue\refinement-v5\motion-frames\Move\0012.png'
01:59.265  render           | Saved: 'C:\Users\iputu\Documents\Wonder Chess\reports\WC-U440\20260906T133433Z\wc_u_elf_rogue\refinement-v5\motion-frames\Move\0013.png'
02:01.484  render           | Saved: 'C:\Users\iputu\Documents\Wonder Chess\reports\WC-U440\20260906T133433Z\wc_u_elf_rogue\refinement-v5\motion-frames\Move\0014.png'
02:03.703  render           | Saved: 'C:\Users\iputu\Documents\Wonder Chess\reports\WC-U440\20260906T133433Z\wc_u_elf_rogue\refinement-v5\motion-frames\Move\0015.png'
02:05.968  render           | Saved: 'C:\Users\iputu\Documents\Wonder Chess\reports\WC-U440\20260906T133433Z\wc_u_elf_rogue\refinement-v5\motion-frames\Move\0016.png'
02:08.515  render           | Saved: 'C:\Users\iputu\Documents\Wonder Chess\reports\WC-U440\20260906T133433Z\wc_u_elf_rogue\refinement-v5\motion-frames\Move\0017.png'
02:11.531  render           | Saved: 'C:\Users\iputu\Documents\Wonder Chess\reports\WC-U440\20260906T133433Z\wc_u_elf_rogue\refinement-v5\motion-frames\Move\0018.png'
02:13.968  render           | Saved: 'C:\Users\iputu\Documents\Wonder Chess\reports\WC-U440\20260906T133433Z\wc_u_elf_rogue\refinement-v5\motion-frames\Move\0019.png'
WC_REFINED_HERO_MOTION_RENDERED wc_u_elf_rogue Move
02:16.375  render           | Saved: 'C:\Users\iputu\Documents\Wonder Chess\reports\WC-U440\20260906T133433Z\wc_u_elf_rogue\refinement-v5\motion-frames\Attack\0000.png'
02:19.187  render           | Saved: 'C:\Users\iputu\Documents\Wonder Chess\reports\WC-U440\20260906T133433Z\wc_u_elf_rogue\refinement-v5\motion-frames\Attack\0001.png'
02:21.703  render           | Saved: 'C:\Users\iputu\Documents\Wonder Chess\reports\WC-U440\20260906T133433Z\wc_u_elf_rogue\refinement-v5\motion-frames\Attack\0002.png'
02:24.578  render           | Saved: 'C:\Users\iputu\Documents\Wonder Chess\reports\WC-U440\20260906T133433Z\wc_u_elf_rogue\refinement-v5\motion-frames\Attack\0003.png'
02:27.390  render           | Saved: 'C:\Users\iputu\Documents\Wonder Chess\reports\WC-U440\20260906T133433Z\wc_u_elf_rogue\refinement-v5\motion-frames\Attack\0004.png'
02:29.906  render           | Saved: 'C:\Users\iputu\Documents\Wonder Chess\reports\WC-U440\20260906T133433Z\wc_u_elf_rogue\refinement-v5\motion-frames\Attack\0005.png'
02:32.203  render           | Saved: 'C:\Users\iputu\Documents\Wonder Chess\reports\WC-U440\20260906T133433Z\wc_u_elf_rogue\refinement-v5\motion-frames\Attack\0006.png'
02:34.437  render           | Saved: 'C:\Users\iputu\Documents\Wonder Chess\reports\WC-U440\20260906T133433Z\wc_u_elf_rogue\refinement-v5\motion-frames\Attack\0007.png'
02:36.781  render           | Saved: 'C:\Users\iputu\Documents\Wonder Chess\reports\WC-U440\20260906T133433Z\wc_u_elf_rogue\refinement-v5\motion-frames\Attack\0008.png'
02:39.047  render           | Saved: 'C:\Users\iputu\Documents\Wonder Chess\reports\WC-U440\20260906T133433Z\wc_u_elf_rogue\refinement-v5\motion-frames\Attack\0009.png'
02:41.343  render           | Saved: 'C:\Users\iputu\Documents\Wonder Chess\reports\WC-U440\20260906T133433Z\wc_u_elf_rogue\refinement-v5\motion-frames\Attack\0010.png'
02:43.562  render           | Saved: 'C:\Users\iputu\Documents\Wonder Chess\reports\WC-U440\20260906T133433Z\wc_u_elf_rogue\refinement-v5\motion-frames\Attack\0011.png'
02:45.812  render           | Saved: 'C:\Users\iputu\Documents\Wonder Chess\reports\WC-U440\20260906T133433Z\wc_u_elf_rogue\refinement-v5\motion-frames\Attack\0012.png'
WC_REFINED_HERO_MOTION_RENDERED wc_u_elf_rogue Attack
02:48.515  render           | Saved: 'C:\Users\iputu\Documents\Wonder Chess\reports\WC-U440\20260906T133433Z\wc_u_elf_rogue\refinement-v5\motion-frames\Active\0000.png'
02:51.015  render           | Saved: 'C:\Users\iputu\Documents\Wonder Chess\reports\WC-U440\20260906T133433Z\wc_u_elf_rogue\refinement-v5\motion-frames\Active\0001.png'
02:53.468  render           | Saved: 'C:\Users\iputu\Documents\Wonder Chess\reports\WC-U440\20260906T133433Z\wc_u_elf_rogue\refinement-v5\motion-frames\Active\0002.png'
02:56.078  render           | Saved: 'C:\Users\iputu\Documents\Wonder Chess\reports\WC-U440\20260906T133433Z\wc_u_elf_rogue\refinement-v5\motion-frames\Active\0003.png'
02:58.609  render           | Saved: 'C:\Users\iputu\Documents\Wonder Chess\reports\WC-U440\20260906T133433Z\wc_u_elf_rogue\refinement-v5\motion-frames\Active\0004.png'
03:01.015  render           | Saved: 'C:\Users\iputu\Documents\Wonder Chess\reports\WC-U440\20260906T133433Z\wc_u_elf_rogue\refinement-v5\motion-frames\Active\0005.png'
03:03.593  render           | Saved: 'C:\Users\iputu\Documents\Wonder Chess\reports\WC-U440\20260906T133433Z\wc_u_elf_rogue\refinement-v5\motion-frames\Active\0006.png'
03:05.922  render           | Saved: 'C:\Users\iputu\Documents\Wonder Chess\reports\WC-U440\20260906T133433Z\wc_u_elf_rogue\refinement-v5\motion-frames\Active\0007.png'
03:08.437  render           | Saved: 'C:\Users\iputu\Documents\Wonder Chess\reports\WC-U440\20260906T133433Z\wc_u_elf_rogue\refinement-v5\motion-frames\Active\0008.png'
03:11.203  render           | Saved: 'C:\Users\iputu\Documents\Wonder Chess\reports\WC-U440\20260906T133433Z\wc_u_elf_rogue\refinement-v5\motion-frames\Active\0009.png'
WC_REFINED_HERO_MOTION_RENDERED wc_u_elf_rogue Active
03:13.906  render           | Saved: 'C:\Users\iputu\Documents\Wonder Chess\reports\WC-U440\20260906T133433Z\wc_u_elf_rogue\refinement-v5\motion-frames\Hit\0000.png'
03:16.375  render           | Saved: 'C:\Users\iputu\Documents\Wonder Chess\reports\WC-U440\20260906T133433Z\wc_u_elf_rogue\refinement-v5\motion-frames\Hit\0001.png'
03:18.781  render           | Saved: 'C:\Users\iputu\Documents\Wonder Chess\reports\WC-U440\20260906T133433Z\wc_u_elf_rogue\refinement-v5\motion-frames\Hit\0002.png'
03:21.093  render           | Saved: 'C:\Users\iputu\Documents\Wonder Chess\reports\WC-U440\20260906T133433Z\wc_u_elf_rogue\refinement-v5\motion-frames\Hit\0003.png'
03:23.484  render           | Saved: 'C:\Users\iputu\Documents\Wonder Chess\reports\WC-U440\20260906T133433Z\wc_u_elf_rogue\refinement-v5\motion-frames\Hit\0004.png'
03:26.000  render           | Saved: 'C:\Users\iputu\Documents\Wonder Chess\reports\WC-U440\20260906T133433Z\wc_u_elf_rogue\refinement-v5\motion-frames\Hit\0005.png'
03:28.359  render           | Saved: 'C:\Users\iputu\Documents\Wonder Chess\reports\WC-U440\20260906T133433Z\wc_u_elf_rogue\refinement-v5\motion-frames\Hit\0006.png'
03:30.562  render           | Saved: 'C:\Users\iputu\Documents\Wonder Chess\reports\WC-U440\20260906T133433Z\wc_u_elf_rogue\refinement-v5\motion-frames\Hit\0007.png'
WC_REFINED_HERO_MOTION_RENDERED wc_u_elf_rogue Hit
03:32.781  render           | Saved: 'C:\Users\iputu\Documents\Wonder Chess\reports\WC-U440\20260906T133433Z\wc_u_elf_rogue\refinement-v5\motion-frames\Defeat\0000.png'
03:35.406  render           | Saved: 'C:\Users\iputu\Documents\Wonder Chess\reports\WC-U440\20260906T133433Z\wc_u_elf_rogue\refinement-v5\motion-frames\Defeat\0001.png'
03:37.828  render           | Saved: 'C:\Users\iputu\Documents\Wonder Chess\reports\WC-U440\20260906T133433Z\wc_u_elf_rogue\refinement-v5\motion-frames\Defeat\0002.png'
03:40.281  render           | Saved: 'C:\Users\iputu\Documents\Wonder Chess\reports\WC-U440\20260906T133433Z\wc_u_elf_rogue\refinement-v5\motion-frames\Defeat\0003.png'
03:42.797  render           | Saved: 'C:\Users\iputu\Documents\Wonder Chess\reports\WC-U440\20260906T133433Z\wc_u_elf_rogue\refinement-v5\motion-frames\Defeat\0004.png'
03:45.109  render           | Saved: 'C:\Users\iputu\Documents\Wonder Chess\reports\WC-U440\20260906T133433Z\wc_u_elf_rogue\refinement-v5\motion-frames\Defeat\0005.png'
03:47.437  render           | Saved: 'C:\Users\iputu\Documents\Wonder Chess\reports\WC-U440\20260906T133433Z\wc_u_elf_rogue\refinement-v5\motion-frames\Defeat\0006.png'
03:49.687  render           | Saved: 'C:\Users\iputu\Documents\Wonder Chess\reports\WC-U440\20260906T133433Z\wc_u_elf_rogue\refinement-v5\motion-frames\Defeat\0007.png'
03:52.187  render           | Saved: 'C:\Users\iputu\Documents\Wonder Chess\reports\WC-U440\20260906T133433Z\wc_u_elf_rogue\refinement-v5\motion-frames\Defeat\0008.png'
03:54.625  render           | Saved: 'C:\Users\iputu\Documents\Wonder Chess\reports\WC-U440\20260906T133433Z\wc_u_elf_rogue\refinement-v5\motion-frames\Defeat\0009.png'
03:57.078  render           | Saved: 'C:\Users\iputu\Documents\Wonder Chess\reports\WC-U440\20260906T133433Z\wc_u_elf_rogue\refinement-v5\motion-frames\Defeat\0010.png'
03:59.297  render           | Saved: 'C:\Users\iputu\Documents\Wonder Chess\reports\WC-U440\20260906T133433Z\wc_u_elf_rogue\refinement-v5\motion-frames\Defeat\0011.png'
04:01.422  render           | Saved: 'C:\Users\iputu\Documents\Wonder Chess\reports\WC-U440\20260906T133433Z\wc_u_elf_rogue\refinement-v5\motion-frames\Defeat\0012.png'
04:03.578  render           | Saved: 'C:\Users\iputu\Documents\Wonder Chess\reports\WC-U440\20260906T133433Z\wc_u_elf_rogue\refinement-v5\motion-frames\Defeat\0013.png'
04:05.718  render           | Saved: 'C:\Users\iputu\Documents\Wonder Chess\reports\WC-U440\20260906T133433Z\wc_u_elf_rogue\refinement-v5\motion-frames\Defeat\0014.png'
04:07.765  render           | Saved: 'C:\Users\iputu\Documents\Wonder Chess\reports\WC-U440\20260906T133433Z\wc_u_elf_rogue\refinement-v5\motion-frames\Defeat\0015.png'
04:09.843  render           | Saved: 'C:\Users\iputu\Documents\Wonder Chess\reports\WC-U440\20260906T133433Z\wc_u_elf_rogue\refinement-v5\motion-frames\Defeat\0016.png'
04:11.859  render           | Saved: 'C:\Users\iputu\Documents\Wonder Chess\reports\WC-U440\20260906T133433Z\wc_u_elf_rogue\refinement-v5\motion-frames\Defeat\0017.png'
04:14.062  render           | Saved: 'C:\Users\iputu\Documents\Wonder Chess\reports\WC-U440\20260906T133433Z\wc_u_elf_rogue\refinement-v5\motion-frames\Defeat\0018.png'
04:16.109  render           | Saved: 'C:\Users\iputu\Documents\Wonder Chess\reports\WC-U440\20260906T133433Z\wc_u_elf_rogue\refinement-v5\motion-frames\Defeat\0019.png'
WC_REFINED_HERO_MOTION_RENDERED wc_u_elf_rogue Defeat
04:18.203  render           | Saved: 'C:\Users\iputu\Documents\Wonder Chess\reports\WC-U440\20260906T133433Z\wc_u_elf_rogue\refinement-v5\motion-frames\Victory\0000.png'
04:20.265  render           | Saved: 'C:\Users\iputu\Documents\Wonder Chess\reports\WC-U440\20260906T133433Z\wc_u_elf_rogue\refinement-v5\motion-frames\Victory\0001.png'
04:22.328  render           | Saved: 'C:\Users\iputu\Documents\Wonder Chess\reports\WC-U440\20260906T133433Z\wc_u_elf_rogue\refinement-v5\motion-frames\Victory\0002.png'
04:24.390  render           | Saved: 'C:\Users\iputu\Documents\Wonder Chess\reports\WC-U440\20260906T133433Z\wc_u_elf_rogue\refinement-v5\motion-frames\Victory\0003.png'
04:26.515  render           | Saved: 'C:\Users\iputu\Documents\Wonder Chess\reports\WC-U440\20260906T133433Z\wc_u_elf_rogue\refinement-v5\motion-frames\Victory\0004.png'
04:28.625  render           | Saved: 'C:\Users\iputu\Documents\Wonder Chess\reports\WC-U440\20260906T133433Z\wc_u_elf_rogue\refinement-v5\motion-frames\Victory\0005.png'
04:30.750  render           | Saved: 'C:\Users\iputu\Documents\Wonder Chess\reports\WC-U440\20260906T133433Z\wc_u_elf_rogue\refinement-v5\motion-frames\Victory\0006.png'
04:32.875  render           | Saved: 'C:\Users\iputu\Documents\Wonder Chess\reports\WC-U440\20260906T133433Z\wc_u_elf_rogue\refinement-v5\motion-frames\Victory\0007.png'
04:34.875  render           | Saved: 'C:\Users\iputu\Documents\Wonder Chess\reports\WC-U440\20260906T133433Z\wc_u_elf_rogue\refinement-v5\motion-frames\Victory\0008.png'
04:37.015  render           | Saved: 'C:\Users\iputu\Documents\Wonder Chess\reports\WC-U440\20260906T133433Z\wc_u_elf_rogue\refinement-v5\motion-frames\Victory\0009.png'
04:39.297  render           | Saved: 'C:\Users\iputu\Documents\Wonder Chess\reports\WC-U440\20260906T133433Z\wc_u_elf_rogue\refinement-v5\motion-frames\Victory\0010.png'
04:41.312  render           | Saved: 'C:\Users\iputu\Documents\Wonder Chess\reports\WC-U440\20260906T133433Z\wc_u_elf_rogue\refinement-v5\motion-frames\Victory\0011.png'
04:43.343  render           | Saved: 'C:\Users\iputu\Documents\Wonder Chess\reports\WC-U440\20260906T133433Z\wc_u_elf_rogue\refinement-v5\motion-frames\Victory\0012.png'
04:45.422  render           | Saved: 'C:\Users\iputu\Documents\Wonder Chess\reports\WC-U440\20260906T133433Z\wc_u_elf_rogue\refinement-v5\motion-frames\Victory\0013.png'
04:47.500  render           | Saved: 'C:\Users\iputu\Documents\Wonder Chess\reports\WC-U440\20260906T133433Z\wc_u_elf_rogue\refinement-v5\motion-frames\Victory\0014.png'
04:49.687  render           | Saved: 'C:\Users\iputu\Documents\Wonder Chess\reports\WC-U440\20260906T133433Z\wc_u_elf_rogue\refinement-v5\motion-frames\Victory\0015.png'
04:51.937  render           | Saved: 'C:\Users\iputu\Documents\Wonder Chess\reports\WC-U440\20260906T133433Z\wc_u_elf_rogue\refinement-v5\motion-frames\Victory\0016.png'
04:54.093  render           | Saved: 'C:\Users\iputu\Documents\Wonder Chess\reports\WC-U440\20260906T133433Z\wc_u_elf_rogue\refinement-v5\motion-frames\Victory\0017.png'
04:56.297  render           | Saved: 'C:\Users\iputu\Documents\Wonder Chess\reports\WC-U440\20260906T133433Z\wc_u_elf_rogue\refinement-v5\motion-frames\Victory\0018.png'
04:58.437  render           | Saved: 'C:\Users\iputu\Documents\Wonder Chess\reports\WC-U440\20260906T133433Z\wc_u_elf_rogue\refinement-v5\motion-frames\Victory\0019.png'
05:00.718  render           | Saved: 'C:\Users\iputu\Documents\Wonder Chess\reports\WC-U440\20260906T133433Z\wc_u_elf_rogue\refinement-v5\motion-frames\Victory\0020.png'
05:03.203  render           | Saved: 'C:\Users\iputu\Documents\Wonder Chess\reports\WC-U440\20260906T133433Z\wc_u_elf_rogue\refinement-v5\motion-frames\Victory\0021.png'
05:05.265  render           | Saved: 'C:\Users\iputu\Documents\Wonder Chess\reports\WC-U440\20260906T133433Z\wc_u_elf_rogue\refinement-v5\motion-frames\Victory\0022.png'
05:07.359  render           | Saved: 'C:\Users\iputu\Documents\Wonder Chess\reports\WC-U440\20260906T133433Z\wc_u_elf_rogue\refinement-v5\motion-frames\Victory\0023.png'
05:09.343  render           | Saved: 'C:\Users\iputu\Documents\Wonder Chess\reports\WC-U440\20260906T133433Z\wc_u_elf_rogue\refinement-v5\motion-frames\Victory\0024.png'
05:11.312  render           | Saved: 'C:\Users\iputu\Documents\Wonder Chess\reports\WC-U440\20260906T133433Z\wc_u_elf_rogue\refinement-v5\motion-frames\Victory\0025.png'
05:13.375  render           | Saved: 'C:\Users\iputu\Documents\Wonder Chess\reports\WC-U440\20260906T133433Z\wc_u_elf_rogue\refinement-v5\motion-frames\Victory\0026.png'
05:15.359  render           | Saved: 'C:\Users\iputu\Documents\Wonder Chess\reports\WC-U440\20260906T133433Z\wc_u_elf_rogue\refinement-v5\motion-frames\Victory\0027.png'
05:17.484  render           | Saved: 'C:\Users\iputu\Documents\Wonder Chess\reports\WC-U440\20260906T133433Z\wc_u_elf_rogue\refinement-v5\motion-frames\Victory\0028.png'
05:19.750  render           | Saved: 'C:\Users\iputu\Documents\Wonder Chess\reports\WC-U440\20260906T133433Z\wc_u_elf_rogue\refinement-v5\motion-frames\Victory\0029.png'
WC_REFINED_HERO_MOTION_RENDERED wc_u_elf_rogue Victory
Blender 5.1.1 (hash b70da489d7f4 built 2026-04-14 01:37:22)

Blender quit
