00:03.609  blend            | Read blend: "C:\Users\iputu\Documents\Wonder Chess\reports\WC-U440\20260906T133433Z\wc_u_elf_rogue\refinement-v5\wc_u_elf_rogue-update24-revision7.blend"
Info: Applied modifier was not first, result may not be as expected
Info: Applied modifier was not first, result may not be as expected
Info: Saved as "wc_u_elf_rogue_revision7.blend"

FBX export starting... 'C:\\Users\\iputu\\Documents\\Wonder Chess\\reports\\WC-U440\\20260906T133433Z\\wc_u_elf_rogue\\refinement-v5\\normalized-export\\SK_wc_u_elf_rogue.fbx'
(bpy.data.armatures['WC_humanoid_slender_v1.001'], 'POSE')
export finished in 0.0464 sec.

FBX export starting... 'C:\\Users\\iputu\\Documents\\Wonder Chess\\reports\\WC-U440\\20260906T133433Z\\wc_u_elf_rogue\\refinement-v5\\normalized-export\\SK_wc_u_elf_rogue_LOD1.fbx'
(bpy.data.armatures['WC_humanoid_slender_v1.001'], 'POSE')
export finished in 0.0454 sec.

FBX export starting... 'C:\\Users\\iputu\\Documents\\Wonder Chess\\reports\\WC-U440\\20260906T133433Z\\wc_u_elf_rogue\\refinement-v5\\normalized-export\\SK_wc_u_elf_rogue_LOD2.fbx'
(bpy.data.armatures['WC_humanoid_slender_v1.001'], 'POSE')
export finished in 0.0403 sec.

FBX export starting... 'C:\\Users\\iputu\\Documents\\Wonder Chess\\reports\\WC-U440\\20260906T133433Z\\wc_u_elf_rogue\\refinement-v5\\normalized-export\\AN_wc_u_elf_rogue_Idle.fbx'
export finished in 0.2336 sec.

FBX export starting... 'C:\\Users\\iputu\\Documents\\Wonder Chess\\reports\\WC-U440\\20260906T133433Z\\wc_u_elf_rogue\\refinement-v5\\normalized-export\\AN_wc_u_elf_rogue_Move.fbx'
export finished in 0.1395 sec.

FBX export starting... 'C:\\Users\\iputu\\Documents\\Wonder Chess\\reports\\WC-U440\\20260906T133433Z\\wc_u_elf_rogue\\refinement-v5\\normalized-export\\AN_wc_u_elf_rogue_Attack.fbx'
export finished in 0.1113 sec.

FBX export starting... 'C:\\Users\\iputu\\Documents\\Wonder Chess\\reports\\WC-U440\\20260906T133433Z\\wc_u_elf_rogue\\refinement-v5\\normalized-export\\AN_wc_u_elf_rogue_Active.fbx'
export finished in 0.0891 sec.

FBX export starting... 'C:\\Users\\iputu\\Documents\\Wonder Chess\\reports\\WC-U440\\20260906T133433Z\\wc_u_elf_rogue\\refinement-v5\\normalized-export\\AN_wc_u_elf_rogue_Hit.fbx'
export finished in 0.0855 sec.

FBX export starting... 'C:\\Users\\iputu\\Documents\\Wonder Chess\\reports\\WC-U440\\20260906T133433Z\\wc_u_elf_rogue\\refinement-v5\\normalized-export\\AN_wc_u_elf_rogue_Defeat.fbx'
export finished in 0.1931 sec.

FBX export starting... 'C:\\Users\\iputu\\Documents\\Wonder Chess\\reports\\WC-U440\\20260906T133433Z\\wc_u_elf_rogue\\refinement-v5\\normalized-export\\AN_wc_u_elf_rogue_Victory.fbx'
export finished in 0.2159 sec.
WC_UPDATE24_NORMALIZED_EXPORT_COMPLETE wc_u_elf_rogue
Blender 5.1.1 (hash b70da489d7f4 built 2026-04-14 01:37:22)

Blender quit
