00:03.047  blend            | Read blend: "C:\Users\iputu\Documents\Wonder Chess\art-source\heroes\wc_u_elf_rogue\wc_u_elf_rogue.blend"
{
  "status": "structural_checks_passed_visual_review_required",
  "blender_version": "5.1.1",
  "collection": "EXPORT",
  "evaluated_triangle_total": 3566,
  "objects": [
    {
      "name": "Armature",
      "type": "ARMATURE",
      "scale": [
        1.0,
        1.0,
        1.0
      ],
      "dimensions": [
        1.194295883178711,
        0.4749999940395355,
        2.0425000190734863
      ],
      "roots": [
        "root"
      ],
      "deform_bones": 27
    },
    {
      "name": "SK_wc_u_elf_rogue",
      "type": "MESH",
      "scale": [
        1.0,
        1.0,
        1.0
      ],
      "dimensions": [
        1.422235131263733,
        0.648342490196228,
        1.8904999494552612
      ],
      "evaluated_triangles": 3566,
      "material_slots": 1,
      "uv_layers": 1,
      "skin_checks": {
        "unweighted": 0,
        "excess_influences": 0,
        "unnormalized": 0
      }
    }
  ],
  "errors": [],
  "warnings": [],
  "not_checked": [
    "appearance",
    "deformation across all clips",
    "UV overlap appropriateness",
    "normal-map convention",
    "Unreal import",
    "LOD silhouette",
    "gameplay readability"
  ]
}
{
  "status": "structural_checks_passed_visual_review_required",
  "blender_version": "5.1.1",
  "collection": "LOD_SOURCE",
  "evaluated_triangle_total": 2673,
  "objects": [
    {
      "name": "SK_wc_u_elf_rogue_LOD1",
      "type": "MESH",
      "scale": [
        1.0,
        1.0,
        1.0
      ],
      "dimensions": [
        1.4157416820526123,
        0.6443649530410767,
        1.8911939859390259
      ],
      "evaluated_triangles": 1783,
      "material_slots": 1,
      "uv_layers": 1,
      "skin_checks": {
        "unweighted": 0,
        "excess_influences": 0,
        "unnormalized": 0
      }
    },
    {
      "name": "SK_wc_u_elf_rogue_LOD2",
      "type": "MESH",
      "scale": [
        1.0,
        1.0,
        1.0
      ],
      "dimensions": [
        1.4157416820526123,
        0.6456118226051331,
        1.8912434577941895
      ],
      "evaluated_triangles": 890,
      "material_slots": 1,
      "uv_layers": 1,
      "skin_checks": {
        "unweighted": 0,
        "excess_influences": 0,
        "unnormalized": 0
      }
    }
  ],
  "errors": [],
  "warnings": [],
  "not_checked": [
    "appearance",
    "deformation across all clips",
    "UV overlap appropriateness",
    "normal-map convention",
    "Unreal import",
    "LOD silhouette",
    "gameplay readability"
  ]
}
{
  "status": "sampled_motion_invariants_passed",
  "unit_id": "wc_u_elf_rogue",
  "blender_version": "5.1.1",
  "sampling": "actual deformed mesh every 3 frames at 60fps",
  "clips": [
    {
      "clip": "Idle",
      "samples": 41,
      "minimum_support_sole_z_m": 0.017099998891353607,
      "maximum_support_sole_z_m": 0.017099998891353607,
      "max_root_translation_m": 0,
      "max_pose_scale_error": 4.172325134277344e-07
    },
    {
      "clip": "Move",
      "samples": 21,
      "minimum_support_sole_z_m": -0.0025624800473451614,
      "maximum_support_sole_z_m": 0.017100045457482338,
      "max_root_translation_m": 0,
      "max_pose_scale_error": 4.172325134277344e-07
    },
    {
      "clip": "Attack",
      "samples": 14,
      "minimum_support_sole_z_m": 0.017099998891353607,
      "maximum_support_sole_z_m": 0.017099998891353607,
      "max_root_translation_m": 0,
      "max_pose_scale_error": 4.172325134277344e-07
    },
    {
      "clip": "Active",
      "samples": 11,
      "minimum_support_sole_z_m": 0.017099998891353607,
      "maximum_support_sole_z_m": 0.017100006341934204,
      "max_root_translation_m": 0,
      "max_pose_scale_error": 4.172325134277344e-07
    },
    {
      "clip": "Hit",
      "samples": 9,
      "minimum_support_sole_z_m": 0.017099998891353607,
      "maximum_support_sole_z_m": 0.017099998891353607,
      "max_root_translation_m": 0,
      "max_pose_scale_error": 4.172325134277344e-07
    },
    {
      "clip": "Defeat",
      "samples": 21,
      "minimum_support_sole_z_m": 0.017099885269999504,
      "maximum_support_sole_z_m": 0.01710003800690174,
      "max_root_translation_m": 0,
      "max_pose_scale_error": 4.172325134277344e-07
    },
    {
      "clip": "Victory",
      "samples": 31,
      "minimum_support_sole_z_m": 0.017099998891353607,
      "maximum_support_sole_z_m": 0.017099998891353607,
      "max_root_translation_m": 0,
      "max_pose_scale_error": 4.172325134277344e-07
    }
  ],
  "errors": [],
  "not_checked": [
    "continuous visual quality",
    "weapon/costume clipping",
    "semantic gesture review",
    "Unreal retarget/import",
    "runtime move-speed synchronization"
  ]
}
WC_REFINED_HERO_PUBLISHED_CHECKS_PASS {"status": "PUBLISHED_SOURCE_EXPORT_AND_MOTION_CHECKS_PASS", "unit_id": "wc_u_elf_rogue", "blender_version": "5.1.1", "source_revision": 7, "geometry_revision": 7, "animation_revision": 6, "source_sha256": "048dc037fe76539e9149b6017dda771243e07fdf8fd118f09fe1eeabd1ec446f", "manifest_sha256": "b35499c26ec7c13b595ef3e3bf81dca15d4024618168c8949a94b25eec2dd76c", "export_files_verified": 14, "triangles": 3566, "lods": [{"lod": 1, "triangles": 1783, "ratio_target": 0.5, "visual_acceptance": "pending current Unreal review"}, {"lod": 2, "triangles": 890, "ratio_target": 0.25, "visual_acceptance": "pending current Unreal review"}], "modified_clips": [], "Unreal_reimport_verified": false, "final_art_accepted": false}
Blender 5.1.1 (hash b70da489d7f4 built 2026-04-14 01:37:22)

Blender quit
