00:02.515  blend            | Read blend: "C:\Users\iputu\Documents\Wonder Chess\art-source\heroes\wc_u_dragonkin_guardian\wc_u_dragonkin_guardian.blend"
{
  "status": "structural_checks_passed_visual_review_required",
  "blender_version": "5.1.1",
  "collection": "EXPORT",
  "evaluated_triangle_total": 8474,
  "objects": [
    {
      "name": "Armature",
      "type": "ARMATURE",
      "scale": [
        1.0,
        1.0,
        1.0
      ],
      "dimensions": [
        1.35426926612854,
        0.5199999809265137,
        2.223520040512085
      ],
      "roots": [
        "root"
      ],
      "deform_bones": 27
    },
    {
      "name": "SK_wc_u_dragonkin_guardian",
      "type": "MESH",
      "scale": [
        1.0,
        1.0,
        1.0
      ],
      "dimensions": [
        1.5400559902191162,
        0.8974425196647644,
        2.0612800121307373
      ],
      "evaluated_triangles": 8474,
      "material_slots": 1,
      "uv_layers": 1,
      "skin_checks": {
        "unweighted": 0,
        "excess_influences": 0,
        "unnormalized": 0
      }
    }
  ],
  "errors": [],
  "warnings": [],
  "not_checked": [
    "appearance",
    "deformation across all clips",
    "UV overlap appropriateness",
    "normal-map convention",
    "Unreal import",
    "LOD silhouette",
    "gameplay readability"
  ]
}
{
  "status": "structural_checks_passed_visual_review_required",
  "blender_version": "5.1.1",
  "collection": "LOD_SOURCE",
  "evaluated_triangle_total": 6329,
  "objects": [
    {
      "name": "SK_wc_u_dragonkin_guardian_LOD1",
      "type": "MESH",
      "scale": [
        1.0,
        1.0,
        1.0
      ],
      "dimensions": [
        1.5406337976455688,
        0.8973251581192017,
        2.0619912147521973
      ],
      "evaluated_triangles": 4234,
      "material_slots": 1,
      "uv_layers": 1,
      "skin_checks": {
        "unweighted": 0,
        "excess_influences": 0,
        "unnormalized": 0
      }
    },
    {
      "name": "SK_wc_u_dragonkin_guardian_LOD2",
      "type": "MESH",
      "scale": [
        1.0,
        1.0,
        1.0
      ],
      "dimensions": [
        1.545169711112976,
        0.8977658152580261,
        2.0621566772460938
      ],
      "evaluated_triangles": 2095,
      "material_slots": 1,
      "uv_layers": 1,
      "skin_checks": {
        "unweighted": 0,
        "excess_influences": 0,
        "unnormalized": 0
      }
    }
  ],
  "errors": [],
  "warnings": [],
  "not_checked": [
    "appearance",
    "deformation across all clips",
    "UV overlap appropriateness",
    "normal-map convention",
    "Unreal import",
    "LOD silhouette",
    "gameplay readability"
  ]
}
{
  "status": "sampled_motion_invariants_passed",
  "unit_id": "wc_u_dragonkin_guardian",
  "blender_version": "5.1.1",
  "sampling": "actual deformed mesh every 3 frames at 60fps",
  "clips": [
    {
      "clip": "Idle",
      "samples": 41,
      "minimum_support_sole_z_m": 0.0020798975601792336,
      "maximum_support_sole_z_m": 0.0020798975601792336,
      "max_root_translation_m": 0,
      "max_pose_scale_error": 0
    },
    {
      "clip": "Move",
      "samples": 21,
      "minimum_support_sole_z_m": 0.0020799103658646345,
      "maximum_support_sole_z_m": 0.0020799990743398666,
      "max_root_translation_m": 0,
      "max_pose_scale_error": 0
    },
    {
      "clip": "Attack",
      "samples": 14,
      "minimum_support_sole_z_m": 0.0020798975601792336,
      "maximum_support_sole_z_m": 0.0020798975601792336,
      "max_root_translation_m": 0,
      "max_pose_scale_error": 0
    },
    {
      "clip": "Active",
      "samples": 14,
      "minimum_support_sole_z_m": 0.0020798975601792336,
      "maximum_support_sole_z_m": 0.0020798975601792336,
      "max_root_translation_m": 0,
      "max_pose_scale_error": 0
    },
    {
      "clip": "Hit",
      "samples": 9,
      "minimum_support_sole_z_m": 0.0020798975601792336,
      "maximum_support_sole_z_m": 0.0020799802150577307,
      "max_root_translation_m": 0,
      "max_pose_scale_error": 0
    },
    {
      "clip": "Defeat",
      "samples": 21,
      "minimum_support_sole_z_m": 0.0020798922050744295,
      "maximum_support_sole_z_m": 0.0020800309721380472,
      "max_root_translation_m": 0,
      "max_pose_scale_error": 0
    },
    {
      "clip": "Victory",
      "samples": 31,
      "minimum_support_sole_z_m": 0.0020798975601792336,
      "maximum_support_sole_z_m": 0.0020798975601792336,
      "max_root_translation_m": 0,
      "max_pose_scale_error": 0
    }
  ],
  "errors": [],
  "not_checked": [
    "continuous visual quality",
    "weapon/costume clipping",
    "semantic gesture review",
    "Unreal retarget/import",
    "runtime move-speed synchronization"
  ]
}
FBX version: 7400
FBX version: 7400
FBX version: 7400
WC_NEW_HERO_READBACK_PASS {"status": "PASS_SAVED_SOURCE_SKIN_MOTION_AND_MESH_FBX_READBACK", "unit_id": "wc_u_dragonkin_guardian", "source_sha256": "595788dd19cf4d35b53565189a31c147ebb5c6e0b390838ee6e32fbf3bc3439a", "manifest_sha256": "071ad17af86682d707b404f441a6068331b48afdffd8ebc9d7bef17947cc48a1", "source_revision": 3, "geometry_revision": 3, "animation_revision": 3, "blender_version": "5.1.1", "files_verified": 14, "source_clips_verified": 7, "mesh_fbx_readbacks": [{"mesh_suffix": "", "dimensions_m": [1.8450846076011658, 0.6291648745536804, 2.0737599949352443], "triangles": 8474, "bones": 27, "materials": 1, "uv_layers": 1, "weighted_vertices": 4635}, {"mesh_suffix": "_LOD1", "dimensions_m": [1.8450846076011658, 0.6292145550251007, 2.0744711975567043], "triangles": 4234, "bones": 27, "materials": 1, "uv_layers": 1, "weighted_vertices": 2378}, {"mesh_suffix": "_LOD2", "dimensions_m": [1.8493947982788086, 0.6293624937534332, 2.074636630830355], "triangles": 2095, "bones": 27, "materials": 1, "uv_layers": 1, "weighted_vertices": 1278}], "animation_fbx_import_verified": false, "Unreal_import_verified": false, "final_art_accepted": false}
00:03.781  blend            | Read blend: "C:\Users\iputu\Documents\Wonder Chess\reports\WC-U440\20260906T165532Z\dragonkin\sora\before-source\wc_u_dragonkin_guardian.blend"
00:05.984  blend            | Read blend: "C:\Users\iputu\Documents\Wonder Chess\art-source\heroes\wc_u_dragonkin_guardian\wc_u_dragonkin_guardian.blend"
00:09.609  blend            | Read blend: "C:\Users\iputu\Documents\Wonder Chess\art-source\heroes\wc_u_dragonkin_guardian\wc_u_dragonkin_guardian.blend"
00:10.594  render           | Saved: 'C:\Users\iputu\Documents\Wonder Chess\reports\WC-U440\20260906T165532Z\dragonkin\sora-readback\silhouette96-front.png'
00:10.625  render           | Saved: 'C:\Users\iputu\Documents\Wonder Chess\reports\WC-U440\20260906T165532Z\dragonkin\sora-readback\silhouette96-game-angle.png'
FBX version: 7400
FBX version: 7400
FBX version: 7400
FBX version: 7400
FBX version: 7400
FBX version: 7400
FBX version: 7400
WC_DRAGONKIN_READBACK {"status": "PASS_ACTUAL_BLENDER_FBX_AND_VIDEO_READBACK", "unit_id": "wc_u_dragonkin_guardian", "source_revision": 3, "source_sha256": "595788dd19cf4d35b53565189a31c147ebb5c6e0b390838ee6e32fbf3bc3439a", "export_manifest_sha256": "071ad17af86682d707b404f441a6068331b48afdffd8ebc9d7bef17947cc48a1", "blender_version": "5.1.1", "recorded_frames": 439, "recorded_seconds": 7.316666666666666, "rig_revision": "WC_humanoid_draconic_v1", "source_modified": false, "Unreal_import_verified": false, "continuous_visual_approval": false, "finished_art_accepted": false, "silhouettes": [{"view": "front", "path": "C:\\Users\\iputu\\Documents\\Wonder Chess\\reports\\WC-U440\\20260906T165532Z\\dragonkin\\sora-readback\\silhouette96-front.png", "sha256": "b1a356b313153293cc5a7ecec7f6438e9f6d969b22efbdccb9700a9ed06ada02", "dark_pixels": 1394, "light_pixels": 7540}, {"view": "game-angle", "path": "C:\\Users\\iputu\\Documents\\Wonder Chess\\reports\\WC-U440\\20260906T165532Z\\dragonkin\\sora-readback\\silhouette96-game-angle.png", "sha256": "54a2b4fd93ee103b4c9e560aea16337c0ebcac6ec95f97cad91918e47c136ae3", "dark_pixels": 1120, "light_pixels": 7859}], "semantic_geometry": {"active_release_frame": 22, "shield_front_normal_at_release": [-1.3411046495548362e-07, 0.9135456085205078, 0.406736820936203], "shield_upward_tilt_verified": true, "continuous_gesture_quality_approved": false}, "preserved": {"status": "PASS_REST_AND_SIX_ACTIONS_UNCHANGED", "before_source_sha256": "9145e4a216cff3f58c218c1e7eb2474d3bdcb1c23cb33886c0e4cb2db4097e46", "rest_skeleton_sha256": "a7848306b750c25e057079cf57f1665377a3ee583671f3869582ca6204269525", "changed_actions": ["Active"]}, "verification_script_sha256": "085547de6d561ab387d306010ec6ea7333568002c00900faa6a41a1103f898aa"}
Blender 5.1.1 (hash b70da489d7f4 built 2026-04-14 01:37:22)

Blender quit
