00:11.250  render           | Saved: 'C:\Users\iputu\Documents\Wonder Chess\exports\neutrals\wc_n_thorn\portrait.png'
00:13.047  render           | Saved: 'C:\Users\iputu\Documents\Wonder Chess\reports\WC-U440\20260906T133400Z\neutrals\wc_n_thorn\front.png'
00:14.828  render           | Saved: 'C:\Users\iputu\Documents\Wonder Chess\reports\WC-U440\20260906T133400Z\neutrals\wc_n_thorn\side.png'
00:16.469  render           | Saved: 'C:\Users\iputu\Documents\Wonder Chess\reports\WC-U440\20260906T133400Z\neutrals\wc_n_thorn\back.png'
00:17.453  render           | Video append frame 1
00:17.484  render           | Video append frame 2
00:17.516  render           | Video append frame 3
00:17.531  render           | Video append frame 4
00:17.547  render           | Video append frame 5
00:17.578  render           | Video append frame 6
00:17.609  render           | Video append frame 7
00:17.625  render           | Video append frame 8
00:17.641  render           | Video append frame 9
00:17.672  render           | Video append frame 10
00:17.687  render           | Video append frame 11
00:17.703  render           | Video append frame 12
00:17.734  render           | Video append frame 13
00:17.766  render           | Video append frame 14
00:17.781  render           | Video append frame 15
00:17.797  render           | Video append frame 16
00:17.828  render           | Video append frame 17
00:17.844  render           | Video append frame 18
00:17.875  render           | Video append frame 19
00:17.891  render           | Video append frame 20
00:17.906  render           | Video append frame 21
00:17.937  render           | Video append frame 22
00:17.953  render           | Video append frame 23
00:17.969  render           | Video append frame 24
00:18.000  render           | Video append frame 25
00:18.016  render           | Video append frame 26
00:18.031  render           | Video append frame 27
00:18.062  render           | Video append frame 28
00:18.078  render           | Video append frame 29
00:18.094  render           | Video append frame 30
00:18.125  render           | Video append frame 31
00:18.141  render           | Video append frame 32
00:18.172  render           | Video append frame 33
00:18.187  render           | Video append frame 34
00:18.219  render           | Video append frame 35
00:18.234  render           | Video append frame 36
00:18.250  render           | Video append frame 37
00:18.281  render           | Video append frame 38
00:18.297  render           | Video append frame 39
00:18.312  render           | Video append frame 40
00:18.344  render           | Video append frame 41
00:18.359  render           | Video append frame 42
00:18.375  render           | Video append frame 43
00:18.391  render           | Video append frame 44
00:18.406  render           | Video append frame 45
00:18.437  render           | Video append frame 46
00:18.453  render           | Video append frame 47
00:18.469  render           | Video append frame 48
00:18.500  render           | Video append frame 49
00:18.516  render           | Video append frame 50
00:18.531  render           | Video append frame 51
00:18.547  render           | Video append frame 52
00:18.562  render           | Video append frame 53
00:18.594  render           | Video append frame 54
00:18.609  render           | Video append frame 55
00:18.625  render           | Video append frame 56
00:18.641  render           | Video append frame 57
00:18.656  render           | Video append frame 58
00:18.687  render           | Video append frame 59
00:18.703  render           | Video append frame 60
00:18.719  render           | Video append frame 61
00:18.734  render           | Video append frame 62
00:18.766  render           | Video append frame 63
00:18.781  render           | Video append frame 64
00:18.797  render           | Video append frame 65
00:18.812  render           | Video append frame 66
00:18.828  render           | Video append frame 67
00:18.844  render           | Video append frame 68
00:18.875  render           | Video append frame 69
00:18.891  render           | Video append frame 70
00:18.906  render           | Video append frame 71
00:18.922  render           | Video append frame 72
00:18.937  render           | Video append frame 73
00:18.969  render           | Video append frame 74
00:18.984  render           | Video append frame 75
00:19.000  render           | Video append frame 76
00:19.016  render           | Video append frame 77
00:19.031  render           | Video append frame 78
00:19.047  render           | Video append frame 79
00:19.078  render           | Video append frame 80
00:19.094  render           | Video append frame 81
00:19.125  render           | Video append frame 82
00:19.141  render           | Video append frame 83
00:19.156  render           | Video append frame 84
00:19.187  render           | Video append frame 85
00:19.203  render           | Video append frame 86
00:19.219  render           | Video append frame 87
00:19.250  render           | Video append frame 88
00:19.266  render           | Video append frame 89
00:19.281  render           | Video append frame 90
00:19.297  render           | Video append frame 91
00:19.328  render           | Video append frame 92
00:19.344  render           | Video append frame 93
00:19.359  render           | Video append frame 94
00:19.375  render           | Video append frame 95
00:19.391  render           | Video append frame 96
00:19.422  render           | Video append frame 97
00:19.437  render           | Video append frame 98
00:19.453  render           | Video append frame 99
00:19.469  render           | Video append frame 100
00:19.500  render           | Video append frame 101
00:19.516  render           | Video append frame 102
00:19.531  render           | Video append frame 103
00:19.562  render           | Video append frame 104
00:19.578  render           | Video append frame 105
00:19.609  render           | Video append frame 106
00:19.625  render           | Video append frame 107
00:19.641  render           | Video append frame 108
00:19.656  render           | Video append frame 109
00:19.672  render           | Video append frame 110
00:19.703  render           | Video append frame 111
00:19.719  render           | Video append frame 112
00:19.734  render           | Video append frame 113
00:19.750  render           | Video append frame 114
00:19.766  render           | Video append frame 115
00:19.781  render           | Video append frame 116
00:19.812  render           | Video append frame 117
00:19.828  render           | Video append frame 118
00:19.844  render           | Video append frame 119
00:19.859  render           | Video append frame 120
00:19.875  render           | Video append frame 121
00:19.922  render           | Video append frame 1
00:19.937  render           | Video append frame 2
00:19.953  render           | Video append frame 3
00:19.984  render           | Video append frame 4
00:20.000  render           | Video append frame 5
00:20.016  render           | Video append frame 6
00:20.047  render           | Video append frame 7
00:20.062  render           | Video append frame 8
00:20.078  render           | Video append frame 9
00:20.094  render           | Video append frame 10
00:20.125  render           | Video append frame 11
00:20.141  render           | Video append frame 12
00:20.156  render           | Video append frame 13
00:20.187  render           | Video append frame 14
00:20.203  render           | Video append frame 15
00:20.219  render           | Video append frame 16
00:20.234  render           | Video append frame 17
00:20.266  render           | Video append frame 18
00:20.281  render           | Video append frame 19
00:20.469  render           | Video append frame 20
00:20.484  render           | Video append frame 21
00:20.500  render           | Video append frame 22
00:20.531  render           | Video append frame 23
00:20.547  render           | Video append frame 24
00:20.562  render           | Video append frame 25
00:20.578  render           | Video append frame 26
00:20.594  render           | Video append frame 27
00:20.609  render           | Video append frame 28
00:20.641  render           | Video append frame 29
00:20.656  render           | Video append frame 30
00:20.672  render           | Video append frame 31
00:20.687  render           | Video append frame 32
00:20.703  render           | Video append frame 33
00:20.719  render           | Video append frame 34
00:20.750  render           | Video append frame 35
00:20.766  render           | Video append frame 36
00:20.797  render           | Video append frame 37
00:20.812  render           | Video append frame 38
00:20.828  render           | Video append frame 39
00:20.844  render           | Video append frame 40
00:20.859  render           | Video append frame 41
00:20.891  render           | Video append frame 42
00:20.906  render           | Video append frame 43
00:20.922  render           | Video append frame 44
00:20.953  render           | Video append frame 45
00:20.969  render           | Video append frame 46
00:20.984  render           | Video append frame 47
00:21.016  render           | Video append frame 48
00:21.031  render           | Video append frame 49
00:21.047  render           | Video append frame 50
00:21.062  render           | Video append frame 51
00:21.094  render           | Video append frame 52
00:21.109  render           | Video append frame 53
00:21.125  render           | Video append frame 54
00:21.156  render           | Video append frame 55
00:21.172  render           | Video append frame 56
00:21.187  render           | Video append frame 57
00:21.219  render           | Video append frame 58
00:21.234  render           | Video append frame 59
00:21.250  render           | Video append frame 60
00:21.266  render           | Video append frame 61
00:21.312  render           | Video append frame 1
00:21.328  render           | Video append frame 2
00:21.344  render           | Video append frame 3
00:21.359  render           | Video append frame 4
00:21.375  render           | Video append frame 5
00:21.406  render           | Video append frame 6
00:21.422  render           | Video append frame 7
00:21.437  render           | Video append frame 8
00:21.469  render           | Video append frame 9
00:21.484  render           | Video append frame 10
00:21.500  render           | Video append frame 11
00:21.531  render           | Video append frame 12
00:21.547  render           | Video append frame 13
00:21.562  render           | Video append frame 14
00:21.578  render           | Video append frame 15
00:21.609  render           | Video append frame 16
00:21.625  render           | Video append frame 17
00:21.641  render           | Video append frame 18
00:21.672  render           | Video append frame 19
00:21.687  render           | Video append frame 20
00:21.703  render           | Video append frame 21
00:21.719  render           | Video append frame 22
00:21.750  render           | Video append frame 23
00:21.766  render           | Video append frame 24
00:21.781  render           | Video append frame 25
00:21.797  render           | Video append frame 26
00:21.812  render           | Video append frame 27
00:21.844  render           | Video append frame 28
00:21.859  render           | Video append frame 29
00:21.875  render           | Video append frame 30
00:21.891  render           | Video append frame 31
00:21.906  render           | Video append frame 32
00:21.937  render           | Video append frame 33
00:21.969  render           | Video append frame 34
00:21.984  render           | Video append frame 35
00:22.016  render           | Video append frame 36
00:22.031  render           | Video append frame 37
00:22.062  render           | Video append frame 38
00:22.078  render           | Video append frame 39
00:22.109  render           | Video append frame 40
00:22.125  render           | Video append frame 41
00:22.141  render           | Video append frame 42
00:22.156  render           | Video append frame 43
00:22.172  render           | Video append frame 44
00:22.203  render           | Video append frame 45
00:22.219  render           | Video append frame 46
00:22.250  render           | Video append frame 1
00:22.266  render           | Video append frame 2
00:22.297  render           | Video append frame 3
00:22.312  render           | Video append frame 4
00:22.328  render           | Video append frame 5
00:22.344  render           | Video append frame 6
00:22.359  render           | Video append frame 7
00:22.375  render           | Video append frame 8
00:22.406  render           | Video append frame 9
00:22.422  render           | Video append frame 10
00:22.453  render           | Video append frame 11
00:22.469  render           | Video append frame 12
00:22.484  render           | Video append frame 13
00:22.500  render           | Video append frame 14
00:22.531  render           | Video append frame 15
00:22.547  render           | Video append frame 16
00:22.562  render           | Video append frame 17
00:22.594  render           | Video append frame 18
00:22.609  render           | Video append frame 19
00:22.625  render           | Video append frame 20
00:22.641  render           | Video append frame 21
00:22.656  render           | Video append frame 22
00:22.687  render           | Video append frame 23
00:22.703  render           | Video append frame 24
00:22.719  render           | Video append frame 25
00:22.766  render           | Video append frame 1
00:22.781  render           | Video append frame 2
00:22.797  render           | Video append frame 3
00:22.812  render           | Video append frame 4
00:22.828  render           | Video append frame 5
00:22.859  render           | Video append frame 6
00:22.875  render           | Video append frame 7
00:22.891  render           | Video append frame 8
00:22.906  render           | Video append frame 9
00:22.937  render           | Video append frame 10
00:22.953  render           | Video append frame 11
00:22.969  render           | Video append frame 12
00:22.984  render           | Video append frame 13
00:23.000  render           | Video append frame 14
00:23.016  render           | Video append frame 15
00:23.047  render           | Video append frame 16
00:23.062  render           | Video append frame 17
00:23.078  render           | Video append frame 18
00:23.094  render           | Video append frame 19
00:23.125  render           | Video append frame 20
00:23.141  render           | Video append frame 21
00:23.156  render           | Video append frame 22
00:23.172  render           | Video append frame 23
00:23.203  render           | Video append frame 24
00:23.219  render           | Video append frame 25
00:23.234  render           | Video append frame 26
00:23.250  render           | Video append frame 27
00:23.266  render           | Video append frame 28
00:23.281  render           | Video append frame 29
00:23.297  render           | Video append frame 30
00:23.328  render           | Video append frame 31
00:23.344  render           | Video append frame 32
00:23.375  render           | Video append frame 33
00:23.391  render           | Video append frame 34
00:23.406  render           | Video append frame 35
00:23.422  render           | Video append frame 36
00:23.437  render           | Video append frame 37
00:23.453  render           | Video append frame 38
00:23.484  render           | Video append frame 39
00:23.500  render           | Video append frame 40
00:23.531  render           | Video append frame 41
00:23.562  render           | Video append frame 42
00:23.578  render           | Video append frame 43
00:23.594  render           | Video append frame 44
00:23.625  render           | Video append frame 45
00:23.641  render           | Video append frame 46
00:23.656  render           | Video append frame 47
00:23.672  render           | Video append frame 48
00:23.703  render           | Video append frame 49
00:23.719  render           | Video append frame 50
00:23.750  render           | Video append frame 51
00:23.766  render           | Video append frame 52
00:23.781  render           | Video append frame 53
00:23.812  render           | Video append frame 54
00:23.828  render           | Video append frame 55
00:23.844  render           | Video append frame 56
00:23.875  render           | Video append frame 57
00:23.891  render           | Video append frame 58
00:23.906  render           | Video append frame 59
00:23.937  render           | Video append frame 60
00:23.953  render           | Video append frame 61

FBX export starting... 'C:\\Users\\iputu\\Documents\\Wonder Chess\\exports\\neutrals\\wc_n_thorn\\SK_wc_n_thorn.fbx'
(bpy.data.armatures['WC_NeutralMechanical_v1.001'], 'POSE')
export finished in 0.0296 sec.
Info: Applied modifier was not first, result may not be as expected

FBX export starting... 'C:\\Users\\iputu\\Documents\\Wonder Chess\\exports\\neutrals\\wc_n_thorn\\SK_wc_n_thorn_LOD1.fbx'
(bpy.data.armatures['WC_NeutralMechanical_v1.001'], 'POSE')
export finished in 0.0229 sec.
Info: Applied modifier was not first, result may not be as expected

FBX export starting... 'C:\\Users\\iputu\\Documents\\Wonder Chess\\exports\\neutrals\\wc_n_thorn\\SK_wc_n_thorn_LOD2.fbx'
(bpy.data.armatures['WC_NeutralMechanical_v1.001'], 'POSE')
export finished in 0.0236 sec.

FBX export starting... 'C:\\Users\\iputu\\Documents\\Wonder Chess\\exports\\neutrals\\wc_n_thorn\\AN_wc_n_thorn_Idle.fbx'
export finished in 0.0883 sec.

FBX export starting... 'C:\\Users\\iputu\\Documents\\Wonder Chess\\exports\\neutrals\\wc_n_thorn\\AN_wc_n_thorn_Move.fbx'
export finished in 0.0627 sec.

FBX export starting... 'C:\\Users\\iputu\\Documents\\Wonder Chess\\exports\\neutrals\\wc_n_thorn\\AN_wc_n_thorn_Attack.fbx'
export finished in 0.0511 sec.

FBX export starting... 'C:\\Users\\iputu\\Documents\\Wonder Chess\\exports\\neutrals\\wc_n_thorn\\AN_wc_n_thorn_Hit.fbx'
export finished in 0.0380 sec.

FBX export starting... 'C:\\Users\\iputu\\Documents\\Wonder Chess\\exports\\neutrals\\wc_n_thorn\\AN_wc_n_thorn_Defeat.fbx'
export finished in 0.0579 sec.
Info: Saved as "wc_n_thorn.blend"
{
  "status": "structural_checks_passed_visual_review_required",
  "blender_version": "5.1.1",
  "collection": "EXPORT",
  "evaluated_triangle_total": 2068,
  "objects": [
    {
      "name": "Armature",
      "type": "ARMATURE",
      "scale": [
        1.0,
        1.0,
        1.0
      ],
      "dimensions": [
        0.6000000238418579,
        0.9300000071525574,
        1.409999966621399
      ],
      "roots": [
        "root"
      ],
      "deform_bones": 12
    },
    {
      "name": "SK_wc_n_thorn",
      "type": "MESH",
      "scale": [
        1.0,
        1.0,
        1.0
      ],
      "dimensions": [
        1.1211010217666626,
        1.1324639320373535,
        1.3771885633468628
      ],
      "evaluated_triangles": 2068,
      "material_slots": 1,
      "uv_layers": 1,
      "skin_checks": {
        "unweighted": 0,
        "excess_influences": 0,
        "unnormalized": 0
      }
    }
  ],
  "errors": [],
  "warnings": [],
  "not_checked": [
    "appearance",
    "deformation across all clips",
    "UV overlap appropriateness",
    "normal-map convention",
    "Unreal import",
    "LOD silhouette",
    "gameplay readability"
  ]
}
WC_NEUTRAL_AUTHORED wc_n_thorn {"triangles": 2068, "clips": 5, "report": "C:\\Users\\iputu\\Documents\\Wonder Chess\\reports\\WC-U440\\20260906T133400Z\\neutrals\\wc_n_thorn"}
Blender 5.1.1 (hash b70da489d7f4 built 2026-04-14 01:37:22)

Blender quit
