00:02.391  blend            | Read blend: "C:\Users\iputu\Documents\Wonder Chess\art-source\heroes\wc_u_human_guardian\wc_u_human_guardian.blend"
00:05.985  render           | Saved: 'C:\Users\iputu\Documents\Wonder Chess\reports\WC-330\animation-refinement\wc_u_human_guardian\Idle_portrait.png'
00:08.282  render           | Saved: 'C:\Users\iputu\Documents\Wonder Chess\reports\WC-330\animation-refinement\wc_u_human_guardian\Idle_game_angle.png'
00:10.500  render           | Saved: 'C:\Users\iputu\Documents\Wonder Chess\reports\WC-330\animation-refinement\wc_u_human_guardian\Hit_portrait.png'
00:12.766  render           | Saved: 'C:\Users\iputu\Documents\Wonder Chess\reports\WC-330\animation-refinement\wc_u_human_guardian\Hit_game_angle.png'
00:15.157  render           | Saved: 'C:\Users\iputu\Documents\Wonder Chess\reports\WC-330\animation-refinement\wc_u_human_guardian\Defeat_portrait.png'
00:17.563  render           | Saved: 'C:\Users\iputu\Documents\Wonder Chess\reports\WC-330\animation-refinement\wc_u_human_guardian\Defeat_game_angle.png'

FBX export starting... 'C:\\Users\\iputu\\Documents\\Wonder Chess\\exports\\calibration\\animation-refinement-trial\\wc_u_human_guardian\\AN_wc_u_human_guardian_Hit.fbx'
export finished in 0.0547 sec.

FBX export starting... 'C:\\Users\\iputu\\Documents\\Wonder Chess\\exports\\calibration\\animation-refinement-trial\\wc_u_human_guardian\\AN_wc_u_human_guardian_Defeat.fbx'
export finished in 0.0956 sec.
{
  "status": "sampled_motion_invariants_passed",
  "unit_id": "wc_u_human_guardian",
  "blender_version": "5.1.1",
  "sampling": "actual deformed mesh every 3 frames at 60fps",
  "clips": [
    {
      "clip": "Idle",
      "samples": 41,
      "minimum_support_sole_z_m": 0.016380002722144127,
      "maximum_support_sole_z_m": 0.016380002722144127,
      "max_root_translation_m": 0,
      "max_pose_scale_error": 1.7881393432617188e-07
    },
    {
      "clip": "Move",
      "samples": 21,
      "minimum_support_sole_z_m": 0.003758801147341728,
      "maximum_support_sole_z_m": 0.016380075365304947,
      "max_root_translation_m": 0,
      "max_pose_scale_error": 1.7881393432617188e-07
    },
    {
      "clip": "Attack",
      "samples": 14,
      "minimum_support_sole_z_m": 0.016380002722144127,
      "maximum_support_sole_z_m": 0.016380002722144127,
      "max_root_translation_m": 0,
      "max_pose_scale_error": 1.7881393432617188e-07
    },
    {
      "clip": "Active",
      "samples": 13,
      "minimum_support_sole_z_m": 0.016380002722144127,
      "maximum_support_sole_z_m": 0.016380002722144127,
      "max_root_translation_m": 0,
      "max_pose_scale_error": 1.7881393432617188e-07
    },
    {
      "clip": "Hit",
      "samples": 9,
      "minimum_support_sole_z_m": 0.016380002722144127,
      "maximum_support_sole_z_m": 0.016380002722144127,
      "max_root_translation_m": 0,
      "max_pose_scale_error": 1.7881393432617188e-07
    },
    {
      "clip": "Defeat",
      "samples": 21,
      "minimum_support_sole_z_m": 0.016380151733756065,
      "maximum_support_sole_z_m": 0.01638026162981987,
      "max_root_translation_m": 0,
      "max_pose_scale_error": 1.7881393432617188e-07
    },
    {
      "clip": "Victory",
      "samples": 31,
      "minimum_support_sole_z_m": 0.016380002722144127,
      "maximum_support_sole_z_m": 0.016380002722144127,
      "max_root_translation_m": 0,
      "max_pose_scale_error": 1.7881393432617188e-07
    }
  ],
  "errors": [],
  "not_checked": [
    "continuous visual quality",
    "weapon/costume clipping",
    "semantic gesture review",
    "Unreal retarget/import",
    "runtime move-speed synchronization"
  ]
}
Info: Saved as "animation-refinement6.blend"
WC_ANIMATION_REFINEMENT_COMPLETE wc_u_human_guardian
00:17.813  blend            | Read blend: "C:\Users\iputu\Documents\Wonder Chess\art-source\heroes\wc_u_human_mage\wc_u_human_mage.blend"
00:21.282  render           | Saved: 'C:\Users\iputu\Documents\Wonder Chess\reports\WC-330\animation-refinement\wc_u_human_mage\Idle_portrait.png'
00:23.641  render           | Saved: 'C:\Users\iputu\Documents\Wonder Chess\reports\WC-330\animation-refinement\wc_u_human_mage\Idle_game_angle.png'
00:25.813  render           | Saved: 'C:\Users\iputu\Documents\Wonder Chess\reports\WC-330\animation-refinement\wc_u_human_mage\Hit_portrait.png'
00:28.172  render           | Saved: 'C:\Users\iputu\Documents\Wonder Chess\reports\WC-330\animation-refinement\wc_u_human_mage\Hit_game_angle.png'
00:30.454  render           | Saved: 'C:\Users\iputu\Documents\Wonder Chess\reports\WC-330\animation-refinement\wc_u_human_mage\Defeat_portrait.png'
00:32.657  render           | Saved: 'C:\Users\iputu\Documents\Wonder Chess\reports\WC-330\animation-refinement\wc_u_human_mage\Defeat_game_angle.png'
00:34.860  render           | Saved: 'C:\Users\iputu\Documents\Wonder Chess\reports\WC-330\animation-refinement\wc_u_human_mage\Active_portrait.png'
00:38.235  render           | Saved: 'C:\Users\iputu\Documents\Wonder Chess\reports\WC-330\animation-refinement\wc_u_human_mage\Active_game_angle.png'
00:43.969  render           | Saved: 'C:\Users\iputu\Documents\Wonder Chess\reports\WC-330\animation-refinement\wc_u_human_mage\Victory_portrait.png'
00:46.516  render           | Saved: 'C:\Users\iputu\Documents\Wonder Chess\reports\WC-330\animation-refinement\wc_u_human_mage\Victory_game_angle.png'

FBX export starting... 'C:\\Users\\iputu\\Documents\\Wonder Chess\\exports\\calibration\\animation-refinement-trial\\wc_u_human_mage\\AN_wc_u_human_mage_Active.fbx'
export finished in 0.0931 sec.

FBX export starting... 'C:\\Users\\iputu\\Documents\\Wonder Chess\\exports\\calibration\\animation-refinement-trial\\wc_u_human_mage\\AN_wc_u_human_mage_Hit.fbx'
export finished in 0.0664 sec.

FBX export starting... 'C:\\Users\\iputu\\Documents\\Wonder Chess\\exports\\calibration\\animation-refinement-trial\\wc_u_human_mage\\AN_wc_u_human_mage_Defeat.fbx'
export finished in 0.1064 sec.

FBX export starting... 'C:\\Users\\iputu\\Documents\\Wonder Chess\\exports\\calibration\\animation-refinement-trial\\wc_u_human_mage\\AN_wc_u_human_mage_Victory.fbx'
export finished in 0.1253 sec.
{
  "status": "sampled_motion_invariants_passed",
  "unit_id": "wc_u_human_mage",
  "blender_version": "5.1.1",
  "sampling": "actual deformed mesh every 3 frames at 60fps",
  "clips": [
    {
      "clip": "Idle",
      "samples": 41,
      "minimum_support_sole_z_m": 0.016019994392991066,
      "maximum_support_sole_z_m": 0.016019994392991066,
      "max_root_translation_m": 0,
      "max_pose_scale_error": 0
    },
    {
      "clip": "Move",
      "samples": 21,
      "minimum_support_sole_z_m": 0.00367613323032856,
      "maximum_support_sole_z_m": 0.016019994392991066,
      "max_root_translation_m": 0,
      "max_pose_scale_error": 0
    },
    {
      "clip": "Attack",
      "samples": 15,
      "minimum_support_sole_z_m": 0.016019994392991066,
      "maximum_support_sole_z_m": 0.016019994392991066,
      "max_root_translation_m": 0,
      "max_pose_scale_error": 0
    },
    {
      "clip": "Active",
      "samples": 16,
      "minimum_support_sole_z_m": 0.016019994392991066,
      "maximum_support_sole_z_m": 0.016019994392991066,
      "max_root_translation_m": 0,
      "max_pose_scale_error": 0
    },
    {
      "clip": "Hit",
      "samples": 9,
      "minimum_support_sole_z_m": 0.016019994392991066,
      "maximum_support_sole_z_m": 0.016019994392991066,
      "max_root_translation_m": 0,
      "max_pose_scale_error": 0
    },
    {
      "clip": "Defeat",
      "samples": 21,
      "minimum_support_sole_z_m": 0.016019858419895172,
      "maximum_support_sole_z_m": 0.0160200297832489,
      "max_root_translation_m": 0,
      "max_pose_scale_error": 0
    },
    {
      "clip": "Victory",
      "samples": 31,
      "minimum_support_sole_z_m": 0.016019994392991066,
      "maximum_support_sole_z_m": 0.016019994392991066,
      "max_root_translation_m": 0,
      "max_pose_scale_error": 0
    }
  ],
  "errors": [],
  "not_checked": [
    "continuous visual quality",
    "weapon/costume clipping",
    "semantic gesture review",
    "Unreal retarget/import",
    "runtime move-speed synchronization"
  ]
}
Info: Saved as "animation-refinement6.blend"
WC_ANIMATION_REFINEMENT_COMPLETE wc_u_human_mage
Blender 5.1.1 (hash b70da489d7f4 built 2026-04-14 01:37:22)

Blender quit
