00:02.719  blend            | Read blend: "C:\Users\iputu\Documents\Wonder Chess\art-source\heroes\wc_u_human_mage\wc_u_human_mage.blend"
00:06.860  render           | Saved: 'C:\Users\iputu\Documents\Wonder Chess\reports\WC-330\animation-refinement\wc_u_human_mage\Idle_portrait.png'
00:09.110  render           | Saved: 'C:\Users\iputu\Documents\Wonder Chess\reports\WC-330\animation-refinement\wc_u_human_mage\Idle_game_angle.png'
00:11.500  render           | Saved: 'C:\Users\iputu\Documents\Wonder Chess\reports\WC-330\animation-refinement\wc_u_human_mage\Hit_portrait.png'
00:13.797  render           | Saved: 'C:\Users\iputu\Documents\Wonder Chess\reports\WC-330\animation-refinement\wc_u_human_mage\Hit_game_angle.png'
00:16.079  render           | Saved: 'C:\Users\iputu\Documents\Wonder Chess\reports\WC-330\animation-refinement\wc_u_human_mage\Defeat_portrait.png'
00:18.641  render           | Saved: 'C:\Users\iputu\Documents\Wonder Chess\reports\WC-330\animation-refinement\wc_u_human_mage\Defeat_game_angle.png'
00:21.047  render           | Saved: 'C:\Users\iputu\Documents\Wonder Chess\reports\WC-330\animation-refinement\wc_u_human_mage\Active_portrait.png'
00:23.438  render           | Saved: 'C:\Users\iputu\Documents\Wonder Chess\reports\WC-330\animation-refinement\wc_u_human_mage\Active_game_angle.png'
00:25.985  render           | Saved: 'C:\Users\iputu\Documents\Wonder Chess\reports\WC-330\animation-refinement\wc_u_human_mage\Victory_portrait.png'
00:28.454  render           | Saved: 'C:\Users\iputu\Documents\Wonder Chess\reports\WC-330\animation-refinement\wc_u_human_mage\Victory_game_angle.png'

FBX export starting... 'C:\\Users\\iputu\\Documents\\Wonder Chess\\exports\\calibration\\animation-refinement-trial\\wc_u_human_mage\\AN_wc_u_human_mage_Active.fbx'
export finished in 0.0986 sec.

FBX export starting... 'C:\\Users\\iputu\\Documents\\Wonder Chess\\exports\\calibration\\animation-refinement-trial\\wc_u_human_mage\\AN_wc_u_human_mage_Hit.fbx'
export finished in 0.0639 sec.

FBX export starting... 'C:\\Users\\iputu\\Documents\\Wonder Chess\\exports\\calibration\\animation-refinement-trial\\wc_u_human_mage\\AN_wc_u_human_mage_Defeat.fbx'
export finished in 0.0947 sec.

FBX export starting... 'C:\\Users\\iputu\\Documents\\Wonder Chess\\exports\\calibration\\animation-refinement-trial\\wc_u_human_mage\\AN_wc_u_human_mage_Victory.fbx'
export finished in 0.1479 sec.
{
  "status": "sampled_motion_invariants_passed",
  "unit_id": "wc_u_human_mage",
  "blender_version": "5.1.1",
  "sampling": "actual deformed mesh every 3 frames at 60fps",
  "clips": [
    {
      "clip": "Idle",
      "samples": 41,
      "minimum_support_sole_z_m": 0.016019994392991066,
      "maximum_support_sole_z_m": 0.016019994392991066,
      "max_root_translation_m": 0,
      "max_pose_scale_error": 0
    },
    {
      "clip": "Move",
      "samples": 21,
      "minimum_support_sole_z_m": 0.00367613323032856,
      "maximum_support_sole_z_m": 0.016019994392991066,
      "max_root_translation_m": 0,
      "max_pose_scale_error": 0
    },
    {
      "clip": "Attack",
      "samples": 15,
      "minimum_support_sole_z_m": 0.016019994392991066,
      "maximum_support_sole_z_m": 0.016019994392991066,
      "max_root_translation_m": 0,
      "max_pose_scale_error": 0
    },
    {
      "clip": "Active",
      "samples": 16,
      "minimum_support_sole_z_m": 0.016019994392991066,
      "maximum_support_sole_z_m": 0.016019994392991066,
      "max_root_translation_m": 0,
      "max_pose_scale_error": 0
    },
    {
      "clip": "Hit",
      "samples": 9,
      "minimum_support_sole_z_m": 0.016019994392991066,
      "maximum_support_sole_z_m": 0.016019994392991066,
      "max_root_translation_m": 0,
      "max_pose_scale_error": 0
    },
    {
      "clip": "Defeat",
      "samples": 21,
      "minimum_support_sole_z_m": 0.016019858419895172,
      "maximum_support_sole_z_m": 0.0160200297832489,
      "max_root_translation_m": 0,
      "max_pose_scale_error": 0
    },
    {
      "clip": "Victory",
      "samples": 31,
      "minimum_support_sole_z_m": 0.016019994392991066,
      "maximum_support_sole_z_m": 0.016019994392991066,
      "max_root_translation_m": 0,
      "max_pose_scale_error": 0
    }
  ],
  "errors": [],
  "not_checked": [
    "continuous visual quality",
    "weapon/costume clipping",
    "semantic gesture review",
    "Unreal retarget/import",
    "runtime move-speed synchronization"
  ]
}
Info: Saved as "animation-refinement6.blend"
WC_ANIMATION_REFINEMENT_COMPLETE wc_u_human_mage
00:28.782  blend            | Read blend: "C:\Users\iputu\Documents\Wonder Chess\art-source\heroes\wc_u_human_priest\wc_u_human_priest.blend"
00:33.500  render           | Saved: 'C:\Users\iputu\Documents\Wonder Chess\reports\WC-330\animation-refinement\wc_u_human_priest\Idle_portrait.png'
00:35.969  render           | Saved: 'C:\Users\iputu\Documents\Wonder Chess\reports\WC-330\animation-refinement\wc_u_human_priest\Idle_game_angle.png'
00:38.407  render           | Saved: 'C:\Users\iputu\Documents\Wonder Chess\reports\WC-330\animation-refinement\wc_u_human_priest\Hit_portrait.png'
00:41.485  render           | Saved: 'C:\Users\iputu\Documents\Wonder Chess\reports\WC-330\animation-refinement\wc_u_human_priest\Hit_game_angle.png'
00:43.860  render           | Saved: 'C:\Users\iputu\Documents\Wonder Chess\reports\WC-330\animation-refinement\wc_u_human_priest\Defeat_portrait.png'
00:46.313  render           | Saved: 'C:\Users\iputu\Documents\Wonder Chess\reports\WC-330\animation-refinement\wc_u_human_priest\Defeat_game_angle.png'
00:48.579  render           | Saved: 'C:\Users\iputu\Documents\Wonder Chess\reports\WC-330\animation-refinement\wc_u_human_priest\Active_portrait.png'
00:51.047  render           | Saved: 'C:\Users\iputu\Documents\Wonder Chess\reports\WC-330\animation-refinement\wc_u_human_priest\Active_game_angle.png'
00:54.125  render           | Saved: 'C:\Users\iputu\Documents\Wonder Chess\reports\WC-330\animation-refinement\wc_u_human_priest\Victory_portrait.png'
00:56.829  render           | Saved: 'C:\Users\iputu\Documents\Wonder Chess\reports\WC-330\animation-refinement\wc_u_human_priest\Victory_game_angle.png'

FBX export starting... 'C:\\Users\\iputu\\Documents\\Wonder Chess\\exports\\calibration\\animation-refinement-trial\\wc_u_human_priest\\AN_wc_u_human_priest_Active.fbx'
export finished in 0.1845 sec.

FBX export starting... 'C:\\Users\\iputu\\Documents\\Wonder Chess\\exports\\calibration\\animation-refinement-trial\\wc_u_human_priest\\AN_wc_u_human_priest_Hit.fbx'
export finished in 0.1113 sec.

FBX export starting... 'C:\\Users\\iputu\\Documents\\Wonder Chess\\exports\\calibration\\animation-refinement-trial\\wc_u_human_priest\\AN_wc_u_human_priest_Defeat.fbx'
export finished in 0.1776 sec.

FBX export starting... 'C:\\Users\\iputu\\Documents\\Wonder Chess\\exports\\calibration\\animation-refinement-trial\\wc_u_human_priest\\AN_wc_u_human_priest_Victory.fbx'
export finished in 0.1985 sec.
{
  "status": "sampled_motion_invariants_passed",
  "unit_id": "wc_u_human_priest",
  "blender_version": "5.1.1",
  "sampling": "actual deformed mesh every 3 frames at 60fps",
  "clips": [
    {
      "clip": "Idle",
      "samples": 41,
      "minimum_support_sole_z_m": 0.015300003811717033,
      "maximum_support_sole_z_m": 0.015300003811717033,
      "max_root_translation_m": 0,
      "max_pose_scale_error": 0
    },
    {
      "clip": "Move",
      "samples": 21,
      "minimum_support_sole_z_m": 0.003510933369398117,
      "maximum_support_sole_z_m": 0.015300003811717033,
      "max_root_translation_m": 0,
      "max_pose_scale_error": 0
    },
    {
      "clip": "Attack",
      "samples": 15,
      "minimum_support_sole_z_m": 0.015300003811717033,
      "maximum_support_sole_z_m": 0.015300003811717033,
      "max_root_translation_m": 0,
      "max_pose_scale_error": 0
    },
    {
      "clip": "Active",
      "samples": 14,
      "minimum_support_sole_z_m": 0.015300003811717033,
      "maximum_support_sole_z_m": 0.015300003811717033,
      "max_root_translation_m": 0,
      "max_pose_scale_error": 0
    },
    {
      "clip": "Hit",
      "samples": 9,
      "minimum_support_sole_z_m": 0.015300003811717033,
      "maximum_support_sole_z_m": 0.015300003811717033,
      "max_root_translation_m": 0,
      "max_pose_scale_error": 0
    },
    {
      "clip": "Defeat",
      "samples": 21,
      "minimum_support_sole_z_m": 0.015299929305911064,
      "maximum_support_sole_z_m": 0.015300042927265167,
      "max_root_translation_m": 0,
      "max_pose_scale_error": 0
    },
    {
      "clip": "Victory",
      "samples": 31,
      "minimum_support_sole_z_m": 0.015300003811717033,
      "maximum_support_sole_z_m": 0.015300003811717033,
      "max_root_translation_m": 0,
      "max_pose_scale_error": 0
    }
  ],
  "errors": [],
  "not_checked": [
    "continuous visual quality",
    "weapon/costume clipping",
    "semantic gesture review",
    "Unreal retarget/import",
    "runtime move-speed synchronization"
  ]
}
Info: Saved as "animation-refinement6.blend"
WC_ANIMATION_REFINEMENT_COMPLETE wc_u_human_priest
00:57.141  blend            | Read blend: "C:\Users\iputu\Documents\Wonder Chess\art-source\heroes\wc_u_elf_ranger\wc_u_elf_ranger.blend"
Traceback (most recent call last):
  File "C:\Users\iputu\Documents\Wonder Chess\tools\blender\refine_saved_animations.py", line 35, in <module>
    clips=animate(unit,arm,target,selected_clips=selected)
  File "C:\Users\iputu\Documents\Wonder Chess\tools\blender\author_alpha.py", line 558, in animate
    if contact_maximum>.025:raise RuntimeError(f'{u["id"]} {clip}: support grip unreachable by {contact_maximum:.4f}m')
                            ^^^^^^^^^^^^^^^^^^^^^^^^^^^^^^^^^^^^^^^^^^^^^^^^^^^^^^^^^^^^^^^^^^^^^^^^^^^^^^^^^^^^^^^^^^^
RuntimeError: wc_u_elf_ranger Defeat: support grip unreachable by 0.0267m

FBX export starting... 'C:\\Users\\iputu\\Documents\\Wonder Chess\\exports\\calibration\\animation-refinement-trial\\wc_u_elf_ranger\\AN_wc_u_elf_ranger_Active.fbx'
export finished in 0.0859 sec.

FBX export starting... 'C:\\Users\\iputu\\Documents\\Wonder Chess\\exports\\calibration\\animation-refinement-trial\\wc_u_elf_ranger\\AN_wc_u_elf_ranger_Hit.fbx'
export finished in 0.0748 sec.

Error: script failed, file: 'tools/blender/refine_saved_animations.py', exiting.
Blender 5.1.1 (hash b70da489d7f4 built 2026-04-14 01:37:22)

Blender quit
