00:02.469  blend            | Read blend: "C:\Users\iputu\Documents\Wonder Chess\art-source\heroes\wc_u_elf_priest\wc_u_elf_priest.blend"
00:06.766  render           | Saved: 'C:\Users\iputu\Documents\Wonder Chess\reports\WC-330\animation-refinement\wc_u_elf_priest\Idle_portrait.png'
00:09.094  render           | Saved: 'C:\Users\iputu\Documents\Wonder Chess\reports\WC-330\animation-refinement\wc_u_elf_priest\Idle_game_angle.png'
00:11.532  render           | Saved: 'C:\Users\iputu\Documents\Wonder Chess\reports\WC-330\animation-refinement\wc_u_elf_priest\Hit_portrait.png'
00:14.344  render           | Saved: 'C:\Users\iputu\Documents\Wonder Chess\reports\WC-330\animation-refinement\wc_u_elf_priest\Hit_game_angle.png'
00:16.797  render           | Saved: 'C:\Users\iputu\Documents\Wonder Chess\reports\WC-330\animation-refinement\wc_u_elf_priest\Defeat_portrait.png'
00:19.282  render           | Saved: 'C:\Users\iputu\Documents\Wonder Chess\reports\WC-330\animation-refinement\wc_u_elf_priest\Defeat_game_angle.png'
00:21.485  render           | Saved: 'C:\Users\iputu\Documents\Wonder Chess\reports\WC-330\animation-refinement\wc_u_elf_priest\Active_portrait.png'
00:23.766  render           | Saved: 'C:\Users\iputu\Documents\Wonder Chess\reports\WC-330\animation-refinement\wc_u_elf_priest\Active_game_angle.png'
00:26.094  render           | Saved: 'C:\Users\iputu\Documents\Wonder Chess\reports\WC-330\animation-refinement\wc_u_elf_priest\Victory_portrait.png'
00:28.391  render           | Saved: 'C:\Users\iputu\Documents\Wonder Chess\reports\WC-330\animation-refinement\wc_u_elf_priest\Victory_game_angle.png'

FBX export starting... 'C:\\Users\\iputu\\Documents\\Wonder Chess\\exports\\calibration\\animation-refinement-trial\\wc_u_elf_priest\\AN_wc_u_elf_priest_Active.fbx'
export finished in 0.0767 sec.

FBX export starting... 'C:\\Users\\iputu\\Documents\\Wonder Chess\\exports\\calibration\\animation-refinement-trial\\wc_u_elf_priest\\AN_wc_u_elf_priest_Hit.fbx'
export finished in 0.0756 sec.

FBX export starting... 'C:\\Users\\iputu\\Documents\\Wonder Chess\\exports\\calibration\\animation-refinement-trial\\wc_u_elf_priest\\AN_wc_u_elf_priest_Defeat.fbx'
export finished in 0.1092 sec.

FBX export starting... 'C:\\Users\\iputu\\Documents\\Wonder Chess\\exports\\calibration\\animation-refinement-trial\\wc_u_elf_priest\\AN_wc_u_elf_priest_Victory.fbx'
export finished in 0.1392 sec.
{
  "status": "sampled_motion_invariants_passed",
  "unit_id": "wc_u_elf_priest",
  "blender_version": "5.1.1",
  "sampling": "actual deformed mesh every 3 frames at 60fps",
  "clips": [
    {
      "clip": "Idle",
      "samples": 41,
      "minimum_support_sole_z_m": 0.016649996861815453,
      "maximum_support_sole_z_m": 0.016649996861815453,
      "max_root_translation_m": 0,
      "max_pose_scale_error": 0
    },
    {
      "clip": "Move",
      "samples": 21,
      "minimum_support_sole_z_m": 0.0038206372410058975,
      "maximum_support_sole_z_m": 0.016649996861815453,
      "max_root_translation_m": 0,
      "max_pose_scale_error": 0
    },
    {
      "clip": "Attack",
      "samples": 15,
      "minimum_support_sole_z_m": 0.016649996861815453,
      "maximum_support_sole_z_m": 0.016649996861815453,
      "max_root_translation_m": 0,
      "max_pose_scale_error": 0
    },
    {
      "clip": "Active",
      "samples": 14,
      "minimum_support_sole_z_m": 0.016649996861815453,
      "maximum_support_sole_z_m": 0.016649996861815453,
      "max_root_translation_m": 0,
      "max_pose_scale_error": 0
    },
    {
      "clip": "Hit",
      "samples": 9,
      "minimum_support_sole_z_m": 0.016649996861815453,
      "maximum_support_sole_z_m": 0.016649996861815453,
      "max_root_translation_m": 0,
      "max_pose_scale_error": 0
    },
    {
      "clip": "Defeat",
      "samples": 21,
      "minimum_support_sole_z_m": 0.016649972647428513,
      "maximum_support_sole_z_m": 0.016650065779685974,
      "max_root_translation_m": 0,
      "max_pose_scale_error": 0
    },
    {
      "clip": "Victory",
      "samples": 31,
      "minimum_support_sole_z_m": 0.016649996861815453,
      "maximum_support_sole_z_m": 0.016649996861815453,
      "max_root_translation_m": 0,
      "max_pose_scale_error": 0
    }
  ],
  "errors": [],
  "not_checked": [
    "continuous visual quality",
    "weapon/costume clipping",
    "semantic gesture review",
    "Unreal retarget/import",
    "runtime move-speed synchronization"
  ]
}
Info: Saved as "animation-refinement6.blend"
WC_ANIMATION_REFINEMENT_COMPLETE wc_u_elf_priest
00:28.719  blend            | Read blend: "C:\Users\iputu\Documents\Wonder Chess\art-source\heroes\wc_u_elf_rogue\wc_u_elf_rogue.blend"
00:32.000  render           | Saved: 'C:\Users\iputu\Documents\Wonder Chess\reports\WC-330\animation-refinement\wc_u_elf_rogue\Idle_portrait.png'
00:34.563  render           | Saved: 'C:\Users\iputu\Documents\Wonder Chess\reports\WC-330\animation-refinement\wc_u_elf_rogue\Idle_game_angle.png'
00:37.188  render           | Saved: 'C:\Users\iputu\Documents\Wonder Chess\reports\WC-330\animation-refinement\wc_u_elf_rogue\Hit_portrait.png'
00:39.750  render           | Saved: 'C:\Users\iputu\Documents\Wonder Chess\reports\WC-330\animation-refinement\wc_u_elf_rogue\Hit_game_angle.png'
00:42.047  render           | Saved: 'C:\Users\iputu\Documents\Wonder Chess\reports\WC-330\animation-refinement\wc_u_elf_rogue\Defeat_portrait.png'
00:44.422  render           | Saved: 'C:\Users\iputu\Documents\Wonder Chess\reports\WC-330\animation-refinement\wc_u_elf_rogue\Defeat_game_angle.png'

FBX export starting... 'C:\\Users\\iputu\\Documents\\Wonder Chess\\exports\\calibration\\animation-refinement-trial\\wc_u_elf_rogue\\AN_wc_u_elf_rogue_Hit.fbx'
export finished in 0.0775 sec.

FBX export starting... 'C:\\Users\\iputu\\Documents\\Wonder Chess\\exports\\calibration\\animation-refinement-trial\\wc_u_elf_rogue\\AN_wc_u_elf_rogue_Defeat.fbx'
export finished in 0.1149 sec.
{
  "status": "sampled_motion_invariants_passed",
  "unit_id": "wc_u_elf_rogue",
  "blender_version": "5.1.1",
  "sampling": "actual deformed mesh every 3 frames at 60fps",
  "clips": [
    {
      "clip": "Idle",
      "samples": 41,
      "minimum_support_sole_z_m": 0.017099998891353607,
      "maximum_support_sole_z_m": 0.017099998891353607,
      "max_root_translation_m": 0,
      "max_pose_scale_error": 4.172325134277344e-07
    },
    {
      "clip": "Move",
      "samples": 21,
      "minimum_support_sole_z_m": -0.0025624800473451614,
      "maximum_support_sole_z_m": 0.017100045457482338,
      "max_root_translation_m": 0,
      "max_pose_scale_error": 4.172325134277344e-07
    },
    {
      "clip": "Attack",
      "samples": 14,
      "minimum_support_sole_z_m": 0.017099998891353607,
      "maximum_support_sole_z_m": 0.017099998891353607,
      "max_root_translation_m": 0,
      "max_pose_scale_error": 4.172325134277344e-07
    },
    {
      "clip": "Active",
      "samples": 11,
      "minimum_support_sole_z_m": 0.017099998891353607,
      "maximum_support_sole_z_m": 0.017100006341934204,
      "max_root_translation_m": 0,
      "max_pose_scale_error": 4.172325134277344e-07
    },
    {
      "clip": "Hit",
      "samples": 9,
      "minimum_support_sole_z_m": 0.017099998891353607,
      "maximum_support_sole_z_m": 0.017099998891353607,
      "max_root_translation_m": 0,
      "max_pose_scale_error": 4.172325134277344e-07
    },
    {
      "clip": "Defeat",
      "samples": 21,
      "minimum_support_sole_z_m": 0.017099885269999504,
      "maximum_support_sole_z_m": 0.01710003800690174,
      "max_root_translation_m": 0,
      "max_pose_scale_error": 4.172325134277344e-07
    },
    {
      "clip": "Victory",
      "samples": 31,
      "minimum_support_sole_z_m": 0.017099998891353607,
      "maximum_support_sole_z_m": 0.017099998891353607,
      "max_root_translation_m": 0,
      "max_pose_scale_error": 4.172325134277344e-07
    }
  ],
  "errors": [],
  "not_checked": [
    "continuous visual quality",
    "weapon/costume clipping",
    "semantic gesture review",
    "Unreal retarget/import",
    "runtime move-speed synchronization"
  ]
}
Info: Saved as "animation-refinement6.blend"
WC_ANIMATION_REFINEMENT_COMPLETE wc_u_elf_rogue
00:44.672  blend            | Read blend: "C:\Users\iputu\Documents\Wonder Chess\art-source\heroes\wc_u_dwarf_guardian\wc_u_dwarf_guardian.blend"
Traceback (most recent call last):
  File "C:\Users\iputu\Documents\Wonder Chess\tools\blender\refine_saved_animations.py", line 35, in <module>
    clips=animate(unit,arm,target,selected_clips=selected)
  File "C:\Users\iputu\Documents\Wonder Chess\tools\blender\author_alpha.py", line 559, in animate
    if contact_maximum>.025:raise RuntimeError(f'{u["id"]} {clip}: support grip unreachable by {contact_maximum:.4f}m')
                            ^^^^^^^^^^^^^^^^^^^^^^^^^^^^^^^^^^^^^^^^^^^^^^^^^^^^^^^^^^^^^^^^^^^^^^^^^^^^^^^^^^^^^^^^^^^
RuntimeError: wc_u_dwarf_guardian Defeat: support grip unreachable by 0.0532m

FBX export starting... 'C:\\Users\\iputu\\Documents\\Wonder Chess\\exports\\calibration\\animation-refinement-trial\\wc_u_dwarf_guardian\\AN_wc_u_dwarf_guardian_Hit.fbx'
export finished in 0.0861 sec.

Error: script failed, file: 'tools/blender/refine_saved_animations.py', exiting.
Blender 5.1.1 (hash b70da489d7f4 built 2026-04-14 01:37:22)

Blender quit
