00:02.375  blend            | Read blend: "C:\Users\iputu\Documents\Wonder Chess\art-source\heroes\wc_u_dwarf_guardian\wc_u_dwarf_guardian.blend"
00:05.984  render           | Saved: 'C:\Users\iputu\Documents\Wonder Chess\reports\WC-330\animation-refinement\wc_u_dwarf_guardian\Idle_portrait.png'
00:08.375  render           | Saved: 'C:\Users\iputu\Documents\Wonder Chess\reports\WC-330\animation-refinement\wc_u_dwarf_guardian\Idle_game_angle.png'
00:10.765  render           | Saved: 'C:\Users\iputu\Documents\Wonder Chess\reports\WC-330\animation-refinement\wc_u_dwarf_guardian\Hit_portrait.png'
00:13.390  render           | Saved: 'C:\Users\iputu\Documents\Wonder Chess\reports\WC-330\animation-refinement\wc_u_dwarf_guardian\Hit_game_angle.png'
00:15.875  render           | Saved: 'C:\Users\iputu\Documents\Wonder Chess\reports\WC-330\animation-refinement\wc_u_dwarf_guardian\Defeat_portrait.png'
00:18.281  render           | Saved: 'C:\Users\iputu\Documents\Wonder Chess\reports\WC-330\animation-refinement\wc_u_dwarf_guardian\Defeat_game_angle.png'

FBX export starting... 'C:\\Users\\iputu\\Documents\\Wonder Chess\\exports\\calibration\\animation-refinement-trial\\wc_u_dwarf_guardian\\AN_wc_u_dwarf_guardian_Hit.fbx'
export finished in 0.0598 sec.

FBX export starting... 'C:\\Users\\iputu\\Documents\\Wonder Chess\\exports\\calibration\\animation-refinement-trial\\wc_u_dwarf_guardian\\AN_wc_u_dwarf_guardian_Defeat.fbx'
export finished in 0.1096 sec.
{
  "status": "sampled_motion_invariants_passed",
  "unit_id": "wc_u_dwarf_guardian",
  "blender_version": "5.1.1",
  "sampling": "actual deformed mesh every 3 frames at 60fps",
  "clips": [
    {
      "clip": "Idle",
      "samples": 41,
      "minimum_support_sole_z_m": 0.012419994920492172,
      "maximum_support_sole_z_m": 0.012419994920492172,
      "max_root_translation_m": 0,
      "max_pose_scale_error": 0
    },
    {
      "clip": "Move",
      "samples": 21,
      "minimum_support_sole_z_m": 0.005200492218136787,
      "maximum_support_sole_z_m": 0.012419994920492172,
      "max_root_translation_m": 0,
      "max_pose_scale_error": 0
    },
    {
      "clip": "Attack",
      "samples": 14,
      "minimum_support_sole_z_m": 0.012419994920492172,
      "maximum_support_sole_z_m": 0.012419994920492172,
      "max_root_translation_m": 0,
      "max_pose_scale_error": 0
    },
    {
      "clip": "Active",
      "samples": 15,
      "minimum_support_sole_z_m": 0.012419994920492172,
      "maximum_support_sole_z_m": 0.012419994920492172,
      "max_root_translation_m": 0,
      "max_pose_scale_error": 0
    },
    {
      "clip": "Hit",
      "samples": 9,
      "minimum_support_sole_z_m": 0.012419994920492172,
      "maximum_support_sole_z_m": 0.012419994920492172,
      "max_root_translation_m": 0,
      "max_pose_scale_error": 0
    },
    {
      "clip": "Defeat",
      "samples": 21,
      "minimum_support_sole_z_m": 0.012419946491718292,
      "maximum_support_sole_z_m": 0.012420044280588627,
      "max_root_translation_m": 0,
      "max_pose_scale_error": 0
    },
    {
      "clip": "Victory",
      "samples": 31,
      "minimum_support_sole_z_m": 0.012419994920492172,
      "maximum_support_sole_z_m": 0.012419994920492172,
      "max_root_translation_m": 0,
      "max_pose_scale_error": 0
    }
  ],
  "errors": [],
  "not_checked": [
    "continuous visual quality",
    "weapon/costume clipping",
    "semantic gesture review",
    "Unreal retarget/import",
    "runtime move-speed synchronization"
  ]
}
Info: Saved as "animation-refinement6.blend"
WC_ANIMATION_REFINEMENT_COMPLETE wc_u_dwarf_guardian
00:18.484  blend            | Read blend: "C:\Users\iputu\Documents\Wonder Chess\art-source\heroes\wc_u_dwarf_ranger\wc_u_dwarf_ranger.blend"
00:22.703  render           | Saved: 'C:\Users\iputu\Documents\Wonder Chess\reports\WC-330\animation-refinement\wc_u_dwarf_ranger\Idle_portrait.png'
00:25.109  render           | Saved: 'C:\Users\iputu\Documents\Wonder Chess\reports\WC-330\animation-refinement\wc_u_dwarf_ranger\Idle_game_angle.png'
00:27.484  render           | Saved: 'C:\Users\iputu\Documents\Wonder Chess\reports\WC-330\animation-refinement\wc_u_dwarf_ranger\Hit_portrait.png'
00:29.922  render           | Saved: 'C:\Users\iputu\Documents\Wonder Chess\reports\WC-330\animation-refinement\wc_u_dwarf_ranger\Hit_game_angle.png'
00:32.297  render           | Saved: 'C:\Users\iputu\Documents\Wonder Chess\reports\WC-330\animation-refinement\wc_u_dwarf_ranger\Defeat_portrait.png'
00:34.719  render           | Saved: 'C:\Users\iputu\Documents\Wonder Chess\reports\WC-330\animation-refinement\wc_u_dwarf_ranger\Defeat_game_angle.png'
00:37.187  render           | Saved: 'C:\Users\iputu\Documents\Wonder Chess\reports\WC-330\animation-refinement\wc_u_dwarf_ranger\Active_portrait.png'
00:39.875  render           | Saved: 'C:\Users\iputu\Documents\Wonder Chess\reports\WC-330\animation-refinement\wc_u_dwarf_ranger\Active_game_angle.png'
00:42.265  render           | Saved: 'C:\Users\iputu\Documents\Wonder Chess\reports\WC-330\animation-refinement\wc_u_dwarf_ranger\Victory_portrait.png'
00:44.765  render           | Saved: 'C:\Users\iputu\Documents\Wonder Chess\reports\WC-330\animation-refinement\wc_u_dwarf_ranger\Victory_game_angle.png'

FBX export starting... 'C:\\Users\\iputu\\Documents\\Wonder Chess\\exports\\calibration\\animation-refinement-trial\\wc_u_dwarf_ranger\\AN_wc_u_dwarf_ranger_Active.fbx'
export finished in 0.1170 sec.

FBX export starting... 'C:\\Users\\iputu\\Documents\\Wonder Chess\\exports\\calibration\\animation-refinement-trial\\wc_u_dwarf_ranger\\AN_wc_u_dwarf_ranger_Hit.fbx'
export finished in 0.0645 sec.

FBX export starting... 'C:\\Users\\iputu\\Documents\\Wonder Chess\\exports\\calibration\\animation-refinement-trial\\wc_u_dwarf_ranger\\AN_wc_u_dwarf_ranger_Defeat.fbx'
export finished in 0.1009 sec.

FBX export starting... 'C:\\Users\\iputu\\Documents\\Wonder Chess\\exports\\calibration\\animation-refinement-trial\\wc_u_dwarf_ranger\\AN_wc_u_dwarf_ranger_Victory.fbx'
export finished in 0.1354 sec.
{
  "status": "sampled_motion_invariants_passed",
  "unit_id": "wc_u_dwarf_ranger",
  "blender_version": "5.1.1",
  "sampling": "actual deformed mesh every 3 frames at 60fps",
  "clips": [
    {
      "clip": "Idle",
      "samples": 41,
      "minimum_support_sole_z_m": 0.011880003847181797,
      "maximum_support_sole_z_m": 0.011880003847181797,
      "max_root_translation_m": 0,
      "max_pose_scale_error": 0
    },
    {
      "clip": "Move",
      "samples": 21,
      "minimum_support_sole_z_m": 0.0049743871204555035,
      "maximum_support_sole_z_m": 0.011880003847181797,
      "max_root_translation_m": 0,
      "max_pose_scale_error": 0
    },
    {
      "clip": "Attack",
      "samples": 15,
      "minimum_support_sole_z_m": 0.011880003847181797,
      "maximum_support_sole_z_m": 0.011880003847181797,
      "max_root_translation_m": 0,
      "max_pose_scale_error": 0
    },
    {
      "clip": "Active",
      "samples": 14,
      "minimum_support_sole_z_m": 0.011880003847181797,
      "maximum_support_sole_z_m": 0.011880003847181797,
      "max_root_translation_m": 0,
      "max_pose_scale_error": 0
    },
    {
      "clip": "Hit",
      "samples": 9,
      "minimum_support_sole_z_m": 0.011880003847181797,
      "maximum_support_sole_z_m": 0.011880003847181797,
      "max_root_translation_m": 0,
      "max_pose_scale_error": 0
    },
    {
      "clip": "Defeat",
      "samples": 21,
      "minimum_support_sole_z_m": 0.011879946105182171,
      "maximum_support_sole_z_m": 0.011880043894052505,
      "max_root_translation_m": 0,
      "max_pose_scale_error": 0
    },
    {
      "clip": "Victory",
      "samples": 31,
      "minimum_support_sole_z_m": 0.011880003847181797,
      "maximum_support_sole_z_m": 0.011880003847181797,
      "max_root_translation_m": 0,
      "max_pose_scale_error": 0
    }
  ],
  "errors": [],
  "not_checked": [
    "continuous visual quality",
    "weapon/costume clipping",
    "semantic gesture review",
    "Unreal retarget/import",
    "runtime move-speed synchronization"
  ]
}
Info: Saved as "animation-refinement6.blend"
WC_ANIMATION_REFINEMENT_COMPLETE wc_u_dwarf_ranger
00:45.031  blend            | Read blend: "C:\Users\iputu\Documents\Wonder Chess\art-source\heroes\wc_u_dwarf_warrior\wc_u_dwarf_warrior.blend"
00:48.797  render           | Saved: 'C:\Users\iputu\Documents\Wonder Chess\reports\WC-330\animation-refinement\wc_u_dwarf_warrior\Idle_portrait.png'
00:51.265  render           | Saved: 'C:\Users\iputu\Documents\Wonder Chess\reports\WC-330\animation-refinement\wc_u_dwarf_warrior\Idle_game_angle.png'
00:53.625  render           | Saved: 'C:\Users\iputu\Documents\Wonder Chess\reports\WC-330\animation-refinement\wc_u_dwarf_warrior\Hit_portrait.png'
00:56.062  render           | Saved: 'C:\Users\iputu\Documents\Wonder Chess\reports\WC-330\animation-refinement\wc_u_dwarf_warrior\Hit_game_angle.png'
00:58.531  render           | Saved: 'C:\Users\iputu\Documents\Wonder Chess\reports\WC-330\animation-refinement\wc_u_dwarf_warrior\Defeat_portrait.png'
01:00.953  render           | Saved: 'C:\Users\iputu\Documents\Wonder Chess\reports\WC-330\animation-refinement\wc_u_dwarf_warrior\Defeat_game_angle.png'

FBX export starting... 'C:\\Users\\iputu\\Documents\\Wonder Chess\\exports\\calibration\\animation-refinement-trial\\wc_u_dwarf_warrior\\AN_wc_u_dwarf_warrior_Hit.fbx'
export finished in 0.0745 sec.

FBX export starting... 'C:\\Users\\iputu\\Documents\\Wonder Chess\\exports\\calibration\\animation-refinement-trial\\wc_u_dwarf_warrior\\AN_wc_u_dwarf_warrior_Defeat.fbx'
export finished in 0.1222 sec.
{
  "status": "sampled_motion_invariants_passed",
  "unit_id": "wc_u_dwarf_warrior",
  "blender_version": "5.1.1",
  "sampling": "actual deformed mesh every 3 frames at 60fps",
  "clips": [
    {
      "clip": "Idle",
      "samples": 41,
      "minimum_support_sole_z_m": 0.012779991142451763,
      "maximum_support_sole_z_m": 0.012779991142451763,
      "max_root_translation_m": 0,
      "max_pose_scale_error": 1.1920928955078125e-07
    },
    {
      "clip": "Move",
      "samples": 21,
      "minimum_support_sole_z_m": 0.005351237487047911,
      "maximum_support_sole_z_m": 0.012779991142451763,
      "max_root_translation_m": 0,
      "max_pose_scale_error": 1.1920928955078125e-07
    },
    {
      "clip": "Attack",
      "samples": 16,
      "minimum_support_sole_z_m": 0.012779991142451763,
      "maximum_support_sole_z_m": 0.012779991142451763,
      "max_root_translation_m": 0,
      "max_pose_scale_error": 1.1920928955078125e-07
    },
    {
      "clip": "Active",
      "samples": 15,
      "minimum_support_sole_z_m": 0.012779991142451763,
      "maximum_support_sole_z_m": 0.012779991142451763,
      "max_root_translation_m": 0,
      "max_pose_scale_error": 1.1920928955078125e-07
    },
    {
      "clip": "Hit",
      "samples": 9,
      "minimum_support_sole_z_m": 0.012779991142451763,
      "maximum_support_sole_z_m": 0.012779991142451763,
      "max_root_translation_m": 0,
      "max_pose_scale_error": 1.1920928955078125e-07
    },
    {
      "clip": "Defeat",
      "samples": 21,
      "minimum_support_sole_z_m": 0.01277994830161333,
      "maximum_support_sole_z_m": 0.012780046090483665,
      "max_root_translation_m": 0,
      "max_pose_scale_error": 1.1920928955078125e-07
    },
    {
      "clip": "Victory",
      "samples": 31,
      "minimum_support_sole_z_m": 0.012779991142451763,
      "maximum_support_sole_z_m": 0.012779991142451763,
      "max_root_translation_m": 0,
      "max_pose_scale_error": 1.1920928955078125e-07
    }
  ],
  "errors": [],
  "not_checked": [
    "continuous visual quality",
    "weapon/costume clipping",
    "semantic gesture review",
    "Unreal retarget/import",
    "runtime move-speed synchronization"
  ]
}
Info: Saved as "animation-refinement6.blend"
WC_ANIMATION_REFINEMENT_COMPLETE wc_u_dwarf_warrior
01:01.203  blend            | Read blend: "C:\Users\iputu\Documents\Wonder Chess\art-source\heroes\wc_u_orc_warrior\wc_u_orc_warrior.blend"
01:04.687  render           | Saved: 'C:\Users\iputu\Documents\Wonder Chess\reports\WC-330\animation-refinement\wc_u_orc_warrior\Idle_portrait.png'
01:07.109  render           | Saved: 'C:\Users\iputu\Documents\Wonder Chess\reports\WC-330\animation-refinement\wc_u_orc_warrior\Idle_game_angle.png'
01:09.625  render           | Saved: 'C:\Users\iputu\Documents\Wonder Chess\reports\WC-330\animation-refinement\wc_u_orc_warrior\Hit_portrait.png'
01:12.062  render           | Saved: 'C:\Users\iputu\Documents\Wonder Chess\reports\WC-330\animation-refinement\wc_u_orc_warrior\Hit_game_angle.png'
01:14.437  render           | Saved: 'C:\Users\iputu\Documents\Wonder Chess\reports\WC-330\animation-refinement\wc_u_orc_warrior\Defeat_portrait.png'
01:16.906  render           | Saved: 'C:\Users\iputu\Documents\Wonder Chess\reports\WC-330\animation-refinement\wc_u_orc_warrior\Defeat_game_angle.png'

FBX export starting... 'C:\\Users\\iputu\\Documents\\Wonder Chess\\exports\\calibration\\animation-refinement-trial\\wc_u_orc_warrior\\AN_wc_u_orc_warrior_Hit.fbx'
export finished in 0.0758 sec.

FBX export starting... 'C:\\Users\\iputu\\Documents\\Wonder Chess\\exports\\calibration\\animation-refinement-trial\\wc_u_orc_warrior\\AN_wc_u_orc_warrior_Defeat.fbx'
export finished in 0.1198 sec.
{
  "status": "sampled_motion_invariants_passed",
  "unit_id": "wc_u_orc_warrior",
  "blender_version": "5.1.1",
  "sampling": "actual deformed mesh every 3 frames at 60fps",
  "clips": [
    {
      "clip": "Idle",
      "samples": 41,
      "minimum_support_sole_z_m": 0.018359994515776634,
      "maximum_support_sole_z_m": 0.018359994515776634,
      "max_root_translation_m": 0,
      "max_pose_scale_error": 2.384185791015625e-07
    },
    {
      "clip": "Move",
      "samples": 21,
      "minimum_support_sole_z_m": 0.004213172942399979,
      "maximum_support_sole_z_m": 0.018359994515776634,
      "max_root_translation_m": 0,
      "max_pose_scale_error": 2.384185791015625e-07
    },
    {
      "clip": "Attack",
      "samples": 16,
      "minimum_support_sole_z_m": 0.018359994515776634,
      "maximum_support_sole_z_m": 0.018359994515776634,
      "max_root_translation_m": 0,
      "max_pose_scale_error": 2.384185791015625e-07
    },
    {
      "clip": "Active",
      "samples": 12,
      "minimum_support_sole_z_m": 0.018359994515776634,
      "maximum_support_sole_z_m": 0.018359994515776634,
      "max_root_translation_m": 0,
      "max_pose_scale_error": 2.384185791015625e-07
    },
    {
      "clip": "Hit",
      "samples": 9,
      "minimum_support_sole_z_m": 0.018359994515776634,
      "maximum_support_sole_z_m": 0.018359994515776634,
      "max_root_translation_m": 0,
      "max_pose_scale_error": 2.384185791015625e-07
    },
    {
      "clip": "Defeat",
      "samples": 21,
      "minimum_support_sole_z_m": 0.018359949812293053,
      "maximum_support_sole_z_m": 0.018360137939453125,
      "max_root_translation_m": 0,
      "max_pose_scale_error": 2.384185791015625e-07
    },
    {
      "clip": "Victory",
      "samples": 31,
      "minimum_support_sole_z_m": 0.018359994515776634,
      "maximum_support_sole_z_m": 0.018359994515776634,
      "max_root_translation_m": 0,
      "max_pose_scale_error": 2.384185791015625e-07
    }
  ],
  "errors": [],
  "not_checked": [
    "continuous visual quality",
    "weapon/costume clipping",
    "semantic gesture review",
    "Unreal retarget/import",
    "runtime move-speed synchronization"
  ]
}
Info: Saved as "animation-refinement6.blend"
WC_ANIMATION_REFINEMENT_COMPLETE wc_u_orc_warrior
01:17.094  blend            | Read blend: "C:\Users\iputu\Documents\Wonder Chess\art-source\heroes\wc_u_orc_mage\wc_u_orc_mage.blend"
Traceback (most recent call last):
  File "C:\Users\iputu\Documents\Wonder Chess\tools\blender\refine_saved_animations.py", line 57, in <module>
    if any(r['minimum_all_mesh_vertex_z_m']<-.025 for r in floor_checks):raise RuntimeError('Weapon or body penetrates floor; see all-mesh-floor.json')
                                                                         ^^^^^^^^^^^^^^^^^^^^^^^^^^^^^^^^^^^^^^^^^^^^^^^^^^^^^^^^^^^^^^^^^^^^^^^^^^^^^^
RuntimeError: Weapon or body penetrates floor; see all-mesh-floor.json

FBX export starting... 'C:\\Users\\iputu\\Documents\\Wonder Chess\\exports\\calibration\\animation-refinement-trial\\wc_u_orc_mage\\AN_wc_u_orc_mage_Active.fbx'
export finished in 0.1224 sec.

FBX export starting... 'C:\\Users\\iputu\\Documents\\Wonder Chess\\exports\\calibration\\animation-refinement-trial\\wc_u_orc_mage\\AN_wc_u_orc_mage_Hit.fbx'
export finished in 0.0816 sec.

FBX export starting... 'C:\\Users\\iputu\\Documents\\Wonder Chess\\exports\\calibration\\animation-refinement-trial\\wc_u_orc_mage\\AN_wc_u_orc_mage_Defeat.fbx'
export finished in 0.1080 sec.

FBX export starting... 'C:\\Users\\iputu\\Documents\\Wonder Chess\\exports\\calibration\\animation-refinement-trial\\wc_u_orc_mage\\AN_wc_u_orc_mage_Victory.fbx'
export finished in 0.1205 sec.
{
  "status": "sampled_motion_invariants_passed",
  "unit_id": "wc_u_orc_mage",
  "blender_version": "5.1.1",
  "sampling": "actual deformed mesh every 3 frames at 60fps",
  "clips": [
    {
      "clip": "Idle",
      "samples": 41,

Error: script failed, file: 'tools/blender/refine_saved_animations.py', exiting.
      "minimum_support_sole_z_m": 0.017729993909597397,
      "maximum_support_sole_z_m": 0.017729993909597397,
      "max_root_translation_m": 0,
      "max_pose_scale_error": 0
    },
    {
      "clip": "Move",
      "samples": 21,
      "minimum_support_sole_z_m": 0.004068512469530106,
      "maximum_support_sole_z_m": 0.017729993909597397,
      "max_root_translation_m": 0,
      "max_pose_scale_error": 0
    },
    {
      "clip": "Attack",
      "samples": 15,
      "minimum_support_sole_z_m": 0.017729993909597397,
      "maximum_support_sole_z_m": 0.017729993909597397,
      "max_root_translation_m": 0,
      "max_pose_scale_error": 0
    },
    {
      "clip": "Active",
      "samples": 19,
      "minimum_support_sole_z_m": 0.017729993909597397,
      "maximum_support_sole_z_m": 0.017729993909597397,
      "max_root_translation_m": 0,
      "max_pose_scale_error": 0
    },
    {
      "clip": "Hit",
      "samples": 9,
      "minimum_support_sole_z_m": 0.017729993909597397,
      "maximum_support_sole_z_m": 0.017729993909597397,
      "max_root_translation_m": 0,
      "max_pose_scale_error": 0
    },
    {
      "clip": "Defeat",
      "samples": 21,
      "minimum_support_sole_z_m": 0.01772981509566307,
      "maximum_support_sole_z_m": 0.01772996596992016,
      "max_root_translation_m": 0,
      "max_pose_scale_error": 0
    },
    {
      "clip": "Victory",
      "samples": 31,
      "minimum_support_sole_z_m": 0.017729993909597397,
      "maximum_support_sole_z_m": 0.017729993909597397,
      "max_root_translation_m": 0,
      "max_pose_scale_error": 0
    }
  ],
  "errors": [],
  "not_checked": [
    "continuous visual quality",
    "weapon/costume clipping",
    "semantic gesture review",
    "Unreal retarget/import",
    "runtime move-speed synchronization"
  ]
}
Blender 5.1.1 (hash b70da489d7f4 built 2026-04-14 01:37:22)

Blender quit
