00:02.437  blend            | Read blend: "C:\Users\iputu\Documents\Wonder Chess\art-source\heroes\wc_u_human_guardian\wc_u_human_guardian.blend"

FBX export starting... 'C:\\Users\\iputu\\Documents\\Wonder Chess\\exports\\heroes\\wc_u_human_guardian\\AN_wc_u_human_guardian_Hit.fbx'
export finished in 0.0898 sec.

FBX export starting... 'C:\\Users\\iputu\\Documents\\Wonder Chess\\exports\\heroes\\wc_u_human_guardian\\AN_wc_u_human_guardian_Defeat.fbx'
export finished in 0.1173 sec.
{
  "status": "sampled_motion_invariants_passed",
  "unit_id": "wc_u_human_guardian",
  "blender_version": "5.1.1",
  "sampling": "actual deformed mesh every 3 frames at 60fps",
  "clips": [
    {
      "clip": "Idle",
      "samples": 41,
      "minimum_support_sole_z_m": 0.016380002722144127,
      "maximum_support_sole_z_m": 0.016380002722144127,
      "max_root_translation_m": 0,
      "max_pose_scale_error": 1.7881393432617188e-07
    },
    {
      "clip": "Move",
      "samples": 21,
      "minimum_support_sole_z_m": 0.003758801147341728,
      "maximum_support_sole_z_m": 0.016380075365304947,
      "max_root_translation_m": 0,
      "max_pose_scale_error": 1.7881393432617188e-07
    },
    {
      "clip": "Attack",
      "samples": 14,
      "minimum_support_sole_z_m": 0.016380002722144127,
      "maximum_support_sole_z_m": 0.016380002722144127,
      "max_root_translation_m": 0,
      "max_pose_scale_error": 1.7881393432617188e-07
    },
    {
      "clip": "Active",
      "samples": 13,
      "minimum_support_sole_z_m": 0.016380002722144127,
      "maximum_support_sole_z_m": 0.016380002722144127,
      "max_root_translation_m": 0,
      "max_pose_scale_error": 1.7881393432617188e-07
    },
    {
      "clip": "Hit",
      "samples": 9,
      "minimum_support_sole_z_m": 0.016380002722144127,
      "maximum_support_sole_z_m": 0.016380002722144127,
      "max_root_translation_m": 0,
      "max_pose_scale_error": 1.7881393432617188e-07
    },
    {
      "clip": "Defeat",
      "samples": 21,
      "minimum_support_sole_z_m": 0.016380151733756065,
      "maximum_support_sole_z_m": 0.01638026162981987,
      "max_root_translation_m": 0,
      "max_pose_scale_error": 1.7881393432617188e-07
    },
    {
      "clip": "Victory",
      "samples": 31,
      "minimum_support_sole_z_m": 0.016380002722144127,
      "maximum_support_sole_z_m": 0.016380002722144127,
      "max_root_translation_m": 0,
      "max_pose_scale_error": 1.7881393432617188e-07
    }
  ],
  "errors": [],
  "not_checked": [
    "continuous visual quality",
    "weapon/costume clipping",
    "semantic gesture review",
    "Unreal retarget/import",
    "runtime move-speed synchronization"
  ]
}
Info: Saved as "wc_u_human_guardian.blend"
WC_ANIMATION_REFINEMENT_COMPLETE wc_u_human_guardian
00:04.062  blend            | Read blend: "C:\Users\iputu\Documents\Wonder Chess\art-source\heroes\wc_u_human_priest\wc_u_human_priest.blend"

FBX export starting... 'C:\\Users\\iputu\\Documents\\Wonder Chess\\exports\\heroes\\wc_u_human_priest\\AN_wc_u_human_priest_Active.fbx'
export finished in 0.1029 sec.

FBX export starting... 'C:\\Users\\iputu\\Documents\\Wonder Chess\\exports\\heroes\\wc_u_human_priest\\AN_wc_u_human_priest_Hit.fbx'
export finished in 0.0843 sec.

FBX export starting... 'C:\\Users\\iputu\\Documents\\Wonder Chess\\exports\\heroes\\wc_u_human_priest\\AN_wc_u_human_priest_Defeat.fbx'
export finished in 0.1182 sec.

FBX export starting... 'C:\\Users\\iputu\\Documents\\Wonder Chess\\exports\\heroes\\wc_u_human_priest\\AN_wc_u_human_priest_Victory.fbx'
export finished in 0.1515 sec.
{
  "status": "sampled_motion_invariants_passed",
  "unit_id": "wc_u_human_priest",
  "blender_version": "5.1.1",
  "sampling": "actual deformed mesh every 3 frames at 60fps",
  "clips": [
    {
      "clip": "Idle",
      "samples": 41,
      "minimum_support_sole_z_m": 0.015300003811717033,
      "maximum_support_sole_z_m": 0.015300003811717033,
      "max_root_translation_m": 0,
      "max_pose_scale_error": 0
    },
    {
      "clip": "Move",
      "samples": 21,
      "minimum_support_sole_z_m": 0.003510933369398117,
      "maximum_support_sole_z_m": 0.015300003811717033,
      "max_root_translation_m": 0,
      "max_pose_scale_error": 0
    },
    {
      "clip": "Attack",
      "samples": 15,
      "minimum_support_sole_z_m": 0.015300003811717033,
      "maximum_support_sole_z_m": 0.015300003811717033,
      "max_root_translation_m": 0,
      "max_pose_scale_error": 0
    },
    {
      "clip": "Active",
      "samples": 14,
      "minimum_support_sole_z_m": 0.015300003811717033,
      "maximum_support_sole_z_m": 0.015300003811717033,
      "max_root_translation_m": 0,
      "max_pose_scale_error": 0
    },
    {
      "clip": "Hit",
      "samples": 9,
      "minimum_support_sole_z_m": 0.015300003811717033,
      "maximum_support_sole_z_m": 0.015300003811717033,
      "max_root_translation_m": 0,
      "max_pose_scale_error": 0
    },
    {
      "clip": "Defeat",
      "samples": 21,
      "minimum_support_sole_z_m": 0.015299929305911064,
      "maximum_support_sole_z_m": 0.015300042927265167,
      "max_root_translation_m": 0,
      "max_pose_scale_error": 0
    },
    {
      "clip": "Victory",
      "samples": 31,
      "minimum_support_sole_z_m": 0.015300003811717033,
      "maximum_support_sole_z_m": 0.015300003811717033,
      "max_root_translation_m": 0,
      "max_pose_scale_error": 0
    }
  ],
  "errors": [],
  "not_checked": [
    "continuous visual quality",
    "weapon/costume clipping",
    "semantic gesture review",
    "Unreal retarget/import",
    "runtime move-speed synchronization"
  ]
}
Info: Saved as "wc_u_human_priest.blend"
WC_ANIMATION_REFINEMENT_COMPLETE wc_u_human_priest
00:05.890  blend            | Read blend: "C:\Users\iputu\Documents\Wonder Chess\art-source\heroes\wc_u_human_mage\wc_u_human_mage.blend"

FBX export starting... 'C:\\Users\\iputu\\Documents\\Wonder Chess\\exports\\heroes\\wc_u_human_mage\\AN_wc_u_human_mage_Active.fbx'
export finished in 0.1125 sec.

FBX export starting... 'C:\\Users\\iputu\\Documents\\Wonder Chess\\exports\\heroes\\wc_u_human_mage\\AN_wc_u_human_mage_Hit.fbx'
export finished in 0.0771 sec.

FBX export starting... 'C:\\Users\\iputu\\Documents\\Wonder Chess\\exports\\heroes\\wc_u_human_mage\\AN_wc_u_human_mage_Defeat.fbx'
export finished in 0.1041 sec.

FBX export starting... 'C:\\Users\\iputu\\Documents\\Wonder Chess\\exports\\heroes\\wc_u_human_mage\\AN_wc_u_human_mage_Victory.fbx'
export finished in 0.1433 sec.
{
  "status": "sampled_motion_invariants_passed",
  "unit_id": "wc_u_human_mage",
  "blender_version": "5.1.1",
  "sampling": "actual deformed mesh every 3 frames at 60fps",
  "clips": [
    {
      "clip": "Idle",
      "samples": 41,
      "minimum_support_sole_z_m": 0.016019994392991066,
      "maximum_support_sole_z_m": 0.016019994392991066,
      "max_root_translation_m": 0,
      "max_pose_scale_error": 0
    },
    {
      "clip": "Move",
      "samples": 21,
      "minimum_support_sole_z_m": 0.00367613323032856,
      "maximum_support_sole_z_m": 0.016019994392991066,
      "max_root_translation_m": 0,
      "max_pose_scale_error": 0
    },
    {
      "clip": "Attack",
      "samples": 15,
      "minimum_support_sole_z_m": 0.016019994392991066,
      "maximum_support_sole_z_m": 0.016019994392991066,
      "max_root_translation_m": 0,
      "max_pose_scale_error": 0
    },
    {
      "clip": "Active",
      "samples": 16,
      "minimum_support_sole_z_m": 0.016019994392991066,
      "maximum_support_sole_z_m": 0.016019994392991066,
      "max_root_translation_m": 0,
      "max_pose_scale_error": 0
    },
    {
      "clip": "Hit",
      "samples": 9,
      "minimum_support_sole_z_m": 0.016019994392991066,
      "maximum_support_sole_z_m": 0.016019994392991066,
      "max_root_translation_m": 0,
      "max_pose_scale_error": 0
    },
    {
      "clip": "Defeat",
      "samples": 21,
      "minimum_support_sole_z_m": 0.016019858419895172,
      "maximum_support_sole_z_m": 0.0160200297832489,
      "max_root_translation_m": 0,
      "max_pose_scale_error": 0
    },
    {
      "clip": "Victory",
      "samples": 31,
      "minimum_support_sole_z_m": 0.016019994392991066,
      "maximum_support_sole_z_m": 0.016019994392991066,
      "max_root_translation_m": 0,
      "max_pose_scale_error": 0
    }
  ],
  "errors": [],
  "not_checked": [
    "continuous visual quality",
    "weapon/costume clipping",
    "semantic gesture review",
    "Unreal retarget/import",
    "runtime move-speed synchronization"
  ]
}
Info: Saved as "wc_u_human_mage.blend"
WC_ANIMATION_REFINEMENT_COMPLETE wc_u_human_mage
00:07.875  blend            | Read blend: "C:\Users\iputu\Documents\Wonder Chess\art-source\heroes\wc_u_elf_ranger\wc_u_elf_ranger.blend"

FBX export starting... 'C:\\Users\\iputu\\Documents\\Wonder Chess\\exports\\heroes\\wc_u_elf_ranger\\AN_wc_u_elf_ranger_Active.fbx'
export finished in 0.0890 sec.

FBX export starting... 'C:\\Users\\iputu\\Documents\\Wonder Chess\\exports\\heroes\\wc_u_elf_ranger\\AN_wc_u_elf_ranger_Hit.fbx'
export finished in 0.0914 sec.

FBX export starting... 'C:\\Users\\iputu\\Documents\\Wonder Chess\\exports\\heroes\\wc_u_elf_ranger\\AN_wc_u_elf_ranger_Defeat.fbx'
export finished in 0.1399 sec.

FBX export starting... 'C:\\Users\\iputu\\Documents\\Wonder Chess\\exports\\heroes\\wc_u_elf_ranger\\AN_wc_u_elf_ranger_Victory.fbx'
export finished in 0.1813 sec.
{
  "status": "sampled_motion_invariants_passed",
  "unit_id": "wc_u_elf_ranger",
  "blender_version": "5.1.1",
  "sampling": "actual deformed mesh every 3 frames at 60fps",
  "clips": [
    {
      "clip": "Idle",
      "samples": 41,
      "minimum_support_sole_z_m": 0.01691998913884163,
      "maximum_support_sole_z_m": 0.01691998913884163,
      "max_root_translation_m": 0,
      "max_pose_scale_error": 0
    },
    {
      "clip": "Move",
      "samples": 21,
      "minimum_support_sole_z_m": 0.003882620483636856,
      "maximum_support_sole_z_m": 0.01691998913884163,
      "max_root_translation_m": 0,
      "max_pose_scale_error": 0
    },
    {
      "clip": "Attack",
      "samples": 15,
      "minimum_support_sole_z_m": 0.01691998913884163,
      "maximum_support_sole_z_m": 0.01691998913884163,
      "max_root_translation_m": 0,
      "max_pose_scale_error": 0
    },
    {
      "clip": "Active",
      "samples": 11,
      "minimum_support_sole_z_m": 0.01691998913884163,
      "maximum_support_sole_z_m": 0.016919996589422226,
      "max_root_translation_m": 0,
      "max_pose_scale_error": 0
    },
    {
      "clip": "Hit",
      "samples": 9,
      "minimum_support_sole_z_m": 0.01691998913884163,
      "maximum_support_sole_z_m": 0.01691998913884163,
      "max_root_translation_m": 0,
      "max_pose_scale_error": 0
    },
    {
      "clip": "Defeat",
      "samples": 21,
      "minimum_support_sole_z_m": 0.016919851303100586,
      "maximum_support_sole_z_m": 0.016919966787099838,
      "max_root_translation_m": 0,
      "max_pose_scale_error": 0
    },
    {
      "clip": "Victory",
      "samples": 31,
      "minimum_support_sole_z_m": 0.01691998913884163,
      "maximum_support_sole_z_m": 0.01691998913884163,
      "max_root_translation_m": 0,
      "max_pose_scale_error": 0
    }
  ],
  "errors": [],
  "not_checked": [
    "continuous visual quality",
    "weapon/costume clipping",
    "semantic gesture review",
    "Unreal retarget/import",
    "runtime move-speed synchronization"
  ]
}
Info: Saved as "wc_u_elf_ranger.blend"
WC_ANIMATION_REFINEMENT_COMPLETE wc_u_elf_ranger
00:09.890  blend            | Read blend: "C:\Users\iputu\Documents\Wonder Chess\art-source\heroes\wc_u_elf_priest\wc_u_elf_priest.blend"

FBX export starting... 'C:\\Users\\iputu\\Documents\\Wonder Chess\\exports\\heroes\\wc_u_elf_priest\\AN_wc_u_elf_priest_Active.fbx'
export finished in 0.1205 sec.

FBX export starting... 'C:\\Users\\iputu\\Documents\\Wonder Chess\\exports\\heroes\\wc_u_elf_priest\\AN_wc_u_elf_priest_Hit.fbx'
export finished in 0.0728 sec.

FBX export starting... 'C:\\Users\\iputu\\Documents\\Wonder Chess\\exports\\heroes\\wc_u_elf_priest\\AN_wc_u_elf_priest_Defeat.fbx'
export finished in 0.1069 sec.

FBX export starting... 'C:\\Users\\iputu\\Documents\\Wonder Chess\\exports\\heroes\\wc_u_elf_priest\\AN_wc_u_elf_priest_Victory.fbx'
export finished in 0.1427 sec.
{
  "status": "sampled_motion_invariants_passed",
  "unit_id": "wc_u_elf_priest",
  "blender_version": "5.1.1",
  "sampling": "actual deformed mesh every 3 frames at 60fps",
  "clips": [
    {
      "clip": "Idle",
      "samples": 41,
      "minimum_support_sole_z_m": 0.016649996861815453,
      "maximum_support_sole_z_m": 0.016649996861815453,
      "max_root_translation_m": 0,
      "max_pose_scale_error": 0
    },
    {
      "clip": "Move",
      "samples": 21,
      "minimum_support_sole_z_m": 0.0038206372410058975,
      "maximum_support_sole_z_m": 0.016649996861815453,
      "max_root_translation_m": 0,
      "max_pose_scale_error": 0
    },
    {
      "clip": "Attack",
      "samples": 15,
      "minimum_support_sole_z_m": 0.016649996861815453,
      "maximum_support_sole_z_m": 0.016649996861815453,
      "max_root_translation_m": 0,
      "max_pose_scale_error": 0
    },
    {
      "clip": "Active",
      "samples": 14,
      "minimum_support_sole_z_m": 0.016649996861815453,
      "maximum_support_sole_z_m": 0.016649996861815453,
      "max_root_translation_m": 0,
      "max_pose_scale_error": 0
    },
    {
      "clip": "Hit",
      "samples": 9,
      "minimum_support_sole_z_m": 0.016649996861815453,
      "maximum_support_sole_z_m": 0.016649996861815453,
      "max_root_translation_m": 0,
      "max_pose_scale_error": 0
    },
    {
      "clip": "Defeat",
      "samples": 21,
      "minimum_support_sole_z_m": 0.016649972647428513,
      "maximum_support_sole_z_m": 0.016650065779685974,
      "max_root_translation_m": 0,
      "max_pose_scale_error": 0
    },
    {
      "clip": "Victory",
      "samples": 31,
      "minimum_support_sole_z_m": 0.016649996861815453,
      "maximum_support_sole_z_m": 0.016649996861815453,
      "max_root_translation_m": 0,
      "max_pose_scale_error": 0
    }
  ],
  "errors": [],
  "not_checked": [
    "continuous visual quality",
    "weapon/costume clipping",
    "semantic gesture review",
    "Unreal retarget/import",
    "runtime move-speed synchronization"
  ]
}
Info: Saved as "wc_u_elf_priest.blend"
WC_ANIMATION_REFINEMENT_COMPLETE wc_u_elf_priest
00:11.984  blend            | Read blend: "C:\Users\iputu\Documents\Wonder Chess\art-source\heroes\wc_u_elf_rogue\wc_u_elf_rogue.blend"

FBX export starting... 'C:\\Users\\iputu\\Documents\\Wonder Chess\\exports\\heroes\\wc_u_elf_rogue\\AN_wc_u_elf_rogue_Hit.fbx'
export finished in 0.0726 sec.

FBX export starting... 'C:\\Users\\iputu\\Documents\\Wonder Chess\\exports\\heroes\\wc_u_elf_rogue\\AN_wc_u_elf_rogue_Defeat.fbx'
export finished in 0.1077 sec.
{
  "status": "sampled_motion_invariants_passed",
  "unit_id": "wc_u_elf_rogue",
  "blender_version": "5.1.1",
  "sampling": "actual deformed mesh every 3 frames at 60fps",
  "clips": [
    {
      "clip": "Idle",
      "samples": 41,
      "minimum_support_sole_z_m": 0.017099998891353607,
      "maximum_support_sole_z_m": 0.017099998891353607,
      "max_root_translation_m": 0,
      "max_pose_scale_error": 4.172325134277344e-07
    },
    {
      "clip": "Move",
      "samples": 21,
      "minimum_support_sole_z_m": -0.0025624800473451614,
      "maximum_support_sole_z_m": 0.017100045457482338,
      "max_root_translation_m": 0,
      "max_pose_scale_error": 4.172325134277344e-07
    },
    {
      "clip": "Attack",
      "samples": 14,
      "minimum_support_sole_z_m": 0.017099998891353607,
      "maximum_support_sole_z_m": 0.017099998891353607,
      "max_root_translation_m": 0,
      "max_pose_scale_error": 4.172325134277344e-07
    },
    {
      "clip": "Active",
      "samples": 11,
      "minimum_support_sole_z_m": 0.017099998891353607,
      "maximum_support_sole_z_m": 0.017100006341934204,
      "max_root_translation_m": 0,
      "max_pose_scale_error": 4.172325134277344e-07
    },
    {
      "clip": "Hit",
      "samples": 9,
      "minimum_support_sole_z_m": 0.017099998891353607,
      "maximum_support_sole_z_m": 0.017099998891353607,
      "max_root_translation_m": 0,
      "max_pose_scale_error": 4.172325134277344e-07
    },
    {
      "clip": "Defeat",
      "samples": 21,
      "minimum_support_sole_z_m": 0.017099885269999504,
      "maximum_support_sole_z_m": 0.01710003800690174,
      "max_root_translation_m": 0,
      "max_pose_scale_error": 4.172325134277344e-07
    },
    {
      "clip": "Victory",
      "samples": 31,
      "minimum_support_sole_z_m": 0.017099998891353607,
      "maximum_support_sole_z_m": 0.017099998891353607,
      "max_root_translation_m": 0,
      "max_pose_scale_error": 4.172325134277344e-07
    }
  ],
  "errors": [],
  "not_checked": [
    "continuous visual quality",
    "weapon/costume clipping",
    "semantic gesture review",
    "Unreal retarget/import",
    "runtime move-speed synchronization"
  ]
}
Info: Saved as "wc_u_elf_rogue.blend"
WC_ANIMATION_REFINEMENT_COMPLETE wc_u_elf_rogue
00:12.984  blend            | Read blend: "C:\Users\iputu\Documents\Wonder Chess\art-source\heroes\wc_u_dwarf_guardian\wc_u_dwarf_guardian.blend"

FBX export starting... 'C:\\Users\\iputu\\Documents\\Wonder Chess\\exports\\heroes\\wc_u_dwarf_guardian\\AN_wc_u_dwarf_guardian_Hit.fbx'
export finished in 0.0680 sec.

FBX export starting... 'C:\\Users\\iputu\\Documents\\Wonder Chess\\exports\\heroes\\wc_u_dwarf_guardian\\AN_wc_u_dwarf_guardian_Defeat.fbx'
export finished in 0.1057 sec.
{
  "status": "sampled_motion_invariants_passed",
  "unit_id": "wc_u_dwarf_guardian",
  "blender_version": "5.1.1",
  "sampling": "actual deformed mesh every 3 frames at 60fps",
  "clips": [
    {
      "clip": "Idle",
      "samples": 41,
      "minimum_support_sole_z_m": 0.012419994920492172,
      "maximum_support_sole_z_m": 0.012419994920492172,
      "max_root_translation_m": 0,
      "max_pose_scale_error": 0
    },
    {
      "clip": "Move",
      "samples": 21,
      "minimum_support_sole_z_m": 0.005200492218136787,
      "maximum_support_sole_z_m": 0.012419994920492172,
      "max_root_translation_m": 0,
      "max_pose_scale_error": 0
    },
    {
      "clip": "Attack",
      "samples": 14,
      "minimum_support_sole_z_m": 0.012419994920492172,
      "maximum_support_sole_z_m": 0.012419994920492172,
      "max_root_translation_m": 0,
      "max_pose_scale_error": 0
    },
    {
      "clip": "Active",
      "samples": 15,
      "minimum_support_sole_z_m": 0.012419994920492172,
      "maximum_support_sole_z_m": 0.012419994920492172,
      "max_root_translation_m": 0,
      "max_pose_scale_error": 0
    },
    {
      "clip": "Hit",
      "samples": 9,
      "minimum_support_sole_z_m": 0.012419994920492172,
      "maximum_support_sole_z_m": 0.012419994920492172,
      "max_root_translation_m": 0,
      "max_pose_scale_error": 0
    },
    {
      "clip": "Defeat",
      "samples": 21,
      "minimum_support_sole_z_m": 0.012419946491718292,
      "maximum_support_sole_z_m": 0.012420044280588627,
      "max_root_translation_m": 0,
      "max_pose_scale_error": 0
    },
    {
      "clip": "Victory",
      "samples": 31,
      "minimum_support_sole_z_m": 0.012419994920492172,
      "maximum_support_sole_z_m": 0.012419994920492172,
      "max_root_translation_m": 0,
      "max_pose_scale_error": 0
    }
  ],
  "errors": [],
  "not_checked": [
    "continuous visual quality",
    "weapon/costume clipping",
    "semantic gesture review",
    "Unreal retarget/import",
    "runtime move-speed synchronization"
  ]
}
Info: Saved as "wc_u_dwarf_guardian.blend"
WC_ANIMATION_REFINEMENT_COMPLETE wc_u_dwarf_guardian
00:14.203  blend            | Read blend: "C:\Users\iputu\Documents\Wonder Chess\art-source\heroes\wc_u_dwarf_ranger\wc_u_dwarf_ranger.blend"

FBX export starting... 'C:\\Users\\iputu\\Documents\\Wonder Chess\\exports\\heroes\\wc_u_dwarf_ranger\\AN_wc_u_dwarf_ranger_Active.fbx'
export finished in 0.0872 sec.

FBX export starting... 'C:\\Users\\iputu\\Documents\\Wonder Chess\\exports\\heroes\\wc_u_dwarf_ranger\\AN_wc_u_dwarf_ranger_Hit.fbx'
export finished in 0.0705 sec.

FBX export starting... 'C:\\Users\\iputu\\Documents\\Wonder Chess\\exports\\heroes\\wc_u_dwarf_ranger\\AN_wc_u_dwarf_ranger_Defeat.fbx'
export finished in 0.1220 sec.

FBX export starting... 'C:\\Users\\iputu\\Documents\\Wonder Chess\\exports\\heroes\\wc_u_dwarf_ranger\\AN_wc_u_dwarf_ranger_Victory.fbx'
export finished in 0.1384 sec.
{
  "status": "sampled_motion_invariants_passed",
  "unit_id": "wc_u_dwarf_ranger",
  "blender_version": "5.1.1",
  "sampling": "actual deformed mesh every 3 frames at 60fps",
  "clips": [
    {
      "clip": "Idle",
      "samples": 41,
      "minimum_support_sole_z_m": 0.011880003847181797,
      "maximum_support_sole_z_m": 0.011880003847181797,
      "max_root_translation_m": 0,
      "max_pose_scale_error": 0
    },
    {
      "clip": "Move",
      "samples": 21,
      "minimum_support_sole_z_m": 0.0049743871204555035,
      "maximum_support_sole_z_m": 0.011880003847181797,
      "max_root_translation_m": 0,
      "max_pose_scale_error": 0
    },
    {
      "clip": "Attack",
      "samples": 15,
      "minimum_support_sole_z_m": 0.011880003847181797,
      "maximum_support_sole_z_m": 0.011880003847181797,
      "max_root_translation_m": 0,
      "max_pose_scale_error": 0
    },
    {
      "clip": "Active",
      "samples": 14,
      "minimum_support_sole_z_m": 0.011880003847181797,
      "maximum_support_sole_z_m": 0.011880003847181797,
      "max_root_translation_m": 0,
      "max_pose_scale_error": 0
    },
    {
      "clip": "Hit",
      "samples": 9,
      "minimum_support_sole_z_m": 0.011880003847181797,
      "maximum_support_sole_z_m": 0.011880003847181797,
      "max_root_translation_m": 0,
      "max_pose_scale_error": 0
    },
    {
      "clip": "Defeat",
      "samples": 21,
      "minimum_support_sole_z_m": 0.011879946105182171,
      "maximum_support_sole_z_m": 0.011880043894052505,
      "max_root_translation_m": 0,
      "max_pose_scale_error": 0
    },
    {
      "clip": "Victory",
      "samples": 31,
      "minimum_support_sole_z_m": 0.011880003847181797,
      "maximum_support_sole_z_m": 0.011880003847181797,
      "max_root_translation_m": 0,
      "max_pose_scale_error": 0
    }
  ],
  "errors": [],
  "not_checked": [
    "continuous visual quality",
    "weapon/costume clipping",
    "semantic gesture review",
    "Unreal retarget/import",
    "runtime move-speed synchronization"
  ]
}
Info: Saved as "wc_u_dwarf_ranger.blend"
WC_ANIMATION_REFINEMENT_COMPLETE wc_u_dwarf_ranger
00:16.218  blend            | Read blend: "C:\Users\iputu\Documents\Wonder Chess\art-source\heroes\wc_u_dwarf_warrior\wc_u_dwarf_warrior.blend"

FBX export starting... 'C:\\Users\\iputu\\Documents\\Wonder Chess\\exports\\heroes\\wc_u_dwarf_warrior\\AN_wc_u_dwarf_warrior_Hit.fbx'
export finished in 0.0634 sec.

FBX export starting... 'C:\\Users\\iputu\\Documents\\Wonder Chess\\exports\\heroes\\wc_u_dwarf_warrior\\AN_wc_u_dwarf_warrior_Defeat.fbx'
export finished in 0.1207 sec.
{
  "status": "sampled_motion_invariants_passed",
  "unit_id": "wc_u_dwarf_warrior",
  "blender_version": "5.1.1",
  "sampling": "actual deformed mesh every 3 frames at 60fps",
  "clips": [
    {
      "clip": "Idle",
      "samples": 41,
      "minimum_support_sole_z_m": 0.012779991142451763,
      "maximum_support_sole_z_m": 0.012779991142451763,
      "max_root_translation_m": 0,
      "max_pose_scale_error": 1.1920928955078125e-07
    },
    {
      "clip": "Move",
      "samples": 21,
      "minimum_support_sole_z_m": 0.005351237487047911,
      "maximum_support_sole_z_m": 0.012779991142451763,
      "max_root_translation_m": 0,
      "max_pose_scale_error": 1.1920928955078125e-07
    },
    {
      "clip": "Attack",
      "samples": 16,
      "minimum_support_sole_z_m": 0.012779991142451763,
      "maximum_support_sole_z_m": 0.012779991142451763,
      "max_root_translation_m": 0,
      "max_pose_scale_error": 1.1920928955078125e-07
    },
    {
      "clip": "Active",
      "samples": 15,
      "minimum_support_sole_z_m": 0.012779991142451763,
      "maximum_support_sole_z_m": 0.012779991142451763,
      "max_root_translation_m": 0,
      "max_pose_scale_error": 1.1920928955078125e-07
    },
    {
      "clip": "Hit",
      "samples": 9,
      "minimum_support_sole_z_m": 0.012779991142451763,
      "maximum_support_sole_z_m": 0.012779991142451763,
      "max_root_translation_m": 0,
      "max_pose_scale_error": 1.1920928955078125e-07
    },
    {
      "clip": "Defeat",
      "samples": 21,
      "minimum_support_sole_z_m": 0.01277994830161333,
      "maximum_support_sole_z_m": 0.012780046090483665,
      "max_root_translation_m": 0,
      "max_pose_scale_error": 1.1920928955078125e-07
    },
    {
      "clip": "Victory",
      "samples": 31,
      "minimum_support_sole_z_m": 0.012779991142451763,
      "maximum_support_sole_z_m": 0.012779991142451763,
      "max_root_translation_m": 0,
      "max_pose_scale_error": 1.1920928955078125e-07
    }
  ],
  "errors": [],
  "not_checked": [
    "continuous visual quality",
    "weapon/costume clipping",
    "semantic gesture review",
    "Unreal retarget/import",
    "runtime move-speed synchronization"
  ]
}
Info: Saved as "wc_u_dwarf_warrior.blend"
WC_ANIMATION_REFINEMENT_COMPLETE wc_u_dwarf_warrior
00:17.375  blend            | Read blend: "C:\Users\iputu\Documents\Wonder Chess\art-source\heroes\wc_u_orc_warrior\wc_u_orc_warrior.blend"

FBX export starting... 'C:\\Users\\iputu\\Documents\\Wonder Chess\\exports\\heroes\\wc_u_orc_warrior\\AN_wc_u_orc_warrior_Hit.fbx'
export finished in 0.0867 sec.

FBX export starting... 'C:\\Users\\iputu\\Documents\\Wonder Chess\\exports\\heroes\\wc_u_orc_warrior\\AN_wc_u_orc_warrior_Defeat.fbx'
export finished in 0.1195 sec.
{
  "status": "sampled_motion_invariants_passed",
  "unit_id": "wc_u_orc_warrior",
  "blender_version": "5.1.1",
  "sampling": "actual deformed mesh every 3 frames at 60fps",
  "clips": [
    {
      "clip": "Idle",
      "samples": 41,
      "minimum_support_sole_z_m": 0.018359994515776634,
      "maximum_support_sole_z_m": 0.018359994515776634,
      "max_root_translation_m": 0,
      "max_pose_scale_error": 2.384185791015625e-07
    },
    {
      "clip": "Move",
      "samples": 21,
      "minimum_support_sole_z_m": 0.004213172942399979,
      "maximum_support_sole_z_m": 0.018359994515776634,
      "max_root_translation_m": 0,
      "max_pose_scale_error": 2.384185791015625e-07
    },
    {
      "clip": "Attack",
      "samples": 16,
      "minimum_support_sole_z_m": 0.018359994515776634,
      "maximum_support_sole_z_m": 0.018359994515776634,
      "max_root_translation_m": 0,
      "max_pose_scale_error": 2.384185791015625e-07
    },
    {
      "clip": "Active",
      "samples": 12,
      "minimum_support_sole_z_m": 0.018359994515776634,
      "maximum_support_sole_z_m": 0.018359994515776634,
      "max_root_translation_m": 0,
      "max_pose_scale_error": 2.384185791015625e-07
    },
    {
      "clip": "Hit",
      "samples": 9,
      "minimum_support_sole_z_m": 0.018359994515776634,
      "maximum_support_sole_z_m": 0.018359994515776634,
      "max_root_translation_m": 0,
      "max_pose_scale_error": 2.384185791015625e-07
    },
    {
      "clip": "Defeat",
      "samples": 21,
      "minimum_support_sole_z_m": 0.018359949812293053,
      "maximum_support_sole_z_m": 0.018360137939453125,
      "max_root_translation_m": 0,
      "max_pose_scale_error": 2.384185791015625e-07
    },
    {
      "clip": "Victory",
      "samples": 31,
      "minimum_support_sole_z_m": 0.018359994515776634,
      "maximum_support_sole_z_m": 0.018359994515776634,
      "max_root_translation_m": 0,
      "max_pose_scale_error": 2.384185791015625e-07
    }
  ],
  "errors": [],
  "not_checked": [
    "continuous visual quality",
    "weapon/costume clipping",
    "semantic gesture review",
    "Unreal retarget/import",
    "runtime move-speed synchronization"
  ]
}
Info: Saved as "wc_u_orc_warrior.blend"
WC_ANIMATION_REFINEMENT_COMPLETE wc_u_orc_warrior
00:18.515  blend            | Read blend: "C:\Users\iputu\Documents\Wonder Chess\art-source\heroes\wc_u_orc_mage\wc_u_orc_mage.blend"

FBX export starting... 'C:\\Users\\iputu\\Documents\\Wonder Chess\\exports\\heroes\\wc_u_orc_mage\\AN_wc_u_orc_mage_Active.fbx'
export finished in 0.1140 sec.

FBX export starting... 'C:\\Users\\iputu\\Documents\\Wonder Chess\\exports\\heroes\\wc_u_orc_mage\\AN_wc_u_orc_mage_Hit.fbx'
export finished in 0.0760 sec.

FBX export starting... 'C:\\Users\\iputu\\Documents\\Wonder Chess\\exports\\heroes\\wc_u_orc_mage\\AN_wc_u_orc_mage_Defeat.fbx'
export finished in 0.1085 sec.

FBX export starting... 'C:\\Users\\iputu\\Documents\\Wonder Chess\\exports\\heroes\\wc_u_orc_mage\\AN_wc_u_orc_mage_Victory.fbx'
export finished in 0.1334 sec.
{
  "status": "sampled_motion_invariants_passed",
  "unit_id": "wc_u_orc_mage",
  "blender_version": "5.1.1",
  "sampling": "actual deformed mesh every 3 frames at 60fps",
  "clips": [
    {
      "clip": "Idle",
      "samples": 41,
      "minimum_support_sole_z_m": 0.017729993909597397,
      "maximum_support_sole_z_m": 0.017729993909597397,
      "max_root_translation_m": 0,
      "max_pose_scale_error": 0
    },
    {
      "clip": "Move",
      "samples": 21,
      "minimum_support_sole_z_m": 0.004068512469530106,
      "maximum_support_sole_z_m": 0.017729993909597397,
      "max_root_translation_m": 0,
      "max_pose_scale_error": 0
    },
    {
      "clip": "Attack",
      "samples": 15,
      "minimum_support_sole_z_m": 0.017729993909597397,
      "maximum_support_sole_z_m": 0.017729993909597397,
      "max_root_translation_m": 0,
      "max_pose_scale_error": 0
    },
    {
      "clip": "Active",
      "samples": 19,
      "minimum_support_sole_z_m": 0.017729993909597397,
      "maximum_support_sole_z_m": 0.017729993909597397,
      "max_root_translation_m": 0,
      "max_pose_scale_error": 0
    },
    {
      "clip": "Hit",
      "samples": 9,
      "minimum_support_sole_z_m": 0.017729993909597397,
      "maximum_support_sole_z_m": 0.017729993909597397,
      "max_root_translation_m": 0,
      "max_pose_scale_error": 0
    },
    {
      "clip": "Defeat",
      "samples": 21,
      "minimum_support_sole_z_m": 0.017729798331856728,
      "maximum_support_sole_z_m": 0.017729928717017174,
      "max_root_translation_m": 0,
      "max_pose_scale_error": 0
    },
    {
      "clip": "Victory",
      "samples": 31,
      "minimum_support_sole_z_m": 0.017729993909597397,
      "maximum_support_sole_z_m": 0.017729993909597397,
      "max_root_translation_m": 0,
      "max_pose_scale_error": 0
    }
  ],
  "errors": [],
  "not_checked": [
    "continuous visual quality",
    "weapon/costume clipping",
    "semantic gesture review",
    "Unreal retarget/import",
    "runtime move-speed synchronization"
  ]
}
Info: Saved as "wc_u_orc_mage.blend"
WC_ANIMATION_REFINEMENT_COMPLETE wc_u_orc_mage
00:20.609  blend            | Read blend: "C:\Users\iputu\Documents\Wonder Chess\art-source\heroes\wc_u_orc_rogue\wc_u_orc_rogue.blend"

FBX export starting... 'C:\\Users\\iputu\\Documents\\Wonder Chess\\exports\\heroes\\wc_u_orc_rogue\\AN_wc_u_orc_rogue_Hit.fbx'
export finished in 0.0774 sec.

FBX export starting... 'C:\\Users\\iputu\\Documents\\Wonder Chess\\exports\\heroes\\wc_u_orc_rogue\\AN_wc_u_orc_rogue_Defeat.fbx'
export finished in 0.1198 sec.
{
  "status": "sampled_motion_invariants_passed",
  "unit_id": "wc_u_orc_rogue",
  "blender_version": "5.1.1",
  "sampling": "actual deformed mesh every 3 frames at 60fps",
  "clips": [
    {
      "clip": "Idle",
      "samples": 41,
      "minimum_support_sole_z_m": 0.017369989305734634,
      "maximum_support_sole_z_m": 0.017369989305734634,
      "max_root_translation_m": 0,
      "max_pose_scale_error": 1.7881393432617188e-07
    },
    {
      "clip": "Move",
      "samples": 21,
      "minimum_support_sole_z_m": -0.0026030223816633224,
      "maximum_support_sole_z_m": 0.01737014390528202,
      "max_root_translation_m": 0,
      "max_pose_scale_error": 1.7881393432617188e-07
    },
    {
      "clip": "Attack",
      "samples": 14,
      "minimum_support_sole_z_m": 0.017369989305734634,
      "maximum_support_sole_z_m": 0.017369989305734634,
      "max_root_translation_m": 0,
      "max_pose_scale_error": 1.7881393432617188e-07
    },
    {
      "clip": "Active",
      "samples": 11,
      "minimum_support_sole_z_m": 0.017369989305734634,
      "maximum_support_sole_z_m": 0.017369989305734634,
      "max_root_translation_m": 0,
      "max_pose_scale_error": 1.7881393432617188e-07
    },
    {
      "clip": "Hit",
      "samples": 9,
      "minimum_support_sole_z_m": 0.017369989305734634,
      "maximum_support_sole_z_m": 0.017369989305734634,
      "max_root_translation_m": 0,
      "max_pose_scale_error": 1.7881393432617188e-07
    },
    {
      "clip": "Defeat",
      "samples": 21,
      "minimum_support_sole_z_m": 0.017369993031024933,
      "maximum_support_sole_z_m": 0.017370149493217468,
      "max_root_translation_m": 0,
      "max_pose_scale_error": 1.7881393432617188e-07
    },
    {
      "clip": "Victory",
      "samples": 31,
      "minimum_support_sole_z_m": 0.017369989305734634,
      "maximum_support_sole_z_m": 0.017369989305734634,
      "max_root_translation_m": 0,
      "max_pose_scale_error": 1.7881393432617188e-07
    }
  ],
  "errors": [],
  "not_checked": [
    "continuous visual quality",
    "weapon/costume clipping",
    "semantic gesture review",
    "Unreal retarget/import",
    "runtime move-speed synchronization"
  ]
}
Info: Saved as "wc_u_orc_rogue.blend"
WC_ANIMATION_REFINEMENT_COMPLETE wc_u_orc_rogue
Blender 5.1.1 (hash b70da489d7f4 built 2026-04-14 01:37:22)

Blender quit
