C:\Users\iputu\Documents\Wonder Chess\tools\blender\author_alpha.py:145: DeprecationWarning: 'Material.use_nodes' is expected to be removed in Blender 6.0
  mat=bpy.data.materials.new(f'M_{unit["id"]}');mat.use_nodes=True
C:\Users\iputu\Documents\Wonder Chess\tools\blender\author_alpha.py:620: DeprecationWarning: 'Material.use_nodes' is expected to be removed in Blender 6.0
  mat=bpy.data.materials.new('PRESENTATION_DeepBlue');mat.diffuse_color=(.045,.065,.10,1);mat.use_nodes=True
00:19.078  render           | Saved: 'C:\Users\iputu\Documents\Wonder Chess\exports\heroes\wc_u_elf_priest\portrait.png'
00:25.078  render           | Saved: 'C:\Users\iputu\Documents\Wonder Chess\reports\WC-330\wc_u_elf_priest\front.png'
00:30.125  render           | Saved: 'C:\Users\iputu\Documents\Wonder Chess\reports\WC-330\wc_u_elf_priest\side.png'
00:35.313  render           | Saved: 'C:\Users\iputu\Documents\Wonder Chess\reports\WC-330\wc_u_elf_priest\back.png'
00:36.500  render           | Saved: 'C:\Users\iputu\Documents\Wonder Chess\reports\WC-330\wc_u_elf_priest\clip_Idle.png'
00:37.719  render           | Saved: 'C:\Users\iputu\Documents\Wonder Chess\reports\WC-330\wc_u_elf_priest\clip_Move.png'
00:38.953  render           | Saved: 'C:\Users\iputu\Documents\Wonder Chess\reports\WC-330\wc_u_elf_priest\clip_Attack.png'
00:40.203  render           | Saved: 'C:\Users\iputu\Documents\Wonder Chess\reports\WC-330\wc_u_elf_priest\clip_Active.png'
00:41.391  render           | Saved: 'C:\Users\iputu\Documents\Wonder Chess\reports\WC-330\wc_u_elf_priest\clip_Hit.png'
00:42.657  render           | Saved: 'C:\Users\iputu\Documents\Wonder Chess\reports\WC-330\wc_u_elf_priest\clip_Defeat.png'
00:43.922  render           | Saved: 'C:\Users\iputu\Documents\Wonder Chess\reports\WC-330\wc_u_elf_priest\clip_Victory.png'

FBX export starting... 'C:\\Users\\iputu\\Documents\\Wonder Chess\\exports\\heroes\\wc_u_elf_priest\\SK_wc_u_elf_priest.fbx'
(bpy.data.armatures['WC_humanoid_slender_v1.001'], 'POSE')
export finished in 0.0298 sec.
Info: Applied modifier was not first, result may not be as expected

FBX export starting... 'C:\\Users\\iputu\\Documents\\Wonder Chess\\exports\\heroes\\wc_u_elf_priest\\SK_wc_u_elf_priest_LOD1.fbx'
(bpy.data.armatures['WC_humanoid_slender_v1.001'], 'POSE')
export finished in 0.0281 sec.
Info: Applied modifier was not first, result may not be as expected

FBX export starting... 'C:\\Users\\iputu\\Documents\\Wonder Chess\\exports\\heroes\\wc_u_elf_priest\\SK_wc_u_elf_priest_LOD2.fbx'
(bpy.data.armatures['WC_humanoid_slender_v1.001'], 'POSE')
export finished in 0.0257 sec.

FBX export starting... 'C:\\Users\\iputu\\Documents\\Wonder Chess\\exports\\heroes\\wc_u_elf_priest\\AN_wc_u_elf_priest_Idle.fbx'
export finished in 0.1406 sec.

FBX export starting... 'C:\\Users\\iputu\\Documents\\Wonder Chess\\exports\\heroes\\wc_u_elf_priest\\AN_wc_u_elf_priest_Move.fbx'
export finished in 0.0831 sec.

FBX export starting... 'C:\\Users\\iputu\\Documents\\Wonder Chess\\exports\\heroes\\wc_u_elf_priest\\AN_wc_u_elf_priest_Attack.fbx'
export finished in 0.0766 sec.

FBX export starting... 'C:\\Users\\iputu\\Documents\\Wonder Chess\\exports\\heroes\\wc_u_elf_priest\\AN_wc_u_elf_priest_Active.fbx'
export finished in 0.0720 sec.

FBX export starting... 'C:\\Users\\iputu\\Documents\\Wonder Chess\\exports\\heroes\\wc_u_elf_priest\\AN_wc_u_elf_priest_Hit.fbx'
export finished in 0.0547 sec.

FBX export starting... 'C:\\Users\\iputu\\Documents\\Wonder Chess\\exports\\heroes\\wc_u_elf_priest\\AN_wc_u_elf_priest_Defeat.fbx'
export finished in 0.0862 sec.

FBX export starting... 'C:\\Users\\iputu\\Documents\\Wonder Chess\\exports\\heroes\\wc_u_elf_priest\\AN_wc_u_elf_priest_Victory.fbx'
export finished in 0.0949 sec.
Info: Saved as "wc_u_elf_priest.blend"
{
  "status": "structural_checks_passed_visual_review_required",
  "blender_version": "5.1.1",
  "collection": "EXPORT",
  "evaluated_triangle_total": 4582,
  "objects": [
    {
      "name": "Armature",
      "type": "ARMATURE",
      "scale": [
        1.0,
        1.0,
        1.0
      ],
      "dimensions": [
        0.7656435966491699,
        0.4922480583190918,
        1.9887501001358032
      ],
      "roots": [
        "root"
      ],
      "deform_bones": 27
    },
    {
      "name": "SK_wc_u_elf_priest",
      "type": "MESH",
      "scale": [
        1.0,
        1.0,
        1.0
      ],
      "dimensions": [
        0.9421659708023071,
        0.6780633926391602,
        1.840749979019165
      ],
      "evaluated_triangles": 4582,
      "material_slots": 1,
      "uv_layers": 1,
      "skin_checks": {
        "unweighted": 0,
        "excess_influences": 0,
        "unnormalized": 0
      }
    }
  ],
  "errors": [],
  "warnings": [],
  "not_checked": [
    "appearance",
    "deformation across all clips",
    "UV overlap appropriateness",
    "normal-map convention",
    "Unreal import",
    "LOD silhouette",
    "gameplay readability"
  ]
}
{
  "status": "sampled_motion_invariants_passed",
  "unit_id": "wc_u_elf_priest",
  "blender_version": "5.1.1",
  "sampling": "actual deformed mesh every 3 frames at 60fps",
  "clips": [
    {
      "clip": "Idle",
      "samples": 41,
      "minimum_support_sole_z_m": 0.016649996861815453,
      "maximum_support_sole_z_m": 0.016649996861815453,
      "max_root_translation_m": 0,
      "max_pose_scale_error": 0
    },
    {
      "clip": "Move",
      "samples": 21,
      "minimum_support_sole_z_m": 0.0038206372410058975,
      "maximum_support_sole_z_m": 0.016649996861815453,
      "max_root_translation_m": 0,
      "max_pose_scale_error": 0
    },
    {
      "clip": "Attack",
      "samples": 15,
      "minimum_support_sole_z_m": 0.016649996861815453,
      "maximum_support_sole_z_m": 0.016649996861815453,
      "max_root_translation_m": 0,
      "max_pose_scale_error": 0
    },
    {
      "clip": "Active",
      "samples": 14,
      "minimum_support_sole_z_m": 0.016649996861815453,
      "maximum_support_sole_z_m": 0.016649996861815453,
      "max_root_translation_m": 0,
      "max_pose_scale_error": 0
    },
    {
      "clip": "Hit",
      "samples": 9,
      "minimum_support_sole_z_m": 0.016649996861815453,
      "maximum_support_sole_z_m": 0.016649996861815453,
      "max_root_translation_m": 0,
      "max_pose_scale_error": 0
    },
    {
      "clip": "Defeat",
      "samples": 21,
      "minimum_support_sole_z_m": 0.01547427847981453,
      "maximum_support_sole_z_m": 0.029288461431860924,
      "max_root_translation_m": 0,
      "max_pose_scale_error": 0
    },
    {
      "clip": "Victory",
      "samples": 31,
      "minimum_support_sole_z_m": 0.016649996861815453,
      "maximum_support_sole_z_m": 0.016649996861815453,
      "max_root_translation_m": 0,
      "max_pose_scale_error": 0
    }
  ],
  "errors": [],
  "not_checked": [
    "continuous visual quality",
    "weapon/costume clipping",
    "semantic gesture review",
    "Unreal retarget/import",
    "runtime move-speed synchronization"
  ]
}
WC_HERO_COMPLETE wc_u_elf_priest {"triangles": 4582, "bones": 27}
01:06.078  render           | Saved: 'C:\Users\iputu\Documents\Wonder Chess\exports\heroes\wc_u_dwarf_ranger\portrait.png'
01:15.641  render           | Saved: 'C:\Users\iputu\Documents\Wonder Chess\reports\WC-330\wc_u_dwarf_ranger\front.png'
01:23.282  render           | Saved: 'C:\Users\iputu\Documents\Wonder Chess\reports\WC-330\wc_u_dwarf_ranger\side.png'
01:28.547  render           | Saved: 'C:\Users\iputu\Documents\Wonder Chess\reports\WC-330\wc_u_dwarf_ranger\back.png'
01:29.860  render           | Saved: 'C:\Users\iputu\Documents\Wonder Chess\reports\WC-330\wc_u_dwarf_ranger\clip_Idle.png'
01:31.297  render           | Saved: 'C:\Users\iputu\Documents\Wonder Chess\reports\WC-330\wc_u_dwarf_ranger\clip_Move.png'
01:32.625  render           | Saved: 'C:\Users\iputu\Documents\Wonder Chess\reports\WC-330\wc_u_dwarf_ranger\clip_Attack.png'
01:33.938  render           | Saved: 'C:\Users\iputu\Documents\Wonder Chess\reports\WC-330\wc_u_dwarf_ranger\clip_Active.png'
01:35.297  render           | Saved: 'C:\Users\iputu\Documents\Wonder Chess\reports\WC-330\wc_u_dwarf_ranger\clip_Hit.png'
01:36.610  render           | Saved: 'C:\Users\iputu\Documents\Wonder Chess\reports\WC-330\wc_u_dwarf_ranger\clip_Defeat.png'
01:38.203  render           | Saved: 'C:\Users\iputu\Documents\Wonder Chess\reports\WC-330\wc_u_dwarf_ranger\clip_Victory.png'

FBX export starting... 'C:\\Users\\iputu\\Documents\\Wonder Chess\\exports\\heroes\\wc_u_dwarf_ranger\\SK_wc_u_dwarf_ranger.fbx'
(bpy.data.armatures['WC_humanoid_stocky_v1.001'], 'POSE')
export finished in 0.0292 sec.
Info: Applied modifier was not first, result may not be as expected

FBX export starting... 'C:\\Users\\iputu\\Documents\\Wonder Chess\\exports\\heroes\\wc_u_dwarf_ranger\\SK_wc_u_dwarf_ranger_LOD1.fbx'
(bpy.data.armatures['WC_humanoid_stocky_v1.001'], 'POSE')
export finished in 0.0336 sec.
Info: Applied modifier was not first, result may not be as expected

FBX export starting... 'C:\\Users\\iputu\\Documents\\Wonder Chess\\exports\\heroes\\wc_u_dwarf_ranger\\SK_wc_u_dwarf_ranger_LOD2.fbx'
(bpy.data.armatures['WC_humanoid_stocky_v1.001'], 'POSE')
export finished in 0.0268 sec.

FBX export starting... 'C:\\Users\\iputu\\Documents\\Wonder Chess\\exports\\heroes\\wc_u_dwarf_ranger\\AN_wc_u_dwarf_ranger_Idle.fbx'
export finished in 0.1369 sec.

FBX export starting... 'C:\\Users\\iputu\\Documents\\Wonder Chess\\exports\\heroes\\wc_u_dwarf_ranger\\AN_wc_u_dwarf_ranger_Move.fbx'
export finished in 0.0882 sec.

FBX export starting... 'C:\\Users\\iputu\\Documents\\Wonder Chess\\exports\\heroes\\wc_u_dwarf_ranger\\AN_wc_u_dwarf_ranger_Attack.fbx'
export finished in 0.0646 sec.

FBX export starting... 'C:\\Users\\iputu\\Documents\\Wonder Chess\\exports\\heroes\\wc_u_dwarf_ranger\\AN_wc_u_dwarf_ranger_Active.fbx'
export finished in 0.0849 sec.

FBX export starting... 'C:\\Users\\iputu\\Documents\\Wonder Chess\\exports\\heroes\\wc_u_dwarf_ranger\\AN_wc_u_dwarf_ranger_Hit.fbx'
export finished in 0.0622 sec.

FBX export starting... 'C:\\Users\\iputu\\Documents\\Wonder Chess\\exports\\heroes\\wc_u_dwarf_ranger\\AN_wc_u_dwarf_ranger_Defeat.fbx'
export finished in 0.0886 sec.

FBX export starting... 'C:\\Users\\iputu\\Documents\\Wonder Chess\\exports\\heroes\\wc_u_dwarf_ranger\\AN_wc_u_dwarf_ranger_Victory.fbx'
export finished in 0.1434 sec.
Info: Saved as "wc_u_dwarf_ranger.blend"
{
  "status": "structural_checks_passed_visual_review_required",
  "blender_version": "5.1.1",
  "collection": "EXPORT",
  "evaluated_triangle_total": 4020,
  "objects": [
    {
      "name": "Armature",
      "type": "ARMATURE",
      "scale": [
        1.0,
        1.0,
        1.0
      ],
      "dimensions": [
        0.6204000115394592,
        0.35868698358535767,
        1.4190001487731934
      ],
      "roots": [
        "root"
      ],
      "deform_bones": 27
    },
    {
      "name": "SK_wc_u_dwarf_ranger",
      "type": "MESH",
      "scale": [
        1.0,
        1.0,
        1.0
      ],
      "dimensions": [
        0.7882308959960938,
        0.723048985004425,
        1.3160400390625
      ],
      "evaluated_triangles": 4020,
      "material_slots": 1,
      "uv_layers": 1,
      "skin_checks": {
        "unweighted": 0,
        "excess_influences": 0,
        "unnormalized": 0
      }
    }
  ],
  "errors": [],
  "warnings": [],
  "not_checked": [
    "appearance",
    "deformation across all clips",
    "UV overlap appropriateness",
    "normal-map convention",
    "Unreal import",
    "LOD silhouette",
    "gameplay readability"
  ]
}
{
  "status": "sampled_motion_invariants_passed",
  "unit_id": "wc_u_dwarf_ranger",
  "blender_version": "5.1.1",
  "sampling": "actual deformed mesh every 3 frames at 60fps",
  "clips": [
    {
      "clip": "Idle",
      "samples": 41,
      "minimum_support_sole_z_m": 0.011880003847181797,
      "maximum_support_sole_z_m": 0.011880003847181797,
      "max_root_translation_m": 0,
      "max_pose_scale_error": 0
    },
    {
      "clip": "Move",
      "samples": 21,
      "minimum_support_sole_z_m": 0.0049743871204555035,
      "maximum_support_sole_z_m": 0.011880003847181797,
      "max_root_translation_m": 0,
      "max_pose_scale_error": 0
    },
    {
      "clip": "Attack",
      "samples": 15,
      "minimum_support_sole_z_m": 0.011880003847181797,
      "maximum_support_sole_z_m": 0.011880003847181797,
      "max_root_translation_m": 0,
      "max_pose_scale_error": 0
    },
    {
      "clip": "Active",
      "samples": 14,
      "minimum_support_sole_z_m": 0.011880003847181797,
      "maximum_support_sole_z_m": 0.011880003847181797,
      "max_root_translation_m": 0,
      "max_pose_scale_error": 0
    },
    {
      "clip": "Hit",
      "samples": 9,
      "minimum_support_sole_z_m": 0.011880003847181797,
      "maximum_support_sole_z_m": 0.011880003847181797,
      "max_root_translation_m": 0,
      "max_pose_scale_error": 0
    },
    {
      "clip": "Defeat",
      "samples": 21,
      "minimum_support_sole_z_m": 0.011261011473834515,
      "maximum_support_sole_z_m": 0.020897775888442993,
      "max_root_translation_m": 0,
      "max_pose_scale_error": 0
    },
    {
      "clip": "Victory",
      "samples": 31,
      "minimum_support_sole_z_m": 0.011880003847181797,
      "maximum_support_sole_z_m": 0.011880003847181797,
      "max_root_translation_m": 0,
      "max_pose_scale_error": 0
    }
  ],
  "errors": [],
  "not_checked": [
    "continuous visual quality",
    "weapon/costume clipping",
    "semantic gesture review",
    "Unreal retarget/import",
    "runtime move-speed synchronization"
  ]
}
WC_HERO_COMPLETE wc_u_dwarf_ranger {"triangles": 4020, "bones": 27}
Blender 5.1.1 (hash b70da489d7f4 built 2026-04-14 01:37:22)

Blender quit
