C:\Users\iputu\Documents\Wonder Chess\tools\blender\author_alpha.py:136: DeprecationWarning: 'Material.use_nodes' is expected to be removed in Blender 6.0
  mat=bpy.data.materials.new(f'M_{unit["id"]}');mat.use_nodes=True
C:\Users\iputu\Documents\Wonder Chess\tools\blender\author_alpha.py:556: DeprecationWarning: 'Material.use_nodes' is expected to be removed in Blender 6.0
  mat=bpy.data.materials.new('PRESENTATION_DeepBlue');mat.diffuse_color=(.045,.065,.10,1);mat.use_nodes=True
00:12.984  render           | Saved: 'C:\Users\iputu\Documents\Wonder Chess\exports\heroes\wc_u_human_priest\portrait.png'
00:15.469  render           | Saved: 'C:\Users\iputu\Documents\Wonder Chess\reports\WC-330\wc_u_human_priest\front.png'
00:17.813  render           | Saved: 'C:\Users\iputu\Documents\Wonder Chess\reports\WC-330\wc_u_human_priest\side.png'
00:20.234  render           | Saved: 'C:\Users\iputu\Documents\Wonder Chess\reports\WC-330\wc_u_human_priest\back.png'
00:20.984  render           | Saved: 'C:\Users\iputu\Documents\Wonder Chess\reports\WC-330\wc_u_human_priest\clip_Idle.png'
00:21.719  render           | Saved: 'C:\Users\iputu\Documents\Wonder Chess\reports\WC-330\wc_u_human_priest\clip_Move.png'
00:22.469  render           | Saved: 'C:\Users\iputu\Documents\Wonder Chess\reports\WC-330\wc_u_human_priest\clip_Attack.png'
00:23.188  render           | Saved: 'C:\Users\iputu\Documents\Wonder Chess\reports\WC-330\wc_u_human_priest\clip_Active.png'
00:23.953  render           | Saved: 'C:\Users\iputu\Documents\Wonder Chess\reports\WC-330\wc_u_human_priest\clip_Hit.png'
00:24.703  render           | Saved: 'C:\Users\iputu\Documents\Wonder Chess\reports\WC-330\wc_u_human_priest\clip_Defeat.png'
00:25.453  render           | Saved: 'C:\Users\iputu\Documents\Wonder Chess\reports\WC-330\wc_u_human_priest\clip_Victory.png'

FBX export starting... 'C:\\Users\\iputu\\Documents\\Wonder Chess\\exports\\heroes\\wc_u_human_priest\\SK_wc_u_human_priest.fbx'
(bpy.data.armatures['WC_humanoid_standard_v1'], 'POSE')
export finished in 0.0393 sec.
Info: Applied modifier was not first, result may not be as expected

FBX export starting... 'C:\\Users\\iputu\\Documents\\Wonder Chess\\exports\\heroes\\wc_u_human_priest\\SK_wc_u_human_priest_LOD1.fbx'
(bpy.data.armatures['WC_humanoid_standard_v1'], 'POSE')
export finished in 0.0268 sec.
Info: Applied modifier was not first, result may not be as expected

FBX export starting... 'C:\\Users\\iputu\\Documents\\Wonder Chess\\exports\\heroes\\wc_u_human_priest\\SK_wc_u_human_priest_LOD2.fbx'
(bpy.data.armatures['WC_humanoid_standard_v1'], 'POSE')
export finished in 0.0259 sec.

FBX export starting... 'C:\\Users\\iputu\\Documents\\Wonder Chess\\exports\\heroes\\wc_u_human_priest\\AN_wc_u_human_priest_Idle.fbx'
export finished in 0.1710 sec.

FBX export starting... 'C:\\Users\\iputu\\Documents\\Wonder Chess\\exports\\heroes\\wc_u_human_priest\\AN_wc_u_human_priest_Move.fbx'
export finished in 0.1143 sec.

FBX export starting... 'C:\\Users\\iputu\\Documents\\Wonder Chess\\exports\\heroes\\wc_u_human_priest\\AN_wc_u_human_priest_Attack.fbx'
export finished in 0.0899 sec.

FBX export starting... 'C:\\Users\\iputu\\Documents\\Wonder Chess\\exports\\heroes\\wc_u_human_priest\\AN_wc_u_human_priest_Active.fbx'
export finished in 0.0775 sec.

FBX export starting... 'C:\\Users\\iputu\\Documents\\Wonder Chess\\exports\\heroes\\wc_u_human_priest\\AN_wc_u_human_priest_Hit.fbx'
export finished in 0.0584 sec.

FBX export starting... 'C:\\Users\\iputu\\Documents\\Wonder Chess\\exports\\heroes\\wc_u_human_priest\\AN_wc_u_human_priest_Defeat.fbx'
export finished in 0.1081 sec.

FBX export starting... 'C:\\Users\\iputu\\Documents\\Wonder Chess\\exports\\heroes\\wc_u_human_priest\\AN_wc_u_human_priest_Victory.fbx'
export finished in 0.1320 sec.
Info: Saved as "wc_u_human_priest.blend"
{
  "status": "structural_checks_passed_visual_review_required",
  "blender_version": "5.1.1",
  "collection": "EXPORT",
  "evaluated_triangle_total": 3682,
  "objects": [
    {
      "name": "Armature",
      "type": "ARMATURE",
      "scale": [
        1.0,
        1.0,
        1.0
      ],
      "dimensions": [
        1.153580665588379,
        0.42500001192092896,
        1.8275001049041748
      ],
      "roots": [
        "root"
      ],
      "deform_bones": 27
    },
    {
      "name": "SK_wc_u_human_priest",
      "type": "MESH",
      "scale": [
        1.0,
        1.0,
        1.0
      ],
      "dimensions": [
        1.2926572561264038,
        0.6620491743087769,
        1.8323523998260498
      ],
      "evaluated_triangles": 3682,
      "material_slots": 1,
      "uv_layers": 1,
      "skin_checks": {
        "unweighted": 0,
        "excess_influences": 0,
        "unnormalized": 0
      }
    }
  ],
  "errors": [],
  "warnings": [],
  "not_checked": [
    "appearance",
    "deformation across all clips",
    "UV overlap appropriateness",
    "normal-map convention",
    "Unreal import",
    "LOD silhouette",
    "gameplay readability"
  ]
}
{
  "status": "sampled_motion_invariants_passed",
  "unit_id": "wc_u_human_priest",
  "blender_version": "5.1.1",
  "sampling": "actual deformed mesh every 3 frames at 60fps",
  "clips": [
    {
      "clip": "Idle",
      "samples": 41,
      "minimum_support_sole_z_m": 0.015300003811717033,
      "maximum_support_sole_z_m": 0.015300003811717033,
      "max_root_translation_m": 0,
      "max_pose_scale_error": 0
    },
    {
      "clip": "Move",
      "samples": 21,
      "minimum_support_sole_z_m": 0.003510933369398117,
      "maximum_support_sole_z_m": 0.015300003811717033,
      "max_root_translation_m": 0,
      "max_pose_scale_error": 0
    },
    {
      "clip": "Attack",
      "samples": 15,
      "minimum_support_sole_z_m": 0.015300003811717033,
      "maximum_support_sole_z_m": 0.015300003811717033,
      "max_root_translation_m": 0,
      "max_pose_scale_error": 0
    },
    {
      "clip": "Active",
      "samples": 14,
      "minimum_support_sole_z_m": 0.015300003811717033,
      "maximum_support_sole_z_m": 0.015300003811717033,
      "max_root_translation_m": 0,
      "max_pose_scale_error": 0
    },
    {
      "clip": "Hit",
      "samples": 9,
      "minimum_support_sole_z_m": 0.015300003811717033,
      "maximum_support_sole_z_m": 0.015300003811717033,
      "max_root_translation_m": 0,
      "max_pose_scale_error": 0
    },
    {
      "clip": "Defeat",
      "samples": 21,
      "minimum_support_sole_z_m": 0.014219620265066624,
      "maximum_support_sole_z_m": 0.026913762092590332,
      "max_root_translation_m": 0,
      "max_pose_scale_error": 0
    },
    {
      "clip": "Victory",
      "samples": 31,
      "minimum_support_sole_z_m": 0.015300003811717033,
      "maximum_support_sole_z_m": 0.015300003811717033,
      "max_root_translation_m": 0,
      "max_pose_scale_error": 0
    }
  ],
  "errors": [],
  "not_checked": [
    "continuous visual quality",
    "weapon/costume clipping",
    "semantic gesture review",
    "Unreal retarget/import",
    "runtime move-speed synchronization"
  ]
}
WC_HERO_COMPLETE wc_u_human_priest {"triangles": 3682, "bones": 27}
Blender 5.1.1 (hash b70da489d7f4 built 2026-04-14 01:37:22)

Blender quit
