00:02.296  blend            | Read blend: "C:\Users\iputu\Documents\Wonder Chess\art-source\heroes\wc_u_human_guardian\wc_u_human_guardian.blend"

FBX export starting... 'C:\\Users\\iputu\\Documents\\Wonder Chess\\exports\\calibration\\import-probe-normalized-cm-copy\\SK_Ada.fbx'
(bpy.data.armatures['WC_humanoid_standard_v1.001'], 'POSE')
export finished in 0.0611 sec.

FBX export starting... 'C:\\Users\\iputu\\Documents\\Wonder Chess\\exports\\calibration\\import-probe-normalized-cm-copy\\AN_Ada_Idle.fbx'
export finished in 0.1358 sec.

FBX export starting... 'C:\\Users\\iputu\\Documents\\Wonder Chess\\exports\\calibration\\import-probe-normalized-cm-copy\\AN_Ada_Move.fbx'
export finished in 0.1010 sec.

FBX export starting... 'C:\\Users\\iputu\\Documents\\Wonder Chess\\exports\\calibration\\import-probe-normalized-cm-copy\\AN_Ada_Attack.fbx'
export finished in 0.0879 sec.

FBX export starting... 'C:\\Users\\iputu\\Documents\\Wonder Chess\\exports\\calibration\\import-probe-normalized-cm-copy\\AN_Ada_Active.fbx'
export finished in 0.0897 sec.

FBX export starting... 'C:\\Users\\iputu\\Documents\\Wonder Chess\\exports\\calibration\\import-probe-normalized-cm-copy\\AN_Ada_Hit.fbx'
export finished in 0.0709 sec.

FBX export starting... 'C:\\Users\\iputu\\Documents\\Wonder Chess\\exports\\calibration\\import-probe-normalized-cm-copy\\AN_Ada_Defeat.fbx'
export finished in 0.1236 sec.

FBX export starting... 'C:\\Users\\iputu\\Documents\\Wonder Chess\\exports\\calibration\\import-probe-normalized-cm-copy\\AN_Ada_Victory.fbx'
export finished in 0.1358 sec.
WC_NORMALIZED_COPY_PASS {"status": "executed_copy_export_preserved_original_data", "source_sha256": "cffd33a37d95fda45599f73b7ced9615b95c13bb3f3c3aa5ea05462fbd662160", "files": {"AN_Ada_Active.fbx": "f6a08ae918aa0bdb75d3ca2e15b28f8047162edd74c6b89ed3fee0edd389e419", "AN_Ada_Attack.fbx": "28774ddf697e2b67dd7cb607b64ce39b725f2d3a70da6a78450dd89ca321a58e", "AN_Ada_Defeat.fbx": "df0ba6d4c8321a2f8386e33e62e3195675b25d5d686fe2d4a57d10023d79a928", "AN_Ada_Hit.fbx": "0c7151ef33283e78898e537f0e5256399087f0c3d66f57c9feca7cf9c925ea96", "AN_Ada_Idle.fbx": "6e43a1206861821823e0bbeadeb63b91176e663abee66b832e187fb07a95dc43", "AN_Ada_Move.fbx": "a1f09a0d44852642da1e7f411bcd23cfcd1c9945c3fbe990cd4cb7851b882a86", "AN_Ada_Victory.fbx": "cec2ece7c4e8375ab8ad13c05000fe8084a6d800ea7a8c4b381e2cf79c2f3983", "SK_Ada.fbx": "6ef4add2c961bdf44c1a7562815b0fa0210e4d820f5d910dc991f4e7108bcc97"}}
Blender 5.1.1 (hash b70da489d7f4 built 2026-04-14 01:37:22)

Blender quit
