00:02.203  blend            | Read blend: "C:\Users\iputu\Documents\Wonder Chess\art-source\heroes\wc_u_human_guardian\wc_u_human_guardian.blend"

FBX export starting... 'C:\\Users\\iputu\\Documents\\Wonder Chess\\exports\\heroes\\wc_u_human_guardian\\SK_wc_u_human_guardian.fbx'
(bpy.data.armatures['WC_humanoid_standard_v1.001'], 'POSE')
export finished in 0.0597 sec.

FBX export starting... 'C:\\Users\\iputu\\Documents\\Wonder Chess\\exports\\heroes\\wc_u_human_guardian\\SK_wc_u_human_guardian_LOD1.fbx'
(bpy.data.armatures['WC_humanoid_standard_v1.001'], 'POSE')
export finished in 0.0279 sec.

FBX export starting... 'C:\\Users\\iputu\\Documents\\Wonder Chess\\exports\\heroes\\wc_u_human_guardian\\SK_wc_u_human_guardian_LOD2.fbx'
(bpy.data.armatures['WC_humanoid_standard_v1.001'], 'POSE')
export finished in 0.0283 sec.

FBX export starting... 'C:\\Users\\iputu\\Documents\\Wonder Chess\\exports\\heroes\\wc_u_human_guardian\\AN_wc_u_human_guardian_Idle.fbx'
export finished in 0.1135 sec.

FBX export starting... 'C:\\Users\\iputu\\Documents\\Wonder Chess\\exports\\heroes\\wc_u_human_guardian\\AN_wc_u_human_guardian_Move.fbx'
export finished in 0.0807 sec.

FBX export starting... 'C:\\Users\\iputu\\Documents\\Wonder Chess\\exports\\heroes\\wc_u_human_guardian\\AN_wc_u_human_guardian_Attack.fbx'
export finished in 0.0684 sec.

FBX export starting... 'C:\\Users\\iputu\\Documents\\Wonder Chess\\exports\\heroes\\wc_u_human_guardian\\AN_wc_u_human_guardian_Active.fbx'
export finished in 0.0698 sec.

FBX export starting... 'C:\\Users\\iputu\\Documents\\Wonder Chess\\exports\\heroes\\wc_u_human_guardian\\AN_wc_u_human_guardian_Hit.fbx'
export finished in 0.0588 sec.

FBX export starting... 'C:\\Users\\iputu\\Documents\\Wonder Chess\\exports\\heroes\\wc_u_human_guardian\\AN_wc_u_human_guardian_Defeat.fbx'
export finished in 0.1179 sec.

FBX export starting... 'C:\\Users\\iputu\\Documents\\Wonder Chess\\exports\\heroes\\wc_u_human_guardian\\AN_wc_u_human_guardian_Victory.fbx'
export finished in 0.1383 sec.
WC_NORMALIZED_HERO_COMPLETE wc_u_human_guardian
00:03.281  blend            | Read blend: "C:\Users\iputu\Documents\Wonder Chess\art-source\heroes\wc_u_human_priest\wc_u_human_priest.blend"

FBX export starting... 'C:\\Users\\iputu\\Documents\\Wonder Chess\\exports\\heroes\\wc_u_human_priest\\SK_wc_u_human_priest.fbx'
(bpy.data.armatures['WC_humanoid_standard_v1.001'], 'POSE')
export finished in 0.0340 sec.

FBX export starting... 'C:\\Users\\iputu\\Documents\\Wonder Chess\\exports\\heroes\\wc_u_human_priest\\SK_wc_u_human_priest_LOD1.fbx'
(bpy.data.armatures['WC_humanoid_standard_v1.001'], 'POSE')
export finished in 0.0321 sec.

FBX export starting... 'C:\\Users\\iputu\\Documents\\Wonder Chess\\exports\\heroes\\wc_u_human_priest\\SK_wc_u_human_priest_LOD2.fbx'
(bpy.data.armatures['WC_humanoid_standard_v1.001'], 'POSE')
export finished in 0.0299 sec.

FBX export starting... 'C:\\Users\\iputu\\Documents\\Wonder Chess\\exports\\heroes\\wc_u_human_priest\\AN_wc_u_human_priest_Idle.fbx'
export finished in 0.1580 sec.

FBX export starting... 'C:\\Users\\iputu\\Documents\\Wonder Chess\\exports\\heroes\\wc_u_human_priest\\AN_wc_u_human_priest_Move.fbx'
export finished in 0.1136 sec.

FBX export starting... 'C:\\Users\\iputu\\Documents\\Wonder Chess\\exports\\heroes\\wc_u_human_priest\\AN_wc_u_human_priest_Attack.fbx'
export finished in 0.0907 sec.

FBX export starting... 'C:\\Users\\iputu\\Documents\\Wonder Chess\\exports\\heroes\\wc_u_human_priest\\AN_wc_u_human_priest_Active.fbx'
export finished in 0.0953 sec.

FBX export starting... 'C:\\Users\\iputu\\Documents\\Wonder Chess\\exports\\heroes\\wc_u_human_priest\\AN_wc_u_human_priest_Hit.fbx'
export finished in 0.0671 sec.

FBX export starting... 'C:\\Users\\iputu\\Documents\\Wonder Chess\\exports\\heroes\\wc_u_human_priest\\AN_wc_u_human_priest_Defeat.fbx'
export finished in 0.0959 sec.

FBX export starting... 'C:\\Users\\iputu\\Documents\\Wonder Chess\\exports\\heroes\\wc_u_human_priest\\AN_wc_u_human_priest_Victory.fbx'
export finished in 0.1193 sec.
WC_NORMALIZED_HERO_COMPLETE wc_u_human_priest
00:04.297  blend            | Read blend: "C:\Users\iputu\Documents\Wonder Chess\art-source\heroes\wc_u_human_mage\wc_u_human_mage.blend"

FBX export starting... 'C:\\Users\\iputu\\Documents\\Wonder Chess\\exports\\heroes\\wc_u_human_mage\\SK_wc_u_human_mage.fbx'
(bpy.data.armatures['WC_humanoid_standard_v1.001'], 'POSE')
export finished in 0.0381 sec.

FBX export starting... 'C:\\Users\\iputu\\Documents\\Wonder Chess\\exports\\heroes\\wc_u_human_mage\\SK_wc_u_human_mage_LOD1.fbx'
(bpy.data.armatures['WC_humanoid_standard_v1.001'], 'POSE')
export finished in 0.0343 sec.

FBX export starting... 'C:\\Users\\iputu\\Documents\\Wonder Chess\\exports\\heroes\\wc_u_human_mage\\SK_wc_u_human_mage_LOD2.fbx'
(bpy.data.armatures['WC_humanoid_standard_v1.001'], 'POSE')
export finished in 0.0311 sec.

FBX export starting... 'C:\\Users\\iputu\\Documents\\Wonder Chess\\exports\\heroes\\wc_u_human_mage\\AN_wc_u_human_mage_Idle.fbx'
export finished in 0.1653 sec.

FBX export starting... 'C:\\Users\\iputu\\Documents\\Wonder Chess\\exports\\heroes\\wc_u_human_mage\\AN_wc_u_human_mage_Move.fbx'
export finished in 0.1820 sec.

FBX export starting... 'C:\\Users\\iputu\\Documents\\Wonder Chess\\exports\\heroes\\wc_u_human_mage\\AN_wc_u_human_mage_Attack.fbx'
export finished in 0.0988 sec.

FBX export starting... 'C:\\Users\\iputu\\Documents\\Wonder Chess\\exports\\heroes\\wc_u_human_mage\\AN_wc_u_human_mage_Active.fbx'
export finished in 0.0953 sec.

FBX export starting... 'C:\\Users\\iputu\\Documents\\Wonder Chess\\exports\\heroes\\wc_u_human_mage\\AN_wc_u_human_mage_Hit.fbx'
export finished in 0.0784 sec.

FBX export starting... 'C:\\Users\\iputu\\Documents\\Wonder Chess\\exports\\heroes\\wc_u_human_mage\\AN_wc_u_human_mage_Defeat.fbx'
export finished in 0.1112 sec.

FBX export starting... 'C:\\Users\\iputu\\Documents\\Wonder Chess\\exports\\heroes\\wc_u_human_mage\\AN_wc_u_human_mage_Victory.fbx'
export finished in 0.1383 sec.
WC_NORMALIZED_HERO_COMPLETE wc_u_human_mage
00:05.484  blend            | Read blend: "C:\Users\iputu\Documents\Wonder Chess\art-source\heroes\wc_u_elf_ranger\wc_u_elf_ranger.blend"

FBX export starting... 'C:\\Users\\iputu\\Documents\\Wonder Chess\\exports\\heroes\\wc_u_elf_ranger\\SK_wc_u_elf_ranger.fbx'
(bpy.data.armatures['WC_humanoid_slender_v1.001'], 'POSE')
export finished in 0.0353 sec.

FBX export starting... 'C:\\Users\\iputu\\Documents\\Wonder Chess\\exports\\heroes\\wc_u_elf_ranger\\SK_wc_u_elf_ranger_LOD1.fbx'
(bpy.data.armatures['WC_humanoid_slender_v1.001'], 'POSE')
export finished in 0.0340 sec.

FBX export starting... 'C:\\Users\\iputu\\Documents\\Wonder Chess\\exports\\heroes\\wc_u_elf_ranger\\SK_wc_u_elf_ranger_LOD2.fbx'
(bpy.data.armatures['WC_humanoid_slender_v1.001'], 'POSE')
export finished in 0.0309 sec.

FBX export starting... 'C:\\Users\\iputu\\Documents\\Wonder Chess\\exports\\heroes\\wc_u_elf_ranger\\AN_wc_u_elf_ranger_Idle.fbx'
export finished in 0.1515 sec.

FBX export starting... 'C:\\Users\\iputu\\Documents\\Wonder Chess\\exports\\heroes\\wc_u_elf_ranger\\AN_wc_u_elf_ranger_Move.fbx'
export finished in 0.1127 sec.

FBX export starting... 'C:\\Users\\iputu\\Documents\\Wonder Chess\\exports\\heroes\\wc_u_elf_ranger\\AN_wc_u_elf_ranger_Attack.fbx'
export finished in 0.0986 sec.

FBX export starting... 'C:\\Users\\iputu\\Documents\\Wonder Chess\\exports\\heroes\\wc_u_elf_ranger\\AN_wc_u_elf_ranger_Active.fbx'
export finished in 0.0788 sec.

FBX export starting... 'C:\\Users\\iputu\\Documents\\Wonder Chess\\exports\\heroes\\wc_u_elf_ranger\\AN_wc_u_elf_ranger_Hit.fbx'
export finished in 0.0787 sec.

FBX export starting... 'C:\\Users\\iputu\\Documents\\Wonder Chess\\exports\\heroes\\wc_u_elf_ranger\\AN_wc_u_elf_ranger_Defeat.fbx'
export finished in 0.1086 sec.

FBX export starting... 'C:\\Users\\iputu\\Documents\\Wonder Chess\\exports\\heroes\\wc_u_elf_ranger\\AN_wc_u_elf_ranger_Victory.fbx'
export finished in 0.1702 sec.
WC_NORMALIZED_HERO_COMPLETE wc_u_elf_ranger
00:06.594  blend            | Read blend: "C:\Users\iputu\Documents\Wonder Chess\art-source\heroes\wc_u_elf_priest\wc_u_elf_priest.blend"

FBX export starting... 'C:\\Users\\iputu\\Documents\\Wonder Chess\\exports\\heroes\\wc_u_elf_priest\\SK_wc_u_elf_priest.fbx'
(bpy.data.armatures['WC_humanoid_slender_v1.001'], 'POSE')
export finished in 0.0456 sec.

FBX export starting... 'C:\\Users\\iputu\\Documents\\Wonder Chess\\exports\\heroes\\wc_u_elf_priest\\SK_wc_u_elf_priest_LOD1.fbx'
(bpy.data.armatures['WC_humanoid_slender_v1.001'], 'POSE')
export finished in 0.0389 sec.

FBX export starting... 'C:\\Users\\iputu\\Documents\\Wonder Chess\\exports\\heroes\\wc_u_elf_priest\\SK_wc_u_elf_priest_LOD2.fbx'
(bpy.data.armatures['WC_humanoid_slender_v1.001'], 'POSE')
export finished in 0.0347 sec.

FBX export starting... 'C:\\Users\\iputu\\Documents\\Wonder Chess\\exports\\heroes\\wc_u_elf_priest\\AN_wc_u_elf_priest_Idle.fbx'
export finished in 0.1982 sec.

FBX export starting... 'C:\\Users\\iputu\\Documents\\Wonder Chess\\exports\\heroes\\wc_u_elf_priest\\AN_wc_u_elf_priest_Move.fbx'
export finished in 0.1066 sec.

FBX export starting... 'C:\\Users\\iputu\\Documents\\Wonder Chess\\exports\\heroes\\wc_u_elf_priest\\AN_wc_u_elf_priest_Attack.fbx'
export finished in 0.0886 sec.

FBX export starting... 'C:\\Users\\iputu\\Documents\\Wonder Chess\\exports\\heroes\\wc_u_elf_priest\\AN_wc_u_elf_priest_Active.fbx'
export finished in 0.0864 sec.

FBX export starting... 'C:\\Users\\iputu\\Documents\\Wonder Chess\\exports\\heroes\\wc_u_elf_priest\\AN_wc_u_elf_priest_Hit.fbx'
export finished in 0.0719 sec.

FBX export starting... 'C:\\Users\\iputu\\Documents\\Wonder Chess\\exports\\heroes\\wc_u_elf_priest\\AN_wc_u_elf_priest_Defeat.fbx'
export finished in 0.1066 sec.

FBX export starting... 'C:\\Users\\iputu\\Documents\\Wonder Chess\\exports\\heroes\\wc_u_elf_priest\\AN_wc_u_elf_priest_Victory.fbx'
export finished in 0.1283 sec.
WC_NORMALIZED_HERO_COMPLETE wc_u_elf_priest
00:07.703  blend            | Read blend: "C:\Users\iputu\Documents\Wonder Chess\art-source\heroes\wc_u_elf_rogue\wc_u_elf_rogue.blend"

FBX export starting... 'C:\\Users\\iputu\\Documents\\Wonder Chess\\exports\\heroes\\wc_u_elf_rogue\\SK_wc_u_elf_rogue.fbx'
(bpy.data.armatures['WC_humanoid_slender_v1.001'], 'POSE')
export finished in 0.0396 sec.

FBX export starting... 'C:\\Users\\iputu\\Documents\\Wonder Chess\\exports\\heroes\\wc_u_elf_rogue\\SK_wc_u_elf_rogue_LOD1.fbx'
(bpy.data.armatures['WC_humanoid_slender_v1.001'], 'POSE')
export finished in 0.0335 sec.

FBX export starting... 'C:\\Users\\iputu\\Documents\\Wonder Chess\\exports\\heroes\\wc_u_elf_rogue\\SK_wc_u_elf_rogue_LOD2.fbx'
(bpy.data.armatures['WC_humanoid_slender_v1.001'], 'POSE')
export finished in 0.0363 sec.

FBX export starting... 'C:\\Users\\iputu\\Documents\\Wonder Chess\\exports\\heroes\\wc_u_elf_rogue\\AN_wc_u_elf_rogue_Idle.fbx'
export finished in 0.1833 sec.

FBX export starting... 'C:\\Users\\iputu\\Documents\\Wonder Chess\\exports\\heroes\\wc_u_elf_rogue\\AN_wc_u_elf_rogue_Move.fbx'
export finished in 0.1184 sec.

FBX export starting... 'C:\\Users\\iputu\\Documents\\Wonder Chess\\exports\\heroes\\wc_u_elf_rogue\\AN_wc_u_elf_rogue_Attack.fbx'
export finished in 0.0850 sec.

FBX export starting... 'C:\\Users\\iputu\\Documents\\Wonder Chess\\exports\\heroes\\wc_u_elf_rogue\\AN_wc_u_elf_rogue_Active.fbx'
export finished in 0.0715 sec.

FBX export starting... 'C:\\Users\\iputu\\Documents\\Wonder Chess\\exports\\heroes\\wc_u_elf_rogue\\AN_wc_u_elf_rogue_Hit.fbx'
export finished in 0.0895 sec.

FBX export starting... 'C:\\Users\\iputu\\Documents\\Wonder Chess\\exports\\heroes\\wc_u_elf_rogue\\AN_wc_u_elf_rogue_Defeat.fbx'
export finished in 0.0969 sec.

FBX export starting... 'C:\\Users\\iputu\\Documents\\Wonder Chess\\exports\\heroes\\wc_u_elf_rogue\\AN_wc_u_elf_rogue_Victory.fbx'
export finished in 0.1288 sec.
WC_NORMALIZED_HERO_COMPLETE wc_u_elf_rogue
00:08.781  blend            | Read blend: "C:\Users\iputu\Documents\Wonder Chess\art-source\heroes\wc_u_dwarf_guardian\wc_u_dwarf_guardian.blend"

FBX export starting... 'C:\\Users\\iputu\\Documents\\Wonder Chess\\exports\\heroes\\wc_u_dwarf_guardian\\SK_wc_u_dwarf_guardian.fbx'
(bpy.data.armatures['WC_humanoid_stocky_v1.001'], 'POSE')
export finished in 0.0399 sec.

FBX export starting... 'C:\\Users\\iputu\\Documents\\Wonder Chess\\exports\\heroes\\wc_u_dwarf_guardian\\SK_wc_u_dwarf_guardian_LOD1.fbx'
(bpy.data.armatures['WC_humanoid_stocky_v1.001'], 'POSE')
export finished in 0.0338 sec.

FBX export starting... 'C:\\Users\\iputu\\Documents\\Wonder Chess\\exports\\heroes\\wc_u_dwarf_guardian\\SK_wc_u_dwarf_guardian_LOD2.fbx'
(bpy.data.armatures['WC_humanoid_stocky_v1.001'], 'POSE')
export finished in 0.0340 sec.

FBX export starting... 'C:\\Users\\iputu\\Documents\\Wonder Chess\\exports\\heroes\\wc_u_dwarf_guardian\\AN_wc_u_dwarf_guardian_Idle.fbx'
export finished in 0.1523 sec.

FBX export starting... 'C:\\Users\\iputu\\Documents\\Wonder Chess\\exports\\heroes\\wc_u_dwarf_guardian\\AN_wc_u_dwarf_guardian_Move.fbx'
export finished in 0.0959 sec.

FBX export starting... 'C:\\Users\\iputu\\Documents\\Wonder Chess\\exports\\heroes\\wc_u_dwarf_guardian\\AN_wc_u_dwarf_guardian_Attack.fbx'
export finished in 0.0900 sec.

FBX export starting... 'C:\\Users\\iputu\\Documents\\Wonder Chess\\exports\\heroes\\wc_u_dwarf_guardian\\AN_wc_u_dwarf_guardian_Active.fbx'
export finished in 0.0878 sec.

FBX export starting... 'C:\\Users\\iputu\\Documents\\Wonder Chess\\exports\\heroes\\wc_u_dwarf_guardian\\AN_wc_u_dwarf_guardian_Hit.fbx'
export finished in 0.0751 sec.

FBX export starting... 'C:\\Users\\iputu\\Documents\\Wonder Chess\\exports\\heroes\\wc_u_dwarf_guardian\\AN_wc_u_dwarf_guardian_Defeat.fbx'
export finished in 0.1112 sec.

FBX export starting... 'C:\\Users\\iputu\\Documents\\Wonder Chess\\exports\\heroes\\wc_u_dwarf_guardian\\AN_wc_u_dwarf_guardian_Victory.fbx'
export finished in 0.1382 sec.
WC_NORMALIZED_HERO_COMPLETE wc_u_dwarf_guardian
00:09.844  blend            | Read blend: "C:\Users\iputu\Documents\Wonder Chess\art-source\heroes\wc_u_dwarf_ranger\wc_u_dwarf_ranger.blend"

FBX export starting... 'C:\\Users\\iputu\\Documents\\Wonder Chess\\exports\\heroes\\wc_u_dwarf_ranger\\SK_wc_u_dwarf_ranger.fbx'
(bpy.data.armatures['WC_humanoid_stocky_v1.001'], 'POSE')
export finished in 0.0370 sec.

FBX export starting... 'C:\\Users\\iputu\\Documents\\Wonder Chess\\exports\\heroes\\wc_u_dwarf_ranger\\SK_wc_u_dwarf_ranger_LOD1.fbx'
(bpy.data.armatures['WC_humanoid_stocky_v1.001'], 'POSE')
export finished in 0.0332 sec.

FBX export starting... 'C:\\Users\\iputu\\Documents\\Wonder Chess\\exports\\heroes\\wc_u_dwarf_ranger\\SK_wc_u_dwarf_ranger_LOD2.fbx'
(bpy.data.armatures['WC_humanoid_stocky_v1.001'], 'POSE')
export finished in 0.0317 sec.

FBX export starting... 'C:\\Users\\iputu\\Documents\\Wonder Chess\\exports\\heroes\\wc_u_dwarf_ranger\\AN_wc_u_dwarf_ranger_Idle.fbx'
export finished in 0.1909 sec.

FBX export starting... 'C:\\Users\\iputu\\Documents\\Wonder Chess\\exports\\heroes\\wc_u_dwarf_ranger\\AN_wc_u_dwarf_ranger_Move.fbx'
export finished in 0.1008 sec.

FBX export starting... 'C:\\Users\\iputu\\Documents\\Wonder Chess\\exports\\heroes\\wc_u_dwarf_ranger\\AN_wc_u_dwarf_ranger_Attack.fbx'
export finished in 0.0911 sec.

FBX export starting... 'C:\\Users\\iputu\\Documents\\Wonder Chess\\exports\\heroes\\wc_u_dwarf_ranger\\AN_wc_u_dwarf_ranger_Active.fbx'
export finished in 0.0825 sec.

FBX export starting... 'C:\\Users\\iputu\\Documents\\Wonder Chess\\exports\\heroes\\wc_u_dwarf_ranger\\AN_wc_u_dwarf_ranger_Hit.fbx'
export finished in 0.0658 sec.

FBX export starting... 'C:\\Users\\iputu\\Documents\\Wonder Chess\\exports\\heroes\\wc_u_dwarf_ranger\\AN_wc_u_dwarf_ranger_Defeat.fbx'
export finished in 0.1215 sec.

FBX export starting... 'C:\\Users\\iputu\\Documents\\Wonder Chess\\exports\\heroes\\wc_u_dwarf_ranger\\AN_wc_u_dwarf_ranger_Victory.fbx'
export finished in 0.1361 sec.
WC_NORMALIZED_HERO_COMPLETE wc_u_dwarf_ranger
00:10.938  blend            | Read blend: "C:\Users\iputu\Documents\Wonder Chess\art-source\heroes\wc_u_dwarf_warrior\wc_u_dwarf_warrior.blend"

FBX export starting... 'C:\\Users\\iputu\\Documents\\Wonder Chess\\exports\\heroes\\wc_u_dwarf_warrior\\SK_wc_u_dwarf_warrior.fbx'
(bpy.data.armatures['WC_humanoid_stocky_v1.001'], 'POSE')
export finished in 0.0333 sec.

FBX export starting... 'C:\\Users\\iputu\\Documents\\Wonder Chess\\exports\\heroes\\wc_u_dwarf_warrior\\SK_wc_u_dwarf_warrior_LOD1.fbx'
(bpy.data.armatures['WC_humanoid_stocky_v1.001'], 'POSE')
export finished in 0.0293 sec.

FBX export starting... 'C:\\Users\\iputu\\Documents\\Wonder Chess\\exports\\heroes\\wc_u_dwarf_warrior\\SK_wc_u_dwarf_warrior_LOD2.fbx'
(bpy.data.armatures['WC_humanoid_stocky_v1.001'], 'POSE')
export finished in 0.0286 sec.

FBX export starting... 'C:\\Users\\iputu\\Documents\\Wonder Chess\\exports\\heroes\\wc_u_dwarf_warrior\\AN_wc_u_dwarf_warrior_Idle.fbx'
export finished in 0.1416 sec.

FBX export starting... 'C:\\Users\\iputu\\Documents\\Wonder Chess\\exports\\heroes\\wc_u_dwarf_warrior\\AN_wc_u_dwarf_warrior_Move.fbx'
export finished in 0.1002 sec.

FBX export starting... 'C:\\Users\\iputu\\Documents\\Wonder Chess\\exports\\heroes\\wc_u_dwarf_warrior\\AN_wc_u_dwarf_warrior_Attack.fbx'
export finished in 0.0938 sec.

FBX export starting... 'C:\\Users\\iputu\\Documents\\Wonder Chess\\exports\\heroes\\wc_u_dwarf_warrior\\AN_wc_u_dwarf_warrior_Active.fbx'
export finished in 0.1038 sec.

FBX export starting... 'C:\\Users\\iputu\\Documents\\Wonder Chess\\exports\\heroes\\wc_u_dwarf_warrior\\AN_wc_u_dwarf_warrior_Hit.fbx'
export finished in 0.0757 sec.

FBX export starting... 'C:\\Users\\iputu\\Documents\\Wonder Chess\\exports\\heroes\\wc_u_dwarf_warrior\\AN_wc_u_dwarf_warrior_Defeat.fbx'
export finished in 0.1131 sec.

FBX export starting... 'C:\\Users\\iputu\\Documents\\Wonder Chess\\exports\\heroes\\wc_u_dwarf_warrior\\AN_wc_u_dwarf_warrior_Victory.fbx'
export finished in 0.1373 sec.
WC_NORMALIZED_HERO_COMPLETE wc_u_dwarf_warrior
00:11.984  blend            | Read blend: "C:\Users\iputu\Documents\Wonder Chess\art-source\heroes\wc_u_orc_warrior\wc_u_orc_warrior.blend"

FBX export starting... 'C:\\Users\\iputu\\Documents\\Wonder Chess\\exports\\heroes\\wc_u_orc_warrior\\SK_wc_u_orc_warrior.fbx'
(bpy.data.armatures['WC_humanoid_broad_v1.001'], 'POSE')
export finished in 0.0677 sec.

FBX export starting... 'C:\\Users\\iputu\\Documents\\Wonder Chess\\exports\\heroes\\wc_u_orc_warrior\\SK_wc_u_orc_warrior_LOD1.fbx'
(bpy.data.armatures['WC_humanoid_broad_v1.001'], 'POSE')
export finished in 0.0329 sec.

FBX export starting... 'C:\\Users\\iputu\\Documents\\Wonder Chess\\exports\\heroes\\wc_u_orc_warrior\\SK_wc_u_orc_warrior_LOD2.fbx'
(bpy.data.armatures['WC_humanoid_broad_v1.001'], 'POSE')
export finished in 0.0346 sec.

FBX export starting... 'C:\\Users\\iputu\\Documents\\Wonder Chess\\exports\\heroes\\wc_u_orc_warrior\\AN_wc_u_orc_warrior_Idle.fbx'
export finished in 0.1581 sec.

FBX export starting... 'C:\\Users\\iputu\\Documents\\Wonder Chess\\exports\\heroes\\wc_u_orc_warrior\\AN_wc_u_orc_warrior_Move.fbx'
export finished in 0.1055 sec.

FBX export starting... 'C:\\Users\\iputu\\Documents\\Wonder Chess\\exports\\heroes\\wc_u_orc_warrior\\AN_wc_u_orc_warrior_Attack.fbx'
export finished in 0.0899 sec.

FBX export starting... 'C:\\Users\\iputu\\Documents\\Wonder Chess\\exports\\heroes\\wc_u_orc_warrior\\AN_wc_u_orc_warrior_Active.fbx'
export finished in 0.0806 sec.

FBX export starting... 'C:\\Users\\iputu\\Documents\\Wonder Chess\\exports\\heroes\\wc_u_orc_warrior\\AN_wc_u_orc_warrior_Hit.fbx'
export finished in 0.0656 sec.

FBX export starting... 'C:\\Users\\iputu\\Documents\\Wonder Chess\\exports\\heroes\\wc_u_orc_warrior\\AN_wc_u_orc_warrior_Defeat.fbx'
export finished in 0.1093 sec.

FBX export starting... 'C:\\Users\\iputu\\Documents\\Wonder Chess\\exports\\heroes\\wc_u_orc_warrior\\AN_wc_u_orc_warrior_Victory.fbx'
export finished in 0.1445 sec.
WC_NORMALIZED_HERO_COMPLETE wc_u_orc_warrior
00:13.094  blend            | Read blend: "C:\Users\iputu\Documents\Wonder Chess\art-source\heroes\wc_u_orc_mage\wc_u_orc_mage.blend"

FBX export starting... 'C:\\Users\\iputu\\Documents\\Wonder Chess\\exports\\heroes\\wc_u_orc_mage\\SK_wc_u_orc_mage.fbx'
(bpy.data.armatures['WC_humanoid_broad_v1.001'], 'POSE')
export finished in 0.0463 sec.

FBX export starting... 'C:\\Users\\iputu\\Documents\\Wonder Chess\\exports\\heroes\\wc_u_orc_mage\\SK_wc_u_orc_mage_LOD1.fbx'
(bpy.data.armatures['WC_humanoid_broad_v1.001'], 'POSE')
export finished in 0.0350 sec.

FBX export starting... 'C:\\Users\\iputu\\Documents\\Wonder Chess\\exports\\heroes\\wc_u_orc_mage\\SK_wc_u_orc_mage_LOD2.fbx'
(bpy.data.armatures['WC_humanoid_broad_v1.001'], 'POSE')
export finished in 0.0334 sec.

FBX export starting... 'C:\\Users\\iputu\\Documents\\Wonder Chess\\exports\\heroes\\wc_u_orc_mage\\AN_wc_u_orc_mage_Idle.fbx'
export finished in 0.1645 sec.

FBX export starting... 'C:\\Users\\iputu\\Documents\\Wonder Chess\\exports\\heroes\\wc_u_orc_mage\\AN_wc_u_orc_mage_Move.fbx'
export finished in 0.1069 sec.

FBX export starting... 'C:\\Users\\iputu\\Documents\\Wonder Chess\\exports\\heroes\\wc_u_orc_mage\\AN_wc_u_orc_mage_Attack.fbx'
export finished in 0.0887 sec.

FBX export starting... 'C:\\Users\\iputu\\Documents\\Wonder Chess\\exports\\heroes\\wc_u_orc_mage\\AN_wc_u_orc_mage_Active.fbx'
export finished in 0.0946 sec.

FBX export starting... 'C:\\Users\\iputu\\Documents\\Wonder Chess\\exports\\heroes\\wc_u_orc_mage\\AN_wc_u_orc_mage_Hit.fbx'
export finished in 0.0703 sec.

FBX export starting... 'C:\\Users\\iputu\\Documents\\Wonder Chess\\exports\\heroes\\wc_u_orc_mage\\AN_wc_u_orc_mage_Defeat.fbx'
export finished in 0.1075 sec.

FBX export starting... 'C:\\Users\\iputu\\Documents\\Wonder Chess\\exports\\heroes\\wc_u_orc_mage\\AN_wc_u_orc_mage_Victory.fbx'
export finished in 0.1179 sec.
WC_NORMALIZED_HERO_COMPLETE wc_u_orc_mage
00:14.156  blend            | Read blend: "C:\Users\iputu\Documents\Wonder Chess\art-source\heroes\wc_u_orc_rogue\wc_u_orc_rogue.blend"

FBX export starting... 'C:\\Users\\iputu\\Documents\\Wonder Chess\\exports\\heroes\\wc_u_orc_rogue\\SK_wc_u_orc_rogue.fbx'
(bpy.data.armatures['WC_humanoid_broad_v1.001'], 'POSE')
export finished in 0.0357 sec.

FBX export starting... 'C:\\Users\\iputu\\Documents\\Wonder Chess\\exports\\heroes\\wc_u_orc_rogue\\SK_wc_u_orc_rogue_LOD1.fbx'
(bpy.data.armatures['WC_humanoid_broad_v1.001'], 'POSE')
export finished in 0.0359 sec.

FBX export starting... 'C:\\Users\\iputu\\Documents\\Wonder Chess\\exports\\heroes\\wc_u_orc_rogue\\SK_wc_u_orc_rogue_LOD2.fbx'
(bpy.data.armatures['WC_humanoid_broad_v1.001'], 'POSE')
export finished in 0.0302 sec.

FBX export starting... 'C:\\Users\\iputu\\Documents\\Wonder Chess\\exports\\heroes\\wc_u_orc_rogue\\AN_wc_u_orc_rogue_Idle.fbx'
export finished in 0.1454 sec.

FBX export starting... 'C:\\Users\\iputu\\Documents\\Wonder Chess\\exports\\heroes\\wc_u_orc_rogue\\AN_wc_u_orc_rogue_Move.fbx'
export finished in 0.1019 sec.

FBX export starting... 'C:\\Users\\iputu\\Documents\\Wonder Chess\\exports\\heroes\\wc_u_orc_rogue\\AN_wc_u_orc_rogue_Attack.fbx'
export finished in 0.0907 sec.

FBX export starting... 'C:\\Users\\iputu\\Documents\\Wonder Chess\\exports\\heroes\\wc_u_orc_rogue\\AN_wc_u_orc_rogue_Active.fbx'
export finished in 0.0811 sec.

FBX export starting... 'C:\\Users\\iputu\\Documents\\Wonder Chess\\exports\\heroes\\wc_u_orc_rogue\\AN_wc_u_orc_rogue_Hit.fbx'
export finished in 0.0723 sec.

FBX export starting... 'C:\\Users\\iputu\\Documents\\Wonder Chess\\exports\\heroes\\wc_u_orc_rogue\\AN_wc_u_orc_rogue_Defeat.fbx'
export finished in 0.1156 sec.

FBX export starting... 'C:\\Users\\iputu\\Documents\\Wonder Chess\\exports\\heroes\\wc_u_orc_rogue\\AN_wc_u_orc_rogue_Victory.fbx'
export finished in 0.1373 sec.
WC_NORMALIZED_HERO_COMPLETE wc_u_orc_rogue
WC_NORMALIZED_ROSTER_COMPLETE 12
Blender 5.1.1 (hash b70da489d7f4 built 2026-04-14 01:37:22)

Blender quit
