C:\Users\iputu\Documents\Wonder Chess\tools\blender\author_alpha.py:141: DeprecationWarning: 'Material.use_nodes' is expected to be removed in Blender 6.0
  mat=bpy.data.materials.new(f'M_{unit["id"]}');mat.use_nodes=True
C:\Users\iputu\Documents\Wonder Chess\tools\blender\author_alpha.py:563: DeprecationWarning: 'Material.use_nodes' is expected to be removed in Blender 6.0
  mat=bpy.data.materials.new('PRESENTATION_DeepBlue');mat.diffuse_color=(.045,.065,.10,1);mat.use_nodes=True
00:16.875  render           | Saved: 'C:\Users\iputu\Documents\Wonder Chess\exports\heroes\wc_u_elf_rogue\portrait.png'
00:21.640  render           | Saved: 'C:\Users\iputu\Documents\Wonder Chess\reports\WC-330\wc_u_elf_rogue\front.png'
00:26.843  render           | Saved: 'C:\Users\iputu\Documents\Wonder Chess\reports\WC-330\wc_u_elf_rogue\side.png'
00:32.078  render           | Saved: 'C:\Users\iputu\Documents\Wonder Chess\reports\WC-330\wc_u_elf_rogue\back.png'
00:33.312  render           | Saved: 'C:\Users\iputu\Documents\Wonder Chess\reports\WC-330\wc_u_elf_rogue\clip_Idle.png'
00:34.671  render           | Saved: 'C:\Users\iputu\Documents\Wonder Chess\reports\WC-330\wc_u_elf_rogue\clip_Move.png'
00:35.953  render           | Saved: 'C:\Users\iputu\Documents\Wonder Chess\reports\WC-330\wc_u_elf_rogue\clip_Attack.png'
00:37.312  render           | Saved: 'C:\Users\iputu\Documents\Wonder Chess\reports\WC-330\wc_u_elf_rogue\clip_Active.png'
00:38.578  render           | Saved: 'C:\Users\iputu\Documents\Wonder Chess\reports\WC-330\wc_u_elf_rogue\clip_Hit.png'
00:39.796  render           | Saved: 'C:\Users\iputu\Documents\Wonder Chess\reports\WC-330\wc_u_elf_rogue\clip_Defeat.png'
00:41.046  render           | Saved: 'C:\Users\iputu\Documents\Wonder Chess\reports\WC-330\wc_u_elf_rogue\clip_Victory.png'

FBX export starting... 'C:\\Users\\iputu\\Documents\\Wonder Chess\\exports\\heroes\\wc_u_elf_rogue\\SK_wc_u_elf_rogue.fbx'
(bpy.data.armatures['WC_humanoid_slender_v1'], 'POSE')
export finished in 0.0266 sec.
Info: Applied modifier was not first, result may not be as expected

FBX export starting... 'C:\\Users\\iputu\\Documents\\Wonder Chess\\exports\\heroes\\wc_u_elf_rogue\\SK_wc_u_elf_rogue_LOD1.fbx'
(bpy.data.armatures['WC_humanoid_slender_v1'], 'POSE')
export finished in 0.0259 sec.
Info: Applied modifier was not first, result may not be as expected

FBX export starting... 'C:\\Users\\iputu\\Documents\\Wonder Chess\\exports\\heroes\\wc_u_elf_rogue\\SK_wc_u_elf_rogue_LOD2.fbx'
(bpy.data.armatures['WC_humanoid_slender_v1'], 'POSE')
export finished in 0.0236 sec.

FBX export starting... 'C:\\Users\\iputu\\Documents\\Wonder Chess\\exports\\heroes\\wc_u_elf_rogue\\AN_wc_u_elf_rogue_Idle.fbx'
export finished in 0.1398 sec.

FBX export starting... 'C:\\Users\\iputu\\Documents\\Wonder Chess\\exports\\heroes\\wc_u_elf_rogue\\AN_wc_u_elf_rogue_Move.fbx'
export finished in 0.0792 sec.

FBX export starting... 'C:\\Users\\iputu\\Documents\\Wonder Chess\\exports\\heroes\\wc_u_elf_rogue\\AN_wc_u_elf_rogue_Attack.fbx'
export finished in 0.0650 sec.

FBX export starting... 'C:\\Users\\iputu\\Documents\\Wonder Chess\\exports\\heroes\\wc_u_elf_rogue\\AN_wc_u_elf_rogue_Active.fbx'
export finished in 0.0579 sec.

FBX export starting... 'C:\\Users\\iputu\\Documents\\Wonder Chess\\exports\\heroes\\wc_u_elf_rogue\\AN_wc_u_elf_rogue_Hit.fbx'
export finished in 0.0501 sec.

FBX export starting... 'C:\\Users\\iputu\\Documents\\Wonder Chess\\exports\\heroes\\wc_u_elf_rogue\\AN_wc_u_elf_rogue_Defeat.fbx'
export finished in 0.0825 sec.

FBX export starting... 'C:\\Users\\iputu\\Documents\\Wonder Chess\\exports\\heroes\\wc_u_elf_rogue\\AN_wc_u_elf_rogue_Victory.fbx'
export finished in 0.0913 sec.
Info: Saved as "wc_u_elf_rogue.blend"
{
  "status": "structural_checks_passed_visual_review_required",
  "blender_version": "5.1.1",
  "collection": "EXPORT",
  "evaluated_triangle_total": 3186,
  "objects": [
    {
      "name": "Armature",
      "type": "ARMATURE",
      "scale": [
        1.0,
        1.0,
        1.0
      ],
      "dimensions": [
        1.194295883178711,
        0.4749999940395355,
        2.0425000190734863
      ],
      "roots": [
        "root"
      ],
      "deform_bones": 27
    },
    {
      "name": "SK_wc_u_elf_rogue",
      "type": "MESH",
      "scale": [
        1.0,
        1.0,
        1.0
      ],
      "dimensions": [
        1.4200186729431152,
        0.6419491767883301,
        1.8904999494552612
      ],
      "evaluated_triangles": 3186,
      "material_slots": 1,
      "uv_layers": 1,
      "skin_checks": {
        "unweighted": 0,
        "excess_influences": 0,
        "unnormalized": 0
      }
    }
  ],
  "errors": [],
  "warnings": [],
  "not_checked": [
    "appearance",
    "deformation across all clips",
    "UV overlap appropriateness",
    "normal-map convention",
    "Unreal import",
    "LOD silhouette",
    "gameplay readability"
  ]
}
{
  "status": "sampled_motion_invariants_passed",
  "unit_id": "wc_u_elf_rogue",
  "blender_version": "5.1.1",
  "sampling": "actual deformed mesh every 3 frames at 60fps",
  "clips": [
    {
      "clip": "Idle",
      "samples": 41,
      "minimum_support_sole_z_m": 0.01709999144077301,
      "maximum_support_sole_z_m": 0.01709999144077301,
      "max_root_translation_m": 0,
      "max_pose_scale_error": 0
    },
    {
      "clip": "Move",
      "samples": 21,
      "minimum_support_sole_z_m": -0.0025625228881835938,
      "maximum_support_sole_z_m": 0.0171000137925148,
      "max_root_translation_m": 0,
      "max_pose_scale_error": 0
    },
    {
      "clip": "Attack",
      "samples": 14,
      "minimum_support_sole_z_m": 0.01709999144077301,
      "maximum_support_sole_z_m": 0.01709999144077301,
      "max_root_translation_m": 0,
      "max_pose_scale_error": 0
    },
    {
      "clip": "Active",
      "samples": 11,
      "minimum_support_sole_z_m": 0.01709999144077301,
      "maximum_support_sole_z_m": 0.017099998891353607,
      "max_root_translation_m": 0,
      "max_pose_scale_error": 0
    },
    {
      "clip": "Hit",
      "samples": 9,
      "minimum_support_sole_z_m": 0.01709999144077301,
      "maximum_support_sole_z_m": 0.01709999144077301,
      "max_root_translation_m": 0,
      "max_pose_scale_error": 0
    },
    {
      "clip": "Defeat",
      "samples": 21,
      "minimum_support_sole_z_m": 0.015892472118139267,
      "maximum_support_sole_z_m": 0.030079955235123634,
      "max_root_translation_m": 0,
      "max_pose_scale_error": 0
    },
    {
      "clip": "Victory",
      "samples": 31,
      "minimum_support_sole_z_m": 0.01709999144077301,
      "maximum_support_sole_z_m": 0.01709999144077301,
      "max_root_translation_m": 0,
      "max_pose_scale_error": 0
    }
  ],
  "errors": [],
  "not_checked": [
    "continuous visual quality",
    "weapon/costume clipping",
    "semantic gesture review",
    "Unreal retarget/import",
    "runtime move-speed synchronization"
  ]
}
WC_HERO_COMPLETE wc_u_elf_rogue {"triangles": 3186, "bones": 27}
00:56.125  render           | Saved: 'C:\Users\iputu\Documents\Wonder Chess\exports\heroes\wc_u_dwarf_guardian\portrait.png'
01:00.812  render           | Saved: 'C:\Users\iputu\Documents\Wonder Chess\reports\WC-330\wc_u_dwarf_guardian\front.png'
01:05.125  render           | Saved: 'C:\Users\iputu\Documents\Wonder Chess\reports\WC-330\wc_u_dwarf_guardian\side.png'
01:10.000  render           | Saved: 'C:\Users\iputu\Documents\Wonder Chess\reports\WC-330\wc_u_dwarf_guardian\back.png'
01:11.375  render           | Saved: 'C:\Users\iputu\Documents\Wonder Chess\reports\WC-330\wc_u_dwarf_guardian\clip_Idle.png'
01:12.609  render           | Saved: 'C:\Users\iputu\Documents\Wonder Chess\reports\WC-330\wc_u_dwarf_guardian\clip_Move.png'
01:13.859  render           | Saved: 'C:\Users\iputu\Documents\Wonder Chess\reports\WC-330\wc_u_dwarf_guardian\clip_Attack.png'
01:15.171  render           | Saved: 'C:\Users\iputu\Documents\Wonder Chess\reports\WC-330\wc_u_dwarf_guardian\clip_Active.png'
01:16.453  render           | Saved: 'C:\Users\iputu\Documents\Wonder Chess\reports\WC-330\wc_u_dwarf_guardian\clip_Hit.png'
01:17.968  render           | Saved: 'C:\Users\iputu\Documents\Wonder Chess\reports\WC-330\wc_u_dwarf_guardian\clip_Defeat.png'
01:19.453  render           | Saved: 'C:\Users\iputu\Documents\Wonder Chess\reports\WC-330\wc_u_dwarf_guardian\clip_Victory.png'

FBX export starting... 'C:\\Users\\iputu\\Documents\\Wonder Chess\\exports\\heroes\\wc_u_dwarf_guardian\\SK_wc_u_dwarf_guardian.fbx'
(bpy.data.armatures['WC_humanoid_stocky_v1'], 'POSE')
export finished in 0.0291 sec.
Info: Applied modifier was not first, result may not be as expected

FBX export starting... 'C:\\Users\\iputu\\Documents\\Wonder Chess\\exports\\heroes\\wc_u_dwarf_guardian\\SK_wc_u_dwarf_guardian_LOD1.fbx'
(bpy.data.armatures['WC_humanoid_stocky_v1'], 'POSE')
export finished in 0.0258 sec.
Info: Applied modifier was not first, result may not be as expected

FBX export starting... 'C:\\Users\\iputu\\Documents\\Wonder Chess\\exports\\heroes\\wc_u_dwarf_guardian\\SK_wc_u_dwarf_guardian_LOD2.fbx'
(bpy.data.armatures['WC_humanoid_stocky_v1'], 'POSE')
export finished in 0.0254 sec.

FBX export starting... 'C:\\Users\\iputu\\Documents\\Wonder Chess\\exports\\heroes\\wc_u_dwarf_guardian\\AN_wc_u_dwarf_guardian_Idle.fbx'
export finished in 0.1120 sec.

FBX export starting... 'C:\\Users\\iputu\\Documents\\Wonder Chess\\exports\\heroes\\wc_u_dwarf_guardian\\AN_wc_u_dwarf_guardian_Move.fbx'
export finished in 0.0755 sec.

FBX export starting... 'C:\\Users\\iputu\\Documents\\Wonder Chess\\exports\\heroes\\wc_u_dwarf_guardian\\AN_wc_u_dwarf_guardian_Attack.fbx'
export finished in 0.0612 sec.

FBX export starting... 'C:\\Users\\iputu\\Documents\\Wonder Chess\\exports\\heroes\\wc_u_dwarf_guardian\\AN_wc_u_dwarf_guardian_Active.fbx'
export finished in 0.0653 sec.

FBX export starting... 'C:\\Users\\iputu\\Documents\\Wonder Chess\\exports\\heroes\\wc_u_dwarf_guardian\\AN_wc_u_dwarf_guardian_Hit.fbx'
export finished in 0.0556 sec.

FBX export starting... 'C:\\Users\\iputu\\Documents\\Wonder Chess\\exports\\heroes\\wc_u_dwarf_guardian\\AN_wc_u_dwarf_guardian_Defeat.fbx'
export finished in 0.0744 sec.

FBX export starting... 'C:\\Users\\iputu\\Documents\\Wonder Chess\\exports\\heroes\\wc_u_dwarf_guardian\\AN_wc_u_dwarf_guardian_Victory.fbx'
export finished in 0.1433 sec.
Info: Saved as "wc_u_dwarf_guardian.blend"
{
  "status": "structural_checks_passed_visual_review_required",
  "blender_version": "5.1.1",
  "collection": "EXPORT",
  "evaluated_triangle_total": 3274,
  "objects": [
    {
      "name": "Armature",
      "type": "ARMATURE",
      "scale": [
        1.0,
        1.0,
        1.0
      ],
      "dimensions": [
        1.077507734298706,
        0.3449999988079071,
        1.4835000038146973
      ],
      "roots": [
        "root"
      ],
      "deform_bones": 27
    },
    {
      "name": "SK_wc_u_dwarf_guardian",
      "type": "MESH",
      "scale": [
        1.0,
        1.0,
        1.0
      ],
      "dimensions": [
        1.311956763267517,
        0.4197022318840027,
        1.3827600479125977
      ],
      "evaluated_triangles": 3274,
      "material_slots": 1,
      "uv_layers": 1,
      "skin_checks": {
        "unweighted": 0,
        "excess_influences": 0,
        "unnormalized": 0
      }
    }
  ],
  "errors": [],
  "warnings": [],
  "not_checked": [
    "appearance",
    "deformation across all clips",
    "UV overlap appropriateness",
    "normal-map convention",
    "Unreal import",
    "LOD silhouette",
    "gameplay readability"
  ]
}
{
  "status": "sampled_motion_invariants_passed",
  "unit_id": "wc_u_dwarf_guardian",
  "blender_version": "5.1.1",
  "sampling": "actual deformed mesh every 3 frames at 60fps",
  "clips": [
    {
      "clip": "Idle",
      "samples": 41,
      "minimum_support_sole_z_m": 0.012419994920492172,
      "maximum_support_sole_z_m": 0.012419994920492172,
      "max_root_translation_m": 0,
      "max_pose_scale_error": 0
    },
    {
      "clip": "Move",
      "samples": 21,
      "minimum_support_sole_z_m": 0.005200492218136787,
      "maximum_support_sole_z_m": 0.012419994920492172,
      "max_root_translation_m": 0,
      "max_pose_scale_error": 0
    },
    {
      "clip": "Attack",
      "samples": 14,
      "minimum_support_sole_z_m": 0.012419994920492172,
      "maximum_support_sole_z_m": 0.012419994920492172,
      "max_root_translation_m": 0,
      "max_pose_scale_error": 0
    },
    {
      "clip": "Active",
      "samples": 15,
      "minimum_support_sole_z_m": 0.012419994920492172,
      "maximum_support_sole_z_m": 0.012419994920492172,
      "max_root_translation_m": 0,
      "max_pose_scale_error": 0
    },
    {
      "clip": "Hit",
      "samples": 9,
      "minimum_support_sole_z_m": 0.012419994920492172,
      "maximum_support_sole_z_m": 0.012419994920492172,
      "max_root_translation_m": 0,
      "max_pose_scale_error": 0
    },
    {
      "clip": "Defeat",
      "samples": 21,
      "minimum_support_sole_z_m": 0.01177289430052042,
      "maximum_support_sole_z_m": 0.021847646683454514,
      "max_root_translation_m": 0,
      "max_pose_scale_error": 0
    },
    {
      "clip": "Victory",
      "samples": 31,
      "minimum_support_sole_z_m": 0.012419994920492172,
      "maximum_support_sole_z_m": 0.012419994920492172,
      "max_root_translation_m": 0,
      "max_pose_scale_error": 0
    }
  ],
  "errors": [],
  "not_checked": [
    "continuous visual quality",
    "weapon/costume clipping",
    "semantic gesture review",
    "Unreal retarget/import",
    "runtime move-speed synchronization"
  ]
}
WC_HERO_COMPLETE wc_u_dwarf_guardian {"triangles": 3274, "bones": 27}
01:35.406  render           | Saved: 'C:\Users\iputu\Documents\Wonder Chess\exports\heroes\wc_u_dwarf_ranger\portrait.png'
01:40.062  render           | Saved: 'C:\Users\iputu\Documents\Wonder Chess\reports\WC-330\wc_u_dwarf_ranger\front.png'
01:44.718  render           | Saved: 'C:\Users\iputu\Documents\Wonder Chess\reports\WC-330\wc_u_dwarf_ranger\side.png'
01:49.828  render           | Saved: 'C:\Users\iputu\Documents\Wonder Chess\reports\WC-330\wc_u_dwarf_ranger\back.png'
01:51.234  render           | Saved: 'C:\Users\iputu\Documents\Wonder Chess\reports\WC-330\wc_u_dwarf_ranger\clip_Idle.png'
01:52.593  render           | Saved: 'C:\Users\iputu\Documents\Wonder Chess\reports\WC-330\wc_u_dwarf_ranger\clip_Move.png'
01:54.031  render           | Saved: 'C:\Users\iputu\Documents\Wonder Chess\reports\WC-330\wc_u_dwarf_ranger\clip_Attack.png'
01:55.328  render           | Saved: 'C:\Users\iputu\Documents\Wonder Chess\reports\WC-330\wc_u_dwarf_ranger\clip_Active.png'
01:56.609  render           | Saved: 'C:\Users\iputu\Documents\Wonder Chess\reports\WC-330\wc_u_dwarf_ranger\clip_Hit.png'
01:57.968  render           | Saved: 'C:\Users\iputu\Documents\Wonder Chess\reports\WC-330\wc_u_dwarf_ranger\clip_Defeat.png'
01:59.343  render           | Saved: 'C:\Users\iputu\Documents\Wonder Chess\reports\WC-330\wc_u_dwarf_ranger\clip_Victory.png'

FBX export starting... 'C:\\Users\\iputu\\Documents\\Wonder Chess\\exports\\heroes\\wc_u_dwarf_ranger\\SK_wc_u_dwarf_ranger.fbx'
(bpy.data.armatures['WC_humanoid_stocky_v1'], 'POSE')
export finished in 0.0304 sec.
Info: Applied modifier was not first, result may not be as expected

FBX export starting... 'C:\\Users\\iputu\\Documents\\Wonder Chess\\exports\\heroes\\wc_u_dwarf_ranger\\SK_wc_u_dwarf_ranger_LOD1.fbx'
(bpy.data.armatures['WC_humanoid_stocky_v1'], 'POSE')
export finished in 0.0287 sec.
Info: Applied modifier was not first, result may not be as expected

FBX export starting... 'C:\\Users\\iputu\\Documents\\Wonder Chess\\exports\\heroes\\wc_u_dwarf_ranger\\SK_wc_u_dwarf_ranger_LOD2.fbx'
(bpy.data.armatures['WC_humanoid_stocky_v1'], 'POSE')
export finished in 0.0276 sec.

FBX export starting... 'C:\\Users\\iputu\\Documents\\Wonder Chess\\exports\\heroes\\wc_u_dwarf_ranger\\AN_wc_u_dwarf_ranger_Idle.fbx'
export finished in 0.1269 sec.

FBX export starting... 'C:\\Users\\iputu\\Documents\\Wonder Chess\\exports\\heroes\\wc_u_dwarf_ranger\\AN_wc_u_dwarf_ranger_Move.fbx'
export finished in 0.0894 sec.

FBX export starting... 'C:\\Users\\iputu\\Documents\\Wonder Chess\\exports\\heroes\\wc_u_dwarf_ranger\\AN_wc_u_dwarf_ranger_Attack.fbx'
export finished in 0.0657 sec.

FBX export starting... 'C:\\Users\\iputu\\Documents\\Wonder Chess\\exports\\heroes\\wc_u_dwarf_ranger\\AN_wc_u_dwarf_ranger_Active.fbx'
export finished in 0.0739 sec.

FBX export starting... 'C:\\Users\\iputu\\Documents\\Wonder Chess\\exports\\heroes\\wc_u_dwarf_ranger\\AN_wc_u_dwarf_ranger_Hit.fbx'
export finished in 0.0615 sec.

FBX export starting... 'C:\\Users\\iputu\\Documents\\Wonder Chess\\exports\\heroes\\wc_u_dwarf_ranger\\AN_wc_u_dwarf_ranger_Defeat.fbx'
export finished in 0.0876 sec.

FBX export starting... 'C:\\Users\\iputu\\Documents\\Wonder Chess\\exports\\heroes\\wc_u_dwarf_ranger\\AN_wc_u_dwarf_ranger_Victory.fbx'
export finished in 0.0933 sec.
Info: Saved as "wc_u_dwarf_ranger.blend"
{
  "status": "structural_checks_passed_visual_review_required",
  "blender_version": "5.1.1",
  "collection": "EXPORT",
  "evaluated_triangle_total": 3572,
  "objects": [
    {
      "name": "Armature",
      "type": "ARMATURE",
      "scale": [
        1.0,
        1.0,
        1.0
      ],
      "dimensions": [
        1.0306594371795654,
        0.33000001311302185,
        1.4190001487731934
      ],
      "roots": [
        "root"
      ],
      "deform_bones": 27
    },
    {
      "name": "SK_wc_u_dwarf_ranger",
      "type": "MESH",
      "scale": [
        1.0,
        1.0,
        1.0
      ],
      "dimensions": [
        1.4016926288604736,
        0.4525476098060608,
        1.3133999109268188
      ],
      "evaluated_triangles": 3572,
      "material_slots": 1,
      "uv_layers": 1,
      "skin_checks": {
        "unweighted": 0,
        "excess_influences": 0,
        "unnormalized": 0
      }
    }
  ],
  "errors": [],
  "warnings": [],
  "not_checked": [
    "appearance",
    "deformation across all clips",
    "UV overlap appropriateness",
    "normal-map convention",
    "Unreal import",
    "LOD silhouette",
    "gameplay readability"
  ]
}
{
  "status": "sampled_motion_invariants_passed",
  "unit_id": "wc_u_dwarf_ranger",
  "blender_version": "5.1.1",
  "sampling": "actual deformed mesh every 3 frames at 60fps",
  "clips": [
    {
      "clip": "Idle",
      "samples": 41,
      "minimum_support_sole_z_m": 0.011880003847181797,
      "maximum_support_sole_z_m": 0.011880003847181797,
      "max_root_translation_m": 0,
      "max_pose_scale_error": 0
    },
    {
      "clip": "Move",
      "samples": 21,
      "minimum_support_sole_z_m": 0.0049743871204555035,
      "maximum_support_sole_z_m": 0.011880003847181797,
      "max_root_translation_m": 0,
      "max_pose_scale_error": 0
    },
    {
      "clip": "Attack",
      "samples": 15,
      "minimum_support_sole_z_m": 0.011880003847181797,
      "maximum_support_sole_z_m": 0.011880003847181797,
      "max_root_translation_m": 0,
      "max_pose_scale_error": 0
    },
    {
      "clip": "Active",
      "samples": 14,
      "minimum_support_sole_z_m": 0.011880003847181797,
      "maximum_support_sole_z_m": 0.011880003847181797,
      "max_root_translation_m": 0,
      "max_pose_scale_error": 0
    },
    {
      "clip": "Hit",
      "samples": 9,
      "minimum_support_sole_z_m": 0.011880003847181797,
      "maximum_support_sole_z_m": 0.011880003847181797,
      "max_root_translation_m": 0,
      "max_pose_scale_error": 0
    },
    {
      "clip": "Defeat",
      "samples": 21,
      "minimum_support_sole_z_m": 0.011261011473834515,
      "maximum_support_sole_z_m": 0.020897775888442993,
      "max_root_translation_m": 0,
      "max_pose_scale_error": 0
    },
    {
      "clip": "Victory",
      "samples": 31,
      "minimum_support_sole_z_m": 0.011880003847181797,
      "maximum_support_sole_z_m": 0.011880003847181797,
      "max_root_translation_m": 0,
      "max_pose_scale_error": 0
    }
  ],
  "errors": [],
  "not_checked": [
    "continuous visual quality",
    "weapon/costume clipping",
    "semantic gesture review",
    "Unreal retarget/import",
    "runtime move-speed synchronization"
  ]
}
WC_HERO_COMPLETE wc_u_dwarf_ranger {"triangles": 3572, "bones": 27}
02:14.062  render           | Saved: 'C:\Users\iputu\Documents\Wonder Chess\exports\heroes\wc_u_dwarf_warrior\portrait.png'
02:18.812  render           | Saved: 'C:\Users\iputu\Documents\Wonder Chess\reports\WC-330\wc_u_dwarf_warrior\front.png'
02:23.828  render           | Saved: 'C:\Users\iputu\Documents\Wonder Chess\reports\WC-330\wc_u_dwarf_warrior\side.png'
02:28.921  render           | Saved: 'C:\Users\iputu\Documents\Wonder Chess\reports\WC-330\wc_u_dwarf_warrior\back.png'
02:30.296  render           | Saved: 'C:\Users\iputu\Documents\Wonder Chess\reports\WC-330\wc_u_dwarf_warrior\clip_Idle.png'
02:31.562  render           | Saved: 'C:\Users\iputu\Documents\Wonder Chess\reports\WC-330\wc_u_dwarf_warrior\clip_Move.png'
02:32.843  render           | Saved: 'C:\Users\iputu\Documents\Wonder Chess\reports\WC-330\wc_u_dwarf_warrior\clip_Attack.png'
02:34.078  render           | Saved: 'C:\Users\iputu\Documents\Wonder Chess\reports\WC-330\wc_u_dwarf_warrior\clip_Active.png'
02:35.375  render           | Saved: 'C:\Users\iputu\Documents\Wonder Chess\reports\WC-330\wc_u_dwarf_warrior\clip_Hit.png'
02:36.890  render           | Saved: 'C:\Users\iputu\Documents\Wonder Chess\reports\WC-330\wc_u_dwarf_warrior\clip_Defeat.png'
02:38.171  render           | Saved: 'C:\Users\iputu\Documents\Wonder Chess\reports\WC-330\wc_u_dwarf_warrior\clip_Victory.png'

FBX export starting... 'C:\\Users\\iputu\\Documents\\Wonder Chess\\exports\\heroes\\wc_u_dwarf_warrior\\SK_wc_u_dwarf_warrior.fbx'
(bpy.data.armatures['WC_humanoid_stocky_v1'], 'POSE')
export finished in 0.0269 sec.
Info: Applied modifier was not first, result may not be as expected

FBX export starting... 'C:\\Users\\iputu\\Documents\\Wonder Chess\\exports\\heroes\\wc_u_dwarf_warrior\\SK_wc_u_dwarf_warrior_LOD1.fbx'
(bpy.data.armatures['WC_humanoid_stocky_v1'], 'POSE')
export finished in 0.0267 sec.
Info: Applied modifier was not first, result may not be as expected

FBX export starting... 'C:\\Users\\iputu\\Documents\\Wonder Chess\\exports\\heroes\\wc_u_dwarf_warrior\\SK_wc_u_dwarf_warrior_LOD2.fbx'
(bpy.data.armatures['WC_humanoid_stocky_v1'], 'POSE')
export finished in 0.0234 sec.

FBX export starting... 'C:\\Users\\iputu\\Documents\\Wonder Chess\\exports\\heroes\\wc_u_dwarf_warrior\\AN_wc_u_dwarf_warrior_Idle.fbx'
export finished in 0.1098 sec.

FBX export starting... 'C:\\Users\\iputu\\Documents\\Wonder Chess\\exports\\heroes\\wc_u_dwarf_warrior\\AN_wc_u_dwarf_warrior_Move.fbx'
export finished in 0.0718 sec.

FBX export starting... 'C:\\Users\\iputu\\Documents\\Wonder Chess\\exports\\heroes\\wc_u_dwarf_warrior\\AN_wc_u_dwarf_warrior_Attack.fbx'
export finished in 0.0635 sec.

FBX export starting... 'C:\\Users\\iputu\\Documents\\Wonder Chess\\exports\\heroes\\wc_u_dwarf_warrior\\AN_wc_u_dwarf_warrior_Active.fbx'
export finished in 0.0650 sec.

FBX export starting... 'C:\\Users\\iputu\\Documents\\Wonder Chess\\exports\\heroes\\wc_u_dwarf_warrior\\AN_wc_u_dwarf_warrior_Hit.fbx'
export finished in 0.0507 sec.

FBX export starting... 'C:\\Users\\iputu\\Documents\\Wonder Chess\\exports\\heroes\\wc_u_dwarf_warrior\\AN_wc_u_dwarf_warrior_Defeat.fbx'
export finished in 0.0783 sec.

FBX export starting... 'C:\\Users\\iputu\\Documents\\Wonder Chess\\exports\\heroes\\wc_u_dwarf_warrior\\AN_wc_u_dwarf_warrior_Victory.fbx'
export finished in 0.0902 sec.
Info: Saved as "wc_u_dwarf_warrior.blend"
{
  "status": "structural_checks_passed_visual_review_required",
  "blender_version": "5.1.1",
  "collection": "EXPORT",
  "evaluated_triangle_total": 3422,
  "objects": [
    {
      "name": "Armature",
      "type": "ARMATURE",
      "scale": [
        1.0,
        1.0,
        1.0
      ],
      "dimensions": [
        1.1087396144866943,
        0.35499998927116394,
        1.5264999866485596
      ],
      "roots": [
        "root"
      ],
      "deform_bones": 27
    },
    {
      "name": "SK_wc_u_dwarf_warrior",
      "type": "MESH",
      "scale": [
        1.0,
        1.0,
        1.0
      ],
      "dimensions": [
        1.4156737327575684,
        0.45028793811798096,
        1.4128999710083008
      ],
      "evaluated_triangles": 3422,
      "material_slots": 1,
      "uv_layers": 1,
      "skin_checks": {
        "unweighted": 0,
        "excess_influences": 0,
        "unnormalized": 0
      }
    }
  ],
  "errors": [],
  "warnings": [],
  "not_checked": [
    "appearance",
    "deformation across all clips",
    "UV overlap appropriateness",
    "normal-map convention",
    "Unreal import",
    "LOD silhouette",
    "gameplay readability"
  ]
}
{
  "status": "sampled_motion_invariants_passed",
  "unit_id": "wc_u_dwarf_warrior",
  "blender_version": "5.1.1",
  "sampling": "actual deformed mesh every 3 frames at 60fps",
  "clips": [
    {
      "clip": "Idle",
      "samples": 41,
      "minimum_support_sole_z_m": 0.012779992073774338,
      "maximum_support_sole_z_m": 0.012779992073774338,
      "max_root_translation_m": 0,
      "max_pose_scale_error": 0
    },
    {
      "clip": "Move",
      "samples": 21,
      "minimum_support_sole_z_m": 0.005351224448531866,
      "maximum_support_sole_z_m": 0.012779992073774338,
      "max_root_translation_m": 0,
      "max_pose_scale_error": 0
    },
    {
      "clip": "Attack",
      "samples": 16,
      "minimum_support_sole_z_m": 0.012779992073774338,
      "maximum_support_sole_z_m": 0.012779992073774338,
      "max_root_translation_m": 0,
      "max_pose_scale_error": 0
    },
    {
      "clip": "Active",
      "samples": 15,
      "minimum_support_sole_z_m": 0.012779992073774338,
      "maximum_support_sole_z_m": 0.012779992073774338,
      "max_root_translation_m": 0,
      "max_pose_scale_error": 0
    },
    {
      "clip": "Hit",
      "samples": 9,
      "minimum_support_sole_z_m": 0.012779992073774338,
      "maximum_support_sole_z_m": 0.012779992073774338,
      "max_root_translation_m": 0,
      "max_pose_scale_error": 0
    },
    {
      "clip": "Defeat",
      "samples": 21,
      "minimum_support_sole_z_m": 0.012114137411117554,
      "maximum_support_sole_z_m": 0.0224809180945158,
      "max_root_translation_m": 0,
      "max_pose_scale_error": 0
    },
    {
      "clip": "Victory",
      "samples": 31,
      "minimum_support_sole_z_m": 0.012779992073774338,
      "maximum_support_sole_z_m": 0.012779992073774338,
      "max_root_translation_m": 0,
      "max_pose_scale_error": 0
    }
  ],
  "errors": [],
  "not_checked": [
    "continuous visual quality",
    "weapon/costume clipping",
    "semantic gesture review",
    "Unreal retarget/import",
    "runtime move-speed synchronization"
  ]
}
WC_HERO_COMPLETE wc_u_dwarf_warrior {"triangles": 3422, "bones": 27}
02:53.093  render           | Saved: 'C:\Users\iputu\Documents\Wonder Chess\exports\heroes\wc_u_orc_warrior\portrait.png'
02:59.203  render           | Saved: 'C:\Users\iputu\Documents\Wonder Chess\reports\WC-330\wc_u_orc_warrior\front.png'
03:04.218  render           | Saved: 'C:\Users\iputu\Documents\Wonder Chess\reports\WC-330\wc_u_orc_warrior\side.png'
03:09.812  render           | Saved: 'C:\Users\iputu\Documents\Wonder Chess\reports\WC-330\wc_u_orc_warrior\back.png'
03:11.234  render           | Saved: 'C:\Users\iputu\Documents\Wonder Chess\reports\WC-330\wc_u_orc_warrior\clip_Idle.png'
03:12.546  render           | Saved: 'C:\Users\iputu\Documents\Wonder Chess\reports\WC-330\wc_u_orc_warrior\clip_Move.png'
03:13.812  render           | Saved: 'C:\Users\iputu\Documents\Wonder Chess\reports\WC-330\wc_u_orc_warrior\clip_Attack.png'
03:15.093  render           | Saved: 'C:\Users\iputu\Documents\Wonder Chess\reports\WC-330\wc_u_orc_warrior\clip_Active.png'
03:16.359  render           | Saved: 'C:\Users\iputu\Documents\Wonder Chess\reports\WC-330\wc_u_orc_warrior\clip_Hit.png'
03:17.609  render           | Saved: 'C:\Users\iputu\Documents\Wonder Chess\reports\WC-330\wc_u_orc_warrior\clip_Defeat.png'
03:18.812  render           | Saved: 'C:\Users\iputu\Documents\Wonder Chess\reports\WC-330\wc_u_orc_warrior\clip_Victory.png'

FBX export starting... 'C:\\Users\\iputu\\Documents\\Wonder Chess\\exports\\heroes\\wc_u_orc_warrior\\SK_wc_u_orc_warrior.fbx'
(bpy.data.armatures['WC_humanoid_broad_v1'], 'POSE')
export finished in 0.0307 sec.
Info: Applied modifier was not first, result may not be as expected

FBX export starting... 'C:\\Users\\iputu\\Documents\\Wonder Chess\\exports\\heroes\\wc_u_orc_warrior\\SK_wc_u_orc_warrior_LOD1.fbx'
(bpy.data.armatures['WC_humanoid_broad_v1'], 'POSE')
export finished in 0.0256 sec.
Info: Applied modifier was not first, result may not be as expected

FBX export starting... 'C:\\Users\\iputu\\Documents\\Wonder Chess\\exports\\heroes\\wc_u_orc_warrior\\SK_wc_u_orc_warrior_LOD2.fbx'
(bpy.data.armatures['WC_humanoid_broad_v1'], 'POSE')
export finished in 0.0237 sec.

FBX export starting... 'C:\\Users\\iputu\\Documents\\Wonder Chess\\exports\\heroes\\wc_u_orc_warrior\\AN_wc_u_orc_warrior_Idle.fbx'
export finished in 0.1101 sec.

FBX export starting... 'C:\\Users\\iputu\\Documents\\Wonder Chess\\exports\\heroes\\wc_u_orc_warrior\\AN_wc_u_orc_warrior_Move.fbx'
export finished in 0.0760 sec.

FBX export starting... 'C:\\Users\\iputu\\Documents\\Wonder Chess\\exports\\heroes\\wc_u_orc_warrior\\AN_wc_u_orc_warrior_Attack.fbx'
export finished in 0.0642 sec.

FBX export starting... 'C:\\Users\\iputu\\Documents\\Wonder Chess\\exports\\heroes\\wc_u_orc_warrior\\AN_wc_u_orc_warrior_Active.fbx'
export finished in 0.0571 sec.

FBX export starting... 'C:\\Users\\iputu\\Documents\\Wonder Chess\\exports\\heroes\\wc_u_orc_warrior\\AN_wc_u_orc_warrior_Hit.fbx'
export finished in 0.0483 sec.

FBX export starting... 'C:\\Users\\iputu\\Documents\\Wonder Chess\\exports\\heroes\\wc_u_orc_warrior\\AN_wc_u_orc_warrior_Defeat.fbx'
export finished in 0.0729 sec.

FBX export starting... 'C:\\Users\\iputu\\Documents\\Wonder Chess\\exports\\heroes\\wc_u_orc_warrior\\AN_wc_u_orc_warrior_Victory.fbx'
export finished in 0.0903 sec.
Info: Saved as "wc_u_orc_warrior.blend"
{
  "status": "structural_checks_passed_visual_review_required",
  "blender_version": "5.1.1",
  "collection": "EXPORT",
  "evaluated_triangle_total": 3058,
  "objects": [
    {
      "name": "Armature",
      "type": "ARMATURE",
      "scale": [
        1.0,
        1.0,
        1.0
      ],
      "dimensions": [
        1.5882967710494995,
        0.5099999904632568,
        2.193000078201294
      ],
      "roots": [
        "root"
      ],
      "deform_bones": 27
    },
    {
      "name": "SK_wc_u_orc_warrior",
      "type": "MESH",
      "scale": [
        1.0,
        1.0,
        1.0
      ],
      "dimensions": [
        2.0755484104156494,
        0.6106061339378357,
        2.1332571506500244
      ],
      "evaluated_triangles": 3058,
      "material_slots": 1,
      "uv_layers": 1,
      "skin_checks": {
        "unweighted": 0,
        "excess_influences": 0,
        "unnormalized": 0
      }
    }
  ],
  "errors": [],
  "warnings": [],
  "not_checked": [
    "appearance",
    "deformation across all clips",
    "UV overlap appropriateness",
    "normal-map convention",
    "Unreal import",
    "LOD silhouette",
    "gameplay readability"
  ]
}
{
  "status": "sampled_motion_invariants_passed",
  "unit_id": "wc_u_orc_warrior",
  "blender_version": "5.1.1",
  "sampling": "actual deformed mesh every 3 frames at 60fps",
  "clips": [
    {
      "clip": "Idle",
      "samples": 41,
      "minimum_support_sole_z_m": 0.018359972164034843,
      "maximum_support_sole_z_m": 0.018359972164034843,
      "max_root_translation_m": 0,
      "max_pose_scale_error": 0
    },
    {
      "clip": "Move",
      "samples": 21,
      "minimum_support_sole_z_m": 0.00421316921710968,
      "maximum_support_sole_z_m": 0.018359972164034843,
      "max_root_translation_m": 0,
      "max_pose_scale_error": 0
    },
    {
      "clip": "Attack",
      "samples": 16,
      "minimum_support_sole_z_m": 0.018359972164034843,
      "maximum_support_sole_z_m": 0.018359972164034843,
      "max_root_translation_m": 0,
      "max_pose_scale_error": 0
    },
    {
      "clip": "Active",
      "samples": 12,
      "minimum_support_sole_z_m": 0.018359972164034843,
      "maximum_support_sole_z_m": 0.018359972164034843,
      "max_root_translation_m": 0,
      "max_pose_scale_error": 0
    },
    {
      "clip": "Hit",
      "samples": 9,
      "minimum_support_sole_z_m": 0.018359972164034843,
      "maximum_support_sole_z_m": 0.018359972164034843,
      "max_root_translation_m": 0,
      "max_pose_scale_error": 0
    },
    {
      "clip": "Defeat",
      "samples": 21,
      "minimum_support_sole_z_m": 0.0170635636895895,
      "maximum_support_sole_z_m": 0.03229657560586929,
      "max_root_translation_m": 0,
      "max_pose_scale_error": 0
    },
    {
      "clip": "Victory",
      "samples": 31,
      "minimum_support_sole_z_m": 0.018359972164034843,
      "maximum_support_sole_z_m": 0.018359972164034843,
      "max_root_translation_m": 0,
      "max_pose_scale_error": 0
    }
  ],
  "errors": [],
  "not_checked": [
    "continuous visual quality",
    "weapon/costume clipping",
    "semantic gesture review",
    "Unreal retarget/import",
    "runtime move-speed synchronization"
  ]
}
WC_HERO_COMPLETE wc_u_orc_warrior {"triangles": 3058, "bones": 27}
03:33.562  render           | Saved: 'C:\Users\iputu\Documents\Wonder Chess\exports\heroes\wc_u_orc_mage\portrait.png'
03:38.875  render           | Saved: 'C:\Users\iputu\Documents\Wonder Chess\reports\WC-330\wc_u_orc_mage\front.png'
03:43.234  render           | Saved: 'C:\Users\iputu\Documents\Wonder Chess\reports\WC-330\wc_u_orc_mage\side.png'
03:47.937  render           | Saved: 'C:\Users\iputu\Documents\Wonder Chess\reports\WC-330\wc_u_orc_mage\back.png'
03:49.156  render           | Saved: 'C:\Users\iputu\Documents\Wonder Chess\reports\WC-330\wc_u_orc_mage\clip_Idle.png'
03:50.453  render           | Saved: 'C:\Users\iputu\Documents\Wonder Chess\reports\WC-330\wc_u_orc_mage\clip_Move.png'
03:51.703  render           | Saved: 'C:\Users\iputu\Documents\Wonder Chess\reports\WC-330\wc_u_orc_mage\clip_Attack.png'
03:53.000  render           | Saved: 'C:\Users\iputu\Documents\Wonder Chess\reports\WC-330\wc_u_orc_mage\clip_Active.png'
03:54.296  render           | Saved: 'C:\Users\iputu\Documents\Wonder Chess\reports\WC-330\wc_u_orc_mage\clip_Hit.png'
03:55.593  render           | Saved: 'C:\Users\iputu\Documents\Wonder Chess\reports\WC-330\wc_u_orc_mage\clip_Defeat.png'
03:56.859  render           | Saved: 'C:\Users\iputu\Documents\Wonder Chess\reports\WC-330\wc_u_orc_mage\clip_Victory.png'

FBX export starting... 'C:\\Users\\iputu\\Documents\\Wonder Chess\\exports\\heroes\\wc_u_orc_mage\\SK_wc_u_orc_mage.fbx'
(bpy.data.armatures['WC_humanoid_broad_v1'], 'POSE')
export finished in 0.0297 sec.
Info: Applied modifier was not first, result may not be as expected

FBX export starting... 'C:\\Users\\iputu\\Documents\\Wonder Chess\\exports\\heroes\\wc_u_orc_mage\\SK_wc_u_orc_mage_LOD1.fbx'
(bpy.data.armatures['WC_humanoid_broad_v1'], 'POSE')
export finished in 0.0252 sec.
Info: Applied modifier was not first, result may not be as expected

FBX export starting... 'C:\\Users\\iputu\\Documents\\Wonder Chess\\exports\\heroes\\wc_u_orc_mage\\SK_wc_u_orc_mage_LOD2.fbx'
(bpy.data.armatures['WC_humanoid_broad_v1'], 'POSE')
export finished in 0.0260 sec.

FBX export starting... 'C:\\Users\\iputu\\Documents\\Wonder Chess\\exports\\heroes\\wc_u_orc_mage\\AN_wc_u_orc_mage_Idle.fbx'
export finished in 0.1378 sec.

FBX export starting... 'C:\\Users\\iputu\\Documents\\Wonder Chess\\exports\\heroes\\wc_u_orc_mage\\AN_wc_u_orc_mage_Move.fbx'
export finished in 0.0763 sec.

FBX export starting... 'C:\\Users\\iputu\\Documents\\Wonder Chess\\exports\\heroes\\wc_u_orc_mage\\AN_wc_u_orc_mage_Attack.fbx'
export finished in 0.0703 sec.

FBX export starting... 'C:\\Users\\iputu\\Documents\\Wonder Chess\\exports\\heroes\\wc_u_orc_mage\\AN_wc_u_orc_mage_Active.fbx'
export finished in 0.0775 sec.

FBX export starting... 'C:\\Users\\iputu\\Documents\\Wonder Chess\\exports\\heroes\\wc_u_orc_mage\\AN_wc_u_orc_mage_Hit.fbx'
export finished in 0.0520 sec.

FBX export starting... 'C:\\Users\\iputu\\Documents\\Wonder Chess\\exports\\heroes\\wc_u_orc_mage\\AN_wc_u_orc_mage_Defeat.fbx'
export finished in 0.0776 sec.

FBX export starting... 'C:\\Users\\iputu\\Documents\\Wonder Chess\\exports\\heroes\\wc_u_orc_mage\\AN_wc_u_orc_mage_Victory.fbx'
export finished in 0.0990 sec.
Info: Saved as "wc_u_orc_mage.blend"
{
  "status": "structural_checks_passed_visual_review_required",
  "blender_version": "5.1.1",
  "collection": "EXPORT",
  "evaluated_triangle_total": 4674,
  "objects": [
    {
      "name": "Armature",
      "type": "ARMATURE",
      "scale": [
        1.0,
        1.0,
        1.0
      ],
      "dimensions": [
        1.5337963104248047,
        0.4925000071525574,
        2.1177501678466797
      ],
      "roots": [
        "root"
      ],
      "deform_bones": 27
    },
    {
      "name": "SK_wc_u_orc_mage",
      "type": "MESH",
      "scale": [
        1.0,
        1.0,
        1.0
      ],
      "dimensions": [
        1.7320637702941895,
        0.78152996301651,
        2.1056876182556152
      ],
      "evaluated_triangles": 4674,
      "material_slots": 1,
      "uv_layers": 1,
      "skin_checks": {
        "unweighted": 0,
        "excess_influences": 0,
        "unnormalized": 0
      }
    }
  ],
  "errors": [],
  "warnings": [],
  "not_checked": [
    "appearance",
    "deformation across all clips",
    "UV overlap appropriateness",
    "normal-map convention",
    "Unreal import",
    "LOD silhouette",
    "gameplay readability"
  ]
}
{
  "status": "sampled_motion_invariants_passed",
  "unit_id": "wc_u_orc_mage",
  "blender_version": "5.1.1",
  "sampling": "actual deformed mesh every 3 frames at 60fps",
  "clips": [
    {
      "clip": "Idle",
      "samples": 41,
      "minimum_support_sole_z_m": 0.017729993909597397,
      "maximum_support_sole_z_m": 0.017729993909597397,
      "max_root_translation_m": 0,
      "max_pose_scale_error": 0
    },
    {
      "clip": "Move",
      "samples": 21,
      "minimum_support_sole_z_m": 0.004068512469530106,
      "maximum_support_sole_z_m": 0.017729993909597397,
      "max_root_translation_m": 0,
      "max_pose_scale_error": 0
    },
    {
      "clip": "Attack",
      "samples": 15,
      "minimum_support_sole_z_m": 0.017729993909597397,
      "maximum_support_sole_z_m": 0.017729993909597397,
      "max_root_translation_m": 0,
      "max_pose_scale_error": 0
    },
    {
      "clip": "Active",
      "samples": 19,
      "minimum_support_sole_z_m": 0.017729993909597397,
      "maximum_support_sole_z_m": 0.017729993909597397,
      "max_root_translation_m": 0,
      "max_pose_scale_error": 0
    },
    {
      "clip": "Hit",
      "samples": 9,
      "minimum_support_sole_z_m": 0.017729993909597397,
      "maximum_support_sole_z_m": 0.017729993909597397,
      "max_root_translation_m": 0,
      "max_pose_scale_error": 0
    },
    {
      "clip": "Defeat",
      "samples": 21,
      "minimum_support_sole_z_m": 0.016478020697832108,
      "maximum_support_sole_z_m": 0.03118830919265747,
      "max_root_translation_m": 0,
      "max_pose_scale_error": 0
    },
    {
      "clip": "Victory",
      "samples": 31,
      "minimum_support_sole_z_m": 0.017729993909597397,
      "maximum_support_sole_z_m": 0.017729993909597397,
      "max_root_translation_m": 0,
      "max_pose_scale_error": 0
    }
  ],
  "errors": [],
  "not_checked": [
    "continuous visual quality",
    "weapon/costume clipping",
    "semantic gesture review",
    "Unreal retarget/import",
    "runtime move-speed synchronization"
  ]
}
WC_HERO_COMPLETE wc_u_orc_mage {"triangles": 4674, "bones": 27}
04:11.968  render           | Saved: 'C:\Users\iputu\Documents\Wonder Chess\exports\heroes\wc_u_orc_rogue\portrait.png'
04:16.531  render           | Saved: 'C:\Users\iputu\Documents\Wonder Chess\reports\WC-330\wc_u_orc_rogue\front.png'
04:21.015  render           | Saved: 'C:\Users\iputu\Documents\Wonder Chess\reports\WC-330\wc_u_orc_rogue\side.png'
04:25.718  render           | Saved: 'C:\Users\iputu\Documents\Wonder Chess\reports\WC-330\wc_u_orc_rogue\back.png'
04:27.015  render           | Saved: 'C:\Users\iputu\Documents\Wonder Chess\reports\WC-330\wc_u_orc_rogue\clip_Idle.png'
04:28.328  render           | Saved: 'C:\Users\iputu\Documents\Wonder Chess\reports\WC-330\wc_u_orc_rogue\clip_Move.png'
04:29.562  render           | Saved: 'C:\Users\iputu\Documents\Wonder Chess\reports\WC-330\wc_u_orc_rogue\clip_Attack.png'
04:30.843  render           | Saved: 'C:\Users\iputu\Documents\Wonder Chess\reports\WC-330\wc_u_orc_rogue\clip_Active.png'
04:32.125  render           | Saved: 'C:\Users\iputu\Documents\Wonder Chess\reports\WC-330\wc_u_orc_rogue\clip_Hit.png'
04:33.375  render           | Saved: 'C:\Users\iputu\Documents\Wonder Chess\reports\WC-330\wc_u_orc_rogue\clip_Defeat.png'
04:34.656  render           | Saved: 'C:\Users\iputu\Documents\Wonder Chess\reports\WC-330\wc_u_orc_rogue\clip_Victory.png'

FBX export starting... 'C:\\Users\\iputu\\Documents\\Wonder Chess\\exports\\heroes\\wc_u_orc_rogue\\SK_wc_u_orc_rogue.fbx'
(bpy.data.armatures['WC_humanoid_broad_v1'], 'POSE')
export finished in 0.0296 sec.
Info: Applied modifier was not first, result may not be as expected

FBX export starting... 'C:\\Users\\iputu\\Documents\\Wonder Chess\\exports\\heroes\\wc_u_orc_rogue\\SK_wc_u_orc_rogue_LOD1.fbx'
(bpy.data.armatures['WC_humanoid_broad_v1'], 'POSE')
export finished in 0.0287 sec.
Info: Applied modifier was not first, result may not be as expected

FBX export starting... 'C:\\Users\\iputu\\Documents\\Wonder Chess\\exports\\heroes\\wc_u_orc_rogue\\SK_wc_u_orc_rogue_LOD2.fbx'
(bpy.data.armatures['WC_humanoid_broad_v1'], 'POSE')
export finished in 0.0247 sec.

FBX export starting... 'C:\\Users\\iputu\\Documents\\Wonder Chess\\exports\\heroes\\wc_u_orc_rogue\\AN_wc_u_orc_rogue_Idle.fbx'
export finished in 0.1139 sec.

FBX export starting... 'C:\\Users\\iputu\\Documents\\Wonder Chess\\exports\\heroes\\wc_u_orc_rogue\\AN_wc_u_orc_rogue_Move.fbx'
export finished in 0.0770 sec.

FBX export starting... 'C:\\Users\\iputu\\Documents\\Wonder Chess\\exports\\heroes\\wc_u_orc_rogue\\AN_wc_u_orc_rogue_Attack.fbx'
export finished in 0.0622 sec.

FBX export starting... 'C:\\Users\\iputu\\Documents\\Wonder Chess\\exports\\heroes\\wc_u_orc_rogue\\AN_wc_u_orc_rogue_Active.fbx'
export finished in 0.0558 sec.

FBX export starting... 'C:\\Users\\iputu\\Documents\\Wonder Chess\\exports\\heroes\\wc_u_orc_rogue\\AN_wc_u_orc_rogue_Hit.fbx'
export finished in 0.0526 sec.

FBX export starting... 'C:\\Users\\iputu\\Documents\\Wonder Chess\\exports\\heroes\\wc_u_orc_rogue\\AN_wc_u_orc_rogue_Defeat.fbx'
export finished in 0.0863 sec.

FBX export starting... 'C:\\Users\\iputu\\Documents\\Wonder Chess\\exports\\heroes\\wc_u_orc_rogue\\AN_wc_u_orc_rogue_Victory.fbx'
export finished in 0.1183 sec.
Info: Saved as "wc_u_orc_rogue.blend"
{
  "status": "structural_checks_passed_visual_review_required",
  "blender_version": "5.1.1",
  "collection": "EXPORT",
  "evaluated_triangle_total": 3390,
  "objects": [
    {
      "name": "Armature",
      "type": "ARMATURE",
      "scale": [
        1.0,
        1.0,
        1.0
      ],
      "dimensions": [
        1.4028723239898682,
        0.48249995708465576,
        2.0747499465942383
      ],
      "roots": [
        "root"
      ],
      "deform_bones": 27
    },
    {
      "name": "SK_wc_u_orc_rogue",
      "type": "MESH",
      "scale": [
        1.0,
        1.0,
        1.0
      ],
      "dimensions": [
        1.6321592330932617,
        0.6530010104179382,
        1.9203497171401978
      ],
      "evaluated_triangles": 3390,
      "material_slots": 1,
      "uv_layers": 1,
      "skin_checks": {
        "unweighted": 0,
        "excess_influences": 0,
        "unnormalized": 0
      }
    }
  ],
  "errors": [],
  "warnings": [],
  "not_checked": [
    "appearance",
    "deformation across all clips",
    "UV overlap appropriateness",
    "normal-map convention",
    "Unreal import",
    "LOD silhouette",
    "gameplay readability"
  ]
}
{
  "status": "sampled_motion_invariants_passed",
  "unit_id": "wc_u_orc_rogue",
  "blender_version": "5.1.1",
  "sampling": "actual deformed mesh every 3 frames at 60fps",
  "clips": [
    {
      "clip": "Idle",
      "samples": 41,
      "minimum_support_sole_z_m": 0.017369985580444336,
      "maximum_support_sole_z_m": 0.017369985580444336,
      "max_root_translation_m": 0,
      "max_pose_scale_error": 0
    },
    {
      "clip": "Move",
      "samples": 21,
      "minimum_support_sole_z_m": -0.002603026106953621,
      "maximum_support_sole_z_m": 0.017370132729411125,
      "max_root_translation_m": 0,
      "max_pose_scale_error": 0
    },
    {
      "clip": "Attack",
      "samples": 14,
      "minimum_support_sole_z_m": 0.017369985580444336,
      "maximum_support_sole_z_m": 0.017369985580444336,
      "max_root_translation_m": 0,
      "max_pose_scale_error": 0
    },
    {
      "clip": "Active",
      "samples": 11,
      "minimum_support_sole_z_m": 0.017369985580444336,
      "maximum_support_sole_z_m": 0.017369985580444336,
      "max_root_translation_m": 0,
      "max_pose_scale_error": 0
    },
    {
      "clip": "Hit",
      "samples": 9,
      "minimum_support_sole_z_m": 0.017369985580444336,
      "maximum_support_sole_z_m": 0.017369985580444336,
      "max_root_translation_m": 0,
      "max_pose_scale_error": 0
    },
    {
      "clip": "Defeat",
      "samples": 21,
      "minimum_support_sole_z_m": 0.016143426299095154,
      "maximum_support_sole_z_m": 0.030555039644241333,
      "max_root_translation_m": 0,
      "max_pose_scale_error": 0
    },
    {
      "clip": "Victory",
      "samples": 31,
      "minimum_support_sole_z_m": 0.017369985580444336,
      "maximum_support_sole_z_m": 0.017369985580444336,
      "max_root_translation_m": 0,
      "max_pose_scale_error": 0
    }
  ],
  "errors": [],
  "not_checked": [
    "continuous visual quality",
    "weapon/costume clipping",
    "semantic gesture review",
    "Unreal retarget/import",
    "runtime move-speed synchronization"
  ]
}
WC_HERO_COMPLETE wc_u_orc_rogue {"triangles": 3390, "bones": 27}
Blender 5.1.1 (hash b70da489d7f4 built 2026-04-14 01:37:22)

Blender quit
