00:04.656  blend            | Read blend: "C:\Users\iputu\Documents\Wonder Chess\art-source\heroes\wc_u_human_guardian\wc_u_human_guardian.blend"
C:\Users\iputu\Documents\Wonder Chess\tools\blender\render_silhouettes.py:10: DeprecationWarning: 'World.use_nodes' is expected to be removed in Blender 6.0
  sc.world.use_nodes=True
C:\Users\iputu\Documents\Wonder Chess\tools\blender\render_silhouettes.py:13: DeprecationWarning: 'Material.use_nodes' is expected to be removed in Blender 6.0
  material=bpy.data.materials.new('WC_DiagnosticSilhouette');material.use_nodes=True
00:05.719  render           | Saved: 'C:\Users\iputu\Documents\Wonder Chess\reports\WC-330\wc_u_human_guardian\silhouette.png'
00:05.719  blend            | Read blend: "C:\Users\iputu\Documents\Wonder Chess\art-source\heroes\wc_u_human_priest\wc_u_human_priest.blend"
00:06.516  render           | Saved: 'C:\Users\iputu\Documents\Wonder Chess\reports\WC-330\wc_u_human_priest\silhouette.png'
00:06.531  blend            | Read blend: "C:\Users\iputu\Documents\Wonder Chess\art-source\heroes\wc_u_human_mage\wc_u_human_mage.blend"
00:07.297  render           | Saved: 'C:\Users\iputu\Documents\Wonder Chess\reports\WC-330\wc_u_human_mage\silhouette.png'
00:07.297  blend            | Read blend: "C:\Users\iputu\Documents\Wonder Chess\art-source\heroes\wc_u_elf_ranger\wc_u_elf_ranger.blend"
00:08.094  render           | Saved: 'C:\Users\iputu\Documents\Wonder Chess\reports\WC-330\wc_u_elf_ranger\silhouette.png'
00:08.109  blend            | Read blend: "C:\Users\iputu\Documents\Wonder Chess\art-source\heroes\wc_u_elf_priest\wc_u_elf_priest.blend"
00:08.953  render           | Saved: 'C:\Users\iputu\Documents\Wonder Chess\reports\WC-330\wc_u_elf_priest\silhouette.png'
00:08.953  blend            | Read blend: "C:\Users\iputu\Documents\Wonder Chess\art-source\heroes\wc_u_elf_rogue\wc_u_elf_rogue.blend"
00:09.781  render           | Saved: 'C:\Users\iputu\Documents\Wonder Chess\reports\WC-330\wc_u_elf_rogue\silhouette.png'
00:09.781  blend            | Read blend: "C:\Users\iputu\Documents\Wonder Chess\art-source\heroes\wc_u_dwarf_guardian\wc_u_dwarf_guardian.blend"
00:10.672  render           | Saved: 'C:\Users\iputu\Documents\Wonder Chess\reports\WC-330\wc_u_dwarf_guardian\silhouette.png'
00:10.672  blend            | Read blend: "C:\Users\iputu\Documents\Wonder Chess\art-source\heroes\wc_u_dwarf_ranger\wc_u_dwarf_ranger.blend"
00:11.453  render           | Saved: 'C:\Users\iputu\Documents\Wonder Chess\reports\WC-330\wc_u_dwarf_ranger\silhouette.png'
00:11.453  blend            | Read blend: "C:\Users\iputu\Documents\Wonder Chess\art-source\heroes\wc_u_dwarf_warrior\wc_u_dwarf_warrior.blend"
00:12.328  render           | Saved: 'C:\Users\iputu\Documents\Wonder Chess\reports\WC-330\wc_u_dwarf_warrior\silhouette.png'
00:12.344  blend            | Read blend: "C:\Users\iputu\Documents\Wonder Chess\art-source\heroes\wc_u_orc_warrior\wc_u_orc_warrior.blend"
00:13.344  render           | Saved: 'C:\Users\iputu\Documents\Wonder Chess\reports\WC-330\wc_u_orc_warrior\silhouette.png'
00:13.359  blend            | Read blend: "C:\Users\iputu\Documents\Wonder Chess\art-source\heroes\wc_u_orc_mage\wc_u_orc_mage.blend"
00:14.141  render           | Saved: 'C:\Users\iputu\Documents\Wonder Chess\reports\WC-330\wc_u_orc_mage\silhouette.png'
00:14.141  blend            | Read blend: "C:\Users\iputu\Documents\Wonder Chess\art-source\heroes\wc_u_orc_rogue\wc_u_orc_rogue.blend"
00:14.969  render           | Saved: 'C:\Users\iputu\Documents\Wonder Chess\reports\WC-330\wc_u_orc_rogue\silhouette.png'
WC_SILHOUETTE_RENDER_COMPLETE 12
Blender 5.1.1 (hash b70da489d7f4 built 2026-04-14 01:37:22)

Blender quit
