C:\Users\iputu\Documents\Wonder Chess\tools\blender\author_alpha.py:145: DeprecationWarning: 'Material.use_nodes' is expected to be removed in Blender 6.0
  mat=bpy.data.materials.new(f'M_{unit["id"]}');mat.use_nodes=True
C:\Users\iputu\Documents\Wonder Chess\tools\blender\author_alpha.py:620: DeprecationWarning: 'Material.use_nodes' is expected to be removed in Blender 6.0
  mat=bpy.data.materials.new('PRESENTATION_DeepBlue');mat.diffuse_color=(.045,.065,.10,1);mat.use_nodes=True
00:21.969  render           | Saved: 'C:\Users\iputu\Documents\Wonder Chess\exports\heroes\wc_u_elf_ranger\portrait.png'
00:27.297  render           | Saved: 'C:\Users\iputu\Documents\Wonder Chess\reports\WC-330\wc_u_elf_ranger\front.png'
00:32.063  render           | Saved: 'C:\Users\iputu\Documents\Wonder Chess\reports\WC-330\wc_u_elf_ranger\side.png'
00:36.953  render           | Saved: 'C:\Users\iputu\Documents\Wonder Chess\reports\WC-330\wc_u_elf_ranger\back.png'
00:38.250  render           | Saved: 'C:\Users\iputu\Documents\Wonder Chess\reports\WC-330\wc_u_elf_ranger\clip_Idle.png'
00:39.610  render           | Saved: 'C:\Users\iputu\Documents\Wonder Chess\reports\WC-330\wc_u_elf_ranger\clip_Move.png'
00:40.907  render           | Saved: 'C:\Users\iputu\Documents\Wonder Chess\reports\WC-330\wc_u_elf_ranger\clip_Attack.png'
00:42.360  render           | Saved: 'C:\Users\iputu\Documents\Wonder Chess\reports\WC-330\wc_u_elf_ranger\clip_Active.png'
00:43.907  render           | Saved: 'C:\Users\iputu\Documents\Wonder Chess\reports\WC-330\wc_u_elf_ranger\clip_Hit.png'
00:45.485  render           | Saved: 'C:\Users\iputu\Documents\Wonder Chess\reports\WC-330\wc_u_elf_ranger\clip_Defeat.png'
00:47.219  render           | Saved: 'C:\Users\iputu\Documents\Wonder Chess\reports\WC-330\wc_u_elf_ranger\clip_Victory.png'

FBX export starting... 'C:\\Users\\iputu\\Documents\\Wonder Chess\\exports\\heroes\\wc_u_elf_ranger\\SK_wc_u_elf_ranger.fbx'
(bpy.data.armatures['WC_humanoid_slender_v1.001'], 'POSE')
export finished in 0.0397 sec.
Info: Applied modifier was not first, result may not be as expected

FBX export starting... 'C:\\Users\\iputu\\Documents\\Wonder Chess\\exports\\heroes\\wc_u_elf_ranger\\SK_wc_u_elf_ranger_LOD1.fbx'
(bpy.data.armatures['WC_humanoid_slender_v1.001'], 'POSE')
export finished in 0.0272 sec.
Info: Applied modifier was not first, result may not be as expected

FBX export starting... 'C:\\Users\\iputu\\Documents\\Wonder Chess\\exports\\heroes\\wc_u_elf_ranger\\SK_wc_u_elf_ranger_LOD2.fbx'
(bpy.data.armatures['WC_humanoid_slender_v1.001'], 'POSE')
export finished in 0.0311 sec.

FBX export starting... 'C:\\Users\\iputu\\Documents\\Wonder Chess\\exports\\heroes\\wc_u_elf_ranger\\AN_wc_u_elf_ranger_Idle.fbx'
export finished in 0.1529 sec.

FBX export starting... 'C:\\Users\\iputu\\Documents\\Wonder Chess\\exports\\heroes\\wc_u_elf_ranger\\AN_wc_u_elf_ranger_Move.fbx'
export finished in 0.0983 sec.

FBX export starting... 'C:\\Users\\iputu\\Documents\\Wonder Chess\\exports\\heroes\\wc_u_elf_ranger\\AN_wc_u_elf_ranger_Attack.fbx'
export finished in 0.0671 sec.

FBX export starting... 'C:\\Users\\iputu\\Documents\\Wonder Chess\\exports\\heroes\\wc_u_elf_ranger\\AN_wc_u_elf_ranger_Active.fbx'
export finished in 0.0600 sec.

FBX export starting... 'C:\\Users\\iputu\\Documents\\Wonder Chess\\exports\\heroes\\wc_u_elf_ranger\\AN_wc_u_elf_ranger_Hit.fbx'
export finished in 0.0609 sec.

FBX export starting... 'C:\\Users\\iputu\\Documents\\Wonder Chess\\exports\\heroes\\wc_u_elf_ranger\\AN_wc_u_elf_ranger_Defeat.fbx'
export finished in 0.0868 sec.

FBX export starting... 'C:\\Users\\iputu\\Documents\\Wonder Chess\\exports\\heroes\\wc_u_elf_ranger\\AN_wc_u_elf_ranger_Victory.fbx'
export finished in 0.1290 sec.
Info: Saved as "wc_u_elf_ranger.blend"
{
  "status": "structural_checks_passed_visual_review_required",
  "blender_version": "5.1.1",
  "collection": "EXPORT",
  "evaluated_triangle_total": 3136,
  "objects": [
    {
      "name": "Armature",
      "type": "ARMATURE",
      "scale": [
        1.0,
        1.0,
        1.0
      ],
      "dimensions": [
        1.0347530841827393,
        0.5169269442558289,
        2.0210001468658447
      ],
      "roots": [
        "root"
      ],
      "deform_bones": 27
    },
    {
      "name": "SK_wc_u_elf_ranger",
      "type": "MESH",
      "scale": [
        1.0,
        1.0,
        1.0
      ],
      "dimensions": [
        1.1538586616516113,
        0.7281485795974731,
        1.8705998659133911
      ],
      "evaluated_triangles": 3136,
      "material_slots": 1,
      "uv_layers": 1,
      "skin_checks": {
        "unweighted": 0,
        "excess_influences": 0,
        "unnormalized": 0
      }
    }
  ],
  "errors": [],
  "warnings": [],
  "not_checked": [
    "appearance",
    "deformation across all clips",
    "UV overlap appropriateness",
    "normal-map convention",
    "Unreal import",
    "LOD silhouette",
    "gameplay readability"
  ]
}
{
  "status": "sampled_motion_invariants_passed",
  "unit_id": "wc_u_elf_ranger",
  "blender_version": "5.1.1",
  "sampling": "actual deformed mesh every 3 frames at 60fps",
  "clips": [
    {
      "clip": "Idle",
      "samples": 41,
      "minimum_support_sole_z_m": 0.01691998913884163,
      "maximum_support_sole_z_m": 0.01691998913884163,
      "max_root_translation_m": 0,
      "max_pose_scale_error": 0
    },
    {
      "clip": "Move",
      "samples": 21,
      "minimum_support_sole_z_m": 0.003882620483636856,
      "maximum_support_sole_z_m": 0.01691998913884163,
      "max_root_translation_m": 0,
      "max_pose_scale_error": 0
    },
    {
      "clip": "Attack",
      "samples": 15,
      "minimum_support_sole_z_m": 0.01691998913884163,
      "maximum_support_sole_z_m": 0.01691998913884163,
      "max_root_translation_m": 0,
      "max_pose_scale_error": 0
    },
    {
      "clip": "Active",
      "samples": 11,
      "minimum_support_sole_z_m": 0.01691998913884163,
      "maximum_support_sole_z_m": 0.016919996589422226,
      "max_root_translation_m": 0,
      "max_pose_scale_error": 0
    },
    {
      "clip": "Hit",
      "samples": 9,
      "minimum_support_sole_z_m": 0.01691998913884163,
      "maximum_support_sole_z_m": 0.01691998913884163,
      "max_root_translation_m": 0,
      "max_pose_scale_error": 0
    },
    {
      "clip": "Defeat",
      "samples": 21,
      "minimum_support_sole_z_m": 0.01572517119348049,
      "maximum_support_sole_z_m": 0.02976338565349579,
      "max_root_translation_m": 0,
      "max_pose_scale_error": 0
    },
    {
      "clip": "Victory",
      "samples": 31,
      "minimum_support_sole_z_m": 0.01691998913884163,
      "maximum_support_sole_z_m": 0.01691998913884163,
      "max_root_translation_m": 0,
      "max_pose_scale_error": 0
    }
  ],
  "errors": [],
  "not_checked": [
    "continuous visual quality",
    "weapon/costume clipping",
    "semantic gesture review",
    "Unreal retarget/import",
    "runtime move-speed synchronization"
  ]
}
WC_HERO_COMPLETE wc_u_elf_ranger {"triangles": 3136, "bones": 27}
Traceback (most recent call last):
  File "C:\Users\iputu\Documents\Wonder Chess\tools\blender\author_alpha.py", line 697, in <module>
    for unit in selected:author(unit,opt)
                         ~~~~~~^^^^^^^^^^
  File "C:\Users\iputu\Documents\Wonder Chess\tools\blender\author_alpha.py", line 643, in author
    clips=animate(unit,arm,out)
  File "C:\Users\iputu\Documents\Wonder Chess\tools\blender\author_alpha.py", line 548, in animate
    if contact_maximum>.025:raise RuntimeError(f'{u["id"]} {clip}: support grip unreachable by {contact_maximum:.4f}m')
                            ^^^^^^^^^^^^^^^^^^^^^^^^^^^^^^^^^^^^^^^^^^^^^^^^^^^^^^^^^^^^^^^^^^^^^^^^^^^^^^^^^^^^^^^^^^^
RuntimeError: wc_u_elf_priest Victory: support grip unreachable by 0.0864m

FBX export starting... 'C:\\Users\\iputu\\Documents\\Wonder Chess\\exports\\heroes\\wc_u_elf_priest\\SK_wc_u_elf_priest.fbx'
(bpy.data.armatures['WC_humanoid_slender_v1.001'], 'POSE')
export finished in 0.0306 sec.
Info: Applied modifier was not first, result may not be as expected

FBX export starting... 'C:\\Users\\iputu\\Documents\\Wonder Chess\\exports\\heroes\\wc_u_elf_priest\\SK_wc_u_elf_priest_LOD1.fbx'
(bpy.data.armatures['WC_humanoid_slender_v1.001'], 'POSE')
export finished in 0.0266 sec.
Info: Applied modifier was not first, result may not be as expected

FBX export starting... 'C:\\Users\\iputu\\Documents\\Wonder Chess\\exports\\heroes\\wc_u_elf_priest\\SK_wc_u_elf_priest_LOD2.fbx'
(bpy.data.armatures['WC_humanoid_slender_v1.001'], 'POSE')
export finished in 0.0263 sec.

FBX export starting... 'C:\\Users\\iputu\\Documents\\Wonder Chess\\exports\\heroes\\wc_u_elf_priest\\AN_wc_u_elf_priest_Idle.fbx'
export finished in 0.1570 sec.

FBX export starting... 'C:\\Users\\iputu\\Documents\\Wonder Chess\\exports\\heroes\\wc_u_elf_priest\\AN_wc_u_elf_priest_Move.fbx'
export finished in 0.0959 sec.

FBX export starting... 'C:\\Users\\iputu\\Documents\\Wonder Chess\\exports\\heroes\\wc_u_elf_priest\\AN_wc_u_elf_priest_Attack.fbx'
export finished in 0.3271 sec.

FBX export starting... 'C:\\Users\\iputu\\Documents\\Wonder Chess\\exports\\heroes\\wc_u_elf_priest\\AN_wc_u_elf_priest_Active.fbx'
export finished in 0.0829 sec.

FBX export starting... 'C:\\Users\\iputu\\Documents\\Wonder Chess\\exports\\heroes\\wc_u_elf_priest\\AN_wc_u_elf_priest_Hit.fbx'
export finished in 0.0657 sec.

FBX export starting... 'C:\\Users\\iputu\\Documents\\Wonder Chess\\exports\\heroes\\wc_u_elf_priest\\AN_wc_u_elf_priest_Defeat.fbx'
export finished in 0.1109 sec.

Error: script failed, file: 'tools/blender/author_alpha.py', exiting.
Blender 5.1.1 (hash b70da489d7f4 built 2026-04-14 01:37:22)

Blender quit
