{
  "status": "PASS",
  "checks": 93,
  "matches": [
    {
      "namespace": 1,
      "first_observation_utc": "2026-09-07T17:21:47.530Z",
      "results_utc": "2026-09-07T17:22:48.762Z",
      "rounds": 28,
      "actual_authority_seed": 314159,
      "summary_authority_seed": 314159,
      "seed_summary_matches_snapshots": true,
      "elimination_round": 17,
      "human_place": 8,
      "accepted_replies": 52,
      "deliberate_rejected_replies": 5,
      "probes": 7,
      "passed_probes": 7
    },
    {
      "namespace": 2,
      "first_observation_utc": "2026-09-07T17:22:53.920Z",
      "results_utc": "2026-09-07T17:23:53.097Z",
      "rounds": 30,
      "actual_authority_seed": 271828,
      "summary_authority_seed": 271828,
      "seed_summary_matches_snapshots": true,
      "elimination_round": 16,
      "human_place": 7,
      "accepted_replies": 48,
      "deliberate_rejected_replies": 6,
      "probes": 8,
      "passed_probes": 8
    },
    {
      "namespace": 3,
      "first_observation_utc": "2026-09-07T17:23:58.248Z",
      "results_utc": "2026-09-07T17:25:04.399Z",
      "rounds": 29,
      "actual_authority_seed": 161803,
      "summary_authority_seed": 161803,
      "seed_summary_matches_snapshots": true,
      "elimination_round": 17,
      "human_place": 7,
      "accepted_replies": 56,
      "deliberate_rejected_replies": 6,
      "probes": 8,
      "passed_probes": 8
    }
  ],
  "nonpassing": []
}
