[main 7f50c6c] Integrate 24-hero assets and protocol-6 presentation
 866 files changed, 16316 insertions(+), 893 deletions(-)
 create mode 100644 art-source/heroes/wc_u_dragonkin_guardian/wc_u_dragonkin_guardian.blend
 create mode 100644 art-source/heroes/wc_u_dragonkin_priest/wc_u_dragonkin_priest.blend
 create mode 100644 art-source/heroes/wc_u_dragonkin_ranger/wc_u_dragonkin_ranger.blend
 create mode 100644 art-source/heroes/wc_u_dragonkin_rogue/wc_u_dragonkin_rogue.blend
 create mode 100644 art-source/heroes/wc_u_dwarf_priest/wc_u_dwarf_priest.blend
 create mode 100644 art-source/heroes/wc_u_elf_mage/wc_u_elf_mage.blend
 create mode 100644 art-source/heroes/wc_u_halfling_mage/wc_u_halfling_mage.blend
 create mode 100644 art-source/heroes/wc_u_halfling_ranger/wc_u_halfling_ranger.blend
 create mode 100644 art-source/heroes/wc_u_halfling_rogue/wc_u_halfling_rogue.blend
 create mode 100644 art-source/heroes/wc_u_halfling_warrior/wc_u_halfling_warrior.blend
 create mode 100644 art-source/heroes/wc_u_human_warrior/wc_u_human_warrior.blend
 create mode 100644 art-source/heroes/wc_u_orc_guardian/wc_u_orc_guardian.blend
 create mode 100644 art-source/lobby/brighthaven_approach.blend
 create mode 100644 art-source/neutrals/wc_n_prowler/wc_n_prowler.blend
 create mode 100644 art-source/neutrals/wc_n_sentinel/wc_n_sentinel.blend
 create mode 100644 art-source/neutrals/wc_n_sprout/wc_n_sprout.blend
 create mode 100644 art-source/neutrals/wc_n_stoneback/wc_n_stoneback.blend
 create mode 100644 art-source/neutrals/wc_n_thorn/wc_n_thorn.blend
 create mode 100644 art-source/neutrals/wc_n_warden/wc_n_warden.blend
 create mode 100644 art-source/neutrals/wc_n_wisp/wc_n_wisp.blend
 create mode 100644 docs/current/PHYSICAL_LAN_WC_U460.md
 create mode 100644 exports/audio/S_WC_wc_n_prowler_active.wav
 create mode 100644 exports/audio/S_WC_wc_n_prowler_basic.wav
 create mode 100644 exports/audio/S_WC_wc_n_sentinel_active.wav
 create mode 100644 exports/audio/S_WC_wc_n_sentinel_basic.wav
 create mode 100644 exports/audio/S_WC_wc_n_sprout_basic.wav
 create mode 100644 exports/audio/S_WC_wc_n_stoneback_active.wav
 create mode 100644 exports/audio/S_WC_wc_n_stoneback_basic.wav
 create mode 100644 exports/audio/S_WC_wc_n_thorn_basic.wav
 create mode 100644 exports/audio/S_WC_wc_n_warden_active.wav
 create mode 100644 exports/audio/S_WC_wc_n_warden_basic.wav
 create mode 100644 exports/audio/S_WC_wc_n_wisp_active.wav
 create mode 100644 exports/audio/S_WC_wc_n_wisp_basic.wav
 create mode 100644 exports/audio/S_WC_wc_u_dragonkin_guardian_active.wav
 create mode 100644 exports/audio/S_WC_wc_u_dragonkin_priest_active.wav
 create mode 100644 exports/audio/S_WC_wc_u_dragonkin_ranger_active.wav
 create mode 100644 exports/audio/S_WC_wc_u_dragonkin_rogue_active.wav
 create mode 100644 exports/audio/S_WC_wc_u_dwarf_priest_active.wav
 create mode 100644 exports/audio/S_WC_wc_u_elf_mage_active.wav
 create mode 100644 exports/audio/S_WC_wc_u_halfling_mage_active.wav
 create mode 100644 exports/audio/S_WC_wc_u_halfling_ranger_active.wav
 create mode 100644 exports/audio/S_WC_wc_u_halfling_rogue_active.wav
 create mode 100644 exports/audio/S_WC_wc_u_halfling_warrior_active.wav
 create mode 100644 exports/audio/S_WC_wc_u_human_warrior_active.wav
 create mode 100644 exports/audio/S_WC_wc_u_orc_guardian_active.wav
 create mode 100644 exports/audio/update_provenance.json
 create mode 100644 exports/heroes/wc_u_dragonkin_guardian/AN_wc_u_dragonkin_guardian_Active.fbx
 create mode 100644 exports/heroes/wc_u_dragonkin_guardian/AN_wc_u_dragonkin_guardian_Attack.fbx
 create mode 100644 exports/heroes/wc_u_dragonkin_guardian/AN_wc_u_dragonkin_guardian_Defeat.fbx
 create mode 100644 exports/heroes/wc_u_dragonkin_guardian/AN_wc_u_dragonkin_guardian_Hit.fbx
 create mode 100644 exports/heroes/wc_u_dragonkin_guardian/AN_wc_u_dragonkin_guardian_Idle.fbx
 create mode 100644 exports/heroes/wc_u_dragonkin_guardian/AN_wc_u_dragonkin_guardian_Move.fbx
 create mode 100644 exports/heroes/wc_u_dragonkin_guardian/AN_wc_u_dragonkin_guardian_Victory.fbx
 create mode 100644 exports/heroes/wc_u_dragonkin_guardian/SK_wc_u_dragonkin_guardian.fbx
 create mode 100644 exports/heroes/wc_u_dragonkin_guardian/SK_wc_u_dragonkin_guardian_LOD1.fbx
 create mode 100644 exports/heroes/wc_u_dragonkin_guardian/SK_wc_u_dragonkin_guardian_LOD2.fbx
 create mode 100644 exports/heroes/wc_u_dragonkin_guardian/T_wc_u_dragonkin_guardian_BaseColor.png
 create mode 100644 exports/heroes/wc_u_dragonkin_guardian/T_wc_u_dragonkin_guardian_Normal.png
 create mode 100644 exports/heroes/wc_u_dragonkin_guardian/T_wc_u_dragonkin_guardian_ORM.png
 create mode 100644 exports/heroes/wc_u_dragonkin_guardian/export_manifest.json
 create mode 100644 exports/heroes/wc_u_dragonkin_guardian/portrait.png
 create mode 100644 exports/heroes/wc_u_dragonkin_priest/AN_wc_u_dragonkin_priest_Active.fbx
 create mode 100644 exports/heroes/wc_u_dragonkin_priest/AN_wc_u_dragonkin_priest_Attack.fbx
 create mode 100644 exports/heroes/wc_u_dragonkin_priest/AN_wc_u_dragonkin_priest_Defeat.fbx
 create mode 100644 exports/heroes/wc_u_dragonkin_priest/AN_wc_u_dragonkin_priest_Hit.fbx
 create mode 100644 exports/heroes/wc_u_dragonkin_priest/AN_wc_u_dragonkin_priest_Idle.fbx
 create mode 100644 exports/heroes/wc_u_dragonkin_priest/AN_wc_u_dragonkin_priest_Move.fbx
 create mode 100644 exports/heroes/wc_u_dragonkin_priest/AN_wc_u_dragonkin_priest_Victory.fbx
 create mode 100644 exports/heroes/wc_u_dragonkin_priest/SK_wc_u_dragonkin_priest.fbx
 create mode 100644 exports/heroes/wc_u_dragonkin_priest/SK_wc_u_dragonkin_priest_LOD1.fbx
 create mode 100644 exports/heroes/wc_u_dragonkin_priest/SK_wc_u_dragonkin_priest_LOD2.fbx
 create mode 100644 exports/heroes/wc_u_dragonkin_priest/T_wc_u_dragonkin_priest_BaseColor.png
 create mode 100644 exports/heroes/wc_u_dragonkin_priest/T_wc_u_dragonkin_priest_Normal.png
 create mode 100644 exports/heroes/wc_u_dragonkin_priest/T_wc_u_dragonkin_priest_ORM.png
 create mode 100644 exports/heroes/wc_u_dragonkin_priest/export_manifest.json
 create mode 100644 exports/heroes/wc_u_dragonkin_priest/portrait.png
 create mode 100644 exports/heroes/wc_u_dragonkin_ranger/AN_wc_u_dragonkin_ranger_Active.fbx
 create mode 100644 exports/heroes/wc_u_dragonkin_ranger/AN_wc_u_dragonkin_ranger_Attack.fbx
 create mode 100644 exports/heroes/wc_u_dragonkin_ranger/AN_wc_u_dragonkin_ranger_Defeat.fbx
 create mode 100644 exports/heroes/wc_u_dragonkin_ranger/AN_wc_u_dragonkin_ranger_Hit.fbx
 create mode 100644 exports/heroes/wc_u_dragonkin_ranger/AN_wc_u_dragonkin_ranger_Idle.fbx
 create mode 100644 exports/heroes/wc_u_dragonkin_ranger/AN_wc_u_dragonkin_ranger_Move.fbx
 create mode 100644 exports/heroes/wc_u_dragonkin_ranger/AN_wc_u_dragonkin_ranger_Victory.fbx
 create mode 100644 exports/heroes/wc_u_dragonkin_ranger/SK_wc_u_dragonkin_ranger.fbx
 create mode 100644 exports/heroes/wc_u_dragonkin_ranger/SK_wc_u_dragonkin_ranger_LOD1.fbx
 create mode 100644 exports/heroes/wc_u_dragonkin_ranger/SK_wc_u_dragonkin_ranger_LOD2.fbx
 create mode 100644 exports/heroes/wc_u_dragonkin_ranger/T_wc_u_dragonkin_ranger_BaseColor.png
 create mode 100644 exports/heroes/wc_u_dragonkin_ranger/T_wc_u_dragonkin_ranger_Normal.png
 create mode 100644 exports/heroes/wc_u_dragonkin_ranger/T_wc_u_dragonkin_ranger_ORM.png
 create mode 100644 exports/heroes/wc_u_dragonkin_ranger/export_manifest.json
 create mode 100644 exports/heroes/wc_u_dragonkin_ranger/portrait.png
 create mode 100644 exports/heroes/wc_u_dragonkin_rogue/AN_wc_u_dragonkin_rogue_Active.fbx
 create mode 100644 exports/heroes/wc_u_dragonkin_rogue/AN_wc_u_dragonkin_rogue_Attack.fbx
 create mode 100644 exports/heroes/wc_u_dragonkin_rogue/AN_wc_u_dragonkin_rogue_Defeat.fbx
 create mode 100644 exports/heroes/wc_u_dragonkin_rogue/AN_wc_u_dragonkin_rogue_Hit.fbx
 create mode 100644 exports/heroes/wc_u_dragonkin_rogue/AN_wc_u_dragonkin_rogue_Idle.fbx
 create mode 100644 exports/heroes/wc_u_dragonkin_rogue/AN_wc_u_dragonkin_rogue_Move.fbx
 create mode 100644 exports/heroes/wc_u_dragonkin_rogue/AN_wc_u_dragonkin_rogue_Victory.fbx
 create mode 100644 exports/heroes/wc_u_dragonkin_rogue/SK_wc_u_dragonkin_rogue.fbx
 create mode 100644 exports/heroes/wc_u_dragonkin_rogue/SK_wc_u_dragonkin_rogue_LOD1.fbx
 create mode 100644 exports/heroes/wc_u_dragonkin_rogue/SK_wc_u_dragonkin_rogue_LOD2.fbx
 create mode 100644 exports/heroes/wc_u_dragonkin_rogue/T_wc_u_dragonkin_rogue_BaseColor.png
 create mode 100644 exports/heroes/wc_u_dragonkin_rogue/T_wc_u_dragonkin_rogue_Normal.png
 create mode 100644 exports/heroes/wc_u_dragonkin_rogue/T_wc_u_dragonkin_rogue_ORM.png
 create mode 100644 exports/heroes/wc_u_dragonkin_rogue/export_manifest.json
 create mode 100644 exports/heroes/wc_u_dragonkin_rogue/portrait.png
 create mode 100644 exports/heroes/wc_u_dwarf_priest/AN_wc_u_dwarf_priest_Active.fbx
 create mode 100644 exports/heroes/wc_u_dwarf_priest/AN_wc_u_dwarf_priest_Attack.fbx
 create mode 100644 exports/heroes/wc_u_dwarf_priest/AN_wc_u_dwarf_priest_Defeat.fbx
 create mode 100644 exports/heroes/wc_u_dwarf_priest/AN_wc_u_dwarf_priest_Hit.fbx
 create mode 100644 exports/heroes/wc_u_dwarf_priest/AN_wc_u_dwarf_priest_Idle.fbx
 create mode 100644 exports/heroes/wc_u_dwarf_priest/AN_wc_u_dwarf_priest_Move.fbx
 create mode 100644 exports/heroes/wc_u_dwarf_priest/AN_wc_u_dwarf_priest_Victory.fbx
 create mode 100644 exports/heroes/wc_u_dwarf_priest/SK_wc_u_dwarf_priest.fbx
 create mode 100644 exports/heroes/wc_u_dwarf_priest/SK_wc_u_dwarf_priest_LOD1.fbx
 create mode 100644 exports/heroes/wc_u_dwarf_priest/SK_wc_u_dwarf_priest_LOD2.fbx
 create mode 100644 exports/heroes/wc_u_dwarf_priest/T_wc_u_dwarf_priest_BaseColor.png
 create mode 100644 exports/heroes/wc_u_dwarf_priest/T_wc_u_dwarf_priest_Normal.png
 create mode 100644 exports/heroes/wc_u_dwarf_priest/T_wc_u_dwarf_priest_ORM.png
 create mode 100644 exports/heroes/wc_u_dwarf_priest/export_manifest.json
 create mode 100644 exports/heroes/wc_u_dwarf_priest/portrait.png
 create mode 100644 exports/heroes/wc_u_elf_mage/AN_wc_u_elf_mage_Active.fbx
 create mode 100644 exports/heroes/wc_u_elf_mage/AN_wc_u_elf_mage_Attack.fbx
 create mode 100644 exports/heroes/wc_u_elf_mage/AN_wc_u_elf_mage_Defeat.fbx
 create mode 100644 exports/heroes/wc_u_elf_mage/AN_wc_u_elf_mage_Hit.fbx
 create mode 100644 exports/heroes/wc_u_elf_mage/AN_wc_u_elf_mage_Idle.fbx
 create mode 100644 exports/heroes/wc_u_elf_mage/AN_wc_u_elf_mage_Move.fbx
 create mode 100644 exports/heroes/wc_u_elf_mage/AN_wc_u_elf_mage_Victory.fbx
 create mode 100644 exports/heroes/wc_u_elf_mage/SK_wc_u_elf_mage.fbx
 create mode 100644 exports/heroes/wc_u_elf_mage/SK_wc_u_elf_mage_LOD1.fbx
 create mode 100644 exports/heroes/wc_u_elf_mage/SK_wc_u_elf_mage_LOD2.fbx
 create mode 100644 exports/heroes/wc_u_elf_mage/T_wc_u_elf_mage_BaseColor.png
 create mode 100644 exports/heroes/wc_u_elf_mage/T_wc_u_elf_mage_Normal.png
 create mode 100644 exports/heroes/wc_u_elf_mage/T_wc_u_elf_mage_ORM.png
 create mode 100644 exports/heroes/wc_u_elf_mage/export_manifest.json
 create mode 100644 exports/heroes/wc_u_elf_mage/portrait.png
 create mode 100644 exports/heroes/wc_u_halfling_mage/AN_wc_u_halfling_mage_Active.fbx
 create mode 100644 exports/heroes/wc_u_halfling_mage/AN_wc_u_halfling_mage_Attack.fbx
 create mode 100644 exports/heroes/wc_u_halfling_mage/AN_wc_u_halfling_mage_Defeat.fbx
 create mode 100644 exports/heroes/wc_u_halfling_mage/AN_wc_u_halfling_mage_Hit.fbx
 create mode 100644 exports/heroes/wc_u_halfling_mage/AN_wc_u_halfling_mage_Idle.fbx
 create mode 100644 exports/heroes/wc_u_halfling_mage/AN_wc_u_halfling_mage_Move.fbx
 create mode 100644 exports/heroes/wc_u_halfling_mage/AN_wc_u_halfling_mage_Victory.fbx
 create mode 100644 exports/heroes/wc_u_halfling_mage/SK_wc_u_halfling_mage.fbx
 create mode 100644 exports/heroes/wc_u_halfling_mage/SK_wc_u_halfling_mage_LOD1.fbx
 create mode 100644 exports/heroes/wc_u_halfling_mage/SK_wc_u_halfling_mage_LOD2.fbx
 create mode 100644 exports/heroes/wc_u_halfling_mage/T_wc_u_halfling_mage_BaseColor.png
 create mode 100644 exports/heroes/wc_u_halfling_mage/T_wc_u_halfling_mage_Normal.png
 create mode 100644 exports/heroes/wc_u_halfling_mage/T_wc_u_halfling_mage_ORM.png
 create mode 100644 exports/heroes/wc_u_halfling_mage/export_manifest.json
 create mode 100644 exports/heroes/wc_u_halfling_mage/portrait.png
 create mode 100644 exports/heroes/wc_u_halfling_ranger/AN_wc_u_halfling_ranger_Active.fbx
 create mode 100644 exports/heroes/wc_u_halfling_ranger/AN_wc_u_halfling_ranger_Attack.fbx
 create mode 100644 exports/heroes/wc_u_halfling_ranger/AN_wc_u_halfling_ranger_Defeat.fbx
 create mode 100644 exports/heroes/wc_u_halfling_ranger/AN_wc_u_halfling_ranger_Hit.fbx
 create mode 100644 exports/heroes/wc_u_halfling_ranger/AN_wc_u_halfling_ranger_Idle.fbx
 create mode 100644 exports/heroes/wc_u_halfling_ranger/AN_wc_u_halfling_ranger_Move.fbx
 create mode 100644 exports/heroes/wc_u_halfling_ranger/AN_wc_u_halfling_ranger_Victory.fbx
 create mode 100644 exports/heroes/wc_u_halfling_ranger/SK_wc_u_halfling_ranger.fbx
 create mode 100644 exports/heroes/wc_u_halfling_ranger/SK_wc_u_halfling_ranger_LOD1.fbx
 create mode 100644 exports/heroes/wc_u_halfling_ranger/SK_wc_u_halfling_ranger_LOD2.fbx
 create mode 100644 exports/heroes/wc_u_halfling_ranger/T_wc_u_halfling_ranger_BaseColor.png
 create mode 100644 exports/heroes/wc_u_halfling_ranger/T_wc_u_halfling_ranger_Normal.png
 create mode 100644 exports/heroes/wc_u_halfling_ranger/T_wc_u_halfling_ranger_ORM.png
 create mode 100644 exports/heroes/wc_u_halfling_ranger/export_manifest.json
 create mode 100644 exports/heroes/wc_u_halfling_ranger/portrait.png
 create mode 100644 exports/heroes/wc_u_halfling_rogue/AN_wc_u_halfling_rogue_Active.fbx
 create mode 100644 exports/heroes/wc_u_halfling_rogue/AN_wc_u_halfling_rogue_Attack.fbx
 create mode 100644 exports/heroes/wc_u_halfling_rogue/AN_wc_u_halfling_rogue_Defeat.fbx
 create mode 100644 exports/heroes/wc_u_halfling_rogue/AN_wc_u_halfling_rogue_Hit.fbx
 create mode 100644 exports/heroes/wc_u_halfling_rogue/AN_wc_u_halfling_rogue_Idle.fbx
 create mode 100644 exports/heroes/wc_u_halfling_rogue/AN_wc_u_halfling_rogue_Move.fbx
 create mode 100644 exports/heroes/wc_u_halfling_rogue/AN_wc_u_halfling_rogue_Victory.fbx
 create mode 100644 exports/heroes/wc_u_halfling_rogue/SK_wc_u_halfling_rogue.fbx
 create mode 100644 exports/heroes/wc_u_halfling_rogue/SK_wc_u_halfling_rogue_LOD1.fbx
 create mode 100644 exports/heroes/wc_u_halfling_rogue/SK_wc_u_halfling_rogue_LOD2.fbx
 create mode 100644 exports/heroes/wc_u_halfling_rogue/T_wc_u_halfling_rogue_BaseColor.png
 create mode 100644 exports/heroes/wc_u_halfling_rogue/T_wc_u_halfling_rogue_Normal.png
 create mode 100644 exports/heroes/wc_u_halfling_rogue/T_wc_u_halfling_rogue_ORM.png
 create mode 100644 exports/heroes/wc_u_halfling_rogue/export_manifest.json
 create mode 100644 exports/heroes/wc_u_halfling_rogue/portrait.png
 create mode 100644 exports/heroes/wc_u_halfling_warrior/AN_wc_u_halfling_warrior_Active.fbx
 create mode 100644 exports/heroes/wc_u_halfling_warrior/AN_wc_u_halfling_warrior_Attack.fbx
 create mode 100644 exports/heroes/wc_u_halfling_warrior/AN_wc_u_halfling_warrior_Defeat.fbx
 create mode 100644 exports/heroes/wc_u_halfling_warrior/AN_wc_u_halfling_warrior_Hit.fbx
 create mode 100644 exports/heroes/wc_u_halfling_warrior/AN_wc_u_halfling_warrior_Idle.fbx
 create mode 100644 exports/heroes/wc_u_halfling_warrior/AN_wc_u_halfling_warrior_Move.fbx
 create mode 100644 exports/heroes/wc_u_halfling_warrior/AN_wc_u_halfling_warrior_Victory.fbx
 create mode 100644 exports/heroes/wc_u_halfling_warrior/SK_wc_u_halfling_warrior.fbx
 create mode 100644 exports/heroes/wc_u_halfling_warrior/SK_wc_u_halfling_warrior_LOD1.fbx
 create mode 100644 exports/heroes/wc_u_halfling_warrior/SK_wc_u_halfling_warrior_LOD2.fbx
 create mode 100644 exports/heroes/wc_u_halfling_warrior/T_wc_u_halfling_warrior_BaseColor.png
 create mode 100644 exports/heroes/wc_u_halfling_warrior/T_wc_u_halfling_warrior_Normal.png
 create mode 100644 exports/heroes/wc_u_halfling_warrior/T_wc_u_halfling_warrior_ORM.png
 create mode 100644 exports/heroes/wc_u_halfling_warrior/export_manifest.json
 create mode 100644 exports/heroes/wc_u_halfling_warrior/portrait.png
 create mode 100644 exports/heroes/wc_u_human_warrior/AN_wc_u_human_warrior_Active.fbx
 create mode 100644 exports/heroes/wc_u_human_warrior/AN_wc_u_human_warrior_Attack.fbx
 create mode 100644 exports/heroes/wc_u_human_warrior/AN_wc_u_human_warrior_Defeat.fbx
 create mode 100644 exports/heroes/wc_u_human_warrior/AN_wc_u_human_warrior_Hit.fbx
 create mode 100644 exports/heroes/wc_u_human_warrior/AN_wc_u_human_warrior_Idle.fbx
 create mode 100644 exports/heroes/wc_u_human_warrior/AN_wc_u_human_warrior_Move.fbx
 create mode 100644 exports/heroes/wc_u_human_warrior/AN_wc_u_human_warrior_Victory.fbx
 create mode 100644 exports/heroes/wc_u_human_warrior/SK_wc_u_human_warrior.fbx
 create mode 100644 exports/heroes/wc_u_human_warrior/SK_wc_u_human_warrior_LOD1.fbx
 create mode 100644 exports/heroes/wc_u_human_warrior/SK_wc_u_human_warrior_LOD2.fbx
 create mode 100644 exports/heroes/wc_u_human_warrior/T_wc_u_human_warrior_BaseColor.png
 create mode 100644 exports/heroes/wc_u_human_warrior/T_wc_u_human_warrior_Normal.png
 create mode 100644 exports/heroes/wc_u_human_warrior/T_wc_u_human_warrior_ORM.png
 create mode 100644 exports/heroes/wc_u_human_warrior/export_manifest.json
 create mode 100644 exports/heroes/wc_u_human_warrior/portrait.png
 create mode 100644 exports/heroes/wc_u_orc_guardian/AN_wc_u_orc_guardian_Active.fbx
 create mode 100644 exports/heroes/wc_u_orc_guardian/AN_wc_u_orc_guardian_Attack.fbx
 create mode 100644 exports/heroes/wc_u_orc_guardian/AN_wc_u_orc_guardian_Defeat.fbx
 create mode 100644 exports/heroes/wc_u_orc_guardian/AN_wc_u_orc_guardian_Hit.fbx
 create mode 100644 exports/heroes/wc_u_orc_guardian/AN_wc_u_orc_guardian_Idle.fbx
 create mode 100644 exports/heroes/wc_u_orc_guardian/AN_wc_u_orc_guardian_Move.fbx
 create mode 100644 exports/heroes/wc_u_orc_guardian/AN_wc_u_orc_guardian_Victory.fbx
 create mode 100644 exports/heroes/wc_u_orc_guardian/SK_wc_u_orc_guardian.fbx
 create mode 100644 exports/heroes/wc_u_orc_guardian/SK_wc_u_orc_guardian_LOD1.fbx
 create mode 100644 exports/heroes/wc_u_orc_guardian/SK_wc_u_orc_guardian_LOD2.fbx
 create mode 100644 exports/heroes/wc_u_orc_guardian/T_wc_u_orc_guardian_BaseColor.png
 create mode 100644 exports/heroes/wc_u_orc_guardian/T_wc_u_orc_guardian_Normal.png
 create mode 100644 exports/heroes/wc_u_orc_guardian/T_wc_u_orc_guardian_ORM.png
 create mode 100644 exports/heroes/wc_u_orc_guardian/export_manifest.json
 create mode 100644 exports/heroes/wc_u_orc_guardian/portrait.png
 create mode 100644 exports/lobby/BaseColor.png
 create mode 100644 exports/lobby/Normal.png
 create mode 100644 exports/lobby/ORM.png
 create mode 100644 exports/lobby/SM_WC_ApproachBeacon.fbx
 create mode 100644 exports/lobby/SM_WC_ApproachEastHouse.fbx
 create mode 100644 exports/lobby/SM_WC_ApproachGardenArch.fbx
 create mode 100644 exports/lobby/SM_WC_ApproachGardenWalls.fbx
 create mode 100644 exports/lobby/SM_WC_ApproachPlatform.fbx
 create mode 100644 exports/lobby/SM_WC_ApproachWestHouse.fbx
 create mode 100644 exports/lobby/SM_WC_BrighthavenApproach.fbx
 create mode 100644 exports/lobby/SM_WC_BrighthavenApproach_LOD1.fbx
 create mode 100644 exports/lobby/SM_WC_BrighthavenApproach_LOD2.fbx
 create mode 100644 exports/lobby/T_wc_brighthaven_approach_BaseColor.png
 create mode 100644 exports/lobby/T_wc_brighthaven_approach_Normal.png
 create mode 100644 exports/lobby/T_wc_brighthaven_approach_ORM.png
 create mode 100644 exports/lobby/lobby_manifest.json
 create mode 100644 exports/neutrals/wc_n_prowler/AN_wc_n_prowler_Active.fbx
 create mode 100644 exports/neutrals/wc_n_prowler/AN_wc_n_prowler_Attack.fbx
 create mode 100644 exports/neutrals/wc_n_prowler/AN_wc_n_prowler_Defeat.fbx
 create mode 100644 exports/neutrals/wc_n_prowler/AN_wc_n_prowler_Hit.fbx
 create mode 100644 exports/neutrals/wc_n_prowler/AN_wc_n_prowler_Idle.fbx
 create mode 100644 exports/neutrals/wc_n_prowler/AN_wc_n_prowler_Move.fbx
 create mode 100644 exports/neutrals/wc_n_prowler/SK_wc_n_prowler.fbx
 create mode 100644 exports/neutrals/wc_n_prowler/SK_wc_n_prowler_LOD1.fbx
 create mode 100644 exports/neutrals/wc_n_prowler/SK_wc_n_prowler_LOD2.fbx
 create mode 100644 exports/neutrals/wc_n_prowler/T_wc_n_prowler_BaseColor.png
 create mode 100644 exports/neutrals/wc_n_prowler/T_wc_n_prowler_Normal.png
 create mode 100644 exports/neutrals/wc_n_prowler/T_wc_n_prowler_ORM.png
 create mode 100644 exports/neutrals/wc_n_prowler/export_manifest.json
 create mode 100644 exports/neutrals/wc_n_prowler/portrait.png
 create mode 100644 exports/neutrals/wc_n_sentinel/AN_wc_n_sentinel_Active.fbx
 create mode 100644 exports/neutrals/wc_n_sentinel/AN_wc_n_sentinel_Attack.fbx
 create mode 100644 exports/neutrals/wc_n_sentinel/AN_wc_n_sentinel_Defeat.fbx
 create mode 100644 exports/neutrals/wc_n_sentinel/AN_wc_n_sentinel_Hit.fbx
 create mode 100644 exports/neutrals/wc_n_sentinel/AN_wc_n_sentinel_Idle.fbx
 create mode 100644 exports/neutrals/wc_n_sentinel/AN_wc_n_sentinel_Move.fbx
 create mode 100644 exports/neutrals/wc_n_sentinel/SK_wc_n_sentinel.fbx
 create mode 100644 exports/neutrals/wc_n_sentinel/SK_wc_n_sentinel_LOD1.fbx
 create mode 100644 exports/neutrals/wc_n_sentinel/SK_wc_n_sentinel_LOD2.fbx
 create mode 100644 exports/neutrals/wc_n_sentinel/T_wc_n_sentinel_BaseColor.png
 create mode 100644 exports/neutrals/wc_n_sentinel/T_wc_n_sentinel_Normal.png
 create mode 100644 exports/neutrals/wc_n_sentinel/T_wc_n_sentinel_ORM.png
 create mode 100644 exports/neutrals/wc_n_sentinel/export_manifest.json
 create mode 100644 exports/neutrals/wc_n_sentinel/portrait.png
 create mode 100644 exports/neutrals/wc_n_sprout/AN_wc_n_sprout_Attack.fbx
 create mode 100644 exports/neutrals/wc_n_sprout/AN_wc_n_sprout_Defeat.fbx
 create mode 100644 exports/neutrals/wc_n_sprout/AN_wc_n_sprout_Hit.fbx
 create mode 100644 exports/neutrals/wc_n_sprout/AN_wc_n_sprout_Idle.fbx
 create mode 100644 exports/neutrals/wc_n_sprout/AN_wc_n_sprout_Move.fbx
 create mode 100644 exports/neutrals/wc_n_sprout/SK_wc_n_sprout.fbx
 create mode 100644 exports/neutrals/wc_n_sprout/SK_wc_n_sprout_LOD1.fbx
 create mode 100644 exports/neutrals/wc_n_sprout/SK_wc_n_sprout_LOD2.fbx
 create mode 100644 exports/neutrals/wc_n_sprout/T_wc_n_sprout_BaseColor.png
 create mode 100644 exports/neutrals/wc_n_sprout/T_wc_n_sprout_Normal.png
 create mode 100644 exports/neutrals/wc_n_sprout/T_wc_n_sprout_ORM.png
 create mode 100644 exports/neutrals/wc_n_sprout/export_manifest.json
 create mode 100644 exports/neutrals/wc_n_sprout/portrait.png
 create mode 100644 exports/neutrals/wc_n_stoneback/AN_wc_n_stoneback_Active.fbx
 create mode 100644 exports/neutrals/wc_n_stoneback/AN_wc_n_stoneback_Attack.fbx
 create mode 100644 exports/neutrals/wc_n_stoneback/AN_wc_n_stoneback_Defeat.fbx
 create mode 100644 exports/neutrals/wc_n_stoneback/AN_wc_n_stoneback_Hit.fbx
 create mode 100644 exports/neutrals/wc_n_stoneback/AN_wc_n_stoneback_Idle.fbx
 create mode 100644 exports/neutrals/wc_n_stoneback/AN_wc_n_stoneback_Move.fbx
 create mode 100644 exports/neutrals/wc_n_stoneback/SK_wc_n_stoneback.fbx
 create mode 100644 exports/neutrals/wc_n_stoneback/SK_wc_n_stoneback_LOD1.fbx
 create mode 100644 exports/neutrals/wc_n_stoneback/SK_wc_n_stoneback_LOD2.fbx
 create mode 100644 exports/neutrals/wc_n_stoneback/T_wc_n_stoneback_BaseColor.png
 create mode 100644 exports/neutrals/wc_n_stoneback/T_wc_n_stoneback_Normal.png
 create mode 100644 exports/neutrals/wc_n_stoneback/T_wc_n_stoneback_ORM.png
 create mode 100644 exports/neutrals/wc_n_stoneback/export_manifest.json
 create mode 100644 exports/neutrals/wc_n_stoneback/portrait.png
 create mode 100644 exports/neutrals/wc_n_thorn/AN_wc_n_thorn_Attack.fbx
 create mode 100644 exports/neutrals/wc_n_thorn/AN_wc_n_thorn_Defeat.fbx
 create mode 100644 exports/neutrals/wc_n_thorn/AN_wc_n_thorn_Hit.fbx
 create mode 100644 exports/neutrals/wc_n_thorn/AN_wc_n_thorn_Idle.fbx
 create mode 100644 exports/neutrals/wc_n_thorn/AN_wc_n_thorn_Move.fbx
 create mode 100644 exports/neutrals/wc_n_thorn/SK_wc_n_thorn.fbx
 create mode 100644 exports/neutrals/wc_n_thorn/SK_wc_n_thorn_LOD1.fbx
 create mode 100644 exports/neutrals/wc_n_thorn/SK_wc_n_thorn_LOD2.fbx
 create mode 100644 exports/neutrals/wc_n_thorn/T_wc_n_thorn_BaseColor.png
 create mode 100644 exports/neutrals/wc_n_thorn/T_wc_n_thorn_Normal.png
 create mode 100644 exports/neutrals/wc_n_thorn/T_wc_n_thorn_ORM.png
 create mode 100644 exports/neutrals/wc_n_thorn/export_manifest.json
 create mode 100644 exports/neutrals/wc_n_thorn/portrait.png
 create mode 100644 exports/neutrals/wc_n_warden/AN_wc_n_warden_Active.fbx
 create mode 100644 exports/neutrals/wc_n_warden/AN_wc_n_warden_Attack.fbx
 create mode 100644 exports/neutrals/wc_n_warden/AN_wc_n_warden_Defeat.fbx
 create mode 100644 exports/neutrals/wc_n_warden/AN_wc_n_warden_Hit.fbx
 create mode 100644 exports/neutrals/wc_n_warden/AN_wc_n_warden_Idle.fbx
 create mode 100644 exports/neutrals/wc_n_warden/AN_wc_n_warden_Move.fbx
 create mode 100644 exports/neutrals/wc_n_warden/SK_wc_n_warden.fbx
 create mode 100644 exports/neutrals/wc_n_warden/SK_wc_n_warden_LOD1.fbx
 create mode 100644 exports/neutrals/wc_n_warden/SK_wc_n_warden_LOD2.fbx
 create mode 100644 exports/neutrals/wc_n_warden/T_wc_n_warden_BaseColor.png
 create mode 100644 exports/neutrals/wc_n_warden/T_wc_n_warden_Normal.png
 create mode 100644 exports/neutrals/wc_n_warden/T_wc_n_warden_ORM.png
 create mode 100644 exports/neutrals/wc_n_warden/export_manifest.json
 create mode 100644 exports/neutrals/wc_n_warden/portrait.png
 create mode 100644 exports/neutrals/wc_n_wisp/AN_wc_n_wisp_Active.fbx
 create mode 100644 exports/neutrals/wc_n_wisp/AN_wc_n_wisp_Attack.fbx
 create mode 100644 exports/neutrals/wc_n_wisp/AN_wc_n_wisp_Defeat.fbx
 create mode 100644 exports/neutrals/wc_n_wisp/AN_wc_n_wisp_Hit.fbx
 create mode 100644 exports/neutrals/wc_n_wisp/AN_wc_n_wisp_Idle.fbx
 create mode 100644 exports/neutrals/wc_n_wisp/AN_wc_n_wisp_Move.fbx
 create mode 100644 exports/neutrals/wc_n_wisp/SK_wc_n_wisp.fbx
 create mode 100644 exports/neutrals/wc_n_wisp/SK_wc_n_wisp_LOD1.fbx
 create mode 100644 exports/neutrals/wc_n_wisp/SK_wc_n_wisp_LOD2.fbx
 create mode 100644 exports/neutrals/wc_n_wisp/T_wc_n_wisp_BaseColor.png
 create mode 100644 exports/neutrals/wc_n_wisp/T_wc_n_wisp_Normal.png
 create mode 100644 exports/neutrals/wc_n_wisp/T_wc_n_wisp_ORM.png
 create mode 100644 exports/neutrals/wc_n_wisp/export_manifest.json
 create mode 100644 exports/neutrals/wc_n_wisp/portrait.png
 create mode 100644 game/Content/WonderChess/Audio/S_WC_wc_n_prowler_active.uasset
 create mode 100644 game/Content/WonderChess/Audio/S_WC_wc_n_prowler_basic.uasset
 create mode 100644 game/Content/WonderChess/Audio/S_WC_wc_n_sentinel_active.uasset
 create mode 100644 game/Content/WonderChess/Audio/S_WC_wc_n_sentinel_basic.uasset
 create mode 100644 game/Content/WonderChess/Audio/S_WC_wc_n_sprout_basic.uasset
 create mode 100644 game/Content/WonderChess/Audio/S_WC_wc_n_stoneback_active.uasset
 create mode 100644 game/Content/WonderChess/Audio/S_WC_wc_n_stoneback_basic.uasset
 create mode 100644 game/Content/WonderChess/Audio/S_WC_wc_n_thorn_basic.uasset
 create mode 100644 game/Content/WonderChess/Audio/S_WC_wc_n_warden_active.uasset
 create mode 100644 game/Content/WonderChess/Audio/S_WC_wc_n_warden_basic.uasset
 create mode 100644 game/Content/WonderChess/Audio/S_WC_wc_n_wisp_active.uasset
 create mode 100644 game/Content/WonderChess/Audio/S_WC_wc_n_wisp_basic.uasset
 create mode 100644 game/Content/WonderChess/Audio/S_WC_wc_u_dragonkin_guardian_active.uasset
 create mode 100644 game/Content/WonderChess/Audio/S_WC_wc_u_dragonkin_priest_active.uasset
 create mode 100644 game/Content/WonderChess/Audio/S_WC_wc_u_dragonkin_ranger_active.uasset
 create mode 100644 game/Content/WonderChess/Audio/S_WC_wc_u_dragonkin_rogue_active.uasset
 create mode 100644 game/Content/WonderChess/Audio/S_WC_wc_u_dwarf_priest_active.uasset
 create mode 100644 game/Content/WonderChess/Audio/S_WC_wc_u_elf_mage_active.uasset
 create mode 100644 game/Content/WonderChess/Audio/S_WC_wc_u_halfling_mage_active.uasset
 create mode 100644 game/Content/WonderChess/Audio/S_WC_wc_u_halfling_ranger_active.uasset
 create mode 100644 game/Content/WonderChess/Audio/S_WC_wc_u_halfling_rogue_active.uasset
 create mode 100644 game/Content/WonderChess/Audio/S_WC_wc_u_halfling_warrior_active.uasset
 create mode 100644 game/Content/WonderChess/Audio/S_WC_wc_u_human_warrior_active.uasset
 create mode 100644 game/Content/WonderChess/Audio/S_WC_wc_u_orc_guardian_active.uasset
 create mode 100644 game/Content/WonderChess/Heroes/wc_u_dragonkin_guardian/AN_wc_u_dragonkin_guardian_Active.uasset
 create mode 100644 game/Content/WonderChess/Heroes/wc_u_dragonkin_guardian/AN_wc_u_dragonkin_guardian_Attack.uasset
 create mode 100644 game/Content/WonderChess/Heroes/wc_u_dragonkin_guardian/AN_wc_u_dragonkin_guardian_Defeat.uasset
 create mode 100644 game/Content/WonderChess/Heroes/wc_u_dragonkin_guardian/AN_wc_u_dragonkin_guardian_Hit.uasset
 create mode 100644 game/Content/WonderChess/Heroes/wc_u_dragonkin_guardian/AN_wc_u_dragonkin_guardian_Idle.uasset
 create mode 100644 game/Content/WonderChess/Heroes/wc_u_dragonkin_guardian/AN_wc_u_dragonkin_guardian_Move.uasset
 create mode 100644 game/Content/WonderChess/Heroes/wc_u_dragonkin_guardian/AN_wc_u_dragonkin_guardian_Victory.uasset
 create mode 100644 game/Content/WonderChess/Heroes/wc_u_dragonkin_guardian/MI_wc_u_dragonkin_guardian.uasset
 create mode 100644 game/Content/WonderChess/Heroes/wc_u_dragonkin_guardian/SK_wc_u_dragonkin_guardian.uasset
 create mode 100644 game/Content/WonderChess/Heroes/wc_u_dragonkin_guardian/SK_wc_u_dragonkin_guardian_Skeleton.uasset
 create mode 100644 game/Content/WonderChess/Heroes/wc_u_dragonkin_guardian/T_wc_u_dragonkin_guardian_BaseColor.uasset
 create mode 100644 game/Content/WonderChess/Heroes/wc_u_dragonkin_guardian/T_wc_u_dragonkin_guardian_Normal.uasset
 create mode 100644 game/Content/WonderChess/Heroes/wc_u_dragonkin_guardian/T_wc_u_dragonkin_guardian_ORM.uasset
 create mode 100644 game/Content/WonderChess/Heroes/wc_u_dragonkin_guardian/T_wc_u_dragonkin_guardian_Portrait.uasset
 create mode 100644 game/Content/WonderChess/Heroes/wc_u_dragonkin_priest/AN_wc_u_dragonkin_priest_Active.uasset
 create mode 100644 game/Content/WonderChess/Heroes/wc_u_dragonkin_priest/AN_wc_u_dragonkin_priest_Attack.uasset
 create mode 100644 game/Content/WonderChess/Heroes/wc_u_dragonkin_priest/AN_wc_u_dragonkin_priest_Defeat.uasset
 create mode 100644 game/Content/WonderChess/Heroes/wc_u_dragonkin_priest/AN_wc_u_dragonkin_priest_Hit.uasset
 create mode 100644 game/Content/WonderChess/Heroes/wc_u_dragonkin_priest/AN_wc_u_dragonkin_priest_Idle.uasset
 create mode 100644 game/Content/WonderChess/Heroes/wc_u_dragonkin_priest/AN_wc_u_dragonkin_priest_Move.uasset
 create mode 100644 game/Content/WonderChess/Heroes/wc_u_dragonkin_priest/AN_wc_u_dragonkin_priest_Victory.uasset
 create mode 100644 game/Content/WonderChess/Heroes/wc_u_dragonkin_priest/MI_wc_u_dragonkin_priest.uasset
 create mode 100644 game/Content/WonderChess/Heroes/wc_u_dragonkin_priest/SK_wc_u_dragonkin_priest.uasset
 create mode 100644 game/Content/WonderChess/Heroes/wc_u_dragonkin_priest/SK_wc_u_dragonkin_priest_Skeleton.uasset
 create mode 100644 game/Content/WonderChess/Heroes/wc_u_dragonkin_priest/T_wc_u_dragonkin_priest_BaseColor.uasset
 create mode 100644 game/Content/WonderChess/Heroes/wc_u_dragonkin_priest/T_wc_u_dragonkin_priest_Normal.uasset
 create mode 100644 game/Content/WonderChess/Heroes/wc_u_dragonkin_priest/T_wc_u_dragonkin_priest_ORM.uasset
 create mode 100644 game/Content/WonderChess/Heroes/wc_u_dragonkin_priest/T_wc_u_dragonkin_priest_Portrait.uasset
 create mode 100644 game/Content/WonderChess/Heroes/wc_u_dragonkin_ranger/AN_wc_u_dragonkin_ranger_Active.uasset
 create mode 100644 game/Content/WonderChess/Heroes/wc_u_dragonkin_ranger/AN_wc_u_dragonkin_ranger_Attack.uasset
 create mode 100644 game/Content/WonderChess/Heroes/wc_u_dragonkin_ranger/AN_wc_u_dragonkin_ranger_Defeat.uasset
 create mode 100644 game/Content/WonderChess/Heroes/wc_u_dragonkin_ranger/AN_wc_u_dragonkin_ranger_Hit.uasset
 create mode 100644 game/Content/WonderChess/Heroes/wc_u_dragonkin_ranger/AN_wc_u_dragonkin_ranger_Idle.uasset
 create mode 100644 game/Content/WonderChess/Heroes/wc_u_dragonkin_ranger/AN_wc_u_dragonkin_ranger_Move.uasset
 create mode 100644 game/Content/WonderChess/Heroes/wc_u_dragonkin_ranger/AN_wc_u_dragonkin_ranger_Victory.uasset
 create mode 100644 game/Content/WonderChess/Heroes/wc_u_dragonkin_ranger/MI_wc_u_dragonkin_ranger.uasset
 create mode 100644 game/Content/WonderChess/Heroes/wc_u_dragonkin_ranger/SK_wc_u_dragonkin_ranger.uasset
 create mode 100644 game/Content/WonderChess/Heroes/wc_u_dragonkin_ranger/SK_wc_u_dragonkin_ranger_Skeleton.uasset
 create mode 100644 game/Content/WonderChess/Heroes/wc_u_dragonkin_ranger/T_wc_u_dragonkin_ranger_BaseColor.uasset
 create mode 100644 game/Content/WonderChess/Heroes/wc_u_dragonkin_ranger/T_wc_u_dragonkin_ranger_Normal.uasset
 create mode 100644 game/Content/WonderChess/Heroes/wc_u_dragonkin_ranger/T_wc_u_dragonkin_ranger_ORM.uasset
 create mode 100644 game/Content/WonderChess/Heroes/wc_u_dragonkin_ranger/T_wc_u_dragonkin_ranger_Portrait.uasset
 create mode 100644 game/Content/WonderChess/Heroes/wc_u_dragonkin_rogue/AN_wc_u_dragonkin_rogue_Active.uasset
 create mode 100644 game/Content/WonderChess/Heroes/wc_u_dragonkin_rogue/AN_wc_u_dragonkin_rogue_Attack.uasset
 create mode 100644 game/Content/WonderChess/Heroes/wc_u_dragonkin_rogue/AN_wc_u_dragonkin_rogue_Defeat.uasset
 create mode 100644 game/Content/WonderChess/Heroes/wc_u_dragonkin_rogue/AN_wc_u_dragonkin_rogue_Hit.uasset
 create mode 100644 game/Content/WonderChess/Heroes/wc_u_dragonkin_rogue/AN_wc_u_dragonkin_rogue_Idle.uasset
 create mode 100644 game/Content/WonderChess/Heroes/wc_u_dragonkin_rogue/AN_wc_u_dragonkin_rogue_Move.uasset
 create mode 100644 game/Content/WonderChess/Heroes/wc_u_dragonkin_rogue/AN_wc_u_dragonkin_rogue_Victory.uasset
 create mode 100644 game/Content/WonderChess/Heroes/wc_u_dragonkin_rogue/MI_wc_u_dragonkin_rogue.uasset
 create mode 100644 game/Content/WonderChess/Heroes/wc_u_dragonkin_rogue/SK_wc_u_dragonkin_rogue.uasset
 create mode 100644 game/Content/WonderChess/Heroes/wc_u_dragonkin_rogue/SK_wc_u_dragonkin_rogue_Skeleton.uasset
 create mode 100644 game/Content/WonderChess/Heroes/wc_u_dragonkin_rogue/T_wc_u_dragonkin_rogue_BaseColor.uasset
 create mode 100644 game/Content/WonderChess/Heroes/wc_u_dragonkin_rogue/T_wc_u_dragonkin_rogue_Normal.uasset
 create mode 100644 game/Content/WonderChess/Heroes/wc_u_dragonkin_rogue/T_wc_u_dragonkin_rogue_ORM.uasset
 create mode 100644 game/Content/WonderChess/Heroes/wc_u_dragonkin_rogue/T_wc_u_dragonkin_rogue_Portrait.uasset
 create mode 100644 game/Content/WonderChess/Heroes/wc_u_dwarf_priest/AN_wc_u_dwarf_priest_Active.uasset
 create mode 100644 game/Content/WonderChess/Heroes/wc_u_dwarf_priest/AN_wc_u_dwarf_priest_Attack.uasset
 create mode 100644 game/Content/WonderChess/Heroes/wc_u_dwarf_priest/AN_wc_u_dwarf_priest_Defeat.uasset
 create mode 100644 game/Content/WonderChess/Heroes/wc_u_dwarf_priest/AN_wc_u_dwarf_priest_Hit.uasset
 create mode 100644 game/Content/WonderChess/Heroes/wc_u_dwarf_priest/AN_wc_u_dwarf_priest_Idle.uasset
 create mode 100644 game/Content/WonderChess/Heroes/wc_u_dwarf_priest/AN_wc_u_dwarf_priest_Move.uasset
 create mode 100644 game/Content/WonderChess/Heroes/wc_u_dwarf_priest/AN_wc_u_dwarf_priest_Victory.uasset
 create mode 100644 game/Content/WonderChess/Heroes/wc_u_dwarf_priest/MI_wc_u_dwarf_priest.uasset
 create mode 100644 game/Content/WonderChess/Heroes/wc_u_dwarf_priest/SK_wc_u_dwarf_priest.uasset
 create mode 100644 game/Content/WonderChess/Heroes/wc_u_dwarf_priest/SK_wc_u_dwarf_priest_Skeleton.uasset
 create mode 100644 game/Content/WonderChess/Heroes/wc_u_dwarf_priest/T_wc_u_dwarf_priest_BaseColor.uasset
 create mode 100644 game/Content/WonderChess/Heroes/wc_u_dwarf_priest/T_wc_u_dwarf_priest_Normal.uasset
 create mode 100644 game/Content/WonderChess/Heroes/wc_u_dwarf_priest/T_wc_u_dwarf_priest_ORM.uasset
 create mode 100644 game/Content/WonderChess/Heroes/wc_u_dwarf_priest/T_wc_u_dwarf_priest_Portrait.uasset
 create mode 100644 game/Content/WonderChess/Heroes/wc_u_elf_mage/AN_wc_u_elf_mage_Active.uasset
 create mode 100644 game/Content/WonderChess/Heroes/wc_u_elf_mage/AN_wc_u_elf_mage_Attack.uasset
 create mode 100644 game/Content/WonderChess/Heroes/wc_u_elf_mage/AN_wc_u_elf_mage_Defeat.uasset
 create mode 100644 game/Content/WonderChess/Heroes/wc_u_elf_mage/AN_wc_u_elf_mage_Hit.uasset
 create mode 100644 game/Content/WonderChess/Heroes/wc_u_elf_mage/AN_wc_u_elf_mage_Idle.uasset
 create mode 100644 game/Content/WonderChess/Heroes/wc_u_elf_mage/AN_wc_u_elf_mage_Move.uasset
 create mode 100644 game/Content/WonderChess/Heroes/wc_u_elf_mage/AN_wc_u_elf_mage_Victory.uasset
 create mode 100644 game/Content/WonderChess/Heroes/wc_u_elf_mage/MI_wc_u_elf_mage.uasset
 create mode 100644 game/Content/WonderChess/Heroes/wc_u_elf_mage/SK_wc_u_elf_mage.uasset
 create mode 100644 game/Content/WonderChess/Heroes/wc_u_elf_mage/SK_wc_u_elf_mage_Skeleton.uasset
 create mode 100644 game/Content/WonderChess/Heroes/wc_u_elf_mage/T_wc_u_elf_mage_BaseColor.uasset
 create mode 100644 game/Content/WonderChess/Heroes/wc_u_elf_mage/T_wc_u_elf_mage_Normal.uasset
 create mode 100644 game/Content/WonderChess/Heroes/wc_u_elf_mage/T_wc_u_elf_mage_ORM.uasset
 create mode 100644 game/Content/WonderChess/Heroes/wc_u_elf_mage/T_wc_u_elf_mage_Portrait.uasset
 create mode 100644 game/Content/WonderChess/Heroes/wc_u_halfling_mage/AN_wc_u_halfling_mage_Active.uasset
 create mode 100644 game/Content/WonderChess/Heroes/wc_u_halfling_mage/AN_wc_u_halfling_mage_Attack.uasset
 create mode 100644 game/Content/WonderChess/Heroes/wc_u_halfling_mage/AN_wc_u_halfling_mage_Defeat.uasset
 create mode 100644 game/Content/WonderChess/Heroes/wc_u_halfling_mage/AN_wc_u_halfling_mage_Hit.uasset
 create mode 100644 game/Content/WonderChess/Heroes/wc_u_halfling_mage/AN_wc_u_halfling_mage_Idle.uasset
 create mode 100644 game/Content/WonderChess/Heroes/wc_u_halfling_mage/AN_wc_u_halfling_mage_Move.uasset
 create mode 100644 game/Content/WonderChess/Heroes/wc_u_halfling_mage/AN_wc_u_halfling_mage_Victory.uasset
 create mode 100644 game/Content/WonderChess/Heroes/wc_u_halfling_mage/MI_wc_u_halfling_mage.uasset
 create mode 100644 game/Content/WonderChess/Heroes/wc_u_halfling_mage/SK_wc_u_halfling_mage.uasset
 create mode 100644 game/Content/WonderChess/Heroes/wc_u_halfling_mage/SK_wc_u_halfling_mage_Skeleton.uasset
 create mode 100644 game/Content/WonderChess/Heroes/wc_u_halfling_mage/T_wc_u_halfling_mage_BaseColor.uasset
 create mode 100644 game/Content/WonderChess/Heroes/wc_u_halfling_mage/T_wc_u_halfling_mage_Normal.uasset
 create mode 100644 game/Content/WonderChess/Heroes/wc_u_halfling_mage/T_wc_u_halfling_mage_ORM.uasset
 create mode 100644 game/Content/WonderChess/Heroes/wc_u_halfling_mage/T_wc_u_halfling_mage_Portrait.uasset
 create mode 100644 game/Content/WonderChess/Heroes/wc_u_halfling_ranger/AN_wc_u_halfling_ranger_Active.uasset
 create mode 100644 game/Content/WonderChess/Heroes/wc_u_halfling_ranger/AN_wc_u_halfling_ranger_Attack.uasset
 create mode 100644 game/Content/WonderChess/Heroes/wc_u_halfling_ranger/AN_wc_u_halfling_ranger_Defeat.uasset
 create mode 100644 game/Content/WonderChess/Heroes/wc_u_halfling_ranger/AN_wc_u_halfling_ranger_Hit.uasset
 create mode 100644 game/Content/WonderChess/Heroes/wc_u_halfling_ranger/AN_wc_u_halfling_ranger_Idle.uasset
 create mode 100644 game/Content/WonderChess/Heroes/wc_u_halfling_ranger/AN_wc_u_halfling_ranger_Move.uasset
 create mode 100644 game/Content/WonderChess/Heroes/wc_u_halfling_ranger/AN_wc_u_halfling_ranger_Victory.uasset
 create mode 100644 game/Content/WonderChess/Heroes/wc_u_halfling_ranger/MI_wc_u_halfling_ranger.uasset
 create mode 100644 game/Content/WonderChess/Heroes/wc_u_halfling_ranger/SK_wc_u_halfling_ranger.uasset
 create mode 100644 game/Content/WonderChess/Heroes/wc_u_halfling_ranger/SK_wc_u_halfling_ranger_Skeleton.uasset
 create mode 100644 game/Content/WonderChess/Heroes/wc_u_halfling_ranger/T_wc_u_halfling_ranger_BaseColor.uasset
 create mode 100644 game/Content/WonderChess/Heroes/wc_u_halfling_ranger/T_wc_u_halfling_ranger_Normal.uasset
 create mode 100644 game/Content/WonderChess/Heroes/wc_u_halfling_ranger/T_wc_u_halfling_ranger_ORM.uasset
 create mode 100644 game/Content/WonderChess/Heroes/wc_u_halfling_ranger/T_wc_u_halfling_ranger_Portrait.uasset
 create mode 100644 game/Content/WonderChess/Heroes/wc_u_halfling_rogue/AN_wc_u_halfling_rogue_Active.uasset
 create mode 100644 game/Content/WonderChess/Heroes/wc_u_halfling_rogue/AN_wc_u_halfling_rogue_Attack.uasset
 create mode 100644 game/Content/WonderChess/Heroes/wc_u_halfling_rogue/AN_wc_u_halfling_rogue_Defeat.uasset
 create mode 100644 game/Content/WonderChess/Heroes/wc_u_halfling_rogue/AN_wc_u_halfling_rogue_Hit.uasset
 create mode 100644 game/Content/WonderChess/Heroes/wc_u_halfling_rogue/AN_wc_u_halfling_rogue_Idle.uasset
 create mode 100644 game/Content/WonderChess/Heroes/wc_u_halfling_rogue/AN_wc_u_halfling_rogue_Move.uasset
 create mode 100644 game/Content/WonderChess/Heroes/wc_u_halfling_rogue/AN_wc_u_halfling_rogue_Victory.uasset
 create mode 100644 game/Content/WonderChess/Heroes/wc_u_halfling_rogue/MI_wc_u_halfling_rogue.uasset
 create mode 100644 game/Content/WonderChess/Heroes/wc_u_halfling_rogue/SK_wc_u_halfling_rogue.uasset
 create mode 100644 game/Content/WonderChess/Heroes/wc_u_halfling_rogue/SK_wc_u_halfling_rogue_Skeleton.uasset
 create mode 100644 game/Content/WonderChess/Heroes/wc_u_halfling_rogue/T_wc_u_halfling_rogue_BaseColor.uasset
 create mode 100644 game/Content/WonderChess/Heroes/wc_u_halfling_rogue/T_wc_u_halfling_rogue_Normal.uasset
 create mode 100644 game/Content/WonderChess/Heroes/wc_u_halfling_rogue/T_wc_u_halfling_rogue_ORM.uasset
 create mode 100644 game/Content/WonderChess/Heroes/wc_u_halfling_rogue/T_wc_u_halfling_rogue_Portrait.uasset
 create mode 100644 game/Content/WonderChess/Heroes/wc_u_halfling_warrior/AN_wc_u_halfling_warrior_Active.uasset
 create mode 100644 game/Content/WonderChess/Heroes/wc_u_halfling_warrior/AN_wc_u_halfling_warrior_Attack.uasset
 create mode 100644 game/Content/WonderChess/Heroes/wc_u_halfling_warrior/AN_wc_u_halfling_warrior_Defeat.uasset
 create mode 100644 game/Content/WonderChess/Heroes/wc_u_halfling_warrior/AN_wc_u_halfling_warrior_Hit.uasset
 create mode 100644 game/Content/WonderChess/Heroes/wc_u_halfling_warrior/AN_wc_u_halfling_warrior_Idle.uasset
 create mode 100644 game/Content/WonderChess/Heroes/wc_u_halfling_warrior/AN_wc_u_halfling_warrior_Move.uasset
 create mode 100644 game/Content/WonderChess/Heroes/wc_u_halfling_warrior/AN_wc_u_halfling_warrior_Victory.uasset
 create mode 100644 game/Content/WonderChess/Heroes/wc_u_halfling_warrior/MI_wc_u_halfling_warrior.uasset
 create mode 100644 game/Content/WonderChess/Heroes/wc_u_halfling_warrior/SK_wc_u_halfling_warrior.uasset
 create mode 100644 game/Content/WonderChess/Heroes/wc_u_halfling_warrior/SK_wc_u_halfling_warrior_Skeleton.uasset
 create mode 100644 game/Content/WonderChess/Heroes/wc_u_halfling_warrior/T_wc_u_halfling_warrior_BaseColor.uasset
 create mode 100644 game/Content/WonderChess/Heroes/wc_u_halfling_warrior/T_wc_u_halfling_warrior_Normal.uasset
 create mode 100644 game/Content/WonderChess/Heroes/wc_u_halfling_warrior/T_wc_u_halfling_warrior_ORM.uasset
 create mode 100644 game/Content/WonderChess/Heroes/wc_u_halfling_warrior/T_wc_u_halfling_warrior_Portrait.uasset
 create mode 100644 game/Content/WonderChess/Heroes/wc_u_human_warrior/AN_wc_u_human_warrior_Active.uasset
 create mode 100644 game/Content/WonderChess/Heroes/wc_u_human_warrior/AN_wc_u_human_warrior_Attack.uasset
 create mode 100644 game/Content/WonderChess/Heroes/wc_u_human_warrior/AN_wc_u_human_warrior_Defeat.uasset
 create mode 100644 game/Content/WonderChess/Heroes/wc_u_human_warrior/AN_wc_u_human_warrior_Hit.uasset
 create mode 100644 game/Content/WonderChess/Heroes/wc_u_human_warrior/AN_wc_u_human_warrior_Idle.uasset
 create mode 100644 game/Content/WonderChess/Heroes/wc_u_human_warrior/AN_wc_u_human_warrior_Move.uasset
 create mode 100644 game/Content/WonderChess/Heroes/wc_u_human_warrior/AN_wc_u_human_warrior_Victory.uasset
 create mode 100644 game/Content/WonderChess/Heroes/wc_u_human_warrior/MI_wc_u_human_warrior.uasset
 create mode 100644 game/Content/WonderChess/Heroes/wc_u_human_warrior/SK_wc_u_human_warrior.uasset
 create mode 100644 game/Content/WonderChess/Heroes/wc_u_human_warrior/SK_wc_u_human_warrior_Skeleton.uasset
 create mode 100644 game/Content/WonderChess/Heroes/wc_u_human_warrior/T_wc_u_human_warrior_BaseColor.uasset
 create mode 100644 game/Content/WonderChess/Heroes/wc_u_human_warrior/T_wc_u_human_warrior_Normal.uasset
 create mode 100644 game/Content/WonderChess/Heroes/wc_u_human_warrior/T_wc_u_human_warrior_ORM.uasset
 create mode 100644 game/Content/WonderChess/Heroes/wc_u_human_warrior/T_wc_u_human_warrior_Portrait.uasset
 create mode 100644 game/Content/WonderChess/Heroes/wc_u_orc_guardian/AN_wc_u_orc_guardian_Active.uasset
 create mode 100644 game/Content/WonderChess/Heroes/wc_u_orc_guardian/AN_wc_u_orc_guardian_Attack.uasset
 create mode 100644 game/Content/WonderChess/Heroes/wc_u_orc_guardian/AN_wc_u_orc_guardian_Defeat.uasset
 create mode 100644 game/Content/WonderChess/Heroes/wc_u_orc_guardian/AN_wc_u_orc_guardian_Hit.uasset
 create mode 100644 game/Content/WonderChess/Heroes/wc_u_orc_guardian/AN_wc_u_orc_guardian_Idle.uasset
 create mode 100644 game/Content/WonderChess/Heroes/wc_u_orc_guardian/AN_wc_u_orc_guardian_Move.uasset
 create mode 100644 game/Content/WonderChess/Heroes/wc_u_orc_guardian/AN_wc_u_orc_guardian_Victory.uasset
 create mode 100644 game/Content/WonderChess/Heroes/wc_u_orc_guardian/MI_wc_u_orc_guardian.uasset
 create mode 100644 game/Content/WonderChess/Heroes/wc_u_orc_guardian/SK_wc_u_orc_guardian.uasset
 create mode 100644 game/Content/WonderChess/Heroes/wc_u_orc_guardian/SK_wc_u_orc_guardian_Skeleton.uasset
 create mode 100644 game/Content/WonderChess/Heroes/wc_u_orc_guardian/T_wc_u_orc_guardian_BaseColor.uasset
 create mode 100644 game/Content/WonderChess/Heroes/wc_u_orc_guardian/T_wc_u_orc_guardian_Normal.uasset
 create mode 100644 game/Content/WonderChess/Heroes/wc_u_orc_guardian/T_wc_u_orc_guardian_ORM.uasset
 create mode 100644 game/Content/WonderChess/Heroes/wc_u_orc_guardian/T_wc_u_orc_guardian_Portrait.uasset
 create mode 100644 game/Content/WonderChess/Lobby/MI_WC_Brighthaven.uasset
 create mode 100644 game/Content/WonderChess/Lobby/M_WC_BrighthavenSky.uasset
 create mode 100644 game/Content/WonderChess/Lobby/SM_WC_ApproachBeacon.uasset
 create mode 100644 game/Content/WonderChess/Lobby/SM_WC_ApproachEastHouse.uasset
 create mode 100644 game/Content/WonderChess/Lobby/SM_WC_ApproachGardenArch.uasset
 create mode 100644 game/Content/WonderChess/Lobby/SM_WC_ApproachGardenWalls.uasset
 create mode 100644 game/Content/WonderChess/Lobby/SM_WC_ApproachPlatform.uasset
 create mode 100644 game/Content/WonderChess/Lobby/SM_WC_ApproachWestHouse.uasset
 create mode 100644 game/Content/WonderChess/Lobby/SM_WC_BrighthavenApproach.uasset
 create mode 100644 game/Content/WonderChess/Lobby/T_WC_Brighthaven_BaseColor.uasset
 create mode 100644 game/Content/WonderChess/Lobby/T_WC_Brighthaven_Normal.uasset
 create mode 100644 game/Content/WonderChess/Lobby/T_WC_Brighthaven_ORM.uasset
 create mode 100644 game/Content/WonderChess/Neutrals/wc_n_prowler/AN_wc_n_prowler_Active.uasset
 create mode 100644 game/Content/WonderChess/Neutrals/wc_n_prowler/AN_wc_n_prowler_Attack.uasset
 create mode 100644 game/Content/WonderChess/Neutrals/wc_n_prowler/AN_wc_n_prowler_Defeat.uasset
 create mode 100644 game/Content/WonderChess/Neutrals/wc_n_prowler/AN_wc_n_prowler_Hit.uasset
 create mode 100644 game/Content/WonderChess/Neutrals/wc_n_prowler/AN_wc_n_prowler_Idle.uasset
 create mode 100644 game/Content/WonderChess/Neutrals/wc_n_prowler/AN_wc_n_prowler_Move.uasset
 create mode 100644 game/Content/WonderChess/Neutrals/wc_n_prowler/MI_wc_n_prowler.uasset
 create mode 100644 game/Content/WonderChess/Neutrals/wc_n_prowler/SK_wc_n_prowler.uasset
 create mode 100644 game/Content/WonderChess/Neutrals/wc_n_prowler/SK_wc_n_prowler_Skeleton.uasset
 create mode 100644 game/Content/WonderChess/Neutrals/wc_n_prowler/T_wc_n_prowler_BaseColor.uasset
 create mode 100644 game/Content/WonderChess/Neutrals/wc_n_prowler/T_wc_n_prowler_Normal.uasset
 create mode 100644 game/Content/WonderChess/Neutrals/wc_n_prowler/T_wc_n_prowler_ORM.uasset
 create mode 100644 game/Content/WonderChess/Neutrals/wc_n_prowler/T_wc_n_prowler_Portrait.uasset
 create mode 100644 game/Content/WonderChess/Neutrals/wc_n_sentinel/AN_wc_n_sentinel_Active.uasset
 create mode 100644 game/Content/WonderChess/Neutrals/wc_n_sentinel/AN_wc_n_sentinel_Attack.uasset
 create mode 100644 game/Content/WonderChess/Neutrals/wc_n_sentinel/AN_wc_n_sentinel_Defeat.uasset
 create mode 100644 game/Content/WonderChess/Neutrals/wc_n_sentinel/AN_wc_n_sentinel_Hit.uasset
 create mode 100644 game/Content/WonderChess/Neutrals/wc_n_sentinel/AN_wc_n_sentinel_Idle.uasset
 create mode 100644 game/Content/WonderChess/Neutrals/wc_n_sentinel/AN_wc_n_sentinel_Move.uasset
 create mode 100644 game/Content/WonderChess/Neutrals/wc_n_sentinel/MI_wc_n_sentinel.uasset
 create mode 100644 game/Content/WonderChess/Neutrals/wc_n_sentinel/SK_wc_n_sentinel.uasset
 create mode 100644 game/Content/WonderChess/Neutrals/wc_n_sentinel/SK_wc_n_sentinel_Skeleton.uasset
 create mode 100644 game/Content/WonderChess/Neutrals/wc_n_sentinel/T_wc_n_sentinel_BaseColor.uasset
 create mode 100644 game/Content/WonderChess/Neutrals/wc_n_sentinel/T_wc_n_sentinel_Normal.uasset
 create mode 100644 game/Content/WonderChess/Neutrals/wc_n_sentinel/T_wc_n_sentinel_ORM.uasset
 create mode 100644 game/Content/WonderChess/Neutrals/wc_n_sentinel/T_wc_n_sentinel_Portrait.uasset
 create mode 100644 game/Content/WonderChess/Neutrals/wc_n_sprout/AN_wc_n_sprout_Attack.uasset
 create mode 100644 game/Content/WonderChess/Neutrals/wc_n_sprout/AN_wc_n_sprout_Defeat.uasset
 create mode 100644 game/Content/WonderChess/Neutrals/wc_n_sprout/AN_wc_n_sprout_Hit.uasset
 create mode 100644 game/Content/WonderChess/Neutrals/wc_n_sprout/AN_wc_n_sprout_Idle.uasset
 create mode 100644 game/Content/WonderChess/Neutrals/wc_n_sprout/AN_wc_n_sprout_Move.uasset
 create mode 100644 game/Content/WonderChess/Neutrals/wc_n_sprout/MI_wc_n_sprout.uasset
 create mode 100644 game/Content/WonderChess/Neutrals/wc_n_sprout/SK_wc_n_sprout.uasset
 create mode 100644 game/Content/WonderChess/Neutrals/wc_n_sprout/SK_wc_n_sprout_Skeleton.uasset
 create mode 100644 game/Content/WonderChess/Neutrals/wc_n_sprout/T_wc_n_sprout_BaseColor.uasset
 create mode 100644 game/Content/WonderChess/Neutrals/wc_n_sprout/T_wc_n_sprout_Normal.uasset
 create mode 100644 game/Content/WonderChess/Neutrals/wc_n_sprout/T_wc_n_sprout_ORM.uasset
 create mode 100644 game/Content/WonderChess/Neutrals/wc_n_sprout/T_wc_n_sprout_Portrait.uasset
 create mode 100644 game/Content/WonderChess/Neutrals/wc_n_stoneback/AN_wc_n_stoneback_Active.uasset
 create mode 100644 game/Content/WonderChess/Neutrals/wc_n_stoneback/AN_wc_n_stoneback_Attack.uasset
 create mode 100644 game/Content/WonderChess/Neutrals/wc_n_stoneback/AN_wc_n_stoneback_Defeat.uasset
 create mode 100644 game/Content/WonderChess/Neutrals/wc_n_stoneback/AN_wc_n_stoneback_Hit.uasset
 create mode 100644 game/Content/WonderChess/Neutrals/wc_n_stoneback/AN_wc_n_stoneback_Idle.uasset
 create mode 100644 game/Content/WonderChess/Neutrals/wc_n_stoneback/AN_wc_n_stoneback_Move.uasset
 create mode 100644 game/Content/WonderChess/Neutrals/wc_n_stoneback/MI_wc_n_stoneback.uasset
 create mode 100644 game/Content/WonderChess/Neutrals/wc_n_stoneback/SK_wc_n_stoneback.uasset
 create mode 100644 game/Content/WonderChess/Neutrals/wc_n_stoneback/SK_wc_n_stoneback_Skeleton.uasset
 create mode 100644 game/Content/WonderChess/Neutrals/wc_n_stoneback/T_wc_n_stoneback_BaseColor.uasset
 create mode 100644 game/Content/WonderChess/Neutrals/wc_n_stoneback/T_wc_n_stoneback_Normal.uasset
 create mode 100644 game/Content/WonderChess/Neutrals/wc_n_stoneback/T_wc_n_stoneback_ORM.uasset
 create mode 100644 game/Content/WonderChess/Neutrals/wc_n_stoneback/T_wc_n_stoneback_Portrait.uasset
 create mode 100644 game/Content/WonderChess/Neutrals/wc_n_thorn/AN_wc_n_thorn_Attack.uasset
 create mode 100644 game/Content/WonderChess/Neutrals/wc_n_thorn/AN_wc_n_thorn_Defeat.uasset
 create mode 100644 game/Content/WonderChess/Neutrals/wc_n_thorn/AN_wc_n_thorn_Hit.uasset
 create mode 100644 game/Content/WonderChess/Neutrals/wc_n_thorn/AN_wc_n_thorn_Idle.uasset
 create mode 100644 game/Content/WonderChess/Neutrals/wc_n_thorn/AN_wc_n_thorn_Move.uasset
 create mode 100644 game/Content/WonderChess/Neutrals/wc_n_thorn/MI_wc_n_thorn.uasset
 create mode 100644 game/Content/WonderChess/Neutrals/wc_n_thorn/SK_wc_n_thorn.uasset
 create mode 100644 game/Content/WonderChess/Neutrals/wc_n_thorn/SK_wc_n_thorn_Skeleton.uasset
 create mode 100644 game/Content/WonderChess/Neutrals/wc_n_thorn/T_wc_n_thorn_BaseColor.uasset
 create mode 100644 game/Content/WonderChess/Neutrals/wc_n_thorn/T_wc_n_thorn_Normal.uasset
 create mode 100644 game/Content/WonderChess/Neutrals/wc_n_thorn/T_wc_n_thorn_ORM.uasset
 create mode 100644 game/Content/WonderChess/Neutrals/wc_n_thorn/T_wc_n_thorn_Portrait.uasset
 create mode 100644 game/Content/WonderChess/Neutrals/wc_n_warden/AN_wc_n_warden_Active.uasset
 create mode 100644 game/Content/WonderChess/Neutrals/wc_n_warden/AN_wc_n_warden_Attack.uasset
 create mode 100644 game/Content/WonderChess/Neutrals/wc_n_warden/AN_wc_n_warden_Defeat.uasset
 create mode 100644 game/Content/WonderChess/Neutrals/wc_n_warden/AN_wc_n_warden_Hit.uasset
 create mode 100644 game/Content/WonderChess/Neutrals/wc_n_warden/AN_wc_n_warden_Idle.uasset
 create mode 100644 game/Content/WonderChess/Neutrals/wc_n_warden/AN_wc_n_warden_Move.uasset
 create mode 100644 game/Content/WonderChess/Neutrals/wc_n_warden/MI_wc_n_warden.uasset
 create mode 100644 game/Content/WonderChess/Neutrals/wc_n_warden/SK_wc_n_warden.uasset
 create mode 100644 game/Content/WonderChess/Neutrals/wc_n_warden/SK_wc_n_warden_Skeleton.uasset
 create mode 100644 game/Content/WonderChess/Neutrals/wc_n_warden/T_wc_n_warden_BaseColor.uasset
 create mode 100644 game/Content/WonderChess/Neutrals/wc_n_warden/T_wc_n_warden_Normal.uasset
 create mode 100644 game/Content/WonderChess/Neutrals/wc_n_warden/T_wc_n_warden_ORM.uasset
 create mode 100644 game/Content/WonderChess/Neutrals/wc_n_warden/T_wc_n_warden_Portrait.uasset
 create mode 100644 game/Content/WonderChess/Neutrals/wc_n_wisp/AN_wc_n_wisp_Active.uasset
 create mode 100644 game/Content/WonderChess/Neutrals/wc_n_wisp/AN_wc_n_wisp_Attack.uasset
 create mode 100644 game/Content/WonderChess/Neutrals/wc_n_wisp/AN_wc_n_wisp_Defeat.uasset
 create mode 100644 game/Content/WonderChess/Neutrals/wc_n_wisp/AN_wc_n_wisp_Hit.uasset
 create mode 100644 game/Content/WonderChess/Neutrals/wc_n_wisp/AN_wc_n_wisp_Idle.uasset
 create mode 100644 game/Content/WonderChess/Neutrals/wc_n_wisp/AN_wc_n_wisp_Move.uasset
 create mode 100644 game/Content/WonderChess/Neutrals/wc_n_wisp/MI_wc_n_wisp.uasset
 create mode 100644 game/Content/WonderChess/Neutrals/wc_n_wisp/SK_wc_n_wisp.uasset
 create mode 100644 game/Content/WonderChess/Neutrals/wc_n_wisp/SK_wc_n_wisp_Skeleton.uasset
 create mode 100644 game/Content/WonderChess/Neutrals/wc_n_wisp/T_wc_n_wisp_BaseColor.uasset
 create mode 100644 game/Content/WonderChess/Neutrals/wc_n_wisp/T_wc_n_wisp_Normal.uasset
 create mode 100644 game/Content/WonderChess/Neutrals/wc_n_wisp/T_wc_n_wisp_ORM.uasset
 create mode 100644 game/Content/WonderChess/Neutrals/wc_n_wisp/T_wc_n_wisp_Portrait.uasset
 create mode 100644 game/Content/WonderChess/SourceData/neutrals.json
 create mode 100644 game/Source/WonderChessRuntime/Private/Tests/WCAttackWindowTests.cpp
 create mode 100644 game/Source/WonderChessRuntime/Private/WCAnimationReview.cpp
 create mode 100644 game/Source/WonderChessRuntime/Private/WCAttackPresentation.cpp
 create mode 100644 game/Source/WonderChessRuntime/Private/WCEmblem.h
 create mode 100644 game/Source/WonderChessRuntime/Private/WCFrontEndProfile.cpp
 create mode 100644 game/Source/WonderChessRuntime/Public/Presentation/WCAttackWindow.h
 create mode 100644 game/Source/WonderChessRuntime/Public/WCAnimationReview.h
 create mode 100644 game/Source/WonderChessRuntime/Public/WCAttackPresentation.h
 create mode 100644 tests/runtime/attack_window_tests.cpp
 create mode 100644 tests/runtime/audit_attack_window_evidence.py
 create mode 100644 tests/runtime/audit_shipping_payload.py
 create mode 100644 tests/runtime/compare_attack_window_combat.py
 create mode 100644 tests/runtime/packaged_payload.ps1
 create mode 100644 tests/runtime/run_attack_windows.ps1
 create mode 100644 tests/runtime/run_physical_lan.ps1
 create mode 100644 tests/runtime/summarize_frontend_profile.py
 create mode 100644 tests/runtime/test_packaged_payload.ps1
 create mode 100644 tests/runtime/test_summarize_frame_evidence.py
 create mode 100644 tests/test_attack_window_contract.py
 create mode 100644 tests/test_editor_import_flags.py
 create mode 100644 tests/test_engine_motion_encoder.py
 create mode 100644 tests/test_frontend_profile_evidence.py
 create mode 100644 tests/test_shipping_catalog_protocol.py
 create mode 100644 tools/blender/author_alternating_attack_windows.py
 create mode 100644 tools/blender/author_brighthaven_approach.py
 create mode 100644 tools/blender/author_neutrals.py
 create mode 100644 tools/blender/author_update_dragonkin.py
 create mode 100644 tools/blender/author_update_four.py
 create mode 100644 tools/blender/author_update_halflings.py
 create mode 100644 tools/blender/author_update_pippa.py
 create mode 100644 tools/blender/dragonkin_production_profile.py
 create mode 100644 tools/blender/encode_motion_reviews.py
 create mode 100644 tools/blender/export_refined_hero.py
 create mode 100644 tools/blender/finalize_new_family_geometry.py
 create mode 100644 tools/blender/fit_cass_face_surface.py
 create mode 100644 tools/blender/fit_update_three_faces.py
 create mode 100644 tools/blender/fix_orc_move_contact.py
 create mode 100644 tools/blender/halfling_production_profile.py
 create mode 100644 tools/blender/inspect_elf_arm_connections.py
 create mode 100644 tools/blender/inspect_kesh_arm_connections.py
 create mode 100644 tools/blender/inspect_saved_hero.py
 create mode 100644 tools/blender/inspect_support_pose_contacts.py
 create mode 100644 tools/blender/inspect_update_face_surfaces.py
 create mode 100644 tools/blender/lift_tala_planted_shield.py
 create mode 100644 tools/blender/polish_ada_gallery.py
 create mode 100644 tools/blender/prepare_dragonkin_family.py
 create mode 100644 tools/blender/refine_neris_tala_motion.py
 create mode 100644 tools/blender/refine_new_cass.py
 create mode 100644 tools/blender/refine_new_family_tailoring.py
 create mode 100644 tools/blender/refine_orla_construction.py
 create mode 100644 tools/blender/refine_sora_elbow.py
 create mode 100644 tools/blender/render_selected_source_motion.py
 create mode 100644 tools/blender/repair_new_family_sleeves.py
 create mode 100644 tools/blender/repair_sora_lod_collection.py
 create mode 100644 tools/blender/repair_sora_texture_links.py
 create mode 100644 tools/blender/repair_update_elf_shoulders.py
 create mode 100644 tools/blender/repair_update_kesh_shoulders.py
 create mode 100644 tools/blender/review_elf_arm_candidate.py
 create mode 100644 tools/blender/review_refined_hero.py
 create mode 100644 tools/blender/verify_new_family_hero.py
 create mode 100644 tools/blender/verify_orc_motion_media.py
 create mode 100644 tools/blender/verify_refined_hero.py
 create mode 100644 tools/blender/verify_selected_motion_exports.py
 create mode 100644 tools/blender/verify_update_dragonkin.py
 create mode 100644 tools/blender/verify_update_halflings.py
 create mode 100644 tools/unreal/attack_window_contract.py
 create mode 100644 tools/unreal/encode_engine_motion.py
 create mode 100644 tools/unreal/invoke_editor_task.ps1
 create mode 100644 tools/unreal/probe_attack_window_api.py
