00:09.953  geom.mesh        | ERROR Face 1030 is a duplicate of 301
00:09.953  geom.mesh        | ERROR Face 1031 is a duplicate of 302
00:09.953  geom.mesh        | ERROR Face 1037 is a duplicate of 1034
00:09.953  geom.mesh        | ERROR Face 1236 is a duplicate of 1231
00:09.953  geom.mesh        | ERROR Face 1743 is a duplicate of 1233
00:34.641  render           | Saved: 'C:\Users\iputu\Documents\Wonder Chess\reports\WC-U440\20260906T162841Z\halfling-face-fit\finn\front.png'
00:48.453  render           | Saved: 'C:\Users\iputu\Documents\Wonder Chess\reports\WC-U440\20260906T162841Z\halfling-face-fit\finn\side.png'
01:03.437  render           | Saved: 'C:\Users\iputu\Documents\Wonder Chess\reports\WC-U440\20260906T162841Z\halfling-face-fit\finn\back.png'
01:18.391  render           | Saved: 'C:\Users\iputu\Documents\Wonder Chess\reports\WC-U440\20260906T162841Z\halfling-face-fit\finn\three-quarter.png'
01:30.562  render           | Saved: 'C:\Users\iputu\Documents\Wonder Chess\reports\WC-U440\20260906T162841Z\halfling-face-fit\finn\face.png'
01:44.594  render           | Saved: 'C:\Users\iputu\Documents\Wonder Chess\reports\WC-U440\20260906T162841Z\halfling-face-fit\finn\game-angle.png'
01:53.484  render           | Saved: 'C:\Users\iputu\Documents\Wonder Chess\exports\heroes\wc_u_halfling_ranger\portrait.png'
01:55.141  render           | Saved: 'C:\Users\iputu\Documents\Wonder Chess\reports\WC-U440\20260906T162841Z\halfling-face-fit\finn\Idle-start.png'
01:56.734  render           | Saved: 'C:\Users\iputu\Documents\Wonder Chess\reports\WC-U440\20260906T162841Z\halfling-face-fit\finn\Idle-release.png'
01:58.437  render           | Saved: 'C:\Users\iputu\Documents\Wonder Chess\reports\WC-U440\20260906T162841Z\halfling-face-fit\finn\Idle-end.png'
02:00.172  render           | Saved: 'C:\Users\iputu\Documents\Wonder Chess\reports\WC-U440\20260906T162841Z\halfling-face-fit\finn\Move-start.png'
02:01.844  render           | Saved: 'C:\Users\iputu\Documents\Wonder Chess\reports\WC-U440\20260906T162841Z\halfling-face-fit\finn\Move-release.png'
02:03.531  render           | Saved: 'C:\Users\iputu\Documents\Wonder Chess\reports\WC-U440\20260906T162841Z\halfling-face-fit\finn\Move-end.png'
02:05.172  render           | Saved: 'C:\Users\iputu\Documents\Wonder Chess\reports\WC-U440\20260906T162841Z\halfling-face-fit\finn\Attack-start.png'
02:06.750  render           | Saved: 'C:\Users\iputu\Documents\Wonder Chess\reports\WC-U440\20260906T162841Z\halfling-face-fit\finn\Attack-release.png'
02:08.422  render           | Saved: 'C:\Users\iputu\Documents\Wonder Chess\reports\WC-U440\20260906T162841Z\halfling-face-fit\finn\Attack-end.png'
02:09.984  render           | Saved: 'C:\Users\iputu\Documents\Wonder Chess\reports\WC-U440\20260906T162841Z\halfling-face-fit\finn\Active-start.png'
02:11.547  render           | Saved: 'C:\Users\iputu\Documents\Wonder Chess\reports\WC-U440\20260906T162841Z\halfling-face-fit\finn\Active-release.png'
02:13.375  render           | Saved: 'C:\Users\iputu\Documents\Wonder Chess\reports\WC-U440\20260906T162841Z\halfling-face-fit\finn\Active-end.png'
02:15.094  render           | Saved: 'C:\Users\iputu\Documents\Wonder Chess\reports\WC-U440\20260906T162841Z\halfling-face-fit\finn\Hit-start.png'
02:16.719  render           | Saved: 'C:\Users\iputu\Documents\Wonder Chess\reports\WC-U440\20260906T162841Z\halfling-face-fit\finn\Hit-release.png'
02:18.469  render           | Saved: 'C:\Users\iputu\Documents\Wonder Chess\reports\WC-U440\20260906T162841Z\halfling-face-fit\finn\Hit-end.png'
02:20.125  render           | Saved: 'C:\Users\iputu\Documents\Wonder Chess\reports\WC-U440\20260906T162841Z\halfling-face-fit\finn\Defeat-start.png'
02:21.844  render           | Saved: 'C:\Users\iputu\Documents\Wonder Chess\reports\WC-U440\20260906T162841Z\halfling-face-fit\finn\Defeat-release.png'
02:23.562  render           | Saved: 'C:\Users\iputu\Documents\Wonder Chess\reports\WC-U440\20260906T162841Z\halfling-face-fit\finn\Defeat-end.png'
02:25.250  render           | Saved: 'C:\Users\iputu\Documents\Wonder Chess\reports\WC-U440\20260906T162841Z\halfling-face-fit\finn\Victory-start.png'
02:26.953  render           | Saved: 'C:\Users\iputu\Documents\Wonder Chess\reports\WC-U440\20260906T162841Z\halfling-face-fit\finn\Victory-release.png'
02:28.656  render           | Saved: 'C:\Users\iputu\Documents\Wonder Chess\reports\WC-U440\20260906T162841Z\halfling-face-fit\finn\Victory-end.png'
02:30.094  render           | Video append frame 1
02:30.125  render           | Video append frame 2
02:30.156  render           | Video append frame 3
02:30.187  render           | Video append frame 4
02:30.203  render           | Video append frame 5
02:30.234  render           | Video append frame 6
02:30.266  render           | Video append frame 7
02:30.281  render           | Video append frame 8
02:30.312  render           | Video append frame 9
02:30.344  render           | Video append frame 10
02:30.375  render           | Video append frame 11
02:30.406  render           | Video append frame 12
02:30.422  render           | Video append frame 13
02:30.453  render           | Video append frame 14
02:30.484  render           | Video append frame 15
02:30.500  render           | Video append frame 16
02:30.531  render           | Video append frame 17
02:30.562  render           | Video append frame 18
02:30.578  render           | Video append frame 19
02:30.609  render           | Video append frame 20
02:30.641  render           | Video append frame 21
02:30.656  render           | Video append frame 22
02:30.687  render           | Video append frame 23
02:30.703  render           | Video append frame 24
02:30.734  render           | Video append frame 25
02:30.750  render           | Video append frame 26
02:30.781  render           | Video append frame 27
02:30.812  render           | Video append frame 28
02:30.828  render           | Video append frame 29
02:30.859  render           | Video append frame 30
02:30.891  render           | Video append frame 31
02:30.922  render           | Video append frame 32
02:30.953  render           | Video append frame 33
02:30.969  render           | Video append frame 34
02:31.000  render           | Video append frame 35
02:31.031  render           | Video append frame 36
02:31.062  render           | Video append frame 37
02:31.078  render           | Video append frame 38
02:31.109  render           | Video append frame 39
02:31.141  render           | Video append frame 40
02:31.172  render           | Video append frame 41
02:31.203  render           | Video append frame 42
02:31.234  render           | Video append frame 43
02:31.266  render           | Video append frame 44
02:31.297  render           | Video append frame 45
02:31.312  render           | Video append frame 46
02:31.344  render           | Video append frame 47
02:31.375  render           | Video append frame 48
02:31.391  render           | Video append frame 49
02:31.422  render           | Video append frame 50
02:31.453  render           | Video append frame 51
02:31.484  render           | Video append frame 52
02:31.516  render           | Video append frame 53
02:31.547  render           | Video append frame 54
02:31.594  render           | Video append frame 55
02:31.625  render           | Video append frame 56
02:31.656  render           | Video append frame 57
02:31.703  render           | Video append frame 58
02:31.734  render           | Video append frame 59
02:31.766  render           | Video append frame 60
02:31.812  render           | Video append frame 61
02:31.844  render           | Video append frame 62
02:31.875  render           | Video append frame 63
02:31.891  render           | Video append frame 64
02:31.937  render           | Video append frame 65
02:31.953  render           | Video append frame 66
02:31.984  render           | Video append frame 67
02:32.016  render           | Video append frame 68
02:32.047  render           | Video append frame 69
02:32.062  render           | Video append frame 70
02:32.094  render           | Video append frame 71
02:32.125  render           | Video append frame 72
02:32.156  render           | Video append frame 73
02:32.187  render           | Video append frame 74
02:32.234  render           | Video append frame 75
02:32.266  render           | Video append frame 76
02:32.281  render           | Video append frame 77
02:32.312  render           | Video append frame 78
02:32.344  render           | Video append frame 79
02:32.391  render           | Video append frame 80
02:32.406  render           | Video append frame 81
02:32.437  render           | Video append frame 82
02:32.484  render           | Video append frame 83
02:32.531  render           | Video append frame 84
02:32.547  render           | Video append frame 85
02:32.578  render           | Video append frame 86
02:32.609  render           | Video append frame 87
02:32.656  render           | Video append frame 88
02:32.687  render           | Video append frame 89
02:32.719  render           | Video append frame 90
02:32.766  render           | Video append frame 91
02:32.797  render           | Video append frame 92
02:32.828  render           | Video append frame 93
02:32.875  render           | Video append frame 94
02:32.906  render           | Video append frame 95
02:32.937  render           | Video append frame 96
02:32.969  render           | Video append frame 97
02:33.016  render           | Video append frame 98
02:33.047  render           | Video append frame 99
02:33.078  render           | Video append frame 100
02:33.094  render           | Video append frame 101
02:33.125  render           | Video append frame 102
02:33.156  render           | Video append frame 103
02:33.187  render           | Video append frame 104
02:33.219  render           | Video append frame 105
02:33.250  render           | Video append frame 106
02:33.281  render           | Video append frame 107
02:33.297  render           | Video append frame 108
02:33.328  render           | Video append frame 109
02:33.359  render           | Video append frame 110
02:33.391  render           | Video append frame 111
02:33.406  render           | Video append frame 112
02:33.437  render           | Video append frame 113
02:33.453  render           | Video append frame 114
02:33.484  render           | Video append frame 115
02:33.516  render           | Video append frame 116
02:33.531  render           | Video append frame 117
02:33.562  render           | Video append frame 118
02:33.578  render           | Video append frame 119
02:33.594  render           | Video append frame 120
02:33.625  render           | Video append frame 121
02:33.672  render           | Video append frame 1
02:33.703  render           | Video append frame 2
02:33.719  render           | Video append frame 3
02:33.750  render           | Video append frame 4
02:33.766  render           | Video append frame 5
02:33.797  render           | Video append frame 6
02:33.812  render           | Video append frame 7
02:33.844  render           | Video append frame 8
02:33.875  render           | Video append frame 9
02:33.891  render           | Video append frame 10
02:33.922  render           | Video append frame 11
02:33.953  render           | Video append frame 12
02:33.984  render           | Video append frame 13
02:34.000  render           | Video append frame 14
02:34.031  render           | Video append frame 15
02:34.062  render           | Video append frame 16
02:34.078  render           | Video append frame 17
02:34.109  render           | Video append frame 18
02:34.141  render           | Video append frame 19
02:34.156  render           | Video append frame 20
02:34.187  render           | Video append frame 21
02:34.219  render           | Video append frame 22
02:34.234  render           | Video append frame 23
02:34.266  render           | Video append frame 24
02:34.297  render           | Video append frame 25
02:34.312  render           | Video append frame 26
02:34.344  render           | Video append frame 27
02:34.359  render           | Video append frame 28
02:34.391  render           | Video append frame 29
02:34.406  render           | Video append frame 30
02:34.437  render           | Video append frame 31
02:34.469  render           | Video append frame 32
02:34.484  render           | Video append frame 33
02:34.516  render           | Video append frame 34
02:34.531  render           | Video append frame 35
02:34.562  render           | Video append frame 36
02:34.594  render           | Video append frame 37
02:34.609  render           | Video append frame 38
02:34.641  render           | Video append frame 39
02:34.656  render           | Video append frame 40
02:34.687  render           | Video append frame 41
02:34.703  render           | Video append frame 42
02:34.734  render           | Video append frame 43
02:34.766  render           | Video append frame 44
02:34.781  render           | Video append frame 45
02:34.812  render           | Video append frame 46
02:34.844  render           | Video append frame 47
02:34.859  render           | Video append frame 48
02:34.891  render           | Video append frame 49
02:34.906  render           | Video append frame 50
02:34.937  render           | Video append frame 51
02:34.953  render           | Video append frame 52
02:34.984  render           | Video append frame 53
02:35.016  render           | Video append frame 54
02:35.031  render           | Video append frame 55
02:35.062  render           | Video append frame 56
02:35.078  render           | Video append frame 57
02:35.109  render           | Video append frame 58
02:35.125  render           | Video append frame 59
02:35.141  render           | Video append frame 60
02:35.172  render           | Video append frame 61
02:35.219  render           | Video append frame 1
02:35.250  render           | Video append frame 2
02:35.266  render           | Video append frame 3
02:35.297  render           | Video append frame 4
02:35.312  render           | Video append frame 5
02:35.328  render           | Video append frame 6
02:35.359  render           | Video append frame 7
02:35.375  render           | Video append frame 8
02:35.406  render           | Video append frame 9
02:35.422  render           | Video append frame 10
02:35.437  render           | Video append frame 11
02:35.469  render           | Video append frame 12
02:35.484  render           | Video append frame 13
02:35.516  render           | Video append frame 14
02:35.547  render           | Video append frame 15
02:35.562  render           | Video append frame 16
02:35.594  render           | Video append frame 17
02:35.625  render           | Video append frame 18
02:35.641  render           | Video append frame 19
02:35.672  render           | Video append frame 20
02:35.687  render           | Video append frame 21
02:35.719  render           | Video append frame 22
02:35.750  render           | Video append frame 23
02:35.766  render           | Video append frame 24
02:35.797  render           | Video append frame 25
02:35.812  render           | Video append frame 26
02:35.844  render           | Video append frame 27
02:35.875  render           | Video append frame 28
02:35.891  render           | Video append frame 29
02:35.922  render           | Video append frame 30
02:35.953  render           | Video append frame 31
02:35.969  render           | Video append frame 32
02:36.000  render           | Video append frame 33
02:36.031  render           | Video append frame 34
02:36.047  render           | Video append frame 35
02:36.078  render           | Video append frame 36
02:36.109  render           | Video append frame 37
02:36.125  render           | Video append frame 38
02:36.141  render           | Video append frame 39
02:36.172  render           | Video append frame 40
02:36.203  render           | Video append frame 41
02:36.219  render           | Video append frame 42
02:36.250  render           | Video append frame 43
02:36.312  render           | Video append frame 1
02:36.328  render           | Video append frame 2
02:36.359  render           | Video append frame 3
02:36.375  render           | Video append frame 4
02:36.406  render           | Video append frame 5
02:36.422  render           | Video append frame 6
02:36.453  render           | Video append frame 7
02:36.469  render           | Video append frame 8
02:36.500  render           | Video append frame 9
02:36.516  render           | Video append frame 10
02:36.547  render           | Video append frame 11
02:36.562  render           | Video append frame 12
02:36.594  render           | Video append frame 13
02:36.609  render           | Video append frame 14
02:36.641  render           | Video append frame 15
02:36.656  render           | Video append frame 16
02:36.687  render           | Video append frame 17
02:36.703  render           | Video append frame 18
02:36.734  render           | Video append frame 19
02:36.750  render           | Video append frame 20
02:36.781  render           | Video append frame 21
02:36.797  render           | Video append frame 22
02:36.828  render           | Video append frame 23
02:36.859  render           | Video append frame 24
02:36.875  render           | Video append frame 25
02:36.906  render           | Video append frame 26
02:36.937  render           | Video append frame 27
02:36.953  render           | Video append frame 28
02:36.984  render           | Video append frame 29
02:37.016  render           | Video append frame 30
02:37.031  render           | Video append frame 31
02:37.062  render           | Video append frame 32
02:37.094  render           | Video append frame 33
02:37.125  render           | Video append frame 34
02:37.141  render           | Video append frame 35
02:37.172  render           | Video append frame 36
02:37.187  render           | Video append frame 37
02:37.266  render           | Video append frame 1
02:37.281  render           | Video append frame 2
02:37.328  render           | Video append frame 3
02:37.594  render           | Video append frame 4
02:37.625  render           | Video append frame 5
02:37.656  render           | Video append frame 6
02:37.703  render           | Video append frame 7
02:37.734  render           | Video append frame 8
02:37.750  render           | Video append frame 9
02:37.781  render           | Video append frame 10
02:37.812  render           | Video append frame 11
02:37.875  render           | Video append frame 12
02:37.953  render           | Video append frame 13
02:38.000  render           | Video append frame 14
02:38.031  render           | Video append frame 15
02:38.078  render           | Video append frame 16
02:38.109  render           | Video append frame 17
02:38.141  render           | Video append frame 18
02:38.172  render           | Video append frame 19
02:38.187  render           | Video append frame 20
02:38.219  render           | Video append frame 21
02:38.250  render           | Video append frame 22
02:38.281  render           | Video append frame 23
02:38.312  render           | Video append frame 24
02:38.344  render           | Video append frame 25
02:38.406  render           | Video append frame 1
02:38.422  render           | Video append frame 2
02:38.469  render           | Video append frame 3
02:38.500  render           | Video append frame 4
02:38.562  render           | Video append frame 5
02:38.594  render           | Video append frame 6
02:38.609  render           | Video append frame 7
02:38.656  render           | Video append frame 8
02:38.687  render           | Video append frame 9
02:38.703  render           | Video append frame 10
02:38.734  render           | Video append frame 11
02:38.766  render           | Video append frame 12
02:38.812  render           | Video append frame 13
02:38.844  render           | Video append frame 14
02:38.875  render           | Video append frame 15
02:38.906  render           | Video append frame 16
02:38.937  render           | Video append frame 17
02:38.984  render           | Video append frame 18
02:39.047  render           | Video append frame 19
02:39.094  render           | Video append frame 20
02:39.125  render           | Video append frame 21
02:39.156  render           | Video append frame 22
02:39.203  render           | Video append frame 23
02:39.234  render           | Video append frame 24
02:39.281  render           | Video append frame 25
02:39.312  render           | Video append frame 26
02:39.344  render           | Video append frame 27
02:39.375  render           | Video append frame 28
02:39.406  render           | Video append frame 29
02:39.437  render           | Video append frame 30
02:39.469  render           | Video append frame 31
02:39.500  render           | Video append frame 32
02:39.531  render           | Video append frame 33
02:39.562  render           | Video append frame 34
02:39.594  render           | Video append frame 35
02:39.625  render           | Video append frame 36
02:39.641  render           | Video append frame 37
02:39.672  render           | Video append frame 38
02:39.687  render           | Video append frame 39
02:39.719  render           | Video append frame 40
02:39.750  render           | Video append frame 41
02:39.781  render           | Video append frame 42
02:39.797  render           | Video append frame 43
02:39.828  render           | Video append frame 44
02:39.859  render           | Video append frame 45
02:39.891  render           | Video append frame 46
02:39.922  render           | Video append frame 47
02:39.953  render           | Video append frame 48
02:39.969  render           | Video append frame 49
02:40.016  render           | Video append frame 50
02:40.047  render           | Video append frame 51
02:40.062  render           | Video append frame 52
02:40.109  render           | Video append frame 53
02:40.125  render           | Video append frame 54
02:40.156  render           | Video append frame 55
02:40.187  render           | Video append frame 56
02:40.219  render           | Video append frame 57
02:40.250  render           | Video append frame 58
02:40.266  render           | Video append frame 59
02:40.297  render           | Video append frame 60
02:40.312  render           | Video append frame 61
02:40.375  render           | Video append frame 1
02:40.391  render           | Video append frame 2
02:40.422  render           | Video append frame 3
02:40.437  render           | Video append frame 4
02:40.469  render           | Video append frame 5
02:40.500  render           | Video append frame 6
02:40.562  render           | Video append frame 7
02:40.594  render           | Video append frame 8
02:40.625  render           | Video append frame 9
02:40.656  render           | Video append frame 10
02:40.672  render           | Video append frame 11
02:40.703  render           | Video append frame 12
02:40.719  render           | Video append frame 13
02:40.750  render           | Video append frame 14
02:40.781  render           | Video append frame 15
02:40.812  render           | Video append frame 16
02:40.828  render           | Video append frame 17
02:40.859  render           | Video append frame 18
02:40.875  render           | Video append frame 19
02:40.891  render           | Video append frame 20
02:40.922  render           | Video append frame 21
02:40.937  render           | Video append frame 22
02:40.969  render           | Video append frame 23
02:41.000  render           | Video append frame 24
02:41.031  render           | Video append frame 25
02:41.062  render           | Video append frame 26
02:41.094  render           | Video append frame 27
02:41.125  render           | Video append frame 28
02:41.156  render           | Video append frame 29
02:41.187  render           | Video append frame 30
02:41.203  render           | Video append frame 31
02:41.234  render           | Video append frame 32
02:41.266  render           | Video append frame 33
02:41.297  render           | Video append frame 34
02:41.328  render           | Video append frame 35
02:41.359  render           | Video append frame 36
02:41.375  render           | Video append frame 37
02:41.406  render           | Video append frame 38
02:41.437  render           | Video append frame 39
02:41.469  render           | Video append frame 40
02:41.484  render           | Video append frame 41
02:41.531  render           | Video append frame 42
02:41.562  render           | Video append frame 43
02:41.594  render           | Video append frame 44
02:41.625  render           | Video append frame 45
02:41.656  render           | Video append frame 46
02:41.672  render           | Video append frame 47
02:41.703  render           | Video append frame 48
02:41.719  render           | Video append frame 49
02:41.750  render           | Video append frame 50
02:41.781  render           | Video append frame 51
02:41.797  render           | Video append frame 52
02:41.828  render           | Video append frame 53
02:41.844  render           | Video append frame 54
02:41.875  render           | Video append frame 55
02:41.906  render           | Video append frame 56
02:41.922  render           | Video append frame 57
02:41.953  render           | Video append frame 58
02:41.984  render           | Video append frame 59
02:42.000  render           | Video append frame 60
02:42.031  render           | Video append frame 61
02:42.062  render           | Video append frame 62
02:42.094  render           | Video append frame 63
02:42.141  render           | Video append frame 64
02:42.187  render           | Video append frame 65
02:42.234  render           | Video append frame 66
02:42.281  render           | Video append frame 67
02:42.312  render           | Video append frame 68
02:42.344  render           | Video append frame 69
02:42.375  render           | Video append frame 70
02:42.406  render           | Video append frame 71
02:42.437  render           | Video append frame 72
02:42.453  render           | Video append frame 73
02:42.484  render           | Video append frame 74
02:42.500  render           | Video append frame 75
02:42.531  render           | Video append frame 76
02:42.562  render           | Video append frame 77
02:42.609  render           | Video append frame 78
02:42.625  render           | Video append frame 79
02:42.656  render           | Video append frame 80
02:42.672  render           | Video append frame 81
02:42.703  render           | Video append frame 82
02:42.734  render           | Video append frame 83
02:42.750  render           | Video append frame 84
02:42.781  render           | Video append frame 85
02:42.797  render           | Video append frame 86
02:42.828  render           | Video append frame 87
02:42.859  render           | Video append frame 88
02:42.875  render           | Video append frame 89
02:42.906  render           | Video append frame 90
02:42.922  render           | Video append frame 91

FBX export starting... 'C:\\Users\\iputu\\Documents\\Wonder Chess\\exports\\heroes\\wc_u_halfling_ranger\\SK_wc_u_halfling_ranger.fbx'
(bpy.data.armatures['WC_humanoid_small_v1.001'], 'POSE')
export finished in 0.0923 sec.
Info: Applied modifier was not first, result may not be as expected

FBX export starting... 'C:\\Users\\iputu\\Documents\\Wonder Chess\\exports\\heroes\\wc_u_halfling_ranger\\SK_wc_u_halfling_ranger_LOD1.fbx'
(bpy.data.armatures['WC_humanoid_small_v1.001'], 'POSE')
export finished in 0.0601 sec.
Info: Applied modifier was not first, result may not be as expected

FBX export starting... 'C:\\Users\\iputu\\Documents\\Wonder Chess\\exports\\heroes\\wc_u_halfling_ranger\\SK_wc_u_halfling_ranger_LOD2.fbx'
(bpy.data.armatures['WC_humanoid_small_v1.001'], 'POSE')
export finished in 0.0507 sec.

FBX export starting... 'C:\\Users\\iputu\\Documents\\Wonder Chess\\exports\\heroes\\wc_u_halfling_ranger\\SK_wc_u_halfling_ranger_LOD1.fbx'
(bpy.data.armatures['WC_humanoid_small_v1.001'], 'POSE')
export finished in 0.0609 sec.

FBX export starting... 'C:\\Users\\iputu\\Documents\\Wonder Chess\\exports\\heroes\\wc_u_halfling_ranger\\SK_wc_u_halfling_ranger_LOD2.fbx'
(bpy.data.armatures['WC_humanoid_small_v1.001'], 'POSE')
export finished in 0.0487 sec.

FBX export starting... 'C:\\Users\\iputu\\Documents\\Wonder Chess\\exports\\heroes\\wc_u_halfling_ranger\\AN_wc_u_halfling_ranger_Idle.fbx'
export finished in 0.3552 sec.

FBX export starting... 'C:\\Users\\iputu\\Documents\\Wonder Chess\\exports\\heroes\\wc_u_halfling_ranger\\AN_wc_u_halfling_ranger_Move.fbx'
export finished in 0.1865 sec.

FBX export starting... 'C:\\Users\\iputu\\Documents\\Wonder Chess\\exports\\heroes\\wc_u_halfling_ranger\\AN_wc_u_halfling_ranger_Attack.fbx'
export finished in 0.1510 sec.

FBX export starting... 'C:\\Users\\iputu\\Documents\\Wonder Chess\\exports\\heroes\\wc_u_halfling_ranger\\AN_wc_u_halfling_ranger_Active.fbx'
export finished in 0.1278 sec.

FBX export starting... 'C:\\Users\\iputu\\Documents\\Wonder Chess\\exports\\heroes\\wc_u_halfling_ranger\\AN_wc_u_halfling_ranger_Hit.fbx'
export finished in 0.0910 sec.

FBX export starting... 'C:\\Users\\iputu\\Documents\\Wonder Chess\\exports\\heroes\\wc_u_halfling_ranger\\AN_wc_u_halfling_ranger_Defeat.fbx'
export finished in 0.1540 sec.

FBX export starting... 'C:\\Users\\iputu\\Documents\\Wonder Chess\\exports\\heroes\\wc_u_halfling_ranger\\AN_wc_u_halfling_ranger_Victory.fbx'
export finished in 0.2250 sec.
Info: Saved as "wc_u_halfling_ranger.blend"
{
  "status": "structural_checks_passed_visual_review_required",
  "blender_version": "5.1.1",
  "collection": "EXPORT",
  "evaluated_triangle_total": 6996,
  "objects": [
    {
      "name": "Armature",
      "type": "ARMATURE",
      "scale": [
        1.0,
        1.0,
        1.0
      ],
      "dimensions": [
        0.48807966709136963,
        0.27000001072883606,
        1.1577601432800293
      ],
      "roots": [
        "root"
      ],
      "deform_bones": 27
    },
    {
      "name": "SK_wc_u_halfling_ranger",
      "type": "MESH",
      "scale": [
        1.0,
        1.0,
        1.0
      ],
      "dimensions": [
        0.5902254581451416,
        0.345839262008667,
        1.0789198875427246
      ],
      "evaluated_triangles": 6996,
      "material_slots": 1,
      "uv_layers": 1,
      "skin_checks": {
        "unweighted": 0,
        "excess_influences": 0,
        "unnormalized": 0
      }
    }
  ],
  "errors": [],
  "warnings": [],
  "not_checked": [
    "appearance",
    "deformation across all clips",
    "UV overlap appropriateness",
    "normal-map convention",
    "Unreal import",
    "LOD silhouette",
    "gameplay readability"
  ]
}
{
  "status": "sampled_motion_invariants_passed",
  "unit_id": "wc_u_halfling_ranger",
  "blender_version": "5.1.1",
  "sampling": "actual deformed mesh every 3 frames at 60fps",
  "clips": [
    {
      "clip": "Idle",
      "samples": 41,
      "minimum_support_sole_z_m": 1.7430334953161264e-09,
      "maximum_support_sole_z_m": 1.7430334953161264e-09,
      "max_root_translation_m": 0,
      "max_pose_scale_error": 0
    },
    {
      "clip": "Move",
      "samples": 21,
      "minimum_support_sole_z_m": -1.6364079868935733e-08,
      "maximum_support_sole_z_m": 3.170947593389428e-08,
      "max_root_translation_m": 0,
      "max_pose_scale_error": 0
    },
    {
      "clip": "Attack",
      "samples": 15,
      "minimum_support_sole_z_m": 1.7430334953161264e-09,
      "maximum_support_sole_z_m": 1.7430334953161264e-09,
      "max_root_translation_m": 0,
      "max_pose_scale_error": 0
    },
    {
      "clip": "Active",
      "samples": 13,
      "minimum_support_sole_z_m": 1.7430334953161264e-09,
      "maximum_support_sole_z_m": 1.7430334953161264e-09,
      "max_root_translation_m": 0,
      "max_pose_scale_error": 0
    },
    {
      "clip": "Hit",
      "samples": 9,
      "minimum_support_sole_z_m": -4.8860687940077696e-08,
      "maximum_support_sole_z_m": 1.4783513080374178e-08,
      "max_root_translation_m": 0,
      "max_pose_scale_error": 0
    },
    {
      "clip": "Defeat",
      "samples": 21,
      "minimum_support_sole_z_m": -5.6546934246171077e-08,
      "maximum_support_sole_z_m": 1.815154959672327e-08,
      "max_root_translation_m": 0,
      "max_pose_scale_error": 0
    },
    {
      "clip": "Victory",
      "samples": 31,
      "minimum_support_sole_z_m": 1.7430334953161264e-09,
      "maximum_support_sole_z_m": 1.7430334953161264e-09,
      "max_root_translation_m": 0,
      "max_pose_scale_error": 0
    }
  ],
  "errors": [],
  "not_checked": [
    "continuous visual quality",
    "weapon/costume clipping",
    "semantic gesture review",
    "Unreal retarget/import",
    "runtime move-speed synchronization"
  ]
}
WC_HALFLING_EXPORTED {"unit": "wc_u_halfling_ranger", "report": "C:\\Users\\iputu\\Documents\\Wonder Chess\\reports\\WC-U440\\20260906T162841Z\\halfling-face-fit\\finn", "triangles": 6996}
Blender 5.1.1 (hash b70da489d7f4 built 2026-04-14 01:37:22)

Blender quit
