00:02.391  blend            | Read blend: "C:\Users\iputu\Documents\Wonder Chess\art-source\asset-studio\wc_u_human_guardian\stages\body-costume\BW1\r001\ada_body_costume_checkpoint_r001_ART_REVISE.blend"
C:\Users\iputu\Documents\Wonder Chess\art-source\asset-studio\wc_u_human_guardian\stages\body-costume\BW1\r001\motion-final\render_motion.py:21: DeprecationWarning: 'Scene.use_nodes' is expected to be removed in Blender 6.0
  scene.render.film_transparent=False;scene.use_nodes=False
00:04.516  render           | Saved: 'C:\Users\iputu\Documents\Wonder Chess\art-source\asset-studio\wc_u_human_guardian\stages\body-costume\BW1\r001\motion-final\frames\frame_0001.png'
00:06.922  render           | Saved: 'C:\Users\iputu\Documents\Wonder Chess\art-source\asset-studio\wc_u_human_guardian\stages\body-costume\BW1\r001\motion-final\frames\frame_0002.png'
00:07.094  render           | Saved: 'C:\Users\iputu\Documents\Wonder Chess\art-source\asset-studio\wc_u_human_guardian\stages\body-costume\BW1\r001\motion-final\frames\frame_0003.png'
00:07.266  render           | Saved: 'C:\Users\iputu\Documents\Wonder Chess\art-source\asset-studio\wc_u_human_guardian\stages\body-costume\BW1\r001\motion-final\frames\frame_0004.png'
00:07.438  render           | Saved: 'C:\Users\iputu\Documents\Wonder Chess\art-source\asset-studio\wc_u_human_guardian\stages\body-costume\BW1\r001\motion-final\frames\frame_0005.png'
00:07.610  render           | Saved: 'C:\Users\iputu\Documents\Wonder Chess\art-source\asset-studio\wc_u_human_guardian\stages\body-costume\BW1\r001\motion-final\frames\frame_0006.png'
00:07.782  render           | Saved: 'C:\Users\iputu\Documents\Wonder Chess\art-source\asset-studio\wc_u_human_guardian\stages\body-costume\BW1\r001\motion-final\frames\frame_0007.png'
00:07.954  render           | Saved: 'C:\Users\iputu\Documents\Wonder Chess\art-source\asset-studio\wc_u_human_guardian\stages\body-costume\BW1\r001\motion-final\frames\frame_0008.png'
00:08.125  render           | Saved: 'C:\Users\iputu\Documents\Wonder Chess\art-source\asset-studio\wc_u_human_guardian\stages\body-costume\BW1\r001\motion-final\frames\frame_0009.png'
00:08.297  render           | Saved: 'C:\Users\iputu\Documents\Wonder Chess\art-source\asset-studio\wc_u_human_guardian\stages\body-costume\BW1\r001\motion-final\frames\frame_0010.png'
00:08.469  render           | Saved: 'C:\Users\iputu\Documents\Wonder Chess\art-source\asset-studio\wc_u_human_guardian\stages\body-costume\BW1\r001\motion-final\frames\frame_0011.png'
00:08.641  render           | Saved: 'C:\Users\iputu\Documents\Wonder Chess\art-source\asset-studio\wc_u_human_guardian\stages\body-costume\BW1\r001\motion-final\frames\frame_0012.png'
00:08.844  render           | Saved: 'C:\Users\iputu\Documents\Wonder Chess\art-source\asset-studio\wc_u_human_guardian\stages\body-costume\BW1\r001\motion-final\frames\frame_0013.png'
00:09.000  render           | Saved: 'C:\Users\iputu\Documents\Wonder Chess\art-source\asset-studio\wc_u_human_guardian\stages\body-costume\BW1\r001\motion-final\frames\frame_0014.png'
00:09.172  render           | Saved: 'C:\Users\iputu\Documents\Wonder Chess\art-source\asset-studio\wc_u_human_guardian\stages\body-costume\BW1\r001\motion-final\frames\frame_0015.png'
00:09.360  render           | Saved: 'C:\Users\iputu\Documents\Wonder Chess\art-source\asset-studio\wc_u_human_guardian\stages\body-costume\BW1\r001\motion-final\frames\frame_0016.png'
00:09.532  render           | Saved: 'C:\Users\iputu\Documents\Wonder Chess\art-source\asset-studio\wc_u_human_guardian\stages\body-costume\BW1\r001\motion-final\frames\frame_0017.png'
00:09.704  render           | Saved: 'C:\Users\iputu\Documents\Wonder Chess\art-source\asset-studio\wc_u_human_guardian\stages\body-costume\BW1\r001\motion-final\frames\frame_0018.png'
00:09.875  render           | Saved: 'C:\Users\iputu\Documents\Wonder Chess\art-source\asset-studio\wc_u_human_guardian\stages\body-costume\BW1\r001\motion-final\frames\frame_0019.png'
00:10.032  render           | Saved: 'C:\Users\iputu\Documents\Wonder Chess\art-source\asset-studio\wc_u_human_guardian\stages\body-costume\BW1\r001\motion-final\frames\frame_0020.png'
00:10.219  render           | Saved: 'C:\Users\iputu\Documents\Wonder Chess\art-source\asset-studio\wc_u_human_guardian\stages\body-costume\BW1\r001\motion-final\frames\frame_0021.png'
00:10.391  render           | Saved: 'C:\Users\iputu\Documents\Wonder Chess\art-source\asset-studio\wc_u_human_guardian\stages\body-costume\BW1\r001\motion-final\frames\frame_0022.png'
00:10.563  render           | Saved: 'C:\Users\iputu\Documents\Wonder Chess\art-source\asset-studio\wc_u_human_guardian\stages\body-costume\BW1\r001\motion-final\frames\frame_0023.png'
00:10.750  render           | Saved: 'C:\Users\iputu\Documents\Wonder Chess\art-source\asset-studio\wc_u_human_guardian\stages\body-costume\BW1\r001\motion-final\frames\frame_0024.png'
00:10.922  render           | Saved: 'C:\Users\iputu\Documents\Wonder Chess\art-source\asset-studio\wc_u_human_guardian\stages\body-costume\BW1\r001\motion-final\frames\frame_0025.png'
00:11.110  render           | Saved: 'C:\Users\iputu\Documents\Wonder Chess\art-source\asset-studio\wc_u_human_guardian\stages\body-costume\BW1\r001\motion-final\frames\frame_0026.png'
00:11.282  render           | Saved: 'C:\Users\iputu\Documents\Wonder Chess\art-source\asset-studio\wc_u_human_guardian\stages\body-costume\BW1\r001\motion-final\frames\frame_0027.png'
00:11.469  render           | Saved: 'C:\Users\iputu\Documents\Wonder Chess\art-source\asset-studio\wc_u_human_guardian\stages\body-costume\BW1\r001\motion-final\frames\frame_0028.png'
00:11.641  render           | Saved: 'C:\Users\iputu\Documents\Wonder Chess\art-source\asset-studio\wc_u_human_guardian\stages\body-costume\BW1\r001\motion-final\frames\frame_0029.png'
00:11.844  render           | Saved: 'C:\Users\iputu\Documents\Wonder Chess\art-source\asset-studio\wc_u_human_guardian\stages\body-costume\BW1\r001\motion-final\frames\frame_0030.png'
00:12.032  render           | Saved: 'C:\Users\iputu\Documents\Wonder Chess\art-source\asset-studio\wc_u_human_guardian\stages\body-costume\BW1\r001\motion-final\frames\frame_0031.png'
00:12.204  render           | Saved: 'C:\Users\iputu\Documents\Wonder Chess\art-source\asset-studio\wc_u_human_guardian\stages\body-costume\BW1\r001\motion-final\frames\frame_0032.png'
00:12.375  render           | Saved: 'C:\Users\iputu\Documents\Wonder Chess\art-source\asset-studio\wc_u_human_guardian\stages\body-costume\BW1\r001\motion-final\frames\frame_0033.png'
00:12.563  render           | Saved: 'C:\Users\iputu\Documents\Wonder Chess\art-source\asset-studio\wc_u_human_guardian\stages\body-costume\BW1\r001\motion-final\frames\frame_0034.png'
00:12.735  render           | Saved: 'C:\Users\iputu\Documents\Wonder Chess\art-source\asset-studio\wc_u_human_guardian\stages\body-costume\BW1\r001\motion-final\frames\frame_0035.png'
00:12.891  render           | Saved: 'C:\Users\iputu\Documents\Wonder Chess\art-source\asset-studio\wc_u_human_guardian\stages\body-costume\BW1\r001\motion-final\frames\frame_0036.png'
00:13.079  render           | Saved: 'C:\Users\iputu\Documents\Wonder Chess\art-source\asset-studio\wc_u_human_guardian\stages\body-costume\BW1\r001\motion-final\frames\frame_0037.png'
00:13.313  render           | Saved: 'C:\Users\iputu\Documents\Wonder Chess\art-source\asset-studio\wc_u_human_guardian\stages\body-costume\BW1\r001\motion-final\frames\frame_0038.png'
00:13.532  render           | Saved: 'C:\Users\iputu\Documents\Wonder Chess\art-source\asset-studio\wc_u_human_guardian\stages\body-costume\BW1\r001\motion-final\frames\frame_0039.png'
00:13.766  render           | Saved: 'C:\Users\iputu\Documents\Wonder Chess\art-source\asset-studio\wc_u_human_guardian\stages\body-costume\BW1\r001\motion-final\frames\frame_0040.png'
00:14.094  render           | Saved: 'C:\Users\iputu\Documents\Wonder Chess\art-source\asset-studio\wc_u_human_guardian\stages\body-costume\BW1\r001\motion-final\frames\frame_0041.png'
00:14.282  render           | Saved: 'C:\Users\iputu\Documents\Wonder Chess\art-source\asset-studio\wc_u_human_guardian\stages\body-costume\BW1\r001\motion-final\frames\frame_0042.png'
00:14.485  render           | Saved: 'C:\Users\iputu\Documents\Wonder Chess\art-source\asset-studio\wc_u_human_guardian\stages\body-costume\BW1\r001\motion-final\frames\frame_0043.png'
00:14.672  render           | Saved: 'C:\Users\iputu\Documents\Wonder Chess\art-source\asset-studio\wc_u_human_guardian\stages\body-costume\BW1\r001\motion-final\frames\frame_0044.png'
00:14.829  render           | Saved: 'C:\Users\iputu\Documents\Wonder Chess\art-source\asset-studio\wc_u_human_guardian\stages\body-costume\BW1\r001\motion-final\frames\frame_0045.png'
00:15.000  render           | Saved: 'C:\Users\iputu\Documents\Wonder Chess\art-source\asset-studio\wc_u_human_guardian\stages\body-costume\BW1\r001\motion-final\frames\frame_0046.png'
00:15.157  render           | Saved: 'C:\Users\iputu\Documents\Wonder Chess\art-source\asset-studio\wc_u_human_guardian\stages\body-costume\BW1\r001\motion-final\frames\frame_0047.png'
00:15.329  render           | Saved: 'C:\Users\iputu\Documents\Wonder Chess\art-source\asset-studio\wc_u_human_guardian\stages\body-costume\BW1\r001\motion-final\frames\frame_0048.png'
00:15.500  render           | Saved: 'C:\Users\iputu\Documents\Wonder Chess\art-source\asset-studio\wc_u_human_guardian\stages\body-costume\BW1\r001\motion-final\frames\frame_0049.png'
00:15.672  render           | Saved: 'C:\Users\iputu\Documents\Wonder Chess\art-source\asset-studio\wc_u_human_guardian\stages\body-costume\BW1\r001\motion-final\frames\frame_0050.png'
00:15.860  render           | Saved: 'C:\Users\iputu\Documents\Wonder Chess\art-source\asset-studio\wc_u_human_guardian\stages\body-costume\BW1\r001\motion-final\frames\frame_0051.png'
00:16.032  render           | Saved: 'C:\Users\iputu\Documents\Wonder Chess\art-source\asset-studio\wc_u_human_guardian\stages\body-costume\BW1\r001\motion-final\frames\frame_0052.png'
00:16.219  render           | Saved: 'C:\Users\iputu\Documents\Wonder Chess\art-source\asset-studio\wc_u_human_guardian\stages\body-costume\BW1\r001\motion-final\frames\frame_0053.png'
00:16.407  render           | Saved: 'C:\Users\iputu\Documents\Wonder Chess\art-source\asset-studio\wc_u_human_guardian\stages\body-costume\BW1\r001\motion-final\frames\frame_0054.png'
00:16.610  render           | Saved: 'C:\Users\iputu\Documents\Wonder Chess\art-source\asset-studio\wc_u_human_guardian\stages\body-costume\BW1\r001\motion-final\frames\frame_0055.png'
00:16.782  render           | Saved: 'C:\Users\iputu\Documents\Wonder Chess\art-source\asset-studio\wc_u_human_guardian\stages\body-costume\BW1\r001\motion-final\frames\frame_0056.png'
00:16.969  render           | Saved: 'C:\Users\iputu\Documents\Wonder Chess\art-source\asset-studio\wc_u_human_guardian\stages\body-costume\BW1\r001\motion-final\frames\frame_0057.png'
00:17.141  render           | Saved: 'C:\Users\iputu\Documents\Wonder Chess\art-source\asset-studio\wc_u_human_guardian\stages\body-costume\BW1\r001\motion-final\frames\frame_0058.png'
00:17.329  render           | Saved: 'C:\Users\iputu\Documents\Wonder Chess\art-source\asset-studio\wc_u_human_guardian\stages\body-costume\BW1\r001\motion-final\frames\frame_0059.png'
00:17.563  render           | Saved: 'C:\Users\iputu\Documents\Wonder Chess\art-source\asset-studio\wc_u_human_guardian\stages\body-costume\BW1\r001\motion-final\frames\frame_0060.png'
00:17.844  render           | Saved: 'C:\Users\iputu\Documents\Wonder Chess\art-source\asset-studio\wc_u_human_guardian\stages\body-costume\BW1\r001\motion-final\frames\frame_0061.png'
00:18.047  render           | Saved: 'C:\Users\iputu\Documents\Wonder Chess\art-source\asset-studio\wc_u_human_guardian\stages\body-costume\BW1\r001\motion-final\frames\frame_0062.png'
00:18.282  render           | Saved: 'C:\Users\iputu\Documents\Wonder Chess\art-source\asset-studio\wc_u_human_guardian\stages\body-costume\BW1\r001\motion-final\frames\frame_0063.png'
00:18.485  render           | Saved: 'C:\Users\iputu\Documents\Wonder Chess\art-source\asset-studio\wc_u_human_guardian\stages\body-costume\BW1\r001\motion-final\frames\frame_0064.png'
00:18.672  render           | Saved: 'C:\Users\iputu\Documents\Wonder Chess\art-source\asset-studio\wc_u_human_guardian\stages\body-costume\BW1\r001\motion-final\frames\frame_0065.png'
00:18.875  render           | Saved: 'C:\Users\iputu\Documents\Wonder Chess\art-source\asset-studio\wc_u_human_guardian\stages\body-costume\BW1\r001\motion-final\frames\frame_0066.png'
00:19.063  render           | Saved: 'C:\Users\iputu\Documents\Wonder Chess\art-source\asset-studio\wc_u_human_guardian\stages\body-costume\BW1\r001\motion-final\frames\frame_0067.png'
00:19.250  render           | Saved: 'C:\Users\iputu\Documents\Wonder Chess\art-source\asset-studio\wc_u_human_guardian\stages\body-costume\BW1\r001\motion-final\frames\frame_0068.png'
00:19.454  render           | Saved: 'C:\Users\iputu\Documents\Wonder Chess\art-source\asset-studio\wc_u_human_guardian\stages\body-costume\BW1\r001\motion-final\frames\frame_0069.png'
00:19.657  render           | Saved: 'C:\Users\iputu\Documents\Wonder Chess\art-source\asset-studio\wc_u_human_guardian\stages\body-costume\BW1\r001\motion-final\frames\frame_0070.png'
00:19.829  render           | Saved: 'C:\Users\iputu\Documents\Wonder Chess\art-source\asset-studio\wc_u_human_guardian\stages\body-costume\BW1\r001\motion-final\frames\frame_0071.png'
00:20.000  render           | Saved: 'C:\Users\iputu\Documents\Wonder Chess\art-source\asset-studio\wc_u_human_guardian\stages\body-costume\BW1\r001\motion-final\frames\frame_0072.png'
00:20.219  render           | Saved: 'C:\Users\iputu\Documents\Wonder Chess\art-source\asset-studio\wc_u_human_guardian\stages\body-costume\BW1\r001\motion-final\frames\frame_0073.png'
00:20.407  render           | Saved: 'C:\Users\iputu\Documents\Wonder Chess\art-source\asset-studio\wc_u_human_guardian\stages\body-costume\BW1\r001\motion-final\frames\frame_0074.png'
00:20.641  render           | Saved: 'C:\Users\iputu\Documents\Wonder Chess\art-source\asset-studio\wc_u_human_guardian\stages\body-costume\BW1\r001\motion-final\frames\frame_0075.png'
00:20.860  render           | Saved: 'C:\Users\iputu\Documents\Wonder Chess\art-source\asset-studio\wc_u_human_guardian\stages\body-costume\BW1\r001\motion-final\frames\frame_0076.png'
00:21.079  render           | Saved: 'C:\Users\iputu\Documents\Wonder Chess\art-source\asset-studio\wc_u_human_guardian\stages\body-costume\BW1\r001\motion-final\frames\frame_0077.png'
00:21.329  render           | Saved: 'C:\Users\iputu\Documents\Wonder Chess\art-source\asset-studio\wc_u_human_guardian\stages\body-costume\BW1\r001\motion-final\frames\frame_0078.png'
00:21.532  render           | Saved: 'C:\Users\iputu\Documents\Wonder Chess\art-source\asset-studio\wc_u_human_guardian\stages\body-costume\BW1\r001\motion-final\frames\frame_0079.png'
00:21.750  render           | Saved: 'C:\Users\iputu\Documents\Wonder Chess\art-source\asset-studio\wc_u_human_guardian\stages\body-costume\BW1\r001\motion-final\frames\frame_0080.png'
00:21.954  render           | Saved: 'C:\Users\iputu\Documents\Wonder Chess\art-source\asset-studio\wc_u_human_guardian\stages\body-costume\BW1\r001\motion-final\frames\frame_0081.png'
00:22.157  render           | Saved: 'C:\Users\iputu\Documents\Wonder Chess\art-source\asset-studio\wc_u_human_guardian\stages\body-costume\BW1\r001\motion-final\frames\frame_0082.png'
00:22.344  render           | Saved: 'C:\Users\iputu\Documents\Wonder Chess\art-source\asset-studio\wc_u_human_guardian\stages\body-costume\BW1\r001\motion-final\frames\frame_0083.png'
00:22.579  render           | Saved: 'C:\Users\iputu\Documents\Wonder Chess\art-source\asset-studio\wc_u_human_guardian\stages\body-costume\BW1\r001\motion-final\frames\frame_0084.png'
00:22.782  render           | Saved: 'C:\Users\iputu\Documents\Wonder Chess\art-source\asset-studio\wc_u_human_guardian\stages\body-costume\BW1\r001\motion-final\frames\frame_0085.png'
00:22.985  render           | Saved: 'C:\Users\iputu\Documents\Wonder Chess\art-source\asset-studio\wc_u_human_guardian\stages\body-costume\BW1\r001\motion-final\frames\frame_0086.png'
00:23.172  render           | Saved: 'C:\Users\iputu\Documents\Wonder Chess\art-source\asset-studio\wc_u_human_guardian\stages\body-costume\BW1\r001\motion-final\frames\frame_0087.png'
00:23.391  render           | Saved: 'C:\Users\iputu\Documents\Wonder Chess\art-source\asset-studio\wc_u_human_guardian\stages\body-costume\BW1\r001\motion-final\frames\frame_0088.png'
00:23.579  render           | Saved: 'C:\Users\iputu\Documents\Wonder Chess\art-source\asset-studio\wc_u_human_guardian\stages\body-costume\BW1\r001\motion-final\frames\frame_0089.png'
00:23.766  render           | Saved: 'C:\Users\iputu\Documents\Wonder Chess\art-source\asset-studio\wc_u_human_guardian\stages\body-costume\BW1\r001\motion-final\frames\frame_0090.png'
00:23.969  render           | Saved: 'C:\Users\iputu\Documents\Wonder Chess\art-source\asset-studio\wc_u_human_guardian\stages\body-costume\BW1\r001\motion-final\frames\frame_0091.png'
00:24.157  render           | Saved: 'C:\Users\iputu\Documents\Wonder Chess\art-source\asset-studio\wc_u_human_guardian\stages\body-costume\BW1\r001\motion-final\frames\frame_0092.png'
00:24.360  render           | Saved: 'C:\Users\iputu\Documents\Wonder Chess\art-source\asset-studio\wc_u_human_guardian\stages\body-costume\BW1\r001\motion-final\frames\frame_0093.png'
00:24.563  render           | Saved: 'C:\Users\iputu\Documents\Wonder Chess\art-source\asset-studio\wc_u_human_guardian\stages\body-costume\BW1\r001\motion-final\frames\frame_0094.png'
00:24.750  render           | Saved: 'C:\Users\iputu\Documents\Wonder Chess\art-source\asset-studio\wc_u_human_guardian\stages\body-costume\BW1\r001\motion-final\frames\frame_0095.png'
00:24.954  render           | Saved: 'C:\Users\iputu\Documents\Wonder Chess\art-source\asset-studio\wc_u_human_guardian\stages\body-costume\BW1\r001\motion-final\frames\frame_0096.png'
00:25.141  render           | Saved: 'C:\Users\iputu\Documents\Wonder Chess\art-source\asset-studio\wc_u_human_guardian\stages\body-costume\BW1\r001\motion-final\frames\frame_0097.png'
00:25.313  render           | Saved: 'C:\Users\iputu\Documents\Wonder Chess\art-source\asset-studio\wc_u_human_guardian\stages\body-costume\BW1\r001\motion-final\frames\frame_0098.png'
00:25.516  render           | Saved: 'C:\Users\iputu\Documents\Wonder Chess\art-source\asset-studio\wc_u_human_guardian\stages\body-costume\BW1\r001\motion-final\frames\frame_0099.png'
00:25.922  render           | Saved: 'C:\Users\iputu\Documents\Wonder Chess\art-source\asset-studio\wc_u_human_guardian\stages\body-costume\BW1\r001\motion-final\frames\frame_0100.png'
00:26.141  render           | Saved: 'C:\Users\iputu\Documents\Wonder Chess\art-source\asset-studio\wc_u_human_guardian\stages\body-costume\BW1\r001\motion-final\frames\frame_0101.png'
00:26.360  render           | Saved: 'C:\Users\iputu\Documents\Wonder Chess\art-source\asset-studio\wc_u_human_guardian\stages\body-costume\BW1\r001\motion-final\frames\frame_0102.png'
00:26.563  render           | Saved: 'C:\Users\iputu\Documents\Wonder Chess\art-source\asset-studio\wc_u_human_guardian\stages\body-costume\BW1\r001\motion-final\frames\frame_0103.png'
00:26.766  render           | Saved: 'C:\Users\iputu\Documents\Wonder Chess\art-source\asset-studio\wc_u_human_guardian\stages\body-costume\BW1\r001\motion-final\frames\frame_0104.png'
00:26.938  render           | Saved: 'C:\Users\iputu\Documents\Wonder Chess\art-source\asset-studio\wc_u_human_guardian\stages\body-costume\BW1\r001\motion-final\frames\frame_0105.png'
00:27.110  render           | Saved: 'C:\Users\iputu\Documents\Wonder Chess\art-source\asset-studio\wc_u_human_guardian\stages\body-costume\BW1\r001\motion-final\frames\frame_0106.png'
00:27.329  render           | Saved: 'C:\Users\iputu\Documents\Wonder Chess\art-source\asset-studio\wc_u_human_guardian\stages\body-costume\BW1\r001\motion-final\frames\frame_0107.png'
00:27.532  render           | Saved: 'C:\Users\iputu\Documents\Wonder Chess\art-source\asset-studio\wc_u_human_guardian\stages\body-costume\BW1\r001\motion-final\frames\frame_0108.png'
00:27.704  render           | Saved: 'C:\Users\iputu\Documents\Wonder Chess\art-source\asset-studio\wc_u_human_guardian\stages\body-costume\BW1\r001\motion-final\frames\frame_0109.png'
00:27.891  render           | Saved: 'C:\Users\iputu\Documents\Wonder Chess\art-source\asset-studio\wc_u_human_guardian\stages\body-costume\BW1\r001\motion-final\frames\frame_0110.png'
00:28.063  render           | Saved: 'C:\Users\iputu\Documents\Wonder Chess\art-source\asset-studio\wc_u_human_guardian\stages\body-costume\BW1\r001\motion-final\frames\frame_0111.png'
00:28.235  render           | Saved: 'C:\Users\iputu\Documents\Wonder Chess\art-source\asset-studio\wc_u_human_guardian\stages\body-costume\BW1\r001\motion-final\frames\frame_0112.png'
00:28.407  render           | Saved: 'C:\Users\iputu\Documents\Wonder Chess\art-source\asset-studio\wc_u_human_guardian\stages\body-costume\BW1\r001\motion-final\frames\frame_0113.png'
00:28.610  render           | Saved: 'C:\Users\iputu\Documents\Wonder Chess\art-source\asset-studio\wc_u_human_guardian\stages\body-costume\BW1\r001\motion-final\frames\frame_0114.png'
00:28.813  render           | Saved: 'C:\Users\iputu\Documents\Wonder Chess\art-source\asset-studio\wc_u_human_guardian\stages\body-costume\BW1\r001\motion-final\frames\frame_0115.png'
00:29.016  render           | Saved: 'C:\Users\iputu\Documents\Wonder Chess\art-source\asset-studio\wc_u_human_guardian\stages\body-costume\BW1\r001\motion-final\frames\frame_0116.png'
00:29.188  render           | Saved: 'C:\Users\iputu\Documents\Wonder Chess\art-source\asset-studio\wc_u_human_guardian\stages\body-costume\BW1\r001\motion-final\frames\frame_0117.png'
00:29.375  render           | Saved: 'C:\Users\iputu\Documents\Wonder Chess\art-source\asset-studio\wc_u_human_guardian\stages\body-costume\BW1\r001\motion-final\frames\frame_0118.png'
00:29.547  render           | Saved: 'C:\Users\iputu\Documents\Wonder Chess\art-source\asset-studio\wc_u_human_guardian\stages\body-costume\BW1\r001\motion-final\frames\frame_0119.png'
00:29.719  render           | Saved: 'C:\Users\iputu\Documents\Wonder Chess\art-source\asset-studio\wc_u_human_guardian\stages\body-costume\BW1\r001\motion-final\frames\frame_0120.png'
00:29.891  render           | Saved: 'C:\Users\iputu\Documents\Wonder Chess\art-source\asset-studio\wc_u_human_guardian\stages\body-costume\BW1\r001\motion-final\frames\frame_0121.png'
00:30.047  render           | Saved: 'C:\Users\iputu\Documents\Wonder Chess\art-source\asset-studio\wc_u_human_guardian\stages\body-costume\BW1\r001\motion-final\frames\frame_0122.png'
00:30.219  render           | Saved: 'C:\Users\iputu\Documents\Wonder Chess\art-source\asset-studio\wc_u_human_guardian\stages\body-costume\BW1\r001\motion-final\frames\frame_0123.png'
00:30.391  render           | Saved: 'C:\Users\iputu\Documents\Wonder Chess\art-source\asset-studio\wc_u_human_guardian\stages\body-costume\BW1\r001\motion-final\frames\frame_0124.png'
00:30.579  render           | Saved: 'C:\Users\iputu\Documents\Wonder Chess\art-source\asset-studio\wc_u_human_guardian\stages\body-costume\BW1\r001\motion-final\frames\frame_0125.png'
00:30.766  render           | Saved: 'C:\Users\iputu\Documents\Wonder Chess\art-source\asset-studio\wc_u_human_guardian\stages\body-costume\BW1\r001\motion-final\frames\frame_0126.png'
00:30.938  render           | Saved: 'C:\Users\iputu\Documents\Wonder Chess\art-source\asset-studio\wc_u_human_guardian\stages\body-costume\BW1\r001\motion-final\frames\frame_0127.png'
00:31.125  render           | Saved: 'C:\Users\iputu\Documents\Wonder Chess\art-source\asset-studio\wc_u_human_guardian\stages\body-costume\BW1\r001\motion-final\frames\frame_0128.png'
00:31.282  render           | Saved: 'C:\Users\iputu\Documents\Wonder Chess\art-source\asset-studio\wc_u_human_guardian\stages\body-costume\BW1\r001\motion-final\frames\frame_0129.png'
00:31.454  render           | Saved: 'C:\Users\iputu\Documents\Wonder Chess\art-source\asset-studio\wc_u_human_guardian\stages\body-costume\BW1\r001\motion-final\frames\frame_0130.png'
00:31.625  render           | Saved: 'C:\Users\iputu\Documents\Wonder Chess\art-source\asset-studio\wc_u_human_guardian\stages\body-costume\BW1\r001\motion-final\frames\frame_0131.png'
00:31.813  render           | Saved: 'C:\Users\iputu\Documents\Wonder Chess\art-source\asset-studio\wc_u_human_guardian\stages\body-costume\BW1\r001\motion-final\frames\frame_0132.png'
00:31.985  render           | Saved: 'C:\Users\iputu\Documents\Wonder Chess\art-source\asset-studio\wc_u_human_guardian\stages\body-costume\BW1\r001\motion-final\frames\frame_0133.png'
00:32.141  render           | Saved: 'C:\Users\iputu\Documents\Wonder Chess\art-source\asset-studio\wc_u_human_guardian\stages\body-costume\BW1\r001\motion-final\frames\frame_0134.png'
00:32.313  render           | Saved: 'C:\Users\iputu\Documents\Wonder Chess\art-source\asset-studio\wc_u_human_guardian\stages\body-costume\BW1\r001\motion-final\frames\frame_0135.png'
00:32.469  render           | Saved: 'C:\Users\iputu\Documents\Wonder Chess\art-source\asset-studio\wc_u_human_guardian\stages\body-costume\BW1\r001\motion-final\frames\frame_0136.png'
00:32.641  render           | Saved: 'C:\Users\iputu\Documents\Wonder Chess\art-source\asset-studio\wc_u_human_guardian\stages\body-costume\BW1\r001\motion-final\frames\frame_0137.png'
00:32.797  render           | Saved: 'C:\Users\iputu\Documents\Wonder Chess\art-source\asset-studio\wc_u_human_guardian\stages\body-costume\BW1\r001\motion-final\frames\frame_0138.png'
00:32.969  render           | Saved: 'C:\Users\iputu\Documents\Wonder Chess\art-source\asset-studio\wc_u_human_guardian\stages\body-costume\BW1\r001\motion-final\frames\frame_0139.png'
00:33.157  render           | Saved: 'C:\Users\iputu\Documents\Wonder Chess\art-source\asset-studio\wc_u_human_guardian\stages\body-costume\BW1\r001\motion-final\frames\frame_0140.png'
00:33.329  render           | Saved: 'C:\Users\iputu\Documents\Wonder Chess\art-source\asset-studio\wc_u_human_guardian\stages\body-costume\BW1\r001\motion-final\frames\frame_0141.png'
00:33.516  render           | Saved: 'C:\Users\iputu\Documents\Wonder Chess\art-source\asset-studio\wc_u_human_guardian\stages\body-costume\BW1\r001\motion-final\frames\frame_0142.png'
00:33.704  render           | Saved: 'C:\Users\iputu\Documents\Wonder Chess\art-source\asset-studio\wc_u_human_guardian\stages\body-costume\BW1\r001\motion-final\frames\frame_0143.png'
00:33.860  render           | Saved: 'C:\Users\iputu\Documents\Wonder Chess\art-source\asset-studio\wc_u_human_guardian\stages\body-costume\BW1\r001\motion-final\frames\frame_0144.png'
00:34.032  render           | Saved: 'C:\Users\iputu\Documents\Wonder Chess\art-source\asset-studio\wc_u_human_guardian\stages\body-costume\BW1\r001\motion-final\frames\frame_0145.png'
00:34.219  render           | Saved: 'C:\Users\iputu\Documents\Wonder Chess\art-source\asset-studio\wc_u_human_guardian\stages\body-costume\BW1\r001\motion-final\frames\frame_0146.png'
00:34.375  render           | Saved: 'C:\Users\iputu\Documents\Wonder Chess\art-source\asset-studio\wc_u_human_guardian\stages\body-costume\BW1\r001\motion-final\frames\frame_0147.png'
00:34.563  render           | Saved: 'C:\Users\iputu\Documents\Wonder Chess\art-source\asset-studio\wc_u_human_guardian\stages\body-costume\BW1\r001\motion-final\frames\frame_0148.png'
00:34.766  render           | Saved: 'C:\Users\iputu\Documents\Wonder Chess\art-source\asset-studio\wc_u_human_guardian\stages\body-costume\BW1\r001\motion-final\frames\frame_0149.png'
00:34.938  render           | Saved: 'C:\Users\iputu\Documents\Wonder Chess\art-source\asset-studio\wc_u_human_guardian\stages\body-costume\BW1\r001\motion-final\frames\frame_0150.png'
00:35.125  render           | Saved: 'C:\Users\iputu\Documents\Wonder Chess\art-source\asset-studio\wc_u_human_guardian\stages\body-costume\BW1\r001\motion-final\frames\frame_0151.png'
00:35.313  render           | Saved: 'C:\Users\iputu\Documents\Wonder Chess\art-source\asset-studio\wc_u_human_guardian\stages\body-costume\BW1\r001\motion-final\frames\frame_0152.png'
00:35.469  render           | Saved: 'C:\Users\iputu\Documents\Wonder Chess\art-source\asset-studio\wc_u_human_guardian\stages\body-costume\BW1\r001\motion-final\frames\frame_0153.png'
00:35.657  render           | Saved: 'C:\Users\iputu\Documents\Wonder Chess\art-source\asset-studio\wc_u_human_guardian\stages\body-costume\BW1\r001\motion-final\frames\frame_0154.png'
00:35.829  render           | Saved: 'C:\Users\iputu\Documents\Wonder Chess\art-source\asset-studio\wc_u_human_guardian\stages\body-costume\BW1\r001\motion-final\frames\frame_0155.png'
00:36.032  render           | Saved: 'C:\Users\iputu\Documents\Wonder Chess\art-source\asset-studio\wc_u_human_guardian\stages\body-costume\BW1\r001\motion-final\frames\frame_0156.png'
00:36.219  render           | Saved: 'C:\Users\iputu\Documents\Wonder Chess\art-source\asset-studio\wc_u_human_guardian\stages\body-costume\BW1\r001\motion-final\frames\frame_0157.png'
00:36.422  render           | Saved: 'C:\Users\iputu\Documents\Wonder Chess\art-source\asset-studio\wc_u_human_guardian\stages\body-costume\BW1\r001\motion-final\frames\frame_0158.png'
00:36.610  render           | Saved: 'C:\Users\iputu\Documents\Wonder Chess\art-source\asset-studio\wc_u_human_guardian\stages\body-costume\BW1\r001\motion-final\frames\frame_0159.png'
00:36.782  render           | Saved: 'C:\Users\iputu\Documents\Wonder Chess\art-source\asset-studio\wc_u_human_guardian\stages\body-costume\BW1\r001\motion-final\frames\frame_0160.png'
00:36.969  render           | Saved: 'C:\Users\iputu\Documents\Wonder Chess\art-source\asset-studio\wc_u_human_guardian\stages\body-costume\BW1\r001\motion-final\frames\frame_0161.png'
00:37.141  render           | Saved: 'C:\Users\iputu\Documents\Wonder Chess\art-source\asset-studio\wc_u_human_guardian\stages\body-costume\BW1\r001\motion-final\frames\frame_0162.png'
00:37.329  render           | Saved: 'C:\Users\iputu\Documents\Wonder Chess\art-source\asset-studio\wc_u_human_guardian\stages\body-costume\BW1\r001\motion-final\frames\frame_0163.png'
00:37.516  render           | Saved: 'C:\Users\iputu\Documents\Wonder Chess\art-source\asset-studio\wc_u_human_guardian\stages\body-costume\BW1\r001\motion-final\frames\frame_0164.png'
00:37.704  render           | Saved: 'C:\Users\iputu\Documents\Wonder Chess\art-source\asset-studio\wc_u_human_guardian\stages\body-costume\BW1\r001\motion-final\frames\frame_0165.png'
00:37.907  render           | Saved: 'C:\Users\iputu\Documents\Wonder Chess\art-source\asset-studio\wc_u_human_guardian\stages\body-costume\BW1\r001\motion-final\frames\frame_0166.png'
00:38.094  render           | Saved: 'C:\Users\iputu\Documents\Wonder Chess\art-source\asset-studio\wc_u_human_guardian\stages\body-costume\BW1\r001\motion-final\frames\frame_0167.png'
00:38.266  render           | Saved: 'C:\Users\iputu\Documents\Wonder Chess\art-source\asset-studio\wc_u_human_guardian\stages\body-costume\BW1\r001\motion-final\frames\frame_0168.png'
00:38.469  render           | Saved: 'C:\Users\iputu\Documents\Wonder Chess\art-source\asset-studio\wc_u_human_guardian\stages\body-costume\BW1\r001\motion-final\frames\frame_0169.png'
00:38.563  render           | Video append frame 1
00:38.579  render           | Video append frame 2
00:38.594  render           | Video append frame 3
00:38.610  render           | Video append frame 4
00:38.610  render           | Video append frame 5
00:38.625  render           | Video append frame 6
00:38.641  render           | Video append frame 7
00:38.657  render           | Video append frame 8
00:38.672  render           | Video append frame 9
00:38.688  render           | Video append frame 10
00:38.704  render           | Video append frame 11
00:38.719  render           | Video append frame 12
00:38.735  render           | Video append frame 13
00:38.750  render           | Video append frame 14
00:38.750  render           | Video append frame 15
00:38.766  render           | Video append frame 16
00:38.782  render           | Video append frame 17
00:38.797  render           | Video append frame 18
00:38.813  render           | Video append frame 19
00:38.829  render           | Video append frame 20
00:38.829  render           | Video append frame 21
00:38.844  render           | Video append frame 22
00:38.860  render           | Video append frame 23
00:38.875  render           | Video append frame 24
00:38.891  render           | Video append frame 25
00:38.907  render           | Video append frame 26
00:38.907  render           | Video append frame 27
00:38.922  render           | Video append frame 28
00:38.938  render           | Video append frame 29
00:38.954  render           | Video append frame 30
00:38.969  render           | Video append frame 31
00:38.969  render           | Video append frame 32
00:38.985  render           | Video append frame 33
00:39.000  render           | Video append frame 34
00:39.016  render           | Video append frame 35
00:39.032  render           | Video append frame 36
00:39.047  render           | Video append frame 37
00:39.063  render           | Video append frame 38
00:39.079  render           | Video append frame 39
00:39.094  render           | Video append frame 40
00:39.094  render           | Video append frame 41
00:39.110  render           | Video append frame 42
00:39.125  render           | Video append frame 43
00:39.141  render           | Video append frame 44
00:39.157  render           | Video append frame 45
00:39.172  render           | Video append frame 46
00:39.188  render           | Video append frame 47
00:39.188  render           | Video append frame 48
00:39.204  render           | Video append frame 49
00:39.219  render           | Video append frame 50
00:39.235  render           | Video append frame 51
00:39.250  render           | Video append frame 52
00:39.250  render           | Video append frame 53
00:39.266  render           | Video append frame 54
00:39.282  render           | Video append frame 55
00:39.297  render           | Video append frame 56
00:39.297  render           | Video append frame 57
00:39.313  render           | Video append frame 58
00:39.329  render           | Video append frame 59
00:39.344  render           | Video append frame 60
00:39.360  render           | Video append frame 61
00:39.360  render           | Video append frame 62
00:39.375  render           | Video append frame 63
00:39.407  render           | Video append frame 64
00:39.438  render           | Video append frame 65
00:39.454  render           | Video append frame 66
00:39.469  render           | Video append frame 67
00:39.469  render           | Video append frame 68
00:39.485  render           | Video append frame 69
00:39.500  render           | Video append frame 70
00:39.516  render           | Video append frame 71
00:39.516  render           | Video append frame 72
00:39.532  render           | Video append frame 73
00:39.547  render           | Video append frame 74
00:39.563  render           | Video append frame 75
00:39.563  render           | Video append frame 76
00:39.579  render           | Video append frame 77
00:39.594  render           | Video append frame 78
00:39.610  render           | Video append frame 79
00:39.625  render           | Video append frame 80
00:39.641  render           | Video append frame 81
00:39.657  render           | Video append frame 82
00:39.657  render           | Video append frame 83
00:39.672  render           | Video append frame 84
00:39.688  render           | Video append frame 85
00:39.704  render           | Video append frame 86
00:39.719  render           | Video append frame 87
00:39.735  render           | Video append frame 88
00:39.750  render           | Video append frame 89
00:39.750  render           | Video append frame 90
00:39.766  render           | Video append frame 91
00:39.782  render           | Video append frame 92
00:39.797  render           | Video append frame 93
00:39.797  render           | Video append frame 94
00:39.813  render           | Video append frame 95
00:39.829  render           | Video append frame 96
00:39.844  render           | Video append frame 97
00:39.860  render           | Video append frame 98
00:39.875  render           | Video append frame 99
00:39.875  render           | Video append frame 100
00:39.891  render           | Video append frame 101
00:39.907  render           | Video append frame 102
00:39.922  render           | Video append frame 103
00:39.938  render           | Video append frame 104
00:39.954  render           | Video append frame 105
00:39.954  render           | Video append frame 106
00:39.969  render           | Video append frame 107
00:39.985  render           | Video append frame 108
00:40.000  render           | Video append frame 109
00:40.016  render           | Video append frame 110
00:40.032  render           | Video append frame 111
00:40.047  render           | Video append frame 112
00:40.063  render           | Video append frame 113
00:40.063  render           | Video append frame 114
00:40.079  render           | Video append frame 115
00:40.094  render           | Video append frame 116
00:40.110  render           | Video append frame 117
00:40.125  render           | Video append frame 118
00:40.141  render           | Video append frame 119
00:40.157  render           | Video append frame 120
00:40.157  render           | Video append frame 121
00:40.172  render           | Video append frame 122
00:40.188  render           | Video append frame 123
00:40.204  render           | Video append frame 124
00:40.219  render           | Video append frame 125
00:40.219  render           | Video append frame 126
00:40.235  render           | Video append frame 127
00:40.250  render           | Video append frame 128
00:40.266  render           | Video append frame 129
00:40.282  render           | Video append frame 130
00:40.282  render           | Video append frame 131
00:40.297  render           | Video append frame 132
00:40.313  render           | Video append frame 133
00:40.329  render           | Video append frame 134
00:40.344  render           | Video append frame 135
00:40.344  render           | Video append frame 136
00:40.360  render           | Video append frame 137
00:40.375  render           | Video append frame 138
00:40.391  render           | Video append frame 139
00:40.407  render           | Video append frame 140
00:40.407  render           | Video append frame 141
00:40.422  render           | Video append frame 142
00:40.438  render           | Video append frame 143
00:40.454  render           | Video append frame 144
00:40.454  render           | Video append frame 145
00:40.469  render           | Video append frame 146
00:40.485  render           | Video append frame 147
00:40.500  render           | Video append frame 148
00:40.516  render           | Video append frame 149
00:40.516  render           | Video append frame 150
00:40.547  render           | Video append frame 151
00:40.547  render           | Video append frame 152
00:40.563  render           | Video append frame 153
00:40.579  render           | Video append frame 154
00:40.594  render           | Video append frame 155
00:40.610  render           | Video append frame 156
00:40.610  render           | Video append frame 157
00:40.641  render           | Video append frame 158
00:40.641  render           | Video append frame 159
00:40.657  render           | Video append frame 160
00:40.672  render           | Video append frame 161
00:40.688  render           | Video append frame 162
00:40.704  render           | Video append frame 163
00:40.719  render           | Video append frame 164
00:40.735  render           | Video append frame 165
00:40.735  render           | Video append frame 166
00:40.750  render           | Video append frame 167
00:40.766  render           | Video append frame 168
00:40.782  render           | Video append frame 169
MOTION_FRAMES_DONE {"status": "FRAMES_RENDERED", "source_file": "C:\\Users\\iputu\\Documents\\Wonder Chess\\art-source\\asset-studio\\wc_u_human_guardian\\stages\\body-costume\\BW1\\r001\\ada_body_costume_checkpoint_r001_ART_REVISE.blend", "source_sha256": "7e71cdf5b737779d84231866e5559cd2950bbf4a65b13430658d957370bbc443", "blender_version": "5.1.1", "scene": "BW1_BODY_COSTUME", "camera": "BW1_Camera_three_quarter", "camera_matrix_world": [[-0.8000000715255737, -0.05647547170519829, 0.5973360538482666, 3.299999952316284], [0.5999999046325684, -0.0753004401922226, 0.7964483499526978, 4.400000095367432], [-1.299291625400656e-07, 0.995560348033905, 0.09412563592195511, 1.4500000476837158], [0.0, 0.0, 0.0, 1.0]], "camera_type": "ORTHO", "ortho_scale": 2.0999999046325684, "action": "BW1_DIAGNOSTIC_RANGE_ART_REVISE", "nla_tracks": 0, "frame_start": 1, "frame_end": 169, "frame_count": 169, "fps": 24, "duration_seconds": 7.041666666666667, "resolution": [680, 880], "engine": "BLENDER_WORKBENCH", "single_clay_color": [0.55, 0.55, 0.55], "shadows": true, "cavity": "BOTH", "media_boundary": "Blender authoring diagnostic action only; not actual game playback, exported animation, human approval or runtime compatibility evidence.", "started_utc": "2026-09-09T06:14:04Z", "render_seconds": 35.92042919999949, "rendered_frames": 169}
MOTION_VIDEO_DONE {"status": "VIDEO_ENCODED", "source_file": "C:\\Users\\iputu\\Documents\\Wonder Chess\\art-source\\asset-studio\\wc_u_human_guardian\\stages\\body-costume\\BW1\\r001\\ada_body_costume_checkpoint_r001_ART_REVISE.blend", "source_sha256": "7e71cdf5b737779d84231866e5559cd2950bbf4a65b13430658d957370bbc443", "blender_version": "5.1.1", "scene": "BW1_BODY_COSTUME", "camera": "BW1_Camera_three_quarter", "camera_matrix_world": [[-0.8000000715255737, -0.05647547170519829, 0.5973360538482666, 3.299999952316284], [0.5999999046325684, -0.0753004401922226, 0.7964483499526978, 4.400000095367432], [-1.299291625400656e-07, 0.995560348033905, 0.09412563592195511, 1.4500000476837158], [0.0, 0.0, 0.0, 1.0]], "camera_type": "ORTHO", "ortho_scale": 2.0999999046325684, "action": "BW1_DIAGNOSTIC_RANGE_ART_REVISE", "nla_tracks": 0, "frame_start": 1, "frame_end": 169, "frame_count": 169, "fps": 24, "duration_seconds": 7.041666666666667, "resolution": [680, 880], "engine": "BLENDER_WORKBENCH", "single_clay_color": [0.55, 0.55, 0.55], "shadows": true, "cavity": "BOTH", "media_boundary": "Blender authoring diagnostic action only; not actual game playback, exported animation, human approval or runtime compatibility evidence.", "started_utc": "2026-09-09T06:14:04Z", "render_seconds": 35.92042919999949, "rendered_frames": 169, "video_file": "C:\\Users\\iputu\\Documents\\Wonder Chess\\art-source\\asset-studio\\wc_u_human_guardian\\stages\\body-costume\\BW1\\r001\\motion-final\\ada_bw1_articulation_review.mp4", "encoding": "Blender native VSE, H264 in MPEG4, no audio", "source_sha256_after": "7e71cdf5b737779d84231866e5559cd2950bbf4a65b13430658d957370bbc443", "finished_utc": "2026-09-09T06:14:42Z"}
Blender 5.1.1 (hash b70da489d7f4 built 2026-04-14 01:37:22)

Blender quit
