[
  {
    "clip": "Idle",
    "frames": 40,
    "duration_ms": 2000,
    "gif": "C:\\Users\\iputu\\Documents\\Wonder Chess\\reports\\WC-U440\\20260906T160537Z-cass\\verified5\\Idle-normal-speed.gif",
    "contact_sheet": "C:\\Users\\iputu\\Documents\\Wonder Chess\\reports\\WC-U440\\20260906T160537Z-cass\\verified5\\Idle-all-samples.png"
  },
  {
    "clip": "Move",
    "frames": 20,
    "duration_ms": 1000,
    "gif": "C:\\Users\\iputu\\Documents\\Wonder Chess\\reports\\WC-U440\\20260906T160537Z-cass\\verified5\\Move-normal-speed.gif",
    "contact_sheet": "C:\\Users\\iputu\\Documents\\Wonder Chess\\reports\\WC-U440\\20260906T160537Z-cass\\verified5\\Move-all-samples.png"
  },
  {
    "clip": "Attack",
    "frames": 15,
    "duration_ms": 750,
    "gif": "C:\\Users\\iputu\\Documents\\Wonder Chess\\reports\\WC-U440\\20260906T160537Z-cass\\verified5\\Attack-normal-speed.gif",
    "contact_sheet": "C:\\Users\\iputu\\Documents\\Wonder Chess\\reports\\WC-U440\\20260906T160537Z-cass\\verified5\\Attack-all-samples.png"
  },
  {
    "clip": "Active",
    "frames": 13,
    "duration_ms": 650,
    "gif": "C:\\Users\\iputu\\Documents\\Wonder Chess\\reports\\WC-U440\\20260906T160537Z-cass\\verified5\\Active-normal-speed.gif",
    "contact_sheet": "C:\\Users\\iputu\\Documents\\Wonder Chess\\reports\\WC-U440\\20260906T160537Z-cass\\verified5\\Active-all-samples.png"
  },
  {
    "clip": "Hit",
    "frames": 8,
    "duration_ms": 400,
    "gif": "C:\\Users\\iputu\\Documents\\Wonder Chess\\reports\\WC-U440\\20260906T160537Z-cass\\verified5\\Hit-normal-speed.gif",
    "contact_sheet": "C:\\Users\\iputu\\Documents\\Wonder Chess\\reports\\WC-U440\\20260906T160537Z-cass\\verified5\\Hit-all-samples.png"
  },
  {
    "clip": "Defeat",
    "frames": 20,
    "duration_ms": 1000,
    "gif": "C:\\Users\\iputu\\Documents\\Wonder Chess\\reports\\WC-U440\\20260906T160537Z-cass\\verified5\\Defeat-normal-speed.gif",
    "contact_sheet": "C:\\Users\\iputu\\Documents\\Wonder Chess\\reports\\WC-U440\\20260906T160537Z-cass\\verified5\\Defeat-all-samples.png"
  },
  {
    "clip": "Victory",
    "frames": 30,
    "duration_ms": 1500,
    "gif": "C:\\Users\\iputu\\Documents\\Wonder Chess\\reports\\WC-U440\\20260906T160537Z-cass\\verified5\\Victory-normal-speed.gif",
    "contact_sheet": "C:\\Users\\iputu\\Documents\\Wonder Chess\\reports\\WC-U440\\20260906T160537Z-cass\\verified5\\Victory-all-samples.png"
  }
]
