00:02.485  blend            | Read blend: "C:\Users\iputu\Documents\Wonder Chess\art-source\asset-studio\wc_u_human_guardian\stages\body-costume\BW3\r001\thumb_route_B_clearance.blend"
SAMPLE BW3_Derived_Glove evaluated 1 crossings 0 {} min_vertex_mm 0.48907378272059104 deep_triangle False
SAMPLE BW3_Derived_Glove evaluated 2 crossings 0 {} min_vertex_mm 0.48907378272059104 deep_triangle False
SAMPLE BW3_Derived_Glove evaluated 3 crossings 0 {} min_vertex_mm 0.48907378272059104 deep_triangle False
SAMPLE BW3_Derived_Glove evaluated 4 crossings 0 {} min_vertex_mm 0.48907378272059104 deep_triangle False
SAMPLE BW3_Derived_Glove evaluated 5 crossings 0 {} min_vertex_mm 0.48907378272059104 deep_triangle False
SAMPLE BW3_Derived_Glove evaluated 6 crossings 0 {} min_vertex_mm 0.48907378272059104 deep_triangle False
SAMPLE BW3_Derived_Glove evaluated 7 crossings 0 {} min_vertex_mm 0.48907378272059104 deep_triangle False
SAMPLE BW3_Derived_Glove evaluated 8 crossings 0 {} min_vertex_mm 0.48907378272059104 deep_triangle False
SAMPLE BW3_Derived_Glove evaluated 9 crossings 0 {} min_vertex_mm 0.48907378272059104 deep_triangle False
SAMPLE BW3_Derived_Glove evaluated 10 crossings 0 {} min_vertex_mm 0.48907378272059104 deep_triangle False
SAMPLE BW3_Derived_Glove evaluated 11 crossings 0 {} min_vertex_mm 0.48907378272059104 deep_triangle False
SAMPLE BW3_Derived_Glove evaluated 12 crossings 0 {} min_vertex_mm 0.48907378272059104 deep_triangle False
SAMPLE BW3_Derived_Glove evaluated 13 crossings 0 {} min_vertex_mm 0.48907378272059104 deep_triangle False
SAMPLE BW3_Derived_Glove evaluated 14 crossings 0 {} min_vertex_mm 0.48907378272059104 deep_triangle False
SAMPLE BW3_Derived_Glove evaluated 15 crossings 0 {} min_vertex_mm 0.48907378272059104 deep_triangle False
SAMPLE BW3_Derived_Glove evaluated 16 crossings 0 {} min_vertex_mm 0.48907378272059104 deep_triangle False
SAMPLE BW3_Derived_Glove evaluated 17 crossings 0 {} min_vertex_mm 0.48907378272059104 deep_triangle False
SAMPLE BW3_Derived_Glove evaluated 18 crossings 0 {} min_vertex_mm 0.48907378272059104 deep_triangle False
SAMPLE BW3_Derived_Glove evaluated 19 crossings 0 {} min_vertex_mm 0.48907378272059104 deep_triangle False
SAMPLE BW3_Derived_Glove evaluated 20 crossings 0 {} min_vertex_mm 0.13439916540491578 deep_triangle False
SAMPLE BW3_Derived_Glove evaluated 21 crossings 0 {} min_vertex_mm -2.4472184034052598 deep_triangle True
SAMPLE BW3_Derived_Glove evaluated 22 crossings 0 {} min_vertex_mm -5.169629971595462 deep_triangle True
SAMPLE BW3_Derived_Glove evaluated 23 crossings 2 {'thumb/thumb': 2} min_vertex_mm -8.131551764245794 deep_triangle True
SAMPLE BW3_Derived_Glove evaluated 24 crossings 16 {'palm/thumb': 12, 'thumb/thumb': 4} min_vertex_mm -10.936185714072586 deep_triangle True
SAMPLE BW3_Derived_Glove evaluated 25 crossings 25 {'palm/thumb': 17, 'thumb/thumb': 8} min_vertex_mm -13.250770337889326 deep_triangle True
SAMPLE BW3_Derived_Glove evaluated 20.5 crossings 0 {} min_vertex_mm -0.9752824092323105 deep_triangle True
SAMPLE BW3_Derived_Glove evaluated 22.5 crossings 0 {} min_vertex_mm -6.508650816406176 deep_triangle True
SAMPLE BW3_Derived_Glove evaluated 23.5 crossings 11 {'palm/thumb': 9, 'thumb/thumb': 2} min_vertex_mm -9.52362694825741 deep_triangle True
SAMPLE BW3_Derived_Glove evaluated 145 crossings 25 {'palm/thumb': 17, 'thumb/thumb': 8} min_vertex_mm -13.250770337889326 deep_triangle True
SAMPLE BW3_Derived_Glove raw 1 crossings 0 {} min_vertex_mm 0.3767791235138162 deep_triangle False
SAMPLE BW3_Derived_Glove raw 2 crossings 0 {} min_vertex_mm 0.3767791235138162 deep_triangle False
SAMPLE BW3_Derived_Glove raw 3 crossings 0 {} min_vertex_mm 0.3767791235138162 deep_triangle False
SAMPLE BW3_Derived_Glove raw 4 crossings 0 {} min_vertex_mm 0.3767791235138162 deep_triangle False
SAMPLE BW3_Derived_Glove raw 5 crossings 0 {} min_vertex_mm 0.3767791235138162 deep_triangle False
SAMPLE BW3_Derived_Glove raw 6 crossings 0 {} min_vertex_mm 0.3767791235138162 deep_triangle False
SAMPLE BW3_Derived_Glove raw 7 crossings 0 {} min_vertex_mm 0.3767791235138162 deep_triangle False
SAMPLE BW3_Derived_Glove raw 8 crossings 0 {} min_vertex_mm 0.3767791235138162 deep_triangle False
SAMPLE BW3_Derived_Glove raw 9 crossings 0 {} min_vertex_mm 0.3767791235138162 deep_triangle False
SAMPLE BW3_Derived_Glove raw 10 crossings 0 {} min_vertex_mm 0.3767791235138162 deep_triangle False
SAMPLE BW3_Derived_Glove raw 11 crossings 0 {} min_vertex_mm 0.3767791235138162 deep_triangle False
SAMPLE BW3_Derived_Glove raw 12 crossings 0 {} min_vertex_mm 0.3767791235138162 deep_triangle False
SAMPLE BW3_Derived_Glove raw 13 crossings 0 {} min_vertex_mm 0.3767791235138162 deep_triangle False
SAMPLE BW3_Derived_Glove raw 14 crossings 0 {} min_vertex_mm 0.3767791235138162 deep_triangle False
SAMPLE BW3_Derived_Glove raw 15 crossings 0 {} min_vertex_mm 0.3767791235138162 deep_triangle False
SAMPLE BW3_Derived_Glove raw 16 crossings 0 {} min_vertex_mm 0.3767791235138162 deep_triangle False
SAMPLE BW3_Derived_Glove raw 17 crossings 0 {} min_vertex_mm 0.3767791235138162 deep_triangle False
SAMPLE BW3_Derived_Glove raw 18 crossings 0 {} min_vertex_mm 0.3767791235138162 deep_triangle False
SAMPLE BW3_Derived_Glove raw 19 crossings 0 {} min_vertex_mm 0.3767791235138162 deep_triangle False
SAMPLE BW3_Derived_Glove raw 20 crossings 0 {} min_vertex_mm -0.6172080606891891 deep_triangle True
SAMPLE BW3_Derived_Glove raw 21 crossings 0 {} min_vertex_mm -3.674774136028673 deep_triangle True
SAMPLE BW3_Derived_Glove raw 22 crossings 6 {'palm/thumb': 6} min_vertex_mm -6.4283804527329265 deep_triangle True
SAMPLE BW3_Derived_Glove raw 23 crossings 7 {'palm/thumb': 7} min_vertex_mm -8.066190632842059 deep_triangle True
SAMPLE BW3_Derived_Glove raw 24 crossings 10 {'palm/thumb': 6, 'thumb/thumb': 4} min_vertex_mm -12.065603243294577 deep_triangle True
SAMPLE BW3_Derived_Glove raw 25 crossings 17 {'palm/thumb': 12, 'thumb/thumb': 5} min_vertex_mm -13.192336374933275 deep_triangle True
SAMPLE BW3_Derived_Glove raw 19.5 crossings 0 {} min_vertex_mm 0.3767791235138162 deep_triangle False
SAMPLE BW3_Derived_Glove raw 21.5 crossings 0 {} min_vertex_mm -5.122576304581282 deep_triangle True
SAMPLE BW3_Derived_Glove raw 145 crossings 17 {'palm/thumb': 12, 'thumb/thumb': 5} min_vertex_mm -13.192336374933275 deep_triangle True
SAMPLE BW3_Derived_Body evaluated 1 crossings 0 {} min_vertex_mm 1.4903615167464608 deep_triangle False
SAMPLE BW3_Derived_Body evaluated 2 crossings 0 {} min_vertex_mm 1.4903615167464608 deep_triangle False
SAMPLE BW3_Derived_Body evaluated 3 crossings 0 {} min_vertex_mm 1.4903615167464608 deep_triangle False
SAMPLE BW3_Derived_Body evaluated 4 crossings 0 {} min_vertex_mm 1.4903615167464608 deep_triangle False
SAMPLE BW3_Derived_Body evaluated 5 crossings 0 {} min_vertex_mm 1.4903615167464608 deep_triangle False
SAMPLE BW3_Derived_Body evaluated 6 crossings 0 {} min_vertex_mm 1.4903615167464608 deep_triangle False
SAMPLE BW3_Derived_Body evaluated 7 crossings 0 {} min_vertex_mm 1.4903615167464608 deep_triangle False
SAMPLE BW3_Derived_Body evaluated 8 crossings 0 {} min_vertex_mm 1.4903615167464608 deep_triangle False
SAMPLE BW3_Derived_Body evaluated 9 crossings 0 {} min_vertex_mm 1.4903615167464608 deep_triangle False
SAMPLE BW3_Derived_Body evaluated 10 crossings 0 {} min_vertex_mm 1.4903615167464608 deep_triangle False
SAMPLE BW3_Derived_Body evaluated 11 crossings 0 {} min_vertex_mm 1.4903615167464608 deep_triangle False
SAMPLE BW3_Derived_Body evaluated 12 crossings 0 {} min_vertex_mm 1.4903615167464608 deep_triangle False
SAMPLE BW3_Derived_Body evaluated 13 crossings 0 {} min_vertex_mm 1.4903615167464608 deep_triangle False
SAMPLE BW3_Derived_Body evaluated 14 crossings 0 {} min_vertex_mm 1.4903615167464608 deep_triangle False
SAMPLE BW3_Derived_Body evaluated 15 crossings 0 {} min_vertex_mm 1.4903615167464608 deep_triangle False
SAMPLE BW3_Derived_Body evaluated 16 crossings 0 {} min_vertex_mm 1.4903615167464608 deep_triangle False
SAMPLE BW3_Derived_Body evaluated 17 crossings 0 {} min_vertex_mm 1.4903615167464608 deep_triangle False
SAMPLE BW3_Derived_Body evaluated 18 crossings 0 {} min_vertex_mm 1.4903615167464608 deep_triangle False
SAMPLE BW3_Derived_Body evaluated 19 crossings 1 {'palm/thumb': 1} min_vertex_mm 1.4903615167464608 deep_triangle False
SAMPLE BW3_Derived_Body evaluated 20 crossings 6 {'palm/thumb': 5, 'thumb/thumb': 1} min_vertex_mm 1.1220377056670676 deep_triangle False
SAMPLE BW3_Derived_Body evaluated 21 crossings 8 {'palm/thumb': 5, 'thumb/thumb': 3} min_vertex_mm -1.4543344371184437 deep_triangle True
SAMPLE BW3_Derived_Body evaluated 22 crossings 12 {'palm/thumb': 7, 'thumb/thumb': 5} min_vertex_mm -4.2370005033746745 deep_triangle True
SAMPLE BW3_Derived_Body evaluated 23 crossings 15 {'palm/thumb': 10, 'thumb/thumb': 5} min_vertex_mm -7.198764269203219 deep_triangle True
SAMPLE BW3_Derived_Body evaluated 24 crossings 19 {'thumb/thumb': 10, 'palm/thumb': 9} min_vertex_mm -10.026597454297477 deep_triangle True
SAMPLE BW3_Derived_Body evaluated 25 crossings 27 {'thumb/thumb': 13, 'palm/thumb': 14} min_vertex_mm -12.37722201008311 deep_triangle True
SAMPLE BW3_Derived_Body evaluated 18.5 crossings 0 {} min_vertex_mm 1.4903615167464608 deep_triangle False
SAMPLE BW3_Derived_Body evaluated 20.5 crossings 5 {'palm/thumb': 4, 'thumb/thumb': 1} min_vertex_mm -0.13104979012683662 deep_triangle False
SAMPLE BW3_Derived_Body evaluated 145 crossings 27 {'thumb/thumb': 13, 'palm/thumb': 14} min_vertex_mm -12.37722201008311 deep_triangle True
SAMPLE BW3_Derived_Body raw 1 crossings 0 {} min_vertex_mm 1.4500416290686782 deep_triangle False
SAMPLE BW3_Derived_Body raw 2 crossings 0 {} min_vertex_mm 1.4500416290686782 deep_triangle False
SAMPLE BW3_Derived_Body raw 3 crossings 0 {} min_vertex_mm 1.4500416290686782 deep_triangle False
SAMPLE BW3_Derived_Body raw 4 crossings 0 {} min_vertex_mm 1.4500416290686782 deep_triangle False
SAMPLE BW3_Derived_Body raw 5 crossings 0 {} min_vertex_mm 1.4500416290686782 deep_triangle False
SAMPLE BW3_Derived_Body raw 6 crossings 0 {} min_vertex_mm 1.4500416290686782 deep_triangle False
SAMPLE BW3_Derived_Body raw 7 crossings 0 {} min_vertex_mm 1.4500416290686782 deep_triangle False
SAMPLE BW3_Derived_Body raw 8 crossings 0 {} min_vertex_mm 1.4500416290686782 deep_triangle False
SAMPLE BW3_Derived_Body raw 9 crossings 0 {} min_vertex_mm 1.4500416290686782 deep_triangle False
SAMPLE BW3_Derived_Body raw 10 crossings 0 {} min_vertex_mm 1.4500416290686782 deep_triangle False
SAMPLE BW3_Derived_Body raw 11 crossings 0 {} min_vertex_mm 1.4500416290686782 deep_triangle False
SAMPLE BW3_Derived_Body raw 12 crossings 0 {} min_vertex_mm 1.4500416290686782 deep_triangle False
SAMPLE BW3_Derived_Body raw 13 crossings 0 {} min_vertex_mm 1.4500416290686782 deep_triangle False
SAMPLE BW3_Derived_Body raw 14 crossings 0 {} min_vertex_mm 1.4500416290686782 deep_triangle False
SAMPLE BW3_Derived_Body raw 15 crossings 1 {'palm/thumb': 1} min_vertex_mm 1.4500416290686782 deep_triangle False
SAMPLE BW3_Derived_Body raw 16 crossings 1 {'palm/thumb': 1} min_vertex_mm 1.4500416290686782 deep_triangle False
SAMPLE BW3_Derived_Body raw 17 crossings 1 {'palm/thumb': 1} min_vertex_mm 1.4500416290686782 deep_triangle False
SAMPLE BW3_Derived_Body raw 18 crossings 3 {'palm/thumb': 2, 'thumb/thumb': 1} min_vertex_mm 1.4500416290686782 deep_triangle False
SAMPLE BW3_Derived_Body raw 19 crossings 3 {'palm/thumb': 2, 'thumb/thumb': 1} min_vertex_mm 1.4500416290686782 deep_triangle False
SAMPLE BW3_Derived_Body raw 20 crossings 3 {'palm/thumb': 2, 'thumb/thumb': 1} min_vertex_mm 0.7384506287314869 deep_triangle False
SAMPLE BW3_Derived_Body raw 21 crossings 10 {'thumb/thumb': 3, 'palm/thumb': 6, 'palm/palm': 1} min_vertex_mm -1.932263906044316 deep_triangle True
SAMPLE BW3_Derived_Body raw 22 crossings 9 {'thumb/thumb': 3, 'palm/thumb': 6} min_vertex_mm -4.769165452591363 deep_triangle True
SAMPLE BW3_Derived_Body raw 23 crossings 9 {'thumb/thumb': 3, 'palm/thumb': 6} min_vertex_mm -7.527183257837175 deep_triangle True
SAMPLE BW3_Derived_Body raw 24 crossings 13 {'thumb/thumb': 9, 'palm/thumb': 4} min_vertex_mm -10.343107766100434 deep_triangle True
SAMPLE BW3_Derived_Body raw 25 crossings 17 {'thumb/thumb': 8, 'palm/thumb': 9} min_vertex_mm -12.227714021010062 deep_triangle True
SAMPLE BW3_Derived_Body raw 14.5 crossings 0 {} min_vertex_mm 1.4500416290686782 deep_triangle False
SAMPLE BW3_Derived_Body raw 20.5 crossings 7 {'thumb/thumb': 3, 'palm/thumb': 4} min_vertex_mm -0.6187899750740595 deep_triangle True
SAMPLE BW3_Derived_Body raw 145 crossings 17 {'thumb/thumb': 8, 'palm/thumb': 9} min_vertex_mm -12.227714021010062 deep_triangle True
COMPLETE 99.44762679999985 [('BW3_Derived_Glove', {'any_self_crossing': {'first_detected_frame': 23, 'previous_sample_frame': 22.5}, 'palm_thumb_crossing': {'first_detected_frame': 23.5, 'previous_sample_frame': 23}, 'thumb_other_digit_crossing': {'first_detected_frame': None, 'previous_sample_frame': None}, 'middle_ring_crossing': {'first_detected_frame': None, 'previous_sample_frame': None}, 'handle_entry': {'first_detected_frame': 20.5, 'previous_sample_frame': 20}, 'handle_deeper_than0_5mm': {'first_detected_frame': 20.5, 'previous_sample_frame': 20}}), ('BW3_Derived_Glove', {'any_self_crossing': {'first_detected_frame': 22, 'previous_sample_frame': 21.5}, 'palm_thumb_crossing': {'first_detected_frame': 22, 'previous_sample_frame': 21.5}, 'thumb_other_digit_crossing': {'first_detected_frame': None, 'previous_sample_frame': None}, 'middle_ring_crossing': {'first_detected_frame': None, 'previous_sample_frame': None}, 'handle_entry': {'first_detected_frame': 20, 'previous_sample_frame': 19.5}, 'handle_deeper_than0_5mm': {'first_detected_frame': 20, 'previous_sample_frame': 19.5}}), ('BW3_Derived_Body', {'any_self_crossing': {'first_detected_frame': 19, 'previous_sample_frame': 18.5}, 'palm_thumb_crossing': {'first_detected_frame': 19, 'previous_sample_frame': 18.5}, 'thumb_other_digit_crossing': {'first_detected_frame': None, 'previous_sample_frame': None}, 'middle_ring_crossing': {'first_detected_frame': None, 'previous_sample_frame': None}, 'handle_entry': {'first_detected_frame': 20.5, 'previous_sample_frame': 20}, 'handle_deeper_than0_5mm': {'first_detected_frame': 21, 'previous_sample_frame': 20.5}}), ('BW3_Derived_Body', {'any_self_crossing': {'first_detected_frame': 15, 'previous_sample_frame': 14.5}, 'palm_thumb_crossing': {'first_detected_frame': 15, 'previous_sample_frame': 14.5}, 'thumb_other_digit_crossing': {'first_detected_frame': None, 'previous_sample_frame': None}, 'middle_ring_crossing': {'first_detected_frame': None, 'previous_sample_frame': None}, 'handle_entry': {'first_detected_frame': 20.5, 'previous_sample_frame': 20}, 'handle_deeper_than0_5mm': {'first_detected_frame': 20.5, 'previous_sample_frame': 20}})]
Blender 5.1.1 (hash b70da489d7f4 built 2026-04-14 01:37:22)

Blender quit
