00:03.750  blend            | Read blend: "C:\Users\iputu\Documents\Wonder Chess\art-source\asset-studio\wc_u_human_guardian\stages\body-costume\BW6\bracer\ada_bw6_bracer_checkpoint_r002_REVIEW_CANDIDATE.blend"
C:\Users\iputu\Documents\Wonder Chess\art-source\asset-studio\wc_u_human_guardian\stages\body-costume\BW6\bracer\operations\12_motion.py:16: DeprecationWarning: 'Scene.use_nodes' is expected to be removed in Blender 6.0
  s.render.resolution_x=560;s.render.resolution_y=560;s.render.resolution_percentage=100;s.render.film_transparent=False;s.render.image_settings.media_type='IMAGE';s.render.image_settings.file_format='PNG';s.render.image_settings.color_mode='RGB';s.render.use_sequencer=False;s.use_nodes=False;s.view_settings.view_transform='Standard';s.view_settings.look='None';s.view_settings.exposure=0
00:06.656  render           | Saved: 'C:\Users\iputu\Documents\Wonder Chess\art-source\asset-studio\wc_u_human_guardian\stages\body-costume\BW6\bracer\motion\r002\tracked\frame_0001.png'
00:07.422  render           | Saved: 'C:\Users\iputu\Documents\Wonder Chess\art-source\asset-studio\wc_u_human_guardian\stages\body-costume\BW6\bracer\motion\r002\tracked\frame_0002.png'
00:08.187  render           | Saved: 'C:\Users\iputu\Documents\Wonder Chess\art-source\asset-studio\wc_u_human_guardian\stages\body-costume\BW6\bracer\motion\r002\tracked\frame_0003.png'
00:08.984  render           | Saved: 'C:\Users\iputu\Documents\Wonder Chess\art-source\asset-studio\wc_u_human_guardian\stages\body-costume\BW6\bracer\motion\r002\tracked\frame_0004.png'
00:09.812  render           | Saved: 'C:\Users\iputu\Documents\Wonder Chess\art-source\asset-studio\wc_u_human_guardian\stages\body-costume\BW6\bracer\motion\r002\tracked\frame_0005.png'
00:10.672  render           | Saved: 'C:\Users\iputu\Documents\Wonder Chess\art-source\asset-studio\wc_u_human_guardian\stages\body-costume\BW6\bracer\motion\r002\tracked\frame_0006.png'
00:11.484  render           | Saved: 'C:\Users\iputu\Documents\Wonder Chess\art-source\asset-studio\wc_u_human_guardian\stages\body-costume\BW6\bracer\motion\r002\tracked\frame_0007.png'
00:12.250  render           | Saved: 'C:\Users\iputu\Documents\Wonder Chess\art-source\asset-studio\wc_u_human_guardian\stages\body-costume\BW6\bracer\motion\r002\tracked\frame_0008.png'
00:13.203  render           | Saved: 'C:\Users\iputu\Documents\Wonder Chess\art-source\asset-studio\wc_u_human_guardian\stages\body-costume\BW6\bracer\motion\r002\tracked\frame_0009.png'
00:13.953  render           | Saved: 'C:\Users\iputu\Documents\Wonder Chess\art-source\asset-studio\wc_u_human_guardian\stages\body-costume\BW6\bracer\motion\r002\tracked\frame_0010.png'
00:14.765  render           | Saved: 'C:\Users\iputu\Documents\Wonder Chess\art-source\asset-studio\wc_u_human_guardian\stages\body-costume\BW6\bracer\motion\r002\tracked\frame_0011.png'
00:15.531  render           | Saved: 'C:\Users\iputu\Documents\Wonder Chess\art-source\asset-studio\wc_u_human_guardian\stages\body-costume\BW6\bracer\motion\r002\tracked\frame_0012.png'
00:16.375  render           | Saved: 'C:\Users\iputu\Documents\Wonder Chess\art-source\asset-studio\wc_u_human_guardian\stages\body-costume\BW6\bracer\motion\r002\tracked\frame_0013.png'
00:17.140  render           | Saved: 'C:\Users\iputu\Documents\Wonder Chess\art-source\asset-studio\wc_u_human_guardian\stages\body-costume\BW6\bracer\motion\r002\tracked\frame_0014.png'
00:18.000  render           | Saved: 'C:\Users\iputu\Documents\Wonder Chess\art-source\asset-studio\wc_u_human_guardian\stages\body-costume\BW6\bracer\motion\r002\tracked\frame_0015.png'
00:18.812  render           | Saved: 'C:\Users\iputu\Documents\Wonder Chess\art-source\asset-studio\wc_u_human_guardian\stages\body-costume\BW6\bracer\motion\r002\tracked\frame_0016.png'
00:19.656  render           | Saved: 'C:\Users\iputu\Documents\Wonder Chess\art-source\asset-studio\wc_u_human_guardian\stages\body-costume\BW6\bracer\motion\r002\tracked\frame_0017.png'
00:20.437  render           | Saved: 'C:\Users\iputu\Documents\Wonder Chess\art-source\asset-studio\wc_u_human_guardian\stages\body-costume\BW6\bracer\motion\r002\tracked\frame_0018.png'
00:21.297  render           | Saved: 'C:\Users\iputu\Documents\Wonder Chess\art-source\asset-studio\wc_u_human_guardian\stages\body-costume\BW6\bracer\motion\r002\tracked\frame_0019.png'
00:22.062  render           | Saved: 'C:\Users\iputu\Documents\Wonder Chess\art-source\asset-studio\wc_u_human_guardian\stages\body-costume\BW6\bracer\motion\r002\tracked\frame_0020.png'
00:23.000  render           | Saved: 'C:\Users\iputu\Documents\Wonder Chess\art-source\asset-studio\wc_u_human_guardian\stages\body-costume\BW6\bracer\motion\r002\tracked\frame_0021.png'
00:23.812  render           | Saved: 'C:\Users\iputu\Documents\Wonder Chess\art-source\asset-studio\wc_u_human_guardian\stages\body-costume\BW6\bracer\motion\r002\tracked\frame_0022.png'
00:24.750  render           | Saved: 'C:\Users\iputu\Documents\Wonder Chess\art-source\asset-studio\wc_u_human_guardian\stages\body-costume\BW6\bracer\motion\r002\tracked\frame_0023.png'
00:25.593  render           | Saved: 'C:\Users\iputu\Documents\Wonder Chess\art-source\asset-studio\wc_u_human_guardian\stages\body-costume\BW6\bracer\motion\r002\tracked\frame_0024.png'
00:26.484  render           | Saved: 'C:\Users\iputu\Documents\Wonder Chess\art-source\asset-studio\wc_u_human_guardian\stages\body-costume\BW6\bracer\motion\r002\tracked\frame_0025.png'
00:27.328  render           | Saved: 'C:\Users\iputu\Documents\Wonder Chess\art-source\asset-studio\wc_u_human_guardian\stages\body-costume\BW6\bracer\motion\r002\tracked\frame_0026.png'
00:28.156  render           | Saved: 'C:\Users\iputu\Documents\Wonder Chess\art-source\asset-studio\wc_u_human_guardian\stages\body-costume\BW6\bracer\motion\r002\tracked\frame_0027.png'
00:28.984  render           | Saved: 'C:\Users\iputu\Documents\Wonder Chess\art-source\asset-studio\wc_u_human_guardian\stages\body-costume\BW6\bracer\motion\r002\tracked\frame_0028.png'
00:29.906  render           | Saved: 'C:\Users\iputu\Documents\Wonder Chess\art-source\asset-studio\wc_u_human_guardian\stages\body-costume\BW6\bracer\motion\r002\tracked\frame_0029.png'
00:30.781  render           | Saved: 'C:\Users\iputu\Documents\Wonder Chess\art-source\asset-studio\wc_u_human_guardian\stages\body-costume\BW6\bracer\motion\r002\tracked\frame_0030.png'
00:31.797  render           | Saved: 'C:\Users\iputu\Documents\Wonder Chess\art-source\asset-studio\wc_u_human_guardian\stages\body-costume\BW6\bracer\motion\r002\tracked\frame_0031.png'
00:32.703  render           | Saved: 'C:\Users\iputu\Documents\Wonder Chess\art-source\asset-studio\wc_u_human_guardian\stages\body-costume\BW6\bracer\motion\r002\tracked\frame_0032.png'
00:33.547  render           | Saved: 'C:\Users\iputu\Documents\Wonder Chess\art-source\asset-studio\wc_u_human_guardian\stages\body-costume\BW6\bracer\motion\r002\tracked\frame_0033.png'
00:34.297  render           | Saved: 'C:\Users\iputu\Documents\Wonder Chess\art-source\asset-studio\wc_u_human_guardian\stages\body-costume\BW6\bracer\motion\r002\tracked\frame_0034.png'
00:35.156  render           | Saved: 'C:\Users\iputu\Documents\Wonder Chess\art-source\asset-studio\wc_u_human_guardian\stages\body-costume\BW6\bracer\motion\r002\tracked\frame_0035.png'
00:36.125  render           | Saved: 'C:\Users\iputu\Documents\Wonder Chess\art-source\asset-studio\wc_u_human_guardian\stages\body-costume\BW6\bracer\motion\r002\tracked\frame_0036.png'
00:37.093  render           | Saved: 'C:\Users\iputu\Documents\Wonder Chess\art-source\asset-studio\wc_u_human_guardian\stages\body-costume\BW6\bracer\motion\r002\tracked\frame_0037.png'
00:37.968  render           | Saved: 'C:\Users\iputu\Documents\Wonder Chess\art-source\asset-studio\wc_u_human_guardian\stages\body-costume\BW6\bracer\motion\r002\tracked\frame_0038.png'
00:38.734  render           | Saved: 'C:\Users\iputu\Documents\Wonder Chess\art-source\asset-studio\wc_u_human_guardian\stages\body-costume\BW6\bracer\motion\r002\tracked\frame_0039.png'
00:39.484  render           | Saved: 'C:\Users\iputu\Documents\Wonder Chess\art-source\asset-studio\wc_u_human_guardian\stages\body-costume\BW6\bracer\motion\r002\tracked\frame_0040.png'
00:40.312  render           | Saved: 'C:\Users\iputu\Documents\Wonder Chess\art-source\asset-studio\wc_u_human_guardian\stages\body-costume\BW6\bracer\motion\r002\tracked\frame_0041.png'
00:41.312  render           | Saved: 'C:\Users\iputu\Documents\Wonder Chess\art-source\asset-studio\wc_u_human_guardian\stages\body-costume\BW6\bracer\motion\r002\tracked\frame_0042.png'
00:42.281  render           | Saved: 'C:\Users\iputu\Documents\Wonder Chess\art-source\asset-studio\wc_u_human_guardian\stages\body-costume\BW6\bracer\motion\r002\tracked\frame_0043.png'
00:43.093  render           | Saved: 'C:\Users\iputu\Documents\Wonder Chess\art-source\asset-studio\wc_u_human_guardian\stages\body-costume\BW6\bracer\motion\r002\tracked\frame_0044.png'
00:43.859  render           | Saved: 'C:\Users\iputu\Documents\Wonder Chess\art-source\asset-studio\wc_u_human_guardian\stages\body-costume\BW6\bracer\motion\r002\tracked\frame_0045.png'
00:44.609  render           | Saved: 'C:\Users\iputu\Documents\Wonder Chess\art-source\asset-studio\wc_u_human_guardian\stages\body-costume\BW6\bracer\motion\r002\tracked\frame_0046.png'
00:45.328  render           | Saved: 'C:\Users\iputu\Documents\Wonder Chess\art-source\asset-studio\wc_u_human_guardian\stages\body-costume\BW6\bracer\motion\r002\tracked\frame_0047.png'
00:46.109  render           | Saved: 'C:\Users\iputu\Documents\Wonder Chess\art-source\asset-studio\wc_u_human_guardian\stages\body-costume\BW6\bracer\motion\r002\tracked\frame_0048.png'
00:46.812  render           | Saved: 'C:\Users\iputu\Documents\Wonder Chess\art-source\asset-studio\wc_u_human_guardian\stages\body-costume\BW6\bracer\motion\r002\tracked\frame_0049.png'
00:47.609  render           | Saved: 'C:\Users\iputu\Documents\Wonder Chess\art-source\asset-studio\wc_u_human_guardian\stages\body-costume\BW6\bracer\motion\r002\tracked\frame_0050.png'
00:48.453  render           | Saved: 'C:\Users\iputu\Documents\Wonder Chess\art-source\asset-studio\wc_u_human_guardian\stages\body-costume\BW6\bracer\motion\r002\tracked\frame_0051.png'
00:49.297  render           | Saved: 'C:\Users\iputu\Documents\Wonder Chess\art-source\asset-studio\wc_u_human_guardian\stages\body-costume\BW6\bracer\motion\r002\tracked\frame_0052.png'
00:49.922  render           | Saved: 'C:\Users\iputu\Documents\Wonder Chess\art-source\asset-studio\wc_u_human_guardian\stages\body-costume\BW6\bracer\motion\r002\tracked\frame_0053.png'
00:50.812  render           | Saved: 'C:\Users\iputu\Documents\Wonder Chess\art-source\asset-studio\wc_u_human_guardian\stages\body-costume\BW6\bracer\motion\r002\tracked\frame_0054.png'
00:51.953  render           | Saved: 'C:\Users\iputu\Documents\Wonder Chess\art-source\asset-studio\wc_u_human_guardian\stages\body-costume\BW6\bracer\motion\r002\tracked\frame_0055.png'
00:52.937  render           | Saved: 'C:\Users\iputu\Documents\Wonder Chess\art-source\asset-studio\wc_u_human_guardian\stages\body-costume\BW6\bracer\motion\r002\tracked\frame_0056.png'
00:53.765  render           | Saved: 'C:\Users\iputu\Documents\Wonder Chess\art-source\asset-studio\wc_u_human_guardian\stages\body-costume\BW6\bracer\motion\r002\tracked\frame_0057.png'
00:54.562  render           | Saved: 'C:\Users\iputu\Documents\Wonder Chess\art-source\asset-studio\wc_u_human_guardian\stages\body-costume\BW6\bracer\motion\r002\tracked\frame_0058.png'
00:55.375  render           | Saved: 'C:\Users\iputu\Documents\Wonder Chess\art-source\asset-studio\wc_u_human_guardian\stages\body-costume\BW6\bracer\motion\r002\tracked\frame_0059.png'
00:56.218  render           | Saved: 'C:\Users\iputu\Documents\Wonder Chess\art-source\asset-studio\wc_u_human_guardian\stages\body-costume\BW6\bracer\motion\r002\tracked\frame_0060.png'
00:57.093  render           | Saved: 'C:\Users\iputu\Documents\Wonder Chess\art-source\asset-studio\wc_u_human_guardian\stages\body-costume\BW6\bracer\motion\r002\tracked\frame_0061.png'
00:57.968  render           | Saved: 'C:\Users\iputu\Documents\Wonder Chess\art-source\asset-studio\wc_u_human_guardian\stages\body-costume\BW6\bracer\motion\r002\tracked\frame_0062.png'
00:59.031  render           | Saved: 'C:\Users\iputu\Documents\Wonder Chess\art-source\asset-studio\wc_u_human_guardian\stages\body-costume\BW6\bracer\motion\r002\tracked\frame_0063.png'
01:00.000  render           | Saved: 'C:\Users\iputu\Documents\Wonder Chess\art-source\asset-studio\wc_u_human_guardian\stages\body-costume\BW6\bracer\motion\r002\tracked\frame_0064.png'
01:01.031  render           | Saved: 'C:\Users\iputu\Documents\Wonder Chess\art-source\asset-studio\wc_u_human_guardian\stages\body-costume\BW6\bracer\motion\r002\tracked\frame_0065.png'
01:02.093  render           | Saved: 'C:\Users\iputu\Documents\Wonder Chess\art-source\asset-studio\wc_u_human_guardian\stages\body-costume\BW6\bracer\motion\r002\tracked\frame_0066.png'
01:03.172  render           | Saved: 'C:\Users\iputu\Documents\Wonder Chess\art-source\asset-studio\wc_u_human_guardian\stages\body-costume\BW6\bracer\motion\r002\tracked\frame_0067.png'
01:04.172  render           | Saved: 'C:\Users\iputu\Documents\Wonder Chess\art-source\asset-studio\wc_u_human_guardian\stages\body-costume\BW6\bracer\motion\r002\tracked\frame_0068.png'
01:05.203  render           | Saved: 'C:\Users\iputu\Documents\Wonder Chess\art-source\asset-studio\wc_u_human_guardian\stages\body-costume\BW6\bracer\motion\r002\tracked\frame_0069.png'
01:06.312  render           | Saved: 'C:\Users\iputu\Documents\Wonder Chess\art-source\asset-studio\wc_u_human_guardian\stages\body-costume\BW6\bracer\motion\r002\tracked\frame_0070.png'
01:07.515  render           | Saved: 'C:\Users\iputu\Documents\Wonder Chess\art-source\asset-studio\wc_u_human_guardian\stages\body-costume\BW6\bracer\motion\r002\tracked\frame_0071.png'
01:08.484  render           | Saved: 'C:\Users\iputu\Documents\Wonder Chess\art-source\asset-studio\wc_u_human_guardian\stages\body-costume\BW6\bracer\motion\r002\tracked\frame_0072.png'
01:09.562  render           | Saved: 'C:\Users\iputu\Documents\Wonder Chess\art-source\asset-studio\wc_u_human_guardian\stages\body-costume\BW6\bracer\motion\r002\tracked\frame_0073.png'
01:10.750  render           | Saved: 'C:\Users\iputu\Documents\Wonder Chess\art-source\asset-studio\wc_u_human_guardian\stages\body-costume\BW6\bracer\motion\r002\tracked\frame_0074.png'
01:12.047  render           | Saved: 'C:\Users\iputu\Documents\Wonder Chess\art-source\asset-studio\wc_u_human_guardian\stages\body-costume\BW6\bracer\motion\r002\tracked\frame_0075.png'
01:13.265  render           | Saved: 'C:\Users\iputu\Documents\Wonder Chess\art-source\asset-studio\wc_u_human_guardian\stages\body-costume\BW6\bracer\motion\r002\tracked\frame_0076.png'
01:14.406  render           | Saved: 'C:\Users\iputu\Documents\Wonder Chess\art-source\asset-studio\wc_u_human_guardian\stages\body-costume\BW6\bracer\motion\r002\tracked\frame_0077.png'
01:15.578  render           | Saved: 'C:\Users\iputu\Documents\Wonder Chess\art-source\asset-studio\wc_u_human_guardian\stages\body-costume\BW6\bracer\motion\r002\tracked\frame_0078.png'
01:16.578  render           | Saved: 'C:\Users\iputu\Documents\Wonder Chess\art-source\asset-studio\wc_u_human_guardian\stages\body-costume\BW6\bracer\motion\r002\tracked\frame_0079.png'
01:17.468  render           | Saved: 'C:\Users\iputu\Documents\Wonder Chess\art-source\asset-studio\wc_u_human_guardian\stages\body-costume\BW6\bracer\motion\r002\tracked\frame_0080.png'
01:18.609  render           | Saved: 'C:\Users\iputu\Documents\Wonder Chess\art-source\asset-studio\wc_u_human_guardian\stages\body-costume\BW6\bracer\motion\r002\tracked\frame_0081.png'
01:19.828  render           | Saved: 'C:\Users\iputu\Documents\Wonder Chess\art-source\asset-studio\wc_u_human_guardian\stages\body-costume\BW6\bracer\motion\r002\tracked\frame_0082.png'
01:20.828  render           | Saved: 'C:\Users\iputu\Documents\Wonder Chess\art-source\asset-studio\wc_u_human_guardian\stages\body-costume\BW6\bracer\motion\r002\tracked\frame_0083.png'
01:21.890  render           | Saved: 'C:\Users\iputu\Documents\Wonder Chess\art-source\asset-studio\wc_u_human_guardian\stages\body-costume\BW6\bracer\motion\r002\tracked\frame_0084.png'
01:22.812  render           | Saved: 'C:\Users\iputu\Documents\Wonder Chess\art-source\asset-studio\wc_u_human_guardian\stages\body-costume\BW6\bracer\motion\r002\tracked\frame_0085.png'
01:23.906  render           | Saved: 'C:\Users\iputu\Documents\Wonder Chess\art-source\asset-studio\wc_u_human_guardian\stages\body-costume\BW6\bracer\motion\r002\tracked\frame_0086.png'
01:24.875  render           | Saved: 'C:\Users\iputu\Documents\Wonder Chess\art-source\asset-studio\wc_u_human_guardian\stages\body-costume\BW6\bracer\motion\r002\tracked\frame_0087.png'
01:25.750  render           | Saved: 'C:\Users\iputu\Documents\Wonder Chess\art-source\asset-studio\wc_u_human_guardian\stages\body-costume\BW6\bracer\motion\r002\tracked\frame_0088.png'
01:26.640  render           | Saved: 'C:\Users\iputu\Documents\Wonder Chess\art-source\asset-studio\wc_u_human_guardian\stages\body-costume\BW6\bracer\motion\r002\tracked\frame_0089.png'
01:27.515  render           | Saved: 'C:\Users\iputu\Documents\Wonder Chess\art-source\asset-studio\wc_u_human_guardian\stages\body-costume\BW6\bracer\motion\r002\tracked\frame_0090.png'
01:28.437  render           | Saved: 'C:\Users\iputu\Documents\Wonder Chess\art-source\asset-studio\wc_u_human_guardian\stages\body-costume\BW6\bracer\motion\r002\tracked\frame_0091.png'
01:29.625  render           | Saved: 'C:\Users\iputu\Documents\Wonder Chess\art-source\asset-studio\wc_u_human_guardian\stages\body-costume\BW6\bracer\motion\r002\tracked\frame_0092.png'
01:30.640  render           | Saved: 'C:\Users\iputu\Documents\Wonder Chess\art-source\asset-studio\wc_u_human_guardian\stages\body-costume\BW6\bracer\motion\r002\tracked\frame_0093.png'
01:31.578  render           | Saved: 'C:\Users\iputu\Documents\Wonder Chess\art-source\asset-studio\wc_u_human_guardian\stages\body-costume\BW6\bracer\motion\r002\tracked\frame_0094.png'
01:32.468  render           | Saved: 'C:\Users\iputu\Documents\Wonder Chess\art-source\asset-studio\wc_u_human_guardian\stages\body-costume\BW6\bracer\motion\r002\tracked\frame_0095.png'
01:33.328  render           | Saved: 'C:\Users\iputu\Documents\Wonder Chess\art-source\asset-studio\wc_u_human_guardian\stages\body-costume\BW6\bracer\motion\r002\tracked\frame_0096.png'
01:34.156  render           | Saved: 'C:\Users\iputu\Documents\Wonder Chess\art-source\asset-studio\wc_u_human_guardian\stages\body-costume\BW6\bracer\motion\r002\tracked\frame_0097.png'
01:35.062  render           | Saved: 'C:\Users\iputu\Documents\Wonder Chess\art-source\asset-studio\wc_u_human_guardian\stages\body-costume\BW6\bracer\motion\r002\context\frame_0001.png'
01:36.218  render           | Saved: 'C:\Users\iputu\Documents\Wonder Chess\art-source\asset-studio\wc_u_human_guardian\stages\body-costume\BW6\bracer\motion\r002\context\frame_0002.png'
01:37.265  render           | Saved: 'C:\Users\iputu\Documents\Wonder Chess\art-source\asset-studio\wc_u_human_guardian\stages\body-costume\BW6\bracer\motion\r002\context\frame_0003.png'
01:38.234  render           | Saved: 'C:\Users\iputu\Documents\Wonder Chess\art-source\asset-studio\wc_u_human_guardian\stages\body-costume\BW6\bracer\motion\r002\context\frame_0004.png'
01:39.328  render           | Saved: 'C:\Users\iputu\Documents\Wonder Chess\art-source\asset-studio\wc_u_human_guardian\stages\body-costume\BW6\bracer\motion\r002\context\frame_0005.png'
01:40.531  render           | Saved: 'C:\Users\iputu\Documents\Wonder Chess\art-source\asset-studio\wc_u_human_guardian\stages\body-costume\BW6\bracer\motion\r002\context\frame_0006.png'
01:41.656  render           | Saved: 'C:\Users\iputu\Documents\Wonder Chess\art-source\asset-studio\wc_u_human_guardian\stages\body-costume\BW6\bracer\motion\r002\context\frame_0007.png'
01:42.750  render           | Saved: 'C:\Users\iputu\Documents\Wonder Chess\art-source\asset-studio\wc_u_human_guardian\stages\body-costume\BW6\bracer\motion\r002\context\frame_0008.png'
01:43.797  render           | Saved: 'C:\Users\iputu\Documents\Wonder Chess\art-source\asset-studio\wc_u_human_guardian\stages\body-costume\BW6\bracer\motion\r002\context\frame_0009.png'
01:44.812  render           | Saved: 'C:\Users\iputu\Documents\Wonder Chess\art-source\asset-studio\wc_u_human_guardian\stages\body-costume\BW6\bracer\motion\r002\context\frame_0010.png'
01:45.922  render           | Saved: 'C:\Users\iputu\Documents\Wonder Chess\art-source\asset-studio\wc_u_human_guardian\stages\body-costume\BW6\bracer\motion\r002\context\frame_0011.png'
01:47.140  render           | Saved: 'C:\Users\iputu\Documents\Wonder Chess\art-source\asset-studio\wc_u_human_guardian\stages\body-costume\BW6\bracer\motion\r002\context\frame_0012.png'
01:48.250  render           | Saved: 'C:\Users\iputu\Documents\Wonder Chess\art-source\asset-studio\wc_u_human_guardian\stages\body-costume\BW6\bracer\motion\r002\context\frame_0013.png'
01:49.312  render           | Saved: 'C:\Users\iputu\Documents\Wonder Chess\art-source\asset-studio\wc_u_human_guardian\stages\body-costume\BW6\bracer\motion\r002\context\frame_0014.png'
01:50.281  render           | Saved: 'C:\Users\iputu\Documents\Wonder Chess\art-source\asset-studio\wc_u_human_guardian\stages\body-costume\BW6\bracer\motion\r002\context\frame_0015.png'
01:51.250  render           | Saved: 'C:\Users\iputu\Documents\Wonder Chess\art-source\asset-studio\wc_u_human_guardian\stages\body-costume\BW6\bracer\motion\r002\context\frame_0016.png'
01:52.218  render           | Saved: 'C:\Users\iputu\Documents\Wonder Chess\art-source\asset-studio\wc_u_human_guardian\stages\body-costume\BW6\bracer\motion\r002\context\frame_0017.png'
01:53.062  render           | Saved: 'C:\Users\iputu\Documents\Wonder Chess\art-source\asset-studio\wc_u_human_guardian\stages\body-costume\BW6\bracer\motion\r002\context\frame_0018.png'
01:53.968  render           | Saved: 'C:\Users\iputu\Documents\Wonder Chess\art-source\asset-studio\wc_u_human_guardian\stages\body-costume\BW6\bracer\motion\r002\context\frame_0019.png'
01:54.797  render           | Saved: 'C:\Users\iputu\Documents\Wonder Chess\art-source\asset-studio\wc_u_human_guardian\stages\body-costume\BW6\bracer\motion\r002\context\frame_0020.png'
01:55.656  render           | Saved: 'C:\Users\iputu\Documents\Wonder Chess\art-source\asset-studio\wc_u_human_guardian\stages\body-costume\BW6\bracer\motion\r002\context\frame_0021.png'
01:56.515  render           | Saved: 'C:\Users\iputu\Documents\Wonder Chess\art-source\asset-studio\wc_u_human_guardian\stages\body-costume\BW6\bracer\motion\r002\context\frame_0022.png'
01:57.343  render           | Saved: 'C:\Users\iputu\Documents\Wonder Chess\art-source\asset-studio\wc_u_human_guardian\stages\body-costume\BW6\bracer\motion\r002\context\frame_0023.png'
01:58.265  render           | Saved: 'C:\Users\iputu\Documents\Wonder Chess\art-source\asset-studio\wc_u_human_guardian\stages\body-costume\BW6\bracer\motion\r002\context\frame_0024.png'
01:59.140  render           | Saved: 'C:\Users\iputu\Documents\Wonder Chess\art-source\asset-studio\wc_u_human_guardian\stages\body-costume\BW6\bracer\motion\r002\context\frame_0025.png'
02:00.062  render           | Saved: 'C:\Users\iputu\Documents\Wonder Chess\art-source\asset-studio\wc_u_human_guardian\stages\body-costume\BW6\bracer\motion\r002\context\frame_0026.png'
02:01.062  render           | Saved: 'C:\Users\iputu\Documents\Wonder Chess\art-source\asset-studio\wc_u_human_guardian\stages\body-costume\BW6\bracer\motion\r002\context\frame_0027.png'
02:02.125  render           | Saved: 'C:\Users\iputu\Documents\Wonder Chess\art-source\asset-studio\wc_u_human_guardian\stages\body-costume\BW6\bracer\motion\r002\context\frame_0028.png'
02:03.078  render           | Saved: 'C:\Users\iputu\Documents\Wonder Chess\art-source\asset-studio\wc_u_human_guardian\stages\body-costume\BW6\bracer\motion\r002\context\frame_0029.png'
02:04.453  render           | Saved: 'C:\Users\iputu\Documents\Wonder Chess\art-source\asset-studio\wc_u_human_guardian\stages\body-costume\BW6\bracer\motion\r002\context\frame_0030.png'
02:05.625  render           | Saved: 'C:\Users\iputu\Documents\Wonder Chess\art-source\asset-studio\wc_u_human_guardian\stages\body-costume\BW6\bracer\motion\r002\context\frame_0031.png'
02:06.578  render           | Saved: 'C:\Users\iputu\Documents\Wonder Chess\art-source\asset-studio\wc_u_human_guardian\stages\body-costume\BW6\bracer\motion\r002\context\frame_0032.png'
02:07.625  render           | Saved: 'C:\Users\iputu\Documents\Wonder Chess\art-source\asset-studio\wc_u_human_guardian\stages\body-costume\BW6\bracer\motion\r002\context\frame_0033.png'
02:08.484  render           | Saved: 'C:\Users\iputu\Documents\Wonder Chess\art-source\asset-studio\wc_u_human_guardian\stages\body-costume\BW6\bracer\motion\r002\context\frame_0034.png'
02:09.250  render           | Saved: 'C:\Users\iputu\Documents\Wonder Chess\art-source\asset-studio\wc_u_human_guardian\stages\body-costume\BW6\bracer\motion\r002\context\frame_0035.png'
02:10.015  render           | Saved: 'C:\Users\iputu\Documents\Wonder Chess\art-source\asset-studio\wc_u_human_guardian\stages\body-costume\BW6\bracer\motion\r002\context\frame_0036.png'
02:10.765  render           | Saved: 'C:\Users\iputu\Documents\Wonder Chess\art-source\asset-studio\wc_u_human_guardian\stages\body-costume\BW6\bracer\motion\r002\context\frame_0037.png'
02:11.562  render           | Saved: 'C:\Users\iputu\Documents\Wonder Chess\art-source\asset-studio\wc_u_human_guardian\stages\body-costume\BW6\bracer\motion\r002\context\frame_0038.png'
02:12.343  render           | Saved: 'C:\Users\iputu\Documents\Wonder Chess\art-source\asset-studio\wc_u_human_guardian\stages\body-costume\BW6\bracer\motion\r002\context\frame_0039.png'
02:13.125  render           | Saved: 'C:\Users\iputu\Documents\Wonder Chess\art-source\asset-studio\wc_u_human_guardian\stages\body-costume\BW6\bracer\motion\r002\context\frame_0040.png'
02:13.812  render           | Saved: 'C:\Users\iputu\Documents\Wonder Chess\art-source\asset-studio\wc_u_human_guardian\stages\body-costume\BW6\bracer\motion\r002\context\frame_0041.png'
02:14.609  render           | Saved: 'C:\Users\iputu\Documents\Wonder Chess\art-source\asset-studio\wc_u_human_guardian\stages\body-costume\BW6\bracer\motion\r002\context\frame_0042.png'
02:15.484  render           | Saved: 'C:\Users\iputu\Documents\Wonder Chess\art-source\asset-studio\wc_u_human_guardian\stages\body-costume\BW6\bracer\motion\r002\context\frame_0043.png'
02:16.437  render           | Saved: 'C:\Users\iputu\Documents\Wonder Chess\art-source\asset-studio\wc_u_human_guardian\stages\body-costume\BW6\bracer\motion\r002\context\frame_0044.png'
02:17.500  render           | Saved: 'C:\Users\iputu\Documents\Wonder Chess\art-source\asset-studio\wc_u_human_guardian\stages\body-costume\BW6\bracer\motion\r002\context\frame_0045.png'
02:18.375  render           | Saved: 'C:\Users\iputu\Documents\Wonder Chess\art-source\asset-studio\wc_u_human_guardian\stages\body-costume\BW6\bracer\motion\r002\context\frame_0046.png'
02:19.265  render           | Saved: 'C:\Users\iputu\Documents\Wonder Chess\art-source\asset-studio\wc_u_human_guardian\stages\body-costume\BW6\bracer\motion\r002\context\frame_0047.png'
02:20.109  render           | Saved: 'C:\Users\iputu\Documents\Wonder Chess\art-source\asset-studio\wc_u_human_guardian\stages\body-costume\BW6\bracer\motion\r002\context\frame_0048.png'
02:20.953  render           | Saved: 'C:\Users\iputu\Documents\Wonder Chess\art-source\asset-studio\wc_u_human_guardian\stages\body-costume\BW6\bracer\motion\r002\context\frame_0049.png'
02:21.828  render           | Saved: 'C:\Users\iputu\Documents\Wonder Chess\art-source\asset-studio\wc_u_human_guardian\stages\body-costume\BW6\bracer\motion\r002\context\frame_0050.png'
02:22.609  render           | Saved: 'C:\Users\iputu\Documents\Wonder Chess\art-source\asset-studio\wc_u_human_guardian\stages\body-costume\BW6\bracer\motion\r002\context\frame_0051.png'
02:23.422  render           | Saved: 'C:\Users\iputu\Documents\Wonder Chess\art-source\asset-studio\wc_u_human_guardian\stages\body-costume\BW6\bracer\motion\r002\context\frame_0052.png'
02:24.265  render           | Saved: 'C:\Users\iputu\Documents\Wonder Chess\art-source\asset-studio\wc_u_human_guardian\stages\body-costume\BW6\bracer\motion\r002\context\frame_0053.png'
02:25.047  render           | Saved: 'C:\Users\iputu\Documents\Wonder Chess\art-source\asset-studio\wc_u_human_guardian\stages\body-costume\BW6\bracer\motion\r002\context\frame_0054.png'
02:25.953  render           | Saved: 'C:\Users\iputu\Documents\Wonder Chess\art-source\asset-studio\wc_u_human_guardian\stages\body-costume\BW6\bracer\motion\r002\context\frame_0055.png'
02:26.797  render           | Saved: 'C:\Users\iputu\Documents\Wonder Chess\art-source\asset-studio\wc_u_human_guardian\stages\body-costume\BW6\bracer\motion\r002\context\frame_0056.png'
02:27.640  render           | Saved: 'C:\Users\iputu\Documents\Wonder Chess\art-source\asset-studio\wc_u_human_guardian\stages\body-costume\BW6\bracer\motion\r002\context\frame_0057.png'
02:28.422  render           | Saved: 'C:\Users\iputu\Documents\Wonder Chess\art-source\asset-studio\wc_u_human_guardian\stages\body-costume\BW6\bracer\motion\r002\context\frame_0058.png'
02:29.328  render           | Saved: 'C:\Users\iputu\Documents\Wonder Chess\art-source\asset-studio\wc_u_human_guardian\stages\body-costume\BW6\bracer\motion\r002\context\frame_0059.png'
02:30.172  render           | Saved: 'C:\Users\iputu\Documents\Wonder Chess\art-source\asset-studio\wc_u_human_guardian\stages\body-costume\BW6\bracer\motion\r002\context\frame_0060.png'
02:31.093  render           | Saved: 'C:\Users\iputu\Documents\Wonder Chess\art-source\asset-studio\wc_u_human_guardian\stages\body-costume\BW6\bracer\motion\r002\context\frame_0061.png'
02:31.968  render           | Saved: 'C:\Users\iputu\Documents\Wonder Chess\art-source\asset-studio\wc_u_human_guardian\stages\body-costume\BW6\bracer\motion\r002\context\frame_0062.png'
02:32.812  render           | Saved: 'C:\Users\iputu\Documents\Wonder Chess\art-source\asset-studio\wc_u_human_guardian\stages\body-costume\BW6\bracer\motion\r002\context\frame_0063.png'
02:33.672  render           | Saved: 'C:\Users\iputu\Documents\Wonder Chess\art-source\asset-studio\wc_u_human_guardian\stages\body-costume\BW6\bracer\motion\r002\context\frame_0064.png'
02:34.515  render           | Saved: 'C:\Users\iputu\Documents\Wonder Chess\art-source\asset-studio\wc_u_human_guardian\stages\body-costume\BW6\bracer\motion\r002\context\frame_0065.png'
02:35.390  render           | Saved: 'C:\Users\iputu\Documents\Wonder Chess\art-source\asset-studio\wc_u_human_guardian\stages\body-costume\BW6\bracer\motion\r002\context\frame_0066.png'
02:36.609  render           | Saved: 'C:\Users\iputu\Documents\Wonder Chess\art-source\asset-studio\wc_u_human_guardian\stages\body-costume\BW6\bracer\motion\r002\context\frame_0067.png'
02:37.515  render           | Saved: 'C:\Users\iputu\Documents\Wonder Chess\art-source\asset-studio\wc_u_human_guardian\stages\body-costume\BW6\bracer\motion\r002\context\frame_0068.png'
02:38.375  render           | Saved: 'C:\Users\iputu\Documents\Wonder Chess\art-source\asset-studio\wc_u_human_guardian\stages\body-costume\BW6\bracer\motion\r002\context\frame_0069.png'
02:39.203  render           | Saved: 'C:\Users\iputu\Documents\Wonder Chess\art-source\asset-studio\wc_u_human_guardian\stages\body-costume\BW6\bracer\motion\r002\context\frame_0070.png'
02:40.125  render           | Saved: 'C:\Users\iputu\Documents\Wonder Chess\art-source\asset-studio\wc_u_human_guardian\stages\body-costume\BW6\bracer\motion\r002\context\frame_0071.png'
02:40.968  render           | Saved: 'C:\Users\iputu\Documents\Wonder Chess\art-source\asset-studio\wc_u_human_guardian\stages\body-costume\BW6\bracer\motion\r002\context\frame_0072.png'
02:41.859  render           | Saved: 'C:\Users\iputu\Documents\Wonder Chess\art-source\asset-studio\wc_u_human_guardian\stages\body-costume\BW6\bracer\motion\r002\context\frame_0073.png'
02:42.765  render           | Saved: 'C:\Users\iputu\Documents\Wonder Chess\art-source\asset-studio\wc_u_human_guardian\stages\body-costume\BW6\bracer\motion\r002\context\frame_0074.png'
02:43.625  render           | Saved: 'C:\Users\iputu\Documents\Wonder Chess\art-source\asset-studio\wc_u_human_guardian\stages\body-costume\BW6\bracer\motion\r002\context\frame_0075.png'
02:44.422  render           | Saved: 'C:\Users\iputu\Documents\Wonder Chess\art-source\asset-studio\wc_u_human_guardian\stages\body-costume\BW6\bracer\motion\r002\context\frame_0076.png'
02:45.218  render           | Saved: 'C:\Users\iputu\Documents\Wonder Chess\art-source\asset-studio\wc_u_human_guardian\stages\body-costume\BW6\bracer\motion\r002\context\frame_0077.png'
02:46.156  render           | Saved: 'C:\Users\iputu\Documents\Wonder Chess\art-source\asset-studio\wc_u_human_guardian\stages\body-costume\BW6\bracer\motion\r002\context\frame_0078.png'
02:47.000  render           | Saved: 'C:\Users\iputu\Documents\Wonder Chess\art-source\asset-studio\wc_u_human_guardian\stages\body-costume\BW6\bracer\motion\r002\context\frame_0079.png'
02:47.812  render           | Saved: 'C:\Users\iputu\Documents\Wonder Chess\art-source\asset-studio\wc_u_human_guardian\stages\body-costume\BW6\bracer\motion\r002\context\frame_0080.png'
02:48.609  render           | Saved: 'C:\Users\iputu\Documents\Wonder Chess\art-source\asset-studio\wc_u_human_guardian\stages\body-costume\BW6\bracer\motion\r002\context\frame_0081.png'
02:49.562  render           | Saved: 'C:\Users\iputu\Documents\Wonder Chess\art-source\asset-studio\wc_u_human_guardian\stages\body-costume\BW6\bracer\motion\r002\context\frame_0082.png'
02:50.593  render           | Saved: 'C:\Users\iputu\Documents\Wonder Chess\art-source\asset-studio\wc_u_human_guardian\stages\body-costume\BW6\bracer\motion\r002\context\frame_0083.png'
02:51.515  render           | Saved: 'C:\Users\iputu\Documents\Wonder Chess\art-source\asset-studio\wc_u_human_guardian\stages\body-costume\BW6\bracer\motion\r002\context\frame_0084.png'
02:52.468  render           | Saved: 'C:\Users\iputu\Documents\Wonder Chess\art-source\asset-studio\wc_u_human_guardian\stages\body-costume\BW6\bracer\motion\r002\context\frame_0085.png'
02:53.390  render           | Saved: 'C:\Users\iputu\Documents\Wonder Chess\art-source\asset-studio\wc_u_human_guardian\stages\body-costume\BW6\bracer\motion\r002\context\frame_0086.png'
02:54.265  render           | Saved: 'C:\Users\iputu\Documents\Wonder Chess\art-source\asset-studio\wc_u_human_guardian\stages\body-costume\BW6\bracer\motion\r002\context\frame_0087.png'
02:55.234  render           | Saved: 'C:\Users\iputu\Documents\Wonder Chess\art-source\asset-studio\wc_u_human_guardian\stages\body-costume\BW6\bracer\motion\r002\context\frame_0088.png'
02:56.297  render           | Saved: 'C:\Users\iputu\Documents\Wonder Chess\art-source\asset-studio\wc_u_human_guardian\stages\body-costume\BW6\bracer\motion\r002\context\frame_0089.png'
02:57.140  render           | Saved: 'C:\Users\iputu\Documents\Wonder Chess\art-source\asset-studio\wc_u_human_guardian\stages\body-costume\BW6\bracer\motion\r002\context\frame_0090.png'
02:58.125  render           | Saved: 'C:\Users\iputu\Documents\Wonder Chess\art-source\asset-studio\wc_u_human_guardian\stages\body-costume\BW6\bracer\motion\r002\context\frame_0091.png'
02:58.984  render           | Saved: 'C:\Users\iputu\Documents\Wonder Chess\art-source\asset-studio\wc_u_human_guardian\stages\body-costume\BW6\bracer\motion\r002\context\frame_0092.png'
02:59.890  render           | Saved: 'C:\Users\iputu\Documents\Wonder Chess\art-source\asset-studio\wc_u_human_guardian\stages\body-costume\BW6\bracer\motion\r002\context\frame_0093.png'
03:00.781  render           | Saved: 'C:\Users\iputu\Documents\Wonder Chess\art-source\asset-studio\wc_u_human_guardian\stages\body-costume\BW6\bracer\motion\r002\context\frame_0094.png'
03:01.672  render           | Saved: 'C:\Users\iputu\Documents\Wonder Chess\art-source\asset-studio\wc_u_human_guardian\stages\body-costume\BW6\bracer\motion\r002\context\frame_0095.png'
03:02.672  render           | Saved: 'C:\Users\iputu\Documents\Wonder Chess\art-source\asset-studio\wc_u_human_guardian\stages\body-costume\BW6\bracer\motion\r002\context\frame_0096.png'
03:03.890  render           | Saved: 'C:\Users\iputu\Documents\Wonder Chess\art-source\asset-studio\wc_u_human_guardian\stages\body-costume\BW6\bracer\motion\r002\context\frame_0097.png'
03:04.234  render           | Video append frame 1
03:04.265  render           | Video append frame 2
03:04.297  render           | Video append frame 3
03:04.312  render           | Video append frame 4
03:04.343  render           | Video append frame 5
03:04.359  render           | Video append frame 6
03:04.390  render           | Video append frame 7
03:04.437  render           | Video append frame 8
03:04.484  render           | Video append frame 9
03:04.515  render           | Video append frame 10
03:04.547  render           | Video append frame 11
03:04.578  render           | Video append frame 12
03:04.609  render           | Video append frame 13
03:04.625  render           | Video append frame 14
03:04.656  render           | Video append frame 15
03:04.718  render           | Video append frame 16
03:04.750  render           | Video append frame 17
03:04.765  render           | Video append frame 18
03:04.797  render           | Video append frame 19
03:04.828  render           | Video append frame 20
03:04.843  render           | Video append frame 21
03:04.875  render           | Video append frame 22
03:04.922  render           | Video append frame 23
03:04.953  render           | Video append frame 24
03:04.968  render           | Video append frame 25
03:05.000  render           | Video append frame 26
03:05.031  render           | Video append frame 27
03:05.062  render           | Video append frame 28
03:05.093  render           | Video append frame 29
03:05.140  render           | Video append frame 30
03:05.172  render           | Video append frame 31
03:05.203  render           | Video append frame 32
03:05.234  render           | Video append frame 33
03:05.250  render           | Video append frame 34
03:05.281  render           | Video append frame 35
03:05.312  render           | Video append frame 36
03:05.343  render           | Video append frame 37
03:05.359  render           | Video append frame 38
03:05.390  render           | Video append frame 39
03:05.422  render           | Video append frame 40
03:05.437  render           | Video append frame 41
03:05.468  render           | Video append frame 42
03:05.515  render           | Video append frame 43
03:05.593  render           | Video append frame 44
03:05.625  render           | Video append frame 45
03:05.656  render           | Video append frame 46
03:05.687  render           | Video append frame 47
03:05.703  render           | Video append frame 48
03:05.734  render           | Video append frame 49
03:05.765  render           | Video append frame 50
03:05.797  render           | Video append frame 51
03:05.843  render           | Video append frame 52
03:05.875  render           | Video append frame 53
03:05.890  render           | Video append frame 54
03:05.922  render           | Video append frame 55
03:05.937  render           | Video append frame 56
03:05.968  render           | Video append frame 57
03:06.000  render           | Video append frame 58
03:06.031  render           | Video append frame 59
03:06.062  render           | Video append frame 60
03:06.078  render           | Video append frame 61
03:06.109  render           | Video append frame 62
03:06.140  render           | Video append frame 63
03:06.156  render           | Video append frame 64
03:06.187  render           | Video append frame 65
03:06.218  render           | Video append frame 66
03:06.297  render           | Video append frame 67
03:06.328  render           | Video append frame 68
03:06.359  render           | Video append frame 69
03:06.375  render           | Video append frame 70
03:06.406  render           | Video append frame 71
03:06.437  render           | Video append frame 72
03:06.468  render           | Video append frame 73
03:06.500  render           | Video append frame 74
03:06.547  render           | Video append frame 75
03:06.578  render           | Video append frame 76
03:06.593  render           | Video append frame 77
03:06.625  render           | Video append frame 78
03:06.656  render           | Video append frame 79
03:06.672  render           | Video append frame 80
03:06.703  render           | Video append frame 81
03:06.734  render           | Video append frame 82
03:06.781  render           | Video append frame 83
03:06.812  render           | Video append frame 84
03:06.828  render           | Video append frame 85
03:06.859  render           | Video append frame 86
03:06.890  render           | Video append frame 87
03:06.922  render           | Video append frame 88
03:06.937  render           | Video append frame 89
03:06.984  render           | Video append frame 90
03:07.000  render           | Video append frame 91
03:07.031  render           | Video append frame 92
03:07.062  render           | Video append frame 93
03:07.078  render           | Video append frame 94
03:07.109  render           | Video append frame 95
03:07.140  render           | Video append frame 96
03:07.156  render           | Video append frame 97
BRACER_SOURCE_MOTION_DONE
Blender 5.1.1 (hash b70da489d7f4 built 2026-04-14 01:37:22)

Blender quit
