00:03.046  blend            | Read blend: "C:\Users\iputu\Documents\Wonder Chess\art-source\asset-studio\wc_u_human_guardian\stages\body-costume\BW2\r001\ada_bw2_grip_checkpoint_r001_ART_REVISE.blend"
C:\Users\iputu\Documents\Wonder Chess\art-source\asset-studio\wc_u_human_guardian\stages\body-costume\BW2\r001\reviews\render_bw2_carry_video.py:74: DeprecationWarning: 'Scene.use_nodes' is expected to be removed in Blender 6.0
  scene.use_nodes = False
00:07.250  render           | Saved: 'C:\Users\iputu\Documents\Wonder Chess\art-source\asset-studio\wc_u_human_guardian\stages\body-costume\BW2\r001\motion-carry-final\frames\frame_0001.png'
00:07.546  render           | Saved: 'C:\Users\iputu\Documents\Wonder Chess\art-source\asset-studio\wc_u_human_guardian\stages\body-costume\BW2\r001\motion-carry-final\frames\frame_0002.png'
00:07.640  render           | Saved: 'C:\Users\iputu\Documents\Wonder Chess\art-source\asset-studio\wc_u_human_guardian\stages\body-costume\BW2\r001\motion-carry-final\frames\frame_0003.png'
00:07.734  render           | Saved: 'C:\Users\iputu\Documents\Wonder Chess\art-source\asset-studio\wc_u_human_guardian\stages\body-costume\BW2\r001\motion-carry-final\frames\frame_0004.png'
00:07.828  render           | Saved: 'C:\Users\iputu\Documents\Wonder Chess\art-source\asset-studio\wc_u_human_guardian\stages\body-costume\BW2\r001\motion-carry-final\frames\frame_0005.png'
00:07.921  render           | Saved: 'C:\Users\iputu\Documents\Wonder Chess\art-source\asset-studio\wc_u_human_guardian\stages\body-costume\BW2\r001\motion-carry-final\frames\frame_0006.png'
00:08.000  render           | Saved: 'C:\Users\iputu\Documents\Wonder Chess\art-source\asset-studio\wc_u_human_guardian\stages\body-costume\BW2\r001\motion-carry-final\frames\frame_0007.png'
00:08.093  render           | Saved: 'C:\Users\iputu\Documents\Wonder Chess\art-source\asset-studio\wc_u_human_guardian\stages\body-costume\BW2\r001\motion-carry-final\frames\frame_0008.png'
00:08.171  render           | Saved: 'C:\Users\iputu\Documents\Wonder Chess\art-source\asset-studio\wc_u_human_guardian\stages\body-costume\BW2\r001\motion-carry-final\frames\frame_0009.png'
00:08.265  render           | Saved: 'C:\Users\iputu\Documents\Wonder Chess\art-source\asset-studio\wc_u_human_guardian\stages\body-costume\BW2\r001\motion-carry-final\frames\frame_0010.png'
00:08.343  render           | Saved: 'C:\Users\iputu\Documents\Wonder Chess\art-source\asset-studio\wc_u_human_guardian\stages\body-costume\BW2\r001\motion-carry-final\frames\frame_0011.png'
00:08.437  render           | Saved: 'C:\Users\iputu\Documents\Wonder Chess\art-source\asset-studio\wc_u_human_guardian\stages\body-costume\BW2\r001\motion-carry-final\frames\frame_0012.png'
00:08.531  render           | Saved: 'C:\Users\iputu\Documents\Wonder Chess\art-source\asset-studio\wc_u_human_guardian\stages\body-costume\BW2\r001\motion-carry-final\frames\frame_0013.png'
00:08.640  render           | Saved: 'C:\Users\iputu\Documents\Wonder Chess\art-source\asset-studio\wc_u_human_guardian\stages\body-costume\BW2\r001\motion-carry-final\frames\frame_0014.png'
00:08.734  render           | Saved: 'C:\Users\iputu\Documents\Wonder Chess\art-source\asset-studio\wc_u_human_guardian\stages\body-costume\BW2\r001\motion-carry-final\frames\frame_0015.png'
00:08.828  render           | Saved: 'C:\Users\iputu\Documents\Wonder Chess\art-source\asset-studio\wc_u_human_guardian\stages\body-costume\BW2\r001\motion-carry-final\frames\frame_0016.png'
00:08.921  render           | Saved: 'C:\Users\iputu\Documents\Wonder Chess\art-source\asset-studio\wc_u_human_guardian\stages\body-costume\BW2\r001\motion-carry-final\frames\frame_0017.png'
00:09.062  render           | Saved: 'C:\Users\iputu\Documents\Wonder Chess\art-source\asset-studio\wc_u_human_guardian\stages\body-costume\BW2\r001\motion-carry-final\frames\frame_0018.png'
00:09.171  render           | Saved: 'C:\Users\iputu\Documents\Wonder Chess\art-source\asset-studio\wc_u_human_guardian\stages\body-costume\BW2\r001\motion-carry-final\frames\frame_0019.png'
00:09.265  render           | Saved: 'C:\Users\iputu\Documents\Wonder Chess\art-source\asset-studio\wc_u_human_guardian\stages\body-costume\BW2\r001\motion-carry-final\frames\frame_0020.png'
00:09.359  render           | Saved: 'C:\Users\iputu\Documents\Wonder Chess\art-source\asset-studio\wc_u_human_guardian\stages\body-costume\BW2\r001\motion-carry-final\frames\frame_0021.png'
00:09.468  render           | Saved: 'C:\Users\iputu\Documents\Wonder Chess\art-source\asset-studio\wc_u_human_guardian\stages\body-costume\BW2\r001\motion-carry-final\frames\frame_0022.png'
00:09.562  render           | Saved: 'C:\Users\iputu\Documents\Wonder Chess\art-source\asset-studio\wc_u_human_guardian\stages\body-costume\BW2\r001\motion-carry-final\frames\frame_0023.png'
00:09.656  render           | Saved: 'C:\Users\iputu\Documents\Wonder Chess\art-source\asset-studio\wc_u_human_guardian\stages\body-costume\BW2\r001\motion-carry-final\frames\frame_0024.png'
00:09.765  render           | Saved: 'C:\Users\iputu\Documents\Wonder Chess\art-source\asset-studio\wc_u_human_guardian\stages\body-costume\BW2\r001\motion-carry-final\frames\frame_0025.png'
00:09.875  render           | Saved: 'C:\Users\iputu\Documents\Wonder Chess\art-source\asset-studio\wc_u_human_guardian\stages\body-costume\BW2\r001\motion-carry-final\frames\frame_0026.png'
00:09.953  render           | Saved: 'C:\Users\iputu\Documents\Wonder Chess\art-source\asset-studio\wc_u_human_guardian\stages\body-costume\BW2\r001\motion-carry-final\frames\frame_0027.png'
00:10.046  render           | Saved: 'C:\Users\iputu\Documents\Wonder Chess\art-source\asset-studio\wc_u_human_guardian\stages\body-costume\BW2\r001\motion-carry-final\frames\frame_0028.png'
00:10.140  render           | Saved: 'C:\Users\iputu\Documents\Wonder Chess\art-source\asset-studio\wc_u_human_guardian\stages\body-costume\BW2\r001\motion-carry-final\frames\frame_0029.png'
00:10.234  render           | Saved: 'C:\Users\iputu\Documents\Wonder Chess\art-source\asset-studio\wc_u_human_guardian\stages\body-costume\BW2\r001\motion-carry-final\frames\frame_0030.png'
00:10.359  render           | Saved: 'C:\Users\iputu\Documents\Wonder Chess\art-source\asset-studio\wc_u_human_guardian\stages\body-costume\BW2\r001\motion-carry-final\frames\frame_0031.png'
00:10.453  render           | Saved: 'C:\Users\iputu\Documents\Wonder Chess\art-source\asset-studio\wc_u_human_guardian\stages\body-costume\BW2\r001\motion-carry-final\frames\frame_0032.png'
00:10.562  render           | Saved: 'C:\Users\iputu\Documents\Wonder Chess\art-source\asset-studio\wc_u_human_guardian\stages\body-costume\BW2\r001\motion-carry-final\frames\frame_0033.png'
00:10.656  render           | Saved: 'C:\Users\iputu\Documents\Wonder Chess\art-source\asset-studio\wc_u_human_guardian\stages\body-costume\BW2\r001\motion-carry-final\frames\frame_0034.png'
00:10.750  render           | Saved: 'C:\Users\iputu\Documents\Wonder Chess\art-source\asset-studio\wc_u_human_guardian\stages\body-costume\BW2\r001\motion-carry-final\frames\frame_0035.png'
00:10.843  render           | Saved: 'C:\Users\iputu\Documents\Wonder Chess\art-source\asset-studio\wc_u_human_guardian\stages\body-costume\BW2\r001\motion-carry-final\frames\frame_0036.png'
00:10.921  render           | Saved: 'C:\Users\iputu\Documents\Wonder Chess\art-source\asset-studio\wc_u_human_guardian\stages\body-costume\BW2\r001\motion-carry-final\frames\frame_0037.png'
00:11.000  render           | Saved: 'C:\Users\iputu\Documents\Wonder Chess\art-source\asset-studio\wc_u_human_guardian\stages\body-costume\BW2\r001\motion-carry-final\frames\frame_0038.png'
00:11.109  render           | Saved: 'C:\Users\iputu\Documents\Wonder Chess\art-source\asset-studio\wc_u_human_guardian\stages\body-costume\BW2\r001\motion-carry-final\frames\frame_0039.png'
00:11.187  render           | Saved: 'C:\Users\iputu\Documents\Wonder Chess\art-source\asset-studio\wc_u_human_guardian\stages\body-costume\BW2\r001\motion-carry-final\frames\frame_0040.png'
00:11.281  render           | Saved: 'C:\Users\iputu\Documents\Wonder Chess\art-source\asset-studio\wc_u_human_guardian\stages\body-costume\BW2\r001\motion-carry-final\frames\frame_0041.png'
00:11.359  render           | Saved: 'C:\Users\iputu\Documents\Wonder Chess\art-source\asset-studio\wc_u_human_guardian\stages\body-costume\BW2\r001\motion-carry-final\frames\frame_0042.png'
00:11.453  render           | Saved: 'C:\Users\iputu\Documents\Wonder Chess\art-source\asset-studio\wc_u_human_guardian\stages\body-costume\BW2\r001\motion-carry-final\frames\frame_0043.png'
00:11.546  render           | Saved: 'C:\Users\iputu\Documents\Wonder Chess\art-source\asset-studio\wc_u_human_guardian\stages\body-costume\BW2\r001\motion-carry-final\frames\frame_0044.png'
00:11.640  render           | Saved: 'C:\Users\iputu\Documents\Wonder Chess\art-source\asset-studio\wc_u_human_guardian\stages\body-costume\BW2\r001\motion-carry-final\frames\frame_0045.png'
00:11.781  render           | Saved: 'C:\Users\iputu\Documents\Wonder Chess\art-source\asset-studio\wc_u_human_guardian\stages\body-costume\BW2\r001\motion-carry-final\frames\frame_0046.png'
00:11.890  render           | Saved: 'C:\Users\iputu\Documents\Wonder Chess\art-source\asset-studio\wc_u_human_guardian\stages\body-costume\BW2\r001\motion-carry-final\frames\frame_0047.png'
00:11.984  render           | Saved: 'C:\Users\iputu\Documents\Wonder Chess\art-source\asset-studio\wc_u_human_guardian\stages\body-costume\BW2\r001\motion-carry-final\frames\frame_0048.png'
00:12.062  render           | Saved: 'C:\Users\iputu\Documents\Wonder Chess\art-source\asset-studio\wc_u_human_guardian\stages\body-costume\BW2\r001\motion-carry-final\frames\frame_0049.png'
00:12.156  render           | Saved: 'C:\Users\iputu\Documents\Wonder Chess\art-source\asset-studio\wc_u_human_guardian\stages\body-costume\BW2\r001\motion-carry-final\frames\frame_0050.png'
00:12.234  render           | Saved: 'C:\Users\iputu\Documents\Wonder Chess\art-source\asset-studio\wc_u_human_guardian\stages\body-costume\BW2\r001\motion-carry-final\frames\frame_0051.png'
00:12.328  render           | Saved: 'C:\Users\iputu\Documents\Wonder Chess\art-source\asset-studio\wc_u_human_guardian\stages\body-costume\BW2\r001\motion-carry-final\frames\frame_0052.png'
00:12.406  render           | Saved: 'C:\Users\iputu\Documents\Wonder Chess\art-source\asset-studio\wc_u_human_guardian\stages\body-costume\BW2\r001\motion-carry-final\frames\frame_0053.png'
00:12.500  render           | Saved: 'C:\Users\iputu\Documents\Wonder Chess\art-source\asset-studio\wc_u_human_guardian\stages\body-costume\BW2\r001\motion-carry-final\frames\frame_0054.png'
00:12.578  render           | Saved: 'C:\Users\iputu\Documents\Wonder Chess\art-source\asset-studio\wc_u_human_guardian\stages\body-costume\BW2\r001\motion-carry-final\frames\frame_0055.png'
00:12.656  render           | Saved: 'C:\Users\iputu\Documents\Wonder Chess\art-source\asset-studio\wc_u_human_guardian\stages\body-costume\BW2\r001\motion-carry-final\frames\frame_0056.png'
00:12.750  render           | Saved: 'C:\Users\iputu\Documents\Wonder Chess\art-source\asset-studio\wc_u_human_guardian\stages\body-costume\BW2\r001\motion-carry-final\frames\frame_0057.png'
00:12.828  render           | Saved: 'C:\Users\iputu\Documents\Wonder Chess\art-source\asset-studio\wc_u_human_guardian\stages\body-costume\BW2\r001\motion-carry-final\frames\frame_0058.png'
00:12.906  render           | Saved: 'C:\Users\iputu\Documents\Wonder Chess\art-source\asset-studio\wc_u_human_guardian\stages\body-costume\BW2\r001\motion-carry-final\frames\frame_0059.png'
00:13.015  render           | Saved: 'C:\Users\iputu\Documents\Wonder Chess\art-source\asset-studio\wc_u_human_guardian\stages\body-costume\BW2\r001\motion-carry-final\frames\frame_0060.png'
00:13.093  render           | Saved: 'C:\Users\iputu\Documents\Wonder Chess\art-source\asset-studio\wc_u_human_guardian\stages\body-costume\BW2\r001\motion-carry-final\frames\frame_0061.png'
00:13.187  render           | Saved: 'C:\Users\iputu\Documents\Wonder Chess\art-source\asset-studio\wc_u_human_guardian\stages\body-costume\BW2\r001\motion-carry-final\frames\frame_0062.png'
00:13.265  render           | Saved: 'C:\Users\iputu\Documents\Wonder Chess\art-source\asset-studio\wc_u_human_guardian\stages\body-costume\BW2\r001\motion-carry-final\frames\frame_0063.png'
00:13.343  render           | Saved: 'C:\Users\iputu\Documents\Wonder Chess\art-source\asset-studio\wc_u_human_guardian\stages\body-costume\BW2\r001\motion-carry-final\frames\frame_0064.png'
00:13.421  render           | Saved: 'C:\Users\iputu\Documents\Wonder Chess\art-source\asset-studio\wc_u_human_guardian\stages\body-costume\BW2\r001\motion-carry-final\frames\frame_0065.png'
00:13.515  render           | Saved: 'C:\Users\iputu\Documents\Wonder Chess\art-source\asset-studio\wc_u_human_guardian\stages\body-costume\BW2\r001\motion-carry-final\frames\frame_0066.png'
00:13.609  render           | Saved: 'C:\Users\iputu\Documents\Wonder Chess\art-source\asset-studio\wc_u_human_guardian\stages\body-costume\BW2\r001\motion-carry-final\frames\frame_0067.png'
00:13.718  render           | Saved: 'C:\Users\iputu\Documents\Wonder Chess\art-source\asset-studio\wc_u_human_guardian\stages\body-costume\BW2\r001\motion-carry-final\frames\frame_0068.png'
00:13.812  render           | Saved: 'C:\Users\iputu\Documents\Wonder Chess\art-source\asset-studio\wc_u_human_guardian\stages\body-costume\BW2\r001\motion-carry-final\frames\frame_0069.png'
00:13.906  render           | Saved: 'C:\Users\iputu\Documents\Wonder Chess\art-source\asset-studio\wc_u_human_guardian\stages\body-costume\BW2\r001\motion-carry-final\frames\frame_0070.png'
00:14.015  render           | Saved: 'C:\Users\iputu\Documents\Wonder Chess\art-source\asset-studio\wc_u_human_guardian\stages\body-costume\BW2\r001\motion-carry-final\frames\frame_0071.png'
00:14.125  render           | Saved: 'C:\Users\iputu\Documents\Wonder Chess\art-source\asset-studio\wc_u_human_guardian\stages\body-costume\BW2\r001\motion-carry-final\frames\frame_0072.png'
00:14.203  render           | Saved: 'C:\Users\iputu\Documents\Wonder Chess\art-source\asset-studio\wc_u_human_guardian\stages\body-costume\BW2\r001\motion-carry-final\frames\frame_0073.png'
00:14.296  render           | Saved: 'C:\Users\iputu\Documents\Wonder Chess\art-source\asset-studio\wc_u_human_guardian\stages\body-costume\BW2\r001\motion-carry-final\frames\frame_0074.png'
00:14.406  render           | Saved: 'C:\Users\iputu\Documents\Wonder Chess\art-source\asset-studio\wc_u_human_guardian\stages\body-costume\BW2\r001\motion-carry-final\frames\frame_0075.png'
00:14.500  render           | Saved: 'C:\Users\iputu\Documents\Wonder Chess\art-source\asset-studio\wc_u_human_guardian\stages\body-costume\BW2\r001\motion-carry-final\frames\frame_0076.png'
00:14.578  render           | Saved: 'C:\Users\iputu\Documents\Wonder Chess\art-source\asset-studio\wc_u_human_guardian\stages\body-costume\BW2\r001\motion-carry-final\frames\frame_0077.png'
00:14.671  render           | Saved: 'C:\Users\iputu\Documents\Wonder Chess\art-source\asset-studio\wc_u_human_guardian\stages\body-costume\BW2\r001\motion-carry-final\frames\frame_0078.png'
00:14.765  render           | Saved: 'C:\Users\iputu\Documents\Wonder Chess\art-source\asset-studio\wc_u_human_guardian\stages\body-costume\BW2\r001\motion-carry-final\frames\frame_0079.png'
00:14.859  render           | Saved: 'C:\Users\iputu\Documents\Wonder Chess\art-source\asset-studio\wc_u_human_guardian\stages\body-costume\BW2\r001\motion-carry-final\frames\frame_0080.png'
00:14.953  render           | Saved: 'C:\Users\iputu\Documents\Wonder Chess\art-source\asset-studio\wc_u_human_guardian\stages\body-costume\BW2\r001\motion-carry-final\frames\frame_0081.png'
00:15.046  render           | Saved: 'C:\Users\iputu\Documents\Wonder Chess\art-source\asset-studio\wc_u_human_guardian\stages\body-costume\BW2\r001\motion-carry-final\frames\frame_0082.png'
00:15.140  render           | Saved: 'C:\Users\iputu\Documents\Wonder Chess\art-source\asset-studio\wc_u_human_guardian\stages\body-costume\BW2\r001\motion-carry-final\frames\frame_0083.png'
00:15.234  render           | Saved: 'C:\Users\iputu\Documents\Wonder Chess\art-source\asset-studio\wc_u_human_guardian\stages\body-costume\BW2\r001\motion-carry-final\frames\frame_0084.png'
00:15.343  render           | Saved: 'C:\Users\iputu\Documents\Wonder Chess\art-source\asset-studio\wc_u_human_guardian\stages\body-costume\BW2\r001\motion-carry-final\frames\frame_0085.png'
00:15.437  render           | Saved: 'C:\Users\iputu\Documents\Wonder Chess\art-source\asset-studio\wc_u_human_guardian\stages\body-costume\BW2\r001\motion-carry-final\frames\frame_0086.png'
00:15.531  render           | Saved: 'C:\Users\iputu\Documents\Wonder Chess\art-source\asset-studio\wc_u_human_guardian\stages\body-costume\BW2\r001\motion-carry-final\frames\frame_0087.png'
00:15.609  render           | Saved: 'C:\Users\iputu\Documents\Wonder Chess\art-source\asset-studio\wc_u_human_guardian\stages\body-costume\BW2\r001\motion-carry-final\frames\frame_0088.png'
00:15.734  render           | Saved: 'C:\Users\iputu\Documents\Wonder Chess\art-source\asset-studio\wc_u_human_guardian\stages\body-costume\BW2\r001\motion-carry-final\frames\frame_0089.png'
00:15.828  render           | Saved: 'C:\Users\iputu\Documents\Wonder Chess\art-source\asset-studio\wc_u_human_guardian\stages\body-costume\BW2\r001\motion-carry-final\frames\frame_0090.png'
00:15.906  render           | Saved: 'C:\Users\iputu\Documents\Wonder Chess\art-source\asset-studio\wc_u_human_guardian\stages\body-costume\BW2\r001\motion-carry-final\frames\frame_0091.png'
00:16.000  render           | Saved: 'C:\Users\iputu\Documents\Wonder Chess\art-source\asset-studio\wc_u_human_guardian\stages\body-costume\BW2\r001\motion-carry-final\frames\frame_0092.png'
00:16.093  render           | Saved: 'C:\Users\iputu\Documents\Wonder Chess\art-source\asset-studio\wc_u_human_guardian\stages\body-costume\BW2\r001\motion-carry-final\frames\frame_0093.png'
00:16.187  render           | Saved: 'C:\Users\iputu\Documents\Wonder Chess\art-source\asset-studio\wc_u_human_guardian\stages\body-costume\BW2\r001\motion-carry-final\frames\frame_0094.png'
00:16.265  render           | Saved: 'C:\Users\iputu\Documents\Wonder Chess\art-source\asset-studio\wc_u_human_guardian\stages\body-costume\BW2\r001\motion-carry-final\frames\frame_0095.png'
00:16.343  render           | Saved: 'C:\Users\iputu\Documents\Wonder Chess\art-source\asset-studio\wc_u_human_guardian\stages\body-costume\BW2\r001\motion-carry-final\frames\frame_0096.png'
00:16.437  render           | Saved: 'C:\Users\iputu\Documents\Wonder Chess\art-source\asset-studio\wc_u_human_guardian\stages\body-costume\BW2\r001\motion-carry-final\frames\frame_0097.png'
00:16.546  render           | Saved: 'C:\Users\iputu\Documents\Wonder Chess\art-source\asset-studio\wc_u_human_guardian\stages\body-costume\BW2\r001\motion-carry-final\frames\frame_0098.png'
00:16.640  render           | Saved: 'C:\Users\iputu\Documents\Wonder Chess\art-source\asset-studio\wc_u_human_guardian\stages\body-costume\BW2\r001\motion-carry-final\frames\frame_0099.png'
00:16.750  render           | Saved: 'C:\Users\iputu\Documents\Wonder Chess\art-source\asset-studio\wc_u_human_guardian\stages\body-costume\BW2\r001\motion-carry-final\frames\frame_0100.png'
00:16.828  render           | Saved: 'C:\Users\iputu\Documents\Wonder Chess\art-source\asset-studio\wc_u_human_guardian\stages\body-costume\BW2\r001\motion-carry-final\frames\frame_0101.png'
00:16.937  render           | Saved: 'C:\Users\iputu\Documents\Wonder Chess\art-source\asset-studio\wc_u_human_guardian\stages\body-costume\BW2\r001\motion-carry-final\frames\frame_0102.png'
00:17.031  render           | Saved: 'C:\Users\iputu\Documents\Wonder Chess\art-source\asset-studio\wc_u_human_guardian\stages\body-costume\BW2\r001\motion-carry-final\frames\frame_0103.png'
00:17.125  render           | Saved: 'C:\Users\iputu\Documents\Wonder Chess\art-source\asset-studio\wc_u_human_guardian\stages\body-costume\BW2\r001\motion-carry-final\frames\frame_0104.png'
00:17.265  render           | Saved: 'C:\Users\iputu\Documents\Wonder Chess\art-source\asset-studio\wc_u_human_guardian\stages\body-costume\BW2\r001\motion-carry-final\frames\frame_0105.png'
00:17.375  render           | Saved: 'C:\Users\iputu\Documents\Wonder Chess\art-source\asset-studio\wc_u_human_guardian\stages\body-costume\BW2\r001\motion-carry-final\frames\frame_0106.png'
00:17.453  render           | Saved: 'C:\Users\iputu\Documents\Wonder Chess\art-source\asset-studio\wc_u_human_guardian\stages\body-costume\BW2\r001\motion-carry-final\frames\frame_0107.png'
00:17.562  render           | Saved: 'C:\Users\iputu\Documents\Wonder Chess\art-source\asset-studio\wc_u_human_guardian\stages\body-costume\BW2\r001\motion-carry-final\frames\frame_0108.png'
00:17.656  render           | Saved: 'C:\Users\iputu\Documents\Wonder Chess\art-source\asset-studio\wc_u_human_guardian\stages\body-costume\BW2\r001\motion-carry-final\frames\frame_0109.png'
00:17.750  render           | Saved: 'C:\Users\iputu\Documents\Wonder Chess\art-source\asset-studio\wc_u_human_guardian\stages\body-costume\BW2\r001\motion-carry-final\frames\frame_0110.png'
00:17.843  render           | Saved: 'C:\Users\iputu\Documents\Wonder Chess\art-source\asset-studio\wc_u_human_guardian\stages\body-costume\BW2\r001\motion-carry-final\frames\frame_0111.png'
00:17.937  render           | Saved: 'C:\Users\iputu\Documents\Wonder Chess\art-source\asset-studio\wc_u_human_guardian\stages\body-costume\BW2\r001\motion-carry-final\frames\frame_0112.png'
00:18.046  render           | Saved: 'C:\Users\iputu\Documents\Wonder Chess\art-source\asset-studio\wc_u_human_guardian\stages\body-costume\BW2\r001\motion-carry-final\frames\frame_0113.png'
00:18.140  render           | Saved: 'C:\Users\iputu\Documents\Wonder Chess\art-source\asset-studio\wc_u_human_guardian\stages\body-costume\BW2\r001\motion-carry-final\frames\frame_0114.png'
00:18.250  render           | Saved: 'C:\Users\iputu\Documents\Wonder Chess\art-source\asset-studio\wc_u_human_guardian\stages\body-costume\BW2\r001\motion-carry-final\frames\frame_0115.png'
00:18.359  render           | Saved: 'C:\Users\iputu\Documents\Wonder Chess\art-source\asset-studio\wc_u_human_guardian\stages\body-costume\BW2\r001\motion-carry-final\frames\frame_0116.png'
00:18.453  render           | Saved: 'C:\Users\iputu\Documents\Wonder Chess\art-source\asset-studio\wc_u_human_guardian\stages\body-costume\BW2\r001\motion-carry-final\frames\frame_0117.png'
00:18.640  render           | Saved: 'C:\Users\iputu\Documents\Wonder Chess\art-source\asset-studio\wc_u_human_guardian\stages\body-costume\BW2\r001\motion-carry-final\frames\frame_0118.png'
00:18.750  render           | Saved: 'C:\Users\iputu\Documents\Wonder Chess\art-source\asset-studio\wc_u_human_guardian\stages\body-costume\BW2\r001\motion-carry-final\frames\frame_0119.png'
00:18.859  render           | Saved: 'C:\Users\iputu\Documents\Wonder Chess\art-source\asset-studio\wc_u_human_guardian\stages\body-costume\BW2\r001\motion-carry-final\frames\frame_0120.png'
00:18.953  render           | Saved: 'C:\Users\iputu\Documents\Wonder Chess\art-source\asset-studio\wc_u_human_guardian\stages\body-costume\BW2\r001\motion-carry-final\frames\frame_0121.png'
00:19.046  render           | Saved: 'C:\Users\iputu\Documents\Wonder Chess\art-source\asset-studio\wc_u_human_guardian\stages\body-costume\BW2\r001\motion-carry-final\frames\frame_0122.png'
00:19.156  render           | Saved: 'C:\Users\iputu\Documents\Wonder Chess\art-source\asset-studio\wc_u_human_guardian\stages\body-costume\BW2\r001\motion-carry-final\frames\frame_0123.png'
00:19.281  render           | Saved: 'C:\Users\iputu\Documents\Wonder Chess\art-source\asset-studio\wc_u_human_guardian\stages\body-costume\BW2\r001\motion-carry-final\frames\frame_0124.png'
00:19.437  render           | Saved: 'C:\Users\iputu\Documents\Wonder Chess\art-source\asset-studio\wc_u_human_guardian\stages\body-costume\BW2\r001\motion-carry-final\frames\frame_0125.png'
00:19.562  render           | Saved: 'C:\Users\iputu\Documents\Wonder Chess\art-source\asset-studio\wc_u_human_guardian\stages\body-costume\BW2\r001\motion-carry-final\frames\frame_0126.png'
00:19.671  render           | Saved: 'C:\Users\iputu\Documents\Wonder Chess\art-source\asset-studio\wc_u_human_guardian\stages\body-costume\BW2\r001\motion-carry-final\frames\frame_0127.png'
00:19.781  render           | Saved: 'C:\Users\iputu\Documents\Wonder Chess\art-source\asset-studio\wc_u_human_guardian\stages\body-costume\BW2\r001\motion-carry-final\frames\frame_0128.png'
00:19.890  render           | Saved: 'C:\Users\iputu\Documents\Wonder Chess\art-source\asset-studio\wc_u_human_guardian\stages\body-costume\BW2\r001\motion-carry-final\frames\frame_0129.png'
00:19.984  render           | Saved: 'C:\Users\iputu\Documents\Wonder Chess\art-source\asset-studio\wc_u_human_guardian\stages\body-costume\BW2\r001\motion-carry-final\frames\frame_0130.png'
00:20.078  render           | Saved: 'C:\Users\iputu\Documents\Wonder Chess\art-source\asset-studio\wc_u_human_guardian\stages\body-costume\BW2\r001\motion-carry-final\frames\frame_0131.png'
00:20.203  render           | Saved: 'C:\Users\iputu\Documents\Wonder Chess\art-source\asset-studio\wc_u_human_guardian\stages\body-costume\BW2\r001\motion-carry-final\frames\frame_0132.png'
00:20.296  render           | Saved: 'C:\Users\iputu\Documents\Wonder Chess\art-source\asset-studio\wc_u_human_guardian\stages\body-costume\BW2\r001\motion-carry-final\frames\frame_0133.png'
00:20.390  render           | Saved: 'C:\Users\iputu\Documents\Wonder Chess\art-source\asset-studio\wc_u_human_guardian\stages\body-costume\BW2\r001\motion-carry-final\frames\frame_0134.png'
00:20.484  render           | Saved: 'C:\Users\iputu\Documents\Wonder Chess\art-source\asset-studio\wc_u_human_guardian\stages\body-costume\BW2\r001\motion-carry-final\frames\frame_0135.png'
00:20.578  render           | Saved: 'C:\Users\iputu\Documents\Wonder Chess\art-source\asset-studio\wc_u_human_guardian\stages\body-costume\BW2\r001\motion-carry-final\frames\frame_0136.png'
00:20.671  render           | Saved: 'C:\Users\iputu\Documents\Wonder Chess\art-source\asset-studio\wc_u_human_guardian\stages\body-costume\BW2\r001\motion-carry-final\frames\frame_0137.png'
00:20.765  render           | Saved: 'C:\Users\iputu\Documents\Wonder Chess\art-source\asset-studio\wc_u_human_guardian\stages\body-costume\BW2\r001\motion-carry-final\frames\frame_0138.png'
00:20.859  render           | Saved: 'C:\Users\iputu\Documents\Wonder Chess\art-source\asset-studio\wc_u_human_guardian\stages\body-costume\BW2\r001\motion-carry-final\frames\frame_0139.png'
00:20.953  render           | Saved: 'C:\Users\iputu\Documents\Wonder Chess\art-source\asset-studio\wc_u_human_guardian\stages\body-costume\BW2\r001\motion-carry-final\frames\frame_0140.png'
00:21.046  render           | Saved: 'C:\Users\iputu\Documents\Wonder Chess\art-source\asset-studio\wc_u_human_guardian\stages\body-costume\BW2\r001\motion-carry-final\frames\frame_0141.png'
00:21.125  render           | Saved: 'C:\Users\iputu\Documents\Wonder Chess\art-source\asset-studio\wc_u_human_guardian\stages\body-costume\BW2\r001\motion-carry-final\frames\frame_0142.png'
00:21.203  render           | Saved: 'C:\Users\iputu\Documents\Wonder Chess\art-source\asset-studio\wc_u_human_guardian\stages\body-costume\BW2\r001\motion-carry-final\frames\frame_0143.png'
00:21.281  render           | Saved: 'C:\Users\iputu\Documents\Wonder Chess\art-source\asset-studio\wc_u_human_guardian\stages\body-costume\BW2\r001\motion-carry-final\frames\frame_0144.png'
00:21.375  render           | Saved: 'C:\Users\iputu\Documents\Wonder Chess\art-source\asset-studio\wc_u_human_guardian\stages\body-costume\BW2\r001\motion-carry-final\frames\frame_0145.png'
00:21.500  render           | Video append frame 1
00:21.515  render           | Video append frame 2
00:21.531  render           | Video append frame 3
00:21.562  render           | Video append frame 4
00:21.578  render           | Video append frame 5
00:21.593  render           | Video append frame 6
00:21.609  render           | Video append frame 7
00:21.625  render           | Video append frame 8
00:21.640  render           | Video append frame 9
00:21.656  render           | Video append frame 10
00:21.671  render           | Video append frame 11
00:21.687  render           | Video append frame 12
00:21.703  render           | Video append frame 13
00:21.718  render           | Video append frame 14
00:21.734  render           | Video append frame 15
00:21.750  render           | Video append frame 16
00:21.750  render           | Video append frame 17
00:21.765  render           | Video append frame 18
00:21.781  render           | Video append frame 19
00:21.796  render           | Video append frame 20
00:21.812  render           | Video append frame 21
00:21.828  render           | Video append frame 22
00:21.843  render           | Video append frame 23
00:21.859  render           | Video append frame 24
00:21.875  render           | Video append frame 25
00:21.890  render           | Video append frame 26
00:21.906  render           | Video append frame 27
00:21.921  render           | Video append frame 28
00:21.937  render           | Video append frame 29
00:21.953  render           | Video append frame 30
00:21.968  render           | Video append frame 31
00:21.984  render           | Video append frame 32
00:22.000  render           | Video append frame 33
00:22.015  render           | Video append frame 34
00:22.015  render           | Video append frame 35
00:22.031  render           | Video append frame 36
00:22.046  render           | Video append frame 37
00:22.062  render           | Video append frame 38
00:22.078  render           | Video append frame 39
00:22.093  render           | Video append frame 40
00:22.109  render           | Video append frame 41
00:22.125  render           | Video append frame 42
00:22.140  render           | Video append frame 43
00:22.156  render           | Video append frame 44
00:22.156  render           | Video append frame 45
00:22.171  render           | Video append frame 46
00:22.187  render           | Video append frame 47
00:22.203  render           | Video append frame 48
00:22.218  render           | Video append frame 49
00:22.234  render           | Video append frame 50
00:22.250  render           | Video append frame 51
00:22.265  render           | Video append frame 52
00:22.265  render           | Video append frame 53
00:22.281  render           | Video append frame 54
00:22.296  render           | Video append frame 55
00:22.312  render           | Video append frame 56
00:22.328  render           | Video append frame 57
00:22.343  render           | Video append frame 58
00:22.359  render           | Video append frame 59
00:22.375  render           | Video append frame 60
00:22.390  render           | Video append frame 61
00:22.406  render           | Video append frame 62
00:22.421  render           | Video append frame 63
00:22.437  render           | Video append frame 64
00:22.437  render           | Video append frame 65
00:22.453  render           | Video append frame 66
00:22.468  render           | Video append frame 67
00:22.484  render           | Video append frame 68
00:22.500  render           | Video append frame 69
00:22.515  render           | Video append frame 70
00:22.531  render           | Video append frame 71
00:22.531  render           | Video append frame 72
00:22.546  render           | Video append frame 73
00:22.562  render           | Video append frame 74
00:22.578  render           | Video append frame 75
00:22.593  render           | Video append frame 76
00:22.609  render           | Video append frame 77
00:22.625  render           | Video append frame 78
00:22.640  render           | Video append frame 79
00:22.656  render           | Video append frame 80
00:22.656  render           | Video append frame 81
00:22.671  render           | Video append frame 82
00:22.687  render           | Video append frame 83
00:22.703  render           | Video append frame 84
00:22.718  render           | Video append frame 85
00:22.734  render           | Video append frame 86
00:22.750  render           | Video append frame 87
00:22.765  render           | Video append frame 88
00:22.781  render           | Video append frame 89
00:22.796  render           | Video append frame 90
00:22.812  render           | Video append frame 91
00:22.812  render           | Video append frame 92
00:22.828  render           | Video append frame 93
00:22.843  render           | Video append frame 94
00:22.875  render           | Video append frame 95
00:22.875  render           | Video append frame 96
00:22.890  render           | Video append frame 97
00:22.906  render           | Video append frame 98
00:22.921  render           | Video append frame 99
00:22.937  render           | Video append frame 100
00:22.953  render           | Video append frame 101
00:22.968  render           | Video append frame 102
00:23.000  render           | Video append frame 103
00:23.015  render           | Video append frame 104
00:23.046  render           | Video append frame 105
00:23.078  render           | Video append frame 106
00:23.093  render           | Video append frame 107
00:23.109  render           | Video append frame 108
00:23.125  render           | Video append frame 109
00:23.140  render           | Video append frame 110
00:23.156  render           | Video append frame 111
00:23.171  render           | Video append frame 112
00:23.187  render           | Video append frame 113
00:23.203  render           | Video append frame 114
00:23.218  render           | Video append frame 115
00:23.218  render           | Video append frame 116
00:23.234  render           | Video append frame 117
00:23.250  render           | Video append frame 118
00:23.265  render           | Video append frame 119
00:23.281  render           | Video append frame 120
00:23.296  render           | Video append frame 121
00:23.312  render           | Video append frame 122
00:23.328  render           | Video append frame 123
00:23.343  render           | Video append frame 124
00:23.359  render           | Video append frame 125
00:23.375  render           | Video append frame 126
00:23.390  render           | Video append frame 127
00:23.406  render           | Video append frame 128
00:23.421  render           | Video append frame 129
00:23.437  render           | Video append frame 130
00:23.453  render           | Video append frame 131
00:23.468  render           | Video append frame 132
00:23.484  render           | Video append frame 133
00:23.500  render           | Video append frame 134
00:23.500  render           | Video append frame 135
00:23.515  render           | Video append frame 136
00:23.531  render           | Video append frame 137
00:23.546  render           | Video append frame 138
00:23.562  render           | Video append frame 139
00:23.578  render           | Video append frame 140
00:23.593  render           | Video append frame 141
00:23.609  render           | Video append frame 142
00:23.625  render           | Video append frame 143
00:23.640  render           | Video append frame 144
00:23.656  render           | Video append frame 145
BW2_NATIVE_VIDEO_DONE {"status": "VIDEO_ENCODED", "source": "C:\\Users\\iputu\\Documents\\Wonder Chess\\art-source\\asset-studio\\wc_u_human_guardian\\stages\\body-costume\\BW2\\r001\\ada_bw2_grip_checkpoint_r001_ART_REVISE.blend", "source_sha256": "d64d5900317541710d5ef29939d12559e5ecef31777a7e9261158cbccb7a41cf", "script_sha256": "8e8a2bee062790e6f6538895f9c7f620320fe5ca13bd5904431ade7b2532e4cc", "blender_version": "5.1.1", "scene": "BW2_RIGHT_GRIP", "camera": "BW2_cam_carry_close", "camera_policy": "fixed rotation with translation-only tracking of wrist holder", "camera_projection": {"type": "ORTHO", "ortho_scale_m": 0.3199999928474426, "lens_mm": 50.0, "clip_start": 0.10000000149011612, "clip_end": 1000.0}, "camera_matrices_every_frame": [{"frame": 1, "matrix_world": [[0.01891707070171833, 0.6024494767189026, -0.7979328036308289, 0.12396839261054993], [0.5897141695022583, 0.6377508640289307, 0.4954907298088074, 0.42163485288619995], [0.8073904514312744, -0.4799255430698395, -0.3432086110115051, 0.89482581615448], [0.0, 0.0, 0.0, 1.0]]}, {"frame": 2, "matrix_world": [[0.01891707070171833, 0.6024494767189026, -0.7979328036308289, 0.12396839261054993], [0.5897141695022583, 0.6377508640289307, 0.4954907298088074, 0.42163485288619995], [0.8073904514312744, -0.4799255430698395, -0.3432086110115051, 0.89482581615448], [0.0, 0.0, 0.0, 1.0]]}, {"frame": 3, "matrix_world": [[0.01891707070171833, 0.6024494767189026, -0.7979328036308289, 0.12396839261054993], [0.5897141695022583, 0.6377508640289307, 0.4954907298088074, 0.42163485288619995], [0.8073904514312744, -0.4799255430698395, -0.3432086110115051, 0.89482581615448], [0.0, 0.0, 0.0, 1.0]]}, {"frame": 4, "matrix_world": [[0.01891707070171833, 0.6024494767189026, -0.7979328036308289, 0.12396839261054993], [0.5897141695022583, 0.6377508640289307, 0.4954907298088074, 0.42163485288619995], [0.8073904514312744, -0.4799255430698395, -0.3432086110115051, 0.89482581615448], [0.0, 0.0, 0.0, 1.0]]}, {"frame": 5, "matrix_world": [[0.01891707070171833, 0.6024494767189026, -0.7979328036308289, 0.12396839261054993], [0.5897141695022583, 0.6377508640289307, 0.4954907298088074, 0.42163485288619995], [0.8073904514312744, -0.4799255430698395, -0.3432086110115051, 0.89482581615448], [0.0, 0.0, 0.0, 1.0]]}, {"frame": 6, "matrix_world": [[0.01891707070171833, 0.6024494767189026, -0.7979328036308289, 0.12396839261054993], [0.5897141695022583, 0.6377508640289307, 0.4954907298088074, 0.42163485288619995], [0.8073904514312744, -0.4799255430698395, -0.3432086110115051, 0.89482581615448], [0.0, 0.0, 0.0, 1.0]]}, {"frame": 7, "matrix_world": [[0.01891707070171833, 0.6024494767189026, -0.7979328036308289, 0.12396839261054993], [0.5897141695022583, 0.6377508640289307, 0.4954907298088074, 0.42163485288619995], [0.8073904514312744, -0.4799255430698395, -0.3432086110115051, 0.89482581615448], [0.0, 0.0, 0.0, 1.0]]}, {"frame": 8, "matrix_world": [[0.01891707070171833, 0.6024494767189026, -0.7979328036308289, 0.12396839261054993], [0.5897141695022583, 0.6377508640289307, 0.4954907298088074, 0.42163485288619995], [0.8073904514312744, -0.4799255430698395, -0.3432086110115051, 0.89482581615448], [0.0, 0.0, 0.0, 1.0]]}, {"frame": 9, "matrix_world": [[0.01891707070171833, 0.6024494767189026, -0.7979328036308289, 0.12396839261054993], [0.5897141695022583, 0.6377508640289307, 0.4954907298088074, 0.42163485288619995], [0.8073904514312744, -0.4799255430698395, -0.3432086110115051, 0.89482581615448], [0.0, 0.0, 0.0, 1.0]]}, {"frame": 10, "matrix_world": [[0.01891707070171833, 0.6024494767189026, -0.7979328036308289, 0.12396839261054993], [0.5897141695022583, 0.6377508640289307, 0.4954907298088074, 0.42163485288619995], [0.8073904514312744, -0.4799255430698395, -0.3432086110115051, 0.89482581615448], [0.0, 0.0, 0.0, 1.0]]}, {"frame": 11, "matrix_world": [[0.01891707070171833, 0.6024494767189026, -0.7979328036308289, 0.12396839261054993], [0.5897141695022583, 0.6377508640289307, 0.4954907298088074, 0.42163485288619995], [0.8073904514312744, -0.4799255430698395, -0.3432086110115051, 0.89482581615448], [0.0, 0.0, 0.0, 1.0]]}, {"frame": 12, "matrix_world": [[0.01891707070171833, 0.6024494767189026, -0.7979328036308289, 0.12396839261054993], [0.5897141695022583, 0.6377508640289307, 0.4954907298088074, 0.42163485288619995], [0.8073904514312744, -0.4799255430698395, -0.3432086110115051, 0.89482581615448], [0.0, 0.0, 0.0, 1.0]]}, {"frame": 13, "matrix_world": [[0.01891707070171833, 0.6024494767189026, -0.7979328036308289, 0.12396839261054993], [0.5897141695022583, 0.6377508640289307, 0.4954907298088074, 0.42163485288619995], [0.8073904514312744, -0.4799255430698395, -0.3432086110115051, 0.89482581615448], [0.0, 0.0, 0.0, 1.0]]}, {"frame": 14, "matrix_world": [[0.01891707070171833, 0.6024494767189026, -0.7979328036308289, 0.12396839261054993], [0.5897141695022583, 0.6377508640289307, 0.4954907298088074, 0.42163485288619995], [0.8073904514312744, -0.4799255430698395, -0.3432086110115051, 0.89482581615448], [0.0, 0.0, 0.0, 1.0]]}, {"frame": 15, "matrix_world": [[0.01891707070171833, 0.6024494767189026, -0.7979328036308289, 0.12396839261054993], [0.5897141695022583, 0.6377508640289307, 0.4954907298088074, 0.42163485288619995], [0.8073904514312744, -0.4799255430698395, -0.3432086110115051, 0.89482581615448], [0.0, 0.0, 0.0, 1.0]]}, {"frame": 16, "matrix_world": [[0.01891707070171833, 0.6024494767189026, -0.7979328036308289, 0.12396839261054993], [0.5897141695022583, 0.6377508640289307, 0.4954907298088074, 0.42163485288619995], [0.8073904514312744, -0.4799255430698395, -0.3432086110115051, 0.89482581615448], [0.0, 0.0, 0.0, 1.0]]}, {"frame": 17, "matrix_world": [[0.01891707070171833, 0.6024494767189026, -0.7979328036308289, 0.12396839261054993], [0.5897141695022583, 0.6377508640289307, 0.4954907298088074, 0.42163485288619995], [0.8073904514312744, -0.4799255430698395, -0.3432086110115051, 0.89482581615448], [0.0, 0.0, 0.0, 1.0]]}, {"frame": 18, "matrix_world": [[0.01891707070171833, 0.6024494767189026, -0.7979328036308289, 0.12396839261054993], [0.5897141695022583, 0.6377508640289307, 0.4954907298088074, 0.42163485288619995], [0.8073904514312744, -0.4799255430698395, -0.3432086110115051, 0.89482581615448], [0.0, 0.0, 0.0, 1.0]]}, {"frame": 19, "matrix_world": [[0.01891707070171833, 0.6024494767189026, -0.7979328036308289, 0.12396839261054993], [0.5897141695022583, 0.6377508640289307, 0.4954907298088074, 0.42163485288619995], [0.8073904514312744, -0.4799255430698395, -0.3432086110115051, 0.89482581615448], [0.0, 0.0, 0.0, 1.0]]}, {"frame": 20, "matrix_world": [[0.01891707070171833, 0.6024494767189026, -0.7979328036308289, 0.12396839261054993], [0.5897141695022583, 0.6377508640289307, 0.4954907298088074, 0.42163485288619995], [0.8073904514312744, -0.4799255430698395, -0.3432086110115051, 0.89482581615448], [0.0, 0.0, 0.0, 1.0]]}, {"frame": 21, "matrix_world": [[0.01891707070171833, 0.6024494767189026, -0.7979328036308289, 0.12396839261054993], [0.5897141695022583, 0.6377508640289307, 0.4954907298088074, 0.42163485288619995], [0.8073904514312744, -0.4799255430698395, -0.3432086110115051, 0.89482581615448], [0.0, 0.0, 0.0, 1.0]]}, {"frame": 22, "matrix_world": [[0.01891707070171833, 0.6024494767189026, -0.7979328036308289, 0.12396839261054993], [0.5897141695022583, 0.6377508640289307, 0.4954907298088074, 0.42163485288619995], [0.8073904514312744, -0.4799255430698395, -0.3432086110115051, 0.89482581615448], [0.0, 0.0, 0.0, 1.0]]}, {"frame": 23, "matrix_world": [[0.01891707070171833, 0.6024494767189026, -0.7979328036308289, 0.12396839261054993], [0.5897141695022583, 0.6377508640289307, 0.4954907298088074, 0.42163485288619995], [0.8073904514312744, -0.4799255430698395, -0.3432086110115051, 0.89482581615448], [0.0, 0.0, 0.0, 1.0]]}, {"frame": 24, "matrix_world": [[0.01891707070171833, 0.6024494767189026, -0.7979328036308289, 0.12396839261054993], [0.5897141695022583, 0.6377508640289307, 0.4954907298088074, 0.42163485288619995], [0.8073904514312744, -0.4799255430698395, -0.3432086110115051, 0.89482581615448], [0.0, 0.0, 0.0, 1.0]]}, {"frame": 25, "matrix_world": [[0.01891707070171833, 0.6024494767189026, -0.7979328036308289, 0.12396839261054993], [0.5897141695022583, 0.6377508640289307, 0.4954907298088074, 0.42163485288619995], [0.8073904514312744, -0.4799255430698395, -0.3432086110115051, 0.89482581615448], [0.0, 0.0, 0.0, 1.0]]}, {"frame": 26, "matrix_world": [[0.01891707070171833, 0.6024494767189026, -0.7979328036308289, 0.12396839261054993], [0.5897141695022583, 0.6377508640289307, 0.4954907298088074, 0.42163485288619995], [0.8073904514312744, -0.4799255430698395, -0.3432086110115051, 0.89482581615448], [0.0, 0.0, 0.0, 1.0]]}, {"frame": 27, "matrix_world": [[0.01891707070171833, 0.6024494767189026, -0.7979328036308289, 0.12396839261054993], [0.5897141695022583, 0.6377508640289307, 0.4954907298088074, 0.42163485288619995], [0.8073904514312744, -0.4799255430698395, -0.3432086110115051, 0.89482581615448], [0.0, 0.0, 0.0, 1.0]]}, {"frame": 28, "matrix_world": [[0.01891707070171833, 0.6024494767189026, -0.7979328036308289, 0.12396839261054993], [0.5897141695022583, 0.6377508640289307, 0.4954907298088074, 0.42163485288619995], [0.8073904514312744, -0.4799255430698395, -0.3432086110115051, 0.89482581615448], [0.0, 0.0, 0.0, 1.0]]}, {"frame": 29, "matrix_world": [[0.01891707070171833, 0.6024494767189026, -0.7979328036308289, 0.12396839261054993], [0.5897141695022583, 0.6377508640289307, 0.4954907298088074, 0.42163485288619995], [0.8073904514312744, -0.4799255430698395, -0.3432086110115051, 0.89482581615448], [0.0, 0.0, 0.0, 1.0]]}, {"frame": 30, "matrix_world": [[0.01891707070171833, 0.6024494767189026, -0.7979328036308289, 0.12396839261054993], [0.5897141695022583, 0.6377508640289307, 0.4954907298088074, 0.42163485288619995], [0.8073904514312744, -0.4799255430698395, -0.3432086110115051, 0.89482581615448], [0.0, 0.0, 0.0, 1.0]]}, {"frame": 31, "matrix_world": [[0.01891707070171833, 0.6024494767189026, -0.7979328036308289, 0.12396839261054993], [0.5897141695022583, 0.6377508640289307, 0.4954907298088074, 0.42163485288619995], [0.8073904514312744, -0.4799255430698395, -0.3432086110115051, 0.89482581615448], [0.0, 0.0, 0.0, 1.0]]}, {"frame": 32, "matrix_world": [[0.01891707070171833, 0.6024494767189026, -0.7979328036308289, 0.12396839261054993], [0.5897141695022583, 0.6377508640289307, 0.4954907298088074, 0.42163485288619995], [0.8073904514312744, -0.4799255430698395, -0.3432086110115051, 0.89482581615448], [0.0, 0.0, 0.0, 1.0]]}, {"frame": 33, "matrix_world": [[0.01891707070171833, 0.6024494767189026, -0.7979328036308289, 0.12396839261054993], [0.5897141695022583, 0.6377508640289307, 0.4954907298088074, 0.42163485288619995], [0.8073904514312744, -0.4799255430698395, -0.3432086110115051, 0.89482581615448], [0.0, 0.0, 0.0, 1.0]]}, {"frame": 34, "matrix_world": [[0.01891707070171833, 0.6024494767189026, -0.7979328036308289, 0.12396839261054993], [0.5897141695022583, 0.6377508640289307, 0.4954907298088074, 0.42163485288619995], [0.8073904514312744, -0.4799255430698395, -0.3432086110115051, 0.89482581615448], [0.0, 0.0, 0.0, 1.0]]}, {"frame": 35, "matrix_world": [[0.01891707070171833, 0.6024494767189026, -0.7979328036308289, 0.12396839261054993], [0.5897141695022583, 0.6377508640289307, 0.4954907298088074, 0.42163485288619995], [0.8073904514312744, -0.4799255430698395, -0.3432086110115051, 0.89482581615448], [0.0, 0.0, 0.0, 1.0]]}, {"frame": 36, "matrix_world": [[0.01891707070171833, 0.6024494767189026, -0.7979328036308289, 0.12396839261054993], [0.5897141695022583, 0.6377508640289307, 0.4954907298088074, 0.42163485288619995], [0.8073904514312744, -0.4799255430698395, -0.3432086110115051, 0.89482581615448], [0.0, 0.0, 0.0, 1.0]]}, {"frame": 37, "matrix_world": [[0.01891707070171833, 0.6024494767189026, -0.7979328036308289, 0.12396839261054993], [0.5897141695022583, 0.6377508640289307, 0.4954907298088074, 0.42163485288619995], [0.8073904514312744, -0.4799255430698395, -0.3432086110115051, 0.89482581615448], [0.0, 0.0, 0.0, 1.0]]}, {"frame": 38, "matrix_world": [[0.01891707070171833, 0.6024494767189026, -0.7979328036308289, 0.1239684522151947], [0.5897141695022583, 0.6377508640289307, 0.4954907298088074, 0.42163485288619995], [0.8073904514312744, -0.4799255430698395, -0.3432086110115051, 0.89482581615448], [0.0, 0.0, 0.0, 1.0]]}, {"frame": 39, "matrix_world": [[0.01891707070171833, 0.6024494767189026, -0.7979328036308289, 0.12396842241287231], [0.5897141695022583, 0.6377508640289307, 0.4954907298088074, 0.4216349124908447], [0.8073904514312744, -0.4799255430698395, -0.3432086110115051, 0.8948256969451904], [0.0, 0.0, 0.0, 1.0]]}, {"frame": 40, "matrix_world": [[0.01891707070171833, 0.6024494767189026, -0.7979328036308289, 0.12396830320358276], [0.5897141695022583, 0.6377508640289307, 0.4954907298088074, 0.4216349124908447], [0.8073904514312744, -0.4799255430698395, -0.3432086110115051, 0.89482581615448], [0.0, 0.0, 0.0, 1.0]]}, {"frame": 41, "matrix_world": [[0.01891707070171833, 0.6024494767189026, -0.7979328036308289, 0.12396839261054993], [0.5897141695022583, 0.6377508640289307, 0.4954907298088074, 0.42163485288619995], [0.8073904514312744, -0.4799255430698395, -0.3432086110115051, 0.8948256969451904], [0.0, 0.0, 0.0, 1.0]]}, {"frame": 42, "matrix_world": [[0.01891707070171833, 0.6024494767189026, -0.7979328036308289, 0.12396839261054993], [0.5897141695022583, 0.6377508640289307, 0.4954907298088074, 0.4216349124908447], [0.8073904514312744, -0.4799255430698395, -0.3432086110115051, 0.89482581615448], [0.0, 0.0, 0.0, 1.0]]}, {"frame": 43, "matrix_world": [[0.01891707070171833, 0.6024494767189026, -0.7979328036308289, 0.12396833300590515], [0.5897141695022583, 0.6377508640289307, 0.4954907298088074, 0.4216349124908447], [0.8073904514312744, -0.4799255430698395, -0.3432086110115051, 0.8948256969451904], [0.0, 0.0, 0.0, 1.0]]}, {"frame": 44, "matrix_world": [[0.01891707070171833, 0.6024494767189026, -0.7979328036308289, 0.12396839261054993], [0.5897141695022583, 0.6377508640289307, 0.4954907298088074, 0.42163488268852234], [0.8073904514312744, -0.4799255430698395, -0.3432086110115051, 0.89482581615448], [0.0, 0.0, 0.0, 1.0]]}, {"frame": 45, "matrix_world": [[0.01891707070171833, 0.6024494767189026, -0.7979328036308289, 0.12396839261054993], [0.5897141695022583, 0.6377508640289307, 0.4954907298088074, 0.42163485288619995], [0.8073904514312744, -0.4799255430698395, -0.3432086110115051, 0.8948256969451904], [0.0, 0.0, 0.0, 1.0]]}, {"frame": 46, "matrix_world": [[0.01891707070171833, 0.6024494767189026, -0.7979328036308289, 0.12396833300590515], [0.5897141695022583, 0.6377508640289307, 0.4954907298088074, 0.4216349124908447], [0.8073904514312744, -0.4799255430698395, -0.3432086110115051, 0.8948256969451904], [0.0, 0.0, 0.0, 1.0]]}, {"frame": 47, "matrix_world": [[0.01891707070171833, 0.6024494767189026, -0.7979328036308289, 0.12396839261054993], [0.5897141695022583, 0.6377508640289307, 0.4954907298088074, 0.42163488268852234], [0.8073904514312744, -0.4799255430698395, -0.3432086110115051, 0.89482581615448], [0.0, 0.0, 0.0, 1.0]]}, {"frame": 48, "matrix_world": [[0.01891707070171833, 0.6024494767189026, -0.7979328036308289, 0.12396836280822754], [0.5897141695022583, 0.6377508640289307, 0.4954907298088074, 0.42163488268852234], [0.8073904514312744, -0.4799255430698395, -0.3432086110115051, 0.89482581615448], [0.0, 0.0, 0.0, 1.0]]}, {"frame": 49, "matrix_world": [[0.01891707070171833, 0.6024494767189026, -0.7979328036308289, 0.12396839261054993], [0.5897141695022583, 0.6377508640289307, 0.4954907298088074, 0.42163485288619995], [0.8073904514312744, -0.4799255430698395, -0.3432086110115051, 0.8948256969451904], [0.0, 0.0, 0.0, 1.0]]}, {"frame": 50, "matrix_world": [[0.01891707070171833, 0.6024494767189026, -0.7979328036308289, 0.1239684522151947], [0.5897141695022583, 0.6377508640289307, 0.4954907298088074, 0.4216349124908447], [0.8073904514312744, -0.4799255430698395, -0.3432086110115051, 0.8948255777359009], [0.0, 0.0, 0.0, 1.0]]}, {"frame": 51, "matrix_world": [[0.01891707070171833, 0.6024494767189026, -0.7979328036308289, 0.12396842241287231], [0.5897141695022583, 0.6377508640289307, 0.4954907298088074, 0.4216349124908447], [0.8073904514312744, -0.4799255430698395, -0.3432086110115051, 0.8948256969451904], [0.0, 0.0, 0.0, 1.0]]}, {"frame": 52, "matrix_world": [[0.01891707070171833, 0.6024494767189026, -0.7979328036308289, 0.1239684522151947], [0.5897141695022583, 0.6377508640289307, 0.4954907298088074, 0.4216349124908447], [0.8073904514312744, -0.4799255430698395, -0.3432086110115051, 0.8948259353637695], [0.0, 0.0, 0.0, 1.0]]}, {"frame": 53, "matrix_world": [[0.01891707070171833, 0.6024494767189026, -0.7979328036308289, 0.12396836280822754], [0.5897141695022583, 0.6377508640289307, 0.4954907298088074, 0.4216349124908447], [0.8073904514312744, -0.4799255430698395, -0.3432086110115051, 0.8948255777359009], [0.0, 0.0, 0.0, 1.0]]}, {"frame": 54, "matrix_world": [[0.01891707070171833, 0.6024494767189026, -0.7979328036308289, 0.1239684522151947], [0.5897141695022583, 0.6377508640289307, 0.4954907298088074, 0.4216349124908447], [0.8073904514312744, -0.4799255430698395, -0.3432086110115051, 0.8948256969451904], [0.0, 0.0, 0.0, 1.0]]}, {"frame": 55, "matrix_world": [[0.01891707070171833, 0.6024494767189026, -0.7979328036308289, 0.12396833300590515], [0.5897141695022583, 0.6377508640289307, 0.4954907298088074, 0.4216349124908447], [0.8073904514312744, -0.4799255430698395, -0.3432086110115051, 0.89482581615448], [0.0, 0.0, 0.0, 1.0]]}, {"frame": 56, "matrix_world": [[0.01891707070171833, 0.6024494767189026, -0.7979328036308289, 0.12396839261054993], [0.5897141695022583, 0.6377508640289307, 0.4954907298088074, 0.4216349124908447], [0.8073904514312744, -0.4799255430698395, -0.3432086110115051, 0.89482581615448], [0.0, 0.0, 0.0, 1.0]]}, {"frame": 57, "matrix_world": [[0.01891707070171833, 0.6024494767189026, -0.7979328036308289, 0.12396839261054993], [0.5897141695022583, 0.6377508640289307, 0.4954907298088074, 0.4216349124908447], [0.8073904514312744, -0.4799255430698395, -0.3432086110115051, 0.89482581615448], [0.0, 0.0, 0.0, 1.0]]}, {"frame": 58, "matrix_world": [[0.01891707070171833, 0.6024494767189026, -0.7979328036308289, 0.12396839261054993], [0.5897141695022583, 0.6377508640289307, 0.4954907298088074, 0.4216349124908447], [0.8073904514312744, -0.4799255430698395, -0.3432086110115051, 0.89482581615448], [0.0, 0.0, 0.0, 1.0]]}, {"frame": 59, "matrix_world": [[0.01891707070171833, 0.6024494767189026, -0.7979328036308289, 0.12396839261054993], [0.5897141695022583, 0.6377508640289307, 0.4954907298088074, 0.4216347932815552], [0.8073904514312744, -0.4799255430698395, -0.3432086110115051, 0.8948256969451904], [0.0, 0.0, 0.0, 1.0]]}, {"frame": 60, "matrix_world": [[0.01891707070171833, 0.6024494767189026, -0.7979328036308289, 0.12396839261054993], [0.5897141695022583, 0.6377508640289307, 0.4954907298088074, 0.4216349124908447], [0.8073904514312744, -0.4799255430698395, -0.3432086110115051, 0.8948256969451904], [0.0, 0.0, 0.0, 1.0]]}, {"frame": 61, "matrix_world": [[0.01891707070171833, 0.6024494767189026, -0.7979328036308289, 0.12396836280822754], [0.5897141695022583, 0.6377508640289307, 0.4954907298088074, 0.42163488268852234], [0.8073904514312744, -0.4799255430698395, -0.3432086110115051, 0.89482581615448], [0.0, 0.0, 0.0, 1.0]]}, {"frame": 62, "matrix_world": [[0.01891707070171833, 0.6024494767189026, -0.7979328036308289, 0.12396833300590515], [0.5897141695022583, 0.6377508640289307, 0.4954907298088074, 0.4216349124908447], [0.8073904514312744, -0.4799255430698395, -0.3432086110115051, 0.89482581615448], [0.0, 0.0, 0.0, 1.0]]}, {"frame": 63, "matrix_world": [[0.01891707070171833, 0.6024494767189026, -0.7979328036308289, 0.12396830320358276], [0.5897141695022583, 0.6377508640289307, 0.4954907298088074, 0.4216349124908447], [0.8073904514312744, -0.4799255430698395, -0.3432086110115051, 0.8948259353637695], [0.0, 0.0, 0.0, 1.0]]}, {"frame": 64, "matrix_world": [[0.01891707070171833, 0.6024494767189026, -0.7979328036308289, 0.12396830320358276], [0.5897141695022583, 0.6377508640289307, 0.4954907298088074, 0.4216349124908447], [0.8073904514312744, -0.4799255430698395, -0.3432086110115051, 0.8948259353637695], [0.0, 0.0, 0.0, 1.0]]}, {"frame": 65, "matrix_world": [[0.01891707070171833, 0.6024494767189026, -0.7979328036308289, 0.12396833300590515], [0.5897141695022583, 0.6377508640289307, 0.4954907298088074, 0.42163488268852234], [0.8073904514312744, -0.4799255430698395, -0.3432086110115051, 0.8948256969451904], [0.0, 0.0, 0.0, 1.0]]}, {"frame": 66, "matrix_world": [[0.01891707070171833, 0.6024494767189026, -0.7979328036308289, 0.12396833300590515], [0.5897141695022583, 0.6377508640289307, 0.4954907298088074, 0.42163488268852234], [0.8073904514312744, -0.4799255430698395, -0.3432086110115051, 0.89482581615448], [0.0, 0.0, 0.0, 1.0]]}, {"frame": 67, "matrix_world": [[0.01891707070171833, 0.6024494767189026, -0.7979328036308289, 0.12396839261054993], [0.5897141695022583, 0.6377508640289307, 0.4954907298088074, 0.42163488268852234], [0.8073904514312744, -0.4799255430698395, -0.3432086110115051, 0.89482581615448], [0.0, 0.0, 0.0, 1.0]]}, {"frame": 68, "matrix_world": [[0.01891707070171833, 0.6024494767189026, -0.7979328036308289, 0.12396839261054993], [0.5897141695022583, 0.6377508640289307, 0.4954907298088074, 0.4216349124908447], [0.8073904514312744, -0.4799255430698395, -0.3432086110115051, 0.89482581615448], [0.0, 0.0, 0.0, 1.0]]}, {"frame": 69, "matrix_world": [[0.01891707070171833, 0.6024494767189026, -0.7979328036308289, 0.12396833300590515], [0.5897141695022583, 0.6377508640289307, 0.4954907298088074, 0.42163488268852234], [0.8073904514312744, -0.4799255430698395, -0.3432086110115051, 0.89482581615448], [0.0, 0.0, 0.0, 1.0]]}, {"frame": 70, "matrix_world": [[0.01891707070171833, 0.6024494767189026, -0.7979328036308289, 0.1239684522151947], [0.5897141695022583, 0.6377508640289307, 0.4954907298088074, 0.4216349124908447], [0.8073904514312744, -0.4799255430698395, -0.3432086110115051, 0.8948259353637695], [0.0, 0.0, 0.0, 1.0]]}, {"frame": 71, "matrix_world": [[0.01891707070171833, 0.6024494767189026, -0.7979328036308289, 0.12396842241287231], [0.5897141695022583, 0.6377508640289307, 0.4954907298088074, 0.4216349124908447], [0.8073904514312744, -0.4799255430698395, -0.3432086110115051, 0.89482581615448], [0.0, 0.0, 0.0, 1.0]]}, {"frame": 72, "matrix_world": [[0.01891707070171833, 0.6024494767189026, -0.7979328036308289, 0.12396839261054993], [0.5897141695022583, 0.6377508640289307, 0.4954907298088074, 0.4216349124908447], [0.8073904514312744, -0.4799255430698395, -0.3432086110115051, 0.89482581615448], [0.0, 0.0, 0.0, 1.0]]}, {"frame": 73, "matrix_world": [[0.01891707070171833, 0.6024494767189026, -0.7979328036308289, 0.12396839261054993], [0.5897141695022583, 0.6377508640289307, 0.4954907298088074, 0.42163485288619995], [0.8073904514312744, -0.4799255430698395, -0.3432086110115051, 0.89482581615448], [0.0, 0.0, 0.0, 1.0]]}, {"frame": 74, "matrix_world": [[0.01891707070171833, 0.6024494767189026, -0.7979328036308289, 0.11498543620109558], [0.5897141695022583, 0.6377508640289307, 0.4954907298088074, 0.44065722823143005], [0.8073904514312744, -0.4799255430698395, -0.3432086110115051, 0.9106162786483765], [0.0, 0.0, 0.0, 1.0]]}, {"frame": 75, "matrix_world": [[0.01891707070171833, 0.6024494767189026, -0.7979328036308289, 0.10467022657394409], [0.5897141695022583, 0.6377508640289307, 0.4954907298088074, 0.4576111435890198], [0.8073904514312744, -0.4799255430698395, -0.3432086110115051, 0.927880048751831], [0.0, 0.0, 0.0, 1.0]]}, {"frame": 76, "matrix_world": [[0.01891707070171833, 0.6024494767189026, -0.7979328036308289, 0.09314548969268799], [0.5897141695022583, 0.6377508640289307, 0.4954907298088074, 0.47229498624801636], [0.8073904514312744, -0.4799255430698395, -0.3432086110115051, 0.9464124441146851], [0.0, 0.0, 0.0, 1.0]]}, {"frame": 77, "matrix_world": [[0.01891707070171833, 0.6024494767189026, -0.7979328036308289, 0.08054810762405396], [0.5897141695022583, 0.6377508640289307, 0.4954907298088074, 0.4845343232154846], [0.8073904514312744, -0.4799255430698395, -0.3432086110115051, 0.9659929275512695], [0.0, 0.0, 0.0, 1.0]]}, {"frame": 78, "matrix_world": [[0.01891707070171833, 0.6024494767189026, -0.7979328036308289, 0.06702807545661926], [0.5897141695022583, 0.6377508640289307, 0.4954907298088074, 0.4941835403442383], [0.8073904514312744, -0.4799255430698395, -0.3432086110115051, 0.9863884449005127], [0.0, 0.0, 0.0, 1.0]]}, {"frame": 79, "matrix_world": [[0.01891707070171833, 0.6024494767189026, -0.7979328036308289, 0.05274587869644165], [0.5897141695022583, 0.6377508640289307, 0.4954907298088074, 0.5011280179023743], [0.8073904514312744, -0.4799255430698395, -0.3432086110115051, 1.0073570013046265], [0.0, 0.0, 0.0, 1.0]]}, {"frame": 80, "matrix_world": [[0.01891707070171833, 0.6024494767189026, -0.7979328036308289, 0.03787145018577576], [0.5897141695022583, 0.6377508640289307, 0.4954907298088074, 0.5052852034568787], [0.8073904514312744, -0.4799255430698395, -0.3432086110115051, 1.0286492109298706], [0.0, 0.0, 0.0, 1.0]]}, {"frame": 81, "matrix_world": [[0.01891707070171833, 0.6024494767189026, -0.7979328036308289, 0.022581547498703003], [0.5897141695022583, 0.6377508640289307, 0.4954907298088074, 0.5066056847572327], [0.8073904514312744, -0.4799255430698395, -0.3432086110115051, 1.0500117540359497], [0.0, 0.0, 0.0, 1.0]]}, {"frame": 82, "matrix_world": [[0.01891707070171833, 0.6024494767189026, -0.7979328036308289, 0.007057875394821167], [0.5897141695022583, 0.6377508640289307, 0.4954907298088074, 0.5050736665725708], [0.8073904514312744, -0.4799255430698395, -0.3432086110115051, 1.071190595626831], [0.0, 0.0, 0.0, 1.0]]}, {"frame": 83, "matrix_world": [[0.01891707070171833, 0.6024494767189026, -0.7979328036308289, -0.008514970541000366], [0.5897141695022583, 0.6377508640289307, 0.4954907298088074, 0.5007075071334839], [0.8073904514312744, -0.4799255430698395, -0.3432086110115051, 1.0919344425201416], [0.0, 0.0, 0.0, 1.0]]}, {"frame": 84, "matrix_world": [[0.01891707070171833, 0.6024494767189026, -0.7979328036308289, -0.023951947689056396], [0.5897141695022583, 0.6377508640289307, 0.4954907298088074, 0.4935589134693146], [0.8073904514312744, -0.4799255430698395, -0.3432086110115051, 1.1119966506958008], [0.0, 0.0, 0.0, 1.0]]}, {"frame": 85, "matrix_world": [[0.01891707070171833, 0.6024494767189026, -0.7979328036308289, -0.03906935453414917], [0.5897141695022583, 0.6377508640289307, 0.4954907298088074, 0.4837131202220917], [0.8073904514312744, -0.4799255430698395, -0.3432086110115051, 1.1311383247375488], [0.0, 0.0, 0.0, 1.0]]}, {"frame": 86, "matrix_world": [[0.01891707070171833, 0.6024494767189026, -0.7979328036308289, -0.03533318638801575], [0.5897141695022583, 0.6377508640289307, 0.4954907298088074, 0.49177849292755127], [0.8073904514312744, -0.4799255430698395, -0.3432086110115051, 1.1380304098129272], [0.0, 0.0, 0.0, 1.0]]}, {"frame": 87, "matrix_world": [[0.01891707070171833, 0.6024494767189026, -0.7979328036308289, -0.03215333819389343], [0.5897141695022583, 0.6377508640289307, 0.4954907298088074, 0.499837726354599], [0.8073904514312744, -0.4799255430698395, -0.3432086110115051, 1.1451910734176636], [0.0, 0.0, 0.0, 1.0]]}, {"frame": 88, "matrix_world": [[0.01891707070171833, 0.6024494767189026, -0.7979328036308289, -0.02955174446105957], [0.5897141695022583, 0.6377508640289307, 0.4954907298088074, 0.5078824758529663], [0.8073904514312744, -0.4799255430698395, -0.3432086110115051, 1.1525729894638062], [0.0, 0.0, 0.0, 1.0]]}, {"frame": 89, "matrix_world": [[0.01891707070171833, 0.6024494767189026, -0.7979328036308289, -0.02754715085029602], [0.5897141695022583, 0.6377508640289307, 0.4954907298088074, 0.515904426574707], [0.8073904514312744, -0.4799255430698395, -0.3432086110115051, 1.1601245403289795], [0.0, 0.0, 0.0, 1.0]]}, {"frame": 90, "matrix_world": [[0.01891707070171833, 0.6024494767189026, -0.7979328036308289, -0.02615278959274292], [0.5897141695022583, 0.6377508640289307, 0.4954907298088074, 0.5238951444625854], [0.8073904514312744, -0.4799255430698395, -0.3432086110115051, 1.1677947044372559], [0.0, 0.0, 0.0, 1.0]]}, {"frame": 91, "matrix_world": [[0.01891707070171833, 0.6024494767189026, -0.7979328036308289, -0.025378018617630005], [0.5897141695022583, 0.6377508640289307, 0.4954907298088074, 0.5318460464477539], [0.8073904514312744, -0.4799255430698395, -0.3432086110115051, 1.1755307912826538], [0.0, 0.0, 0.0, 1.0]]}, {"frame": 92, "matrix_world": [[0.01891707070171833, 0.6024494767189026, -0.7979328036308289, -0.025227278470993042], [0.5897141695022583, 0.6377508640289307, 0.4954907298088074, 0.539749264717102], [0.8073904514312744, -0.4799255430698395, -0.3432086110115051, 1.1832785606384277], [0.0, 0.0, 0.0, 1.0]]}, {"frame": 93, "matrix_world": [[0.01891707070171833, 0.6024494767189026, -0.7979328036308289, -0.02570071816444397], [0.5897141695022583, 0.6377508640289307, 0.4954907298088074, 0.5475958585739136], [0.8073904514312744, -0.4799255430698395, -0.3432086110115051, 1.1909846067428589], [0.0, 0.0, 0.0, 1.0]]}, {"frame": 94, "matrix_world": [[0.01891707070171833, 0.6024494767189026, -0.7979328036308289, -0.026793330907821655], [0.5897141695022583, 0.6377508640289307, 0.4954907298088074, 0.5553780794143677], [0.8073904514312744, -0.4799255430698395, -0.3432086110115051, 1.1985949277877808], [0.0, 0.0, 0.0, 1.0]]}, {"frame": 95, "matrix_world": [[0.01891707070171833, 0.6024494767189026, -0.7979328036308289, -0.028495997190475464], [0.5897141695022583, 0.6377508640289307, 0.4954907298088074, 0.563087522983551], [0.8073904514312744, -0.4799255430698395, -0.3432086110115051, 1.2060561180114746], [0.0, 0.0, 0.0, 1.0]]}, {"frame": 96, "matrix_world": [[0.01891707070171833, 0.6024494767189026, -0.7979328036308289, -0.03079468011856079], [0.5897141695022583, 0.6377508640289307, 0.4954907298088074, 0.5707160234451294], [0.8073904514312744, -0.4799255430698395, -0.3432086110115051, 1.2133156061172485], [0.0, 0.0, 0.0, 1.0]]}, {"frame": 97, "matrix_world": [[0.01891707070171833, 0.6024494767189026, -0.7979328036308289, -0.03367087244987488], [0.5897141695022583, 0.6377508640289307, 0.4954907298088074, 0.5782558917999268], [0.8073904514312744, -0.4799255430698395, -0.3432086110115051, 1.2203224897384644], [0.0, 0.0, 0.0, 1.0]]}, {"frame": 98, "matrix_world": [[0.01891707070171833, 0.6024494767189026, -0.7979328036308289, -0.03367087244987488], [0.5897141695022583, 0.6377508640289307, 0.4954907298088074, 0.5782558917999268], [0.8073904514312744, -0.4799255430698395, -0.3432086110115051, 1.2203224897384644], [0.0, 0.0, 0.0, 1.0]]}, {"frame": 99, "matrix_world": [[0.01891707070171833, 0.6024494767189026, -0.7979328036308289, -0.03367087244987488], [0.5897141695022583, 0.6377508640289307, 0.4954907298088074, 0.5782558917999268], [0.8073904514312744, -0.4799255430698395, -0.3432086110115051, 1.2203224897384644], [0.0, 0.0, 0.0, 1.0]]}, {"frame": 100, "matrix_world": [[0.01891707070171833, 0.6024494767189026, -0.7979328036308289, -0.03367087244987488], [0.5897141695022583, 0.6377508640289307, 0.4954907298088074, 0.5782558917999268], [0.8073904514312744, -0.4799255430698395, -0.3432086110115051, 1.2203224897384644], [0.0, 0.0, 0.0, 1.0]]}, {"frame": 101, "matrix_world": [[0.01891707070171833, 0.6024494767189026, -0.7979328036308289, -0.03367087244987488], [0.5897141695022583, 0.6377508640289307, 0.4954907298088074, 0.5782558917999268], [0.8073904514312744, -0.4799255430698395, -0.3432086110115051, 1.2203224897384644], [0.0, 0.0, 0.0, 1.0]]}, {"frame": 102, "matrix_world": [[0.01891707070171833, 0.6024494767189026, -0.7979328036308289, -0.03367087244987488], [0.5897141695022583, 0.6377508640289307, 0.4954907298088074, 0.5782558917999268], [0.8073904514312744, -0.4799255430698395, -0.3432086110115051, 1.2203224897384644], [0.0, 0.0, 0.0, 1.0]]}, {"frame": 103, "matrix_world": [[0.01891707070171833, 0.6024494767189026, -0.7979328036308289, -0.03367087244987488], [0.5897141695022583, 0.6377508640289307, 0.4954907298088074, 0.5782558917999268], [0.8073904514312744, -0.4799255430698395, -0.3432086110115051, 1.2203224897384644], [0.0, 0.0, 0.0, 1.0]]}, {"frame": 104, "matrix_world": [[0.01891707070171833, 0.6024494767189026, -0.7979328036308289, -0.03367087244987488], [0.5897141695022583, 0.6377508640289307, 0.4954907298088074, 0.5782558917999268], [0.8073904514312744, -0.4799255430698395, -0.3432086110115051, 1.2203224897384644], [0.0, 0.0, 0.0, 1.0]]}, {"frame": 105, "matrix_world": [[0.01891707070171833, 0.6024494767189026, -0.7979328036308289, -0.03367087244987488], [0.5897141695022583, 0.6377508640289307, 0.4954907298088074, 0.5782558917999268], [0.8073904514312744, -0.4799255430698395, -0.3432086110115051, 1.2203224897384644], [0.0, 0.0, 0.0, 1.0]]}, {"frame": 106, "matrix_world": [[0.01891707070171833, 0.6024494767189026, -0.7979328036308289, -0.03367087244987488], [0.5897141695022583, 0.6377508640289307, 0.4954907298088074, 0.5782558917999268], [0.8073904514312744, -0.4799255430698395, -0.3432086110115051, 1.2203224897384644], [0.0, 0.0, 0.0, 1.0]]}, {"frame": 107, "matrix_world": [[0.01891707070171833, 0.6024494767189026, -0.7979328036308289, -0.03367087244987488], [0.5897141695022583, 0.6377508640289307, 0.4954907298088074, 0.5782558917999268], [0.8073904514312744, -0.4799255430698395, -0.3432086110115051, 1.2203224897384644], [0.0, 0.0, 0.0, 1.0]]}, {"frame": 108, "matrix_world": [[0.01891707070171833, 0.6024494767189026, -0.7979328036308289, -0.03367087244987488], [0.5897141695022583, 0.6377508640289307, 0.4954907298088074, 0.5782558917999268], [0.8073904514312744, -0.4799255430698395, -0.3432086110115051, 1.2203224897384644], [0.0, 0.0, 0.0, 1.0]]}, {"frame": 109, "matrix_world": [[0.01891707070171833, 0.6024494767189026, -0.7979328036308289, -0.03367087244987488], [0.5897141695022583, 0.6377508640289307, 0.4954907298088074, 0.5782558917999268], [0.8073904514312744, -0.4799255430698395, -0.3432086110115051, 1.2203224897384644], [0.0, 0.0, 0.0, 1.0]]}, {"frame": 110, "matrix_world": [[0.01891707070171833, 0.6024494767189026, -0.7979328036308289, -0.02416512370109558], [0.5897141695022583, 0.6377508640289307, 0.4954907298088074, 0.5674868226051331], [0.8073904514312744, -0.4799255430698395, -0.3432086110115051, 1.2152899503707886], [0.0, 0.0, 0.0, 1.0]]}, {"frame": 111, "matrix_world": [[0.01891707070171833, 0.6024494767189026, -0.7979328036308289, -0.015459835529327393], [0.5897141695022583, 0.6377508640289307, 0.4954907298088074, 0.5563715696334839], [0.8073904514312744, -0.4799255430698395, -0.3432086110115051, 1.209835171699524], [0.0, 0.0, 0.0, 1.0]]}, {"frame": 112, "matrix_world": [[0.01891707070171833, 0.6024494767189026, -0.7979328036308289, -0.007580786943435669], [0.5897141695022583, 0.6377508640289307, 0.4954907298088074, 0.5449455976486206], [0.8073904514312744, -0.4799255430698395, -0.3432086110115051, 1.2040201425552368], [0.0, 0.0, 0.0, 1.0]]}, {"frame": 113, "matrix_world": [[0.01891707070171833, 0.6024494767189026, -0.7979328036308289, -0.0005482733249664307], [0.5897141695022583, 0.6377508640289307, 0.4954907298088074, 0.5332444906234741], [0.8073904514312744, -0.4799255430698395, -0.3432086110115051, 1.1979079246520996], [0.0, 0.0, 0.0, 1.0]]}, {"frame": 114, "matrix_world": [[0.01891707070171833, 0.6024494767189026, -0.7979328036308289, 0.005622416734695435], [0.5897141695022583, 0.6377508640289307, 0.4954907298088074, 0.5213049650192261], [0.8073904514312744, -0.4799255430698395, -0.3432086110115051, 1.1915619373321533], [0.0, 0.0, 0.0, 1.0]]}, {"frame": 115, "matrix_world": [[0.01891707070171833, 0.6024494767189026, -0.7979328036308289, 0.010921984910964966], [0.5897141695022583, 0.6377508640289307, 0.4954907298088074, 0.5091636776924133], [0.8073904514312744, -0.4799255430698395, -0.3432086110115051, 1.1850459575653076], [0.0, 0.0, 0.0, 1.0]]}, {"frame": 116, "matrix_world": [[0.01891707070171833, 0.6024494767189026, -0.7979328036308289, 0.015346139669418335], [0.5897141695022583, 0.6377508640289307, 0.4954907298088074, 0.4968574643135071], [0.8073904514312744, -0.4799255430698395, -0.3432086110115051, 1.178424596786499], [0.0, 0.0, 0.0, 1.0]]}, {"frame": 117, "matrix_world": [[0.01891707070171833, 0.6024494767189026, -0.7979328036308289, 0.0188959538936615], [0.5897141695022583, 0.6377508640289307, 0.4954907298088074, 0.48442375659942627], [0.8073904514312744, -0.4799255430698395, -0.3432086110115051, 1.1717607975006104], [0.0, 0.0, 0.0, 1.0]]}, {"frame": 118, "matrix_world": [[0.01891707070171833, 0.6024494767189026, -0.7979328036308289, 0.021578103303909302], [0.5897141695022583, 0.6377508640289307, 0.4954907298088074, 0.4718998968601227], [0.8073904514312744, -0.4799255430698395, -0.3432086110115051, 1.1651169061660767], [0.0, 0.0, 0.0, 1.0]]}, {"frame": 119, "matrix_world": [[0.01891707070171833, 0.6024494767189026, -0.7979328036308289, 0.02340427041053772], [0.5897141695022583, 0.6377508640289307, 0.4954907298088074, 0.4593229591846466], [0.8073904514312744, -0.4799255430698395, -0.3432086110115051, 1.1585540771484375], [0.0, 0.0, 0.0, 1.0]]}, {"frame": 120, "matrix_world": [[0.01891707070171833, 0.6024494767189026, -0.7979328036308289, 0.024391084909439087], [0.5897141695022583, 0.6377508640289307, 0.4954907298088074, 0.44673019647598267], [0.8073904514312744, -0.4799255430698395, -0.3432086110115051, 1.1521317958831787], [0.0, 0.0, 0.0, 1.0]]}, {"frame": 121, "matrix_world": [[0.01891707070171833, 0.6024494767189026, -0.7979328036308289, 0.024560123682022095], [0.5897141695022583, 0.6377508640289307, 0.4954907298088074, 0.4341585636138916], [0.8073904514312744, -0.4799255430698395, -0.3432086110115051, 1.1459068059921265], [0.0, 0.0, 0.0, 1.0]]}, {"frame": 122, "matrix_world": [[0.01891707070171833, 0.6024494767189026, -0.7979328036308289, 0.040249794721603394], [0.5897141695022583, 0.6377508640289307, 0.4954907298088074, 0.4426847994327545], [0.8073904514312744, -0.4799255430698395, -0.3432086110115051, 1.1275564432144165], [0.0, 0.0, 0.0, 1.0]]}, {"frame": 123, "matrix_world": [[0.01891707070171833, 0.6024494767189026, -0.7979328036308289, 0.0550064742565155], [0.5897141695022583, 0.6377508640289307, 0.4954907298088074, 0.4494103789329529], [0.8073904514312744, -0.4799255430698395, -0.3432086110115051, 1.1081271171569824], [0.0, 0.0, 0.0, 1.0]]}, {"frame": 124, "matrix_world": [[0.01891707070171833, 0.6024494767189026, -0.7979328036308289, 0.0686667263507843], [0.5897141695022583, 0.6377508640289307, 0.4954907298088074, 0.45432204008102417], [0.8073904514312744, -0.4799255430698395, -0.3432086110115051, 1.0877772569656372], [0.0, 0.0, 0.0, 1.0]]}, {"frame": 125, "matrix_world": [[0.01891707070171833, 0.6024494767189026, -0.7979328036308289, 0.08108261227607727], [0.5897141695022583, 0.6377508640289307, 0.4954907298088074, 0.4574209153652191], [0.8073904514312744, -0.4799255430698395, -0.3432086110115051, 1.0666781663894653], [0.0, 0.0, 0.0, 1.0]]}, {"frame": 126, "matrix_world": [[0.01891707070171833, 0.6024494767189026, -0.7979328036308289, 0.09212285280227661], [0.5897141695022583, 0.6377508640289307, 0.4954907298088074, 0.4587221145629883], [0.8073904514312744, -0.4799255430698395, -0.3432086110115051, 1.0450159311294556], [0.0, 0.0, 0.0, 1.0]]}, {"frame": 127, "matrix_world": [[0.01891707070171833, 0.6024494767189026, -0.7979328036308289, 0.10167452692985535], [0.5897141695022583, 0.6377508640289307, 0.4954907298088074, 0.45825493335723877], [0.8073904514312744, -0.4799255430698395, -0.3432086110115051, 1.0229867696762085], [0.0, 0.0, 0.0, 1.0]]}, {"frame": 128, "matrix_world": [[0.01891707070171833, 0.6024494767189026, -0.7979328036308289, 0.10964450240135193], [0.5897141695022583, 0.6377508640289307, 0.4954907298088074, 0.4560621380805969], [0.8073904514312744, -0.4799255430698395, -0.3432086110115051, 1.000795602798462], [0.0, 0.0, 0.0, 1.0]]}, {"frame": 129, "matrix_world": [[0.01891707070171833, 0.6024494767189026, -0.7979328036308289, 0.115960031747818], [0.5897141695022583, 0.6377508640289307, 0.4954907298088074, 0.4522002339363098], [0.8073904514312744, -0.4799255430698395, -0.3432086110115051, 0.9786520004272461], [0.0, 0.0, 0.0, 1.0]]}, {"frame": 130, "matrix_world": [[0.01891707070171833, 0.6024494767189026, -0.7979328036308289, 0.12056955695152283], [0.5897141695022583, 0.6377508640289307, 0.4954907298088074, 0.44673869013786316], [0.8073904514312744, -0.4799255430698395, -0.3432086110115051, 0.9567703008651733], [0.0, 0.0, 0.0, 1.0]]}, {"frame": 131, "matrix_world": [[0.01891707070171833, 0.6024494767189026, -0.7979328036308289, 0.1234428882598877], [0.5897141695022583, 0.6377508640289307, 0.4954907298088074, 0.4397595524787903], [0.8073904514312744, -0.4799255430698395, -0.3432086110115051, 0.9353647232055664], [0.0, 0.0, 0.0, 1.0]]}, {"frame": 132, "matrix_world": [[0.01891707070171833, 0.6024494767189026, -0.7979328036308289, 0.12457165122032166], [0.5897141695022583, 0.6377508640289307, 0.4954907298088074, 0.4313565790653229], [0.8073904514312744, -0.4799255430698395, -0.3432086110115051, 0.9146474599838257], [0.0, 0.0, 0.0, 1.0]]}, {"frame": 133, "matrix_world": [[0.01891707070171833, 0.6024494767189026, -0.7979328036308289, 0.12396839261054993], [0.5897141695022583, 0.6377508640289307, 0.4954907298088074, 0.42163485288619995], [0.8073904514312744, -0.4799255430698395, -0.3432086110115051, 0.89482581615448], [0.0, 0.0, 0.0, 1.0]]}, {"frame": 134, "matrix_world": [[0.01891707070171833, 0.6024494767189026, -0.7979328036308289, 0.12396839261054993], [0.5897141695022583, 0.6377508640289307, 0.4954907298088074, 0.42163485288619995], [0.8073904514312744, -0.4799255430698395, -0.3432086110115051, 0.89482581615448], [0.0, 0.0, 0.0, 1.0]]}, {"frame": 135, "matrix_world": [[0.01891707070171833, 0.6024494767189026, -0.7979328036308289, 0.12396839261054993], [0.5897141695022583, 0.6377508640289307, 0.4954907298088074, 0.42163485288619995], [0.8073904514312744, -0.4799255430698395, -0.3432086110115051, 0.89482581615448], [0.0, 0.0, 0.0, 1.0]]}, {"frame": 136, "matrix_world": [[0.01891707070171833, 0.6024494767189026, -0.7979328036308289, 0.12396839261054993], [0.5897141695022583, 0.6377508640289307, 0.4954907298088074, 0.42163485288619995], [0.8073904514312744, -0.4799255430698395, -0.3432086110115051, 0.89482581615448], [0.0, 0.0, 0.0, 1.0]]}, {"frame": 137, "matrix_world": [[0.01891707070171833, 0.6024494767189026, -0.7979328036308289, 0.12396839261054993], [0.5897141695022583, 0.6377508640289307, 0.4954907298088074, 0.42163485288619995], [0.8073904514312744, -0.4799255430698395, -0.3432086110115051, 0.89482581615448], [0.0, 0.0, 0.0, 1.0]]}, {"frame": 138, "matrix_world": [[0.01891707070171833, 0.6024494767189026, -0.7979328036308289, 0.12396839261054993], [0.5897141695022583, 0.6377508640289307, 0.4954907298088074, 0.42163485288619995], [0.8073904514312744, -0.4799255430698395, -0.3432086110115051, 0.89482581615448], [0.0, 0.0, 0.0, 1.0]]}, {"frame": 139, "matrix_world": [[0.01891707070171833, 0.6024494767189026, -0.7979328036308289, 0.12396839261054993], [0.5897141695022583, 0.6377508640289307, 0.4954907298088074, 0.42163485288619995], [0.8073904514312744, -0.4799255430698395, -0.3432086110115051, 0.89482581615448], [0.0, 0.0, 0.0, 1.0]]}, {"frame": 140, "matrix_world": [[0.01891707070171833, 0.6024494767189026, -0.7979328036308289, 0.12396839261054993], [0.5897141695022583, 0.6377508640289307, 0.4954907298088074, 0.42163485288619995], [0.8073904514312744, -0.4799255430698395, -0.3432086110115051, 0.89482581615448], [0.0, 0.0, 0.0, 1.0]]}, {"frame": 141, "matrix_world": [[0.01891707070171833, 0.6024494767189026, -0.7979328036308289, 0.12396839261054993], [0.5897141695022583, 0.6377508640289307, 0.4954907298088074, 0.42163485288619995], [0.8073904514312744, -0.4799255430698395, -0.3432086110115051, 0.89482581615448], [0.0, 0.0, 0.0, 1.0]]}, {"frame": 142, "matrix_world": [[0.01891707070171833, 0.6024494767189026, -0.7979328036308289, 0.12396839261054993], [0.5897141695022583, 0.6377508640289307, 0.4954907298088074, 0.42163485288619995], [0.8073904514312744, -0.4799255430698395, -0.3432086110115051, 0.89482581615448], [0.0, 0.0, 0.0, 1.0]]}, {"frame": 143, "matrix_world": [[0.01891707070171833, 0.6024494767189026, -0.7979328036308289, 0.12396839261054993], [0.5897141695022583, 0.6377508640289307, 0.4954907298088074, 0.42163485288619995], [0.8073904514312744, -0.4799255430698395, -0.3432086110115051, 0.89482581615448], [0.0, 0.0, 0.0, 1.0]]}, {"frame": 144, "matrix_world": [[0.01891707070171833, 0.6024494767189026, -0.7979328036308289, 0.12396839261054993], [0.5897141695022583, 0.6377508640289307, 0.4954907298088074, 0.42163485288619995], [0.8073904514312744, -0.4799255430698395, -0.3432086110115051, 0.89482581615448], [0.0, 0.0, 0.0, 1.0]]}, {"frame": 145, "matrix_world": [[0.01891707070171833, 0.6024494767189026, -0.7979328036308289, 0.12396839261054993], [0.5897141695022583, 0.6377508640289307, 0.4954907298088074, 0.42163485288619995], [0.8073904514312744, -0.4799255430698395, -0.3432086110115051, 0.89482581615448], [0.0, 0.0, 0.0, 1.0]]}], "action": "BW2_RIGHT_GRIP_CARRY_DIAGNOSTIC", "frame_range": [1, 145], "held_frames": [25, 145], "frame_count": 145, "fps": 24, "encoded_duration_seconds": 6.041666666666667, "keyframe_time_span_seconds": 6.0, "resolution": [800, 800], "engine": "BLENDER_WORKBENCH", "single_clay_color": [0.55, 0.55, 0.55], "lighting": {"light": "STUDIO", "studio_light": 0.4000000059604645, "shadows": true, "cavity": "BOTH", "specular_highlight": true, "background_world_rgb": [0.09000000357627869, 0.09000000357627869, 0.09000000357627869]}, "view_settings": {"view_transform": "Standard", "look": "None", "exposure": 0, "gamma": 1}, "source_visible_object_names_at_frame1": ["BW2_calibration_palm", "BW1_Glove_Pair_SourceFit", "BW1_Temporary_Pose_Rig", "BW1_Camera_front", "BW1_Camera_profile", "BW1_Camera_back", "BW1_Camera_three_quarter", "BW1_Camera_other_three_quarter", "BW1_Key", "BW1_Fill", "BW1_Rim", "BW1_Camera_leg_proof", "BW1_Camera_arm_proof", "BW1_Camera_cage_glove", "BW1_Camera_cage_boot", "BW1_edit_pauldron_clear", "BW1_edit_greave_clear", "BW2_light_key", "BW2_light_fill", "BW2_light_rim", "BW2_cam_palm", "BW2_cam_back", "BW2_cam_side", "BW2_cam_axial", "BW2_cam_oblique", "BW2_FixedHandFrame_R", "BW2_Locked_Handle_28mm", "BW2_cam_carry_close", "BW2_cam_thumb_side"], "review_status": "ART_REVISE", "reported_blocker": "Root reported375 confirmed glove self-crossing pairs in thumb/web; numeric fixed-handle contact screens do not establish G02 success.", "source_visibility_preserved": true, "art_approval": false, "source_saved": false, "media_boundary": "Actual Blender authoring carry action. No actual-game motion, runtime import, collision certification, or human approval is implied.", "started_utc": "2026-09-09T08:09:31Z", "render_seconds": 15.622745500004385, "rendered_frames": 145, "video_file": "C:\\Users\\iputu\\Documents\\Wonder Chess\\art-source\\asset-studio\\wc_u_human_guardian\\stages\\body-costume\\BW2\\r001\\motion-carry-final\\ada_bw2_fixed_handle_ART_REVISE.mp4", "video_sha256": "acce52246f19720f0bc6b7f28c54dd94eb3f4016931ff1bab751c2ca29c21eb0", "encoding": "Blender native VSE; H264 MPEG4; no audio", "source_sha256_after": "d64d5900317541710d5ef29939d12559e5ecef31777a7e9261158cbccb7a41cf", "finished_utc": "2026-09-09T08:09:49Z"}
Blender 5.1.1 (hash b70da489d7f4 built 2026-04-14 01:37:22)

Blender quit
