00:02.781  blend            | Read blend: "C:\Users\iputu\Documents\Wonder Chess\art-source\asset-studio\wc_u_human_guardian\stages\body-costume\BW2\r001\grip_carry_diagnostic_input.blend"
{
  "output": "C:\\Users\\iputu\\Documents\\Wonder Chess\\art-source\\asset-studio\\wc_u_human_guardian\\stages\\body-costume\\BW2\\r001\\reviews\\carry_input_preservation_audit.json",
  "status": "PRESERVATION_CHECKS_PASS_ART_NOT_APPROVED",
  "required_checks": {
    "candidate_hash_matches_expected_and_unchanged": true,
    "baseline_r003_hash_preserved": true,
    "incoming_inventory_contains_exactly62_unique_paths": true,
    "all62_incoming_hashes_preserved_before_and_after": true,
    "all_original_baseline_mesh_source_arrays_preserved": true,
    "old492_action_curves_and_keys_preserved": true,
    "old_action_retained_with_fake_user": true,
    "rig_rest_bones_preserved": true,
    "rig_object_basis_preserved": true,
    "only_allowed_original_modifier_change": true,
    "glove_viewport_and_render_subdivision_equal1": true,
    "coat6mm_and_leggings2mm_even_offset_false_preserved": true,
    "new_grip_action_separate_from_old_action": true,
    "holder_parented_once_to_right_wrist": true,
    "handle_parented_once_to_holder": true,
    "handle_has_no_second_armature_deformation": true
  },
  "mesh_comparison_count": 61
}
Blender 5.1.1 (hash b70da489d7f4 built 2026-04-14 01:37:22)

Blender quit
