00:11.657  geom.mesh        | ERROR Face 1075 is a duplicate of 1064
00:11.657  geom.mesh        | ERROR Face 1110 is a duplicate of 1098
00:11.657  geom.mesh        | ERROR Face 1128 is a duplicate of 343
00:11.657  geom.mesh        | ERROR Face 1130 is a duplicate of 1116
00:11.657  geom.mesh        | ERROR Face 1135 is a duplicate of 1120
00:11.657  geom.mesh        | ERROR Face 1772 is a duplicate of 942
00:11.657  geom.mesh        | ERROR Face 1817 is a duplicate of 239
00:11.657  geom.mesh        | ERROR Face 1818 is a duplicate of 981
00:11.657  geom.mesh        | ERROR Face 1820 is a duplicate of 1801
00:11.657  geom.mesh        | ERROR Face 1821 is a duplicate of 244
00:11.657  geom.mesh        | ERROR Face 1823 is a duplicate of 1802
00:11.657  geom.mesh        | ERROR Face 296 is a duplicate of 295
00:11.657  geom.mesh        | ERROR Face 327 is a duplicate of 325
00:11.657  geom.mesh        | ERROR Face 917 is a duplicate of 914
00:11.657  geom.mesh        | ERROR Face 928 is a duplicate of 221
00:11.657  geom.mesh        | ERROR Face 945 is a duplicate of 227
00:11.657  geom.mesh        | ERROR Face 986 is a duplicate of 980
00:11.657  geom.mesh        | ERROR Face 987 is a duplicate of 240
00:11.657  geom.mesh        | ERROR Face 993 is a duplicate of 982
00:11.657  geom.mesh        | ERROR Face 994 is a duplicate of 243
00:11.657  geom.mesh        | ERROR Face 999 is a duplicate of 989
00:25.360  render           | Saved: 'C:\Users\iputu\Documents\Wonder Chess\reports\WC-U440\20260906T162318Z\halflings\milo\front.png'
00:30.610  render           | Saved: 'C:\Users\iputu\Documents\Wonder Chess\reports\WC-U440\20260906T162318Z\halflings\milo\side.png'
00:35.329  render           | Saved: 'C:\Users\iputu\Documents\Wonder Chess\reports\WC-U440\20260906T162318Z\halflings\milo\back.png'
00:40.438  render           | Saved: 'C:\Users\iputu\Documents\Wonder Chess\reports\WC-U440\20260906T162318Z\halflings\milo\three-quarter.png'
00:45.282  render           | Saved: 'C:\Users\iputu\Documents\Wonder Chess\reports\WC-U440\20260906T162318Z\halflings\milo\face.png'
00:51.454  render           | Saved: 'C:\Users\iputu\Documents\Wonder Chess\reports\WC-U440\20260906T162318Z\halflings\milo\game-angle.png'
00:55.579  render           | Saved: 'C:\Users\iputu\Documents\Wonder Chess\exports\heroes\wc_u_halfling_mage\portrait.png'
00:56.469  render           | Saved: 'C:\Users\iputu\Documents\Wonder Chess\reports\WC-U440\20260906T162318Z\halflings\milo\Idle-start.png'
00:57.313  render           | Saved: 'C:\Users\iputu\Documents\Wonder Chess\reports\WC-U440\20260906T162318Z\halflings\milo\Idle-release.png'
00:58.157  render           | Saved: 'C:\Users\iputu\Documents\Wonder Chess\reports\WC-U440\20260906T162318Z\halflings\milo\Idle-end.png'
00:58.985  render           | Saved: 'C:\Users\iputu\Documents\Wonder Chess\reports\WC-U440\20260906T162318Z\halflings\milo\Move-start.png'
01:00.157  render           | Saved: 'C:\Users\iputu\Documents\Wonder Chess\reports\WC-U440\20260906T162318Z\halflings\milo\Move-release.png'
01:01.125  render           | Saved: 'C:\Users\iputu\Documents\Wonder Chess\reports\WC-U440\20260906T162318Z\halflings\milo\Move-end.png'
01:02.125  render           | Saved: 'C:\Users\iputu\Documents\Wonder Chess\reports\WC-U440\20260906T162318Z\halflings\milo\Attack-start.png'
01:03.172  render           | Saved: 'C:\Users\iputu\Documents\Wonder Chess\reports\WC-U440\20260906T162318Z\halflings\milo\Attack-release.png'
01:04.047  render           | Saved: 'C:\Users\iputu\Documents\Wonder Chess\reports\WC-U440\20260906T162318Z\halflings\milo\Attack-end.png'
01:04.922  render           | Saved: 'C:\Users\iputu\Documents\Wonder Chess\reports\WC-U440\20260906T162318Z\halflings\milo\Active-start.png'
01:05.782  render           | Saved: 'C:\Users\iputu\Documents\Wonder Chess\reports\WC-U440\20260906T162318Z\halflings\milo\Active-release.png'
01:06.641  render           | Saved: 'C:\Users\iputu\Documents\Wonder Chess\reports\WC-U440\20260906T162318Z\halflings\milo\Active-end.png'
01:07.485  render           | Saved: 'C:\Users\iputu\Documents\Wonder Chess\reports\WC-U440\20260906T162318Z\halflings\milo\Hit-start.png'
01:08.329  render           | Saved: 'C:\Users\iputu\Documents\Wonder Chess\reports\WC-U440\20260906T162318Z\halflings\milo\Hit-release.png'
01:09.157  render           | Saved: 'C:\Users\iputu\Documents\Wonder Chess\reports\WC-U440\20260906T162318Z\halflings\milo\Hit-end.png'
01:10.047  render           | Saved: 'C:\Users\iputu\Documents\Wonder Chess\reports\WC-U440\20260906T162318Z\halflings\milo\Defeat-start.png'
01:10.938  render           | Saved: 'C:\Users\iputu\Documents\Wonder Chess\reports\WC-U440\20260906T162318Z\halflings\milo\Defeat-release.png'
01:11.844  render           | Saved: 'C:\Users\iputu\Documents\Wonder Chess\reports\WC-U440\20260906T162318Z\halflings\milo\Defeat-end.png'
01:12.735  render           | Saved: 'C:\Users\iputu\Documents\Wonder Chess\reports\WC-U440\20260906T162318Z\halflings\milo\Victory-start.png'
01:13.594  render           | Saved: 'C:\Users\iputu\Documents\Wonder Chess\reports\WC-U440\20260906T162318Z\halflings\milo\Victory-release.png'
01:14.454  render           | Saved: 'C:\Users\iputu\Documents\Wonder Chess\reports\WC-U440\20260906T162318Z\halflings\milo\Victory-end.png'
01:15.704  render           | Video append frame 1
01:15.735  render           | Video append frame 2
01:15.766  render           | Video append frame 3
01:15.797  render           | Video append frame 4
01:15.844  render           | Video append frame 5
01:15.891  render           | Video append frame 6
01:15.954  render           | Video append frame 7
01:16.000  render           | Video append frame 8
01:16.063  render           | Video append frame 9
01:16.157  render           | Video append frame 10
01:16.235  render           | Video append frame 11
01:16.329  render           | Video append frame 12
01:16.407  render           | Video append frame 13
01:16.485  render           | Video append frame 14
01:16.610  render           | Video append frame 15
01:16.672  render           | Video append frame 16
01:16.750  render           | Video append frame 17
01:16.813  render           | Video append frame 18
01:16.844  render           | Video append frame 19
01:16.907  render           | Video append frame 20
01:16.985  render           | Video append frame 21
01:17.094  render           | Video append frame 22
01:17.157  render           | Video append frame 23
01:17.219  render           | Video append frame 24
01:17.250  render           | Video append frame 25
01:17.297  render           | Video append frame 26
01:17.329  render           | Video append frame 27
01:17.375  render           | Video append frame 28
01:17.407  render           | Video append frame 29
01:17.438  render           | Video append frame 30
01:17.469  render           | Video append frame 31
01:17.500  render           | Video append frame 32
01:17.532  render           | Video append frame 33
01:17.579  render           | Video append frame 34
01:17.594  render           | Video append frame 35
01:17.625  render           | Video append frame 36
01:17.657  render           | Video append frame 37
01:17.688  render           | Video append frame 38
01:17.735  render           | Video append frame 39
01:17.766  render           | Video append frame 40
01:17.797  render           | Video append frame 41
01:17.829  render           | Video append frame 42
01:17.860  render           | Video append frame 43
01:17.891  render           | Video append frame 44
01:17.922  render           | Video append frame 45
01:17.938  render           | Video append frame 46
01:17.969  render           | Video append frame 47
01:18.016  render           | Video append frame 48
01:18.047  render           | Video append frame 49
01:18.063  render           | Video append frame 50
01:18.094  render           | Video append frame 51
01:18.125  render           | Video append frame 52
01:18.157  render           | Video append frame 53
01:18.188  render           | Video append frame 54
01:18.204  render           | Video append frame 55
01:18.235  render           | Video append frame 56
01:18.266  render           | Video append frame 57
01:18.282  render           | Video append frame 58
01:18.313  render           | Video append frame 59
01:18.344  render           | Video append frame 60
01:18.360  render           | Video append frame 61
01:18.391  render           | Video append frame 62
01:18.422  render           | Video append frame 63
01:18.454  render           | Video append frame 64
01:18.469  render           | Video append frame 65
01:18.500  render           | Video append frame 66
01:18.532  render           | Video append frame 67
01:18.563  render           | Video append frame 68
01:18.579  render           | Video append frame 69
01:18.610  render           | Video append frame 70
01:18.641  render           | Video append frame 71
01:18.672  render           | Video append frame 72
01:18.704  render           | Video append frame 73
01:18.719  render           | Video append frame 74
01:18.750  render           | Video append frame 75
01:18.782  render           | Video append frame 76
01:18.813  render           | Video append frame 77
01:18.891  render           | Video append frame 78
01:18.938  render           | Video append frame 79
01:18.969  render           | Video append frame 80
01:19.000  render           | Video append frame 81
01:19.016  render           | Video append frame 82
01:19.063  render           | Video append frame 83
01:19.094  render           | Video append frame 84
01:19.141  render           | Video append frame 85
01:19.172  render           | Video append frame 86
01:19.188  render           | Video append frame 87
01:19.219  render           | Video append frame 88
01:19.250  render           | Video append frame 89
01:19.266  render           | Video append frame 90
01:19.297  render           | Video append frame 91
01:19.329  render           | Video append frame 92
01:19.360  render           | Video append frame 93
01:19.391  render           | Video append frame 94
01:19.422  render           | Video append frame 95
01:19.438  render           | Video append frame 96
01:19.469  render           | Video append frame 97
01:19.500  render           | Video append frame 98
01:19.532  render           | Video append frame 99
01:19.563  render           | Video append frame 100
01:19.594  render           | Video append frame 101
01:19.625  render           | Video append frame 102
01:19.657  render           | Video append frame 103
01:19.672  render           | Video append frame 104
01:19.704  render           | Video append frame 105
01:19.735  render           | Video append frame 106
01:19.766  render           | Video append frame 107
01:19.782  render           | Video append frame 108
01:19.813  render           | Video append frame 109
01:19.844  render           | Video append frame 110
01:19.875  render           | Video append frame 111
01:19.907  render           | Video append frame 112
01:19.938  render           | Video append frame 113
01:19.969  render           | Video append frame 114
01:19.985  render           | Video append frame 115
01:20.016  render           | Video append frame 116
01:20.047  render           | Video append frame 117
01:20.079  render           | Video append frame 118
01:20.110  render           | Video append frame 119
01:20.141  render           | Video append frame 120
01:20.172  render           | Video append frame 121
01:20.235  render           | Video append frame 1
01:20.266  render           | Video append frame 2
01:20.282  render           | Video append frame 3
01:20.313  render           | Video append frame 4
01:20.344  render           | Video append frame 5
01:20.375  render           | Video append frame 6
01:20.407  render           | Video append frame 7
01:20.438  render           | Video append frame 8
01:20.469  render           | Video append frame 9
01:20.500  render           | Video append frame 10
01:20.532  render           | Video append frame 11
01:20.563  render           | Video append frame 12
01:20.594  render           | Video append frame 13
01:20.610  render           | Video append frame 14
01:20.641  render           | Video append frame 15
01:20.672  render           | Video append frame 16
01:20.704  render           | Video append frame 17
01:20.719  render           | Video append frame 18
01:20.750  render           | Video append frame 19
01:20.782  render           | Video append frame 20
01:20.813  render           | Video append frame 21
01:20.844  render           | Video append frame 22
01:20.875  render           | Video append frame 23
01:20.907  render           | Video append frame 24
01:20.938  render           | Video append frame 25
01:20.969  render           | Video append frame 26
01:21.000  render           | Video append frame 27
01:21.032  render           | Video append frame 28
01:21.063  render           | Video append frame 29
01:21.110  render           | Video append frame 30
01:21.157  render           | Video append frame 31
01:21.188  render           | Video append frame 32
01:21.235  render           | Video append frame 33
01:21.266  render           | Video append frame 34
01:21.313  render           | Video append frame 35
01:21.344  render           | Video append frame 36
01:21.375  render           | Video append frame 37
01:21.407  render           | Video append frame 38
01:21.454  render           | Video append frame 39
01:21.485  render           | Video append frame 40
01:21.516  render           | Video append frame 41
01:21.547  render           | Video append frame 42
01:21.579  render           | Video append frame 43
01:21.610  render           | Video append frame 44
01:21.641  render           | Video append frame 45
01:21.672  render           | Video append frame 46
01:21.704  render           | Video append frame 47
01:21.735  render           | Video append frame 48
01:21.766  render           | Video append frame 49
01:21.829  render           | Video append frame 50
01:21.891  render           | Video append frame 51
01:21.938  render           | Video append frame 52
01:21.969  render           | Video append frame 53
01:22.000  render           | Video append frame 54
01:22.032  render           | Video append frame 55
01:22.063  render           | Video append frame 56
01:22.094  render           | Video append frame 57
01:22.125  render           | Video append frame 58
01:22.141  render           | Video append frame 59
01:22.172  render           | Video append frame 60
01:22.204  render           | Video append frame 61
01:22.250  render           | Video append frame 1
01:22.266  render           | Video append frame 2
01:22.297  render           | Video append frame 3
01:22.329  render           | Video append frame 4
01:22.360  render           | Video append frame 5
01:22.391  render           | Video append frame 6
01:22.422  render           | Video append frame 7
01:22.454  render           | Video append frame 8
01:22.485  render           | Video append frame 9
01:22.500  render           | Video append frame 10
01:22.532  render           | Video append frame 11
01:22.563  render           | Video append frame 12
01:22.594  render           | Video append frame 13
01:22.625  render           | Video append frame 14
01:22.657  render           | Video append frame 15
01:22.704  render           | Video append frame 16
01:22.735  render           | Video append frame 17
01:22.766  render           | Video append frame 18
01:22.797  render           | Video append frame 19
01:22.829  render           | Video append frame 20
01:22.860  render           | Video append frame 21
01:22.891  render           | Video append frame 22
01:22.907  render           | Video append frame 23
01:22.938  render           | Video append frame 24
01:22.969  render           | Video append frame 25
01:22.985  render           | Video append frame 26
01:23.016  render           | Video append frame 27
01:23.047  render           | Video append frame 28
01:23.079  render           | Video append frame 29
01:23.110  render           | Video append frame 30
01:23.125  render           | Video append frame 31
01:23.157  render           | Video append frame 32
01:23.188  render           | Video append frame 33
01:23.204  render           | Video append frame 34
01:23.235  render           | Video append frame 35
01:23.266  render           | Video append frame 36
01:23.282  render           | Video append frame 37
01:23.313  render           | Video append frame 38
01:23.344  render           | Video append frame 39
01:23.360  render           | Video append frame 40
01:23.391  render           | Video append frame 41
01:23.422  render           | Video append frame 42
01:23.438  render           | Video append frame 43
01:23.485  render           | Video append frame 1
01:23.500  render           | Video append frame 2
01:23.532  render           | Video append frame 3
01:23.547  render           | Video append frame 4
01:23.579  render           | Video append frame 5
01:23.594  render           | Video append frame 6
01:23.625  render           | Video append frame 7
01:23.657  render           | Video append frame 8
01:23.672  render           | Video append frame 9
01:23.704  render           | Video append frame 10
01:23.719  render           | Video append frame 11
01:23.750  render           | Video append frame 12
01:23.766  render           | Video append frame 13
01:23.797  render           | Video append frame 14
01:23.813  render           | Video append frame 15
01:23.844  render           | Video append frame 16
01:23.875  render           | Video append frame 17
01:23.907  render           | Video append frame 18
01:23.922  render           | Video append frame 19
01:23.954  render           | Video append frame 20
01:23.985  render           | Video append frame 21
01:24.000  render           | Video append frame 22
01:24.032  render           | Video append frame 23
01:24.063  render           | Video append frame 24
01:24.094  render           | Video append frame 25
01:24.110  render           | Video append frame 26
01:24.141  render           | Video append frame 27
01:24.172  render           | Video append frame 28
01:24.188  render           | Video append frame 29
01:24.219  render           | Video append frame 30
01:24.250  render           | Video append frame 31
01:24.266  render           | Video append frame 32
01:24.297  render           | Video append frame 33
01:24.329  render           | Video append frame 34
01:24.344  render           | Video append frame 35
01:24.375  render           | Video append frame 36
01:24.407  render           | Video append frame 37
01:24.422  render           | Video append frame 38
01:24.454  render           | Video append frame 39
01:24.485  render           | Video append frame 40
01:24.532  render           | Video append frame 1
01:24.563  render           | Video append frame 2
01:24.594  render           | Video append frame 3
01:24.610  render           | Video append frame 4
01:24.641  render           | Video append frame 5
01:24.672  render           | Video append frame 6
01:24.704  render           | Video append frame 7
01:24.735  render           | Video append frame 8
01:24.766  render           | Video append frame 9
01:24.782  render           | Video append frame 10
01:24.813  render           | Video append frame 11
01:24.844  render           | Video append frame 12
01:24.875  render           | Video append frame 13
01:24.907  render           | Video append frame 14
01:24.938  render           | Video append frame 15
01:24.954  render           | Video append frame 16
01:24.985  render           | Video append frame 17
01:25.016  render           | Video append frame 18
01:25.032  render           | Video append frame 19
01:25.063  render           | Video append frame 20
01:25.094  render           | Video append frame 21
01:25.110  render           | Video append frame 22
01:25.141  render           | Video append frame 23
01:25.157  render           | Video append frame 24
01:25.188  render           | Video append frame 25
01:25.235  render           | Video append frame 1
01:25.266  render           | Video append frame 2
01:25.297  render           | Video append frame 3
01:25.329  render           | Video append frame 4
01:25.360  render           | Video append frame 5
01:25.375  render           | Video append frame 6
01:25.407  render           | Video append frame 7
01:25.422  render           | Video append frame 8
01:25.454  render           | Video append frame 9
01:25.485  render           | Video append frame 10
01:25.500  render           | Video append frame 11
01:25.532  render           | Video append frame 12
01:25.563  render           | Video append frame 13
01:25.594  render           | Video append frame 14
01:25.625  render           | Video append frame 15
01:25.657  render           | Video append frame 16
01:25.672  render           | Video append frame 17
01:25.704  render           | Video append frame 18
01:25.735  render           | Video append frame 19
01:25.766  render           | Video append frame 20
01:25.797  render           | Video append frame 21
01:25.829  render           | Video append frame 22
01:25.844  render           | Video append frame 23
01:25.875  render           | Video append frame 24
01:25.907  render           | Video append frame 25
01:25.938  render           | Video append frame 26
01:25.969  render           | Video append frame 27
01:26.000  render           | Video append frame 28
01:26.047  render           | Video append frame 29
01:26.094  render           | Video append frame 30
01:26.125  render           | Video append frame 31
01:26.157  render           | Video append frame 32
01:26.188  render           | Video append frame 33
01:26.204  render           | Video append frame 34
01:26.235  render           | Video append frame 35
01:26.266  render           | Video append frame 36
01:26.297  render           | Video append frame 37
01:26.313  render           | Video append frame 38
01:26.344  render           | Video append frame 39
01:26.375  render           | Video append frame 40
01:26.407  render           | Video append frame 41
01:26.438  render           | Video append frame 42
01:26.454  render           | Video append frame 43
01:26.485  render           | Video append frame 44
01:26.516  render           | Video append frame 45
01:26.532  render           | Video append frame 46
01:26.563  render           | Video append frame 47
01:26.594  render           | Video append frame 48
01:26.625  render           | Video append frame 49
01:26.657  render           | Video append frame 50
01:26.672  render           | Video append frame 51
01:26.704  render           | Video append frame 52
01:26.735  render           | Video append frame 53
01:26.750  render           | Video append frame 54
01:26.782  render           | Video append frame 55
01:26.797  render           | Video append frame 56
01:26.829  render           | Video append frame 57
01:26.844  render           | Video append frame 58
01:26.860  render           | Video append frame 59
01:26.891  render           | Video append frame 60
01:26.907  render           | Video append frame 61
01:26.954  render           | Video append frame 1
01:26.985  render           | Video append frame 2
01:27.000  render           | Video append frame 3
01:27.032  render           | Video append frame 4
01:27.047  render           | Video append frame 5
01:27.079  render           | Video append frame 6
01:27.094  render           | Video append frame 7
01:27.125  render           | Video append frame 8
01:27.141  render           | Video append frame 9
01:27.172  render           | Video append frame 10
01:27.188  render           | Video append frame 11
01:27.219  render           | Video append frame 12
01:27.235  render           | Video append frame 13
01:27.266  render           | Video append frame 14
01:27.297  render           | Video append frame 15
01:27.313  render           | Video append frame 16
01:27.344  render           | Video append frame 17
01:27.375  render           | Video append frame 18
01:27.391  render           | Video append frame 19
01:27.422  render           | Video append frame 20
01:27.454  render           | Video append frame 21
01:27.469  render           | Video append frame 22
01:27.500  render           | Video append frame 23
01:27.516  render           | Video append frame 24
01:27.547  render           | Video append frame 25
01:27.579  render           | Video append frame 26
01:27.594  render           | Video append frame 27
01:27.625  render           | Video append frame 28
01:27.657  render           | Video append frame 29
01:27.672  render           | Video append frame 30
01:27.704  render           | Video append frame 31
01:27.735  render           | Video append frame 32
01:27.750  render           | Video append frame 33
01:27.782  render           | Video append frame 34
01:27.813  render           | Video append frame 35
01:27.829  render           | Video append frame 36
01:27.860  render           | Video append frame 37
01:27.891  render           | Video append frame 38
01:27.907  render           | Video append frame 39
01:27.938  render           | Video append frame 40
01:27.969  render           | Video append frame 41
01:28.000  render           | Video append frame 42
01:28.032  render           | Video append frame 43
01:28.063  render           | Video append frame 44
01:28.094  render           | Video append frame 45
01:28.110  render           | Video append frame 46
01:28.141  render           | Video append frame 47
01:28.172  render           | Video append frame 48
01:28.188  render           | Video append frame 49
01:28.219  render           | Video append frame 50
01:28.235  render           | Video append frame 51
01:28.266  render           | Video append frame 52
01:28.297  render           | Video append frame 53
01:28.313  render           | Video append frame 54
01:28.344  render           | Video append frame 55
01:28.360  render           | Video append frame 56
01:28.391  render           | Video append frame 57
01:28.422  render           | Video append frame 58
01:28.438  render           | Video append frame 59
01:28.469  render           | Video append frame 60
01:28.485  render           | Video append frame 61
01:28.516  render           | Video append frame 62
01:28.532  render           | Video append frame 63
01:28.563  render           | Video append frame 64
01:28.579  render           | Video append frame 65
01:28.610  render           | Video append frame 66
01:28.625  render           | Video append frame 67
01:28.657  render           | Video append frame 68
01:28.688  render           | Video append frame 69
01:28.704  render           | Video append frame 70
01:28.735  render           | Video append frame 71
01:28.766  render           | Video append frame 72
01:28.782  render           | Video append frame 73
01:28.813  render           | Video append frame 74
01:28.829  render           | Video append frame 75
01:28.860  render           | Video append frame 76
01:28.891  render           | Video append frame 77
01:28.907  render           | Video append frame 78
01:28.938  render           | Video append frame 79
01:28.954  render           | Video append frame 80
01:28.985  render           | Video append frame 81
01:29.016  render           | Video append frame 82
01:29.047  render           | Video append frame 83
01:29.063  render           | Video append frame 84
01:29.094  render           | Video append frame 85
01:29.125  render           | Video append frame 86
01:29.157  render           | Video append frame 87
01:29.172  render           | Video append frame 88
01:29.204  render           | Video append frame 89
01:29.235  render           | Video append frame 90
01:29.266  render           | Video append frame 91

FBX export starting... 'C:\\Users\\iputu\\Documents\\Wonder Chess\\exports\\heroes\\wc_u_halfling_mage\\SK_wc_u_halfling_mage.fbx'
(bpy.data.armatures['WC_humanoid_small_v1.001'], 'POSE')
export finished in 0.0645 sec.
Info: Applied modifier was not first, result may not be as expected

FBX export starting... 'C:\\Users\\iputu\\Documents\\Wonder Chess\\exports\\heroes\\wc_u_halfling_mage\\SK_wc_u_halfling_mage_LOD1.fbx'
(bpy.data.armatures['WC_humanoid_small_v1.001'], 'POSE')
export finished in 0.0583 sec.
Info: Applied modifier was not first, result may not be as expected

FBX export starting... 'C:\\Users\\iputu\\Documents\\Wonder Chess\\exports\\heroes\\wc_u_halfling_mage\\SK_wc_u_halfling_mage_LOD2.fbx'
(bpy.data.armatures['WC_humanoid_small_v1.001'], 'POSE')
export finished in 0.0462 sec.

FBX export starting... 'C:\\Users\\iputu\\Documents\\Wonder Chess\\exports\\heroes\\wc_u_halfling_mage\\SK_wc_u_halfling_mage_LOD1.fbx'
(bpy.data.armatures['WC_humanoid_small_v1.001'], 'POSE')
export finished in 0.0517 sec.

FBX export starting... 'C:\\Users\\iputu\\Documents\\Wonder Chess\\exports\\heroes\\wc_u_halfling_mage\\SK_wc_u_halfling_mage_LOD2.fbx'
(bpy.data.armatures['WC_humanoid_small_v1.001'], 'POSE')
export finished in 0.0515 sec.

FBX export starting... 'C:\\Users\\iputu\\Documents\\Wonder Chess\\exports\\heroes\\wc_u_halfling_mage\\AN_wc_u_halfling_mage_Idle.fbx'
export finished in 0.2153 sec.

FBX export starting... 'C:\\Users\\iputu\\Documents\\Wonder Chess\\exports\\heroes\\wc_u_halfling_mage\\AN_wc_u_halfling_mage_Move.fbx'
export finished in 0.1492 sec.

FBX export starting... 'C:\\Users\\iputu\\Documents\\Wonder Chess\\exports\\heroes\\wc_u_halfling_mage\\AN_wc_u_halfling_mage_Attack.fbx'
export finished in 0.1300 sec.

FBX export starting... 'C:\\Users\\iputu\\Documents\\Wonder Chess\\exports\\heroes\\wc_u_halfling_mage\\AN_wc_u_halfling_mage_Active.fbx'
export finished in 0.1156 sec.

FBX export starting... 'C:\\Users\\iputu\\Documents\\Wonder Chess\\exports\\heroes\\wc_u_halfling_mage\\AN_wc_u_halfling_mage_Hit.fbx'
export finished in 0.1118 sec.

FBX export starting... 'C:\\Users\\iputu\\Documents\\Wonder Chess\\exports\\heroes\\wc_u_halfling_mage\\AN_wc_u_halfling_mage_Defeat.fbx'
export finished in 0.1390 sec.

FBX export starting... 'C:\\Users\\iputu\\Documents\\Wonder Chess\\exports\\heroes\\wc_u_halfling_mage\\AN_wc_u_halfling_mage_Victory.fbx'
export finished in 0.1947 sec.
Info: Saved as "wc_u_halfling_mage.blend"
{
  "status": "structural_checks_passed_visual_review_required",
  "blender_version": "5.1.1",
  "collection": "EXPORT",
  "evaluated_triangle_total": 7948,
  "objects": [
    {
      "name": "Armature",
      "type": "ARMATURE",
      "scale": [
        1.0,
        1.0,
        1.0
      ],
      "dimensions": [
        0.6707595586776733,
        0.295413613319397,
        1.2220799922943115
      ],
      "roots": [
        "root"
      ],
      "deform_bones": 27
    },
    {
      "name": "SK_wc_u_halfling_mage",
      "type": "MESH",
      "scale": [
        1.0,
        1.0,
        1.0
      ],
      "dimensions": [
        0.7665771842002869,
        0.390749990940094,
        1.134170413017273
      ],
      "evaluated_triangles": 7948,
      "material_slots": 1,
      "uv_layers": 1,
      "skin_checks": {
        "unweighted": 0,
        "excess_influences": 0,
        "unnormalized": 0
      }
    }
  ],
  "errors": [],
  "warnings": [],
  "not_checked": [
    "appearance",
    "deformation across all clips",
    "UV overlap appropriateness",
    "normal-map convention",
    "Unreal import",
    "LOD silhouette",
    "gameplay readability"
  ]
}
{
  "status": "sampled_motion_invariants_passed",
  "unit_id": "wc_u_halfling_mage",
  "blender_version": "5.1.1",
  "sampling": "actual deformed mesh every 3 frames at 60fps",
  "clips": [
    {
      "clip": "Idle",
      "samples": 41,
      "minimum_support_sole_z_m": -1.3470148019223416e-07,
      "maximum_support_sole_z_m": -1.3470148019223416e-07,
      "max_root_translation_m": 0,
      "max_pose_scale_error": 0
    },
    {
      "clip": "Move",
      "samples": 21,
      "minimum_support_sole_z_m": -1.3470473447796394e-07,
      "maximum_support_sole_z_m": -4.3924263337657976e-08,
      "max_root_translation_m": 0,
      "max_pose_scale_error": 0
    },
    {
      "clip": "Attack",
      "samples": 15,
      "minimum_support_sole_z_m": -1.3470148019223416e-07,
      "maximum_support_sole_z_m": -1.3470148019223416e-07,
      "max_root_translation_m": 0,
      "max_pose_scale_error": 0
    },
    {
      "clip": "Active",
      "samples": 14,
      "minimum_support_sole_z_m": -1.3470148019223416e-07,
      "maximum_support_sole_z_m": -1.3470148019223416e-07,
      "max_root_translation_m": 0,
      "max_pose_scale_error": 0
    },
    {
      "clip": "Hit",
      "samples": 9,
      "minimum_support_sole_z_m": -1.3470148019223416e-07,
      "maximum_support_sole_z_m": -5.1757066188429235e-08,
      "max_root_translation_m": 0,
      "max_pose_scale_error": 0
    },
    {
      "clip": "Defeat",
      "samples": 21,
      "minimum_support_sole_z_m": -1.3470148019223416e-07,
      "maximum_support_sole_z_m": -3.8133233459802796e-08,
      "max_root_translation_m": 0,
      "max_pose_scale_error": 0
    },
    {
      "clip": "Victory",
      "samples": 31,
      "minimum_support_sole_z_m": -1.3470148019223416e-07,
      "maximum_support_sole_z_m": -1.3470148019223416e-07,
      "max_root_translation_m": 0,
      "max_pose_scale_error": 0
    }
  ],
  "errors": [],
  "not_checked": [
    "continuous visual quality",
    "weapon/costume clipping",
    "semantic gesture review",
    "Unreal retarget/import",
    "runtime move-speed synchronization"
  ]
}
WC_HALFLING_EXPORTED {"unit": "wc_u_halfling_mage", "report": "C:\\Users\\iputu\\Documents\\Wonder Chess\\reports\\WC-U440\\20260906T162318Z\\halflings\\milo", "triangles": 7948}
Blender 5.1.1 (hash b70da489d7f4 built 2026-04-14 01:37:22)

Blender quit
