00:12.000  geom.mesh        | ERROR Face 1009 is a duplicate of 1004
00:12.000  geom.mesh        | ERROR Face 1028 is a duplicate of 355
00:12.000  geom.mesh        | ERROR Face 1029 is a duplicate of 356
00:12.000  geom.mesh        | ERROR Face 1034 is a duplicate of 1026
00:12.000  geom.mesh        | ERROR Face 1179 is a duplicate of 444
00:12.000  geom.mesh        | ERROR Face 1181 is a duplicate of 1171
00:12.000  geom.mesh        | ERROR Face 1182 is a duplicate of 445
00:12.000  geom.mesh        | ERROR Face 1201 is a duplicate of 454
00:12.000  geom.mesh        | ERROR Face 1202 is a duplicate of 455
00:12.000  geom.mesh        | ERROR Face 1203 is a duplicate of 456
00:12.000  geom.mesh        | ERROR Face 1205 is a duplicate of 1190
00:12.000  geom.mesh        | ERROR Face 1620 is a duplicate of 1151
00:12.000  geom.mesh        | ERROR Face 1623 is a duplicate of 1155
00:12.000  geom.mesh        | ERROR Face 310 is a duplicate of 309
00:12.000  geom.mesh        | ERROR Face 346 is a duplicate of 344
00:12.000  geom.mesh        | ERROR Face 446 is a duplicate of 443
00:12.000  geom.mesh        | ERROR Face 979 is a duplicate of 975
00:26.766  render           | Saved: 'C:\Users\iputu\Documents\Wonder Chess\reports\WC-U440\20260906T162318Z\halflings\nella\front.png'
00:32.485  render           | Saved: 'C:\Users\iputu\Documents\Wonder Chess\reports\WC-U440\20260906T162318Z\halflings\nella\side.png'
00:37.485  render           | Saved: 'C:\Users\iputu\Documents\Wonder Chess\reports\WC-U440\20260906T162318Z\halflings\nella\back.png'
00:42.532  render           | Saved: 'C:\Users\iputu\Documents\Wonder Chess\reports\WC-U440\20260906T162318Z\halflings\nella\three-quarter.png'
00:46.766  render           | Saved: 'C:\Users\iputu\Documents\Wonder Chess\reports\WC-U440\20260906T162318Z\halflings\nella\face.png'
00:52.750  render           | Saved: 'C:\Users\iputu\Documents\Wonder Chess\reports\WC-U440\20260906T162318Z\halflings\nella\game-angle.png'
00:56.954  render           | Saved: 'C:\Users\iputu\Documents\Wonder Chess\exports\heroes\wc_u_halfling_rogue\portrait.png'
00:57.922  render           | Saved: 'C:\Users\iputu\Documents\Wonder Chess\reports\WC-U440\20260906T162318Z\halflings\nella\Idle-start.png'
00:58.688  render           | Saved: 'C:\Users\iputu\Documents\Wonder Chess\reports\WC-U440\20260906T162318Z\halflings\nella\Idle-release.png'
00:59.500  render           | Saved: 'C:\Users\iputu\Documents\Wonder Chess\reports\WC-U440\20260906T162318Z\halflings\nella\Idle-end.png'
01:00.329  render           | Saved: 'C:\Users\iputu\Documents\Wonder Chess\reports\WC-U440\20260906T162318Z\halflings\nella\Move-start.png'
01:01.219  render           | Saved: 'C:\Users\iputu\Documents\Wonder Chess\reports\WC-U440\20260906T162318Z\halflings\nella\Move-release.png'
01:02.094  render           | Saved: 'C:\Users\iputu\Documents\Wonder Chess\reports\WC-U440\20260906T162318Z\halflings\nella\Move-end.png'
01:03.000  render           | Saved: 'C:\Users\iputu\Documents\Wonder Chess\reports\WC-U440\20260906T162318Z\halflings\nella\Attack-start.png'
01:03.844  render           | Saved: 'C:\Users\iputu\Documents\Wonder Chess\reports\WC-U440\20260906T162318Z\halflings\nella\Attack-release.png'
01:04.672  render           | Saved: 'C:\Users\iputu\Documents\Wonder Chess\reports\WC-U440\20260906T162318Z\halflings\nella\Attack-end.png'
01:05.860  render           | Saved: 'C:\Users\iputu\Documents\Wonder Chess\reports\WC-U440\20260906T162318Z\halflings\nella\Active-start.png'
01:06.891  render           | Saved: 'C:\Users\iputu\Documents\Wonder Chess\reports\WC-U440\20260906T162318Z\halflings\nella\Active-release.png'
01:07.813  render           | Saved: 'C:\Users\iputu\Documents\Wonder Chess\reports\WC-U440\20260906T162318Z\halflings\nella\Active-end.png'
01:08.735  render           | Saved: 'C:\Users\iputu\Documents\Wonder Chess\reports\WC-U440\20260906T162318Z\halflings\nella\Hit-start.png'
01:09.641  render           | Saved: 'C:\Users\iputu\Documents\Wonder Chess\reports\WC-U440\20260906T162318Z\halflings\nella\Hit-release.png'
01:10.641  render           | Saved: 'C:\Users\iputu\Documents\Wonder Chess\reports\WC-U440\20260906T162318Z\halflings\nella\Hit-end.png'
01:11.625  render           | Saved: 'C:\Users\iputu\Documents\Wonder Chess\reports\WC-U440\20260906T162318Z\halflings\nella\Defeat-start.png'
01:12.610  render           | Saved: 'C:\Users\iputu\Documents\Wonder Chess\reports\WC-U440\20260906T162318Z\halflings\nella\Defeat-release.png'
01:13.485  render           | Saved: 'C:\Users\iputu\Documents\Wonder Chess\reports\WC-U440\20260906T162318Z\halflings\nella\Defeat-end.png'
01:14.313  render           | Saved: 'C:\Users\iputu\Documents\Wonder Chess\reports\WC-U440\20260906T162318Z\halflings\nella\Victory-start.png'
01:15.157  render           | Saved: 'C:\Users\iputu\Documents\Wonder Chess\reports\WC-U440\20260906T162318Z\halflings\nella\Victory-release.png'
01:16.063  render           | Saved: 'C:\Users\iputu\Documents\Wonder Chess\reports\WC-U440\20260906T162318Z\halflings\nella\Victory-end.png'
01:17.329  render           | Video append frame 1
01:17.360  render           | Video append frame 2
01:17.375  render           | Video append frame 3
01:17.407  render           | Video append frame 4
01:17.438  render           | Video append frame 5
01:17.469  render           | Video append frame 6
01:17.485  render           | Video append frame 7
01:17.516  render           | Video append frame 8
01:17.547  render           | Video append frame 9
01:17.563  render           | Video append frame 10
01:17.594  render           | Video append frame 11
01:17.610  render           | Video append frame 12
01:17.641  render           | Video append frame 13
01:17.672  render           | Video append frame 14
01:17.688  render           | Video append frame 15
01:17.719  render           | Video append frame 16
01:17.735  render           | Video append frame 17
01:17.766  render           | Video append frame 18
01:17.797  render           | Video append frame 19
01:17.813  render           | Video append frame 20
01:17.844  render           | Video append frame 21
01:17.875  render           | Video append frame 22
01:17.891  render           | Video append frame 23
01:17.922  render           | Video append frame 24
01:17.954  render           | Video append frame 25
01:17.985  render           | Video append frame 26
01:18.000  render           | Video append frame 27
01:18.032  render           | Video append frame 28
01:18.063  render           | Video append frame 29
01:18.079  render           | Video append frame 30
01:18.110  render           | Video append frame 31
01:18.125  render           | Video append frame 32
01:18.157  render           | Video append frame 33
01:18.188  render           | Video append frame 34
01:18.219  render           | Video append frame 35
01:18.235  render           | Video append frame 36
01:18.266  render           | Video append frame 37
01:18.297  render           | Video append frame 38
01:18.329  render           | Video append frame 39
01:18.360  render           | Video append frame 40
01:18.375  render           | Video append frame 41
01:18.407  render           | Video append frame 42
01:18.438  render           | Video append frame 43
01:18.454  render           | Video append frame 44
01:18.485  render           | Video append frame 45
01:18.516  render           | Video append frame 46
01:18.532  render           | Video append frame 47
01:18.563  render           | Video append frame 48
01:18.579  render           | Video append frame 49
01:18.610  render           | Video append frame 50
01:18.641  render           | Video append frame 51
01:18.657  render           | Video append frame 52
01:18.688  render           | Video append frame 53
01:18.704  render           | Video append frame 54
01:18.735  render           | Video append frame 55
01:18.750  render           | Video append frame 56
01:18.782  render           | Video append frame 57
01:18.797  render           | Video append frame 58
01:18.829  render           | Video append frame 59
01:18.844  render           | Video append frame 60
01:18.875  render           | Video append frame 61
01:18.907  render           | Video append frame 62
01:18.922  render           | Video append frame 63
01:18.954  render           | Video append frame 64
01:18.969  render           | Video append frame 65
01:19.000  render           | Video append frame 66
01:19.047  render           | Video append frame 67
01:19.125  render           | Video append frame 68
01:19.157  render           | Video append frame 69
01:19.204  render           | Video append frame 70
01:19.266  render           | Video append frame 71
01:19.297  render           | Video append frame 72
01:19.329  render           | Video append frame 73
01:19.360  render           | Video append frame 74
01:19.391  render           | Video append frame 75
01:19.422  render           | Video append frame 76
01:19.438  render           | Video append frame 77
01:19.469  render           | Video append frame 78
01:19.500  render           | Video append frame 79
01:19.532  render           | Video append frame 80
01:19.547  render           | Video append frame 81
01:19.579  render           | Video append frame 82
01:19.610  render           | Video append frame 83
01:19.641  render           | Video append frame 84
01:19.657  render           | Video append frame 85
01:19.688  render           | Video append frame 86
01:19.704  render           | Video append frame 87
01:19.735  render           | Video append frame 88
01:19.750  render           | Video append frame 89
01:19.782  render           | Video append frame 90
01:19.813  render           | Video append frame 91
01:19.829  render           | Video append frame 92
01:19.860  render           | Video append frame 93
01:19.891  render           | Video append frame 94
01:19.922  render           | Video append frame 95
01:19.938  render           | Video append frame 96
01:19.969  render           | Video append frame 97
01:20.000  render           | Video append frame 98
01:20.032  render           | Video append frame 99
01:20.063  render           | Video append frame 100
01:20.094  render           | Video append frame 101
01:20.110  render           | Video append frame 102
01:20.141  render           | Video append frame 103
01:20.172  render           | Video append frame 104
01:20.204  render           | Video append frame 105
01:20.235  render           | Video append frame 106
01:20.266  render           | Video append frame 107
01:20.297  render           | Video append frame 108
01:20.329  render           | Video append frame 109
01:20.360  render           | Video append frame 110
01:20.391  render           | Video append frame 111
01:20.407  render           | Video append frame 112
01:20.438  render           | Video append frame 113
01:20.454  render           | Video append frame 114
01:20.485  render           | Video append frame 115
01:20.516  render           | Video append frame 116
01:20.547  render           | Video append frame 117
01:20.579  render           | Video append frame 118
01:20.610  render           | Video append frame 119
01:20.641  render           | Video append frame 120
01:20.672  render           | Video append frame 121
01:20.735  render           | Video append frame 1
01:20.766  render           | Video append frame 2
01:20.782  render           | Video append frame 3
01:20.813  render           | Video append frame 4
01:20.844  render           | Video append frame 5
01:20.875  render           | Video append frame 6
01:20.891  render           | Video append frame 7
01:20.922  render           | Video append frame 8
01:20.954  render           | Video append frame 9
01:20.969  render           | Video append frame 10
01:21.000  render           | Video append frame 11
01:21.032  render           | Video append frame 12
01:21.047  render           | Video append frame 13
01:21.079  render           | Video append frame 14
01:21.094  render           | Video append frame 15
01:21.125  render           | Video append frame 16
01:21.141  render           | Video append frame 17
01:21.172  render           | Video append frame 18
01:21.204  render           | Video append frame 19
01:21.235  render           | Video append frame 20
01:21.250  render           | Video append frame 21
01:21.282  render           | Video append frame 22
01:21.297  render           | Video append frame 23
01:21.329  render           | Video append frame 24
01:21.344  render           | Video append frame 25
01:21.375  render           | Video append frame 26
01:21.391  render           | Video append frame 27
01:21.422  render           | Video append frame 28
01:21.438  render           | Video append frame 29
01:21.469  render           | Video append frame 30
01:21.485  render           | Video append frame 31
01:21.516  render           | Video append frame 32
01:21.532  render           | Video append frame 33
01:21.563  render           | Video append frame 34
01:21.594  render           | Video append frame 35
01:21.610  render           | Video append frame 36
01:21.641  render           | Video append frame 37
01:21.672  render           | Video append frame 38
01:21.704  render           | Video append frame 39
01:21.719  render           | Video append frame 40
01:21.750  render           | Video append frame 41
01:21.766  render           | Video append frame 42
01:21.797  render           | Video append frame 43
01:21.813  render           | Video append frame 44
01:21.844  render           | Video append frame 45
01:21.875  render           | Video append frame 46
01:21.907  render           | Video append frame 47
01:21.938  render           | Video append frame 48
01:21.969  render           | Video append frame 49
01:21.985  render           | Video append frame 50
01:22.016  render           | Video append frame 51
01:22.047  render           | Video append frame 52
01:22.079  render           | Video append frame 53
01:22.094  render           | Video append frame 54
01:22.125  render           | Video append frame 55
01:22.141  render           | Video append frame 56
01:22.172  render           | Video append frame 57
01:22.188  render           | Video append frame 58
01:22.219  render           | Video append frame 59
01:22.250  render           | Video append frame 60
01:22.282  render           | Video append frame 61
01:22.344  render           | Video append frame 1
01:22.360  render           | Video append frame 2
01:22.391  render           | Video append frame 3
01:22.422  render           | Video append frame 4
01:22.438  render           | Video append frame 5
01:22.469  render           | Video append frame 6
01:22.485  render           | Video append frame 7
01:22.516  render           | Video append frame 8
01:22.547  render           | Video append frame 9
01:22.579  render           | Video append frame 10
01:22.594  render           | Video append frame 11
01:22.610  render           | Video append frame 12
01:22.641  render           | Video append frame 13
01:22.672  render           | Video append frame 14
01:22.688  render           | Video append frame 15
01:22.719  render           | Video append frame 16
01:22.735  render           | Video append frame 17
01:22.750  render           | Video append frame 18
01:22.782  render           | Video append frame 19
01:22.813  render           | Video append frame 20
01:22.844  render           | Video append frame 21
01:22.860  render           | Video append frame 22
01:22.891  render           | Video append frame 23
01:22.922  render           | Video append frame 24
01:22.938  render           | Video append frame 25
01:22.969  render           | Video append frame 26
01:23.000  render           | Video append frame 27
01:23.016  render           | Video append frame 28
01:23.047  render           | Video append frame 29
01:23.079  render           | Video append frame 30
01:23.094  render           | Video append frame 31
01:23.125  render           | Video append frame 32
01:23.141  render           | Video append frame 33
01:23.172  render           | Video append frame 34
01:23.188  render           | Video append frame 35
01:23.219  render           | Video append frame 36
01:23.250  render           | Video append frame 37
01:23.266  render           | Video append frame 38
01:23.297  render           | Video append frame 39
01:23.313  render           | Video append frame 40
01:23.360  render           | Video append frame 1
01:23.391  render           | Video append frame 2
01:23.407  render           | Video append frame 3
01:23.438  render           | Video append frame 4
01:23.454  render           | Video append frame 5
01:23.469  render           | Video append frame 6
01:23.500  render           | Video append frame 7
01:23.516  render           | Video append frame 8
01:23.547  render           | Video append frame 9
01:23.563  render           | Video append frame 10
01:23.594  render           | Video append frame 11
01:23.610  render           | Video append frame 12
01:23.641  render           | Video append frame 13
01:23.657  render           | Video append frame 14
01:23.688  render           | Video append frame 15
01:23.704  render           | Video append frame 16
01:23.735  render           | Video append frame 17
01:23.750  render           | Video append frame 18
01:23.782  render           | Video append frame 19
01:23.797  render           | Video append frame 20
01:23.829  render           | Video append frame 21
01:23.844  render           | Video append frame 22
01:23.875  render           | Video append frame 23
01:23.891  render           | Video append frame 24
01:23.922  render           | Video append frame 25
01:23.938  render           | Video append frame 26
01:23.969  render           | Video append frame 27
01:23.985  render           | Video append frame 28
01:24.016  render           | Video append frame 29
01:24.032  render           | Video append frame 30
01:24.063  render           | Video append frame 31
01:24.110  render           | Video append frame 1
01:24.125  render           | Video append frame 2
01:24.141  render           | Video append frame 3
01:24.172  render           | Video append frame 4
01:24.188  render           | Video append frame 5
01:24.219  render           | Video append frame 6
01:24.235  render           | Video append frame 7
01:24.266  render           | Video append frame 8
01:24.282  render           | Video append frame 9
01:24.313  render           | Video append frame 10
01:24.344  render           | Video append frame 11
01:24.360  render           | Video append frame 12
01:24.391  render           | Video append frame 13
01:24.407  render           | Video append frame 14
01:24.438  render           | Video append frame 15
01:24.454  render           | Video append frame 16
01:24.485  render           | Video append frame 17
01:24.516  render           | Video append frame 18
01:24.547  render           | Video append frame 19
01:24.579  render           | Video append frame 20
01:24.594  render           | Video append frame 21
01:24.625  render           | Video append frame 22
01:24.657  render           | Video append frame 23
01:24.672  render           | Video append frame 24
01:24.704  render           | Video append frame 25
01:24.750  render           | Video append frame 1
01:24.766  render           | Video append frame 2
01:24.797  render           | Video append frame 3
01:24.829  render           | Video append frame 4
01:24.844  render           | Video append frame 5
01:24.875  render           | Video append frame 6
01:24.891  render           | Video append frame 7
01:24.922  render           | Video append frame 8
01:24.938  render           | Video append frame 9
01:24.969  render           | Video append frame 10
01:24.985  render           | Video append frame 11
01:25.016  render           | Video append frame 12
01:25.047  render           | Video append frame 13
01:25.063  render           | Video append frame 14
01:25.079  render           | Video append frame 15
01:25.110  render           | Video append frame 16
01:25.125  render           | Video append frame 17
01:25.157  render           | Video append frame 18
01:25.172  render           | Video append frame 19
01:25.204  render           | Video append frame 20
01:25.219  render           | Video append frame 21
01:25.250  render           | Video append frame 22
01:25.282  render           | Video append frame 23
01:25.297  render           | Video append frame 24
01:25.329  render           | Video append frame 25
01:25.344  render           | Video append frame 26
01:25.375  render           | Video append frame 27
01:25.391  render           | Video append frame 28
01:25.422  render           | Video append frame 29
01:25.438  render           | Video append frame 30
01:25.469  render           | Video append frame 31
01:25.485  render           | Video append frame 32
01:25.516  render           | Video append frame 33
01:25.532  render           | Video append frame 34
01:25.547  render           | Video append frame 35
01:25.579  render           | Video append frame 36
01:25.610  render           | Video append frame 37
01:25.625  render           | Video append frame 38
01:25.657  render           | Video append frame 39
01:25.672  render           | Video append frame 40
01:25.704  render           | Video append frame 41
01:25.735  render           | Video append frame 42
01:25.766  render           | Video append frame 43
01:25.782  render           | Video append frame 44
01:25.813  render           | Video append frame 45
01:25.844  render           | Video append frame 46
01:25.875  render           | Video append frame 47
01:25.907  render           | Video append frame 48
01:25.938  render           | Video append frame 49
01:25.954  render           | Video append frame 50
01:25.985  render           | Video append frame 51
01:26.016  render           | Video append frame 52
01:26.047  render           | Video append frame 53
01:26.063  render           | Video append frame 54
01:26.094  render           | Video append frame 55
01:26.125  render           | Video append frame 56
01:26.157  render           | Video append frame 57
01:26.172  render           | Video append frame 58
01:26.204  render           | Video append frame 59
01:26.235  render           | Video append frame 60
01:26.266  render           | Video append frame 61
01:26.313  render           | Video append frame 1
01:26.344  render           | Video append frame 2
01:26.360  render           | Video append frame 3
01:26.391  render           | Video append frame 4
01:26.422  render           | Video append frame 5
01:26.454  render           | Video append frame 6
01:26.485  render           | Video append frame 7
01:26.516  render           | Video append frame 8
01:26.547  render           | Video append frame 9
01:26.594  render           | Video append frame 10
01:26.610  render           | Video append frame 11
01:26.641  render           | Video append frame 12
01:26.672  render           | Video append frame 13
01:26.704  render           | Video append frame 14
01:26.719  render           | Video append frame 15
01:26.750  render           | Video append frame 16
01:26.766  render           | Video append frame 17
01:26.797  render           | Video append frame 18
01:26.813  render           | Video append frame 19
01:26.844  render           | Video append frame 20
01:26.875  render           | Video append frame 21
01:26.907  render           | Video append frame 22
01:26.938  render           | Video append frame 23
01:26.954  render           | Video append frame 24
01:26.985  render           | Video append frame 25
01:27.000  render           | Video append frame 26
01:27.032  render           | Video append frame 27
01:27.047  render           | Video append frame 28
01:27.079  render           | Video append frame 29
01:27.094  render           | Video append frame 30
01:27.125  render           | Video append frame 31
01:27.141  render           | Video append frame 32
01:27.172  render           | Video append frame 33
01:27.188  render           | Video append frame 34
01:27.219  render           | Video append frame 35
01:27.235  render           | Video append frame 36
01:27.266  render           | Video append frame 37
01:27.297  render           | Video append frame 38
01:27.329  render           | Video append frame 39
01:27.360  render           | Video append frame 40
01:27.375  render           | Video append frame 41
01:27.407  render           | Video append frame 42
01:27.438  render           | Video append frame 43
01:27.454  render           | Video append frame 44
01:27.485  render           | Video append frame 45
01:27.516  render           | Video append frame 46
01:27.532  render           | Video append frame 47
01:27.563  render           | Video append frame 48
01:27.579  render           | Video append frame 49
01:27.610  render           | Video append frame 50
01:27.625  render           | Video append frame 51
01:27.657  render           | Video append frame 52
01:27.688  render           | Video append frame 53
01:27.704  render           | Video append frame 54
01:27.735  render           | Video append frame 55
01:27.750  render           | Video append frame 56
01:27.782  render           | Video append frame 57
01:27.797  render           | Video append frame 58
01:27.813  render           | Video append frame 59
01:27.844  render           | Video append frame 60
01:27.860  render           | Video append frame 61
01:27.891  render           | Video append frame 62
01:27.907  render           | Video append frame 63
01:27.938  render           | Video append frame 64
01:27.954  render           | Video append frame 65
01:27.985  render           | Video append frame 66
01:28.000  render           | Video append frame 67
01:28.032  render           | Video append frame 68
01:28.047  render           | Video append frame 69
01:28.079  render           | Video append frame 70
01:28.094  render           | Video append frame 71
01:28.125  render           | Video append frame 72
01:28.141  render           | Video append frame 73
01:28.172  render           | Video append frame 74
01:28.188  render           | Video append frame 75
01:28.219  render           | Video append frame 76
01:28.235  render           | Video append frame 77
01:28.266  render           | Video append frame 78
01:28.297  render           | Video append frame 79
01:28.329  render           | Video append frame 80
01:28.344  render           | Video append frame 81
01:28.375  render           | Video append frame 82
01:28.407  render           | Video append frame 83
01:28.438  render           | Video append frame 84
01:28.454  render           | Video append frame 85
01:28.485  render           | Video append frame 86
01:28.500  render           | Video append frame 87
01:28.532  render           | Video append frame 88
01:28.563  render           | Video append frame 89
01:28.579  render           | Video append frame 90
01:28.610  render           | Video append frame 91

FBX export starting... 'C:\\Users\\iputu\\Documents\\Wonder Chess\\exports\\heroes\\wc_u_halfling_rogue\\SK_wc_u_halfling_rogue.fbx'
(bpy.data.armatures['WC_humanoid_small_v1.001'], 'POSE')
export finished in 0.0480 sec.
Info: Applied modifier was not first, result may not be as expected

FBX export starting... 'C:\\Users\\iputu\\Documents\\Wonder Chess\\exports\\heroes\\wc_u_halfling_rogue\\SK_wc_u_halfling_rogue_LOD1.fbx'
(bpy.data.armatures['WC_humanoid_small_v1.001'], 'POSE')
export finished in 0.0460 sec.
Info: Applied modifier was not first, result may not be as expected

FBX export starting... 'C:\\Users\\iputu\\Documents\\Wonder Chess\\exports\\heroes\\wc_u_halfling_rogue\\SK_wc_u_halfling_rogue_LOD2.fbx'
(bpy.data.armatures['WC_humanoid_small_v1.001'], 'POSE')
export finished in 0.0398 sec.

FBX export starting... 'C:\\Users\\iputu\\Documents\\Wonder Chess\\exports\\heroes\\wc_u_halfling_rogue\\SK_wc_u_halfling_rogue_LOD1.fbx'
(bpy.data.armatures['WC_humanoid_small_v1.001'], 'POSE')
export finished in 0.0454 sec.

FBX export starting... 'C:\\Users\\iputu\\Documents\\Wonder Chess\\exports\\heroes\\wc_u_halfling_rogue\\SK_wc_u_halfling_rogue_LOD2.fbx'
(bpy.data.armatures['WC_humanoid_small_v1.001'], 'POSE')
export finished in 0.0412 sec.

FBX export starting... 'C:\\Users\\iputu\\Documents\\Wonder Chess\\exports\\heroes\\wc_u_halfling_rogue\\AN_wc_u_halfling_rogue_Idle.fbx'
export finished in 0.2433 sec.

FBX export starting... 'C:\\Users\\iputu\\Documents\\Wonder Chess\\exports\\heroes\\wc_u_halfling_rogue\\AN_wc_u_halfling_rogue_Move.fbx'
export finished in 0.1495 sec.

FBX export starting... 'C:\\Users\\iputu\\Documents\\Wonder Chess\\exports\\heroes\\wc_u_halfling_rogue\\AN_wc_u_halfling_rogue_Attack.fbx'
export finished in 0.1349 sec.

FBX export starting... 'C:\\Users\\iputu\\Documents\\Wonder Chess\\exports\\heroes\\wc_u_halfling_rogue\\AN_wc_u_halfling_rogue_Active.fbx'
export finished in 0.0912 sec.

FBX export starting... 'C:\\Users\\iputu\\Documents\\Wonder Chess\\exports\\heroes\\wc_u_halfling_rogue\\AN_wc_u_halfling_rogue_Hit.fbx'
export finished in 0.0904 sec.

FBX export starting... 'C:\\Users\\iputu\\Documents\\Wonder Chess\\exports\\heroes\\wc_u_halfling_rogue\\AN_wc_u_halfling_rogue_Defeat.fbx'
export finished in 0.1787 sec.

FBX export starting... 'C:\\Users\\iputu\\Documents\\Wonder Chess\\exports\\heroes\\wc_u_halfling_rogue\\AN_wc_u_halfling_rogue_Victory.fbx'
export finished in 0.1942 sec.
Info: Saved as "wc_u_halfling_rogue.blend"
{
  "status": "structural_checks_passed_visual_review_required",
  "blender_version": "5.1.1",
  "collection": "EXPORT",
  "evaluated_triangle_total": 6652,
  "objects": [
    {
      "name": "Armature",
      "type": "ARMATURE",
      "scale": [
        1.0,
        1.0,
        1.0
      ],
      "dimensions": [
        0.6597785949707031,
        0.29589998722076416,
        1.173699975013733
      ],
      "roots": [
        "root"
      ],
      "deform_bones": 27
    },
    {
      "name": "SK_wc_u_halfling_rogue",
      "type": "MESH",
      "scale": [
        1.0,
        1.0,
        1.0
      ],
      "dimensions": [
        0.752103328704834,
        0.34835895895957947,
        1.0983214378356934
      ],
      "evaluated_triangles": 6652,
      "material_slots": 1,
      "uv_layers": 1,
      "skin_checks": {
        "unweighted": 0,
        "excess_influences": 0,
        "unnormalized": 0
      }
    }
  ],
  "errors": [],
  "warnings": [],
  "not_checked": [
    "appearance",
    "deformation across all clips",
    "UV overlap appropriateness",
    "normal-map convention",
    "Unreal import",
    "LOD silhouette",
    "gameplay readability"
  ]
}
{
  "status": "sampled_motion_invariants_passed",
  "unit_id": "wc_u_halfling_rogue",
  "blender_version": "5.1.1",
  "sampling": "actual deformed mesh every 3 frames at 60fps",
  "clips": [
    {
      "clip": "Idle",
      "samples": 41,
      "minimum_support_sole_z_m": 8.114002980619262e-08,
      "maximum_support_sole_z_m": 8.114002980619262e-08,
      "max_root_translation_m": 0,
      "max_pose_scale_error": 0
    },
    {
      "clip": "Move",
      "samples": 21,
      "minimum_support_sole_z_m": 5.016147497372003e-08,
      "maximum_support_sole_z_m": 1.081801244140479e-07,
      "max_root_translation_m": 0,
      "max_pose_scale_error": 0
    },
    {
      "clip": "Attack",
      "samples": 14,
      "minimum_support_sole_z_m": 8.114002980619262e-08,
      "maximum_support_sole_z_m": 8.114002980619262e-08,
      "max_root_translation_m": 0,
      "max_pose_scale_error": 0
    },
    {
      "clip": "Active",
      "samples": 11,
      "minimum_support_sole_z_m": 8.114002980619262e-08,
      "maximum_support_sole_z_m": 8.114002980619262e-08,
      "max_root_translation_m": 0,
      "max_pose_scale_error": 0
    },
    {
      "clip": "Hit",
      "samples": 9,
      "minimum_support_sole_z_m": 5.8375370315388864e-08,
      "maximum_support_sole_z_m": 8.811249330165083e-08,
      "max_root_translation_m": 0,
      "max_pose_scale_error": 0
    },
    {
      "clip": "Defeat",
      "samples": 21,
      "minimum_support_sole_z_m": 4.3241001890237385e-08,
      "maximum_support_sole_z_m": 1.1039257685752091e-07,
      "max_root_translation_m": 0,
      "max_pose_scale_error": 0
    },
    {
      "clip": "Victory",
      "samples": 31,
      "minimum_support_sole_z_m": 8.114002980619262e-08,
      "maximum_support_sole_z_m": 8.114002980619262e-08,
      "max_root_translation_m": 0,
      "max_pose_scale_error": 0
    }
  ],
  "errors": [],
  "not_checked": [
    "continuous visual quality",
    "weapon/costume clipping",
    "semantic gesture review",
    "Unreal retarget/import",
    "runtime move-speed synchronization"
  ]
}
WC_HALFLING_EXPORTED {"unit": "wc_u_halfling_rogue", "report": "C:\\Users\\iputu\\Documents\\Wonder Chess\\reports\\WC-U440\\20260906T162318Z\\halflings\\nella", "triangles": 6652}
Blender 5.1.1 (hash b70da489d7f4 built 2026-04-14 01:37:22)

Blender quit
