{
  "schema": "wonder_vnext.run_analysis.1",
  "catalog_digest": "6e80932173071ef05e58d90a44db3490cfcfde86d48edf33f4a940ff1748efa0",
  "native_tournaments": 1000,
  "first_seed": 1,
  "last_seed": 1000,
  "native_encounters": 186984,
  "native_timeouts": 26219,
  "timeout_rate": 0.14022055363025712,
  "capped_tournaments": 187,
  "median_simulated_minutes": 31.360833333333332,
  "median_phase_minutes": {
    "preparation": 2.90375,
    "combat": 24.931666666666665,
    "settlement": 3.5
  },
  "native_relic_choices": 23719,
  "native_relic_equips": 25176,
  "sample_targets": {
    "median_duration_35_to_45": false,
    "combat_timeout_below_two_percent": false
  },
  "boundary": "Six-hero laboratory sample with provisional traits and neutral behavior; accelerated simulated clocks. No human duration, fun, performance or full-roster release acceptance.",
  "engine_comparison": {
    "tournaments": 10,
    "rounds": 427,
    "encounters": 1852,
    "executable": "C:\\Users\\iputu\\AppData\\Local\\CodexWorktrees\\wc\\m7\\builds\\WonderChess-Milestones-r6\\Windows\\WonderChess\\Binaries\\Win64\\WonderChess.exe"
  },
  "verification_errors": [],
  "technical_reconciliation_passed": true
}
