00:02.031  blend            | Read blend: "C:\Users\iputu\Documents\Wonder Chess\art-source\heroes\wc_u_elf_rogue\wc_u_elf_rogue.blend"
00:04.265  render           | Saved: 'C:\Users\iputu\Documents\Wonder Chess\reports\WC-U440\20260906T170748Z-alternating\sylas9-Attack-media\motion-frames\Attack\0000.png'
00:06.500  render           | Saved: 'C:\Users\iputu\Documents\Wonder Chess\reports\WC-U440\20260906T170748Z-alternating\sylas9-Attack-media\motion-frames\Attack\0001.png'
00:08.765  render           | Saved: 'C:\Users\iputu\Documents\Wonder Chess\reports\WC-U440\20260906T170748Z-alternating\sylas9-Attack-media\motion-frames\Attack\0002.png'
00:10.984  render           | Saved: 'C:\Users\iputu\Documents\Wonder Chess\reports\WC-U440\20260906T170748Z-alternating\sylas9-Attack-media\motion-frames\Attack\0003.png'
00:13.187  render           | Saved: 'C:\Users\iputu\Documents\Wonder Chess\reports\WC-U440\20260906T170748Z-alternating\sylas9-Attack-media\motion-frames\Attack\0004.png'
00:15.406  render           | Saved: 'C:\Users\iputu\Documents\Wonder Chess\reports\WC-U440\20260906T170748Z-alternating\sylas9-Attack-media\motion-frames\Attack\0005.png'
00:17.703  render           | Saved: 'C:\Users\iputu\Documents\Wonder Chess\reports\WC-U440\20260906T170748Z-alternating\sylas9-Attack-media\motion-frames\Attack\0006.png'
00:19.906  render           | Saved: 'C:\Users\iputu\Documents\Wonder Chess\reports\WC-U440\20260906T170748Z-alternating\sylas9-Attack-media\motion-frames\Attack\0007.png'
00:22.281  render           | Saved: 'C:\Users\iputu\Documents\Wonder Chess\reports\WC-U440\20260906T170748Z-alternating\sylas9-Attack-media\motion-frames\Attack\0008.png'
00:24.687  render           | Saved: 'C:\Users\iputu\Documents\Wonder Chess\reports\WC-U440\20260906T170748Z-alternating\sylas9-Attack-media\motion-frames\Attack\0009.png'
00:26.984  render           | Saved: 'C:\Users\iputu\Documents\Wonder Chess\reports\WC-U440\20260906T170748Z-alternating\sylas9-Attack-media\motion-frames\Attack\0010.png'
00:29.453  render           | Saved: 'C:\Users\iputu\Documents\Wonder Chess\reports\WC-U440\20260906T170748Z-alternating\sylas9-Attack-media\motion-frames\Attack\0011.png'
00:32.015  render           | Saved: 'C:\Users\iputu\Documents\Wonder Chess\reports\WC-U440\20260906T170748Z-alternating\sylas9-Attack-media\motion-frames\Attack\0012.png'
00:34.484  render           | Saved: 'C:\Users\iputu\Documents\Wonder Chess\reports\WC-U440\20260906T170748Z-alternating\sylas9-Attack-media\motion-frames\Attack\0013.png'
00:36.906  render           | Saved: 'C:\Users\iputu\Documents\Wonder Chess\reports\WC-U440\20260906T170748Z-alternating\sylas9-Attack-media\motion-frames\Attack\0014.png'
00:39.390  render           | Saved: 'C:\Users\iputu\Documents\Wonder Chess\reports\WC-U440\20260906T170748Z-alternating\sylas9-Attack-media\motion-frames\Attack\0015.png'
00:41.734  render           | Saved: 'C:\Users\iputu\Documents\Wonder Chess\reports\WC-U440\20260906T170748Z-alternating\sylas9-Attack-media\motion-frames\Attack\0016.png'
00:44.375  render           | Saved: 'C:\Users\iputu\Documents\Wonder Chess\reports\WC-U440\20260906T170748Z-alternating\sylas9-Attack-media\motion-frames\Attack\0017.png'
00:46.843  render           | Saved: 'C:\Users\iputu\Documents\Wonder Chess\reports\WC-U440\20260906T170748Z-alternating\sylas9-Attack-media\motion-frames\Attack\0018.png'
00:49.484  render           | Saved: 'C:\Users\iputu\Documents\Wonder Chess\reports\WC-U440\20260906T170748Z-alternating\sylas9-Attack-media\motion-frames\Attack\0019.png'
00:51.953  render           | Saved: 'C:\Users\iputu\Documents\Wonder Chess\reports\WC-U440\20260906T170748Z-alternating\sylas9-Attack-media\motion-frames\Attack\0020.png'
00:54.531  render           | Saved: 'C:\Users\iputu\Documents\Wonder Chess\reports\WC-U440\20260906T170748Z-alternating\sylas9-Attack-media\motion-frames\Attack\0021.png'
00:57.281  render           | Saved: 'C:\Users\iputu\Documents\Wonder Chess\reports\WC-U440\20260906T170748Z-alternating\sylas9-Attack-media\motion-frames\Attack\0022.png'
00:59.875  render           | Saved: 'C:\Users\iputu\Documents\Wonder Chess\reports\WC-U440\20260906T170748Z-alternating\sylas9-Attack-media\motion-frames\Attack\0023.png'
01:02.531  render           | Saved: 'C:\Users\iputu\Documents\Wonder Chess\reports\WC-U440\20260906T170748Z-alternating\sylas9-Attack-media\motion-frames\Attack\0024.png'
01:05.109  render           | Saved: 'C:\Users\iputu\Documents\Wonder Chess\reports\WC-U440\20260906T170748Z-alternating\sylas9-Attack-media\motion-frames\Attack\0025.png'
WC_SELECTED_SOURCE_MOTION_RENDERED wc_u_elf_rogue
Blender 5.1.1 (hash b70da489d7f4 built 2026-04-14 01:37:22)

Blender quit
