00:04.063  blend            | Read blend: "C:\Users\iputu\Documents\Wonder Chess\art-source\asset-studio\wc_u_human_guardian\live\ada_live_mcp_r001.blend"
Server thread started
BlenderMCP server started on localhost:9876
BlenderMCP addon registered
WONDER_CHESS_MCP_READY {"file": "C:\\Users\\iputu\\Documents\\Wonder Chess\\art-source\\asset-studio\\wc_u_human_guardian\\live\\ada_live_mcp_r001.blend", "blender": "5.1.1", "objects": 10, "port": 9876, "telemetry_consent": false, "preferences_auto_save": false, "running": true}
09:11.922  render           | Saved: 'C:\Users\iputu\Documents\Wonder Chess\art-source\asset-studio\wc_u_human_guardian\stages\clay-study\r001\captures\assembly_before.png'
10:43.844  render           | Saved: 'C:\Users\iputu\Documents\Wonder Chess\art-source\asset-studio\wc_u_human_guardian\stages\clay-study\r001\captures\assembly_after.png'
11:00.406  render           | Saved: 'C:\Users\iputu\Documents\Wonder Chess\art-source\asset-studio\wc_u_human_guardian\stages\clay-study\r001\captures\front_r001.png'
11:00.953  render           | Saved: 'C:\Users\iputu\Documents\Wonder Chess\art-source\asset-studio\wc_u_human_guardian\stages\clay-study\r001\captures\profile_r001.png'
11:01.516  render           | Saved: 'C:\Users\iputu\Documents\Wonder Chess\art-source\asset-studio\wc_u_human_guardian\stages\clay-study\r001\captures\back_r001.png'
11:02.094  render           | Saved: 'C:\Users\iputu\Documents\Wonder Chess\art-source\asset-studio\wc_u_human_guardian\stages\clay-study\r001\captures\face_r001.png'
16:37.078  render           | Saved: 'C:\Users\iputu\Documents\Wonder Chess\art-source\asset-studio\wc_u_human_guardian\stages\clay-study\r001\captures\front_r002.png'
16:37.266  render           | Saved: 'C:\Users\iputu\Documents\Wonder Chess\art-source\asset-studio\wc_u_human_guardian\stages\clay-study\r001\captures\profile_r002.png'
16:37.438  render           | Saved: 'C:\Users\iputu\Documents\Wonder Chess\art-source\asset-studio\wc_u_human_guardian\stages\clay-study\r001\captures\back_r002.png'
16:37.625  render           | Saved: 'C:\Users\iputu\Documents\Wonder Chess\art-source\asset-studio\wc_u_human_guardian\stages\clay-study\r001\captures\face_r002.png'
16:37.813  render           | Saved: 'C:\Users\iputu\Documents\Wonder Chess\art-source\asset-studio\wc_u_human_guardian\stages\clay-study\r001\captures\three_quarter_r002.png'
17:39.610  render           | Saved: 'C:\Users\iputu\Documents\Wonder Chess\art-source\asset-studio\wc_u_human_guardian\stages\clay-study\r001\captures\three_quarter_cycles_r002.png'
21:09.891  render           | Saved: 'C:\Users\iputu\Documents\Wonder Chess\art-source\asset-studio\wc_u_human_guardian\stages\clay-study\r001\captures\front_r003.png'
21:10.063  render           | Saved: 'C:\Users\iputu\Documents\Wonder Chess\art-source\asset-studio\wc_u_human_guardian\stages\clay-study\r001\captures\profile_r003.png'
21:10.235  render           | Saved: 'C:\Users\iputu\Documents\Wonder Chess\art-source\asset-studio\wc_u_human_guardian\stages\clay-study\r001\captures\back_r003.png'
21:10.422  render           | Saved: 'C:\Users\iputu\Documents\Wonder Chess\art-source\asset-studio\wc_u_human_guardian\stages\clay-study\r001\captures\face_r003.png'
21:10.594  render           | Saved: 'C:\Users\iputu\Documents\Wonder Chess\art-source\asset-studio\wc_u_human_guardian\stages\clay-study\r001\captures\three_quarter_r003.png'
26:48.110  render           | Saved: 'C:\Users\iputu\Documents\Wonder Chess\art-source\asset-studio\wc_u_human_guardian\stages\clay-study\r002\captures\face_after_fit.png'
28:42.875  render           | Saved: 'C:\Users\iputu\Documents\Wonder Chess\art-source\asset-studio\wc_u_human_guardian\stages\clay-study\r002\captures\hair_after_overlap.png'
30:22.328  render           | Saved: 'C:\Users\iputu\Documents\Wonder Chess\art-source\asset-studio\wc_u_human_guardian\stages\clay-study\r002\captures\face_after_orbit_relax.png'
31:44.172  render           | Saved: 'C:\Users\iputu\Documents\Wonder Chess\art-source\asset-studio\wc_u_human_guardian\stages\clay-study\r002\captures\front_review.png'
31:45.797  render           | Saved: 'C:\Users\iputu\Documents\Wonder Chess\art-source\asset-studio\wc_u_human_guardian\stages\clay-study\r002\captures\profile_review.png'
31:47.594  render           | Saved: 'C:\Users\iputu\Documents\Wonder Chess\art-source\asset-studio\wc_u_human_guardian\stages\clay-study\r002\captures\back_review.png'
31:49.781  render           | Saved: 'C:\Users\iputu\Documents\Wonder Chess\art-source\asset-studio\wc_u_human_guardian\stages\clay-study\r002\captures\face_review.png'
31:51.953  render           | Saved: 'C:\Users\iputu\Documents\Wonder Chess\art-source\asset-studio\wc_u_human_guardian\stages\clay-study\r002\captures\three_quarter_review.png'
33:02.922  render           | Saved: 'C:\Users\iputu\Documents\Wonder Chess\art-source\asset-studio\wc_u_human_guardian\stages\clay-study\r002\captures\front_final.png'
33:03.110  render           | Saved: 'C:\Users\iputu\Documents\Wonder Chess\art-source\asset-studio\wc_u_human_guardian\stages\clay-study\r002\captures\profile_final.png'
33:03.297  render           | Saved: 'C:\Users\iputu\Documents\Wonder Chess\art-source\asset-studio\wc_u_human_guardian\stages\clay-study\r002\captures\back_final.png'
33:03.485  render           | Saved: 'C:\Users\iputu\Documents\Wonder Chess\art-source\asset-studio\wc_u_human_guardian\stages\clay-study\r002\captures\face_final.png'
33:03.688  render           | Saved: 'C:\Users\iputu\Documents\Wonder Chess\art-source\asset-studio\wc_u_human_guardian\stages\clay-study\r002\captures\three_quarter_final.png'
46:44.985  render           | Saved: 'C:\Users\iputu\Documents\Wonder Chess\art-source\asset-studio\wc_u_human_guardian\stages\clay-study\r003\captures\face_eye_proof.png'
46:45.266  render           | Saved: 'C:\Users\iputu\Documents\Wonder Chess\art-source\asset-studio\wc_u_human_guardian\stages\clay-study\r003\captures\profile_eye_proof.png'
46:45.563  render           | Saved: 'C:\Users\iputu\Documents\Wonder Chess\art-source\asset-studio\wc_u_human_guardian\stages\clay-study\r003\captures\front_eye_proof.png'
48:01.922  render           | Saved: 'C:\Users\iputu\Documents\Wonder Chess\art-source\asset-studio\wc_u_human_guardian\stages\clay-study\r003\captures\face_lid_corrected.png'
48:02.188  render           | Saved: 'C:\Users\iputu\Documents\Wonder Chess\art-source\asset-studio\wc_u_human_guardian\stages\clay-study\r003\captures\profile_lid_corrected.png'
49:05.750  render           | Saved: 'C:\Users\iputu\Documents\Wonder Chess\art-source\asset-studio\wc_u_human_guardian\stages\clay-study\r003\captures\diagnostic_skin_only.png'
49:48.281  render           | Saved: 'C:\Users\iputu\Documents\Wonder Chess\art-source\asset-studio\wc_u_human_guardian\stages\clay-study\r003\captures\face_spatial_lids.png'
49:48.547  render           | Saved: 'C:\Users\iputu\Documents\Wonder Chess\art-source\asset-studio\wc_u_human_guardian\stages\clay-study\r003\captures\profile_spatial_lids.png'
50:51.297  render           | Saved: 'C:\Users\iputu\Documents\Wonder Chess\art-source\asset-studio\wc_u_human_guardian\stages\clay-study\r003\captures\face_supported_mass.png'
50:51.547  render           | Saved: 'C:\Users\iputu\Documents\Wonder Chess\art-source\asset-studio\wc_u_human_guardian\stages\clay-study\r003\captures\profile_supported_mass.png'
50:51.797  render           | Saved: 'C:\Users\iputu\Documents\Wonder Chess\art-source\asset-studio\wc_u_human_guardian\stages\clay-study\r003\captures\back_supported_mass.png'
52:15.563  render           | Saved: 'C:\Users\iputu\Documents\Wonder Chess\art-source\asset-studio\wc_u_human_guardian\stages\clay-study\r003\captures\front_restored.png'
52:15.766  render           | Saved: 'C:\Users\iputu\Documents\Wonder Chess\art-source\asset-studio\wc_u_human_guardian\stages\clay-study\r003\captures\profile_restored.png'
52:15.953  render           | Saved: 'C:\Users\iputu\Documents\Wonder Chess\art-source\asset-studio\wc_u_human_guardian\stages\clay-study\r003\captures\back_restored.png'
52:16.156  render           | Saved: 'C:\Users\iputu\Documents\Wonder Chess\art-source\asset-studio\wc_u_human_guardian\stages\clay-study\r003\captures\face_restored.png'
52:16.375  render           | Saved: 'C:\Users\iputu\Documents\Wonder Chess\art-source\asset-studio\wc_u_human_guardian\stages\clay-study\r003\captures\three_quarter_restored.png'
