00:08.281  blend            | Read blend: "C:\Users\iputu\Documents\Wonder Chess\art-source\asset-studio\wc_u_human_guardian\stages\mpfb-pilot\MP1\ada_mpfb_work.blend"
Server thread started
BlenderMCP server started on localhost:9876
BlenderMCP addon registered
WONDER_CHESS_MCP_READY {"file": "C:\\Users\\iputu\\Documents\\Wonder Chess\\art-source\\asset-studio\\wc_u_human_guardian\\stages\\mpfb-pilot\\MP1\\ada_mpfb_work.blend", "blender": "5.1.1", "objects": 28, "port": 9876, "telemetry_consent": false, "preferences_auto_save": false, "running": true}
04:23.656  render           | Saved: 'C:\Users\iputu\Documents\Wonder Chess\art-source\asset-studio\wc_u_human_guardian\stages\mpfb-pilot\MP1\captures\r000_three_quarter.png'
04:41.938  render           | Saved: 'C:\Users\iputu\Documents\Wonder Chess\art-source\asset-studio\wc_u_human_guardian\stages\mpfb-pilot\MP1\captures\r000_front.png'
04:47.156  render           | Saved: 'C:\Users\iputu\Documents\Wonder Chess\art-source\asset-studio\wc_u_human_guardian\stages\mpfb-pilot\MP1\captures\r000_profile.png'
06:26.188  render           | Saved: 'C:\Users\iputu\Documents\Wonder Chess\art-source\asset-studio\wc_u_human_guardian\stages\mpfb-pilot\MP1\captures\r000_fitted_eyes_three_quarter.png'
07:24.750  render           | Saved: 'C:\Users\iputu\Documents\Wonder Chess\art-source\asset-studio\wc_u_human_guardian\stages\mpfb-pilot\MP1\captures\r001_three_quarter.png'
07:41.500  render           | Saved: 'C:\Users\iputu\Documents\Wonder Chess\art-source\asset-studio\wc_u_human_guardian\stages\mpfb-pilot\MP1\captures\r001_front.png'
07:47.000  render           | Saved: 'C:\Users\iputu\Documents\Wonder Chess\art-source\asset-studio\wc_u_human_guardian\stages\mpfb-pilot\MP1\captures\r001_profile.png'
07:51.141  render           | Saved: 'C:\Users\iputu\Documents\Wonder Chess\art-source\asset-studio\wc_u_human_guardian\stages\mpfb-pilot\MP1\captures\r001_primary_fit.png'
09:03.875  render           | Saved: 'C:\Users\iputu\Documents\Wonder Chess\art-source\asset-studio\wc_u_human_guardian\stages\mpfb-pilot\MP1\captures\r001_gaze_three_quarter.png'
10:20.750  render           | Saved: 'C:\Users\iputu\Documents\Wonder Chess\art-source\asset-studio\wc_u_human_guardian\stages\mpfb-pilot\MP1\captures\r002_three_quarter.png'
10:40.766  render           | Saved: 'C:\Users\iputu\Documents\Wonder Chess\art-source\asset-studio\wc_u_human_guardian\stages\mpfb-pilot\MP1\captures\r002_front.png'
10:48.172  render           | Saved: 'C:\Users\iputu\Documents\Wonder Chess\art-source\asset-studio\wc_u_human_guardian\stages\mpfb-pilot\MP1\captures\r002_profile.png'
10:53.719  render           | Saved: 'C:\Users\iputu\Documents\Wonder Chess\art-source\asset-studio\wc_u_human_guardian\stages\mpfb-pilot\MP1\captures\r002_primary_fit.png'
13:08.156  render           | Saved: 'C:\Users\iputu\Documents\Wonder Chess\art-source\asset-studio\wc_u_human_guardian\stages\mpfb-pilot\MP1\captures\final_clay_front.png'
13:16.485  render           | Saved: 'C:\Users\iputu\Documents\Wonder Chess\art-source\asset-studio\wc_u_human_guardian\stages\mpfb-pilot\MP1\captures\final_clay_profile.png'
13:25.047  render           | Saved: 'C:\Users\iputu\Documents\Wonder Chess\art-source\asset-studio\wc_u_human_guardian\stages\mpfb-pilot\MP1\captures\final_clay_three_quarter.png'
13:31.453  render           | Saved: 'C:\Users\iputu\Documents\Wonder Chess\art-source\asset-studio\wc_u_human_guardian\stages\mpfb-pilot\MP1\captures\final_clay_primary_fit.png'
14:29.891  render           | Saved: 'C:\Users\iputu\Documents\Wonder Chess\art-source\asset-studio\wc_u_human_guardian\stages\mpfb-pilot\MP1\captures\final_clay_reverse_key.png'
14:38.563  render           | Saved: 'C:\Users\iputu\Documents\Wonder Chess\art-source\asset-studio\wc_u_human_guardian\stages\mpfb-pilot\MP1\captures\final_openings_front.png'
14:47.985  render           | Saved: 'C:\Users\iputu\Documents\Wonder Chess\art-source\asset-studio\wc_u_human_guardian\stages\mpfb-pilot\MP1\captures\final_gaze_three_quarter.png'
14:54.688  render           | Saved: 'C:\Users\iputu\Documents\Wonder Chess\art-source\asset-studio\wc_u_human_guardian\stages\mpfb-pilot\MP1\captures\final_gaze_primary_fit.png'
01:38:23.688  render           | Saved: 'C:\Users\iputu\Documents\Wonder Chess\art-source\asset-studio\wc_u_human_guardian\stages\body-costume\BW1\r001\captures\body_r000_front.png'
01:39:26.922  render           | Saved: 'C:\Users\iputu\Documents\Wonder Chess\art-source\asset-studio\wc_u_human_guardian\stages\body-costume\BW1\r001\captures\body_r000_corrected_display_front.png'
01:40:54.875  render           | Saved: 'C:\Users\iputu\Documents\Wonder Chess\art-source\asset-studio\wc_u_human_guardian\stages\body-costume\BW1\r001\captures\body_r001_three_quarter.png'
01:42:43.875  render           | Saved: 'C:\Users\iputu\Documents\Wonder Chess\art-source\asset-studio\wc_u_human_guardian\stages\body-costume\BW1\r001\captures\sourcefit_body_gloves_boots.png'
01:45:30.078  render           | Saved: 'C:\Users\iputu\Documents\Wonder Chess\art-source\asset-studio\wc_u_human_guardian\stages\body-costume\BW1\r001\captures\cloth_blockout_r000.png'
01:47:10.750  render           | Saved: 'C:\Users\iputu\Documents\Wonder Chess\art-source\asset-studio\wc_u_human_guardian\stages\body-costume\BW1\r001\captures\cloth_blockout_r001.png'
01:49:48.610  render           | Saved: 'C:\Users\iputu\Documents\Wonder Chess\art-source\asset-studio\wc_u_human_guardian\stages\body-costume\BW1\r001\captures\armor_blockout_r000.png'
01:53:35.203  render           | Saved: 'C:\Users\iputu\Documents\Wonder Chess\art-source\asset-studio\wc_u_human_guardian\stages\body-costume\BW1\r001\captures\body_costume_r001_clay.png'
01:58:20.360  render           | Saved: 'C:\Users\iputu\Documents\Wonder Chess\art-source\asset-studio\wc_u_human_guardian\stages\body-costume\BW1\r001\captures\blockout_r002_front.png'
01:58:25.516  render           | Saved: 'C:\Users\iputu\Documents\Wonder Chess\art-source\asset-studio\wc_u_human_guardian\stages\body-costume\BW1\r001\captures\blockout_r002_profile.png'
01:58:31.141  render           | Saved: 'C:\Users\iputu\Documents\Wonder Chess\art-source\asset-studio\wc_u_human_guardian\stages\body-costume\BW1\r001\captures\blockout_r002_back.png'
01:58:46.656  render           | Saved: 'C:\Users\iputu\Documents\Wonder Chess\art-source\asset-studio\wc_u_human_guardian\stages\body-costume\BW1\r001\captures\blockout_r002_three_quarter.png'
01:58:52.906  render           | Saved: 'C:\Users\iputu\Documents\Wonder Chess\art-source\asset-studio\wc_u_human_guardian\stages\body-costume\BW1\r001\captures\leg_stance_r000.png'
02:05:05.719  render           | Saved: 'C:\Users\iputu\Documents\Wonder Chess\art-source\asset-studio\wc_u_human_guardian\stages\body-costume\BW1\r001\captures\leg_pose_planted.png'
02:05:10.563  render           | Saved: 'C:\Users\iputu\Documents\Wonder Chess\art-source\asset-studio\wc_u_human_guardian\stages\body-costume\BW1\r001\captures\leg_pose_ankle_dorsiflex.png'
02:05:15.438  render           | Saved: 'C:\Users\iputu\Documents\Wonder Chess\art-source\asset-studio\wc_u_human_guardian\stages\body-costume\BW1\r001\captures\leg_pose_foot_roll.png'
02:05:19.578  render           | Saved: 'C:\Users\iputu\Documents\Wonder Chess\art-source\asset-studio\wc_u_human_guardian\stages\body-costume\BW1\r001\captures\leg_pose_bent_knee.png'
02:05:23.735  render           | Saved: 'C:\Users\iputu\Documents\Wonder Chess\art-source\asset-studio\wc_u_human_guardian\stages\body-costume\BW1\r001\captures\leg_pose_kneel.png'
02:05:27.797  render           | Saved: 'C:\Users\iputu\Documents\Wonder Chess\art-source\asset-studio\wc_u_human_guardian\stages\body-costume\BW1\r001\captures\leg_pose_move_range_step.png'
02:07:07.438  render           | Saved: 'C:\Users\iputu\Documents\Wonder Chess\art-source\asset-studio\wc_u_human_guardian\stages\body-costume\BW1\r001\captures\footprint_sole_stance.png'
02:07:12.219  render           | Saved: 'C:\Users\iputu\Documents\Wonder Chess\art-source\asset-studio\wc_u_human_guardian\stages\body-costume\BW1\r001\captures\footprint_sole_ankle.png'
02:07:17.610  render           | Saved: 'C:\Users\iputu\Documents\Wonder Chess\art-source\asset-studio\wc_u_human_guardian\stages\body-costume\BW1\r001\captures\footprint_sole_profile.png'
02:09:56.766  render           | Saved: 'C:\Users\iputu\Documents\Wonder Chess\art-source\asset-studio\wc_u_human_guardian\stages\body-costume\BW1\r001\captures\equipment_blockout.png'
02:10:50.985  render           | Saved: 'C:\Users\iputu\Documents\Wonder Chess\art-source\asset-studio\wc_u_human_guardian\stages\body-costume\BW1\r001\captures\arm_pose_open.png'
02:10:57.594  render           | Saved: 'C:\Users\iputu\Documents\Wonder Chess\art-source\asset-studio\wc_u_human_guardian\stages\body-costume\BW1\r001\captures\arm_pose_relaxed.png'
02:11:04.063  render           | Saved: 'C:\Users\iputu\Documents\Wonder Chess\art-source\asset-studio\wc_u_human_guardian\stages\body-costume\BW1\r001\captures\arm_pose_elbow_bend.png'
02:11:10.469  render           | Saved: 'C:\Users\iputu\Documents\Wonder Chess\art-source\asset-studio\wc_u_human_guardian\stages\body-costume\BW1\r001\captures\arm_pose_shoulder_raise.png'
02:11:18.000  render           | Saved: 'C:\Users\iputu\Documents\Wonder Chess\art-source\asset-studio\wc_u_human_guardian\stages\body-costume\BW1\r001\captures\arm_pose_wrist_bend.png'
02:11:24.547  render           | Saved: 'C:\Users\iputu\Documents\Wonder Chess\art-source\asset-studio\wc_u_human_guardian\stages\body-costume\BW1\r001\captures\leg_kneel_grounded.png'
02:14:18.188  render           | Video append frame 1
02:14:18.328  render           | Video append frame 2
02:14:18.469  render           | Video append frame 3
02:14:18.625  render           | Video append frame 4
02:14:18.766  render           | Video append frame 5
02:14:18.922  render           | Video append frame 6
02:14:19.078  render           | Video append frame 7
02:14:19.235  render           | Video append frame 8
02:14:19.375  render           | Video append frame 9
02:14:19.516  render           | Video append frame 10
02:14:19.641  render           | Video append frame 11
02:14:19.781  render           | Video append frame 12
02:14:19.906  render           | Video append frame 13
02:14:20.031  render           | Video append frame 14
02:14:20.156  render           | Video append frame 15
02:14:20.281  render           | Video append frame 16
02:14:20.406  render           | Video append frame 17
02:14:20.531  render           | Video append frame 18
02:14:20.656  render           | Video append frame 19
02:14:20.766  render           | Video append frame 20
02:14:20.891  render           | Video append frame 21
02:14:21.016  render           | Video append frame 22
02:14:21.141  render           | Video append frame 23
02:14:21.266  render           | Video append frame 24
02:14:21.391  render           | Video append frame 25
02:14:21.516  render           | Video append frame 26
02:14:21.641  render           | Video append frame 27
02:14:21.766  render           | Video append frame 28
02:14:21.906  render           | Video append frame 29
02:14:22.047  render           | Video append frame 30
02:14:22.172  render           | Video append frame 31
02:14:22.328  render           | Video append frame 32
02:14:22.469  render           | Video append frame 33
02:14:22.594  render           | Video append frame 34
02:14:22.735  render           | Video append frame 35
02:14:22.860  render           | Video append frame 36
02:14:23.000  render           | Video append frame 37
02:14:23.156  render           | Video append frame 38
02:14:23.328  render           | Video append frame 39
02:14:23.453  render           | Video append frame 40
02:14:23.610  render           | Video append frame 41
02:14:23.750  render           | Video append frame 42
02:14:23.938  render           | Video append frame 43
02:14:24.110  render           | Video append frame 44
02:14:24.266  render           | Video append frame 45
02:14:24.422  render           | Video append frame 46
02:14:24.594  render           | Video append frame 47
02:14:24.766  render           | Video append frame 48
02:14:24.906  render           | Video append frame 49
02:14:25.063  render           | Video append frame 50
02:14:25.250  render           | Video append frame 51
02:14:25.406  render           | Video append frame 52
02:14:25.563  render           | Video append frame 53
02:14:25.719  render           | Video append frame 54
02:14:25.860  render           | Video append frame 55
02:14:26.016  render           | Video append frame 56
02:14:26.172  render           | Video append frame 57
02:14:26.313  render           | Video append frame 58
02:14:26.485  render           | Video append frame 59
02:14:26.625  render           | Video append frame 60
02:14:26.781  render           | Video append frame 61
02:14:26.922  render           | Video append frame 62
02:14:27.078  render           | Video append frame 63
02:14:27.219  render           | Video append frame 64
02:14:27.360  render           | Video append frame 65
02:14:27.500  render           | Video append frame 66
02:14:27.641  render           | Video append frame 67
02:14:27.797  render           | Video append frame 68
02:14:27.922  render           | Video append frame 69
02:14:28.063  render           | Video append frame 70
02:14:28.188  render           | Video append frame 71
02:14:28.344  render           | Video append frame 72
02:14:28.469  render           | Video append frame 73
02:14:28.625  render           | Video append frame 74
02:14:28.735  render           | Video append frame 75
02:14:28.860  render           | Video append frame 76
02:14:28.985  render           | Video append frame 77
02:14:29.110  render           | Video append frame 78
02:14:29.250  render           | Video append frame 79
02:14:29.391  render           | Video append frame 80
02:14:29.531  render           | Video append frame 81
02:14:29.688  render           | Video append frame 82
02:14:29.844  render           | Video append frame 83
02:14:29.985  render           | Video append frame 84
02:14:30.156  render           | Video append frame 85
02:14:30.297  render           | Video append frame 86
02:14:30.438  render           | Video append frame 87
02:14:30.563  render           | Video append frame 88
02:14:30.688  render           | Video append frame 89
02:14:30.813  render           | Video append frame 90
02:14:30.938  render           | Video append frame 91
02:14:31.063  render           | Video append frame 92
02:14:31.203  render           | Video append frame 93
02:14:31.328  render           | Video append frame 94
02:14:31.453  render           | Video append frame 95
02:14:31.594  render           | Video append frame 96
02:14:31.719  render           | Video append frame 97
02:14:31.844  render           | Video append frame 98
02:14:31.969  render           | Video append frame 99
02:14:32.110  render           | Video append frame 100
02:14:32.235  render           | Video append frame 101
02:14:32.375  render           | Video append frame 102
02:14:32.516  render           | Video append frame 103
02:14:32.656  render           | Video append frame 104
02:14:32.781  render           | Video append frame 105
02:14:32.906  render           | Video append frame 106
02:14:33.047  render           | Video append frame 107
02:14:33.172  render           | Video append frame 108
02:14:33.297  render           | Video append frame 109
02:14:33.422  render           | Video append frame 110
02:14:33.547  render           | Video append frame 111
02:14:33.688  render           | Video append frame 112
02:14:33.813  render           | Video append frame 113
02:14:33.953  render           | Video append frame 114
02:14:34.078  render           | Video append frame 115
02:14:34.203  render           | Video append frame 116
02:14:34.375  render           | Video append frame 117
02:14:34.516  render           | Video append frame 118
02:14:34.656  render           | Video append frame 119
02:14:34.797  render           | Video append frame 120
02:14:34.938  render           | Video append frame 121
02:14:35.078  render           | Video append frame 122
02:14:35.219  render           | Video append frame 123
02:14:35.344  render           | Video append frame 124
02:14:35.485  render           | Video append frame 125
02:14:35.610  render           | Video append frame 126
02:14:35.735  render           | Video append frame 127
02:14:35.875  render           | Video append frame 128
02:14:36.016  render           | Video append frame 129
02:14:36.156  render           | Video append frame 130
02:14:36.281  render           | Video append frame 131
02:14:36.406  render           | Video append frame 132
02:14:36.531  render           | Video append frame 133
02:14:36.656  render           | Video append frame 134
02:14:36.797  render           | Video append frame 135
02:14:36.922  render           | Video append frame 136
02:14:37.047  render           | Video append frame 137
02:14:37.172  render           | Video append frame 138
02:14:37.313  render           | Video append frame 139
02:14:37.438  render           | Video append frame 140
02:14:37.563  render           | Video append frame 141
02:14:37.703  render           | Video append frame 142
02:14:37.828  render           | Video append frame 143
02:14:37.953  render           | Video append frame 144
02:14:38.078  render           | Video append frame 145
02:14:38.203  render           | Video append frame 146
02:14:38.344  render           | Video append frame 147
02:14:38.469  render           | Video append frame 148
02:14:38.594  render           | Video append frame 149
02:14:38.719  render           | Video append frame 150
02:14:38.844  render           | Video append frame 151
02:14:38.969  render           | Video append frame 152
02:14:39.094  render           | Video append frame 153
02:14:39.219  render           | Video append frame 154
02:14:39.344  render           | Video append frame 155
02:14:39.485  render           | Video append frame 156
02:14:39.625  render           | Video append frame 157
02:14:39.766  render           | Video append frame 158
02:14:39.891  render           | Video append frame 159
02:14:40.016  render           | Video append frame 160
02:14:40.141  render           | Video append frame 161
02:14:40.266  render           | Video append frame 162
02:14:40.406  render           | Video append frame 163
02:14:40.531  render           | Video append frame 164
02:14:40.656  render           | Video append frame 165
02:14:40.781  render           | Video append frame 166
02:14:40.891  render           | Video append frame 167
02:14:41.016  render           | Video append frame 168
02:14:41.141  render           | Video append frame 169
02:19:17.610  render           | Saved: 'C:\Users\iputu\Documents\Wonder Chess\art-source\asset-studio\wc_u_human_guardian\stages\body-costume\BW1\r001\captures\knee_attachment_stance.png'
02:19:22.438  render           | Saved: 'C:\Users\iputu\Documents\Wonder Chess\art-source\asset-studio\wc_u_human_guardian\stages\body-costume\BW1\r001\captures\knee_attachment_bend.png'
02:19:27.844  render           | Saved: 'C:\Users\iputu\Documents\Wonder Chess\art-source\asset-studio\wc_u_human_guardian\stages\body-costume\BW1\r001\captures\knee_attachment_kneel.png'
02:20:53.391  render           | Saved: 'C:\Users\iputu\Documents\Wonder Chess\art-source\asset-studio\wc_u_human_guardian\stages\body-costume\BW1\r001\captures\knee_pivot_stance.png'
02:20:58.219  render           | Saved: 'C:\Users\iputu\Documents\Wonder Chess\art-source\asset-studio\wc_u_human_guardian\stages\body-costume\BW1\r001\captures\knee_pivot_bend.png'
02:21:04.547  render           | Saved: 'C:\Users\iputu\Documents\Wonder Chess\art-source\asset-studio\wc_u_human_guardian\stages\body-costume\BW1\r001\captures\knee_pivot_kneel.png'
02:22:24.547  object           | ERROR Evaluated mesh is needed to solve parenting, object position can be wrong now
02:22:24.547  object           | ERROR Evaluated mesh is needed to solve parenting, object position can be wrong now
02:22:24.547  object           | ERROR Evaluated mesh is needed to solve parenting, object position can be wrong now
02:22:29.266  render           | Saved: 'C:\Users\iputu\Documents\Wonder Chess\art-source\asset-studio\wc_u_human_guardian\stages\body-costume\BW1\r001\captures\knee_surface_stance.png'
02:22:34.110  render           | Saved: 'C:\Users\iputu\Documents\Wonder Chess\art-source\asset-studio\wc_u_human_guardian\stages\body-costume\BW1\r001\captures\knee_surface_bend.png'
02:22:39.375  render           | Saved: 'C:\Users\iputu\Documents\Wonder Chess\art-source\asset-studio\wc_u_human_guardian\stages\body-costume\BW1\r001\captures\knee_surface_kneel.png'
Connected to client: ('127.0.0.1', 52712)
Client handler started
Queued command: execute_code
Executing handler for execute_code
Handler execution complete
Queued command: execute_code
Executing handler for execute_code
Handler execution complete
Queued command: execute_code
Executing handler for execute_code
Handler execution complete
Queued command: execute_code
Executing handler for execute_code
Handler execution complete
Queued command: execute_code
Executing handler for execute_code
Handler execution complete
Queued command: execute_code
Executing handler for execute_code
Handler execution complete
Queued command: execute_code
Executing handler for execute_code
Handler execution complete
Queued command: execute_code
Executing handler for execute_code
Handler execution complete
Queued command: execute_code
Executing handler for execute_code
Handler execution complete
Queued command: execute_code
Executing handler for execute_code
Handler execution complete
Queued command: execute_code
Executing handler for execute_code
Handler execution complete
Queued command: execute_code
Executing handler for execute_code
Handler execution complete
Queued command: execute_code
Executing handler for execute_code
Handler execution complete
Queued command: execute_code
Executing handler for execute_code
Handler execution complete
Queued command: execute_code
Executing handler for execute_code
Handler execution complete
Queued command: execute_code
Executing handler for execute_code
Handler execution complete
Queued command: execute_code
Executing handler for execute_code
Handler execution complete
Connected to client: ('127.0.0.1', 58137)
Client handler started
Queued command: get_addon_info
Executing handler for get_addon_info
Handler execution complete
Queued command: execute_code
Executing handler for execute_code
Handler execution complete
Queued command: execute_code
Executing handler for execute_code
Handler execution complete
Queued command: execute_code
Executing handler for execute_code
Handler execution complete
Queued command: execute_code
Executing handler for execute_code
Handler execution complete
Queued command: execute_code
Executing handler for execute_code
Handler execution complete
Queued command: execute_code
Executing handler for execute_code
Handler execution complete
Queued command: execute_code
Executing handler for execute_code
Handler execution complete
Queued command: execute_code
Executing handler for execute_code
Handler execution complete
Queued command: execute_code
Executing handler for execute_code
Handler execution complete
Queued command: execute_code
Executing handler for execute_code
Handler execution complete
Queued command: execute_code
Executing handler for execute_code
Handler execution complete
Queued command: execute_code
Executing handler for execute_code
Handler execution complete
Queued command: execute_code
Executing handler for execute_code
Handler execution complete
Queued command: execute_code
Executing handler for execute_code
Handler execution complete
Connected to client: ('127.0.0.1', 64726)
Client handler started
Queued command: get_addon_info
Executing handler for get_addon_info
Handler execution complete
Error receiving data: [WinError 10054] An existing connection was forcibly closed by the remote host
Client handler stopped
Queued command: execute_code
Executing handler for execute_code
Handler execution complete
Queued command: execute_code
Executing handler for execute_code
Handler execution complete
Queued command: execute_code
Executing handler for execute_code
Handler execution complete
Queued command: execute_code
Executing handler for execute_code
Handler execution complete
Queued command: execute_code
Executing handler for execute_code
Handler execution complete
Queued command: execute_code
Executing handler for execute_code
Handler execution complete
Queued command: execute_code
Executing handler for execute_code
Handler execution complete
Queued command: execute_code
Executing handler for execute_code
Handler execution complete
Queued command: execute_code
Executing handler for execute_code
Handler execution complete
Queued command: execute_code
Executing handler for execute_code
Handler execution complete
Queued command: execute_code
Executing handler for execute_code
Handler execution complete
Queued command: execute_code
Executing handler for execute_code
Handler execution complete
Queued command: execute_code
Executing handler for execute_code
Handler execution complete
Queued command: execute_code
Executing handler for execute_code
Handler execution complete
Queued command: execute_code
Executing handler for execute_code
Handler execution complete
Queued command: execute_code
Executing handler for execute_code
Handler execution complete
Queued command: execute_code
Executing handler for execute_code
Handler execution complete
Queued command: execute_code
Executing handler for execute_code
Handler execution complete
Queued command: execute_code
Executing handler for execute_code
Handler execution complete
Connected to client: ('127.0.0.1', 62653)
Client handler started
Queued command: get_addon_info
Executing handler for get_addon_info
Handler execution complete
Connected to client: ('127.0.0.1', 62656)
Client handler started
Queued command: get_addon_info
Executing handler for get_addon_info
Handler execution complete
Queued command: execute_code
Executing handler for execute_code
Handler execution complete
Queued command: execute_code
Executing handler for execute_code
Handler execution complete
Queued command: execute_code
Executing handler for execute_code
Handler execution complete
Queued command: execute_code
Executing handler for execute_code
Handler execution complete
Queued command: execute_code
Executing handler for execute_code
Handler execution complete
Queued command: execute_code
Executing handler for execute_code
Handler execution complete
Queued command: execute_code
Executing handler for execute_code
Handler execution complete
Queued command: execute_code
Executing handler for execute_code
Handler execution complete
Queued command: execute_code
Executing handler for execute_code
Error in handler: Code execution error: bpy_struct: item.attr = val: enum "FFMPEG" not found in ('AVIF', 'JPEG', 'OPEN_EXR', 'PNG', 'WEBP', 'BMP', 'CINEON', 'DPX', 'IRIS', 'JPEG2000', 'HDR', 'TARGA', 'TARGA_RAW', 'TIFF')
Client disconnected
Client handler stopped
Connected to client: ('127.0.0.1', 51634)
Client handler started
Queued command: execute_code
Executing handler for execute_code
Handler execution complete
Queued command: execute_code
Executing handler for execute_code
Handler execution complete
Queued command: execute_code
Executing handler for execute_code
Handler execution complete
Queued command: execute_code
Executing handler for execute_code
Handler execution complete
Queued command: execute_code
Executing handler for execute_code
Error in handler: Code execution error: 'bpy_prop_collection[key]: key "BW1_Kneeplate_R" not found'
Client disconnected
Client handler stopped
Connected to client: ('127.0.0.1', 63234)
Client handler started
Queued command: execute_code
Executing handler for execute_code
Handler execution complete
Queued command: execute_code
Executing handler for execute_code
Handler execution complete
Queued command: execute_code
Executing handler for execute_code
Handler execution complete
Queued command: execute_code
Executing handler for execute_code
Handler execution complete
Queued command: execute_code
Executing handler for execute_code
Handler execution complete
Queued command: execute_code
Executing handler for execute_code
Error in handler: Code execution error: bpy_prop_collection.__contains__: expected a string or a tuple of strings
Client disconnected
Client handler stopped
Connected to client: ('127.0.0.1', 52754)
Client handler started
Queued command: execute_code
Executing handler for execute_code
Handler execution complete02:25:09.313  render           | Saved: 'C:\Users\iputu\Documents\Wonder Chess\art-source\asset-studio\wc_u_human_guardian\stages\body-costume\BW1\r001\captures\body_context_front.png'
02:25:13.313  render           | Saved: 'C:\Users\iputu\Documents\Wonder Chess\art-source\asset-studio\wc_u_human_guardian\stages\body-costume\BW1\r001\captures\body_context_profile.png'
02:25:17.625  render           | Saved: 'C:\Users\iputu\Documents\Wonder Chess\art-source\asset-studio\wc_u_human_guardian\stages\body-costume\BW1\r001\captures\body_context_back.png'
02:25:22.750  render           | Saved: 'C:\Users\iputu\Documents\Wonder Chess\art-source\asset-studio\wc_u_human_guardian\stages\body-costume\BW1\r001\captures\body_context_three_quarter.png'
02:25:27.688  render           | Saved: 'C:\Users\iputu\Documents\Wonder Chess\art-source\asset-studio\wc_u_human_guardian\stages\body-costume\BW1\r001\captures\body_context_other_three_quarter.png'
02:25:33.469  render           | Saved: 'C:\Users\iputu\Documents\Wonder Chess\art-source\asset-studio\wc_u_human_guardian\stages\body-costume\BW1\r001\captures\candidate_context_front.png'
02:25:39.188  render           | Saved: 'C:\Users\iputu\Documents\Wonder Chess\art-source\asset-studio\wc_u_human_guardian\stages\body-costume\BW1\r001\captures\candidate_context_profile.png'
02:25:45.094  render           | Saved: 'C:\Users\iputu\Documents\Wonder Chess\art-source\asset-studio\wc_u_human_guardian\stages\body-costume\BW1\r001\captures\candidate_context_back.png'
02:25:51.453  render           | Saved: 'C:\Users\iputu\Documents\Wonder Chess\art-source\asset-studio\wc_u_human_guardian\stages\body-costume\BW1\r001\captures\candidate_context_three_quarter.png'
02:25:57.578  render           | Saved: 'C:\Users\iputu\Documents\Wonder Chess\art-source\asset-studio\wc_u_human_guardian\stages\body-costume\BW1\r001\captures\candidate_context_other_three_quarter.png'
02:26:03.766  render           | Saved: 'C:\Users\iputu\Documents\Wonder Chess\art-source\asset-studio\wc_u_human_guardian\stages\body-costume\BW1\r001\captures\candidate_context_reversed_key.png'
02:26:09.360  render           | Saved: 'C:\Users\iputu\Documents\Wonder Chess\art-source\asset-studio\wc_u_human_guardian\stages\body-costume\BW1\r001\captures\cloth_layer_context.png'
02:39:45.485  render           | Saved: 'C:\Users\iputu\Documents\Wonder Chess\art-source\asset-studio\wc_u_human_guardian\stages\body-costume\BW1\r001\captures\technical_r002_frame_129.png'
02:39:51.750  render           | Saved: 'C:\Users\iputu\Documents\Wonder Chess\art-source\asset-studio\wc_u_human_guardian\stages\body-costume\BW1\r001\captures\technical_r002_frame_159.png'
02:42:24.219  render           | Saved: 'C:\Users\iputu\Documents\Wonder Chess\art-source\asset-studio\wc_u_human_guardian\stages\body-costume\BW1\r001\captures\r002_context_front.png'
02:42:32.000  render           | Saved: 'C:\Users\iputu\Documents\Wonder Chess\art-source\asset-studio\wc_u_human_guardian\stages\body-costume\BW1\r001\captures\r002_context_profile.png'
02:42:41.188  render           | Saved: 'C:\Users\iputu\Documents\Wonder Chess\art-source\asset-studio\wc_u_human_guardian\stages\body-costume\BW1\r001\captures\r002_context_back.png'
02:42:49.719  render           | Saved: 'C:\Users\iputu\Documents\Wonder Chess\art-source\asset-studio\wc_u_human_guardian\stages\body-costume\BW1\r001\captures\r002_context_three_quarter.png'
02:42:57.375  render           | Saved: 'C:\Users\iputu\Documents\Wonder Chess\art-source\asset-studio\wc_u_human_guardian\stages\body-costume\BW1\r001\captures\r002_context_other_three_quarter.png'
02:43:06.094  render           | Saved: 'C:\Users\iputu\Documents\Wonder Chess\art-source\asset-studio\wc_u_human_guardian\stages\body-costume\BW1\r001\captures\r002_context_reversed_key.png'
02:51:42.438  render           | Saved: 'C:\Users\iputu\Documents\Wonder Chess\art-source\asset-studio\wc_u_human_guardian\stages\body-costume\BW1\r001\captures\r003_context_front.png'
02:51:51.188  render           | Saved: 'C:\Users\iputu\Documents\Wonder Chess\art-source\asset-studio\wc_u_human_guardian\stages\body-costume\BW1\r001\captures\r003_context_profile.png'
02:51:59.563  render           | Saved: 'C:\Users\iputu\Documents\Wonder Chess\art-source\asset-studio\wc_u_human_guardian\stages\body-costume\BW1\r001\captures\r003_context_back.png'
02:52:07.438  render           | Saved: 'C:\Users\iputu\Documents\Wonder Chess\art-source\asset-studio\wc_u_human_guardian\stages\body-costume\BW1\r001\captures\r003_context_3q.png'
02:52:15.297  render           | Saved: 'C:\Users\iputu\Documents\Wonder Chess\art-source\asset-studio\wc_u_human_guardian\stages\body-costume\BW1\r001\captures\r003_context_other3q.png'
02:52:23.141  render           | Saved: 'C:\Users\iputu\Documents\Wonder Chess\art-source\asset-studio\wc_u_human_guardian\stages\body-costume\BW1\r001\captures\r003_context_reversed_key.png'
03:49:57.781  render           | Saved: 'C:\Users\iputu\Documents\Wonder Chess\art-source\asset-studio\wc_u_human_guardian\stages\body-costume\BW2\r001\captures\calibration_first_side.png'
03:53:33.485  render           | Saved: 'C:\Users\iputu\Documents\Wonder Chess\art-source\asset-studio\wc_u_human_guardian\stages\body-costume\BW2\r001\captures\frame_axes_palm.png'
03:53:40.156  render           | Saved: 'C:\Users\iputu\Documents\Wonder Chess\art-source\asset-studio\wc_u_human_guardian\stages\body-costume\BW2\r001\captures\frame_axes_side.png'
03:55:02.141  render           | Saved: 'C:\Users\iputu\Documents\Wonder Chess\art-source\asset-studio\wc_u_human_guardian\stages\body-costume\BW2\r001\captures\frame_axes_corrected_palm.png'
03:55:07.500  render           | Saved: 'C:\Users\iputu\Documents\Wonder Chess\art-source\asset-studio\wc_u_human_guardian\stages\body-costume\BW2\r001\captures\frame_axes_corrected_side.png'
03:55:13.406  render           | Saved: 'C:\Users\iputu\Documents\Wonder Chess\art-source\asset-studio\wc_u_human_guardian\stages\body-costume\BW2\r001\captures\frame_axes_corrected_back.png'
03:56:56.594  render           | Saved: 'C:\Users\iputu\Documents\Wonder Chess\art-source\asset-studio\wc_u_human_guardian\stages\body-costume\BW2\r001\captures\locked_handle_open_palm.png'
03:57:02.781  render           | Saved: 'C:\Users\iputu\Documents\Wonder Chess\art-source\asset-studio\wc_u_human_guardian\stages\body-costume\BW2\r001\captures\locked_handle_open_side.png'
03:57:09.719  render           | Saved: 'C:\Users\iputu\Documents\Wonder Chess\art-source\asset-studio\wc_u_human_guardian\stages\body-costume\BW2\r001\captures\locked_handle_open_oblique.png'
03:57:56.500  render           | Saved: 'C:\Users\iputu\Documents\Wonder Chess\art-source\asset-studio\wc_u_human_guardian\stages\body-costume\BW2\r001\captures\middle_initial_20_72_52.png'
03:59:16.235  render           | Saved: 'C:\Users\iputu\Documents\Wonder Chess\art-source\asset-studio\wc_u_human_guardian\stages\body-costume\BW2\r001\captures\middle_fitted_initial.png'
04:00:39.844  render           | Saved: 'C:\Users\iputu\Documents\Wonder Chess\art-source\asset-studio\wc_u_human_guardian\stages\body-costume\BW2\r001\captures\ring_fitted_initial.png'
04:00:51.125  render           | Saved: 'C:\Users\iputu\Documents\Wonder Chess\art-source\asset-studio\wc_u_human_guardian\stages\body-costume\BW2\r001\captures\index_fitted_initial.png'
04:01:00.703  render           | Saved: 'C:\Users\iputu\Documents\Wonder Chess\art-source\asset-studio\wc_u_human_guardian\stages\body-costume\BW2\r001\captures\little_fitted_initial.png'
04:02:32.172  render           | Saved: 'C:\Users\iputu\Documents\Wonder Chess\art-source\asset-studio\wc_u_human_guardian\stages\body-costume\BW2\r001\captures\grip_initial_palm.png'
04:02:39.375  render           | Saved: 'C:\Users\iputu\Documents\Wonder Chess\art-source\asset-studio\wc_u_human_guardian\stages\body-costume\BW2\r001\captures\grip_initial_oblique.png'
04:02:46.500  render           | Saved: 'C:\Users\iputu\Documents\Wonder Chess\art-source\asset-studio\wc_u_human_guardian\stages\body-costume\BW2\r001\captures\grip_initial_side.png'
04:02:53.969  render           | Saved: 'C:\Users\iputu\Documents\Wonder Chess\art-source\asset-studio\wc_u_human_guardian\stages\body-costume\BW2\r001\captures\grip_initial_back.png'
04:03:00.766  render           | Saved: 'C:\Users\iputu\Documents\Wonder Chess\art-source\asset-studio\wc_u_human_guardian\stages\body-costume\BW2\r001\captures\grip_initial_axial.png'
04:04:37.188  render           | Saved: 'C:\Users\iputu\Documents\Wonder Chess\art-source\asset-studio\wc_u_human_guardian\stages\body-costume\BW2\r001\captures\grip_correction1_palm.png'
04:04:43.141  render           | Saved: 'C:\Users\iputu\Documents\Wonder Chess\art-source\asset-studio\wc_u_human_guardian\stages\body-costume\BW2\r001\captures\grip_correction1_oblique.png'
04:04:48.110  render           | Saved: 'C:\Users\iputu\Documents\Wonder Chess\art-source\asset-studio\wc_u_human_guardian\stages\body-costume\BW2\r001\captures\grip_correction1_axial.png'
04:05:50.360  render           | Saved: 'C:\Users\iputu\Documents\Wonder Chess\art-source\asset-studio\wc_u_human_guardian\stages\body-costume\BW2\r001\captures\grip_correction1_cap_checked_palm.png'
04:05:55.719  render           | Saved: 'C:\Users\iputu\Documents\Wonder Chess\art-source\asset-studio\wc_u_human_guardian\stages\body-costume\BW2\r001\captures\grip_correction1_cap_checked_oblique.png'
04:06:00.469  render           | Saved: 'C:\Users\iputu\Documents\Wonder Chess\art-source\asset-studio\wc_u_human_guardian\stages\body-costume\BW2\r001\captures\grip_correction1_cap_checked_axial.png'
04:10:11.344  render           | Saved: 'C:\Users\iputu\Documents\Wonder Chess\art-source\asset-studio\wc_u_human_guardian\stages\body-costume\BW2\r001\captures\finger_correction1_palm.png'
04:10:18.281  render           | Saved: 'C:\Users\iputu\Documents\Wonder Chess\art-source\asset-studio\wc_u_human_guardian\stages\body-costume\BW2\r001\captures\finger_correction1_oblique.png'
04:10:23.860  render           | Saved: 'C:\Users\iputu\Documents\Wonder Chess\art-source\asset-studio\wc_u_human_guardian\stages\body-costume\BW2\r001\captures\finger_correction1_side.png'
04:10:29.625  render           | Saved: 'C:\Users\iputu\Documents\Wonder Chess\art-source\asset-studio\wc_u_human_guardian\stages\body-costume\BW2\r001\captures\finger_correction1_axial.png'
04:11:41.281  render           | Saved: 'C:\Users\iputu\Documents\Wonder Chess\art-source\asset-studio\wc_u_human_guardian\stages\body-costume\BW2\r001\captures\body_under_glove_palm.png'
04:11:46.938  render           | Saved: 'C:\Users\iputu\Documents\Wonder Chess\art-source\asset-studio\wc_u_human_guardian\stages\body-costume\BW2\r001\captures\body_under_glove_side.png'
04:13:22.078  render           | Saved: 'C:\Users\iputu\Documents\Wonder Chess\art-source\asset-studio\wc_u_human_guardian\stages\body-costume\BW2\r001\captures\grip_integrated_palm.png'
04:13:27.875  render           | Saved: 'C:\Users\iputu\Documents\Wonder Chess\art-source\asset-studio\wc_u_human_guardian\stages\body-costume\BW2\r001\captures\grip_integrated_side.png'
04:13:34.328  render           | Saved: 'C:\Users\iputu\Documents\Wonder Chess\art-source\asset-studio\wc_u_human_guardian\stages\body-costume\BW2\r001\captures\grip_integrated_axial.png'
04:13:40.953  render           | Saved: 'C:\Users\iputu\Documents\Wonder Chess\art-source\asset-studio\wc_u_human_guardian\stages\body-costume\BW2\r001\captures\grip_integrated_oblique.png'
04:13:46.844  render           | Saved: 'C:\Users\iputu\Documents\Wonder Chess\art-source\asset-studio\wc_u_human_guardian\stages\body-costume\BW2\r001\captures\grip_integrated_back.png'
04:24:02.281  render           | Saved: 'C:\Users\iputu\Documents\Wonder Chess\art-source\asset-studio\wc_u_human_guardian\stages\body-costume\BW2\r001\captures\integrated_thumb_side.png'
04:24:06.844  render           | Saved: 'C:\Users\iputu\Documents\Wonder Chess\art-source\asset-studio\wc_u_human_guardian\stages\body-costume\BW2\r001\captures\integrated_thumb_side_handle_hidden.png'
04:24:11.266  render           | Saved: 'C:\Users\iputu\Documents\Wonder Chess\art-source\asset-studio\wc_u_human_guardian\stages\body-costume\BW2\r001\captures\integrated_axial_handle_hidden.png'
04:26:04.406  render           | Saved: 'C:\Users\iputu\Documents\Wonder Chess\art-source\asset-studio\wc_u_human_guardian\stages\body-costume\BW2\r001\captures\grip_retained_reversed_light.png'
04:26:08.891  render           | Saved: 'C:\Users\iputu\Documents\Wonder Chess\art-source\asset-studio\wc_u_human_guardian\stages\body-costume\BW2\r001\captures\actual_posed_cage_axial.png'
04:26:13.922  render           | Saved: 'C:\Users\iputu\Documents\Wonder Chess\art-source\asset-studio\wc_u_human_guardian\stages\body-costume\BW2\r001\captures\actual_posed_cage_back.png'
05:23:34.672  render           | Saved: 'C:\Users\iputu\Documents\Wonder Chess\art-source\asset-studio\wc_u_human_guardian\stages\body-costume\BW3\r001\captures\A_thumb_f25_oblique.png'
05:25:12.938  render           | Saved: 'C:\Users\iputu\Documents\Wonder Chess\art-source\asset-studio\wc_u_human_guardian\stages\body-costume\BW3\r001\captures\A_thumb_f25_side.png'
05:26:15.281  render           | Saved: 'C:\Users\iputu\Documents\Wonder Chess\art-source\asset-studio\wc_u_human_guardian\stages\body-costume\BW3\r001\captures\A_thumb_f15_oblique.png'
05:26:21.641  render           | Saved: 'C:\Users\iputu\Documents\Wonder Chess\art-source\asset-studio\wc_u_human_guardian\stages\body-costume\BW3\r001\captures\A_thumb_f07_oblique.png'
05:26:27.985  render           | Saved: 'C:\Users\iputu\Documents\Wonder Chess\art-source\asset-studio\wc_u_human_guardian\stages\body-costume\BW3\r001\captures\BW3_open_glove_oblique.png'
05:28:22.828  render           | Saved: 'C:\Users\iputu\Documents\Wonder Chess\art-source\asset-studio\wc_u_human_guardian\stages\body-costume\BW3\r001\captures\B_thumb_f25_oblique.png'
05:28:58.563  render           | Saved: 'C:\Users\iputu\Documents\Wonder Chess\art-source\asset-studio\wc_u_human_guardian\stages\body-costume\BW3\r001\captures\B_thumb_f25_handle_hidden.png'

Queued command: execute_code
Executing handler for execute_code
Handler execution complete
Queued command: execute_code
Executing handler for execute_code
Handler execution complete
Queued command: execute_code
Executing handler for execute_code
Handler execution complete
Queued command: execute_code
Executing handler for execute_code
Handler execution complete
Queued command: execute_code
Executing handler for execute_code
Handler execution complete
Queued command: execute_code
Executing handler for execute_code
Handler execution complete
Queued command: execute_code
Executing handler for execute_code
Handler execution complete
Queued command: execute_code
Executing handler for execute_code
Handler execution complete
Queued command: execute_code
Executing handler for execute_code
Handler execution complete
Queued command: execute_code
Executing handler for execute_code
Handler execution complete
Queued command: execute_code
Executing handler for execute_code
Handler execution complete
Queued command: execute_code
Executing handler for execute_code
Handler execution complete
Queued command: execute_code
Executing handler for execute_code
Handler execution complete
Queued command: execute_code
Executing handler for execute_code
Handler execution complete
Queued command: execute_code
Executing handler for execute_code
Handler execution complete
Queued command: execute_code
Executing handler for execute_code
Handler execution complete
Queued command: execute_code
Executing handler for execute_code
Handler execution complete
Queued command: execute_code
Executing handler for execute_code
Handler execution complete
Queued command: execute_code
Executing handler for execute_code
Handler execution complete
Queued command: execute_code
Executing handler for execute_code
Handler execution complete
Queued command: execute_code
Executing handler for execute_code
Handler execution complete
Queued command: execute_code
Executing handler for execute_code
Handler execution complete
Connected to client: ('127.0.0.1', 60840)
Client handler started
Queued command: get_addon_info
Executing handler for get_addon_info
Handler execution complete
Queued command: execute_code
Executing handler for execute_code
Handler execution complete
Queued command: execute_code
Executing handler for execute_code
Handler execution complete
Queued command: execute_code
Executing handler for execute_code
Error in handler: Code execution error: CollectionChildren.link(): error with argument 1, "child" -  Function.child expected a Collection type, not Object
Client disconnected
Client handler stopped
Connected to client: ('127.0.0.1', 56661)
Client handler started
Queued command: execute_code
Executing handler for execute_code
Handler execution complete
Queued command: execute_code
Executing handler for execute_code
Handler execution complete
Queued command: execute_code
Executing handler for execute_code
Handler execution complete
Queued command: execute_code
Executing handler for execute_code
Handler execution complete
Queued command: execute_code
Executing handler for execute_code
Handler execution complete
Queued command: execute_code
Executing handler for execute_code
Handler execution complete
Queued command: execute_code
Executing handler for execute_code
Handler execution complete
Queued command: execute_code
Executing handler for execute_code
Handler execution complete
Queued command: execute_code
Executing handler for execute_code
Handler execution complete
Queued command: execute_code
Executing handler for execute_code
Handler execution complete
Connected to client: ('127.0.0.1', 53350)
Client handler started
Queued command: get_addon_info
Executing handler for get_addon_info
Handler execution complete
Queued command: execute_code
Executing handler for execute_code
Handler execution complete
Queued command: execute_code
Executing handler for execute_code
Handler execution complete
Queued command: execute_code
Executing handler for execute_code
Handler execution complete
Queued command: execute_code
Executing handler for execute_code
Handler execution complete
Queued command: execute_code
Executing handler for execute_code
Handler execution complete
Queued command: execute_code
Executing handler for execute_code
Handler execution complete
Queued command: execute_code
Executing handler for execute_code
Handler execution complete
Queued command: execute_code
Executing handler for execute_code
Handler execution complete
Queued command: execute_code
Executing handler for execute_code
Handler execution complete
Queued command: execute_code
Executing handler for execute_code
Error in handler: Code execution error: '<' not supported between instances of 'dict' and 'dict'
Client disconnected
Client handler stopped
Connected to client: ('127.0.0.1', 63880)
Client handler started
Queued command: execute_code
Executing handler for execute_code
Handler execution complete
Queued command: execute_code
Executing handler for execute_code
Handler execution complete
Queued command: execute_code
Executing handler for execute_code
Handler execution complete
Queued command: execute_code
Executing handler for execute_code
Handler execution complete
Queued command: execute_code
Executing handler for execute_code
Handler execution complete
Queued command: execute_code
Executing handler for execute_code
Handler execution complete
Error receiving data: [WinError 10054] An existing connection was forcibly closed by the remote host
Client handler stopped
Queued command: execute_code
Executing handler for execute_code
Handler execution complete
Queued command: execute_code
Executing handler for execute_code
Handler execution complete
Queued command: execute_code
Executing handler for execute_code
Handler execution complete
Queued command: execute_code
Executing handler for execute_code
Handler execution complete
Queued command: execute_code
Executing handler for execute_code
Handler execution complete
Queued command: execute_code
Executing handler for execute_code
Handler execution complete
Queued command: execute_code
Executing handler for execute_code
Handler execution complete
Queued command: execute_code
Executing handler for execute_code
Handler execution complete
Queued command: execute_code
Executing handler for execute_code
Handler execution complete
Queued command: execute_code
Executing handler for execute_code
Handler execution complete
Error receiving data: [WinError 10054] An existing connection was forcibly closed by the remote host
Client handler stopped
Connected to client: ('127.0.0.1', 60453)
Client handler started
Queued command: get_addon_info
Executing handler for get_addon_info
Handler execution complete
Queued command: execute_code
Executing handler for execute_code
Handler execution complete
Queued command: execute_code
Executing handler for execute_code
Handler execution complete
Queued command: execute_code
Executing handler for execute_code
Handler execution complete
Queued command: execute_code
Executing handler for execute_code
Handler execution complete
Queued command: execute_code
Executing handler for execute_code
Error in handler: Code execution error: mathutils.Matrix(): expects no args or a single arg containing 2-4 numeric sequences
Client disconnected
Client handler stopped
Connected to client: ('127.0.0.1', 64144)
Client handler started
Queued command: execute_code
Executing handler for execute_code
Handler execution complete
Queued command: execute_code
Executing handler for execute_code
Handler execution complete
Queued command: execute_code
Executing handler for execute_code
Handler execution complete
Queued command: execute_code
Executing handler for execute_code
Handler execution complete
Queued command: execute_code
Executing handler for execute_code
Handler execution complete
Queued command: execute_code
Executing handler for execute_code
Handler execution complete
Queued command: execute_code
Executing handler for execute_code05:33:52.594  render           | Saved: 'C:\Users\iputu\Documents\Wonder Chess\art-source\asset-studio\wc_u_human_guardian\stages\body-costume\BW3\r001\captures\C_thumb_f25_oblique.png'
05:34:52.578  render           | Saved: 'C:\Users\iputu\Documents\Wonder Chess\art-source\asset-studio\wc_u_human_guardian\stages\body-costume\BW3\r001\captures\C_thumb_f25_handle_hidden.png'
05:34:58.453  render           | Saved: 'C:\Users\iputu\Documents\Wonder Chess\art-source\asset-studio\wc_u_human_guardian\stages\body-costume\BW3\r001\captures\C_thumb_f25_axial_hidden.png'
