00:10.657  blend            | Read blend: "C:\Users\iputu\Documents\Wonder Chess\art-source\heroes\wc_u_human_guardian\wc_u_human_guardian.blend"
00:12.672  blend            | Writing user preferences: "C:\Users\iputu\AppData\Roaming\Blender Foundation\Blender\5.1\config\userpref.blend" 
Reloading external rigs...
Reloading external metarigs...
Server thread started
BlenderMCP server started on localhost:9876
BlenderMCP addon registered
Info: Preferences saved
WONDER_CHESS_MCP_READY {"file": "C:\\Users\\iputu\\Documents\\Wonder Chess\\art-source\\heroes\\wc_u_human_guardian\\wc_u_human_guardian.blend", "blender": "5.1.1", "objects": 12, "port": 9876, "telemetry_consent": false, "running": true}
01:54:56.625  blend            | Saved session recovery to "C:\Users\iputu\AppData\Local\Temp\quit.blend"
01:54:56.672  blend            | Writing user preferences: "C:\Users\iputu\AppData\Roaming\Blender Foundation\Blender\5.1\config\userpref.blend" 
01:54:56.688  reports          | Preferences saved
Connected to client: ('127.0.0.1', 63263)
Client handler started
Queued command: get_addon_info
Executing handler for get_addon_info
Handler execution complete
Queued command: get_addon_info
Executing handler for get_addon_info
Handler execution complete
Connected to client: ('127.0.0.1', 63264)
Client handler started
Queued command: get_addon_info
Executing handler for get_addon_info
Handler execution complete
Queued command: get_telemetry_consent
Executing handler for get_telemetry_consent
Handler execution complete
Queued command: execute_code
Executing handler for execute_code
Handler execution complete
Queued command: get_viewport_screenshot
Executing handler for get_viewport_screenshot
Handler execution complete
Client disconnected
Client handler stopped
Client disconnected
Client handler stopped
Connected to client: ('127.0.0.1', 63285)
Client handler started
Queued command: get_addon_info
Executing handler for get_addon_info
Handler execution complete
Queued command: get_addon_info
Executing handler for get_addon_info
Handler execution complete
Connected to client: ('127.0.0.1', 63286)
Client handler started
Queued command: get_addon_info
Executing handler for get_addon_info
Handler execution complete
Queued command: get_telemetry_consent
Executing handler for get_telemetry_consent
Handler execution complete
Queued command: get_scene_info
Executing handler for get_scene_info
Getting scene info...
Scene info collected: 10 objects
Handler execution complete
Queued command: get_object_info
Executing handler for get_object_info
Handler execution complete
Queued command: execute_code
Executing handler for execute_code
Handler execution complete
Queued command: get_viewport_screenshot
Executing handler for get_viewport_screenshot
Handler execution complete
Client disconnected
Client handler stopped
Client disconnected
Client handler stopped
Repository data: C:\Users\iputu\AppData\Roaming\Blender Foundation\Blender\5.1\extensions\blender_org not found, sync required!
Connected to client: ('127.0.0.1', 54233)
Client handler started
Queued command: get_addon_info
Executing handler for get_addon_info
Handler execution complete
Queued command: get_addon_info
Executing handler for get_addon_info
Handler execution complete
Connected to client: ('127.0.0.1', 54234)
Client handler started
Queued command: get_addon_info
Executing handler for get_addon_info
Handler execution complete
Queued command: get_telemetry_consent
Executing handler for get_telemetry_consent
Handler execution complete
Queued command: get_scene_info
Executing handler for get_scene_info
Getting scene info...
Scene info collected: 10 objects
Handler execution complete
Queued command: get_object_info
Executing handler for get_object_info
Handler execution complete
Queued command: execute_code
Executing handler for execute_code
Handler execution complete
Queued command: get_viewport_screenshot
Executing handler for get_viewport_screenshot
Handler execution complete
Client disconnected
Client handler stopped
Client disconnected
Client handler stopped
Connected to client: ('127.0.0.1', 58991)
Client handler started
Queued command: get_addon_info
Executing handler for get_addon_info
Handler execution complete
Queued command: execute_code
Executing handler for execute_code
Handler execution complete
Connected to client: ('127.0.0.1', 58992)
Client handler started
Queued command: get_addon_info
Executing handler for get_addon_info
Handler execution complete
Queued command: get_telemetry_consent
Executing handler for get_telemetry_consent
Handler execution complete
Client disconnected
Client handler stopped
Client disconnected
Client handler stopped
Error accepting connection: [WinError 10038] An operation was attempted on something that is not a socket
Server thread stopped
BlenderMCP server stopped
BlenderMCP addon unregistered

Blender quit
