00:05.172  blend            | Read blend: "C:\Users\iputu\Documents\Wonder Chess\art-source\asset-studio\wc_u_human_guardian\stages\method-recovery\MR1\r001\ada_method_proof_work.blend"
Server thread started
BlenderMCP server started on localhost:9876
BlenderMCP addon registered
WONDER_CHESS_MCP_READY {"file": "C:\\Users\\iputu\\Documents\\Wonder Chess\\art-source\\asset-studio\\wc_u_human_guardian\\stages\\method-recovery\\MR1\\r001\\ada_method_proof_work.blend", "blender": "5.1.1", "objects": 106, "port": 9876, "telemetry_consent": false, "preferences_auto_save": false, "running": true}
02:56.860  render           | Saved: 'C:\Users\iputu\Documents\Wonder Chess\art-source\asset-studio\wc_u_human_guardian\stages\method-recovery\MR1\r001\captures\face_initial_front.png'
03:00.469  render           | Saved: 'C:\Users\iputu\Documents\Wonder Chess\art-source\asset-studio\wc_u_human_guardian\stages\method-recovery\MR1\r001\captures\face_initial_profile.png'
03:06.500  render           | Saved: 'C:\Users\iputu\Documents\Wonder Chess\art-source\asset-studio\wc_u_human_guardian\stages\method-recovery\MR1\r001\captures\face_initial_three_quarter.png'
03:10.657  render           | Saved: 'C:\Users\iputu\Documents\Wonder Chess\art-source\asset-studio\wc_u_human_guardian\stages\method-recovery\MR1\r001\captures\face_initial_opposite.png'
04:43.922  render           | Saved: 'C:\Users\iputu\Documents\Wonder Chess\art-source\asset-studio\wc_u_human_guardian\stages\method-recovery\MR1\r001\captures\face_calibrated_three_quarter.png'
05:57.407  render           | Saved: 'C:\Users\iputu\Documents\Wonder Chess\art-source\asset-studio\wc_u_human_guardian\stages\method-recovery\MR1\r001\captures\face_r001_gaze_front.png'
06:02.094  render           | Saved: 'C:\Users\iputu\Documents\Wonder Chess\art-source\asset-studio\wc_u_human_guardian\stages\method-recovery\MR1\r001\captures\face_r001_clay_front.png'
06:08.110  render           | Saved: 'C:\Users\iputu\Documents\Wonder Chess\art-source\asset-studio\wc_u_human_guardian\stages\method-recovery\MR1\r001\captures\face_baseline_clay_front.png'
06:12.688  render           | Saved: 'C:\Users\iputu\Documents\Wonder Chess\art-source\asset-studio\wc_u_human_guardian\stages\method-recovery\MR1\r001\captures\face_r001_gaze_profile.png'
06:16.641  render           | Saved: 'C:\Users\iputu\Documents\Wonder Chess\art-source\asset-studio\wc_u_human_guardian\stages\method-recovery\MR1\r001\captures\face_r001_clay_profile.png'
06:21.469  render           | Saved: 'C:\Users\iputu\Documents\Wonder Chess\art-source\asset-studio\wc_u_human_guardian\stages\method-recovery\MR1\r001\captures\face_baseline_clay_profile.png'
06:27.375  render           | Saved: 'C:\Users\iputu\Documents\Wonder Chess\art-source\asset-studio\wc_u_human_guardian\stages\method-recovery\MR1\r001\captures\face_r001_gaze_three_quarter.png'
06:32.485  render           | Saved: 'C:\Users\iputu\Documents\Wonder Chess\art-source\asset-studio\wc_u_human_guardian\stages\method-recovery\MR1\r001\captures\face_r001_clay_three_quarter.png'
06:38.907  render           | Saved: 'C:\Users\iputu\Documents\Wonder Chess\art-source\asset-studio\wc_u_human_guardian\stages\method-recovery\MR1\r001\captures\face_baseline_clay_three_quarter.png'
06:43.063  render           | Saved: 'C:\Users\iputu\Documents\Wonder Chess\art-source\asset-studio\wc_u_human_guardian\stages\method-recovery\MR1\r001\captures\face_r001_gaze_opposite.png'
06:47.141  render           | Saved: 'C:\Users\iputu\Documents\Wonder Chess\art-source\asset-studio\wc_u_human_guardian\stages\method-recovery\MR1\r001\captures\face_r001_clay_opposite.png'
06:53.203  render           | Saved: 'C:\Users\iputu\Documents\Wonder Chess\art-source\asset-studio\wc_u_human_guardian\stages\method-recovery\MR1\r001\captures\face_baseline_clay_opposite.png'
06:58.328  render           | Saved: 'C:\Users\iputu\Documents\Wonder Chess\art-source\asset-studio\wc_u_human_guardian\stages\method-recovery\MR1\r001\captures\face_r001_opening_three_quarter.png'
07:03.844  render           | Saved: 'C:\Users\iputu\Documents\Wonder Chess\art-source\asset-studio\wc_u_human_guardian\stages\method-recovery\MR1\r001\captures\face_r001_cage_three_quarter.png'
07:09.344  render           | Saved: 'C:\Users\iputu\Documents\Wonder Chess\art-source\asset-studio\wc_u_human_guardian\stages\method-recovery\MR1\r001\captures\face_r001_cage_surface_three_quarter.png'
07:14.328  render           | Saved: 'C:\Users\iputu\Documents\Wonder Chess\art-source\asset-studio\wc_u_human_guardian\stages\method-recovery\MR1\r001\captures\face_r001_reverse_front.png'
07:20.657  render           | Saved: 'C:\Users\iputu\Documents\Wonder Chess\art-source\asset-studio\wc_u_human_guardian\stages\method-recovery\MR1\r001\captures\face_baseline_reverse_front.png'
07:26.266  render           | Saved: 'C:\Users\iputu\Documents\Wonder Chess\art-source\asset-studio\wc_u_human_guardian\stages\method-recovery\MR1\r001\captures\face_r001_reverse_three_quarter.png'
07:33.485  render           | Saved: 'C:\Users\iputu\Documents\Wonder Chess\art-source\asset-studio\wc_u_human_guardian\stages\method-recovery\MR1\r001\captures\face_baseline_reverse_three_quarter.png'
10:06.078  render           | Saved: 'C:\Users\iputu\Documents\Wonder Chess\art-source\asset-studio\wc_u_human_guardian\stages\method-recovery\MR1\r001\captures\face_r002_gaze_front.png'
10:11.282  render           | Saved: 'C:\Users\iputu\Documents\Wonder Chess\art-source\asset-studio\wc_u_human_guardian\stages\method-recovery\MR1\r001\captures\face_r002_gaze_three_quarter.png'
10:15.235  render           | Saved: 'C:\Users\iputu\Documents\Wonder Chess\art-source\asset-studio\wc_u_human_guardian\stages\method-recovery\MR1\r001\captures\face_r002_gaze_opposite.png'
10:20.438  render           | Saved: 'C:\Users\iputu\Documents\Wonder Chess\art-source\asset-studio\wc_u_human_guardian\stages\method-recovery\MR1\r001\captures\face_r002_cage_three_quarter.png'
12:18.860  render           | Saved: 'C:\Users\iputu\Documents\Wonder Chess\art-source\asset-studio\wc_u_human_guardian\stages\method-recovery\MR1\r001\captures\face_final_gaze_front.png'
12:22.969  render           | Saved: 'C:\Users\iputu\Documents\Wonder Chess\art-source\asset-studio\wc_u_human_guardian\stages\method-recovery\MR1\r001\captures\face_final_gaze_profile.png'
12:27.532  render           | Saved: 'C:\Users\iputu\Documents\Wonder Chess\art-source\asset-studio\wc_u_human_guardian\stages\method-recovery\MR1\r001\captures\face_final_gaze_three_quarter.png'
12:31.235  render           | Saved: 'C:\Users\iputu\Documents\Wonder Chess\art-source\asset-studio\wc_u_human_guardian\stages\method-recovery\MR1\r001\captures\face_final_gaze_opposite.png'
13:31.922  render           | Saved: 'C:\Users\iputu\Documents\Wonder Chess\art-source\asset-studio\wc_u_human_guardian\stages\method-recovery\MR1\r001\captures\face_final_clay_front.png'
13:35.969  render           | Saved: 'C:\Users\iputu\Documents\Wonder Chess\art-source\asset-studio\wc_u_human_guardian\stages\method-recovery\MR1\r001\captures\face_final_clay_profile.png'
13:40.672  render           | Saved: 'C:\Users\iputu\Documents\Wonder Chess\art-source\asset-studio\wc_u_human_guardian\stages\method-recovery\MR1\r001\captures\face_final_clay_three_quarter.png'
13:44.532  render           | Saved: 'C:\Users\iputu\Documents\Wonder Chess\art-source\asset-studio\wc_u_human_guardian\stages\method-recovery\MR1\r001\captures\face_final_clay_opposite.png'
13:49.297  render           | Saved: 'C:\Users\iputu\Documents\Wonder Chess\art-source\asset-studio\wc_u_human_guardian\stages\method-recovery\MR1\r001\captures\face_final_opening_three_quarter.png'
13:54.391  render           | Saved: 'C:\Users\iputu\Documents\Wonder Chess\art-source\asset-studio\wc_u_human_guardian\stages\method-recovery\MR1\r001\captures\face_final_cage_three_quarter.png'
13:59.641  render           | Saved: 'C:\Users\iputu\Documents\Wonder Chess\art-source\asset-studio\wc_u_human_guardian\stages\method-recovery\MR1\r001\captures\face_final_cage_surface_three_quarter.png'
14:04.469  render           | Saved: 'C:\Users\iputu\Documents\Wonder Chess\art-source\asset-studio\wc_u_human_guardian\stages\method-recovery\MR1\r001\captures\face_final_reverse_front.png'
14:09.766  render           | Saved: 'C:\Users\iputu\Documents\Wonder Chess\art-source\asset-studio\wc_u_human_guardian\stages\method-recovery\MR1\r001\captures\face_final_reverse_three_quarter.png'
21:46.578  render           | Saved: 'C:\Users\iputu\Documents\Wonder Chess\art-source\asset-studio\wc_u_human_guardian\stages\method-recovery\MR1\r001\captures\hair_r001_clay_front.png'
21:51.094  render           | Saved: 'C:\Users\iputu\Documents\Wonder Chess\art-source\asset-studio\wc_u_human_guardian\stages\method-recovery\MR1\r001\captures\hair_r001_clay_profile.png'
21:55.625  render           | Saved: 'C:\Users\iputu\Documents\Wonder Chess\art-source\asset-studio\wc_u_human_guardian\stages\method-recovery\MR1\r001\captures\hair_r001_clay_three_quarter.png'
21:59.750  render           | Saved: 'C:\Users\iputu\Documents\Wonder Chess\art-source\asset-studio\wc_u_human_guardian\stages\method-recovery\MR1\r001\captures\hair_r001_clay_rear.png'
22:04.032  render           | Saved: 'C:\Users\iputu\Documents\Wonder Chess\art-source\asset-studio\wc_u_human_guardian\stages\method-recovery\MR1\r001\captures\hair_r001_clay_top.png'
22:10.188  render           | Saved: 'C:\Users\iputu\Documents\Wonder Chess\art-source\asset-studio\wc_u_human_guardian\stages\method-recovery\MR1\r001\captures\hair_r001_clay_root.png'
24:00.141  render           | Saved: 'C:\Users\iputu\Documents\Wonder Chess\art-source\asset-studio\wc_u_human_guardian\stages\method-recovery\MR1\r001\captures\hair_baseline_clay_front.png'
24:05.735  render           | Saved: 'C:\Users\iputu\Documents\Wonder Chess\art-source\asset-studio\wc_u_human_guardian\stages\method-recovery\MR1\r001\captures\hair_baseline_clay_profile.png'
24:11.516  render           | Saved: 'C:\Users\iputu\Documents\Wonder Chess\art-source\asset-studio\wc_u_human_guardian\stages\method-recovery\MR1\r001\captures\hair_baseline_clay_three_quarter.png'
24:16.969  render           | Saved: 'C:\Users\iputu\Documents\Wonder Chess\art-source\asset-studio\wc_u_human_guardian\stages\method-recovery\MR1\r001\captures\hair_baseline_clay_rear.png'
24:23.000  render           | Saved: 'C:\Users\iputu\Documents\Wonder Chess\art-source\asset-studio\wc_u_human_guardian\stages\method-recovery\MR1\r001\captures\hair_baseline_clay_top.png'
24:30.500  render           | Saved: 'C:\Users\iputu\Documents\Wonder Chess\art-source\asset-studio\wc_u_human_guardian\stages\method-recovery\MR1\r001\captures\hair_baseline_clay_root.png'
24:35.500  render           | Saved: 'C:\Users\iputu\Documents\Wonder Chess\art-source\asset-studio\wc_u_human_guardian\stages\method-recovery\MR1\r001\captures\hair_r001_cage_three_quarter.png'
24:40.266  render           | Saved: 'C:\Users\iputu\Documents\Wonder Chess\art-source\asset-studio\wc_u_human_guardian\stages\method-recovery\MR1\r001\captures\hair_r001_cage_top.png'
24:44.016  render           | Saved: 'C:\Users\iputu\Documents\Wonder Chess\art-source\asset-studio\wc_u_human_guardian\stages\method-recovery\MR1\r001\captures\hair_r001_isolated_three_quarter.png'
24:47.750  render           | Saved: 'C:\Users\iputu\Documents\Wonder Chess\art-source\asset-studio\wc_u_human_guardian\stages\method-recovery\MR1\r001\captures\hair_r001_isolated_top.png'
24:51.547  render           | Saved: 'C:\Users\iputu\Documents\Wonder Chess\art-source\asset-studio\wc_u_human_guardian\stages\method-recovery\MR1\r001\captures\hair_r001_cross_section.png'
28:23.953  render           | Saved: 'C:\Users\iputu\Documents\Wonder Chess\art-source\asset-studio\wc_u_human_guardian\stages\method-recovery\MR1\r001\captures\hair_r002_clay_front.png'
28:28.391  render           | Saved: 'C:\Users\iputu\Documents\Wonder Chess\art-source\asset-studio\wc_u_human_guardian\stages\method-recovery\MR1\r001\captures\hair_r002_clay_profile.png'
28:32.875  render           | Saved: 'C:\Users\iputu\Documents\Wonder Chess\art-source\asset-studio\wc_u_human_guardian\stages\method-recovery\MR1\r001\captures\hair_r002_clay_three_quarter.png'
28:37.032  render           | Saved: 'C:\Users\iputu\Documents\Wonder Chess\art-source\asset-studio\wc_u_human_guardian\stages\method-recovery\MR1\r001\captures\hair_r002_clay_rear.png'
28:41.703  render           | Saved: 'C:\Users\iputu\Documents\Wonder Chess\art-source\asset-studio\wc_u_human_guardian\stages\method-recovery\MR1\r001\captures\hair_r002_clay_top.png'
28:48.328  render           | Saved: 'C:\Users\iputu\Documents\Wonder Chess\art-source\asset-studio\wc_u_human_guardian\stages\method-recovery\MR1\r001\captures\hair_r002_clay_root.png'
30:22.032  render           | Saved: 'C:\Users\iputu\Documents\Wonder Chess\art-source\asset-studio\wc_u_human_guardian\stages\method-recovery\MR1\r001\captures\hair_r002_cage_three_quarter.png'
35:14.532  render           | Saved: 'C:\Users\iputu\Documents\Wonder Chess\art-source\asset-studio\wc_u_human_guardian\stages\method-recovery\MR1\r001\captures\context_assembly_initial_front.png'
35:21.078  render           | Saved: 'C:\Users\iputu\Documents\Wonder Chess\art-source\asset-studio\wc_u_human_guardian\stages\method-recovery\MR1\r001\captures\context_assembly_initial_three_quarter.png'
35:26.985  render           | Saved: 'C:\Users\iputu\Documents\Wonder Chess\art-source\asset-studio\wc_u_human_guardian\stages\method-recovery\MR1\r001\captures\context_assembly_initial_profile.png'
38:29.422  render           | Saved: 'C:\Users\iputu\Documents\Wonder Chess\art-source\asset-studio\wc_u_human_guardian\stages\method-recovery\MR1\r001\captures\context_joined_r001_front.png'
38:34.438  render           | Saved: 'C:\Users\iputu\Documents\Wonder Chess\art-source\asset-studio\wc_u_human_guardian\stages\method-recovery\MR1\r001\captures\context_joined_r001_three_quarter.png'
38:39.407  render           | Saved: 'C:\Users\iputu\Documents\Wonder Chess\art-source\asset-studio\wc_u_human_guardian\stages\method-recovery\MR1\r001\captures\context_joined_r001_profile.png'
41:51.157  render           | Saved: 'C:\Users\iputu\Documents\Wonder Chess\art-source\asset-studio\wc_u_human_guardian\stages\method-recovery\MR1\r001\captures\context_primary_r001_clay_front.png'
41:57.219  render           | Saved: 'C:\Users\iputu\Documents\Wonder Chess\art-source\asset-studio\wc_u_human_guardian\stages\method-recovery\MR1\r001\captures\context_primary_r001_clay_three_quarter.png'
42:03.297  render           | Saved: 'C:\Users\iputu\Documents\Wonder Chess\art-source\asset-studio\wc_u_human_guardian\stages\method-recovery\MR1\r001\captures\context_primary_r001_clay_profile.png'
42:09.203  render           | Saved: 'C:\Users\iputu\Documents\Wonder Chess\art-source\asset-studio\wc_u_human_guardian\stages\method-recovery\MR1\r001\captures\context_primary_r001_clay_opposite.png'
42:14.282  render           | Saved: 'C:\Users\iputu\Documents\Wonder Chess\art-source\asset-studio\wc_u_human_guardian\stages\method-recovery\MR1\r001\captures\context_primary_r001_clay_rear.png'
42:20.766  render           | Saved: 'C:\Users\iputu\Documents\Wonder Chess\art-source\asset-studio\wc_u_human_guardian\stages\method-recovery\MR1\r001\captures\context_primary_r001_clay_top.png'
45:34.469  render           | Saved: 'C:\Users\iputu\Documents\Wonder Chess\art-source\asset-studio\wc_u_human_guardian\stages\method-recovery\MR1\r001\captures\context_baseline_clay_front.png'
45:41.110  render           | Saved: 'C:\Users\iputu\Documents\Wonder Chess\art-source\asset-studio\wc_u_human_guardian\stages\method-recovery\MR1\r001\captures\context_baseline_clay_profile.png'
45:47.438  render           | Saved: 'C:\Users\iputu\Documents\Wonder Chess\art-source\asset-studio\wc_u_human_guardian\stages\method-recovery\MR1\r001\captures\context_baseline_clay_three_quarter.png'
45:53.813  render           | Saved: 'C:\Users\iputu\Documents\Wonder Chess\art-source\asset-studio\wc_u_human_guardian\stages\method-recovery\MR1\r001\captures\context_baseline_clay_opposite.png'
45:59.578  render           | Saved: 'C:\Users\iputu\Documents\Wonder Chess\art-source\asset-studio\wc_u_human_guardian\stages\method-recovery\MR1\r001\captures\context_baseline_clay_rear.png'
46:07.219  render           | Saved: 'C:\Users\iputu\Documents\Wonder Chess\art-source\asset-studio\wc_u_human_guardian\stages\method-recovery\MR1\r001\captures\context_baseline_clay_top.png'
47:10.985  render           | Saved: 'C:\Users\iputu\Documents\Wonder Chess\art-source\asset-studio\wc_u_human_guardian\stages\method-recovery\MR1\r001\captures\context_final_gaze_front.png'
47:16.907  render           | Saved: 'C:\Users\iputu\Documents\Wonder Chess\art-source\asset-studio\wc_u_human_guardian\stages\method-recovery\MR1\r001\captures\context_final_gaze_profile.png'
47:23.203  render           | Saved: 'C:\Users\iputu\Documents\Wonder Chess\art-source\asset-studio\wc_u_human_guardian\stages\method-recovery\MR1\r001\captures\context_final_gaze_three_quarter.png'
47:29.297  render           | Saved: 'C:\Users\iputu\Documents\Wonder Chess\art-source\asset-studio\wc_u_human_guardian\stages\method-recovery\MR1\r001\captures\context_final_gaze_opposite.png'
47:36.782  render           | Saved: 'C:\Users\iputu\Documents\Wonder Chess\art-source\asset-studio\wc_u_human_guardian\stages\method-recovery\MR1\r001\captures\context_source_cage_three_quarter.png'
47:43.813  render           | Saved: 'C:\Users\iputu\Documents\Wonder Chess\art-source\asset-studio\wc_u_human_guardian\stages\method-recovery\MR1\r001\captures\context_join_wire_three_quarter.png'
48:36.438  render           | Saved: 'C:\Users\iputu\Documents\Wonder Chess\art-source\asset-studio\wc_u_human_guardian\stages\method-recovery\MR1\r001\captures\context_baseline_reverse_front.png'
48:43.344  render           | Saved: 'C:\Users\iputu\Documents\Wonder Chess\art-source\asset-studio\wc_u_human_guardian\stages\method-recovery\MR1\r001\captures\context_baseline_reverse_three_quarter.png'
48:49.407  render           | Saved: 'C:\Users\iputu\Documents\Wonder Chess\art-source\asset-studio\wc_u_human_guardian\stages\method-recovery\MR1\r001\captures\context_final_reverse_front.png'
48:55.672  render           | Saved: 'C:\Users\iputu\Documents\Wonder Chess\art-source\asset-studio\wc_u_human_guardian\stages\method-recovery\MR1\r001\captures\context_final_reverse_three_quarter.png'
54:15.828  render           | Saved: 'C:\Users\iputu\Documents\Wonder Chess\art-source\asset-studio\wc_u_human_guardian\stages\method-recovery\MR1\r001\captures\context_baseline_bust_three_quarter.png'
54:22.157  render           | Saved: 'C:\Users\iputu\Documents\Wonder Chess\art-source\asset-studio\wc_u_human_guardian\stages\method-recovery\MR1\r001\captures\context_final_bust_three_quarter.png'
54:28.953  render           | Saved: 'C:\Users\iputu\Documents\Wonder Chess\art-source\asset-studio\wc_u_human_guardian\stages\method-recovery\MR1\r001\captures\context_baseline_bust_rear.png'
54:35.922  render           | Saved: 'C:\Users\iputu\Documents\Wonder Chess\art-source\asset-studio\wc_u_human_guardian\stages\method-recovery\MR1\r001\captures\context_final_bust_rear.png'
01:21:34.422  render           | Saved: 'C:\Users\iputu\Documents\Wonder Chess\art-source\asset-studio\wc_u_human_guardian\stages\features-head\FH1\r001\captures\nose_initial_front.png'
01:21:36.797  render           | Saved: 'C:\Users\iputu\Documents\Wonder Chess\art-source\asset-studio\wc_u_human_guardian\stages\features-head\FH1\r001\captures\nose_initial_profile.png'
01:21:39.953  render           | Saved: 'C:\Users\iputu\Documents\Wonder Chess\art-source\asset-studio\wc_u_human_guardian\stages\features-head\FH1\r001\captures\nose_initial_three_quarter.png'
01:21:43.500  render           | Saved: 'C:\Users\iputu\Documents\Wonder Chess\art-source\asset-studio\wc_u_human_guardian\stages\features-head\FH1\r001\captures\nose_initial_underside.png'
01:23:50.657  render           | Saved: 'C:\Users\iputu\Documents\Wonder Chess\art-source\asset-studio\wc_u_human_guardian\stages\features-head\FH1\r001\captures\mouth_initial_front.png'
01:23:52.922  render           | Saved: 'C:\Users\iputu\Documents\Wonder Chess\art-source\asset-studio\wc_u_human_guardian\stages\features-head\FH1\r001\captures\mouth_initial_profile.png'
01:23:55.547  render           | Saved: 'C:\Users\iputu\Documents\Wonder Chess\art-source\asset-studio\wc_u_human_guardian\stages\features-head\FH1\r001\captures\mouth_initial_three_quarter.png'
01:24:48.907  render           | Saved: 'C:\Users\iputu\Documents\Wonder Chess\art-source\asset-studio\wc_u_human_guardian\stages\features-head\FH1\r001\captures\ear_initial_front.png'
01:24:52.016  render           | Saved: 'C:\Users\iputu\Documents\Wonder Chess\art-source\asset-studio\wc_u_human_guardian\stages\features-head\FH1\r001\captures\ear_initial_profile.png'
01:24:55.500  render           | Saved: 'C:\Users\iputu\Documents\Wonder Chess\art-source\asset-studio\wc_u_human_guardian\stages\features-head\FH1\r001\captures\ear_initial_three_quarter.png'
01:24:58.953  render           | Saved: 'C:\Users\iputu\Documents\Wonder Chess\art-source\asset-studio\wc_u_human_guardian\stages\features-head\FH1\r001\captures\ear_initial_underside.png'
01:26:55.563  render           | Saved: 'C:\Users\iputu\Documents\Wonder Chess\art-source\asset-studio\wc_u_human_guardian\stages\features-head\FH1\r001\captures\nose_r002_front.png'
01:26:58.547  render           | Saved: 'C:\Users\iputu\Documents\Wonder Chess\art-source\asset-studio\wc_u_human_guardian\stages\features-head\FH1\r001\captures\nose_r002_profile.png'
01:27:02.000  render           | Saved: 'C:\Users\iputu\Documents\Wonder Chess\art-source\asset-studio\wc_u_human_guardian\stages\features-head\FH1\r001\captures\nose_r002_three_quarter.png'
01:27:05.266  render           | Saved: 'C:\Users\iputu\Documents\Wonder Chess\art-source\asset-studio\wc_u_human_guardian\stages\features-head\FH1\r001\captures\nose_r002_underside.png'
01:27:09.438  render           | Saved: 'C:\Users\iputu\Documents\Wonder Chess\art-source\asset-studio\wc_u_human_guardian\stages\features-head\FH1\r001\captures\mouth_r002_front.png'
01:27:12.578  render           | Saved: 'C:\Users\iputu\Documents\Wonder Chess\art-source\asset-studio\wc_u_human_guardian\stages\features-head\FH1\r001\captures\mouth_r002_profile.png'
01:27:15.969  render           | Saved: 'C:\Users\iputu\Documents\Wonder Chess\art-source\asset-studio\wc_u_human_guardian\stages\features-head\FH1\r001\captures\mouth_r002_three_quarter.png'
01:29:30.078  render           | Saved: 'C:\Users\iputu\Documents\Wonder Chess\art-source\asset-studio\wc_u_human_guardian\stages\features-head\FH1\r001\captures\head_shape_initial_front.png'
01:29:34.157  render           | Saved: 'C:\Users\iputu\Documents\Wonder Chess\art-source\asset-studio\wc_u_human_guardian\stages\features-head\FH1\r001\captures\head_shape_initial_profile.png'
01:29:38.328  render           | Saved: 'C:\Users\iputu\Documents\Wonder Chess\art-source\asset-studio\wc_u_human_guardian\stages\features-head\FH1\r001\captures\head_shape_initial_three_quarter.png'
01:31:10.250  render           | Saved: 'C:\Users\iputu\Documents\Wonder Chess\art-source\asset-studio\wc_u_human_guardian\stages\features-head\FH1\r001\captures\ear_r002_front.png'
01:31:12.625  render           | Saved: 'C:\Users\iputu\Documents\Wonder Chess\art-source\asset-studio\wc_u_human_guardian\stages\features-head\FH1\r001\captures\ear_r002_profile.png'
01:31:15.313  render           | Saved: 'C:\Users\iputu\Documents\Wonder Chess\art-source\asset-studio\wc_u_human_guardian\stages\features-head\FH1\r001\captures\ear_r002_three_quarter.png'
01:31:18.594  render           | Saved: 'C:\Users\iputu\Documents\Wonder Chess\art-source\asset-studio\wc_u_human_guardian\stages\features-head\FH1\r001\captures\ear_r002_underside.png'
01:33:30.094  render           | Saved: 'C:\Users\iputu\Documents\Wonder Chess\art-source\asset-studio\wc_u_human_guardian\stages\features-head\FH1\r001\captures\combined_initial_front.png'
01:33:33.391  render           | Saved: 'C:\Users\iputu\Documents\Wonder Chess\art-source\asset-studio\wc_u_human_guardian\stages\features-head\FH1\r001\captures\combined_initial_profile.png'
01:33:36.594  render           | Saved: 'C:\Users\iputu\Documents\Wonder Chess\art-source\asset-studio\wc_u_human_guardian\stages\features-head\FH1\r001\captures\combined_initial_three_quarter.png'
01:33:39.985  render           | Saved: 'C:\Users\iputu\Documents\Wonder Chess\art-source\asset-studio\wc_u_human_guardian\stages\features-head\FH1\r001\captures\combined_initial_underside.png'
01:38:08.610  render           | Saved: 'C:\Users\iputu\Documents\Wonder Chess\art-source\asset-studio\wc_u_human_guardian\stages\features-head\FH1\r001\captures\combined_r002_front.png'
01:38:11.453  render           | Saved: 'C:\Users\iputu\Documents\Wonder Chess\art-source\asset-studio\wc_u_human_guardian\stages\features-head\FH1\r001\captures\combined_r002_profile.png'
01:38:14.297  render           | Saved: 'C:\Users\iputu\Documents\Wonder Chess\art-source\asset-studio\wc_u_human_guardian\stages\features-head\FH1\r001\captures\combined_r002_three_quarter.png'
01:38:17.266  render           | Saved: 'C:\Users\iputu\Documents\Wonder Chess\art-source\asset-studio\wc_u_human_guardian\stages\features-head\FH1\r001\captures\combined_r002_underside.png'
01:41:25.532  render           | Saved: 'C:\Users\iputu\Documents\Wonder Chess\art-source\asset-studio\wc_u_human_guardian\stages\features-head\FH1\r001\captures\combined_r003_front.png'
01:41:28.938  render           | Saved: 'C:\Users\iputu\Documents\Wonder Chess\art-source\asset-studio\wc_u_human_guardian\stages\features-head\FH1\r001\captures\combined_r003_profile.png'
01:41:32.922  render           | Saved: 'C:\Users\iputu\Documents\Wonder Chess\art-source\asset-studio\wc_u_human_guardian\stages\features-head\FH1\r001\captures\combined_r003_three_quarter.png'
01:41:36.922  render           | Saved: 'C:\Users\iputu\Documents\Wonder Chess\art-source\asset-studio\wc_u_human_guardian\stages\features-head\FH1\r001\captures\combined_r003_underside.png'
01:44:12.141  render           | Saved: 'C:\Users\iputu\Documents\Wonder Chess\art-source\asset-studio\wc_u_human_guardian\stages\features-head\FH1\r001\captures\combined_r004_front.png'
01:44:15.328  render           | Saved: 'C:\Users\iputu\Documents\Wonder Chess\art-source\asset-studio\wc_u_human_guardian\stages\features-head\FH1\r001\captures\combined_r004_profile.png'
01:44:18.610  render           | Saved: 'C:\Users\iputu\Documents\Wonder Chess\art-source\asset-studio\wc_u_human_guardian\stages\features-head\FH1\r001\captures\combined_r004_three_quarter.png'
01:44:21.891  render           | Saved: 'C:\Users\iputu\Documents\Wonder Chess\art-source\asset-studio\wc_u_human_guardian\stages\features-head\FH1\r001\captures\combined_r004_underside.png'
01:47:43.141  render           | Saved: 'C:\Users\iputu\Documents\Wonder Chess\art-source\asset-studio\wc_u_human_guardian\stages\features-head\FH1\r001\captures\final_uniform_clay_front.png'
01:47:46.485  render           | Saved: 'C:\Users\iputu\Documents\Wonder Chess\art-source\asset-studio\wc_u_human_guardian\stages\features-head\FH1\r001\captures\final_uniform_clay_three_quarter.png'
01:47:49.922  render           | Saved: 'C:\Users\iputu\Documents\Wonder Chess\art-source\asset-studio\wc_u_human_guardian\stages\features-head\FH1\r001\captures\final_openings_front.png'
01:47:53.125  render           | Saved: 'C:\Users\iputu\Documents\Wonder Chess\art-source\asset-studio\wc_u_human_guardian\stages\features-head\FH1\r001\captures\final_openings_three_quarter.png'
01:47:56.266  render           | Saved: 'C:\Users\iputu\Documents\Wonder Chess\art-source\asset-studio\wc_u_human_guardian\stages\features-head\FH1\r001\captures\final_reversed_key_front.png'
01:47:59.375  render           | Saved: 'C:\Users\iputu\Documents\Wonder Chess\art-source\asset-studio\wc_u_human_guardian\stages\features-head\FH1\r001\captures\final_reversed_key_three_quarter.png'
01:48:02.657  render           | Saved: 'C:\Users\iputu\Documents\Wonder Chess\art-source\asset-studio\wc_u_human_guardian\stages\features-head\FH1\r001\captures\final_control_cage_front.png'
01:48:05.828  render           | Saved: 'C:\Users\iputu\Documents\Wonder Chess\art-source\asset-studio\wc_u_human_guardian\stages\features-head\FH1\r001\captures\final_control_cage_three_quarter.png'
