Traceback (most recent call last):
  File "C:\Users\iputu\AppData\Roaming\Blender Foundation\Blender\5.1\scripts\addons\blender_mcp.py", line 1377, in execute_code
    exec(code, namespace)
    ~~~~^^^^^^^^^^^^^^^^^
  File "<string>", line 33, in <module>
TypeError: bpy_struct: item.attr = val: enum "FFMPEG" not found in ('AVIF', 'JPEG', 'OPEN_EXR', 'PNG', 'WEBP', 'BMP', 'CINEON', 'DPX', 'IRIS', 'JPEG2000', 'HDR', 'TARGA', 'TARGA_RAW', 'TIFF')

During handling of the above exception, another exception occurred:

Traceback (most recent call last):
  File "C:\Users\iputu\AppData\Roaming\Blender Foundation\Blender\5.1\scripts\addons\blender_mcp.py", line 829, in _execute_command_internal
    result = handler(**params)
  File "C:\Users\iputu\AppData\Roaming\Blender Foundation\Blender\5.1\scripts\addons\blender_mcp.py", line 1382, in execute_code
    raise Exception(f"Code execution error: {str(e)}")
Exception: Code execution error: bpy_struct: item.attr = val: enum "FFMPEG" not found in ('AVIF', 'JPEG', 'OPEN_EXR', 'PNG', 'WEBP', 'BMP', 'CINEON', 'DPX', 'IRIS', 'JPEG2000', 'HDR', 'TARGA', 'TARGA_RAW', 'TIFF')
Traceback (most recent call last):
  File "C:\Users\iputu\AppData\Roaming\Blender Foundation\Blender\5.1\scripts\addons\blender_mcp.py", line 1377, in execute_code
    exec(code, namespace)
    ~~~~^^^^^^^^^^^^^^^^^
  File "<string>", line 12, in <module>
KeyError: 'bpy_prop_collection[key]: key "BW1_Kneeplate_R" not found'

During handling of the above exception, another exception occurred:

Traceback (most recent call last):
  File "C:\Users\iputu\AppData\Roaming\Blender Foundation\Blender\5.1\scripts\addons\blender_mcp.py", line 829, in _execute_command_internal
    result = handler(**params)
  File "C:\Users\iputu\AppData\Roaming\Blender Foundation\Blender\5.1\scripts\addons\blender_mcp.py", line 1382, in execute_code
    raise Exception(f"Code execution error: {str(e)}")
Exception: Code execution error: 'bpy_prop_collection[key]: key "BW1_Kneeplate_R" not found'
Traceback (most recent call last):
  File "C:\Users\iputu\AppData\Roaming\Blender Foundation\Blender\5.1\scripts\addons\blender_mcp.py", line 1377, in execute_code
    exec(code, namespace)
    ~~~~^^^^^^^^^^^^^^^^^
  File "<string>", line 11, in <module>
TypeError: bpy_prop_collection.__contains__: expected a string or a tuple of strings

During handling of the above exception, another exception occurred:

Traceback (most recent call last):
  File "C:\Users\iputu\AppData\Roaming\Blender Foundation\Blender\5.1\scripts\addons\blender_mcp.py", line 829, in _execute_command_internal
    result = handler(**params)
  File "C:\Users\iputu\AppData\Roaming\Blender Foundation\Blender\5.1\scripts\addons\blender_mcp.py", line 1382, in execute_code
    raise Exception(f"Code execution error: {str(e)}")
Exception: Code execution error: bpy_prop_collection.__contains__: expected a string or a tuple of strings
Traceback (most recent call last):
  File "C:\Users\iputu\AppData\Roaming\Blender Foundation\Blender\5.1\scripts\addons\blender_mcp.py", line 1377, in execute_code
    exec(code, namespace)
    ~~~~^^^^^^^^^^^^^^^^^
  File "<string>", line 22, in <module>
TypeError: CollectionChildren.link(): error with argument 1, "child" -  Function.child expected a Collection type, not Object

During handling of the above exception, another exception occurred:

Traceback (most recent call last):
  File "C:\Users\iputu\AppData\Roaming\Blender Foundation\Blender\5.1\scripts\addons\blender_mcp.py", line 829, in _execute_command_internal
    result = handler(**params)
  File "C:\Users\iputu\AppData\Roaming\Blender Foundation\Blender\5.1\scripts\addons\blender_mcp.py", line 1382, in execute_code
    raise Exception(f"Code execution error: {str(e)}")
Exception: Code execution error: CollectionChildren.link(): error with argument 1, "child" -  Function.child expected a Collection type, not Object
Traceback (most recent call last):
  File "C:\Users\iputu\AppData\Roaming\Blender Foundation\Blender\5.1\scripts\addons\blender_mcp.py", line 1377, in execute_code
    exec(code, namespace)
    ~~~~^^^^^^^^^^^^^^^^^
  File "<string>", line 44, in <module>
  File "<string>", line 27, in nelder
TypeError: '<' not supported between instances of 'dict' and 'dict'

During handling of the above exception, another exception occurred:

Traceback (most recent call last):
  File "C:\Users\iputu\AppData\Roaming\Blender Foundation\Blender\5.1\scripts\addons\blender_mcp.py", line 829, in _execute_command_internal
    result = handler(**params)
  File "C:\Users\iputu\AppData\Roaming\Blender Foundation\Blender\5.1\scripts\addons\blender_mcp.py", line 1382, in execute_code
    raise Exception(f"Code execution error: {str(e)}")
Exception: Code execution error: '<' not supported between instances of 'dict' and 'dict'
Traceback (most recent call last):
  File "C:\Users\iputu\AppData\Roaming\Blender Foundation\Blender\5.1\scripts\addons\blender_mcp.py", line 1377, in execute_code
    exec(code, namespace)
    ~~~~^^^^^^^^^^^^^^^^^
  File "<string>", line 3, in <module>
TypeError: mathutils.Matrix(): expects no args or a single arg containing 2-4 numeric sequences

During handling of the above exception, another exception occurred:

Traceback (most recent call last):
  File "C:\Users\iputu\AppData\Roaming\Blender Foundation\Blender\5.1\scripts\addons\blender_mcp.py", line 829, in _execute_command_internal
    result = handler(**params)
  File "C:\Users\iputu\AppData\Roaming\Blender Foundation\Blender\5.1\scripts\addons\blender_mcp.py", line 1382, in execute_code
    raise Exception(f"Code execution error: {str(e)}")
Exception: Code execution error: mathutils.Matrix(): expects no args or a single arg containing 2-4 numeric sequences
