{
  "status": "PASS",
  "lifecycle_complete": true,
  "paired_checks": 35,
  "additional_checks": 21,
  "sessions": [
    {
      "role": "host",
      "process_id": 36440,
      "round": 33,
      "combat_rounds": [
        1,
        2,
        3,
        4,
        5,
        6,
        7,
        8,
        9,
        10,
        11,
        12,
        13,
        14,
        15,
        16,
        17,
        18,
        19,
        20,
        21,
        22,
        23,
        24,
        25,
        26,
        27,
        28,
        29,
        30,
        31,
        32,
        33
      ],
      "public_payload": {
        "public_json_chars_current": 12551,
        "public_json_chars_max": 79132,
        "public_json_utf8_bytes_current": 12551,
        "public_json_utf8_bytes_max": 79132,
        "distinct_public_payload_samples": 2312
      }
    },
    {
      "role": "client",
      "process_id": 50808,
      "round": 33,
      "combat_rounds": [
        1,
        2,
        3,
        4,
        5,
        6,
        7,
        8,
        9,
        10,
        11,
        12,
        13,
        14,
        15,
        16,
        17,
        18,
        19,
        20,
        21,
        22,
        23,
        24,
        25,
        26,
        27,
        28,
        29,
        30,
        31,
        32,
        33
      ],
      "public_payload": {
        "public_json_chars_current": 12551,
        "public_json_chars_max": 64806,
        "public_json_utf8_bytes_current": 12551,
        "public_json_utf8_bytes_max": 64806,
        "distinct_public_payload_samples": 1909
      }
    }
  ]
}
