00:02.406  blend            | Read blend: "C:\Users\iputu\Documents\Wonder Chess\reports\WC-U440\20260906T141653Z-orcs\kesh-contact03\wc_u_orc_rogue-update24-revision7-contact.blend"
00:04.593  blend            | Read blend: "C:\Users\iputu\Documents\Wonder Chess\reports\WC-U440\20260906T141653Z-orcs\kesh-contact03\wc_u_orc_rogue-update24-revision7-contact.blend"
00:07.890  render           | Video append frame 1
00:07.906  render           | Video append frame 2
00:07.937  render           | Video append frame 3
00:07.953  render           | Video append frame 4
00:07.984  render           | Video append frame 5
00:08.000  render           | Video append frame 6
00:08.031  render           | Video append frame 7
00:08.046  render           | Video append frame 8
00:08.078  render           | Video append frame 9
00:08.109  render           | Video append frame 10
00:08.125  render           | Video append frame 11
00:08.156  render           | Video append frame 12
00:08.171  render           | Video append frame 13
00:08.203  render           | Video append frame 14
00:08.234  render           | Video append frame 15
00:08.250  render           | Video append frame 16
00:08.281  render           | Video append frame 17
00:08.296  render           | Video append frame 18
00:08.328  render           | Video append frame 19
00:08.359  render           | Video append frame 20
00:08.375  render           | Video append frame 21
00:08.406  render           | Video append frame 22
00:08.437  render           | Video append frame 23
00:08.468  render           | Video append frame 24
00:08.484  render           | Video append frame 25
00:08.515  render           | Video append frame 26
00:08.546  render           | Video append frame 27
00:08.578  render           | Video append frame 28
00:08.593  render           | Video append frame 29
00:08.625  render           | Video append frame 30
00:08.656  render           | Video append frame 31
00:08.671  render           | Video append frame 32
00:08.703  render           | Video append frame 33
00:08.734  render           | Video append frame 34
00:08.765  render           | Video append frame 35
00:08.781  render           | Video append frame 36
00:08.812  render           | Video append frame 37
00:08.828  render           | Video append frame 38
00:08.859  render           | Video append frame 39
00:08.875  render           | Video append frame 40
00:08.906  render           | Video append frame 41
00:08.921  render           | Video append frame 42
00:08.953  render           | Video append frame 43
00:08.984  render           | Video append frame 44
00:09.000  render           | Video append frame 45
00:09.031  render           | Video append frame 46
00:09.046  render           | Video append frame 47
00:09.078  render           | Video append frame 48
00:09.093  render           | Video append frame 49
00:09.125  render           | Video append frame 50
00:09.140  render           | Video append frame 51
00:09.171  render           | Video append frame 52
00:09.187  render           | Video append frame 53
00:09.218  render           | Video append frame 54
00:09.234  render           | Video append frame 55
00:09.250  render           | Video append frame 56
00:09.281  render           | Video append frame 57
00:09.296  render           | Video append frame 58
00:09.328  render           | Video append frame 59
00:09.343  render           | Video append frame 60
00:09.359  render           | Video append frame 61
00:09.390  render           | Video append frame 62
00:09.406  render           | Video append frame 63
00:09.437  render           | Video append frame 64
00:09.453  render           | Video append frame 65
00:09.468  render           | Video append frame 66
00:09.500  render           | Video append frame 67
00:09.515  render           | Video append frame 68
00:09.546  render           | Video append frame 69
00:09.562  render           | Video append frame 70
00:09.578  render           | Video append frame 71
00:09.609  render           | Video append frame 72
00:09.625  render           | Video append frame 73
00:09.640  render           | Video append frame 74
00:09.671  render           | Video append frame 75
00:09.687  render           | Video append frame 76
00:09.718  render           | Video append frame 77
00:09.734  render           | Video append frame 78
00:09.765  render           | Video append frame 79
00:09.781  render           | Video append frame 80
00:09.796  render           | Video append frame 81
00:09.828  render           | Video append frame 82
00:09.843  render           | Video append frame 83
00:09.875  render           | Video append frame 84
00:09.906  render           | Video append frame 85
00:09.921  render           | Video append frame 86
00:09.953  render           | Video append frame 87
00:09.968  render           | Video append frame 88
00:09.984  render           | Video append frame 89
00:10.015  render           | Video append frame 90
00:10.031  render           | Video append frame 91
00:10.062  render           | Video append frame 92
00:10.078  render           | Video append frame 93
00:10.109  render           | Video append frame 94
00:10.125  render           | Video append frame 95
00:10.156  render           | Video append frame 96
00:10.171  render           | Video append frame 97
00:10.203  render           | Video append frame 98
00:10.218  render           | Video append frame 99
00:10.250  render           | Video append frame 100
00:10.265  render           | Video append frame 101
00:10.281  render           | Video append frame 102
00:10.312  render           | Video append frame 103
00:10.328  render           | Video append frame 104
00:10.359  render           | Video append frame 105
00:10.375  render           | Video append frame 106
00:10.406  render           | Video append frame 107
00:10.421  render           | Video append frame 108
00:10.437  render           | Video append frame 109
00:10.468  render           | Video append frame 110
00:10.484  render           | Video append frame 111
00:10.515  render           | Video append frame 112
00:10.531  render           | Video append frame 113
00:10.562  render           | Video append frame 114
00:10.578  render           | Video append frame 115
00:10.609  render           | Video append frame 116
00:10.625  render           | Video append frame 117
00:10.656  render           | Video append frame 118
00:10.671  render           | Video append frame 119
00:10.703  render           | Video append frame 120
00:10.718  render           | Video append frame 121
00:10.781  render           | Video append frame 1
00:10.796  render           | Video append frame 2
00:10.812  render           | Video append frame 3
00:10.843  render           | Video append frame 4
00:10.859  render           | Video append frame 5
00:10.875  render           | Video append frame 6
00:10.906  render           | Video append frame 7
00:10.921  render           | Video append frame 8
00:10.953  render           | Video append frame 9
00:10.968  render           | Video append frame 10
00:11.000  render           | Video append frame 11
00:11.015  render           | Video append frame 12
00:11.031  render           | Video append frame 13
00:11.062  render           | Video append frame 14
00:11.078  render           | Video append frame 15
00:11.093  render           | Video append frame 16
00:11.125  render           | Video append frame 17
00:11.140  render           | Video append frame 18
00:11.171  render           | Video append frame 19
00:11.187  render           | Video append frame 20
00:11.203  render           | Video append frame 21
00:11.234  render           | Video append frame 22
00:11.250  render           | Video append frame 23
00:11.265  render           | Video append frame 24
00:11.296  render           | Video append frame 25
00:11.312  render           | Video append frame 26
00:11.343  render           | Video append frame 27
00:11.359  render           | Video append frame 28
00:11.390  render           | Video append frame 29
00:11.406  render           | Video append frame 30
00:11.421  render           | Video append frame 31
00:11.453  render           | Video append frame 32
00:11.484  render           | Video append frame 33
00:11.500  render           | Video append frame 34
00:11.515  render           | Video append frame 35
00:11.531  render           | Video append frame 36
00:11.562  render           | Video append frame 37
00:11.578  render           | Video append frame 38
00:11.593  render           | Video append frame 39
00:11.625  render           | Video append frame 40
00:11.640  render           | Video append frame 41
00:11.671  render           | Video append frame 42
00:11.687  render           | Video append frame 43
00:11.718  render           | Video append frame 44
00:11.734  render           | Video append frame 45
00:11.750  render           | Video append frame 46
00:11.781  render           | Video append frame 47
00:11.812  render           | Video append frame 48
00:11.828  render           | Video append frame 49
00:11.859  render           | Video append frame 50
00:11.875  render           | Video append frame 51
00:11.890  render           | Video append frame 52
00:11.921  render           | Video append frame 53
00:11.937  render           | Video append frame 54
00:11.953  render           | Video append frame 55
00:11.984  render           | Video append frame 56
00:12.000  render           | Video append frame 57
00:12.031  render           | Video append frame 58
00:12.046  render           | Video append frame 59
00:12.078  render           | Video append frame 60
00:12.109  render           | Video append frame 61
00:12.156  render           | Video append frame 1
00:12.171  render           | Video append frame 2
00:12.203  render           | Video append frame 3
00:12.218  render           | Video append frame 4
00:12.250  render           | Video append frame 5
00:12.265  render           | Video append frame 6
00:12.296  render           | Video append frame 7
00:12.312  render           | Video append frame 8
00:12.343  render           | Video append frame 9
00:12.359  render           | Video append frame 10
00:12.390  render           | Video append frame 11
00:12.406  render           | Video append frame 12
00:12.437  render           | Video append frame 13
00:12.453  render           | Video append frame 14
00:12.484  render           | Video append frame 15
00:12.500  render           | Video append frame 16
00:12.515  render           | Video append frame 17
00:12.546  render           | Video append frame 18
00:12.562  render           | Video append frame 19
00:12.593  render           | Video append frame 20
00:12.609  render           | Video append frame 21
00:12.640  render           | Video append frame 22
00:12.656  render           | Video append frame 23
00:12.687  render           | Video append frame 24
00:12.703  render           | Video append frame 25
00:12.734  render           | Video append frame 26
00:12.750  render           | Video append frame 27
00:12.765  render           | Video append frame 28
00:12.796  render           | Video append frame 29
00:12.812  render           | Video append frame 30
00:12.843  render           | Video append frame 31
00:12.859  render           | Video append frame 32
00:12.875  render           | Video append frame 33
00:12.906  render           | Video append frame 34
00:12.921  render           | Video append frame 35
00:12.937  render           | Video append frame 36
00:12.968  render           | Video append frame 37
00:12.984  render           | Video append frame 38
00:13.015  render           | Video append frame 39
00:13.031  render           | Video append frame 40
00:13.109  render           | Video append frame 1
00:13.125  render           | Video append frame 2
00:13.140  render           | Video append frame 3
00:13.171  render           | Video append frame 4
00:13.187  render           | Video append frame 5
00:13.218  render           | Video append frame 6
00:13.234  render           | Video append frame 7
00:13.265  render           | Video append frame 8
00:13.281  render           | Video append frame 9
00:13.312  render           | Video append frame 10
00:13.328  render           | Video append frame 11
00:13.359  render           | Video append frame 12
00:13.375  render           | Video append frame 13
00:13.406  render           | Video append frame 14
00:13.421  render           | Video append frame 15
00:13.437  render           | Video append frame 16
00:13.468  render           | Video append frame 17
00:13.484  render           | Video append frame 18
00:13.515  render           | Video append frame 19
00:13.531  render           | Video append frame 20
00:13.562  render           | Video append frame 21
00:13.578  render           | Video append frame 22
00:13.609  render           | Video append frame 23
00:13.625  render           | Video append frame 24
00:13.640  render           | Video append frame 25
00:13.671  render           | Video append frame 26
00:13.687  render           | Video append frame 27
00:13.703  render           | Video append frame 28
00:13.734  render           | Video append frame 29
00:13.750  render           | Video append frame 30
00:13.781  render           | Video append frame 31
00:13.828  render           | Video append frame 1
00:13.859  render           | Video append frame 2
00:13.875  render           | Video append frame 3
00:13.906  render           | Video append frame 4
00:13.921  render           | Video append frame 5
00:13.953  render           | Video append frame 6
00:13.968  render           | Video append frame 7
00:14.000  render           | Video append frame 8
00:14.015  render           | Video append frame 9
00:14.046  render           | Video append frame 10
00:14.062  render           | Video append frame 11
00:14.078  render           | Video append frame 12
00:14.109  render           | Video append frame 13
00:14.125  render           | Video append frame 14
00:14.156  render           | Video append frame 15
00:14.171  render           | Video append frame 16
00:14.187  render           | Video append frame 17
00:14.218  render           | Video append frame 18
00:14.234  render           | Video append frame 19
00:14.265  render           | Video append frame 20
00:14.296  render           | Video append frame 21
00:14.312  render           | Video append frame 22
00:14.343  render           | Video append frame 23
00:14.359  render           | Video append frame 24
00:14.390  render           | Video append frame 25
00:14.453  render           | Video append frame 1
00:14.468  render           | Video append frame 2
00:14.484  render           | Video append frame 3
00:14.515  render           | Video append frame 4
00:14.531  render           | Video append frame 5
00:14.562  render           | Video append frame 6
00:14.578  render           | Video append frame 7
00:14.609  render           | Video append frame 8
00:14.625  render           | Video append frame 9
00:14.640  render           | Video append frame 10
00:14.671  render           | Video append frame 11
00:14.703  render           | Video append frame 12
00:14.718  render           | Video append frame 13
00:14.750  render           | Video append frame 14
00:14.765  render           | Video append frame 15
00:14.796  render           | Video append frame 16
00:14.812  render           | Video append frame 17
00:14.843  render           | Video append frame 18
00:14.859  render           | Video append frame 19
00:14.890  render           | Video append frame 20
00:14.921  render           | Video append frame 21
00:14.937  render           | Video append frame 22
00:14.968  render           | Video append frame 23
00:15.000  render           | Video append frame 24
00:15.015  render           | Video append frame 25
00:15.046  render           | Video append frame 26
00:15.078  render           | Video append frame 27
00:15.093  render           | Video append frame 28
00:15.125  render           | Video append frame 29
00:15.156  render           | Video append frame 30
00:15.171  render           | Video append frame 31
00:15.203  render           | Video append frame 32
00:15.218  render           | Video append frame 33
00:15.250  render           | Video append frame 34
00:15.265  render           | Video append frame 35
00:15.296  render           | Video append frame 36
00:15.312  render           | Video append frame 37
00:15.343  render           | Video append frame 38
00:15.359  render           | Video append frame 39
00:15.390  render           | Video append frame 40
00:15.406  render           | Video append frame 41
00:15.437  render           | Video append frame 42
00:15.453  render           | Video append frame 43
00:15.484  render           | Video append frame 44
00:15.500  render           | Video append frame 45
00:15.531  render           | Video append frame 46
00:15.546  render           | Video append frame 47
00:15.578  render           | Video append frame 48
00:15.593  render           | Video append frame 49
00:15.625  render           | Video append frame 50
00:15.640  render           | Video append frame 51
00:15.671  render           | Video append frame 52
00:15.703  render           | Video append frame 53
00:15.734  render           | Video append frame 54
00:15.750  render           | Video append frame 55
00:15.781  render           | Video append frame 56
00:15.796  render           | Video append frame 57
00:15.828  render           | Video append frame 58
00:15.859  render           | Video append frame 59
00:15.875  render           | Video append frame 60
00:15.890  render           | Video append frame 61
00:15.953  render           | Video append frame 1
00:15.968  render           | Video append frame 2
00:16.000  render           | Video append frame 3
00:16.031  render           | Video append frame 4
00:16.046  render           | Video append frame 5
00:16.062  render           | Video append frame 6
00:16.093  render           | Video append frame 7
00:16.109  render           | Video append frame 8
00:16.140  render           | Video append frame 9
00:16.156  render           | Video append frame 10
00:16.187  render           | Video append frame 11
00:16.203  render           | Video append frame 12
00:16.234  render           | Video append frame 13
00:16.265  render           | Video append frame 14
00:16.281  render           | Video append frame 15
00:16.312  render           | Video append frame 16
00:16.328  render           | Video append frame 17
00:16.359  render           | Video append frame 18
00:16.375  render           | Video append frame 19
00:16.406  render           | Video append frame 20
00:16.421  render           | Video append frame 21
00:16.453  render           | Video append frame 22
00:16.468  render           | Video append frame 23
00:16.500  render           | Video append frame 24
00:16.515  render           | Video append frame 25
00:16.546  render           | Video append frame 26
00:16.562  render           | Video append frame 27
00:16.578  render           | Video append frame 28
00:16.609  render           | Video append frame 29
00:16.625  render           | Video append frame 30
00:16.656  render           | Video append frame 31
00:16.687  render           | Video append frame 32
00:16.703  render           | Video append frame 33
00:16.734  render           | Video append frame 34
00:16.765  render           | Video append frame 35
00:16.781  render           | Video append frame 36
00:16.812  render           | Video append frame 37
00:16.843  render           | Video append frame 38
00:16.859  render           | Video append frame 39
00:16.890  render           | Video append frame 40
00:16.906  render           | Video append frame 41
00:16.937  render           | Video append frame 42
00:16.968  render           | Video append frame 43
00:16.984  render           | Video append frame 44
00:17.000  render           | Video append frame 45
00:17.031  render           | Video append frame 46
00:17.046  render           | Video append frame 47
00:17.078  render           | Video append frame 48
00:17.093  render           | Video append frame 49
00:17.109  render           | Video append frame 50
00:17.140  render           | Video append frame 51
00:17.156  render           | Video append frame 52
00:17.187  render           | Video append frame 53
00:17.203  render           | Video append frame 54
00:17.234  render           | Video append frame 55
00:17.250  render           | Video append frame 56
00:17.281  render           | Video append frame 57
00:17.296  render           | Video append frame 58
00:17.328  render           | Video append frame 59
00:17.343  render           | Video append frame 60
00:17.359  render           | Video append frame 61
00:17.390  render           | Video append frame 62
00:17.406  render           | Video append frame 63
00:17.437  render           | Video append frame 64
00:17.453  render           | Video append frame 65
00:17.484  render           | Video append frame 66
00:17.500  render           | Video append frame 67
00:17.531  render           | Video append frame 68
00:17.546  render           | Video append frame 69
00:17.562  render           | Video append frame 70
00:17.593  render           | Video append frame 71
00:17.609  render           | Video append frame 72
00:17.625  render           | Video append frame 73
00:17.656  render           | Video append frame 74
00:17.671  render           | Video append frame 75
00:17.703  render           | Video append frame 76
00:17.734  render           | Video append frame 77
00:17.750  render           | Video append frame 78
00:17.781  render           | Video append frame 79
00:17.796  render           | Video append frame 80
00:17.812  render           | Video append frame 81
00:17.843  render           | Video append frame 82
00:17.859  render           | Video append frame 83
00:17.890  render           | Video append frame 84
00:17.906  render           | Video append frame 85
00:17.937  render           | Video append frame 86
00:17.953  render           | Video append frame 87
00:17.968  render           | Video append frame 88
00:18.000  render           | Video append frame 89
00:18.015  render           | Video append frame 90
00:18.031  render           | Video append frame 91
00:18.109  render           | Saved: 'C:\Users\iputu\Documents\Wonder Chess\reports\WC-U440\20260906T141653Z-orcs\kesh-contact03\workbench-review\pose_Idle_001.png'
00:18.156  render           | Saved: 'C:\Users\iputu\Documents\Wonder Chess\reports\WC-U440\20260906T141653Z-orcs\kesh-contact03\workbench-review\pose_Idle_040.png'
00:18.187  render           | Saved: 'C:\Users\iputu\Documents\Wonder Chess\reports\WC-U440\20260906T141653Z-orcs\kesh-contact03\workbench-review\pose_Idle_054.png'
00:18.234  render           | Saved: 'C:\Users\iputu\Documents\Wonder Chess\reports\WC-U440\20260906T141653Z-orcs\kesh-contact03\workbench-review\pose_Idle_060.png'
00:18.265  render           | Saved: 'C:\Users\iputu\Documents\Wonder Chess\reports\WC-U440\20260906T141653Z-orcs\kesh-contact03\workbench-review\pose_Idle_121.png'
00:18.312  render           | Saved: 'C:\Users\iputu\Documents\Wonder Chess\reports\WC-U440\20260906T141653Z-orcs\kesh-contact03\workbench-review\pose_Move_001.png'
00:18.359  render           | Saved: 'C:\Users\iputu\Documents\Wonder Chess\reports\WC-U440\20260906T141653Z-orcs\kesh-contact03\workbench-review\pose_Move_020.png'
00:18.406  render           | Saved: 'C:\Users\iputu\Documents\Wonder Chess\reports\WC-U440\20260906T141653Z-orcs\kesh-contact03\workbench-review\pose_Move_024.png'
00:18.453  render           | Saved: 'C:\Users\iputu\Documents\Wonder Chess\reports\WC-U440\20260906T141653Z-orcs\kesh-contact03\workbench-review\pose_Move_030.png'
00:18.484  render           | Saved: 'C:\Users\iputu\Documents\Wonder Chess\reports\WC-U440\20260906T141653Z-orcs\kesh-contact03\workbench-review\pose_Move_061.png'
00:18.531  render           | Saved: 'C:\Users\iputu\Documents\Wonder Chess\reports\WC-U440\20260906T141653Z-orcs\kesh-contact03\workbench-review\pose_Attack_001.png'
00:18.562  render           | Saved: 'C:\Users\iputu\Documents\Wonder Chess\reports\WC-U440\20260906T141653Z-orcs\kesh-contact03\workbench-review\pose_Attack_010.png'
00:18.609  render           | Saved: 'C:\Users\iputu\Documents\Wonder Chess\reports\WC-U440\20260906T141653Z-orcs\kesh-contact03\workbench-review\pose_Attack_016.png'
00:18.656  render           | Saved: 'C:\Users\iputu\Documents\Wonder Chess\reports\WC-U440\20260906T141653Z-orcs\kesh-contact03\workbench-review\pose_Attack_020.png'
00:18.703  render           | Saved: 'C:\Users\iputu\Documents\Wonder Chess\reports\WC-U440\20260906T141653Z-orcs\kesh-contact03\workbench-review\pose_Attack_040.png'
00:18.750  render           | Saved: 'C:\Users\iputu\Documents\Wonder Chess\reports\WC-U440\20260906T141653Z-orcs\kesh-contact03\workbench-review\pose_Active_001.png'
00:18.796  render           | Saved: 'C:\Users\iputu\Documents\Wonder Chess\reports\WC-U440\20260906T141653Z-orcs\kesh-contact03\workbench-review\pose_Active_007.png'
00:18.843  render           | Saved: 'C:\Users\iputu\Documents\Wonder Chess\reports\WC-U440\20260906T141653Z-orcs\kesh-contact03\workbench-review\pose_Active_013.png'
00:18.890  render           | Saved: 'C:\Users\iputu\Documents\Wonder Chess\reports\WC-U440\20260906T141653Z-orcs\kesh-contact03\workbench-review\pose_Active_015.png'
00:18.921  render           | Saved: 'C:\Users\iputu\Documents\Wonder Chess\reports\WC-U440\20260906T141653Z-orcs\kesh-contact03\workbench-review\pose_Active_031.png'
00:18.968  render           | Saved: 'C:\Users\iputu\Documents\Wonder Chess\reports\WC-U440\20260906T141653Z-orcs\kesh-contact03\workbench-review\pose_Hit_001.png'
00:19.015  render           | Saved: 'C:\Users\iputu\Documents\Wonder Chess\reports\WC-U440\20260906T141653Z-orcs\kesh-contact03\workbench-review\pose_Hit_006.png'
00:19.062  render           | Saved: 'C:\Users\iputu\Documents\Wonder Chess\reports\WC-U440\20260906T141653Z-orcs\kesh-contact03\workbench-review\pose_Hit_008.png'
00:19.109  render           | Saved: 'C:\Users\iputu\Documents\Wonder Chess\reports\WC-U440\20260906T141653Z-orcs\kesh-contact03\workbench-review\pose_Hit_012.png'
00:19.156  render           | Saved: 'C:\Users\iputu\Documents\Wonder Chess\reports\WC-U440\20260906T141653Z-orcs\kesh-contact03\workbench-review\pose_Hit_025.png'
00:19.203  render           | Saved: 'C:\Users\iputu\Documents\Wonder Chess\reports\WC-U440\20260906T141653Z-orcs\kesh-contact03\workbench-review\pose_Defeat_001.png'
00:19.250  render           | Saved: 'C:\Users\iputu\Documents\Wonder Chess\reports\WC-U440\20260906T141653Z-orcs\kesh-contact03\workbench-review\pose_Defeat_020.png'
00:19.296  render           | Saved: 'C:\Users\iputu\Documents\Wonder Chess\reports\WC-U440\20260906T141653Z-orcs\kesh-contact03\workbench-review\pose_Defeat_024.png'
00:19.343  render           | Saved: 'C:\Users\iputu\Documents\Wonder Chess\reports\WC-U440\20260906T141653Z-orcs\kesh-contact03\workbench-review\pose_Defeat_030.png'
00:19.390  render           | Saved: 'C:\Users\iputu\Documents\Wonder Chess\reports\WC-U440\20260906T141653Z-orcs\kesh-contact03\workbench-review\pose_Defeat_061.png'
00:19.437  render           | Saved: 'C:\Users\iputu\Documents\Wonder Chess\reports\WC-U440\20260906T141653Z-orcs\kesh-contact03\workbench-review\pose_Victory_001.png'
00:19.484  render           | Saved: 'C:\Users\iputu\Documents\Wonder Chess\reports\WC-U440\20260906T141653Z-orcs\kesh-contact03\workbench-review\pose_Victory_030.png'
00:19.531  render           | Saved: 'C:\Users\iputu\Documents\Wonder Chess\reports\WC-U440\20260906T141653Z-orcs\kesh-contact03\workbench-review\pose_Victory_039.png'
00:19.578  render           | Saved: 'C:\Users\iputu\Documents\Wonder Chess\reports\WC-U440\20260906T141653Z-orcs\kesh-contact03\workbench-review\pose_Victory_045.png'
00:19.640  render           | Saved: 'C:\Users\iputu\Documents\Wonder Chess\reports\WC-U440\20260906T141653Z-orcs\kesh-contact03\workbench-review\pose_Victory_091.png'
{
  "status": "structural_checks_passed_visual_review_required",
  "blender_version": "5.1.1",
  "collection": "EXPORT",
  "evaluated_triangle_total": 3798,
  "objects": [
    {
      "name": "Armature",
      "type": "ARMATURE",
      "scale": [
        1.0,
        1.0,
        1.0
      ],
      "dimensions": [
        1.4028723239898682,
        0.48249995708465576,
        2.074749708175659
      ],
      "roots": [
        "root"
      ],
      "deform_bones": 27
    },
    {
      "name": "SK_wc_u_orc_rogue",
      "type": "MESH",
      "scale": [
        1.0,
        1.0,
        1.0
      ],
      "dimensions": [
        1.6325404644012451,
        0.6556603312492371,
        1.9203497171401978
      ],
      "evaluated_triangles": 3798,
      "material_slots": 1,
      "uv_layers": 1,
      "skin_checks": {
        "unweighted": 0,
        "excess_influences": 0,
        "unnormalized": 0
      }
    }
  ],
  "errors": [],
  "warnings": [],
  "not_checked": [
    "appearance",
    "deformation across all clips",
    "UV overlap appropriateness",
    "normal-map convention",
    "Unreal import",
    "LOD silhouette",
    "gameplay readability"
  ]
}
WC_ORC_NATIVE_FRAME_REVIEW_RENDERED wc_u_orc_rogue
Blender 5.1.1 (hash b70da489d7f4 built 2026-04-14 01:37:22)

Blender quit
