00:02.390  blend            | Read blend: "C:\Users\iputu\Documents\Wonder Chess\reports\WC-U440\20260906T141653Z-orcs\kesh-candidate02\wc_u_orc_rogue-update24-revision7.blend"
00:04.640  blend            | Read blend: "C:\Users\iputu\Documents\Wonder Chess\reports\WC-U440\20260906T141653Z-orcs\kesh-candidate02\wc_u_orc_rogue-update24-revision7.blend"
Traceback (most recent call last):
  File "C:\Users\iputu\Documents\Wonder Chess\tools\blender\review_update_orcs.py", line 64, in <module>
    review.audit_and_record(unit, out)
    ~~~~~~~~~~~~~~~~~~~~~~~^^^^^^^^^^^
  File "C:\Users\iputu\Documents\Wonder Chess\tools\blender\refine_update_dwarves.py", line 492, in audit_and_record
    raise RuntimeError('; '.join(errors))
RuntimeError: Move: all-frame floor/root/scale check failed
{
  "status": "structural_checks_passed_visual_review_required",
  "blender_version": "5.1.1",
  "collection": "EXPORT",
  "evaluated_triangle_total": 3798,
  "objects": [
    {
      "name": "Armature",
      "type": "ARMATURE",
      "scale": [
        1.0,
        1.0,
        1.0
      ],
      "dimensions": [
        1.4028723239898682,
        0.48249995708465576,
        2.0747499465942383
      ],
      "roots": [
        "root"
      ],
      "deform_bones": 27
    },
    {
      "name": "SK_wc_u_orc_rogue",
      "type": "MESH",
      "scale": [
        1.0,
        1.0,
        1.0
      ],
      "dimensions": [
        1.6325404644012451,
        0.6556603908538818,
        1.9203497171401978
      ],
      "evaluated_triangles": 3798,
      "material_slots": 1,
      "uv_layers": 1,
      "skin_checks": {
        "unweighted": 0,
        "excess_influences": 0,
        "unnormalized": 0
      }
    }
  ],
  "errors": [],
  "warnings": [],
  "not_checked": [
    "appearance",
    "deformation across all clips",
    "UV overlap appropriateness",
    "normal-map convention",
    "Unreal import",
    "LOD silhouette",
    "gameplay readability"
  ]
}

Error: script failed, file: 'tools/blender/review_update_orcs.py', exiting.
Blender 5.1.1 (hash b70da489d7f4 built 2026-04-14 01:37:22)

Blender quit
