00:02.391  blend            | Read blend: "C:\Users\iputu\Documents\Wonder Chess\reports\WC-U440\20260906T141653Z-orcs\rok-candidate02\wc_u_orc_warrior-update24-revision7.blend"
00:06.188  render           | Video append frame 1
00:06.219  render           | Video append frame 2
00:06.235  render           | Video append frame 3
00:06.250  render           | Video append frame 4
00:06.266  render           | Video append frame 5
00:06.297  render           | Video append frame 6
00:06.313  render           | Video append frame 7
00:06.328  render           | Video append frame 8
00:06.360  render           | Video append frame 9
00:06.375  render           | Video append frame 10
00:06.391  render           | Video append frame 11
00:06.422  render           | Video append frame 12
00:06.438  render           | Video append frame 13
00:06.469  render           | Video append frame 14
00:06.485  render           | Video append frame 15
00:06.500  render           | Video append frame 16
00:06.516  render           | Video append frame 17
00:06.547  render           | Video append frame 18
00:06.563  render           | Video append frame 19
00:06.594  render           | Video append frame 20
00:06.610  render           | Video append frame 21
00:06.625  render           | Video append frame 22
00:06.656  render           | Video append frame 23
00:06.672  render           | Video append frame 24
00:06.703  render           | Video append frame 25
00:06.719  render           | Video append frame 26
00:06.735  render           | Video append frame 27
00:06.766  render           | Video append frame 28
00:06.781  render           | Video append frame 29
00:06.797  render           | Video append frame 30
00:06.828  render           | Video append frame 31
00:06.844  render           | Video append frame 32
00:06.875  render           | Video append frame 33
00:06.891  render           | Video append frame 34
00:06.906  render           | Video append frame 35
00:06.938  render           | Video append frame 36
00:06.953  render           | Video append frame 37
00:06.969  render           | Video append frame 38
00:07.000  render           | Video append frame 39
00:07.016  render           | Video append frame 40
00:07.047  render           | Video append frame 41
00:07.063  render           | Video append frame 42
00:07.094  render           | Video append frame 43
00:07.110  render           | Video append frame 44
00:07.141  render           | Video append frame 45
00:07.156  render           | Video append frame 46
00:07.188  render           | Video append frame 47
00:07.203  render           | Video append frame 48
00:07.219  render           | Video append frame 49
00:07.250  render           | Video append frame 50
00:07.266  render           | Video append frame 51
00:07.297  render           | Video append frame 52
00:07.313  render           | Video append frame 53
00:07.328  render           | Video append frame 54
00:07.344  render           | Video append frame 55
00:07.375  render           | Video append frame 56
00:07.391  render           | Video append frame 57
00:07.406  render           | Video append frame 58
00:07.438  render           | Video append frame 59
00:07.453  render           | Video append frame 60
00:07.469  render           | Video append frame 61
00:07.500  render           | Video append frame 62
00:07.516  render           | Video append frame 63
00:07.547  render           | Video append frame 64
00:07.563  render           | Video append frame 65
00:07.578  render           | Video append frame 66
00:07.610  render           | Video append frame 67
00:07.641  render           | Video append frame 68
00:07.656  render           | Video append frame 69
00:07.688  render           | Video append frame 70
00:07.703  render           | Video append frame 71
00:07.735  render           | Video append frame 72
00:07.750  render           | Video append frame 73
00:07.781  render           | Video append frame 74
00:07.797  render           | Video append frame 75
00:07.828  render           | Video append frame 76
00:07.844  render           | Video append frame 77
00:07.875  render           | Video append frame 78
00:07.891  render           | Video append frame 79
00:07.922  render           | Video append frame 80
00:07.953  render           | Video append frame 81
00:07.985  render           | Video append frame 82
00:08.016  render           | Video append frame 83
00:08.047  render           | Video append frame 84
00:08.078  render           | Video append frame 85
00:08.094  render           | Video append frame 86
00:08.125  render           | Video append frame 87
00:08.141  render           | Video append frame 88
00:08.172  render           | Video append frame 89
00:08.203  render           | Video append frame 90
00:08.219  render           | Video append frame 91
00:08.235  render           | Video append frame 92
00:08.266  render           | Video append frame 93
00:08.281  render           | Video append frame 94
00:08.297  render           | Video append frame 95
00:08.328  render           | Video append frame 96
00:08.344  render           | Video append frame 97
00:08.375  render           | Video append frame 98
00:08.391  render           | Video append frame 99
00:08.406  render           | Video append frame 100
00:08.438  render           | Video append frame 101
00:08.453  render           | Video append frame 102
00:08.469  render           | Video append frame 103
00:08.500  render           | Video append frame 104
00:08.516  render           | Video append frame 105
00:08.531  render           | Video append frame 106
00:08.563  render           | Video append frame 107
00:08.578  render           | Video append frame 108
00:08.594  render           | Video append frame 109
00:08.625  render           | Video append frame 110
00:08.641  render           | Video append frame 111
00:08.656  render           | Video append frame 112
00:08.688  render           | Video append frame 113
00:08.719  render           | Video append frame 114
00:08.735  render           | Video append frame 115
00:08.750  render           | Video append frame 116
00:08.781  render           | Video append frame 117
00:08.797  render           | Video append frame 118
00:08.828  render           | Video append frame 119
00:08.844  render           | Video append frame 120
00:08.875  render           | Video append frame 121
00:08.938  render           | Video append frame 1
00:08.953  render           | Video append frame 2
00:08.985  render           | Video append frame 3
00:09.000  render           | Video append frame 4
00:09.031  render           | Video append frame 5
00:09.047  render           | Video append frame 6
00:09.078  render           | Video append frame 7
00:09.094  render           | Video append frame 8
00:09.125  render           | Video append frame 9
00:09.141  render           | Video append frame 10
00:09.172  render           | Video append frame 11
00:09.188  render           | Video append frame 12
00:09.219  render           | Video append frame 13
00:09.235  render           | Video append frame 14
00:09.266  render           | Video append frame 15
00:09.281  render           | Video append frame 16
00:09.297  render           | Video append frame 17
00:09.328  render           | Video append frame 18
00:09.344  render           | Video append frame 19
00:09.360  render           | Video append frame 20
00:09.375  render           | Video append frame 21
00:09.406  render           | Video append frame 22
00:09.438  render           | Video append frame 23
00:09.453  render           | Video append frame 24
00:09.485  render           | Video append frame 25
00:09.516  render           | Video append frame 26
00:09.531  render           | Video append frame 27
00:09.563  render           | Video append frame 28
00:09.578  render           | Video append frame 29
00:09.610  render           | Video append frame 30
00:09.625  render           | Video append frame 31
00:09.641  render           | Video append frame 32
00:09.672  render           | Video append frame 33
00:09.688  render           | Video append frame 34
00:09.719  render           | Video append frame 35
00:09.735  render           | Video append frame 36
00:09.766  render           | Video append frame 37
00:09.797  render           | Video append frame 38
00:09.828  render           | Video append frame 39
00:09.860  render           | Video append frame 40
00:09.875  render           | Video append frame 41
00:09.906  render           | Video append frame 42
00:09.922  render           | Video append frame 43
00:09.953  render           | Video append frame 44
00:09.969  render           | Video append frame 45
00:10.000  render           | Video append frame 46
00:10.016  render           | Video append frame 47
00:10.047  render           | Video append frame 48
00:10.063  render           | Video append frame 49
00:10.094  render           | Video append frame 50
00:10.125  render           | Video append frame 51
00:10.141  render           | Video append frame 52
00:10.172  render           | Video append frame 53
00:10.188  render           | Video append frame 54
00:10.219  render           | Video append frame 55
00:10.235  render           | Video append frame 56
00:10.250  render           | Video append frame 57
00:10.266  render           | Video append frame 58
00:10.297  render           | Video append frame 59
00:10.313  render           | Video append frame 60
00:10.344  render           | Video append frame 61
00:10.391  render           | Video append frame 1
00:10.422  render           | Video append frame 2
00:10.438  render           | Video append frame 3
00:10.453  render           | Video append frame 4
00:10.485  render           | Video append frame 5
00:10.500  render           | Video append frame 6
00:10.531  render           | Video append frame 7
00:10.547  render           | Video append frame 8
00:10.578  render           | Video append frame 9
00:10.594  render           | Video append frame 10
00:10.625  render           | Video append frame 11
00:10.641  render           | Video append frame 12
00:10.656  render           | Video append frame 13
00:10.688  render           | Video append frame 14
00:10.703  render           | Video append frame 15
00:10.735  render           | Video append frame 16
00:10.750  render           | Video append frame 17
00:10.766  render           | Video append frame 18
00:10.781  render           | Video append frame 19
00:10.813  render           | Video append frame 20
00:10.828  render           | Video append frame 21
00:10.844  render           | Video append frame 22
00:10.860  render           | Video append frame 23
00:10.891  render           | Video append frame 24
00:10.906  render           | Video append frame 25
00:10.922  render           | Video append frame 26
00:10.938  render           | Video append frame 27
00:10.969  render           | Video append frame 28
00:10.985  render           | Video append frame 29
00:11.000  render           | Video append frame 30
00:11.016  render           | Video append frame 31
00:11.047  render           | Video append frame 32
00:11.063  render           | Video append frame 33
00:11.078  render           | Video append frame 34
00:11.094  render           | Video append frame 35
00:11.125  render           | Video append frame 36
00:11.141  render           | Video append frame 37
00:11.172  render           | Video append frame 38
00:11.188  render           | Video append frame 39
00:11.219  render           | Video append frame 40
00:11.235  render           | Video append frame 41
00:11.266  render           | Video append frame 42
00:11.281  render           | Video append frame 43
00:11.313  render           | Video append frame 44
00:11.328  render           | Video append frame 45
00:11.344  render           | Video append frame 46
00:11.406  render           | Video append frame 1
00:11.422  render           | Video append frame 2
00:11.438  render           | Video append frame 3
00:11.453  render           | Video append frame 4
00:11.485  render           | Video append frame 5
00:11.500  render           | Video append frame 6
00:11.516  render           | Video append frame 7
00:11.531  render           | Video append frame 8
00:11.547  render           | Video append frame 9
00:11.578  render           | Video append frame 10
00:11.594  render           | Video append frame 11
00:11.610  render           | Video append frame 12
00:11.625  render           | Video append frame 13
00:11.656  render           | Video append frame 14
00:11.672  render           | Video append frame 15
00:11.688  render           | Video append frame 16
00:11.703  render           | Video append frame 17
00:11.735  render           | Video append frame 18
00:11.750  render           | Video append frame 19
00:11.766  render           | Video append frame 20
00:11.781  render           | Video append frame 21
00:11.813  render           | Video append frame 22
00:11.828  render           | Video append frame 23
00:11.860  render           | Video append frame 24
00:11.875  render           | Video append frame 25
00:11.891  render           | Video append frame 26
00:11.922  render           | Video append frame 27
00:11.938  render           | Video append frame 28
00:11.969  render           | Video append frame 29
00:11.985  render           | Video append frame 30
00:12.000  render           | Video append frame 31
00:12.031  render           | Video append frame 32
00:12.047  render           | Video append frame 33
00:12.063  render           | Video append frame 34
00:12.110  render           | Video append frame 1
00:12.125  render           | Video append frame 2
00:12.141  render           | Video append frame 3
00:12.172  render           | Video append frame 4
00:12.188  render           | Video append frame 5
00:12.219  render           | Video append frame 6
00:12.235  render           | Video append frame 7
00:12.250  render           | Video append frame 8
00:12.281  render           | Video append frame 9
00:12.297  render           | Video append frame 10
00:12.313  render           | Video append frame 11
00:12.328  render           | Video append frame 12
00:12.360  render           | Video append frame 13
00:12.375  render           | Video append frame 14
00:12.406  render           | Video append frame 15
00:12.422  render           | Video append frame 16
00:12.438  render           | Video append frame 17
00:12.469  render           | Video append frame 18
00:12.485  render           | Video append frame 19
00:12.500  render           | Video append frame 20
00:12.531  render           | Video append frame 21
00:12.547  render           | Video append frame 22
00:12.578  render           | Video append frame 23
00:12.625  render           | Video append frame 24
00:12.656  render           | Video append frame 25
00:12.735  render           | Video append frame 1
00:12.766  render           | Video append frame 2
00:12.844  render           | Video append frame 3
00:12.875  render           | Video append frame 4
00:12.938  render           | Video append frame 5
00:12.969  render           | Video append frame 6
00:13.000  render           | Video append frame 7
00:13.016  render           | Video append frame 8
00:13.047  render           | Video append frame 9
00:13.063  render           | Video append frame 10
00:13.094  render           | Video append frame 11
00:13.110  render           | Video append frame 12
00:13.125  render           | Video append frame 13
00:13.156  render           | Video append frame 14
00:13.172  render           | Video append frame 15
00:13.203  render           | Video append frame 16
00:13.219  render           | Video append frame 17
00:13.250  render           | Video append frame 18
00:13.266  render           | Video append frame 19
00:13.297  render           | Video append frame 20
00:13.313  render           | Video append frame 21
00:13.344  render           | Video append frame 22
00:13.360  render           | Video append frame 23
00:13.375  render           | Video append frame 24
00:13.406  render           | Video append frame 25
00:13.438  render           | Video append frame 26
00:13.453  render           | Video append frame 27
00:13.485  render           | Video append frame 28
00:13.500  render           | Video append frame 29
00:13.531  render           | Video append frame 30
00:13.547  render           | Video append frame 31
00:13.578  render           | Video append frame 32
00:13.625  render           | Video append frame 33
00:13.641  render           | Video append frame 34
00:13.672  render           | Video append frame 35
00:13.703  render           | Video append frame 36
00:13.735  render           | Video append frame 37
00:13.750  render           | Video append frame 38
00:13.781  render           | Video append frame 39
00:13.797  render           | Video append frame 40
00:13.828  render           | Video append frame 41
00:13.844  render           | Video append frame 42
00:13.875  render           | Video append frame 43
00:13.891  render           | Video append frame 44
00:13.922  render           | Video append frame 45
00:13.938  render           | Video append frame 46
00:13.969  render           | Video append frame 47
00:13.985  render           | Video append frame 48
00:14.016  render           | Video append frame 49
00:14.031  render           | Video append frame 50
00:14.063  render           | Video append frame 51
00:14.078  render           | Video append frame 52
00:14.110  render           | Video append frame 53
00:14.125  render           | Video append frame 54
00:14.172  render           | Video append frame 55
00:14.188  render           | Video append frame 56
00:14.219  render           | Video append frame 57
00:14.235  render           | Video append frame 58
00:14.266  render           | Video append frame 59
00:14.281  render           | Video append frame 60
00:14.297  render           | Video append frame 61
00:14.344  render           | Video append frame 1
00:14.375  render           | Video append frame 2
00:14.391  render           | Video append frame 3
00:14.422  render           | Video append frame 4
00:14.438  render           | Video append frame 5
00:14.469  render           | Video append frame 6
00:14.485  render           | Video append frame 7
00:14.500  render           | Video append frame 8
00:14.531  render           | Video append frame 9
00:14.547  render           | Video append frame 10
00:14.563  render           | Video append frame 11
00:14.594  render           | Video append frame 12
00:14.610  render           | Video append frame 13
00:14.625  render           | Video append frame 14
00:14.656  render           | Video append frame 15
00:14.672  render           | Video append frame 16
00:14.703  render           | Video append frame 17
00:14.719  render           | Video append frame 18
00:14.735  render           | Video append frame 19
00:14.766  render           | Video append frame 20
00:14.797  render           | Video append frame 21
00:14.813  render           | Video append frame 22
00:14.844  render           | Video append frame 23
00:14.860  render           | Video append frame 24
00:14.891  render           | Video append frame 25
00:14.906  render           | Video append frame 26
00:14.922  render           | Video append frame 27
00:14.938  render           | Video append frame 28
00:14.969  render           | Video append frame 29
00:14.985  render           | Video append frame 30
00:15.000  render           | Video append frame 31
00:15.031  render           | Video append frame 32
00:15.047  render           | Video append frame 33
00:15.063  render           | Video append frame 34
00:15.094  render           | Video append frame 35
00:15.110  render           | Video append frame 36
00:15.125  render           | Video append frame 37
00:15.141  render           | Video append frame 38
00:15.172  render           | Video append frame 39
00:15.188  render           | Video append frame 40
00:15.203  render           | Video append frame 41
00:15.235  render           | Video append frame 42
00:15.250  render           | Video append frame 43
00:15.266  render           | Video append frame 44
00:15.297  render           | Video append frame 45
00:15.313  render           | Video append frame 46
00:15.328  render           | Video append frame 47
00:15.360  render           | Video append frame 48
00:15.375  render           | Video append frame 49
00:15.406  render           | Video append frame 50
00:15.422  render           | Video append frame 51
00:15.438  render           | Video append frame 52
00:15.469  render           | Video append frame 53
00:15.485  render           | Video append frame 54
00:15.500  render           | Video append frame 55
00:15.516  render           | Video append frame 56
00:15.547  render           | Video append frame 57
00:15.563  render           | Video append frame 58
00:15.578  render           | Video append frame 59
00:15.610  render           | Video append frame 60
00:15.625  render           | Video append frame 61
00:15.641  render           | Video append frame 62
00:15.672  render           | Video append frame 63
00:15.688  render           | Video append frame 64
00:15.719  render           | Video append frame 65
00:15.735  render           | Video append frame 66
00:15.750  render           | Video append frame 67
00:15.766  render           | Video append frame 68
00:15.797  render           | Video append frame 69
00:15.813  render           | Video append frame 70
00:15.844  render           | Video append frame 71
00:15.860  render           | Video append frame 72
00:15.875  render           | Video append frame 73
00:15.906  render           | Video append frame 74
00:15.922  render           | Video append frame 75
00:15.938  render           | Video append frame 76
00:15.969  render           | Video append frame 77
00:15.985  render           | Video append frame 78
00:16.000  render           | Video append frame 79
00:16.016  render           | Video append frame 80
00:16.047  render           | Video append frame 81
00:16.063  render           | Video append frame 82
00:16.094  render           | Video append frame 83
00:16.110  render           | Video append frame 84
00:16.125  render           | Video append frame 85
00:16.156  render           | Video append frame 86
00:16.172  render           | Video append frame 87
00:16.203  render           | Video append frame 88
00:16.219  render           | Video append frame 89
00:16.250  render           | Video append frame 90
00:16.266  render           | Video append frame 91
00:16.328  render           | Saved: 'C:\Users\iputu\Documents\Wonder Chess\reports\WC-U440\20260906T141653Z-orcs\rok-candidate02\workbench-review\pose_Idle_001.png'
00:16.360  render           | Saved: 'C:\Users\iputu\Documents\Wonder Chess\reports\WC-U440\20260906T141653Z-orcs\rok-candidate02\workbench-review\pose_Idle_040.png'
00:16.391  render           | Saved: 'C:\Users\iputu\Documents\Wonder Chess\reports\WC-U440\20260906T141653Z-orcs\rok-candidate02\workbench-review\pose_Idle_054.png'
00:16.438  render           | Saved: 'C:\Users\iputu\Documents\Wonder Chess\reports\WC-U440\20260906T141653Z-orcs\rok-candidate02\workbench-review\pose_Idle_060.png'
00:16.485  render           | Saved: 'C:\Users\iputu\Documents\Wonder Chess\reports\WC-U440\20260906T141653Z-orcs\rok-candidate02\workbench-review\pose_Idle_121.png'
00:16.516  render           | Saved: 'C:\Users\iputu\Documents\Wonder Chess\reports\WC-U440\20260906T141653Z-orcs\rok-candidate02\workbench-review\pose_Move_001.png'
00:16.563  render           | Saved: 'C:\Users\iputu\Documents\Wonder Chess\reports\WC-U440\20260906T141653Z-orcs\rok-candidate02\workbench-review\pose_Move_020.png'
00:16.610  render           | Saved: 'C:\Users\iputu\Documents\Wonder Chess\reports\WC-U440\20260906T141653Z-orcs\rok-candidate02\workbench-review\pose_Move_024.png'
00:16.656  render           | Saved: 'C:\Users\iputu\Documents\Wonder Chess\reports\WC-U440\20260906T141653Z-orcs\rok-candidate02\workbench-review\pose_Move_030.png'
00:16.688  render           | Saved: 'C:\Users\iputu\Documents\Wonder Chess\reports\WC-U440\20260906T141653Z-orcs\rok-candidate02\workbench-review\pose_Move_061.png'
00:16.735  render           | Saved: 'C:\Users\iputu\Documents\Wonder Chess\reports\WC-U440\20260906T141653Z-orcs\rok-candidate02\workbench-review\pose_Attack_001.png'
00:16.781  render           | Saved: 'C:\Users\iputu\Documents\Wonder Chess\reports\WC-U440\20260906T141653Z-orcs\rok-candidate02\workbench-review\pose_Attack_016.png'
00:16.828  render           | Saved: 'C:\Users\iputu\Documents\Wonder Chess\reports\WC-U440\20260906T141653Z-orcs\rok-candidate02\workbench-review\pose_Attack_022.png'
00:16.860  render           | Saved: 'C:\Users\iputu\Documents\Wonder Chess\reports\WC-U440\20260906T141653Z-orcs\rok-candidate02\workbench-review\pose_Attack_023.png'
00:16.906  render           | Saved: 'C:\Users\iputu\Documents\Wonder Chess\reports\WC-U440\20260906T141653Z-orcs\rok-candidate02\workbench-review\pose_Attack_046.png'
00:16.938  render           | Saved: 'C:\Users\iputu\Documents\Wonder Chess\reports\WC-U440\20260906T141653Z-orcs\rok-candidate02\workbench-review\pose_Active_001.png'
00:16.985  render           | Saved: 'C:\Users\iputu\Documents\Wonder Chess\reports\WC-U440\20260906T141653Z-orcs\rok-candidate02\workbench-review\pose_Active_010.png'
00:17.016  render           | Saved: 'C:\Users\iputu\Documents\Wonder Chess\reports\WC-U440\20260906T141653Z-orcs\rok-candidate02\workbench-review\pose_Active_016.png'
00:17.047  render           | Saved: 'C:\Users\iputu\Documents\Wonder Chess\reports\WC-U440\20260906T141653Z-orcs\rok-candidate02\workbench-review\pose_Active_017.png'
00:17.094  render           | Saved: 'C:\Users\iputu\Documents\Wonder Chess\reports\WC-U440\20260906T141653Z-orcs\rok-candidate02\workbench-review\pose_Active_034.png'
00:17.141  render           | Saved: 'C:\Users\iputu\Documents\Wonder Chess\reports\WC-U440\20260906T141653Z-orcs\rok-candidate02\workbench-review\pose_Hit_001.png'
00:17.172  render           | Saved: 'C:\Users\iputu\Documents\Wonder Chess\reports\WC-U440\20260906T141653Z-orcs\rok-candidate02\workbench-review\pose_Hit_006.png'
00:17.235  render           | Saved: 'C:\Users\iputu\Documents\Wonder Chess\reports\WC-U440\20260906T141653Z-orcs\rok-candidate02\workbench-review\pose_Hit_008.png'
00:17.266  render           | Saved: 'C:\Users\iputu\Documents\Wonder Chess\reports\WC-U440\20260906T141653Z-orcs\rok-candidate02\workbench-review\pose_Hit_012.png'
00:17.313  render           | Saved: 'C:\Users\iputu\Documents\Wonder Chess\reports\WC-U440\20260906T141653Z-orcs\rok-candidate02\workbench-review\pose_Hit_025.png'
00:17.360  render           | Saved: 'C:\Users\iputu\Documents\Wonder Chess\reports\WC-U440\20260906T141653Z-orcs\rok-candidate02\workbench-review\pose_Defeat_001.png'
00:17.406  render           | Saved: 'C:\Users\iputu\Documents\Wonder Chess\reports\WC-U440\20260906T141653Z-orcs\rok-candidate02\workbench-review\pose_Defeat_020.png'
00:17.453  render           | Saved: 'C:\Users\iputu\Documents\Wonder Chess\reports\WC-U440\20260906T141653Z-orcs\rok-candidate02\workbench-review\pose_Defeat_024.png'
00:17.485  render           | Saved: 'C:\Users\iputu\Documents\Wonder Chess\reports\WC-U440\20260906T141653Z-orcs\rok-candidate02\workbench-review\pose_Defeat_030.png'
00:17.531  render           | Saved: 'C:\Users\iputu\Documents\Wonder Chess\reports\WC-U440\20260906T141653Z-orcs\rok-candidate02\workbench-review\pose_Defeat_061.png'
00:17.578  render           | Saved: 'C:\Users\iputu\Documents\Wonder Chess\reports\WC-U440\20260906T141653Z-orcs\rok-candidate02\workbench-review\pose_Victory_001.png'
00:17.625  render           | Saved: 'C:\Users\iputu\Documents\Wonder Chess\reports\WC-U440\20260906T141653Z-orcs\rok-candidate02\workbench-review\pose_Victory_030.png'
00:17.672  render           | Saved: 'C:\Users\iputu\Documents\Wonder Chess\reports\WC-U440\20260906T141653Z-orcs\rok-candidate02\workbench-review\pose_Victory_039.png'
00:17.719  render           | Saved: 'C:\Users\iputu\Documents\Wonder Chess\reports\WC-U440\20260906T141653Z-orcs\rok-candidate02\workbench-review\pose_Victory_045.png'
00:17.766  render           | Saved: 'C:\Users\iputu\Documents\Wonder Chess\reports\WC-U440\20260906T141653Z-orcs\rok-candidate02\workbench-review\pose_Victory_091.png'
{
  "status": "structural_checks_passed_visual_review_required",
  "blender_version": "5.1.1",
  "collection": "EXPORT",
  "evaluated_triangle_total": 5462,
  "objects": [
    {
      "name": "Armature",
      "type": "ARMATURE",
      "scale": [
        1.0,
        1.0,
        1.0
      ],
      "dimensions": [
        1.5882967710494995,
        0.5099999904632568,
        2.193000078201294
      ],
      "roots": [
        "root"
      ],
      "deform_bones": 27
    },
    {
      "name": "SK_wc_u_orc_warrior",
      "type": "MESH",
      "scale": [
        1.0,
        1.0,
        1.0
      ],
      "dimensions": [
        2.029764175415039,
        0.718086838722229,
        2.1332571506500244
      ],
      "evaluated_triangles": 5462,
      "material_slots": 1,
      "uv_layers": 1,
      "skin_checks": {
        "unweighted": 0,
        "excess_influences": 0,
        "unnormalized": 0
      }
    }
  ],
  "errors": [],
  "warnings": [],
  "not_checked": [
    "appearance",
    "deformation across all clips",
    "UV overlap appropriateness",
    "normal-map convention",
    "Unreal import",
    "LOD silhouette",
    "gameplay readability"
  ]
}
WC_ORC_NATIVE_FRAME_REVIEW_RENDERED wc_u_orc_warrior
Blender 5.1.1 (hash b70da489d7f4 built 2026-04-14 01:37:22)

Blender quit
