00:02.625  blend            | Read blend: "C:\Users\iputu\Documents\Wonder Chess\reports\WC-U440\20260906T141653Z-orcs\rok-candidate02\wc_u_orc_warrior-update24-revision7.blend"
Info: Applied modifier was not first, result may not be as expected
Info: Applied modifier was not first, result may not be as expected
Info: Saved as "wc_u_orc_warrior_revision7.blend"

FBX export starting... 'C:\\Users\\iputu\\Documents\\Wonder Chess\\reports\\WC-U440\\20260906T141653Z-orcs\\rok-candidate02\\workbench-review\\normalized-export\\SK_wc_u_orc_warrior.fbx'
(bpy.data.armatures['WC_humanoid_broad_v1.001'], 'POSE')
export finished in 0.0419 sec.

FBX export starting... 'C:\\Users\\iputu\\Documents\\Wonder Chess\\reports\\WC-U440\\20260906T141653Z-orcs\\rok-candidate02\\workbench-review\\normalized-export\\SK_wc_u_orc_warrior_LOD1.fbx'
(bpy.data.armatures['WC_humanoid_broad_v1.001'], 'POSE')
export finished in 0.0353 sec.

FBX export starting... 'C:\\Users\\iputu\\Documents\\Wonder Chess\\reports\\WC-U440\\20260906T141653Z-orcs\\rok-candidate02\\workbench-review\\normalized-export\\SK_wc_u_orc_warrior_LOD2.fbx'
(bpy.data.armatures['WC_humanoid_broad_v1.001'], 'POSE')
export finished in 0.0346 sec.

FBX export starting... 'C:\\Users\\iputu\\Documents\\Wonder Chess\\reports\\WC-U440\\20260906T141653Z-orcs\\rok-candidate02\\workbench-review\\normalized-export\\AN_wc_u_orc_warrior_Idle.fbx'
export finished in 0.1661 sec.

FBX export starting... 'C:\\Users\\iputu\\Documents\\Wonder Chess\\reports\\WC-U440\\20260906T141653Z-orcs\\rok-candidate02\\workbench-review\\normalized-export\\AN_wc_u_orc_warrior_Move.fbx'
export finished in 0.0997 sec.

FBX export starting... 'C:\\Users\\iputu\\Documents\\Wonder Chess\\reports\\WC-U440\\20260906T141653Z-orcs\\rok-candidate02\\workbench-review\\normalized-export\\AN_wc_u_orc_warrior_Attack.fbx'
export finished in 0.0954 sec.

FBX export starting... 'C:\\Users\\iputu\\Documents\\Wonder Chess\\reports\\WC-U440\\20260906T141653Z-orcs\\rok-candidate02\\workbench-review\\normalized-export\\AN_wc_u_orc_warrior_Active.fbx'
export finished in 0.0957 sec.

FBX export starting... 'C:\\Users\\iputu\\Documents\\Wonder Chess\\reports\\WC-U440\\20260906T141653Z-orcs\\rok-candidate02\\workbench-review\\normalized-export\\AN_wc_u_orc_warrior_Hit.fbx'
export finished in 0.0903 sec.

FBX export starting... 'C:\\Users\\iputu\\Documents\\Wonder Chess\\reports\\WC-U440\\20260906T141653Z-orcs\\rok-candidate02\\workbench-review\\normalized-export\\AN_wc_u_orc_warrior_Defeat.fbx'
export finished in 0.1155 sec.

FBX export starting... 'C:\\Users\\iputu\\Documents\\Wonder Chess\\reports\\WC-U440\\20260906T141653Z-orcs\\rok-candidate02\\workbench-review\\normalized-export\\AN_wc_u_orc_warrior_Victory.fbx'
export finished in 0.1471 sec.
WC_UPDATE24_NORMALIZED_EXPORT_COMPLETE wc_u_orc_warrior
Blender 5.1.1 (hash b70da489d7f4 built 2026-04-14 01:37:22)

Blender quit
