00:02.297  blend            | Read blend: "C:\Users\iputu\Documents\Wonder Chess\reports\WC-U440\20260906T141653Z-orcs\zura-candidate02\wc_u_orc_mage-update24-revision7.blend"
Info: Applied modifier was not first, result may not be as expected
Info: Applied modifier was not first, result may not be as expected
Info: Saved as "wc_u_orc_mage_revision7.blend"

FBX export starting... 'C:\\Users\\iputu\\Documents\\Wonder Chess\\reports\\WC-U440\\20260906T141653Z-orcs\\zura-candidate02\\workbench-fitted\\normalized-export\\SK_wc_u_orc_mage.fbx'
(bpy.data.armatures['WC_humanoid_broad_v1.001'], 'POSE')
export finished in 0.0412 sec.

FBX export starting... 'C:\\Users\\iputu\\Documents\\Wonder Chess\\reports\\WC-U440\\20260906T141653Z-orcs\\zura-candidate02\\workbench-fitted\\normalized-export\\SK_wc_u_orc_mage_LOD1.fbx'
(bpy.data.armatures['WC_humanoid_broad_v1.001'], 'POSE')
export finished in 0.0332 sec.

FBX export starting... 'C:\\Users\\iputu\\Documents\\Wonder Chess\\reports\\WC-U440\\20260906T141653Z-orcs\\zura-candidate02\\workbench-fitted\\normalized-export\\SK_wc_u_orc_mage_LOD2.fbx'
(bpy.data.armatures['WC_humanoid_broad_v1.001'], 'POSE')
export finished in 0.0314 sec.

FBX export starting... 'C:\\Users\\iputu\\Documents\\Wonder Chess\\reports\\WC-U440\\20260906T141653Z-orcs\\zura-candidate02\\workbench-fitted\\normalized-export\\AN_wc_u_orc_mage_Idle.fbx'
export finished in 0.1456 sec.

FBX export starting... 'C:\\Users\\iputu\\Documents\\Wonder Chess\\reports\\WC-U440\\20260906T141653Z-orcs\\zura-candidate02\\workbench-fitted\\normalized-export\\AN_wc_u_orc_mage_Move.fbx'
export finished in 0.1273 sec.

FBX export starting... 'C:\\Users\\iputu\\Documents\\Wonder Chess\\reports\\WC-U440\\20260906T141653Z-orcs\\zura-candidate02\\workbench-fitted\\normalized-export\\AN_wc_u_orc_mage_Attack.fbx'
export finished in 0.1061 sec.

FBX export starting... 'C:\\Users\\iputu\\Documents\\Wonder Chess\\reports\\WC-U440\\20260906T141653Z-orcs\\zura-candidate02\\workbench-fitted\\normalized-export\\AN_wc_u_orc_mage_Active.fbx'
export finished in 0.1056 sec.

FBX export starting... 'C:\\Users\\iputu\\Documents\\Wonder Chess\\reports\\WC-U440\\20260906T141653Z-orcs\\zura-candidate02\\workbench-fitted\\normalized-export\\AN_wc_u_orc_mage_Hit.fbx'
export finished in 0.0724 sec.

FBX export starting... 'C:\\Users\\iputu\\Documents\\Wonder Chess\\reports\\WC-U440\\20260906T141653Z-orcs\\zura-candidate02\\workbench-fitted\\normalized-export\\AN_wc_u_orc_mage_Defeat.fbx'
export finished in 0.1142 sec.

FBX export starting... 'C:\\Users\\iputu\\Documents\\Wonder Chess\\reports\\WC-U440\\20260906T141653Z-orcs\\zura-candidate02\\workbench-fitted\\normalized-export\\AN_wc_u_orc_mage_Victory.fbx'
export finished in 0.1528 sec.
WC_UPDATE24_NORMALIZED_EXPORT_COMPLETE wc_u_orc_mage
Blender 5.1.1 (hash b70da489d7f4 built 2026-04-14 01:37:22)

Blender quit
