00:02.594  blend            | Read blend: "C:\Users\iputu\Documents\Wonder Chess\art-source\heroes\wc_u_orc_mage\wc_u_orc_mage.blend"
{
  "status": "structural_checks_passed_visual_review_required",
  "blender_version": "5.1.1",
  "collection": "EXPORT",
  "evaluated_triangle_total": 6884,
  "objects": [
    {
      "name": "Armature",
      "type": "ARMATURE",
      "scale": [
        1.0,
        1.0,
        1.0
      ],
      "dimensions": [
        1.5337963104248047,
        0.4925000071525574,
        2.1177501678466797
      ],
      "roots": [
        "root"
      ],
      "deform_bones": 27
    },
    {
      "name": "SK_wc_u_orc_mage",
      "type": "MESH",
      "scale": [
        1.0,
        1.0,
        1.0
      ],
      "dimensions": [
        1.7527683973312378,
        0.7779043316841125,
        2.1083521842956543
      ],
      "evaluated_triangles": 6884,
      "material_slots": 1,
      "uv_layers": 1,
      "skin_checks": {
        "unweighted": 0,
        "excess_influences": 0,
        "unnormalized": 0
      }
    }
  ],
  "errors": [],
  "warnings": [],
  "not_checked": [
    "appearance",
    "deformation across all clips",
    "UV overlap appropriateness",
    "normal-map convention",
    "Unreal import",
    "LOD silhouette",
    "gameplay readability"
  ]
}
{
  "status": "structural_checks_passed_visual_review_required",
  "blender_version": "5.1.1",
  "collection": "LOD_SOURCE",
  "evaluated_triangle_total": 5161,
  "objects": [
    {
      "name": "SK_wc_u_orc_mage_LOD1",
      "type": "MESH",
      "scale": [
        1.0,
        1.0,
        1.0
      ],
      "dimensions": [
        1.7527683973312378,
        0.7779043316841125,
        2.10909366607666
      ],
      "evaluated_triangles": 3441,
      "material_slots": 1,
      "uv_layers": 1,
      "skin_checks": {
        "unweighted": 0,
        "excess_influences": 0,
        "unnormalized": 0
      }
    },
    {
      "name": "SK_wc_u_orc_mage_LOD2",
      "type": "MESH",
      "scale": [
        1.0,
        1.0,
        1.0
      ],
      "dimensions": [
        1.7522683143615723,
        0.7727861404418945,
        2.1091675758361816
      ],
      "evaluated_triangles": 1720,
      "material_slots": 1,
      "uv_layers": 1,
      "skin_checks": {
        "unweighted": 0,
        "excess_influences": 0,
        "unnormalized": 0
      }
    }
  ],
  "errors": [],
  "warnings": [],
  "not_checked": [
    "appearance",
    "deformation across all clips",
    "UV overlap appropriateness",
    "normal-map convention",
    "Unreal import",
    "LOD silhouette",
    "gameplay readability"
  ]
}
{
  "status": "sampled_motion_invariants_passed",
  "unit_id": "wc_u_orc_mage",
  "blender_version": "5.1.1",
  "sampling": "actual deformed mesh every 3 frames at 60fps",
  "clips": [
    {
      "clip": "Idle",
      "samples": 41,
      "minimum_support_sole_z_m": 0.017729993909597397,
      "maximum_support_sole_z_m": 0.017729993909597397,
      "max_root_translation_m": 0,
      "max_pose_scale_error": 0
    },
    {
      "clip": "Move",
      "samples": 21,
      "minimum_support_sole_z_m": 0.004068512469530106,
      "maximum_support_sole_z_m": 0.017729993909597397,
      "max_root_translation_m": 0,
      "max_pose_scale_error": 0
    },
    {
      "clip": "Attack",
      "samples": 15,
      "minimum_support_sole_z_m": 0.017729993909597397,
      "maximum_support_sole_z_m": 0.017729993909597397,
      "max_root_translation_m": 0,
      "max_pose_scale_error": 0
    },
    {
      "clip": "Active",
      "samples": 19,
      "minimum_support_sole_z_m": 0.017729993909597397,
      "maximum_support_sole_z_m": 0.017729993909597397,
      "max_root_translation_m": 0,
      "max_pose_scale_error": 0
    },
    {
      "clip": "Hit",
      "samples": 9,
      "minimum_support_sole_z_m": 0.017729993909597397,
      "maximum_support_sole_z_m": 0.017729993909597397,
      "max_root_translation_m": 0,
      "max_pose_scale_error": 0
    },
    {
      "clip": "Defeat",
      "samples": 21,
      "minimum_support_sole_z_m": 0.017729800194501877,
      "maximum_support_sole_z_m": 0.017729928717017174,
      "max_root_translation_m": 0,
      "max_pose_scale_error": 0
    },
    {
      "clip": "Victory",
      "samples": 31,
      "minimum_support_sole_z_m": 0.017729993909597397,
      "maximum_support_sole_z_m": 0.017729993909597397,
      "max_root_translation_m": 0,
      "max_pose_scale_error": 0
    }
  ],
  "errors": [],
  "not_checked": [
    "continuous visual quality",
    "weapon/costume clipping",
    "semantic gesture review",
    "Unreal retarget/import",
    "runtime move-speed synchronization"
  ]
}
WC_REFINED_HERO_PUBLISHED_CHECKS_PASS {"status": "PUBLISHED_SOURCE_EXPORT_AND_MOTION_CHECKS_PASS", "unit_id": "wc_u_orc_mage", "blender_version": "5.1.1", "source_revision": 7, "geometry_revision": 7, "animation_revision": 6, "source_sha256": "4a3ed73b9e7e03b54308c89b59b5dd31f7fe233280974643c360f756cafe4a81", "manifest_sha256": "af7424099783c027c5efe13bd9769f3026da01dc6c86abd19ba1eb86aa668bf9", "export_files_verified": 14, "triangles": 6884, "lods": [{"lod": 1, "triangles": 3441, "ratio_target": 0.5, "visual_acceptance": "pending current Unreal review"}, {"lod": 2, "triangles": 1720, "ratio_target": 0.25, "visual_acceptance": "pending current Unreal review"}], "modified_clips": [], "Unreal_reimport_verified": false, "final_art_accepted": false}
Blender 5.1.1 (hash b70da489d7f4 built 2026-04-14 01:37:22)

Blender quit
