00:02.156  blend            | Read blend: "C:\Users\iputu\Documents\Wonder Chess\reports\WC-U440\20260906T133433Z\rowan\refinement-v3\rowan-update24-revision7.blend"
00:03.297  render           | Saved: 'C:\Users\iputu\Documents\Wonder Chess\reports\WC-U440\20260906T133433Z\rowan\refinement-v3\motion-frames\Idle\0000.png'
00:03.938  render           | Saved: 'C:\Users\iputu\Documents\Wonder Chess\reports\WC-U440\20260906T133433Z\rowan\refinement-v3\motion-frames\Idle\0001.png'
00:04.578  render           | Saved: 'C:\Users\iputu\Documents\Wonder Chess\reports\WC-U440\20260906T133433Z\rowan\refinement-v3\motion-frames\Idle\0002.png'
00:05.234  render           | Saved: 'C:\Users\iputu\Documents\Wonder Chess\reports\WC-U440\20260906T133433Z\rowan\refinement-v3\motion-frames\Idle\0003.png'
00:05.875  render           | Saved: 'C:\Users\iputu\Documents\Wonder Chess\reports\WC-U440\20260906T133433Z\rowan\refinement-v3\motion-frames\Idle\0004.png'
00:06.500  render           | Saved: 'C:\Users\iputu\Documents\Wonder Chess\reports\WC-U440\20260906T133433Z\rowan\refinement-v3\motion-frames\Idle\0005.png'
00:07.125  render           | Saved: 'C:\Users\iputu\Documents\Wonder Chess\reports\WC-U440\20260906T133433Z\rowan\refinement-v3\motion-frames\Idle\0006.png'
00:07.766  render           | Saved: 'C:\Users\iputu\Documents\Wonder Chess\reports\WC-U440\20260906T133433Z\rowan\refinement-v3\motion-frames\Idle\0007.png'
00:08.375  render           | Saved: 'C:\Users\iputu\Documents\Wonder Chess\reports\WC-U440\20260906T133433Z\rowan\refinement-v3\motion-frames\Idle\0008.png'
00:09.031  render           | Saved: 'C:\Users\iputu\Documents\Wonder Chess\reports\WC-U440\20260906T133433Z\rowan\refinement-v3\motion-frames\Idle\0009.png'
00:09.719  render           | Saved: 'C:\Users\iputu\Documents\Wonder Chess\reports\WC-U440\20260906T133433Z\rowan\refinement-v3\motion-frames\Idle\0010.png'
00:10.469  render           | Saved: 'C:\Users\iputu\Documents\Wonder Chess\reports\WC-U440\20260906T133433Z\rowan\refinement-v3\motion-frames\Idle\0011.png'
00:11.250  render           | Saved: 'C:\Users\iputu\Documents\Wonder Chess\reports\WC-U440\20260906T133433Z\rowan\refinement-v3\motion-frames\Idle\0012.png'
00:11.922  render           | Saved: 'C:\Users\iputu\Documents\Wonder Chess\reports\WC-U440\20260906T133433Z\rowan\refinement-v3\motion-frames\Idle\0013.png'
00:12.594  render           | Saved: 'C:\Users\iputu\Documents\Wonder Chess\reports\WC-U440\20260906T133433Z\rowan\refinement-v3\motion-frames\Idle\0014.png'
00:13.250  render           | Saved: 'C:\Users\iputu\Documents\Wonder Chess\reports\WC-U440\20260906T133433Z\rowan\refinement-v3\motion-frames\Idle\0015.png'
00:13.938  render           | Saved: 'C:\Users\iputu\Documents\Wonder Chess\reports\WC-U440\20260906T133433Z\rowan\refinement-v3\motion-frames\Idle\0016.png'
00:14.688  render           | Saved: 'C:\Users\iputu\Documents\Wonder Chess\reports\WC-U440\20260906T133433Z\rowan\refinement-v3\motion-frames\Idle\0017.png'
00:15.406  render           | Saved: 'C:\Users\iputu\Documents\Wonder Chess\reports\WC-U440\20260906T133433Z\rowan\refinement-v3\motion-frames\Idle\0018.png'
00:16.063  render           | Saved: 'C:\Users\iputu\Documents\Wonder Chess\reports\WC-U440\20260906T133433Z\rowan\refinement-v3\motion-frames\Idle\0019.png'
00:16.734  render           | Saved: 'C:\Users\iputu\Documents\Wonder Chess\reports\WC-U440\20260906T133433Z\rowan\refinement-v3\motion-frames\Idle\0020.png'
00:17.406  render           | Saved: 'C:\Users\iputu\Documents\Wonder Chess\reports\WC-U440\20260906T133433Z\rowan\refinement-v3\motion-frames\Idle\0021.png'
00:18.078  render           | Saved: 'C:\Users\iputu\Documents\Wonder Chess\reports\WC-U440\20260906T133433Z\rowan\refinement-v3\motion-frames\Idle\0022.png'
00:18.750  render           | Saved: 'C:\Users\iputu\Documents\Wonder Chess\reports\WC-U440\20260906T133433Z\rowan\refinement-v3\motion-frames\Idle\0023.png'
00:19.422  render           | Saved: 'C:\Users\iputu\Documents\Wonder Chess\reports\WC-U440\20260906T133433Z\rowan\refinement-v3\motion-frames\Idle\0024.png'
00:20.125  render           | Saved: 'C:\Users\iputu\Documents\Wonder Chess\reports\WC-U440\20260906T133433Z\rowan\refinement-v3\motion-frames\Idle\0025.png'
00:20.813  render           | Saved: 'C:\Users\iputu\Documents\Wonder Chess\reports\WC-U440\20260906T133433Z\rowan\refinement-v3\motion-frames\Idle\0026.png'
00:21.500  render           | Saved: 'C:\Users\iputu\Documents\Wonder Chess\reports\WC-U440\20260906T133433Z\rowan\refinement-v3\motion-frames\Idle\0027.png'
00:22.172  render           | Saved: 'C:\Users\iputu\Documents\Wonder Chess\reports\WC-U440\20260906T133433Z\rowan\refinement-v3\motion-frames\Idle\0028.png'
00:22.844  render           | Saved: 'C:\Users\iputu\Documents\Wonder Chess\reports\WC-U440\20260906T133433Z\rowan\refinement-v3\motion-frames\Idle\0029.png'
00:23.516  render           | Saved: 'C:\Users\iputu\Documents\Wonder Chess\reports\WC-U440\20260906T133433Z\rowan\refinement-v3\motion-frames\Idle\0030.png'
00:24.172  render           | Saved: 'C:\Users\iputu\Documents\Wonder Chess\reports\WC-U440\20260906T133433Z\rowan\refinement-v3\motion-frames\Idle\0031.png'
00:24.859  render           | Saved: 'C:\Users\iputu\Documents\Wonder Chess\reports\WC-U440\20260906T133433Z\rowan\refinement-v3\motion-frames\Idle\0032.png'
00:25.563  render           | Saved: 'C:\Users\iputu\Documents\Wonder Chess\reports\WC-U440\20260906T133433Z\rowan\refinement-v3\motion-frames\Idle\0033.png'
00:26.234  render           | Saved: 'C:\Users\iputu\Documents\Wonder Chess\reports\WC-U440\20260906T133433Z\rowan\refinement-v3\motion-frames\Idle\0034.png'
00:26.891  render           | Saved: 'C:\Users\iputu\Documents\Wonder Chess\reports\WC-U440\20260906T133433Z\rowan\refinement-v3\motion-frames\Idle\0035.png'
00:27.578  render           | Saved: 'C:\Users\iputu\Documents\Wonder Chess\reports\WC-U440\20260906T133433Z\rowan\refinement-v3\motion-frames\Idle\0036.png'
00:28.234  render           | Saved: 'C:\Users\iputu\Documents\Wonder Chess\reports\WC-U440\20260906T133433Z\rowan\refinement-v3\motion-frames\Idle\0037.png'
00:28.938  render           | Saved: 'C:\Users\iputu\Documents\Wonder Chess\reports\WC-U440\20260906T133433Z\rowan\refinement-v3\motion-frames\Idle\0038.png'
00:29.656  render           | Saved: 'C:\Users\iputu\Documents\Wonder Chess\reports\WC-U440\20260906T133433Z\rowan\refinement-v3\motion-frames\Idle\0039.png'
{
  "status": "sampled_motion_invariants_passed",
  "unit_id": "wc_u_human_mage",
  "blender_version": "5.1.1",
  "sampling": "actual deformed mesh every 3 frames at 60fps",
  "clips": [
    {
      "clip": "Idle",
      "samples": 41,
      "minimum_support_sole_z_m": 0.016019994392991066,
      "maximum_support_sole_z_m": 0.016019994392991066,
      "max_root_translation_m": 0,
      "max_pose_scale_error": 0
    },
    {
      "clip": "Move",
      "samples": 21,
      "minimum_support_sole_z_m": 0.00367613323032856,
      "maximum_support_sole_z_m": 0.016019994392991066,
      "max_root_translation_m": 0,
      "max_pose_scale_error": 0
    },
    {
      "clip": "Attack",
      "samples": 15,
      "minimum_support_sole_z_m": 0.016019994392991066,
      "maximum_support_sole_z_m": 0.016019994392991066,
      "max_root_translation_m": 0,
      "max_pose_scale_error": 0
    },
    {
      "clip": "Active",
      "samples": 16,
      "minimum_support_sole_z_m": 0.016019994392991066,
      "maximum_support_sole_z_m": 0.016019994392991066,
      "max_root_translation_m": 0,
      "max_pose_scale_error": 0
    },
    {
      "clip": "Hit",
      "samples": 9,
      "minimum_support_sole_z_m": 0.016019994392991066,
      "maximum_support_sole_z_m": 0.016019994392991066,
      "max_root_translation_m": 0,
      "max_pose_scale_error": 0
    },
    {
      "clip": "Defeat",
      "samples": 21,
      "minimum_support_sole_z_m": 0.016019858419895172,
      "maximum_support_sole_z_m": 0.0160200297832489,
      "max_root_translation_m": 0,
      "max_pose_scale_error": 0
    },
    {
      "clip": "Victory",
      "samples": 31,
      "minimum_support_sole_z_m": 0.016019994392991066,
      "maximum_support_sole_z_m": 0.016019994392991066,
      "max_root_translation_m": 0,
      "max_pose_scale_error": 0
    }
  ],
  "errors": [],
  "not_checked": [
    "continuous visual quality",
    "weapon/costume clipping",
    "semantic gesture review",
    "Unreal retarget/import",
    "runtime move-speed synchronization"
  ]
}
{
  "status": "structural_checks_passed_visual_review_required",
  "blender_version": "5.1.1",
  "collection": "EXPORT",
  "evaluated_triangle_total": 4170,
  "objects": [
    {
      "name": "Armature",
      "type": "ARMATURE",
      "scale": [
        1.0,
        1.0,
        1.0
      ],
      "dimensions": [
        1.2078666687011719,
        0.44499993324279785,
        1.9135000705718994
      ],
      "roots": [
        "root"
      ],
      "deform_bones": 27
    },
    {
      "name": "SK_wc_u_human_mage",
      "type": "MESH",
      "scale": [
        1.0,
        1.0,
        1.0
      ],
      "dimensions": [
        1.36899733543396,
        0.5206953287124634,
        1.7710998058319092
      ],
      "evaluated_triangles": 4170,
      "material_slots": 1,
      "uv_layers": 1,
      "skin_checks": {
        "unweighted": 0,
        "excess_influences": 0,
        "unnormalized": 0
      }
    }
  ],
  "errors": [],
  "warnings": [],
  "not_checked": [
    "appearance",
    "deformation across all clips",
    "UV overlap appropriateness",
    "normal-map convention",
    "Unreal import",
    "LOD silhouette",
    "gameplay readability"
  ]
}
WC_REFINED_HERO_MOTION_RENDERED wc_u_human_mage Idle
00:30.422  render           | Saved: 'C:\Users\iputu\Documents\Wonder Chess\reports\WC-U440\20260906T133433Z\rowan\refinement-v3\motion-frames\Move\0000.png'
00:31.172  render           | Saved: 'C:\Users\iputu\Documents\Wonder Chess\reports\WC-U440\20260906T133433Z\rowan\refinement-v3\motion-frames\Move\0001.png'
00:31.891  render           | Saved: 'C:\Users\iputu\Documents\Wonder Chess\reports\WC-U440\20260906T133433Z\rowan\refinement-v3\motion-frames\Move\0002.png'
00:32.594  render           | Saved: 'C:\Users\iputu\Documents\Wonder Chess\reports\WC-U440\20260906T133433Z\rowan\refinement-v3\motion-frames\Move\0003.png'
00:33.328  render           | Saved: 'C:\Users\iputu\Documents\Wonder Chess\reports\WC-U440\20260906T133433Z\rowan\refinement-v3\motion-frames\Move\0004.png'
00:34.141  render           | Saved: 'C:\Users\iputu\Documents\Wonder Chess\reports\WC-U440\20260906T133433Z\rowan\refinement-v3\motion-frames\Move\0005.png'
00:35.078  render           | Saved: 'C:\Users\iputu\Documents\Wonder Chess\reports\WC-U440\20260906T133433Z\rowan\refinement-v3\motion-frames\Move\0006.png'
00:36.063  render           | Saved: 'C:\Users\iputu\Documents\Wonder Chess\reports\WC-U440\20260906T133433Z\rowan\refinement-v3\motion-frames\Move\0007.png'
00:37.000  render           | Saved: 'C:\Users\iputu\Documents\Wonder Chess\reports\WC-U440\20260906T133433Z\rowan\refinement-v3\motion-frames\Move\0008.png'
00:38.000  render           | Saved: 'C:\Users\iputu\Documents\Wonder Chess\reports\WC-U440\20260906T133433Z\rowan\refinement-v3\motion-frames\Move\0009.png'
00:38.844  render           | Saved: 'C:\Users\iputu\Documents\Wonder Chess\reports\WC-U440\20260906T133433Z\rowan\refinement-v3\motion-frames\Move\0010.png'
00:39.703  render           | Saved: 'C:\Users\iputu\Documents\Wonder Chess\reports\WC-U440\20260906T133433Z\rowan\refinement-v3\motion-frames\Move\0011.png'
00:40.547  render           | Saved: 'C:\Users\iputu\Documents\Wonder Chess\reports\WC-U440\20260906T133433Z\rowan\refinement-v3\motion-frames\Move\0012.png'
00:41.391  render           | Saved: 'C:\Users\iputu\Documents\Wonder Chess\reports\WC-U440\20260906T133433Z\rowan\refinement-v3\motion-frames\Move\0013.png'
00:42.250  render           | Saved: 'C:\Users\iputu\Documents\Wonder Chess\reports\WC-U440\20260906T133433Z\rowan\refinement-v3\motion-frames\Move\0014.png'
00:43.219  render           | Saved: 'C:\Users\iputu\Documents\Wonder Chess\reports\WC-U440\20260906T133433Z\rowan\refinement-v3\motion-frames\Move\0015.png'
00:47.313  render           | Saved: 'C:\Users\iputu\Documents\Wonder Chess\reports\WC-U440\20260906T133433Z\rowan\refinement-v3\motion-frames\Move\0016.png'
00:54.219  render           | Saved: 'C:\Users\iputu\Documents\Wonder Chess\reports\WC-U440\20260906T133433Z\rowan\refinement-v3\motion-frames\Move\0017.png'
00:58.734  render           | Saved: 'C:\Users\iputu\Documents\Wonder Chess\reports\WC-U440\20260906T133433Z\rowan\refinement-v3\motion-frames\Move\0018.png'
01:03.297  render           | Saved: 'C:\Users\iputu\Documents\Wonder Chess\reports\WC-U440\20260906T133433Z\rowan\refinement-v3\motion-frames\Move\0019.png'
WC_REFINED_HERO_MOTION_RENDERED wc_u_human_mage Move
01:08.609  render           | Saved: 'C:\Users\iputu\Documents\Wonder Chess\reports\WC-U440\20260906T133433Z\rowan\refinement-v3\motion-frames\Attack\0000.png'
01:12.813  render           | Saved: 'C:\Users\iputu\Documents\Wonder Chess\reports\WC-U440\20260906T133433Z\rowan\refinement-v3\motion-frames\Attack\0001.png'
01:19.391  render           | Saved: 'C:\Users\iputu\Documents\Wonder Chess\reports\WC-U440\20260906T133433Z\rowan\refinement-v3\motion-frames\Attack\0002.png'
01:24.344  render           | Saved: 'C:\Users\iputu\Documents\Wonder Chess\reports\WC-U440\20260906T133433Z\rowan\refinement-v3\motion-frames\Attack\0003.png'
01:29.375  render           | Saved: 'C:\Users\iputu\Documents\Wonder Chess\reports\WC-U440\20260906T133433Z\rowan\refinement-v3\motion-frames\Attack\0004.png'
01:36.656  render           | Saved: 'C:\Users\iputu\Documents\Wonder Chess\reports\WC-U440\20260906T133433Z\rowan\refinement-v3\motion-frames\Attack\0005.png'
01:41.219  render           | Saved: 'C:\Users\iputu\Documents\Wonder Chess\reports\WC-U440\20260906T133433Z\rowan\refinement-v3\motion-frames\Attack\0006.png'
01:43.031  render           | Saved: 'C:\Users\iputu\Documents\Wonder Chess\reports\WC-U440\20260906T133433Z\rowan\refinement-v3\motion-frames\Attack\0007.png'
01:43.953  render           | Saved: 'C:\Users\iputu\Documents\Wonder Chess\reports\WC-U440\20260906T133433Z\rowan\refinement-v3\motion-frames\Attack\0008.png'
01:44.797  render           | Saved: 'C:\Users\iputu\Documents\Wonder Chess\reports\WC-U440\20260906T133433Z\rowan\refinement-v3\motion-frames\Attack\0009.png'
01:45.641  render           | Saved: 'C:\Users\iputu\Documents\Wonder Chess\reports\WC-U440\20260906T133433Z\rowan\refinement-v3\motion-frames\Attack\0010.png'
01:46.469  render           | Saved: 'C:\Users\iputu\Documents\Wonder Chess\reports\WC-U440\20260906T133433Z\rowan\refinement-v3\motion-frames\Attack\0011.png'
01:47.375  render           | Saved: 'C:\Users\iputu\Documents\Wonder Chess\reports\WC-U440\20260906T133433Z\rowan\refinement-v3\motion-frames\Attack\0012.png'
01:48.375  render           | Saved: 'C:\Users\iputu\Documents\Wonder Chess\reports\WC-U440\20260906T133433Z\rowan\refinement-v3\motion-frames\Attack\0013.png'
WC_REFINED_HERO_MOTION_RENDERED wc_u_human_mage Attack
01:49.313  render           | Saved: 'C:\Users\iputu\Documents\Wonder Chess\reports\WC-U440\20260906T133433Z\rowan\refinement-v3\motion-frames\Active\0000.png'
01:50.453  render           | Saved: 'C:\Users\iputu\Documents\Wonder Chess\reports\WC-U440\20260906T133433Z\rowan\refinement-v3\motion-frames\Active\0001.png'
01:51.297  render           | Saved: 'C:\Users\iputu\Documents\Wonder Chess\reports\WC-U440\20260906T133433Z\rowan\refinement-v3\motion-frames\Active\0002.png'
01:52.109  render           | Saved: 'C:\Users\iputu\Documents\Wonder Chess\reports\WC-U440\20260906T133433Z\rowan\refinement-v3\motion-frames\Active\0003.png'
01:52.922  render           | Saved: 'C:\Users\iputu\Documents\Wonder Chess\reports\WC-U440\20260906T133433Z\rowan\refinement-v3\motion-frames\Active\0004.png'
01:53.750  render           | Saved: 'C:\Users\iputu\Documents\Wonder Chess\reports\WC-U440\20260906T133433Z\rowan\refinement-v3\motion-frames\Active\0005.png'
01:54.547  render           | Saved: 'C:\Users\iputu\Documents\Wonder Chess\reports\WC-U440\20260906T133433Z\rowan\refinement-v3\motion-frames\Active\0006.png'
01:55.359  render           | Saved: 'C:\Users\iputu\Documents\Wonder Chess\reports\WC-U440\20260906T133433Z\rowan\refinement-v3\motion-frames\Active\0007.png'
01:56.141  render           | Saved: 'C:\Users\iputu\Documents\Wonder Chess\reports\WC-U440\20260906T133433Z\rowan\refinement-v3\motion-frames\Active\0008.png'
01:56.969  render           | Saved: 'C:\Users\iputu\Documents\Wonder Chess\reports\WC-U440\20260906T133433Z\rowan\refinement-v3\motion-frames\Active\0009.png'
01:57.781  render           | Saved: 'C:\Users\iputu\Documents\Wonder Chess\reports\WC-U440\20260906T133433Z\rowan\refinement-v3\motion-frames\Active\0010.png'
01:58.563  render           | Saved: 'C:\Users\iputu\Documents\Wonder Chess\reports\WC-U440\20260906T133433Z\rowan\refinement-v3\motion-frames\Active\0011.png'
01:59.391  render           | Saved: 'C:\Users\iputu\Documents\Wonder Chess\reports\WC-U440\20260906T133433Z\rowan\refinement-v3\motion-frames\Active\0012.png'
02:00.203  render           | Saved: 'C:\Users\iputu\Documents\Wonder Chess\reports\WC-U440\20260906T133433Z\rowan\refinement-v3\motion-frames\Active\0013.png'
02:00.984  render           | Saved: 'C:\Users\iputu\Documents\Wonder Chess\reports\WC-U440\20260906T133433Z\rowan\refinement-v3\motion-frames\Active\0014.png'
WC_REFINED_HERO_MOTION_RENDERED wc_u_human_mage Active
02:01.734  render           | Saved: 'C:\Users\iputu\Documents\Wonder Chess\reports\WC-U440\20260906T133433Z\rowan\refinement-v3\motion-frames\Hit\0000.png'
02:02.469  render           | Saved: 'C:\Users\iputu\Documents\Wonder Chess\reports\WC-U440\20260906T133433Z\rowan\refinement-v3\motion-frames\Hit\0001.png'
02:03.234  render           | Saved: 'C:\Users\iputu\Documents\Wonder Chess\reports\WC-U440\20260906T133433Z\rowan\refinement-v3\motion-frames\Hit\0002.png'
02:04.078  render           | Saved: 'C:\Users\iputu\Documents\Wonder Chess\reports\WC-U440\20260906T133433Z\rowan\refinement-v3\motion-frames\Hit\0003.png'
02:05.109  render           | Saved: 'C:\Users\iputu\Documents\Wonder Chess\reports\WC-U440\20260906T133433Z\rowan\refinement-v3\motion-frames\Hit\0004.png'
02:06.016  render           | Saved: 'C:\Users\iputu\Documents\Wonder Chess\reports\WC-U440\20260906T133433Z\rowan\refinement-v3\motion-frames\Hit\0005.png'
02:06.859  render           | Saved: 'C:\Users\iputu\Documents\Wonder Chess\reports\WC-U440\20260906T133433Z\rowan\refinement-v3\motion-frames\Hit\0006.png'
02:07.688  render           | Saved: 'C:\Users\iputu\Documents\Wonder Chess\reports\WC-U440\20260906T133433Z\rowan\refinement-v3\motion-frames\Hit\0007.png'
WC_REFINED_HERO_MOTION_RENDERED wc_u_human_mage Hit
02:08.469  render           | Saved: 'C:\Users\iputu\Documents\Wonder Chess\reports\WC-U440\20260906T133433Z\rowan\refinement-v3\motion-frames\Defeat\0000.png'
02:09.281  render           | Saved: 'C:\Users\iputu\Documents\Wonder Chess\reports\WC-U440\20260906T133433Z\rowan\refinement-v3\motion-frames\Defeat\0001.png'
02:10.078  render           | Saved: 'C:\Users\iputu\Documents\Wonder Chess\reports\WC-U440\20260906T133433Z\rowan\refinement-v3\motion-frames\Defeat\0002.png'
02:10.891  render           | Saved: 'C:\Users\iputu\Documents\Wonder Chess\reports\WC-U440\20260906T133433Z\rowan\refinement-v3\motion-frames\Defeat\0003.png'
02:11.656  render           | Saved: 'C:\Users\iputu\Documents\Wonder Chess\reports\WC-U440\20260906T133433Z\rowan\refinement-v3\motion-frames\Defeat\0004.png'
02:12.438  render           | Saved: 'C:\Users\iputu\Documents\Wonder Chess\reports\WC-U440\20260906T133433Z\rowan\refinement-v3\motion-frames\Defeat\0005.png'
02:13.188  render           | Saved: 'C:\Users\iputu\Documents\Wonder Chess\reports\WC-U440\20260906T133433Z\rowan\refinement-v3\motion-frames\Defeat\0006.png'
02:13.969  render           | Saved: 'C:\Users\iputu\Documents\Wonder Chess\reports\WC-U440\20260906T133433Z\rowan\refinement-v3\motion-frames\Defeat\0007.png'
02:14.750  render           | Saved: 'C:\Users\iputu\Documents\Wonder Chess\reports\WC-U440\20260906T133433Z\rowan\refinement-v3\motion-frames\Defeat\0008.png'
02:15.531  render           | Saved: 'C:\Users\iputu\Documents\Wonder Chess\reports\WC-U440\20260906T133433Z\rowan\refinement-v3\motion-frames\Defeat\0009.png'
02:16.344  render           | Saved: 'C:\Users\iputu\Documents\Wonder Chess\reports\WC-U440\20260906T133433Z\rowan\refinement-v3\motion-frames\Defeat\0010.png'
02:17.203  render           | Saved: 'C:\Users\iputu\Documents\Wonder Chess\reports\WC-U440\20260906T133433Z\rowan\refinement-v3\motion-frames\Defeat\0011.png'
02:18.000  render           | Saved: 'C:\Users\iputu\Documents\Wonder Chess\reports\WC-U440\20260906T133433Z\rowan\refinement-v3\motion-frames\Defeat\0012.png'
02:18.781  render           | Saved: 'C:\Users\iputu\Documents\Wonder Chess\reports\WC-U440\20260906T133433Z\rowan\refinement-v3\motion-frames\Defeat\0013.png'
02:19.594  render           | Saved: 'C:\Users\iputu\Documents\Wonder Chess\reports\WC-U440\20260906T133433Z\rowan\refinement-v3\motion-frames\Defeat\0014.png'
02:20.406  render           | Saved: 'C:\Users\iputu\Documents\Wonder Chess\reports\WC-U440\20260906T133433Z\rowan\refinement-v3\motion-frames\Defeat\0015.png'
02:21.188  render           | Saved: 'C:\Users\iputu\Documents\Wonder Chess\reports\WC-U440\20260906T133433Z\rowan\refinement-v3\motion-frames\Defeat\0016.png'
02:21.938  render           | Saved: 'C:\Users\iputu\Documents\Wonder Chess\reports\WC-U440\20260906T133433Z\rowan\refinement-v3\motion-frames\Defeat\0017.png'
02:22.688  render           | Saved: 'C:\Users\iputu\Documents\Wonder Chess\reports\WC-U440\20260906T133433Z\rowan\refinement-v3\motion-frames\Defeat\0018.png'
02:23.469  render           | Saved: 'C:\Users\iputu\Documents\Wonder Chess\reports\WC-U440\20260906T133433Z\rowan\refinement-v3\motion-frames\Defeat\0019.png'
WC_REFINED_HERO_MOTION_RENDERED wc_u_human_mage Defeat
02:24.234  render           | Saved: 'C:\Users\iputu\Documents\Wonder Chess\reports\WC-U440\20260906T133433Z\rowan\refinement-v3\motion-frames\Victory\0000.png'
02:25.078  render           | Saved: 'C:\Users\iputu\Documents\Wonder Chess\reports\WC-U440\20260906T133433Z\rowan\refinement-v3\motion-frames\Victory\0001.png'
02:25.844  render           | Saved: 'C:\Users\iputu\Documents\Wonder Chess\reports\WC-U440\20260906T133433Z\rowan\refinement-v3\motion-frames\Victory\0002.png'
02:26.641  render           | Saved: 'C:\Users\iputu\Documents\Wonder Chess\reports\WC-U440\20260906T133433Z\rowan\refinement-v3\motion-frames\Victory\0003.png'
02:27.422  render           | Saved: 'C:\Users\iputu\Documents\Wonder Chess\reports\WC-U440\20260906T133433Z\rowan\refinement-v3\motion-frames\Victory\0004.png'
02:28.188  render           | Saved: 'C:\Users\iputu\Documents\Wonder Chess\reports\WC-U440\20260906T133433Z\rowan\refinement-v3\motion-frames\Victory\0005.png'
02:28.906  render           | Saved: 'C:\Users\iputu\Documents\Wonder Chess\reports\WC-U440\20260906T133433Z\rowan\refinement-v3\motion-frames\Victory\0006.png'
02:29.625  render           | Saved: 'C:\Users\iputu\Documents\Wonder Chess\reports\WC-U440\20260906T133433Z\rowan\refinement-v3\motion-frames\Victory\0007.png'
02:30.484  render           | Saved: 'C:\Users\iputu\Documents\Wonder Chess\reports\WC-U440\20260906T133433Z\rowan\refinement-v3\motion-frames\Victory\0008.png'
02:31.203  render           | Saved: 'C:\Users\iputu\Documents\Wonder Chess\reports\WC-U440\20260906T133433Z\rowan\refinement-v3\motion-frames\Victory\0009.png'
02:31.891  render           | Saved: 'C:\Users\iputu\Documents\Wonder Chess\reports\WC-U440\20260906T133433Z\rowan\refinement-v3\motion-frames\Victory\0010.png'
02:32.594  render           | Saved: 'C:\Users\iputu\Documents\Wonder Chess\reports\WC-U440\20260906T133433Z\rowan\refinement-v3\motion-frames\Victory\0011.png'
02:33.313  render           | Saved: 'C:\Users\iputu\Documents\Wonder Chess\reports\WC-U440\20260906T133433Z\rowan\refinement-v3\motion-frames\Victory\0012.png'
02:34.031  render           | Saved: 'C:\Users\iputu\Documents\Wonder Chess\reports\WC-U440\20260906T133433Z\rowan\refinement-v3\motion-frames\Victory\0013.png'
02:34.781  render           | Saved: 'C:\Users\iputu\Documents\Wonder Chess\reports\WC-U440\20260906T133433Z\rowan\refinement-v3\motion-frames\Victory\0014.png'
02:35.531  render           | Saved: 'C:\Users\iputu\Documents\Wonder Chess\reports\WC-U440\20260906T133433Z\rowan\refinement-v3\motion-frames\Victory\0015.png'
02:36.266  render           | Saved: 'C:\Users\iputu\Documents\Wonder Chess\reports\WC-U440\20260906T133433Z\rowan\refinement-v3\motion-frames\Victory\0016.png'
02:37.016  render           | Saved: 'C:\Users\iputu\Documents\Wonder Chess\reports\WC-U440\20260906T133433Z\rowan\refinement-v3\motion-frames\Victory\0017.png'
02:37.734  render           | Saved: 'C:\Users\iputu\Documents\Wonder Chess\reports\WC-U440\20260906T133433Z\rowan\refinement-v3\motion-frames\Victory\0018.png'
02:38.438  render           | Saved: 'C:\Users\iputu\Documents\Wonder Chess\reports\WC-U440\20260906T133433Z\rowan\refinement-v3\motion-frames\Victory\0019.png'
02:39.203  render           | Saved: 'C:\Users\iputu\Documents\Wonder Chess\reports\WC-U440\20260906T133433Z\rowan\refinement-v3\motion-frames\Victory\0020.png'
02:39.938  render           | Saved: 'C:\Users\iputu\Documents\Wonder Chess\reports\WC-U440\20260906T133433Z\rowan\refinement-v3\motion-frames\Victory\0021.png'
02:40.656  render           | Saved: 'C:\Users\iputu\Documents\Wonder Chess\reports\WC-U440\20260906T133433Z\rowan\refinement-v3\motion-frames\Victory\0022.png'
02:41.344  render           | Saved: 'C:\Users\iputu\Documents\Wonder Chess\reports\WC-U440\20260906T133433Z\rowan\refinement-v3\motion-frames\Victory\0023.png'
02:42.063  render           | Saved: 'C:\Users\iputu\Documents\Wonder Chess\reports\WC-U440\20260906T133433Z\rowan\refinement-v3\motion-frames\Victory\0024.png'
02:42.750  render           | Saved: 'C:\Users\iputu\Documents\Wonder Chess\reports\WC-U440\20260906T133433Z\rowan\refinement-v3\motion-frames\Victory\0025.png'
02:43.438  render           | Saved: 'C:\Users\iputu\Documents\Wonder Chess\reports\WC-U440\20260906T133433Z\rowan\refinement-v3\motion-frames\Victory\0026.png'
02:44.203  render           | Saved: 'C:\Users\iputu\Documents\Wonder Chess\reports\WC-U440\20260906T133433Z\rowan\refinement-v3\motion-frames\Victory\0027.png'
02:44.922  render           | Saved: 'C:\Users\iputu\Documents\Wonder Chess\reports\WC-U440\20260906T133433Z\rowan\refinement-v3\motion-frames\Victory\0028.png'
02:45.672  render           | Saved: 'C:\Users\iputu\Documents\Wonder Chess\reports\WC-U440\20260906T133433Z\rowan\refinement-v3\motion-frames\Victory\0029.png'
WC_REFINED_HERO_MOTION_RENDERED wc_u_human_mage Victory
Blender 5.1.1 (hash b70da489d7f4 built 2026-04-14 01:37:22)

Blender quit
