00:02.485  blend            | Read blend: "C:\Users\iputu\Documents\Wonder Chess\reports\WC-U440\20260906T133433Z\rowan\refinement-v3\rowan-update24-revision7.blend"
Info: Applied modifier was not first, result may not be as expected
Info: Applied modifier was not first, result may not be as expected
Info: Saved as "wc_u_human_mage_revision7.blend"

FBX export starting... 'C:\\Users\\iputu\\Documents\\Wonder Chess\\reports\\WC-U440\\20260906T133433Z\\rowan\\refinement-v3\\normalized-export\\SK_wc_u_human_mage.fbx'
(bpy.data.armatures['WC_humanoid_standard_v1.001'], 'POSE')
export finished in 0.0468 sec.

FBX export starting... 'C:\\Users\\iputu\\Documents\\Wonder Chess\\reports\\WC-U440\\20260906T133433Z\\rowan\\refinement-v3\\normalized-export\\SK_wc_u_human_mage_LOD1.fbx'
(bpy.data.armatures['WC_humanoid_standard_v1.001'], 'POSE')
export finished in 0.0335 sec.

FBX export starting... 'C:\\Users\\iputu\\Documents\\Wonder Chess\\reports\\WC-U440\\20260906T133433Z\\rowan\\refinement-v3\\normalized-export\\SK_wc_u_human_mage_LOD2.fbx'
(bpy.data.armatures['WC_humanoid_standard_v1.001'], 'POSE')
export finished in 0.0312 sec.

FBX export starting... 'C:\\Users\\iputu\\Documents\\Wonder Chess\\reports\\WC-U440\\20260906T133433Z\\rowan\\refinement-v3\\normalized-export\\AN_wc_u_human_mage_Idle.fbx'
export finished in 0.1876 sec.

FBX export starting... 'C:\\Users\\iputu\\Documents\\Wonder Chess\\reports\\WC-U440\\20260906T133433Z\\rowan\\refinement-v3\\normalized-export\\AN_wc_u_human_mage_Move.fbx'
export finished in 0.1202 sec.

FBX export starting... 'C:\\Users\\iputu\\Documents\\Wonder Chess\\reports\\WC-U440\\20260906T133433Z\\rowan\\refinement-v3\\normalized-export\\AN_wc_u_human_mage_Attack.fbx'
export finished in 0.1047 sec.

FBX export starting... 'C:\\Users\\iputu\\Documents\\Wonder Chess\\reports\\WC-U440\\20260906T133433Z\\rowan\\refinement-v3\\normalized-export\\AN_wc_u_human_mage_Active.fbx'
export finished in 0.1082 sec.

FBX export starting... 'C:\\Users\\iputu\\Documents\\Wonder Chess\\reports\\WC-U440\\20260906T133433Z\\rowan\\refinement-v3\\normalized-export\\AN_wc_u_human_mage_Hit.fbx'
export finished in 0.0767 sec.

FBX export starting... 'C:\\Users\\iputu\\Documents\\Wonder Chess\\reports\\WC-U440\\20260906T133433Z\\rowan\\refinement-v3\\normalized-export\\AN_wc_u_human_mage_Defeat.fbx'
export finished in 0.1382 sec.

FBX export starting... 'C:\\Users\\iputu\\Documents\\Wonder Chess\\reports\\WC-U440\\20260906T133433Z\\rowan\\refinement-v3\\normalized-export\\AN_wc_u_human_mage_Victory.fbx'
export finished in 0.1711 sec.
WC_UPDATE24_NORMALIZED_EXPORT_COMPLETE wc_u_human_mage
Blender 5.1.1 (hash b70da489d7f4 built 2026-04-14 01:37:22)

Blender quit
