00:06.344  blend            | Read blend: "C:\Users\iputu\Documents\Wonder Chess\art-source\asset-studio\wc_u_human_guardian\stages\body-costume\BW3\r001\thumb_route_C_final_method_input.blend"
00:15.812  blend            | Read blend: "C:\Users\iputu\Documents\Wonder Chess\art-source\asset-studio\wc_u_human_guardian\stages\body-costume\BW3\r001\ada_bw3_grip_work.blend"
00:24.203  blend            | Read blend: "C:\Users\iputu\Documents\Wonder Chess\art-source\asset-studio\wc_u_human_guardian\stages\body-costume\BW3\r001\ada_bw3_grip_checkpoint_r001_ART_REVISE.blend"
{
  "blender": "5.1.1",
  "method": "Native reopen of work, frozen result and C evidence input. Exact masters and independent candidate data; action/mesh/modifier/hierarchy binding plus10 posed geometry samples. No source saves.",
  "binding": {
    "all_core_data_equal": true,
    "all10_pose_samples_equal": true,
    "frames": [
      1,
      7,
      15,
      20,
      25,
      49,
      85,
      109,
      121,
      145
    ]
  },
  "protected_file_count": 560,
  "protected_all_unchanged": true,
  "all_source_files_unchanged_after_reopen": true,
  "reopen_pass": true
}
Blender 5.1.1 (hash b70da489d7f4 built 2026-04-14 01:37:22)

Blender quit
