00:02.609  blend            | Read blend: "C:\Users\iputu\Documents\Wonder Chess\art-source\heroes\wc_u_human_guardian\wc_u_human_guardian.blend"
{
  "status": "ALL_AUTHORED_FRAME_METRICS_PASS",
  "source_sha256": "70f97a1d00555cbee1c8bb42b7e6797936e02d1e6167ec16163e94744aeaa2a6",
  "blender_version": "5.1.1",
  "sampling": "Every integer frame at authored 60fps, including endpoints",
  "frames_checked": 156,
  "clips": [
    {
      "clip": "Attack",
      "frames_checked": 40,
      "max_width_m": 1.6944987773895264,
      "minimum_eye_above_shield_m": 0.17307162284851074,
      "minimum_support_sole_z_m": 0.016380002722144127,
      "maximum_support_sole_z_m": 0.016380002722144127,
      "max_root_translation_m": 0.0,
      "max_pose_scale_error": 1.7881393432617188e-07
    },
    {
      "clip": "Hit",
      "frames_checked": 25,
      "max_width_m": 1.6139345169067383,
      "minimum_eye_above_shield_m": 0.12954020500183105,
      "minimum_support_sole_z_m": 0.016380002722144127,
      "maximum_support_sole_z_m": 0.016380002722144127,
      "max_root_translation_m": 0.0,
      "max_pose_scale_error": 1.7881393432617188e-07
    },
    {
      "clip": "Victory",
      "frames_checked": 91,
      "max_width_m": 1.5995298624038696,
      "minimum_eye_above_shield_m": 0.0803227424621582,
      "minimum_support_sole_z_m": 0.016380002722144127,
      "maximum_support_sole_z_m": 0.016380002722144127,
      "max_root_translation_m": 0.0,
      "max_pose_scale_error": 1.7881393432617188e-07
    }
  ],
  "errors": [],
  "limits": [
    "Not continuous visual acceptance",
    "Does not certify equipment intersections",
    "Unreal animation compression and rendering not checked"
  ]
}
Blender 5.1.1 (hash b70da489d7f4 built 2026-04-14 01:37:22)

Blender quit
