00:02.187  blend            | Read blend: "C:\Users\iputu\Documents\Wonder Chess\reports\WC-U440\20260906T130945Z\ada\refinement-v3\ada-update24-revision7.blend"
Info: Applied modifier was not first, result may not be as expected
Info: Applied modifier was not first, result may not be as expected
Info: Saved as "wc_u_human_guardian_revision7.blend"

FBX export starting... 'C:\\Users\\iputu\\Documents\\Wonder Chess\\reports\\WC-U440\\20260906T130945Z\\ada\\refinement-v3\\normalized-export\\SK_wc_u_human_guardian.fbx'
(bpy.data.armatures['WC_humanoid_standard_v1.001'], 'POSE')
export finished in 0.0402 sec.

FBX export starting... 'C:\\Users\\iputu\\Documents\\Wonder Chess\\reports\\WC-U440\\20260906T130945Z\\ada\\refinement-v3\\normalized-export\\SK_wc_u_human_guardian_LOD1.fbx'
(bpy.data.armatures['WC_humanoid_standard_v1.001'], 'POSE')
export finished in 0.0298 sec.

FBX export starting... 'C:\\Users\\iputu\\Documents\\Wonder Chess\\reports\\WC-U440\\20260906T130945Z\\ada\\refinement-v3\\normalized-export\\SK_wc_u_human_guardian_LOD2.fbx'
(bpy.data.armatures['WC_humanoid_standard_v1.001'], 'POSE')
export finished in 0.0252 sec.

FBX export starting... 'C:\\Users\\iputu\\Documents\\Wonder Chess\\reports\\WC-U440\\20260906T130945Z\\ada\\refinement-v3\\normalized-export\\AN_wc_u_human_guardian_Idle.fbx'
export finished in 0.1509 sec.

FBX export starting... 'C:\\Users\\iputu\\Documents\\Wonder Chess\\reports\\WC-U440\\20260906T130945Z\\ada\\refinement-v3\\normalized-export\\AN_wc_u_human_guardian_Move.fbx'
export finished in 0.0983 sec.

FBX export starting... 'C:\\Users\\iputu\\Documents\\Wonder Chess\\reports\\WC-U440\\20260906T130945Z\\ada\\refinement-v3\\normalized-export\\AN_wc_u_human_guardian_Attack.fbx'
export finished in 0.0792 sec.

FBX export starting... 'C:\\Users\\iputu\\Documents\\Wonder Chess\\reports\\WC-U440\\20260906T130945Z\\ada\\refinement-v3\\normalized-export\\AN_wc_u_human_guardian_Active.fbx'
export finished in 0.0880 sec.

FBX export starting... 'C:\\Users\\iputu\\Documents\\Wonder Chess\\reports\\WC-U440\\20260906T130945Z\\ada\\refinement-v3\\normalized-export\\AN_wc_u_human_guardian_Hit.fbx'
export finished in 0.0720 sec.

FBX export starting... 'C:\\Users\\iputu\\Documents\\Wonder Chess\\reports\\WC-U440\\20260906T130945Z\\ada\\refinement-v3\\normalized-export\\AN_wc_u_human_guardian_Defeat.fbx'
export finished in 0.1164 sec.

FBX export starting... 'C:\\Users\\iputu\\Documents\\Wonder Chess\\reports\\WC-U440\\20260906T130945Z\\ada\\refinement-v3\\normalized-export\\AN_wc_u_human_guardian_Victory.fbx'
export finished in 0.1348 sec.
WC_ADA_UPDATE24_NORMALIZED_EXPORT_COMPLETE
Blender 5.1.1 (hash b70da489d7f4 built 2026-04-14 01:37:22)

Blender quit
