00:02.266  blend            | Read blend: "C:\Users\iputu\Documents\Wonder Chess\art-source\heroes\wc_u_human_guardian\wc_u_human_guardian.blend"
{
  "status": "structural_checks_passed_visual_review_required",
  "blender_version": "5.1.1",
  "collection": "EXPORT",
  "evaluated_triangle_total": 4760,
  "objects": [
    {
      "name": "Armature",
      "type": "ARMATURE",
      "scale": [
        1.0,
        1.0,
        1.0
      ],
      "dimensions": [
        1.235010027885437,
        0.45499998331069946,
        1.9565000534057617
      ],
      "roots": [
        "root"
      ],
      "deform_bones": 27
    },
    {
      "name": "SK_wc_u_human_guardian",
      "type": "MESH",
      "scale": [
        1.0,
        1.0,
        1.0
      ],
      "dimensions": [
        1.5977566242218018,
        0.886250913143158,
        1.8108999729156494
      ],
      "evaluated_triangles": 4760,
      "material_slots": 1,
      "uv_layers": 1,
      "skin_checks": {
        "unweighted": 0,
        "excess_influences": 0,
        "unnormalized": 0
      }
    }
  ],
  "errors": [],
  "warnings": [],
  "not_checked": [
    "appearance",
    "deformation across all clips",
    "UV overlap appropriateness",
    "normal-map convention",
    "Unreal import",
    "LOD silhouette",
    "gameplay readability"
  ]
}
{
  "status": "structural_checks_passed_visual_review_required",
  "blender_version": "5.1.1",
  "collection": "LOD_SOURCE",
  "evaluated_triangle_total": 3568,
  "objects": [
    {
      "name": "SK_wc_u_human_guardian_LOD1",
      "type": "MESH",
      "scale": [
        1.0,
        1.0,
        1.0
      ],
      "dimensions": [
        1.5927611589431763,
        0.8845218420028687,
        1.8115648031234741
      ],
      "evaluated_triangles": 2379,
      "material_slots": 1,
      "uv_layers": 1,
      "skin_checks": {
        "unweighted": 0,
        "excess_influences": 0,
        "unnormalized": 0
      }
    },
    {
      "name": "SK_wc_u_human_guardian_LOD2",
      "type": "MESH",
      "scale": [
        1.0,
        1.0,
        1.0
      ],
      "dimensions": [
        1.5927611589431763,
        0.8851971626281738,
        1.8116183280944824
      ],
      "evaluated_triangles": 1189,
      "material_slots": 1,
      "uv_layers": 1,
      "skin_checks": {
        "unweighted": 0,
        "excess_influences": 0,
        "unnormalized": 0
      }
    }
  ],
  "errors": [],
  "warnings": [],
  "not_checked": [
    "appearance",
    "deformation across all clips",
    "UV overlap appropriateness",
    "normal-map convention",
    "Unreal import",
    "LOD silhouette",
    "gameplay readability"
  ]
}
{
  "status": "PUBLISHED_SOURCE_AND_EXPORT_CHECKSUMS_PASS",
  "source_sha256": "a8e0612c8926c0e9f68992ba9f45b9c59f6b724a93451c7aa1106ad1ed6eab02",
  "rest_skeleton_actions_preserved": true,
  "files_checked": 14,
  "source_revision": 7,
  "meshes": [
    {
      "name": "SK_wc_u_human_guardian",
      "vertices": 2517
    },
    {
      "name": "SK_wc_u_human_guardian_LOD1",
      "vertices": 1325
    },
    {
      "name": "SK_wc_u_human_guardian_LOD2",
      "vertices": 726
    }
  ],
  "Unreal_import_tested": false
}
Blender 5.1.1 (hash b70da489d7f4 built 2026-04-14 01:37:22)

Blender quit
