00:02.609  blend            | Read blend: "C:\Users\iputu\Documents\Wonder Chess\art-source\neutrals\wc_n_prowler\wc_n_prowler.blend"
00:03.969  render           | Saved: 'C:\Users\iputu\Documents\Wonder Chess\reports\WC-U440\20260906T133019Z\neutrals\pose-samples\wc_n_prowler_Idle_0.png'
00:04.031  render           | Saved: 'C:\Users\iputu\Documents\Wonder Chess\reports\WC-U440\20260906T133019Z\neutrals\pose-samples\wc_n_prowler_Idle_1.png'
00:04.062  render           | Saved: 'C:\Users\iputu\Documents\Wonder Chess\reports\WC-U440\20260906T133019Z\neutrals\pose-samples\wc_n_prowler_Idle_2.png'
00:04.094  render           | Saved: 'C:\Users\iputu\Documents\Wonder Chess\reports\WC-U440\20260906T133019Z\neutrals\pose-samples\wc_n_prowler_Idle_3.png'
00:04.125  render           | Saved: 'C:\Users\iputu\Documents\Wonder Chess\reports\WC-U440\20260906T133019Z\neutrals\pose-samples\wc_n_prowler_Idle_4.png'
00:04.172  render           | Saved: 'C:\Users\iputu\Documents\Wonder Chess\reports\WC-U440\20260906T133019Z\neutrals\pose-samples\wc_n_prowler_Move_0.png'
00:04.219  render           | Saved: 'C:\Users\iputu\Documents\Wonder Chess\reports\WC-U440\20260906T133019Z\neutrals\pose-samples\wc_n_prowler_Move_1.png'
00:04.266  render           | Saved: 'C:\Users\iputu\Documents\Wonder Chess\reports\WC-U440\20260906T133019Z\neutrals\pose-samples\wc_n_prowler_Move_2.png'
00:04.422  render           | Saved: 'C:\Users\iputu\Documents\Wonder Chess\reports\WC-U440\20260906T133019Z\neutrals\pose-samples\wc_n_prowler_Move_3.png'
00:04.484  render           | Saved: 'C:\Users\iputu\Documents\Wonder Chess\reports\WC-U440\20260906T133019Z\neutrals\pose-samples\wc_n_prowler_Move_4.png'
00:04.578  render           | Saved: 'C:\Users\iputu\Documents\Wonder Chess\reports\WC-U440\20260906T133019Z\neutrals\pose-samples\wc_n_prowler_Attack_0.png'
00:04.609  render           | Saved: 'C:\Users\iputu\Documents\Wonder Chess\reports\WC-U440\20260906T133019Z\neutrals\pose-samples\wc_n_prowler_Attack_1.png'
00:04.641  render           | Saved: 'C:\Users\iputu\Documents\Wonder Chess\reports\WC-U440\20260906T133019Z\neutrals\pose-samples\wc_n_prowler_Attack_2.png'
00:04.672  render           | Saved: 'C:\Users\iputu\Documents\Wonder Chess\reports\WC-U440\20260906T133019Z\neutrals\pose-samples\wc_n_prowler_Attack_3.png'
00:04.719  render           | Saved: 'C:\Users\iputu\Documents\Wonder Chess\reports\WC-U440\20260906T133019Z\neutrals\pose-samples\wc_n_prowler_Attack_4.png'
00:04.750  render           | Saved: 'C:\Users\iputu\Documents\Wonder Chess\reports\WC-U440\20260906T133019Z\neutrals\pose-samples\wc_n_prowler_Hit_0.png'
00:04.781  render           | Saved: 'C:\Users\iputu\Documents\Wonder Chess\reports\WC-U440\20260906T133019Z\neutrals\pose-samples\wc_n_prowler_Hit_1.png'
00:04.812  render           | Saved: 'C:\Users\iputu\Documents\Wonder Chess\reports\WC-U440\20260906T133019Z\neutrals\pose-samples\wc_n_prowler_Hit_2.png'
00:04.844  render           | Saved: 'C:\Users\iputu\Documents\Wonder Chess\reports\WC-U440\20260906T133019Z\neutrals\pose-samples\wc_n_prowler_Hit_3.png'
00:04.875  render           | Saved: 'C:\Users\iputu\Documents\Wonder Chess\reports\WC-U440\20260906T133019Z\neutrals\pose-samples\wc_n_prowler_Hit_4.png'
00:04.906  render           | Saved: 'C:\Users\iputu\Documents\Wonder Chess\reports\WC-U440\20260906T133019Z\neutrals\pose-samples\wc_n_prowler_Defeat_0.png'
00:04.953  render           | Saved: 'C:\Users\iputu\Documents\Wonder Chess\reports\WC-U440\20260906T133019Z\neutrals\pose-samples\wc_n_prowler_Defeat_1.png'
00:04.984  render           | Saved: 'C:\Users\iputu\Documents\Wonder Chess\reports\WC-U440\20260906T133019Z\neutrals\pose-samples\wc_n_prowler_Defeat_2.png'
00:05.016  render           | Saved: 'C:\Users\iputu\Documents\Wonder Chess\reports\WC-U440\20260906T133019Z\neutrals\pose-samples\wc_n_prowler_Defeat_3.png'
00:05.062  render           | Saved: 'C:\Users\iputu\Documents\Wonder Chess\reports\WC-U440\20260906T133019Z\neutrals\pose-samples\wc_n_prowler_Defeat_4.png'
00:05.094  render           | Saved: 'C:\Users\iputu\Documents\Wonder Chess\reports\WC-U440\20260906T133019Z\neutrals\pose-samples\wc_n_prowler_Active_0.png'
00:05.125  render           | Saved: 'C:\Users\iputu\Documents\Wonder Chess\reports\WC-U440\20260906T133019Z\neutrals\pose-samples\wc_n_prowler_Active_1.png'
00:05.156  render           | Saved: 'C:\Users\iputu\Documents\Wonder Chess\reports\WC-U440\20260906T133019Z\neutrals\pose-samples\wc_n_prowler_Active_2.png'
00:05.203  render           | Saved: 'C:\Users\iputu\Documents\Wonder Chess\reports\WC-U440\20260906T133019Z\neutrals\pose-samples\wc_n_prowler_Active_3.png'
00:05.234  render           | Saved: 'C:\Users\iputu\Documents\Wonder Chess\reports\WC-U440\20260906T133019Z\neutrals\pose-samples\wc_n_prowler_Active_4.png'
00:05.234  blend            | Read blend: "C:\Users\iputu\Documents\Wonder Chess\art-source\neutrals\wc_n_sentinel\wc_n_sentinel.blend"
00:05.281  render           | Saved: 'C:\Users\iputu\Documents\Wonder Chess\reports\WC-U440\20260906T133019Z\neutrals\pose-samples\wc_n_sentinel_Idle_0.png'
00:05.312  render           | Saved: 'C:\Users\iputu\Documents\Wonder Chess\reports\WC-U440\20260906T133019Z\neutrals\pose-samples\wc_n_sentinel_Idle_1.png'
00:05.344  render           | Saved: 'C:\Users\iputu\Documents\Wonder Chess\reports\WC-U440\20260906T133019Z\neutrals\pose-samples\wc_n_sentinel_Idle_2.png'
00:05.375  render           | Saved: 'C:\Users\iputu\Documents\Wonder Chess\reports\WC-U440\20260906T133019Z\neutrals\pose-samples\wc_n_sentinel_Idle_3.png'
00:05.391  render           | Saved: 'C:\Users\iputu\Documents\Wonder Chess\reports\WC-U440\20260906T133019Z\neutrals\pose-samples\wc_n_sentinel_Idle_4.png'
00:05.422  render           | Saved: 'C:\Users\iputu\Documents\Wonder Chess\reports\WC-U440\20260906T133019Z\neutrals\pose-samples\wc_n_sentinel_Move_0.png'
00:05.453  render           | Saved: 'C:\Users\iputu\Documents\Wonder Chess\reports\WC-U440\20260906T133019Z\neutrals\pose-samples\wc_n_sentinel_Move_1.png'
00:05.484  render           | Saved: 'C:\Users\iputu\Documents\Wonder Chess\reports\WC-U440\20260906T133019Z\neutrals\pose-samples\wc_n_sentinel_Move_2.png'
00:05.516  render           | Saved: 'C:\Users\iputu\Documents\Wonder Chess\reports\WC-U440\20260906T133019Z\neutrals\pose-samples\wc_n_sentinel_Move_3.png'
00:05.531  render           | Saved: 'C:\Users\iputu\Documents\Wonder Chess\reports\WC-U440\20260906T133019Z\neutrals\pose-samples\wc_n_sentinel_Move_4.png'
00:05.562  render           | Saved: 'C:\Users\iputu\Documents\Wonder Chess\reports\WC-U440\20260906T133019Z\neutrals\pose-samples\wc_n_sentinel_Attack_0.png'
00:05.594  render           | Saved: 'C:\Users\iputu\Documents\Wonder Chess\reports\WC-U440\20260906T133019Z\neutrals\pose-samples\wc_n_sentinel_Attack_1.png'
00:05.625  render           | Saved: 'C:\Users\iputu\Documents\Wonder Chess\reports\WC-U440\20260906T133019Z\neutrals\pose-samples\wc_n_sentinel_Attack_2.png'
00:05.641  render           | Saved: 'C:\Users\iputu\Documents\Wonder Chess\reports\WC-U440\20260906T133019Z\neutrals\pose-samples\wc_n_sentinel_Attack_3.png'
00:05.672  render           | Saved: 'C:\Users\iputu\Documents\Wonder Chess\reports\WC-U440\20260906T133019Z\neutrals\pose-samples\wc_n_sentinel_Attack_4.png'
00:05.703  render           | Saved: 'C:\Users\iputu\Documents\Wonder Chess\reports\WC-U440\20260906T133019Z\neutrals\pose-samples\wc_n_sentinel_Hit_0.png'
00:05.750  render           | Saved: 'C:\Users\iputu\Documents\Wonder Chess\reports\WC-U440\20260906T133019Z\neutrals\pose-samples\wc_n_sentinel_Hit_1.png'
00:05.766  render           | Saved: 'C:\Users\iputu\Documents\Wonder Chess\reports\WC-U440\20260906T133019Z\neutrals\pose-samples\wc_n_sentinel_Hit_2.png'
00:05.797  render           | Saved: 'C:\Users\iputu\Documents\Wonder Chess\reports\WC-U440\20260906T133019Z\neutrals\pose-samples\wc_n_sentinel_Hit_3.png'
00:05.828  render           | Saved: 'C:\Users\iputu\Documents\Wonder Chess\reports\WC-U440\20260906T133019Z\neutrals\pose-samples\wc_n_sentinel_Hit_4.png'
00:05.859  render           | Saved: 'C:\Users\iputu\Documents\Wonder Chess\reports\WC-U440\20260906T133019Z\neutrals\pose-samples\wc_n_sentinel_Defeat_0.png'
00:05.891  render           | Saved: 'C:\Users\iputu\Documents\Wonder Chess\reports\WC-U440\20260906T133019Z\neutrals\pose-samples\wc_n_sentinel_Defeat_1.png'
00:05.922  render           | Saved: 'C:\Users\iputu\Documents\Wonder Chess\reports\WC-U440\20260906T133019Z\neutrals\pose-samples\wc_n_sentinel_Defeat_2.png'
00:05.953  render           | Saved: 'C:\Users\iputu\Documents\Wonder Chess\reports\WC-U440\20260906T133019Z\neutrals\pose-samples\wc_n_sentinel_Defeat_3.png'
00:05.969  render           | Saved: 'C:\Users\iputu\Documents\Wonder Chess\reports\WC-U440\20260906T133019Z\neutrals\pose-samples\wc_n_sentinel_Defeat_4.png'
00:06.000  render           | Saved: 'C:\Users\iputu\Documents\Wonder Chess\reports\WC-U440\20260906T133019Z\neutrals\pose-samples\wc_n_sentinel_Active_0.png'
00:06.016  render           | Saved: 'C:\Users\iputu\Documents\Wonder Chess\reports\WC-U440\20260906T133019Z\neutrals\pose-samples\wc_n_sentinel_Active_1.png'
00:06.047  render           | Saved: 'C:\Users\iputu\Documents\Wonder Chess\reports\WC-U440\20260906T133019Z\neutrals\pose-samples\wc_n_sentinel_Active_2.png'
00:06.062  render           | Saved: 'C:\Users\iputu\Documents\Wonder Chess\reports\WC-U440\20260906T133019Z\neutrals\pose-samples\wc_n_sentinel_Active_3.png'
00:06.094  render           | Saved: 'C:\Users\iputu\Documents\Wonder Chess\reports\WC-U440\20260906T133019Z\neutrals\pose-samples\wc_n_sentinel_Active_4.png'
00:06.094  blend            | Read blend: "C:\Users\iputu\Documents\Wonder Chess\art-source\neutrals\wc_n_sprout\wc_n_sprout.blend"
00:06.141  render           | Saved: 'C:\Users\iputu\Documents\Wonder Chess\reports\WC-U440\20260906T133019Z\neutrals\pose-samples\wc_n_sprout_Idle_0.png'
00:06.172  render           | Saved: 'C:\Users\iputu\Documents\Wonder Chess\reports\WC-U440\20260906T133019Z\neutrals\pose-samples\wc_n_sprout_Idle_1.png'
00:06.187  render           | Saved: 'C:\Users\iputu\Documents\Wonder Chess\reports\WC-U440\20260906T133019Z\neutrals\pose-samples\wc_n_sprout_Idle_2.png'
00:06.203  render           | Saved: 'C:\Users\iputu\Documents\Wonder Chess\reports\WC-U440\20260906T133019Z\neutrals\pose-samples\wc_n_sprout_Idle_3.png'
00:06.234  render           | Saved: 'C:\Users\iputu\Documents\Wonder Chess\reports\WC-U440\20260906T133019Z\neutrals\pose-samples\wc_n_sprout_Idle_4.png'
00:06.250  render           | Saved: 'C:\Users\iputu\Documents\Wonder Chess\reports\WC-U440\20260906T133019Z\neutrals\pose-samples\wc_n_sprout_Move_0.png'
00:06.266  render           | Saved: 'C:\Users\iputu\Documents\Wonder Chess\reports\WC-U440\20260906T133019Z\neutrals\pose-samples\wc_n_sprout_Move_1.png'
00:06.500  render           | Saved: 'C:\Users\iputu\Documents\Wonder Chess\reports\WC-U440\20260906T133019Z\neutrals\pose-samples\wc_n_sprout_Move_2.png'
00:06.531  render           | Saved: 'C:\Users\iputu\Documents\Wonder Chess\reports\WC-U440\20260906T133019Z\neutrals\pose-samples\wc_n_sprout_Move_3.png'
00:06.562  render           | Saved: 'C:\Users\iputu\Documents\Wonder Chess\reports\WC-U440\20260906T133019Z\neutrals\pose-samples\wc_n_sprout_Move_4.png'
00:06.594  render           | Saved: 'C:\Users\iputu\Documents\Wonder Chess\reports\WC-U440\20260906T133019Z\neutrals\pose-samples\wc_n_sprout_Attack_0.png'
00:06.609  render           | Saved: 'C:\Users\iputu\Documents\Wonder Chess\reports\WC-U440\20260906T133019Z\neutrals\pose-samples\wc_n_sprout_Attack_1.png'
00:06.641  render           | Saved: 'C:\Users\iputu\Documents\Wonder Chess\reports\WC-U440\20260906T133019Z\neutrals\pose-samples\wc_n_sprout_Attack_2.png'
00:06.672  render           | Saved: 'C:\Users\iputu\Documents\Wonder Chess\reports\WC-U440\20260906T133019Z\neutrals\pose-samples\wc_n_sprout_Attack_3.png'
00:06.703  render           | Saved: 'C:\Users\iputu\Documents\Wonder Chess\reports\WC-U440\20260906T133019Z\neutrals\pose-samples\wc_n_sprout_Attack_4.png'
00:06.734  render           | Saved: 'C:\Users\iputu\Documents\Wonder Chess\reports\WC-U440\20260906T133019Z\neutrals\pose-samples\wc_n_sprout_Hit_0.png'
00:06.750  render           | Saved: 'C:\Users\iputu\Documents\Wonder Chess\reports\WC-U440\20260906T133019Z\neutrals\pose-samples\wc_n_sprout_Hit_1.png'
00:06.781  render           | Saved: 'C:\Users\iputu\Documents\Wonder Chess\reports\WC-U440\20260906T133019Z\neutrals\pose-samples\wc_n_sprout_Hit_2.png'
00:06.828  render           | Saved: 'C:\Users\iputu\Documents\Wonder Chess\reports\WC-U440\20260906T133019Z\neutrals\pose-samples\wc_n_sprout_Hit_3.png'
00:06.875  render           | Saved: 'C:\Users\iputu\Documents\Wonder Chess\reports\WC-U440\20260906T133019Z\neutrals\pose-samples\wc_n_sprout_Hit_4.png'
00:06.906  render           | Saved: 'C:\Users\iputu\Documents\Wonder Chess\reports\WC-U440\20260906T133019Z\neutrals\pose-samples\wc_n_sprout_Defeat_0.png'
00:06.937  render           | Saved: 'C:\Users\iputu\Documents\Wonder Chess\reports\WC-U440\20260906T133019Z\neutrals\pose-samples\wc_n_sprout_Defeat_1.png'
00:06.969  render           | Saved: 'C:\Users\iputu\Documents\Wonder Chess\reports\WC-U440\20260906T133019Z\neutrals\pose-samples\wc_n_sprout_Defeat_2.png'
00:06.984  render           | Saved: 'C:\Users\iputu\Documents\Wonder Chess\reports\WC-U440\20260906T133019Z\neutrals\pose-samples\wc_n_sprout_Defeat_3.png'
00:07.016  render           | Saved: 'C:\Users\iputu\Documents\Wonder Chess\reports\WC-U440\20260906T133019Z\neutrals\pose-samples\wc_n_sprout_Defeat_4.png'
00:07.016  blend            | Read blend: "C:\Users\iputu\Documents\Wonder Chess\art-source\neutrals\wc_n_stoneback\wc_n_stoneback.blend"
00:07.078  render           | Saved: 'C:\Users\iputu\Documents\Wonder Chess\reports\WC-U440\20260906T133019Z\neutrals\pose-samples\wc_n_stoneback_Idle_0.png'
00:07.109  render           | Saved: 'C:\Users\iputu\Documents\Wonder Chess\reports\WC-U440\20260906T133019Z\neutrals\pose-samples\wc_n_stoneback_Idle_1.png'
00:07.141  render           | Saved: 'C:\Users\iputu\Documents\Wonder Chess\reports\WC-U440\20260906T133019Z\neutrals\pose-samples\wc_n_stoneback_Idle_2.png'
00:07.156  render           | Saved: 'C:\Users\iputu\Documents\Wonder Chess\reports\WC-U440\20260906T133019Z\neutrals\pose-samples\wc_n_stoneback_Idle_3.png'
00:07.187  render           | Saved: 'C:\Users\iputu\Documents\Wonder Chess\reports\WC-U440\20260906T133019Z\neutrals\pose-samples\wc_n_stoneback_Idle_4.png'
00:07.219  render           | Saved: 'C:\Users\iputu\Documents\Wonder Chess\reports\WC-U440\20260906T133019Z\neutrals\pose-samples\wc_n_stoneback_Move_0.png'
00:07.250  render           | Saved: 'C:\Users\iputu\Documents\Wonder Chess\reports\WC-U440\20260906T133019Z\neutrals\pose-samples\wc_n_stoneback_Move_1.png'
00:07.281  render           | Saved: 'C:\Users\iputu\Documents\Wonder Chess\reports\WC-U440\20260906T133019Z\neutrals\pose-samples\wc_n_stoneback_Move_2.png'
00:07.297  render           | Saved: 'C:\Users\iputu\Documents\Wonder Chess\reports\WC-U440\20260906T133019Z\neutrals\pose-samples\wc_n_stoneback_Move_3.png'
00:07.328  render           | Saved: 'C:\Users\iputu\Documents\Wonder Chess\reports\WC-U440\20260906T133019Z\neutrals\pose-samples\wc_n_stoneback_Move_4.png'
00:07.344  render           | Saved: 'C:\Users\iputu\Documents\Wonder Chess\reports\WC-U440\20260906T133019Z\neutrals\pose-samples\wc_n_stoneback_Attack_0.png'
00:07.375  render           | Saved: 'C:\Users\iputu\Documents\Wonder Chess\reports\WC-U440\20260906T133019Z\neutrals\pose-samples\wc_n_stoneback_Attack_1.png'
00:07.406  render           | Saved: 'C:\Users\iputu\Documents\Wonder Chess\reports\WC-U440\20260906T133019Z\neutrals\pose-samples\wc_n_stoneback_Attack_2.png'
00:07.437  render           | Saved: 'C:\Users\iputu\Documents\Wonder Chess\reports\WC-U440\20260906T133019Z\neutrals\pose-samples\wc_n_stoneback_Attack_3.png'
00:07.469  render           | Saved: 'C:\Users\iputu\Documents\Wonder Chess\reports\WC-U440\20260906T133019Z\neutrals\pose-samples\wc_n_stoneback_Attack_4.png'
00:07.500  render           | Saved: 'C:\Users\iputu\Documents\Wonder Chess\reports\WC-U440\20260906T133019Z\neutrals\pose-samples\wc_n_stoneback_Hit_0.png'
00:07.516  render           | Saved: 'C:\Users\iputu\Documents\Wonder Chess\reports\WC-U440\20260906T133019Z\neutrals\pose-samples\wc_n_stoneback_Hit_1.png'
00:07.547  render           | Saved: 'C:\Users\iputu\Documents\Wonder Chess\reports\WC-U440\20260906T133019Z\neutrals\pose-samples\wc_n_stoneback_Hit_2.png'
00:07.562  render           | Saved: 'C:\Users\iputu\Documents\Wonder Chess\reports\WC-U440\20260906T133019Z\neutrals\pose-samples\wc_n_stoneback_Hit_3.png'
00:07.609  render           | Saved: 'C:\Users\iputu\Documents\Wonder Chess\reports\WC-U440\20260906T133019Z\neutrals\pose-samples\wc_n_stoneback_Hit_4.png'
00:07.641  render           | Saved: 'C:\Users\iputu\Documents\Wonder Chess\reports\WC-U440\20260906T133019Z\neutrals\pose-samples\wc_n_stoneback_Defeat_0.png'
00:07.672  render           | Saved: 'C:\Users\iputu\Documents\Wonder Chess\reports\WC-U440\20260906T133019Z\neutrals\pose-samples\wc_n_stoneback_Defeat_1.png'
00:07.703  render           | Saved: 'C:\Users\iputu\Documents\Wonder Chess\reports\WC-U440\20260906T133019Z\neutrals\pose-samples\wc_n_stoneback_Defeat_2.png'
00:07.734  render           | Saved: 'C:\Users\iputu\Documents\Wonder Chess\reports\WC-U440\20260906T133019Z\neutrals\pose-samples\wc_n_stoneback_Defeat_3.png'
00:07.750  render           | Saved: 'C:\Users\iputu\Documents\Wonder Chess\reports\WC-U440\20260906T133019Z\neutrals\pose-samples\wc_n_stoneback_Defeat_4.png'
00:07.781  render           | Saved: 'C:\Users\iputu\Documents\Wonder Chess\reports\WC-U440\20260906T133019Z\neutrals\pose-samples\wc_n_stoneback_Active_0.png'
00:07.797  render           | Saved: 'C:\Users\iputu\Documents\Wonder Chess\reports\WC-U440\20260906T133019Z\neutrals\pose-samples\wc_n_stoneback_Active_1.png'
00:07.828  render           | Saved: 'C:\Users\iputu\Documents\Wonder Chess\reports\WC-U440\20260906T133019Z\neutrals\pose-samples\wc_n_stoneback_Active_2.png'
00:07.844  render           | Saved: 'C:\Users\iputu\Documents\Wonder Chess\reports\WC-U440\20260906T133019Z\neutrals\pose-samples\wc_n_stoneback_Active_3.png'
00:07.875  render           | Saved: 'C:\Users\iputu\Documents\Wonder Chess\reports\WC-U440\20260906T133019Z\neutrals\pose-samples\wc_n_stoneback_Active_4.png'
00:07.875  blend            | Read blend: "C:\Users\iputu\Documents\Wonder Chess\art-source\neutrals\wc_n_thorn\wc_n_thorn.blend"
00:07.937  render           | Saved: 'C:\Users\iputu\Documents\Wonder Chess\reports\WC-U440\20260906T133019Z\neutrals\pose-samples\wc_n_thorn_Idle_0.png'
00:07.953  render           | Saved: 'C:\Users\iputu\Documents\Wonder Chess\reports\WC-U440\20260906T133019Z\neutrals\pose-samples\wc_n_thorn_Idle_1.png'
00:07.984  render           | Saved: 'C:\Users\iputu\Documents\Wonder Chess\reports\WC-U440\20260906T133019Z\neutrals\pose-samples\wc_n_thorn_Idle_2.png'
00:08.016  render           | Saved: 'C:\Users\iputu\Documents\Wonder Chess\reports\WC-U440\20260906T133019Z\neutrals\pose-samples\wc_n_thorn_Idle_3.png'
00:08.156  render           | Saved: 'C:\Users\iputu\Documents\Wonder Chess\reports\WC-U440\20260906T133019Z\neutrals\pose-samples\wc_n_thorn_Idle_4.png'
00:08.187  render           | Saved: 'C:\Users\iputu\Documents\Wonder Chess\reports\WC-U440\20260906T133019Z\neutrals\pose-samples\wc_n_thorn_Move_0.png'
00:08.234  render           | Saved: 'C:\Users\iputu\Documents\Wonder Chess\reports\WC-U440\20260906T133019Z\neutrals\pose-samples\wc_n_thorn_Move_1.png'
00:08.266  render           | Saved: 'C:\Users\iputu\Documents\Wonder Chess\reports\WC-U440\20260906T133019Z\neutrals\pose-samples\wc_n_thorn_Move_2.png'
00:08.281  render           | Saved: 'C:\Users\iputu\Documents\Wonder Chess\reports\WC-U440\20260906T133019Z\neutrals\pose-samples\wc_n_thorn_Move_3.png'
00:08.312  render           | Saved: 'C:\Users\iputu\Documents\Wonder Chess\reports\WC-U440\20260906T133019Z\neutrals\pose-samples\wc_n_thorn_Move_4.png'
00:08.344  render           | Saved: 'C:\Users\iputu\Documents\Wonder Chess\reports\WC-U440\20260906T133019Z\neutrals\pose-samples\wc_n_thorn_Attack_0.png'
00:08.359  render           | Saved: 'C:\Users\iputu\Documents\Wonder Chess\reports\WC-U440\20260906T133019Z\neutrals\pose-samples\wc_n_thorn_Attack_1.png'
00:08.391  render           | Saved: 'C:\Users\iputu\Documents\Wonder Chess\reports\WC-U440\20260906T133019Z\neutrals\pose-samples\wc_n_thorn_Attack_2.png'
00:08.422  render           | Saved: 'C:\Users\iputu\Documents\Wonder Chess\reports\WC-U440\20260906T133019Z\neutrals\pose-samples\wc_n_thorn_Attack_3.png'
00:08.453  render           | Saved: 'C:\Users\iputu\Documents\Wonder Chess\reports\WC-U440\20260906T133019Z\neutrals\pose-samples\wc_n_thorn_Attack_4.png'
00:08.484  render           | Saved: 'C:\Users\iputu\Documents\Wonder Chess\reports\WC-U440\20260906T133019Z\neutrals\pose-samples\wc_n_thorn_Hit_0.png'
00:08.516  render           | Saved: 'C:\Users\iputu\Documents\Wonder Chess\reports\WC-U440\20260906T133019Z\neutrals\pose-samples\wc_n_thorn_Hit_1.png'
00:08.578  render           | Saved: 'C:\Users\iputu\Documents\Wonder Chess\reports\WC-U440\20260906T133019Z\neutrals\pose-samples\wc_n_thorn_Hit_2.png'
00:08.625  render           | Saved: 'C:\Users\iputu\Documents\Wonder Chess\reports\WC-U440\20260906T133019Z\neutrals\pose-samples\wc_n_thorn_Hit_3.png'
00:08.656  render           | Saved: 'C:\Users\iputu\Documents\Wonder Chess\reports\WC-U440\20260906T133019Z\neutrals\pose-samples\wc_n_thorn_Hit_4.png'
00:08.687  render           | Saved: 'C:\Users\iputu\Documents\Wonder Chess\reports\WC-U440\20260906T133019Z\neutrals\pose-samples\wc_n_thorn_Defeat_0.png'
00:08.703  render           | Saved: 'C:\Users\iputu\Documents\Wonder Chess\reports\WC-U440\20260906T133019Z\neutrals\pose-samples\wc_n_thorn_Defeat_1.png'
00:08.734  render           | Saved: 'C:\Users\iputu\Documents\Wonder Chess\reports\WC-U440\20260906T133019Z\neutrals\pose-samples\wc_n_thorn_Defeat_2.png'
00:08.750  render           | Saved: 'C:\Users\iputu\Documents\Wonder Chess\reports\WC-U440\20260906T133019Z\neutrals\pose-samples\wc_n_thorn_Defeat_3.png'
00:08.781  render           | Saved: 'C:\Users\iputu\Documents\Wonder Chess\reports\WC-U440\20260906T133019Z\neutrals\pose-samples\wc_n_thorn_Defeat_4.png'
00:08.781  blend            | Read blend: "C:\Users\iputu\Documents\Wonder Chess\art-source\neutrals\wc_n_warden\wc_n_warden.blend"
00:08.812  render           | Saved: 'C:\Users\iputu\Documents\Wonder Chess\reports\WC-U440\20260906T133019Z\neutrals\pose-samples\wc_n_warden_Idle_0.png'
00:08.844  render           | Saved: 'C:\Users\iputu\Documents\Wonder Chess\reports\WC-U440\20260906T133019Z\neutrals\pose-samples\wc_n_warden_Idle_1.png'
00:08.859  render           | Saved: 'C:\Users\iputu\Documents\Wonder Chess\reports\WC-U440\20260906T133019Z\neutrals\pose-samples\wc_n_warden_Idle_2.png'
00:09.016  render           | Saved: 'C:\Users\iputu\Documents\Wonder Chess\reports\WC-U440\20260906T133019Z\neutrals\pose-samples\wc_n_warden_Idle_3.png'
00:09.047  render           | Saved: 'C:\Users\iputu\Documents\Wonder Chess\reports\WC-U440\20260906T133019Z\neutrals\pose-samples\wc_n_warden_Idle_4.png'
00:09.078  render           | Saved: 'C:\Users\iputu\Documents\Wonder Chess\reports\WC-U440\20260906T133019Z\neutrals\pose-samples\wc_n_warden_Move_0.png'
00:09.109  render           | Saved: 'C:\Users\iputu\Documents\Wonder Chess\reports\WC-U440\20260906T133019Z\neutrals\pose-samples\wc_n_warden_Move_1.png'
00:09.141  render           | Saved: 'C:\Users\iputu\Documents\Wonder Chess\reports\WC-U440\20260906T133019Z\neutrals\pose-samples\wc_n_warden_Move_2.png'
00:09.172  render           | Saved: 'C:\Users\iputu\Documents\Wonder Chess\reports\WC-U440\20260906T133019Z\neutrals\pose-samples\wc_n_warden_Move_3.png'
00:09.203  render           | Saved: 'C:\Users\iputu\Documents\Wonder Chess\reports\WC-U440\20260906T133019Z\neutrals\pose-samples\wc_n_warden_Move_4.png'
00:09.219  render           | Saved: 'C:\Users\iputu\Documents\Wonder Chess\reports\WC-U440\20260906T133019Z\neutrals\pose-samples\wc_n_warden_Attack_0.png'
00:09.250  render           | Saved: 'C:\Users\iputu\Documents\Wonder Chess\reports\WC-U440\20260906T133019Z\neutrals\pose-samples\wc_n_warden_Attack_1.png'
00:09.266  render           | Saved: 'C:\Users\iputu\Documents\Wonder Chess\reports\WC-U440\20260906T133019Z\neutrals\pose-samples\wc_n_warden_Attack_2.png'
00:09.281  render           | Saved: 'C:\Users\iputu\Documents\Wonder Chess\reports\WC-U440\20260906T133019Z\neutrals\pose-samples\wc_n_warden_Attack_3.png'
00:09.312  render           | Saved: 'C:\Users\iputu\Documents\Wonder Chess\reports\WC-U440\20260906T133019Z\neutrals\pose-samples\wc_n_warden_Attack_4.png'
00:09.328  render           | Saved: 'C:\Users\iputu\Documents\Wonder Chess\reports\WC-U440\20260906T133019Z\neutrals\pose-samples\wc_n_warden_Hit_0.png'
00:09.359  render           | Saved: 'C:\Users\iputu\Documents\Wonder Chess\reports\WC-U440\20260906T133019Z\neutrals\pose-samples\wc_n_warden_Hit_1.png'
00:09.391  render           | Saved: 'C:\Users\iputu\Documents\Wonder Chess\reports\WC-U440\20260906T133019Z\neutrals\pose-samples\wc_n_warden_Hit_2.png'
00:09.453  render           | Saved: 'C:\Users\iputu\Documents\Wonder Chess\reports\WC-U440\20260906T133019Z\neutrals\pose-samples\wc_n_warden_Hit_3.png'
00:09.469  render           | Saved: 'C:\Users\iputu\Documents\Wonder Chess\reports\WC-U440\20260906T133019Z\neutrals\pose-samples\wc_n_warden_Hit_4.png'
00:09.500  render           | Saved: 'C:\Users\iputu\Documents\Wonder Chess\reports\WC-U440\20260906T133019Z\neutrals\pose-samples\wc_n_warden_Defeat_0.png'
00:09.531  render           | Saved: 'C:\Users\iputu\Documents\Wonder Chess\reports\WC-U440\20260906T133019Z\neutrals\pose-samples\wc_n_warden_Defeat_1.png'
00:09.547  render           | Saved: 'C:\Users\iputu\Documents\Wonder Chess\reports\WC-U440\20260906T133019Z\neutrals\pose-samples\wc_n_warden_Defeat_2.png'
00:09.578  render           | Saved: 'C:\Users\iputu\Documents\Wonder Chess\reports\WC-U440\20260906T133019Z\neutrals\pose-samples\wc_n_warden_Defeat_3.png'
00:09.594  render           | Saved: 'C:\Users\iputu\Documents\Wonder Chess\reports\WC-U440\20260906T133019Z\neutrals\pose-samples\wc_n_warden_Defeat_4.png'
00:09.625  render           | Saved: 'C:\Users\iputu\Documents\Wonder Chess\reports\WC-U440\20260906T133019Z\neutrals\pose-samples\wc_n_warden_Active_0.png'
00:09.656  render           | Saved: 'C:\Users\iputu\Documents\Wonder Chess\reports\WC-U440\20260906T133019Z\neutrals\pose-samples\wc_n_warden_Active_1.png'
00:09.672  render           | Saved: 'C:\Users\iputu\Documents\Wonder Chess\reports\WC-U440\20260906T133019Z\neutrals\pose-samples\wc_n_warden_Active_2.png'
00:09.703  render           | Saved: 'C:\Users\iputu\Documents\Wonder Chess\reports\WC-U440\20260906T133019Z\neutrals\pose-samples\wc_n_warden_Active_3.png'
00:09.719  render           | Saved: 'C:\Users\iputu\Documents\Wonder Chess\reports\WC-U440\20260906T133019Z\neutrals\pose-samples\wc_n_warden_Active_4.png'
00:09.719  blend            | Read blend: "C:\Users\iputu\Documents\Wonder Chess\art-source\neutrals\wc_n_wisp\wc_n_wisp.blend"
00:09.766  render           | Saved: 'C:\Users\iputu\Documents\Wonder Chess\reports\WC-U440\20260906T133019Z\neutrals\pose-samples\wc_n_wisp_Idle_0.png'
00:09.781  render           | Saved: 'C:\Users\iputu\Documents\Wonder Chess\reports\WC-U440\20260906T133019Z\neutrals\pose-samples\wc_n_wisp_Idle_1.png'
00:09.812  render           | Saved: 'C:\Users\iputu\Documents\Wonder Chess\reports\WC-U440\20260906T133019Z\neutrals\pose-samples\wc_n_wisp_Idle_2.png'
00:09.828  render           | Saved: 'C:\Users\iputu\Documents\Wonder Chess\reports\WC-U440\20260906T133019Z\neutrals\pose-samples\wc_n_wisp_Idle_3.png'
00:09.859  render           | Saved: 'C:\Users\iputu\Documents\Wonder Chess\reports\WC-U440\20260906T133019Z\neutrals\pose-samples\wc_n_wisp_Idle_4.png'
00:09.891  render           | Saved: 'C:\Users\iputu\Documents\Wonder Chess\reports\WC-U440\20260906T133019Z\neutrals\pose-samples\wc_n_wisp_Move_0.png'
00:09.953  render           | Saved: 'C:\Users\iputu\Documents\Wonder Chess\reports\WC-U440\20260906T133019Z\neutrals\pose-samples\wc_n_wisp_Move_1.png'
00:09.984  render           | Saved: 'C:\Users\iputu\Documents\Wonder Chess\reports\WC-U440\20260906T133019Z\neutrals\pose-samples\wc_n_wisp_Move_2.png'
00:10.016  render           | Saved: 'C:\Users\iputu\Documents\Wonder Chess\reports\WC-U440\20260906T133019Z\neutrals\pose-samples\wc_n_wisp_Move_3.png'
00:10.047  render           | Saved: 'C:\Users\iputu\Documents\Wonder Chess\reports\WC-U440\20260906T133019Z\neutrals\pose-samples\wc_n_wisp_Move_4.png'
00:10.062  render           | Saved: 'C:\Users\iputu\Documents\Wonder Chess\reports\WC-U440\20260906T133019Z\neutrals\pose-samples\wc_n_wisp_Attack_0.png'
00:10.094  render           | Saved: 'C:\Users\iputu\Documents\Wonder Chess\reports\WC-U440\20260906T133019Z\neutrals\pose-samples\wc_n_wisp_Attack_1.png'
00:10.109  render           | Saved: 'C:\Users\iputu\Documents\Wonder Chess\reports\WC-U440\20260906T133019Z\neutrals\pose-samples\wc_n_wisp_Attack_2.png'
00:10.141  render           | Saved: 'C:\Users\iputu\Documents\Wonder Chess\reports\WC-U440\20260906T133019Z\neutrals\pose-samples\wc_n_wisp_Attack_3.png'
00:10.172  render           | Saved: 'C:\Users\iputu\Documents\Wonder Chess\reports\WC-U440\20260906T133019Z\neutrals\pose-samples\wc_n_wisp_Attack_4.png'
00:10.187  render           | Saved: 'C:\Users\iputu\Documents\Wonder Chess\reports\WC-U440\20260906T133019Z\neutrals\pose-samples\wc_n_wisp_Hit_0.png'
00:10.219  render           | Saved: 'C:\Users\iputu\Documents\Wonder Chess\reports\WC-U440\20260906T133019Z\neutrals\pose-samples\wc_n_wisp_Hit_1.png'
00:10.234  render           | Saved: 'C:\Users\iputu\Documents\Wonder Chess\reports\WC-U440\20260906T133019Z\neutrals\pose-samples\wc_n_wisp_Hit_2.png'
00:10.266  render           | Saved: 'C:\Users\iputu\Documents\Wonder Chess\reports\WC-U440\20260906T133019Z\neutrals\pose-samples\wc_n_wisp_Hit_3.png'
00:10.281  render           | Saved: 'C:\Users\iputu\Documents\Wonder Chess\reports\WC-U440\20260906T133019Z\neutrals\pose-samples\wc_n_wisp_Hit_4.png'
00:10.312  render           | Saved: 'C:\Users\iputu\Documents\Wonder Chess\reports\WC-U440\20260906T133019Z\neutrals\pose-samples\wc_n_wisp_Defeat_0.png'
00:10.328  render           | Saved: 'C:\Users\iputu\Documents\Wonder Chess\reports\WC-U440\20260906T133019Z\neutrals\pose-samples\wc_n_wisp_Defeat_1.png'
00:10.359  render           | Saved: 'C:\Users\iputu\Documents\Wonder Chess\reports\WC-U440\20260906T133019Z\neutrals\pose-samples\wc_n_wisp_Defeat_2.png'
00:10.375  render           | Saved: 'C:\Users\iputu\Documents\Wonder Chess\reports\WC-U440\20260906T133019Z\neutrals\pose-samples\wc_n_wisp_Defeat_3.png'
00:10.406  render           | Saved: 'C:\Users\iputu\Documents\Wonder Chess\reports\WC-U440\20260906T133019Z\neutrals\pose-samples\wc_n_wisp_Defeat_4.png'
00:10.437  render           | Saved: 'C:\Users\iputu\Documents\Wonder Chess\reports\WC-U440\20260906T133019Z\neutrals\pose-samples\wc_n_wisp_Active_0.png'
00:10.453  render           | Saved: 'C:\Users\iputu\Documents\Wonder Chess\reports\WC-U440\20260906T133019Z\neutrals\pose-samples\wc_n_wisp_Active_1.png'
00:10.484  render           | Saved: 'C:\Users\iputu\Documents\Wonder Chess\reports\WC-U440\20260906T133019Z\neutrals\pose-samples\wc_n_wisp_Active_2.png'
00:10.516  render           | Saved: 'C:\Users\iputu\Documents\Wonder Chess\reports\WC-U440\20260906T133019Z\neutrals\pose-samples\wc_n_wisp_Active_3.png'
00:10.547  render           | Saved: 'C:\Users\iputu\Documents\Wonder Chess\reports\WC-U440\20260906T133019Z\neutrals\pose-samples\wc_n_wisp_Active_4.png'
WC_NEUTRAL_SPARSE_POSES 200
Blender 5.1.1 (hash b70da489d7f4 built 2026-04-14 01:37:22)

Blender quit
