Using bundled DotNet SDK version: 8.0.412 win-x64
Running UnrealBuildTool: dotnet "..\..\Engine\Binaries\DotNET\UnrealBuildTool\UnrealBuildTool.dll" WonderChessEditor Win64 Development "C:/Users/iputu/Documents/Wonder Chess/game/WonderChess.uproject" -WaitMutex -NoHotReloadFromIDE
Log file: C:\Users\iputu\AppData\Local\UnrealBuildTool\Log.txt
Using 'git status' to determine working set for adaptive non-unity build (C:\Users\iputu\Documents\Wonder Chess).
Invalidating makefile for WonderChessEditor (source file added)
UHT compiled-in object format Default
Parsing headers for WonderChessEditor
  Running Internal UnrealHeaderTool "C:\Users\iputu\Documents\Wonder Chess\game\WonderChess.uproject" "C:\Users\iputu\Documents\Wonder Chess\game\Intermediate\Build\Win64\WonderChessEditor\Development\WonderChessEditor.uhtmanifest" -WarningsAsErrors -installed
UHT processed WonderChessEditor in 9.4136051 seconds (0 files written)
Building WonderChessEditor...
Using Visual Studio 2022 14.44.35226 toolchain (C:\Program Files\Microsoft Visual Studio\2022\Community\VC\Tools\MSVC\14.44.35207) and Windows 10.0.22621.0 SDK (C:\Program Files (x86)\Windows Kits\10).
[Adaptive Build] Excluded from WonderChessRuntime unity file: WCBoardPresenter.cpp, WCDefinitionRegistry.cpp, WCFrontEnd.cpp, WCFrontEndAudit.cpp, WCFrontEndScene.cpp, WCMatchHUD.cpp, WCMatchRuntime.cpp, WCVerification.cpp, WonderSimulation.cpp, WonderSimulationTests.cpp, WonderTournament.cpp, WCImportedAssetTests.cpp, WCNeutralAssetTests.cpp
Determining max actions to execute in parallel (8 physical cores, 16 logical cores)
  Executing up to 8 processes, one per physical core
  Requested 1.5 GB memory per action, 311.13 MB available: limiting max parallel actions to 1
Using Unreal Build Accelerator local executor to run 18 action(s)
  Storage capacity 40Gb
---- Starting trace: 260906_214920 ----
UbaServer - Listening on 0.0.0.0:1345
[1/18] Compile [x64] Module.WonderChessRuntime.gen.cpp
[2/18] Compile [x64] WCBoardPresenter.cpp
C:\Users\iputu\Documents\Wonder Chess\game\Source\WonderChessRuntime\Private\WCBoardPresenter.cpp(576,25): error C4456: declaration of 'Definition' hides previous local declaration
            const auto &Definition =
                        ^
C:\Users\iputu\Documents\Wonder Chess\game\Source\WonderChessRuntime\Private\WCBoardPresenter.cpp(552,24): note: see declaration of 'Definition'
    const wc::UnitDef* Definition=nullptr;
                       ^
[3/18] Compile [x64] WCDefinitionRegistry.cpp
[4/18] Compile [x64] WCFrontEnd.cpp
[5/18] Compile [x64] WCFrontEndAudit.cpp
[6/18] Compile [x64] WCFrontEndScene.cpp
[7/18] Compile [x64] WCImportedAssetTests.cpp
[8/18] Compile [x64] WCMatchHUD.cpp
[9/18] Compile [x64] WCMatchRuntime.cpp
[10/18] Compile [x64] WCNetworkSession.cpp
[11/18] Compile [x64] WCNeutralAssetTests.cpp
C:\Users\iputu\Documents\Wonder Chess\game\Source\WonderChessRuntime\Private\Tests\WCNeutralAssetTests.cpp(147,37): error C2039: 'ToSharedRef': is not a member of 'TSharedRef<FJsonObject,ESPMode::ThreadSafe>'
  FJsonSerializer::Serialize(Report.ToSharedRef(), TJsonWriterFactory<>::Create(&Json));
                                    ^
C:\Program Files\Epic Games\UE_5.7\Engine\Source\Runtime\Core\Public\Templates\SharedPointer.h(152,7): note: see declaration of 'TSharedRef<FJsonObject,ESPMode::ThreadSafe>'
class TSharedRef
      ^
C:\Users\iputu\Documents\Wonder Chess\game\Source\WonderChessRuntime\Private\Tests\WCNeutralAssetTests.cpp(147,20): error C2672: 'TJsonSerializer<FJsonSerializerPolicy_JsonObject>::Serialize': no matching overloaded function found
  FJsonSerializer::Serialize(Report.ToSharedRef(), TJsonWriterFactory<>::Create(&Json));
                   ^
C:\Program Files\Epic Games\UE_5.7\Engine\Source\Runtime\Json\Public\Serialization\JsonSerializer.h(601,14): note: could be 'bool TJsonSerializer<FJsonSerializerPolicy_JsonObject>::Serialize(const TSharedRef<FJsonSerializerPolicy_JsonObject::FElement,ESPMode::ThreadSafe> &,TJsonWriter<CharType,PrintPolicy> &,bool)'
	static bool Serialize(const TSharedRef<typename Policy::FElement>& StartingElement, TJsonWriter<CharType, PrintPolicy>& Writer, bool bCloseWriter)
	            ^
C:\Users\iputu\Documents\Wonder Chess\game\Source\WonderChessRuntime\Private\Tests\WCNeutralAssetTests.cpp(147,20): note: 'bool TJsonSerializer<FJsonSerializerPolicy_JsonObject>::Serialize(const TSharedRef<FJsonSerializerPolicy_JsonObject::FElement,ESPMode::ThreadSafe> &,TJsonWriter<CharType,PrintPolicy> &,bool)': expects 3 arguments - 2 provided
  FJsonSerializer::Serialize(Report.ToSharedRef(), TJsonWriterFactory<>::Create(&Json));
                   ^
C:\Program Files\Epic Games\UE_5.7\Engine\Source\Runtime\Json\Public\Serialization\JsonSerializer.h(469,14): note: or       'bool TJsonSerializer<FJsonSerializerPolicy_JsonObject>::Serialize(const FJsonSerializerPolicy_JsonObject::FMapOfValues &,TJsonWriter<CharType,PrintPolicy> &,bool)'
	static bool Serialize(const typename Policy::FMapOfValues& Object, TJsonWriter<CharType, PrintPolicy>& Writer, bool bCloseWriter = true)
	            ^
C:\Program Files\Epic Games\UE_5.7\Engine\Source\Runtime\Json\Public\Serialization\JsonSerializer.h(449,14): note: or       'bool TJsonSerializer<FJsonSerializerPolicy_JsonObject>::Serialize(const FJsonSerializerPolicy_JsonObject::FMapOfValues &,const TSharedRef<TJsonWriter<CharType,PrintPolicy>,ESPMode::ThreadSafe> &,bool)'
	static bool Serialize(const typename Policy::FMapOfValues& Object, const TSharedRef<TJsonWriter<CharType, PrintPolicy>>& Writer, bool bCloseWriter = true )
	            ^
C:\Program Files\Epic Games\UE_5.7\Engine\Source\Runtime\Json\Public\Serialization\JsonSerializer.h(428,14): note: or       'bool TJsonSerializer<FJsonSerializerPolicy_JsonObject>::Serialize(const FJsonSerializerPolicy_JsonObject::FArrayOfValues &,TJsonWriter<CharType,PrintPolicy> &,bool)'
	static bool Serialize(const typename Policy::FArrayOfValues& Array, TJsonWriter<CharType, PrintPolicy>& Writer, bool bCloseWriter = true )
	            ^
C:\Program Files\Epic Games\UE_5.7\Engine\Source\Runtime\Json\Public\Serialization\JsonSerializer.h(408,14): note: or       'bool TJsonSerializer<FJsonSerializerPolicy_JsonObject>::Serialize(const FJsonSerializerPolicy_JsonObject::FArrayOfValues &,const TSharedRef<TJsonWriter<CharType,PrintPolicy>,ESPMode::ThreadSafe> &,bool)'
	static bool Serialize(const typename Policy::FArrayOfValues& Array, const TSharedRef<TJsonWriter<CharType, PrintPolicy>>& Writer, bool bCloseWriter = true)
	            ^
C:\Program Files\Epic Games\UE_5.7\Engine\Source\Runtime\Json\Public\Serialization\JsonSerializer.h(387,14): note: or       'bool TJsonSerializer<FJsonSerializerPolicy_JsonObject>::Serialize(const FJsonSerializerPolicy_JsonObject::FValue &,const FString &,TJsonWriter<CharType,PrintPolicy> &,bool)'
	static bool Serialize(const typename Policy::FValue& Value, const FString& Identifier, TJsonWriter<CharType, PrintPolicy>& Writer, bool bCloseWriter = true)
	            ^
C:\Users\iputu\Documents\Wonder Chess\game\Source\WonderChessRuntime\Private\Tests\WCNeutralAssetTests.cpp(147,20): note: 'bool TJsonSerializer<FJsonSerializerPolicy_JsonObject>::Serialize(const FJsonSerializerPolicy_JsonObject::FValue &,const FString &,TJsonWriter<CharType,PrintPolicy> &,bool)': expects 4 arguments - 2 provided
  FJsonSerializer::Serialize(Report.ToSharedRef(), TJsonWriterFactory<>::Create(&Json));
                   ^
C:\Program Files\Epic Games\UE_5.7\Engine\Source\Runtime\Json\Public\Serialization\JsonSerializer.h(359,14): note: or       'bool TJsonSerializer<FJsonSerializerPolicy_JsonObject>::Serialize(const FJsonSerializerPolicy_JsonObject::FValue &,const FString &,const TSharedRef<TJsonWriter<CharType,PrintPolicy>,ESPMode::ThreadSafe> &,bool)'
	static bool Serialize(const typename Policy::FValue& Value, const FString& Identifier, const TSharedRef<TJsonWriter<CharType, PrintPolicy>>& Writer, bool bCloseWriter = true)
	            ^
C:\Users\iputu\Documents\Wonder Chess\game\Source\WonderChessRuntime\Private\Tests\WCNeutralAssetTests.cpp(147,20): note: 'bool TJsonSerializer<FJsonSerializerPolicy_JsonObject>::Serialize(const FJsonSerializerPolicy_JsonObject::FValue &,const FString &,const TSharedRef<TJsonWriter<CharType,PrintPolicy>,ESPMode::ThreadSafe> &,bool)': expects 4 arguments - 2 provided
  FJsonSerializer::Serialize(Report.ToSharedRef(), TJsonWriterFactory<>::Create(&Json));
                   ^
[12/18] Compile [x64] WCVerification.cpp
[13/18] Compile [x64] WonderSimulation.cpp
[14/18] Compile [x64] WonderSimulationTests.cpp
[15/18] Compile [x64] WonderTournament.cpp
Trace written to file C:/Users/iputu/AppData/Local/UnrealBuildTool/Log.uba with size 36.0kb
Total time in Unreal Build Accelerator local executor: 268.38 seconds

Result: Failed (OtherCompilationError)
Total execution time: 290.29 seconds
