00:03.079  blend            | Read blend: "C:\Users\iputu\Documents\Wonder Chess\art-source\asset-studio\wc_u_human_guardian\stages\body-costume\BW4\r001\ada_fixed_hand_correction2.blend"
00:04.329  render           | Saved: 'C:\Users\iputu\Documents\Wonder Chess\art-source\asset-studio\wc_u_human_guardian\stages\body-costume\BW4\r001\captures\final_selected_hilt_only_side.png'
00:04.532  render           | Saved: 'C:\Users\iputu\Documents\Wonder Chess\art-source\asset-studio\wc_u_human_guardian\stages\body-costume\BW4\r001\captures\final_selected_hilt_only_palm.png'
00:04.688  render           | Saved: 'C:\Users\iputu\Documents\Wonder Chess\art-source\asset-studio\wc_u_human_guardian\stages\body-costume\BW4\r001\captures\final_selected_hilt_only_axial.png'
C:\Users\iputu\Documents\Wonder Chess\art-source\asset-studio\wc_u_human_guardian\stages\body-costume\BW4\r001\operations\05_freeze_and_capture.py:31: DeprecationWarning: 'Material.use_nodes' is expected to be removed in Blender 6.0
  mat=bpy.data.materials.new('BW4_Diagnostic_Clay');mat.diffuse_color=(.34,.32,.29,1);mat.use_nodes=True
C:\Users\iputu\Documents\Wonder Chess\art-source\asset-studio\wc_u_human_guardian\stages\body-costume\BW4\r001\operations\05_freeze_and_capture.py:34: DeprecationWarning: 'World.use_nodes' is expected to be removed in Blender 6.0
  s.world.use_nodes=True;s.world.node_tree.nodes['Background'].inputs['Color'].default_value=(.12,.12,.12,1);s.world.node_tree.nodes['Background'].inputs['Strength'].default_value=.5
00:14.625  render           | Saved: 'C:\Users\iputu\Documents\Wonder Chess\art-source\asset-studio\wc_u_human_guardian\stages\body-costume\BW4\r001\captures\final_uniform_clay_key.png'
00:24.188  render           | Saved: 'C:\Users\iputu\Documents\Wonder Chess\art-source\asset-studio\wc_u_human_guardian\stages\body-costume\BW4\r001\captures\final_uniform_clay_reversed_key.png'
00:24.329  render           | Saved: 'C:\Users\iputu\Documents\Wonder Chess\art-source\asset-studio\wc_u_human_guardian\stages\body-costume\BW4\r001\motion\local_turntable_frames\frame_0001.png'
00:24.469  render           | Saved: 'C:\Users\iputu\Documents\Wonder Chess\art-source\asset-studio\wc_u_human_guardian\stages\body-costume\BW4\r001\motion\local_turntable_frames\frame_0002.png'
00:24.594  render           | Saved: 'C:\Users\iputu\Documents\Wonder Chess\art-source\asset-studio\wc_u_human_guardian\stages\body-costume\BW4\r001\motion\local_turntable_frames\frame_0003.png'
00:24.735  render           | Saved: 'C:\Users\iputu\Documents\Wonder Chess\art-source\asset-studio\wc_u_human_guardian\stages\body-costume\BW4\r001\motion\local_turntable_frames\frame_0004.png'
00:24.860  render           | Saved: 'C:\Users\iputu\Documents\Wonder Chess\art-source\asset-studio\wc_u_human_guardian\stages\body-costume\BW4\r001\motion\local_turntable_frames\frame_0005.png'
00:24.985  render           | Saved: 'C:\Users\iputu\Documents\Wonder Chess\art-source\asset-studio\wc_u_human_guardian\stages\body-costume\BW4\r001\motion\local_turntable_frames\frame_0006.png'
00:25.141  render           | Saved: 'C:\Users\iputu\Documents\Wonder Chess\art-source\asset-studio\wc_u_human_guardian\stages\body-costume\BW4\r001\motion\local_turntable_frames\frame_0007.png'
00:25.266  render           | Saved: 'C:\Users\iputu\Documents\Wonder Chess\art-source\asset-studio\wc_u_human_guardian\stages\body-costume\BW4\r001\motion\local_turntable_frames\frame_0008.png'
00:25.391  render           | Saved: 'C:\Users\iputu\Documents\Wonder Chess\art-source\asset-studio\wc_u_human_guardian\stages\body-costume\BW4\r001\motion\local_turntable_frames\frame_0009.png'
00:25.516  render           | Saved: 'C:\Users\iputu\Documents\Wonder Chess\art-source\asset-studio\wc_u_human_guardian\stages\body-costume\BW4\r001\motion\local_turntable_frames\frame_0010.png'
00:25.657  render           | Saved: 'C:\Users\iputu\Documents\Wonder Chess\art-source\asset-studio\wc_u_human_guardian\stages\body-costume\BW4\r001\motion\local_turntable_frames\frame_0011.png'
00:25.766  render           | Saved: 'C:\Users\iputu\Documents\Wonder Chess\art-source\asset-studio\wc_u_human_guardian\stages\body-costume\BW4\r001\motion\local_turntable_frames\frame_0012.png'
00:25.907  render           | Saved: 'C:\Users\iputu\Documents\Wonder Chess\art-source\asset-studio\wc_u_human_guardian\stages\body-costume\BW4\r001\motion\local_turntable_frames\frame_0013.png'
00:26.032  render           | Saved: 'C:\Users\iputu\Documents\Wonder Chess\art-source\asset-studio\wc_u_human_guardian\stages\body-costume\BW4\r001\motion\local_turntable_frames\frame_0014.png'
00:26.172  render           | Saved: 'C:\Users\iputu\Documents\Wonder Chess\art-source\asset-studio\wc_u_human_guardian\stages\body-costume\BW4\r001\motion\local_turntable_frames\frame_0015.png'
00:26.313  render           | Saved: 'C:\Users\iputu\Documents\Wonder Chess\art-source\asset-studio\wc_u_human_guardian\stages\body-costume\BW4\r001\motion\local_turntable_frames\frame_0016.png'
00:26.438  render           | Saved: 'C:\Users\iputu\Documents\Wonder Chess\art-source\asset-studio\wc_u_human_guardian\stages\body-costume\BW4\r001\motion\local_turntable_frames\frame_0017.png'
00:26.563  render           | Saved: 'C:\Users\iputu\Documents\Wonder Chess\art-source\asset-studio\wc_u_human_guardian\stages\body-costume\BW4\r001\motion\local_turntable_frames\frame_0018.png'
00:26.688  render           | Saved: 'C:\Users\iputu\Documents\Wonder Chess\art-source\asset-studio\wc_u_human_guardian\stages\body-costume\BW4\r001\motion\local_turntable_frames\frame_0019.png'
00:26.813  render           | Saved: 'C:\Users\iputu\Documents\Wonder Chess\art-source\asset-studio\wc_u_human_guardian\stages\body-costume\BW4\r001\motion\local_turntable_frames\frame_0020.png'
00:26.938  render           | Saved: 'C:\Users\iputu\Documents\Wonder Chess\art-source\asset-studio\wc_u_human_guardian\stages\body-costume\BW4\r001\motion\local_turntable_frames\frame_0021.png'
00:27.079  render           | Saved: 'C:\Users\iputu\Documents\Wonder Chess\art-source\asset-studio\wc_u_human_guardian\stages\body-costume\BW4\r001\motion\local_turntable_frames\frame_0022.png'
00:27.219  render           | Saved: 'C:\Users\iputu\Documents\Wonder Chess\art-source\asset-studio\wc_u_human_guardian\stages\body-costume\BW4\r001\motion\local_turntable_frames\frame_0023.png'
00:27.344  render           | Saved: 'C:\Users\iputu\Documents\Wonder Chess\art-source\asset-studio\wc_u_human_guardian\stages\body-costume\BW4\r001\motion\local_turntable_frames\frame_0024.png'
00:27.469  render           | Saved: 'C:\Users\iputu\Documents\Wonder Chess\art-source\asset-studio\wc_u_human_guardian\stages\body-costume\BW4\r001\motion\local_turntable_frames\frame_0025.png'
00:27.594  render           | Saved: 'C:\Users\iputu\Documents\Wonder Chess\art-source\asset-studio\wc_u_human_guardian\stages\body-costume\BW4\r001\motion\local_turntable_frames\frame_0026.png'
00:27.735  render           | Saved: 'C:\Users\iputu\Documents\Wonder Chess\art-source\asset-studio\wc_u_human_guardian\stages\body-costume\BW4\r001\motion\local_turntable_frames\frame_0027.png'
00:27.860  render           | Saved: 'C:\Users\iputu\Documents\Wonder Chess\art-source\asset-studio\wc_u_human_guardian\stages\body-costume\BW4\r001\motion\local_turntable_frames\frame_0028.png'
00:28.000  render           | Saved: 'C:\Users\iputu\Documents\Wonder Chess\art-source\asset-studio\wc_u_human_guardian\stages\body-costume\BW4\r001\motion\local_turntable_frames\frame_0029.png'
00:28.125  render           | Saved: 'C:\Users\iputu\Documents\Wonder Chess\art-source\asset-studio\wc_u_human_guardian\stages\body-costume\BW4\r001\motion\local_turntable_frames\frame_0030.png'
00:28.250  render           | Saved: 'C:\Users\iputu\Documents\Wonder Chess\art-source\asset-studio\wc_u_human_guardian\stages\body-costume\BW4\r001\motion\local_turntable_frames\frame_0031.png'
00:28.391  render           | Saved: 'C:\Users\iputu\Documents\Wonder Chess\art-source\asset-studio\wc_u_human_guardian\stages\body-costume\BW4\r001\motion\local_turntable_frames\frame_0032.png'
00:28.516  render           | Saved: 'C:\Users\iputu\Documents\Wonder Chess\art-source\asset-studio\wc_u_human_guardian\stages\body-costume\BW4\r001\motion\local_turntable_frames\frame_0033.png'
00:28.641  render           | Saved: 'C:\Users\iputu\Documents\Wonder Chess\art-source\asset-studio\wc_u_human_guardian\stages\body-costume\BW4\r001\motion\local_turntable_frames\frame_0034.png'
00:28.766  render           | Saved: 'C:\Users\iputu\Documents\Wonder Chess\art-source\asset-studio\wc_u_human_guardian\stages\body-costume\BW4\r001\motion\local_turntable_frames\frame_0035.png'
00:28.922  render           | Saved: 'C:\Users\iputu\Documents\Wonder Chess\art-source\asset-studio\wc_u_human_guardian\stages\body-costume\BW4\r001\motion\local_turntable_frames\frame_0036.png'
00:29.079  render           | Saved: 'C:\Users\iputu\Documents\Wonder Chess\art-source\asset-studio\wc_u_human_guardian\stages\body-costume\BW4\r001\motion\local_turntable_frames\frame_0037.png'
00:29.204  render           | Saved: 'C:\Users\iputu\Documents\Wonder Chess\art-source\asset-studio\wc_u_human_guardian\stages\body-costume\BW4\r001\motion\local_turntable_frames\frame_0038.png'
00:29.360  render           | Saved: 'C:\Users\iputu\Documents\Wonder Chess\art-source\asset-studio\wc_u_human_guardian\stages\body-costume\BW4\r001\motion\local_turntable_frames\frame_0039.png'
00:29.516  render           | Saved: 'C:\Users\iputu\Documents\Wonder Chess\art-source\asset-studio\wc_u_human_guardian\stages\body-costume\BW4\r001\motion\local_turntable_frames\frame_0040.png'
00:29.657  render           | Saved: 'C:\Users\iputu\Documents\Wonder Chess\art-source\asset-studio\wc_u_human_guardian\stages\body-costume\BW4\r001\motion\local_turntable_frames\frame_0041.png'
00:29.813  render           | Saved: 'C:\Users\iputu\Documents\Wonder Chess\art-source\asset-studio\wc_u_human_guardian\stages\body-costume\BW4\r001\motion\local_turntable_frames\frame_0042.png'
00:29.954  render           | Saved: 'C:\Users\iputu\Documents\Wonder Chess\art-source\asset-studio\wc_u_human_guardian\stages\body-costume\BW4\r001\motion\local_turntable_frames\frame_0043.png'
00:30.110  render           | Saved: 'C:\Users\iputu\Documents\Wonder Chess\art-source\asset-studio\wc_u_human_guardian\stages\body-costume\BW4\r001\motion\local_turntable_frames\frame_0044.png'
00:30.235  render           | Saved: 'C:\Users\iputu\Documents\Wonder Chess\art-source\asset-studio\wc_u_human_guardian\stages\body-costume\BW4\r001\motion\local_turntable_frames\frame_0045.png'
00:30.391  render           | Saved: 'C:\Users\iputu\Documents\Wonder Chess\art-source\asset-studio\wc_u_human_guardian\stages\body-costume\BW4\r001\motion\local_turntable_frames\frame_0046.png'
00:30.547  render           | Saved: 'C:\Users\iputu\Documents\Wonder Chess\art-source\asset-studio\wc_u_human_guardian\stages\body-costume\BW4\r001\motion\local_turntable_frames\frame_0047.png'
00:30.688  render           | Saved: 'C:\Users\iputu\Documents\Wonder Chess\art-source\asset-studio\wc_u_human_guardian\stages\body-costume\BW4\r001\motion\local_turntable_frames\frame_0048.png'
00:30.938  render           | Saved: 'C:\Users\iputu\Documents\Wonder Chess\art-source\asset-studio\wc_u_human_guardian\stages\body-costume\BW4\r001\motion\local_turntable_frames\frame_0049.png'
00:31.157  render           | Saved: 'C:\Users\iputu\Documents\Wonder Chess\art-source\asset-studio\wc_u_human_guardian\stages\body-costume\BW4\r001\motion\local_turntable_frames\frame_0050.png'
00:31.485  render           | Saved: 'C:\Users\iputu\Documents\Wonder Chess\art-source\asset-studio\wc_u_human_guardian\stages\body-costume\BW4\r001\motion\local_turntable_frames\frame_0051.png'
00:31.625  render           | Saved: 'C:\Users\iputu\Documents\Wonder Chess\art-source\asset-studio\wc_u_human_guardian\stages\body-costume\BW4\r001\motion\local_turntable_frames\frame_0052.png'
00:31.813  render           | Saved: 'C:\Users\iputu\Documents\Wonder Chess\art-source\asset-studio\wc_u_human_guardian\stages\body-costume\BW4\r001\motion\local_turntable_frames\frame_0053.png'
00:32.016  render           | Saved: 'C:\Users\iputu\Documents\Wonder Chess\art-source\asset-studio\wc_u_human_guardian\stages\body-costume\BW4\r001\motion\local_turntable_frames\frame_0054.png'
00:32.219  render           | Saved: 'C:\Users\iputu\Documents\Wonder Chess\art-source\asset-studio\wc_u_human_guardian\stages\body-costume\BW4\r001\motion\local_turntable_frames\frame_0055.png'
00:32.391  render           | Saved: 'C:\Users\iputu\Documents\Wonder Chess\art-source\asset-studio\wc_u_human_guardian\stages\body-costume\BW4\r001\motion\local_turntable_frames\frame_0056.png'
00:32.532  render           | Saved: 'C:\Users\iputu\Documents\Wonder Chess\art-source\asset-studio\wc_u_human_guardian\stages\body-costume\BW4\r001\motion\local_turntable_frames\frame_0057.png'
00:32.672  render           | Saved: 'C:\Users\iputu\Documents\Wonder Chess\art-source\asset-studio\wc_u_human_guardian\stages\body-costume\BW4\r001\motion\local_turntable_frames\frame_0058.png'
00:32.844  render           | Saved: 'C:\Users\iputu\Documents\Wonder Chess\art-source\asset-studio\wc_u_human_guardian\stages\body-costume\BW4\r001\motion\local_turntable_frames\frame_0059.png'
00:33.016  render           | Saved: 'C:\Users\iputu\Documents\Wonder Chess\art-source\asset-studio\wc_u_human_guardian\stages\body-costume\BW4\r001\motion\local_turntable_frames\frame_0060.png'
00:33.172  render           | Saved: 'C:\Users\iputu\Documents\Wonder Chess\art-source\asset-studio\wc_u_human_guardian\stages\body-costume\BW4\r001\motion\local_turntable_frames\frame_0061.png'
00:33.344  render           | Saved: 'C:\Users\iputu\Documents\Wonder Chess\art-source\asset-studio\wc_u_human_guardian\stages\body-costume\BW4\r001\motion\local_turntable_frames\frame_0062.png'
00:33.500  render           | Saved: 'C:\Users\iputu\Documents\Wonder Chess\art-source\asset-studio\wc_u_human_guardian\stages\body-costume\BW4\r001\motion\local_turntable_frames\frame_0063.png'
00:34.157  render           | Saved: 'C:\Users\iputu\Documents\Wonder Chess\art-source\asset-studio\wc_u_human_guardian\stages\body-costume\BW4\r001\motion\local_turntable_frames\frame_0064.png'
00:34.329  render           | Saved: 'C:\Users\iputu\Documents\Wonder Chess\art-source\asset-studio\wc_u_human_guardian\stages\body-costume\BW4\r001\motion\local_turntable_frames\frame_0065.png'
00:34.485  render           | Saved: 'C:\Users\iputu\Documents\Wonder Chess\art-source\asset-studio\wc_u_human_guardian\stages\body-costume\BW4\r001\motion\local_turntable_frames\frame_0066.png'
00:34.625  render           | Saved: 'C:\Users\iputu\Documents\Wonder Chess\art-source\asset-studio\wc_u_human_guardian\stages\body-costume\BW4\r001\motion\local_turntable_frames\frame_0067.png'
00:34.797  render           | Saved: 'C:\Users\iputu\Documents\Wonder Chess\art-source\asset-studio\wc_u_human_guardian\stages\body-costume\BW4\r001\motion\local_turntable_frames\frame_0068.png'
00:34.938  render           | Saved: 'C:\Users\iputu\Documents\Wonder Chess\art-source\asset-studio\wc_u_human_guardian\stages\body-costume\BW4\r001\motion\local_turntable_frames\frame_0069.png'
00:35.094  render           | Saved: 'C:\Users\iputu\Documents\Wonder Chess\art-source\asset-studio\wc_u_human_guardian\stages\body-costume\BW4\r001\motion\local_turntable_frames\frame_0070.png'
00:35.672  render           | Saved: 'C:\Users\iputu\Documents\Wonder Chess\art-source\asset-studio\wc_u_human_guardian\stages\body-costume\BW4\r001\motion\local_turntable_frames\frame_0071.png'
00:35.954  render           | Saved: 'C:\Users\iputu\Documents\Wonder Chess\art-source\asset-studio\wc_u_human_guardian\stages\body-costume\BW4\r001\motion\local_turntable_frames\frame_0072.png'
00:36.110  render           | Saved: 'C:\Users\iputu\Documents\Wonder Chess\art-source\asset-studio\wc_u_human_guardian\stages\body-costume\BW4\r001\motion\local_turntable_frames\frame_0073.png'
00:36.250  render           | Saved: 'C:\Users\iputu\Documents\Wonder Chess\art-source\asset-studio\wc_u_human_guardian\stages\body-costume\BW4\r001\motion\local_turntable_frames\frame_0074.png'
00:36.391  render           | Saved: 'C:\Users\iputu\Documents\Wonder Chess\art-source\asset-studio\wc_u_human_guardian\stages\body-costume\BW4\r001\motion\local_turntable_frames\frame_0075.png'
00:36.532  render           | Saved: 'C:\Users\iputu\Documents\Wonder Chess\art-source\asset-studio\wc_u_human_guardian\stages\body-costume\BW4\r001\motion\local_turntable_frames\frame_0076.png'
00:36.672  render           | Saved: 'C:\Users\iputu\Documents\Wonder Chess\art-source\asset-studio\wc_u_human_guardian\stages\body-costume\BW4\r001\motion\local_turntable_frames\frame_0077.png'
00:37.282  render           | Saved: 'C:\Users\iputu\Documents\Wonder Chess\art-source\asset-studio\wc_u_human_guardian\stages\body-costume\BW4\r001\motion\local_turntable_frames\frame_0078.png'
00:37.469  render           | Saved: 'C:\Users\iputu\Documents\Wonder Chess\art-source\asset-studio\wc_u_human_guardian\stages\body-costume\BW4\r001\motion\local_turntable_frames\frame_0079.png'
00:37.625  render           | Saved: 'C:\Users\iputu\Documents\Wonder Chess\art-source\asset-studio\wc_u_human_guardian\stages\body-costume\BW4\r001\motion\local_turntable_frames\frame_0080.png'
00:37.782  render           | Saved: 'C:\Users\iputu\Documents\Wonder Chess\art-source\asset-studio\wc_u_human_guardian\stages\body-costume\BW4\r001\motion\local_turntable_frames\frame_0081.png'
00:37.938  render           | Saved: 'C:\Users\iputu\Documents\Wonder Chess\art-source\asset-studio\wc_u_human_guardian\stages\body-costume\BW4\r001\motion\local_turntable_frames\frame_0082.png'
00:38.094  render           | Saved: 'C:\Users\iputu\Documents\Wonder Chess\art-source\asset-studio\wc_u_human_guardian\stages\body-costume\BW4\r001\motion\local_turntable_frames\frame_0083.png'
00:38.250  render           | Saved: 'C:\Users\iputu\Documents\Wonder Chess\art-source\asset-studio\wc_u_human_guardian\stages\body-costume\BW4\r001\motion\local_turntable_frames\frame_0084.png'
00:38.422  render           | Saved: 'C:\Users\iputu\Documents\Wonder Chess\art-source\asset-studio\wc_u_human_guardian\stages\body-costume\BW4\r001\motion\local_turntable_frames\frame_0085.png'
00:38.579  render           | Saved: 'C:\Users\iputu\Documents\Wonder Chess\art-source\asset-studio\wc_u_human_guardian\stages\body-costume\BW4\r001\motion\local_turntable_frames\frame_0086.png'
00:38.735  render           | Saved: 'C:\Users\iputu\Documents\Wonder Chess\art-source\asset-studio\wc_u_human_guardian\stages\body-costume\BW4\r001\motion\local_turntable_frames\frame_0087.png'
00:38.875  render           | Saved: 'C:\Users\iputu\Documents\Wonder Chess\art-source\asset-studio\wc_u_human_guardian\stages\body-costume\BW4\r001\motion\local_turntable_frames\frame_0088.png'
00:39.016  render           | Saved: 'C:\Users\iputu\Documents\Wonder Chess\art-source\asset-studio\wc_u_human_guardian\stages\body-costume\BW4\r001\motion\local_turntable_frames\frame_0089.png'
00:39.141  render           | Saved: 'C:\Users\iputu\Documents\Wonder Chess\art-source\asset-studio\wc_u_human_guardian\stages\body-costume\BW4\r001\motion\local_turntable_frames\frame_0090.png'
00:39.282  render           | Saved: 'C:\Users\iputu\Documents\Wonder Chess\art-source\asset-studio\wc_u_human_guardian\stages\body-costume\BW4\r001\motion\local_turntable_frames\frame_0091.png'
00:39.422  render           | Saved: 'C:\Users\iputu\Documents\Wonder Chess\art-source\asset-studio\wc_u_human_guardian\stages\body-costume\BW4\r001\motion\local_turntable_frames\frame_0092.png'
00:39.547  render           | Saved: 'C:\Users\iputu\Documents\Wonder Chess\art-source\asset-studio\wc_u_human_guardian\stages\body-costume\BW4\r001\motion\local_turntable_frames\frame_0093.png'
00:39.672  render           | Saved: 'C:\Users\iputu\Documents\Wonder Chess\art-source\asset-studio\wc_u_human_guardian\stages\body-costume\BW4\r001\motion\local_turntable_frames\frame_0094.png'
00:39.797  render           | Saved: 'C:\Users\iputu\Documents\Wonder Chess\art-source\asset-studio\wc_u_human_guardian\stages\body-costume\BW4\r001\motion\local_turntable_frames\frame_0095.png'
00:39.938  render           | Saved: 'C:\Users\iputu\Documents\Wonder Chess\art-source\asset-studio\wc_u_human_guardian\stages\body-costume\BW4\r001\motion\local_turntable_frames\frame_0096.png'
00:40.032  render           | Video append frame 1
00:40.047  render           | Video append frame 2
00:40.063  render           | Video append frame 3
00:40.079  render           | Video append frame 4
00:40.110  render           | Video append frame 5
00:40.125  render           | Video append frame 6
00:40.141  render           | Video append frame 7
00:40.157  render           | Video append frame 8
00:40.172  render           | Video append frame 9
00:40.188  render           | Video append frame 10
00:40.204  render           | Video append frame 11
00:40.219  render           | Video append frame 12
00:40.235  render           | Video append frame 13
00:40.250  render           | Video append frame 14
00:40.282  render           | Video append frame 15
00:40.297  render           | Video append frame 16
00:40.313  render           | Video append frame 17
00:40.329  render           | Video append frame 18
00:40.344  render           | Video append frame 19
00:40.360  render           | Video append frame 20
00:40.375  render           | Video append frame 21
00:40.391  render           | Video append frame 22
00:40.422  render           | Video append frame 23
00:40.438  render           | Video append frame 24
00:40.454  render           | Video append frame 25
00:40.469  render           | Video append frame 26
00:40.485  render           | Video append frame 27
00:40.500  render           | Video append frame 28
00:40.516  render           | Video append frame 29
00:40.547  render           | Video append frame 30
00:40.563  render           | Video append frame 31
00:40.579  render           | Video append frame 32
00:40.594  render           | Video append frame 33
00:40.610  render           | Video append frame 34
00:40.625  render           | Video append frame 35
00:40.641  render           | Video append frame 36
00:40.657  render           | Video append frame 37
00:40.672  render           | Video append frame 38
00:40.704  render           | Video append frame 39
00:40.719  render           | Video append frame 40
00:40.735  render           | Video append frame 41
00:40.766  render           | Video append frame 42
00:40.782  render           | Video append frame 43
00:40.797  render           | Video append frame 44
00:40.813  render           | Video append frame 45
00:40.844  render           | Video append frame 46
00:40.860  render           | Video append frame 47
00:40.875  render           | Video append frame 48
00:40.891  render           | Video append frame 49
00:40.922  render           | Video append frame 50
00:40.938  render           | Video append frame 51
00:40.954  render           | Video append frame 52
00:40.969  render           | Video append frame 53
00:41.000  render           | Video append frame 54
00:41.016  render           | Video append frame 55
00:41.032  render           | Video append frame 56
00:41.047  render           | Video append frame 57
00:41.079  render           | Video append frame 58
00:41.094  render           | Video append frame 59
00:41.110  render           | Video append frame 60
00:41.125  render           | Video append frame 61
00:41.141  render           | Video append frame 62
00:41.172  render           | Video append frame 63
00:41.188  render           | Video append frame 64
00:41.204  render           | Video append frame 65
00:41.235  render           | Video append frame 66
00:41.250  render           | Video append frame 67
00:41.266  render           | Video append frame 68
00:41.297  render           | Video append frame 69
00:41.313  render           | Video append frame 70
00:41.329  render           | Video append frame 71
00:41.344  render           | Video append frame 72
00:41.375  render           | Video append frame 73
00:41.391  render           | Video append frame 74
00:41.407  render           | Video append frame 75
00:41.422  render           | Video append frame 76
00:41.438  render           | Video append frame 77
00:41.469  render           | Video append frame 78
00:41.485  render           | Video append frame 79
00:41.500  render           | Video append frame 80
00:41.532  render           | Video append frame 81
00:41.547  render           | Video append frame 82
00:41.563  render           | Video append frame 83
00:41.579  render           | Video append frame 84
00:41.594  render           | Video append frame 85
00:41.625  render           | Video append frame 86
00:41.657  render           | Video append frame 87
00:41.672  render           | Video append frame 88
00:41.704  render           | Video append frame 89
00:41.735  render           | Video append frame 90
00:41.750  render           | Video append frame 91
00:41.766  render           | Video append frame 92
00:41.797  render           | Video append frame 93
00:41.813  render           | Video append frame 94
00:41.829  render           | Video append frame 95
00:41.844  render           | Video append frame 96
Info: Saved as "ada_fixed_hand_work.blend"
Info: Saved copy as "ada_fixed_hand_checkpoint_ART_REVISE.blend"
FROZEN_HAND_AND_LOCAL_VIDEO {"C:\\Users\\iputu\\Documents\\Wonder Chess\\art-source\\asset-studio\\wc_u_human_guardian\\stages\\body-costume\\BW4\\r001\\ada_fixed_hand_correction2.blend": "2dd8ddbd0fcd2183a26319a185cca81be39a64b7b1e76f4eb8176b5b05123244", "C:\\Users\\iputu\\Documents\\Wonder Chess\\art-source\\asset-studio\\wc_u_human_guardian\\stages\\body-costume\\BW4\\r001\\ada_fixed_hand_work.blend": "f85003358791c8346f4432a0fbdfc797047abca19ca9dc33c9d66428b411ffa3", "C:\\Users\\iputu\\Documents\\Wonder Chess\\art-source\\asset-studio\\wc_u_human_guardian\\stages\\body-costume\\BW4\\r001\\ada_fixed_hand_checkpoint_ART_REVISE.blend": "f85003358791c8346f4432a0fbdfc797047abca19ca9dc33c9d66428b411ffa3"}
Blender 5.1.1 (hash b70da489d7f4 built 2026-04-14 01:37:22)

Blender quit
