C:\Users\iputu\Documents\Wonder Chess\art-source\asset-studio\wc_u_human_guardian\stages\body-costume\BW4\r001\operations\06_verify_local_video.py:19: DeprecationWarning: 'MovieStrip.frame_duration' is expected to be removed in Blender 6.0
  'frame_duration': strip.frame_duration, 'fps': strip.fps,
00:03.422  render           | Saved: 'C:\Users\iputu\Documents\Wonder Chess\art-source\asset-studio\wc_u_human_guardian\stages\body-costume\BW4\r001\motion\decoded-verification\frame_0001.png'
00:03.453  render           | Saved: 'C:\Users\iputu\Documents\Wonder Chess\art-source\asset-studio\wc_u_human_guardian\stages\body-costume\BW4\r001\motion\decoded-verification\frame_0002.png'
00:03.484  render           | Saved: 'C:\Users\iputu\Documents\Wonder Chess\art-source\asset-studio\wc_u_human_guardian\stages\body-costume\BW4\r001\motion\decoded-verification\frame_0003.png'
00:03.515  render           | Saved: 'C:\Users\iputu\Documents\Wonder Chess\art-source\asset-studio\wc_u_human_guardian\stages\body-costume\BW4\r001\motion\decoded-verification\frame_0004.png'
00:03.547  render           | Saved: 'C:\Users\iputu\Documents\Wonder Chess\art-source\asset-studio\wc_u_human_guardian\stages\body-costume\BW4\r001\motion\decoded-verification\frame_0005.png'
00:03.578  render           | Saved: 'C:\Users\iputu\Documents\Wonder Chess\art-source\asset-studio\wc_u_human_guardian\stages\body-costume\BW4\r001\motion\decoded-verification\frame_0006.png'
00:03.609  render           | Saved: 'C:\Users\iputu\Documents\Wonder Chess\art-source\asset-studio\wc_u_human_guardian\stages\body-costume\BW4\r001\motion\decoded-verification\frame_0007.png'
00:03.640  render           | Saved: 'C:\Users\iputu\Documents\Wonder Chess\art-source\asset-studio\wc_u_human_guardian\stages\body-costume\BW4\r001\motion\decoded-verification\frame_0008.png'
00:03.672  render           | Saved: 'C:\Users\iputu\Documents\Wonder Chess\art-source\asset-studio\wc_u_human_guardian\stages\body-costume\BW4\r001\motion\decoded-verification\frame_0009.png'
00:03.703  render           | Saved: 'C:\Users\iputu\Documents\Wonder Chess\art-source\asset-studio\wc_u_human_guardian\stages\body-costume\BW4\r001\motion\decoded-verification\frame_0010.png'
00:03.734  render           | Saved: 'C:\Users\iputu\Documents\Wonder Chess\art-source\asset-studio\wc_u_human_guardian\stages\body-costume\BW4\r001\motion\decoded-verification\frame_0011.png'
00:03.781  render           | Saved: 'C:\Users\iputu\Documents\Wonder Chess\art-source\asset-studio\wc_u_human_guardian\stages\body-costume\BW4\r001\motion\decoded-verification\frame_0012.png'
00:03.812  render           | Saved: 'C:\Users\iputu\Documents\Wonder Chess\art-source\asset-studio\wc_u_human_guardian\stages\body-costume\BW4\r001\motion\decoded-verification\frame_0013.png'
00:03.843  render           | Saved: 'C:\Users\iputu\Documents\Wonder Chess\art-source\asset-studio\wc_u_human_guardian\stages\body-costume\BW4\r001\motion\decoded-verification\frame_0014.png'
00:03.875  render           | Saved: 'C:\Users\iputu\Documents\Wonder Chess\art-source\asset-studio\wc_u_human_guardian\stages\body-costume\BW4\r001\motion\decoded-verification\frame_0015.png'
00:03.906  render           | Saved: 'C:\Users\iputu\Documents\Wonder Chess\art-source\asset-studio\wc_u_human_guardian\stages\body-costume\BW4\r001\motion\decoded-verification\frame_0016.png'
00:03.937  render           | Saved: 'C:\Users\iputu\Documents\Wonder Chess\art-source\asset-studio\wc_u_human_guardian\stages\body-costume\BW4\r001\motion\decoded-verification\frame_0017.png'
00:03.984  render           | Saved: 'C:\Users\iputu\Documents\Wonder Chess\art-source\asset-studio\wc_u_human_guardian\stages\body-costume\BW4\r001\motion\decoded-verification\frame_0018.png'
00:04.015  render           | Saved: 'C:\Users\iputu\Documents\Wonder Chess\art-source\asset-studio\wc_u_human_guardian\stages\body-costume\BW4\r001\motion\decoded-verification\frame_0019.png'
00:04.047  render           | Saved: 'C:\Users\iputu\Documents\Wonder Chess\art-source\asset-studio\wc_u_human_guardian\stages\body-costume\BW4\r001\motion\decoded-verification\frame_0020.png'
00:04.078  render           | Saved: 'C:\Users\iputu\Documents\Wonder Chess\art-source\asset-studio\wc_u_human_guardian\stages\body-costume\BW4\r001\motion\decoded-verification\frame_0021.png'
00:04.109  render           | Saved: 'C:\Users\iputu\Documents\Wonder Chess\art-source\asset-studio\wc_u_human_guardian\stages\body-costume\BW4\r001\motion\decoded-verification\frame_0022.png'
00:04.140  render           | Saved: 'C:\Users\iputu\Documents\Wonder Chess\art-source\asset-studio\wc_u_human_guardian\stages\body-costume\BW4\r001\motion\decoded-verification\frame_0023.png'
00:04.172  render           | Saved: 'C:\Users\iputu\Documents\Wonder Chess\art-source\asset-studio\wc_u_human_guardian\stages\body-costume\BW4\r001\motion\decoded-verification\frame_0024.png'
00:04.203  render           | Saved: 'C:\Users\iputu\Documents\Wonder Chess\art-source\asset-studio\wc_u_human_guardian\stages\body-costume\BW4\r001\motion\decoded-verification\frame_0025.png'
00:04.234  render           | Saved: 'C:\Users\iputu\Documents\Wonder Chess\art-source\asset-studio\wc_u_human_guardian\stages\body-costume\BW4\r001\motion\decoded-verification\frame_0026.png'
00:04.281  render           | Saved: 'C:\Users\iputu\Documents\Wonder Chess\art-source\asset-studio\wc_u_human_guardian\stages\body-costume\BW4\r001\motion\decoded-verification\frame_0027.png'
00:04.312  render           | Saved: 'C:\Users\iputu\Documents\Wonder Chess\art-source\asset-studio\wc_u_human_guardian\stages\body-costume\BW4\r001\motion\decoded-verification\frame_0028.png'
00:04.343  render           | Saved: 'C:\Users\iputu\Documents\Wonder Chess\art-source\asset-studio\wc_u_human_guardian\stages\body-costume\BW4\r001\motion\decoded-verification\frame_0029.png'
00:04.375  render           | Saved: 'C:\Users\iputu\Documents\Wonder Chess\art-source\asset-studio\wc_u_human_guardian\stages\body-costume\BW4\r001\motion\decoded-verification\frame_0030.png'
00:04.406  render           | Saved: 'C:\Users\iputu\Documents\Wonder Chess\art-source\asset-studio\wc_u_human_guardian\stages\body-costume\BW4\r001\motion\decoded-verification\frame_0031.png'
00:04.453  render           | Saved: 'C:\Users\iputu\Documents\Wonder Chess\art-source\asset-studio\wc_u_human_guardian\stages\body-costume\BW4\r001\motion\decoded-verification\frame_0032.png'
00:04.484  render           | Saved: 'C:\Users\iputu\Documents\Wonder Chess\art-source\asset-studio\wc_u_human_guardian\stages\body-costume\BW4\r001\motion\decoded-verification\frame_0033.png'
00:04.515  render           | Saved: 'C:\Users\iputu\Documents\Wonder Chess\art-source\asset-studio\wc_u_human_guardian\stages\body-costume\BW4\r001\motion\decoded-verification\frame_0034.png'
00:04.547  render           | Saved: 'C:\Users\iputu\Documents\Wonder Chess\art-source\asset-studio\wc_u_human_guardian\stages\body-costume\BW4\r001\motion\decoded-verification\frame_0035.png'
00:04.578  render           | Saved: 'C:\Users\iputu\Documents\Wonder Chess\art-source\asset-studio\wc_u_human_guardian\stages\body-costume\BW4\r001\motion\decoded-verification\frame_0036.png'
00:04.609  render           | Saved: 'C:\Users\iputu\Documents\Wonder Chess\art-source\asset-studio\wc_u_human_guardian\stages\body-costume\BW4\r001\motion\decoded-verification\frame_0037.png'
00:04.640  render           | Saved: 'C:\Users\iputu\Documents\Wonder Chess\art-source\asset-studio\wc_u_human_guardian\stages\body-costume\BW4\r001\motion\decoded-verification\frame_0038.png'
00:04.672  render           | Saved: 'C:\Users\iputu\Documents\Wonder Chess\art-source\asset-studio\wc_u_human_guardian\stages\body-costume\BW4\r001\motion\decoded-verification\frame_0039.png'
00:04.718  render           | Saved: 'C:\Users\iputu\Documents\Wonder Chess\art-source\asset-studio\wc_u_human_guardian\stages\body-costume\BW4\r001\motion\decoded-verification\frame_0040.png'
00:04.750  render           | Saved: 'C:\Users\iputu\Documents\Wonder Chess\art-source\asset-studio\wc_u_human_guardian\stages\body-costume\BW4\r001\motion\decoded-verification\frame_0041.png'
00:04.781  render           | Saved: 'C:\Users\iputu\Documents\Wonder Chess\art-source\asset-studio\wc_u_human_guardian\stages\body-costume\BW4\r001\motion\decoded-verification\frame_0042.png'
00:04.812  render           | Saved: 'C:\Users\iputu\Documents\Wonder Chess\art-source\asset-studio\wc_u_human_guardian\stages\body-costume\BW4\r001\motion\decoded-verification\frame_0043.png'
00:04.859  render           | Saved: 'C:\Users\iputu\Documents\Wonder Chess\art-source\asset-studio\wc_u_human_guardian\stages\body-costume\BW4\r001\motion\decoded-verification\frame_0044.png'
00:04.890  render           | Saved: 'C:\Users\iputu\Documents\Wonder Chess\art-source\asset-studio\wc_u_human_guardian\stages\body-costume\BW4\r001\motion\decoded-verification\frame_0045.png'
00:04.922  render           | Saved: 'C:\Users\iputu\Documents\Wonder Chess\art-source\asset-studio\wc_u_human_guardian\stages\body-costume\BW4\r001\motion\decoded-verification\frame_0046.png'
00:04.953  render           | Saved: 'C:\Users\iputu\Documents\Wonder Chess\art-source\asset-studio\wc_u_human_guardian\stages\body-costume\BW4\r001\motion\decoded-verification\frame_0047.png'
00:05.000  render           | Saved: 'C:\Users\iputu\Documents\Wonder Chess\art-source\asset-studio\wc_u_human_guardian\stages\body-costume\BW4\r001\motion\decoded-verification\frame_0048.png'
00:05.031  render           | Saved: 'C:\Users\iputu\Documents\Wonder Chess\art-source\asset-studio\wc_u_human_guardian\stages\body-costume\BW4\r001\motion\decoded-verification\frame_0049.png'
00:05.062  render           | Saved: 'C:\Users\iputu\Documents\Wonder Chess\art-source\asset-studio\wc_u_human_guardian\stages\body-costume\BW4\r001\motion\decoded-verification\frame_0050.png'
00:05.109  render           | Saved: 'C:\Users\iputu\Documents\Wonder Chess\art-source\asset-studio\wc_u_human_guardian\stages\body-costume\BW4\r001\motion\decoded-verification\frame_0051.png'
00:05.140  render           | Saved: 'C:\Users\iputu\Documents\Wonder Chess\art-source\asset-studio\wc_u_human_guardian\stages\body-costume\BW4\r001\motion\decoded-verification\frame_0052.png'
00:05.172  render           | Saved: 'C:\Users\iputu\Documents\Wonder Chess\art-source\asset-studio\wc_u_human_guardian\stages\body-costume\BW4\r001\motion\decoded-verification\frame_0053.png'
00:05.218  render           | Saved: 'C:\Users\iputu\Documents\Wonder Chess\art-source\asset-studio\wc_u_human_guardian\stages\body-costume\BW4\r001\motion\decoded-verification\frame_0054.png'
00:05.250  render           | Saved: 'C:\Users\iputu\Documents\Wonder Chess\art-source\asset-studio\wc_u_human_guardian\stages\body-costume\BW4\r001\motion\decoded-verification\frame_0055.png'
00:05.281  render           | Saved: 'C:\Users\iputu\Documents\Wonder Chess\art-source\asset-studio\wc_u_human_guardian\stages\body-costume\BW4\r001\motion\decoded-verification\frame_0056.png'
00:05.312  render           | Saved: 'C:\Users\iputu\Documents\Wonder Chess\art-source\asset-studio\wc_u_human_guardian\stages\body-costume\BW4\r001\motion\decoded-verification\frame_0057.png'
00:05.343  render           | Saved: 'C:\Users\iputu\Documents\Wonder Chess\art-source\asset-studio\wc_u_human_guardian\stages\body-costume\BW4\r001\motion\decoded-verification\frame_0058.png'
00:05.375  render           | Saved: 'C:\Users\iputu\Documents\Wonder Chess\art-source\asset-studio\wc_u_human_guardian\stages\body-costume\BW4\r001\motion\decoded-verification\frame_0059.png'
00:05.406  render           | Saved: 'C:\Users\iputu\Documents\Wonder Chess\art-source\asset-studio\wc_u_human_guardian\stages\body-costume\BW4\r001\motion\decoded-verification\frame_0060.png'
00:05.453  render           | Saved: 'C:\Users\iputu\Documents\Wonder Chess\art-source\asset-studio\wc_u_human_guardian\stages\body-costume\BW4\r001\motion\decoded-verification\frame_0061.png'
00:05.484  render           | Saved: 'C:\Users\iputu\Documents\Wonder Chess\art-source\asset-studio\wc_u_human_guardian\stages\body-costume\BW4\r001\motion\decoded-verification\frame_0062.png'
00:05.515  render           | Saved: 'C:\Users\iputu\Documents\Wonder Chess\art-source\asset-studio\wc_u_human_guardian\stages\body-costume\BW4\r001\motion\decoded-verification\frame_0063.png'
00:05.547  render           | Saved: 'C:\Users\iputu\Documents\Wonder Chess\art-source\asset-studio\wc_u_human_guardian\stages\body-costume\BW4\r001\motion\decoded-verification\frame_0064.png'
00:05.578  render           | Saved: 'C:\Users\iputu\Documents\Wonder Chess\art-source\asset-studio\wc_u_human_guardian\stages\body-costume\BW4\r001\motion\decoded-verification\frame_0065.png'
00:05.609  render           | Saved: 'C:\Users\iputu\Documents\Wonder Chess\art-source\asset-studio\wc_u_human_guardian\stages\body-costume\BW4\r001\motion\decoded-verification\frame_0066.png'
00:05.656  render           | Saved: 'C:\Users\iputu\Documents\Wonder Chess\art-source\asset-studio\wc_u_human_guardian\stages\body-costume\BW4\r001\motion\decoded-verification\frame_0067.png'
00:05.687  render           | Saved: 'C:\Users\iputu\Documents\Wonder Chess\art-source\asset-studio\wc_u_human_guardian\stages\body-costume\BW4\r001\motion\decoded-verification\frame_0068.png'
00:05.718  render           | Saved: 'C:\Users\iputu\Documents\Wonder Chess\art-source\asset-studio\wc_u_human_guardian\stages\body-costume\BW4\r001\motion\decoded-verification\frame_0069.png'
00:05.750  render           | Saved: 'C:\Users\iputu\Documents\Wonder Chess\art-source\asset-studio\wc_u_human_guardian\stages\body-costume\BW4\r001\motion\decoded-verification\frame_0070.png'
00:05.781  render           | Saved: 'C:\Users\iputu\Documents\Wonder Chess\art-source\asset-studio\wc_u_human_guardian\stages\body-costume\BW4\r001\motion\decoded-verification\frame_0071.png'
00:05.812  render           | Saved: 'C:\Users\iputu\Documents\Wonder Chess\art-source\asset-studio\wc_u_human_guardian\stages\body-costume\BW4\r001\motion\decoded-verification\frame_0072.png'
00:05.843  render           | Saved: 'C:\Users\iputu\Documents\Wonder Chess\art-source\asset-studio\wc_u_human_guardian\stages\body-costume\BW4\r001\motion\decoded-verification\frame_0073.png'
00:05.875  render           | Saved: 'C:\Users\iputu\Documents\Wonder Chess\art-source\asset-studio\wc_u_human_guardian\stages\body-costume\BW4\r001\motion\decoded-verification\frame_0074.png'
00:05.906  render           | Saved: 'C:\Users\iputu\Documents\Wonder Chess\art-source\asset-studio\wc_u_human_guardian\stages\body-costume\BW4\r001\motion\decoded-verification\frame_0075.png'
00:05.937  render           | Saved: 'C:\Users\iputu\Documents\Wonder Chess\art-source\asset-studio\wc_u_human_guardian\stages\body-costume\BW4\r001\motion\decoded-verification\frame_0076.png'
00:05.968  render           | Saved: 'C:\Users\iputu\Documents\Wonder Chess\art-source\asset-studio\wc_u_human_guardian\stages\body-costume\BW4\r001\motion\decoded-verification\frame_0077.png'
00:06.000  render           | Saved: 'C:\Users\iputu\Documents\Wonder Chess\art-source\asset-studio\wc_u_human_guardian\stages\body-costume\BW4\r001\motion\decoded-verification\frame_0078.png'
00:06.031  render           | Saved: 'C:\Users\iputu\Documents\Wonder Chess\art-source\asset-studio\wc_u_human_guardian\stages\body-costume\BW4\r001\motion\decoded-verification\frame_0079.png'
00:06.047  render           | Saved: 'C:\Users\iputu\Documents\Wonder Chess\art-source\asset-studio\wc_u_human_guardian\stages\body-costume\BW4\r001\motion\decoded-verification\frame_0080.png'
00:06.078  render           | Saved: 'C:\Users\iputu\Documents\Wonder Chess\art-source\asset-studio\wc_u_human_guardian\stages\body-costume\BW4\r001\motion\decoded-verification\frame_0081.png'
00:06.125  render           | Saved: 'C:\Users\iputu\Documents\Wonder Chess\art-source\asset-studio\wc_u_human_guardian\stages\body-costume\BW4\r001\motion\decoded-verification\frame_0082.png'
00:06.156  render           | Saved: 'C:\Users\iputu\Documents\Wonder Chess\art-source\asset-studio\wc_u_human_guardian\stages\body-costume\BW4\r001\motion\decoded-verification\frame_0083.png'
00:06.187  render           | Saved: 'C:\Users\iputu\Documents\Wonder Chess\art-source\asset-studio\wc_u_human_guardian\stages\body-costume\BW4\r001\motion\decoded-verification\frame_0084.png'
00:06.218  render           | Saved: 'C:\Users\iputu\Documents\Wonder Chess\art-source\asset-studio\wc_u_human_guardian\stages\body-costume\BW4\r001\motion\decoded-verification\frame_0085.png'
00:06.250  render           | Saved: 'C:\Users\iputu\Documents\Wonder Chess\art-source\asset-studio\wc_u_human_guardian\stages\body-costume\BW4\r001\motion\decoded-verification\frame_0086.png'
00:06.281  render           | Saved: 'C:\Users\iputu\Documents\Wonder Chess\art-source\asset-studio\wc_u_human_guardian\stages\body-costume\BW4\r001\motion\decoded-verification\frame_0087.png'
00:06.312  render           | Saved: 'C:\Users\iputu\Documents\Wonder Chess\art-source\asset-studio\wc_u_human_guardian\stages\body-costume\BW4\r001\motion\decoded-verification\frame_0088.png'
00:06.343  render           | Saved: 'C:\Users\iputu\Documents\Wonder Chess\art-source\asset-studio\wc_u_human_guardian\stages\body-costume\BW4\r001\motion\decoded-verification\frame_0089.png'
00:06.375  render           | Saved: 'C:\Users\iputu\Documents\Wonder Chess\art-source\asset-studio\wc_u_human_guardian\stages\body-costume\BW4\r001\motion\decoded-verification\frame_0090.png'
00:06.406  render           | Saved: 'C:\Users\iputu\Documents\Wonder Chess\art-source\asset-studio\wc_u_human_guardian\stages\body-costume\BW4\r001\motion\decoded-verification\frame_0091.png'
00:06.437  render           | Saved: 'C:\Users\iputu\Documents\Wonder Chess\art-source\asset-studio\wc_u_human_guardian\stages\body-costume\BW4\r001\motion\decoded-verification\frame_0092.png'
00:06.468  render           | Saved: 'C:\Users\iputu\Documents\Wonder Chess\art-source\asset-studio\wc_u_human_guardian\stages\body-costume\BW4\r001\motion\decoded-verification\frame_0093.png'
00:06.500  render           | Saved: 'C:\Users\iputu\Documents\Wonder Chess\art-source\asset-studio\wc_u_human_guardian\stages\body-costume\BW4\r001\motion\decoded-verification\frame_0094.png'
00:06.531  render           | Saved: 'C:\Users\iputu\Documents\Wonder Chess\art-source\asset-studio\wc_u_human_guardian\stages\body-costume\BW4\r001\motion\decoded-verification\frame_0095.png'
00:06.562  render           | Saved: 'C:\Users\iputu\Documents\Wonder Chess\art-source\asset-studio\wc_u_human_guardian\stages\body-costume\BW4\r001\motion\decoded-verification\frame_0096.png'
{
  "file": "C:\\Users\\iputu\\Documents\\Wonder Chess\\art-source\\asset-studio\\wc_u_human_guardian\\stages\\body-costume\\BW4\\r001\\motion\\BW4_fixed_hand_LOCAL_TURNTABLE_ART_REVISE.mp4",
  "bytes": 253568,
  "sha256": "0365824068b29fffc341837470c94615acc6d1493514cc821da5041deb2f0216",
  "frame_duration": 96,
  "fps": 24.0,
  "dimensions": [
    800,
    800
  ],
  "native_png_count": 96,
  "scope": "LOCAL CAMERA TURNTABLE ONLY; NOT GAME CLIPS",
  "method": "Existing BW1 native Blender VSE movie-strip reopening, extended to actually decode every frame into PNG in a fresh factory-startup process.",
  "source_saved": false,
  "art_approval": false,
  "decoded_frames": 96,
  "decode_seconds": 3.2395596999999725,
  "sha256_after": "0365824068b29fffc341837470c94615acc6d1493514cc821da5041deb2f0216",
  "status": "ALL96_FRAMES_DECODED_24FPS_800x800"
}
Blender 5.1.1 (hash b70da489d7f4 built 2026-04-14 01:37:22)

Blender quit
