00:02.297  blend            | Read blend: "C:\Users\iputu\Documents\Wonder Chess\reports\WC-U440\20260906T165226Z-support-motion\neris-candidate6\candidate.blend"
00:04.422  render           | Saved: 'C:\Users\iputu\Documents\Wonder Chess\reports\WC-U440\20260906T165226Z-support-motion\neris-candidate6\all7-review\Idle-001.png'
00:04.453  render           | Saved: 'C:\Users\iputu\Documents\Wonder Chess\reports\WC-U440\20260906T165226Z-support-motion\neris-candidate6\all7-review\Idle-030.png'
00:04.500  render           | Saved: 'C:\Users\iputu\Documents\Wonder Chess\reports\WC-U440\20260906T165226Z-support-motion\neris-candidate6\all7-review\Idle-060.png'
00:04.531  render           | Saved: 'C:\Users\iputu\Documents\Wonder Chess\reports\WC-U440\20260906T165226Z-support-motion\neris-candidate6\all7-review\Idle-090.png'
00:04.562  render           | Saved: 'C:\Users\iputu\Documents\Wonder Chess\reports\WC-U440\20260906T165226Z-support-motion\neris-candidate6\all7-review\Idle-121.png'
00:05.250  render           | Saved: 'C:\Users\iputu\Documents\Wonder Chess\reports\WC-U440\20260906T165226Z-support-motion\neris-candidate6\all7-review\Move-001.png'
00:05.297  render           | Saved: 'C:\Users\iputu\Documents\Wonder Chess\reports\WC-U440\20260906T165226Z-support-motion\neris-candidate6\all7-review\Move-015.png'
00:05.328  render           | Saved: 'C:\Users\iputu\Documents\Wonder Chess\reports\WC-U440\20260906T165226Z-support-motion\neris-candidate6\all7-review\Move-030.png'
00:05.375  render           | Saved: 'C:\Users\iputu\Documents\Wonder Chess\reports\WC-U440\20260906T165226Z-support-motion\neris-candidate6\all7-review\Move-045.png'
00:05.406  render           | Saved: 'C:\Users\iputu\Documents\Wonder Chess\reports\WC-U440\20260906T165226Z-support-motion\neris-candidate6\all7-review\Move-061.png'
00:05.937  render           | Saved: 'C:\Users\iputu\Documents\Wonder Chess\reports\WC-U440\20260906T165226Z-support-motion\neris-candidate6\all7-review\Attack-001.png'
00:05.969  render           | Saved: 'C:\Users\iputu\Documents\Wonder Chess\reports\WC-U440\20260906T165226Z-support-motion\neris-candidate6\all7-review\Attack-019.png'
00:06.016  render           | Saved: 'C:\Users\iputu\Documents\Wonder Chess\reports\WC-U440\20260906T165226Z-support-motion\neris-candidate6\all7-review\Attack-021.png'
00:06.047  render           | Saved: 'C:\Users\iputu\Documents\Wonder Chess\reports\WC-U440\20260906T165226Z-support-motion\neris-candidate6\all7-review\Attack-032.png'
00:06.094  render           | Saved: 'C:\Users\iputu\Documents\Wonder Chess\reports\WC-U440\20260906T165226Z-support-motion\neris-candidate6\all7-review\Attack-043.png'
00:06.578  render           | Saved: 'C:\Users\iputu\Documents\Wonder Chess\reports\WC-U440\20260906T165226Z-support-motion\neris-candidate6\all7-review\Active-001.png'
00:06.625  render           | Saved: 'C:\Users\iputu\Documents\Wonder Chess\reports\WC-U440\20260906T165226Z-support-motion\neris-candidate6\all7-review\Active-021.png'
00:06.672  render           | Saved: 'C:\Users\iputu\Documents\Wonder Chess\reports\WC-U440\20260906T165226Z-support-motion\neris-candidate6\all7-review\Active-025.png'
00:06.703  render           | Saved: 'C:\Users\iputu\Documents\Wonder Chess\reports\WC-U440\20260906T165226Z-support-motion\neris-candidate6\all7-review\Active-032.png'
00:06.750  render           | Saved: 'C:\Users\iputu\Documents\Wonder Chess\reports\WC-U440\20260906T165226Z-support-motion\neris-candidate6\all7-review\Active-043.png'
00:07.078  render           | Saved: 'C:\Users\iputu\Documents\Wonder Chess\reports\WC-U440\20260906T165226Z-support-motion\neris-candidate6\all7-review\Hit-001.png'
00:07.125  render           | Saved: 'C:\Users\iputu\Documents\Wonder Chess\reports\WC-U440\20260906T165226Z-support-motion\neris-candidate6\all7-review\Hit-006.png'
00:07.172  render           | Saved: 'C:\Users\iputu\Documents\Wonder Chess\reports\WC-U440\20260906T165226Z-support-motion\neris-candidate6\all7-review\Hit-012.png'
00:07.219  render           | Saved: 'C:\Users\iputu\Documents\Wonder Chess\reports\WC-U440\20260906T165226Z-support-motion\neris-candidate6\all7-review\Hit-018.png'
00:07.266  render           | Saved: 'C:\Users\iputu\Documents\Wonder Chess\reports\WC-U440\20260906T165226Z-support-motion\neris-candidate6\all7-review\Hit-025.png'
00:07.969  render           | Saved: 'C:\Users\iputu\Documents\Wonder Chess\reports\WC-U440\20260906T165226Z-support-motion\neris-candidate6\all7-review\Defeat-001.png'
00:08.031  render           | Saved: 'C:\Users\iputu\Documents\Wonder Chess\reports\WC-U440\20260906T165226Z-support-motion\neris-candidate6\all7-review\Defeat-015.png'
00:08.078  render           | Saved: 'C:\Users\iputu\Documents\Wonder Chess\reports\WC-U440\20260906T165226Z-support-motion\neris-candidate6\all7-review\Defeat-030.png'
00:08.125  render           | Saved: 'C:\Users\iputu\Documents\Wonder Chess\reports\WC-U440\20260906T165226Z-support-motion\neris-candidate6\all7-review\Defeat-045.png'
00:08.172  render           | Saved: 'C:\Users\iputu\Documents\Wonder Chess\reports\WC-U440\20260906T165226Z-support-motion\neris-candidate6\all7-review\Defeat-061.png'
00:09.312  render           | Saved: 'C:\Users\iputu\Documents\Wonder Chess\reports\WC-U440\20260906T165226Z-support-motion\neris-candidate6\all7-review\Victory-001.png'
00:09.359  render           | Saved: 'C:\Users\iputu\Documents\Wonder Chess\reports\WC-U440\20260906T165226Z-support-motion\neris-candidate6\all7-review\Victory-022.png'
00:09.422  render           | Saved: 'C:\Users\iputu\Documents\Wonder Chess\reports\WC-U440\20260906T165226Z-support-motion\neris-candidate6\all7-review\Victory-045.png'
00:09.469  render           | Saved: 'C:\Users\iputu\Documents\Wonder Chess\reports\WC-U440\20260906T165226Z-support-motion\neris-candidate6\all7-review\Victory-068.png'
00:09.516  render           | Saved: 'C:\Users\iputu\Documents\Wonder Chess\reports\WC-U440\20260906T165226Z-support-motion\neris-candidate6\all7-review\Victory-091.png'
WC_ELF_CANDIDATE_DEFORMATION_RENDERED wc_u_elf_mage
Blender 5.1.1 (hash b70da489d7f4 built 2026-04-14 01:37:22)

Blender quit
