00:02.157  blend            | Read blend: "C:\Users\iputu\Documents\Wonder Chess\art-source\heroes\wc_u_elf_mage\wc_u_elf_mage.blend"
00:02.250  blend            | Read blend: "C:\Users\iputu\Documents\Wonder Chess\art-source\heroes\wc_u_orc_guardian\wc_u_orc_guardian.blend"
[
  {
    "unit_id": "wc_u_elf_mage",
    "source_sha256": "4b720642a245f81aaae9f3786628ba78d298e1a096a9c7744921cff117a01506",
    "release_frame": 25,
    "actual_eye_color_vertices": 194,
    "actual_focus_ring_vertices": 174,
    "focus_center_m": [
      0.17736655473709106,
      0.452422171831131,
      1.6752605438232422
    ],
    "eye_color_centroid_m": [
      -9.370832998456535e-09,
      0.20224469900131226,
      1.7148818969726562
    ],
    "focus_minus_eye_height_m": -0.03962135314941406
  },
  {
    "unit_id": "wc_u_orc_guardian",
    "source_sha256": "5decc693e81e43652535a96ed987f46f8a147079168ddebdc5cf8141b7c4da18",
    "release_frame": 22,
    "shield_minimum_z_m": 0.003999799489974976,
    "mace_to_shield_or_left_forearm_surface_minimum_m": 0.0011609147768467665,
    "held_transfer_grip_samples": [
      {
        "frame": 1,
        "grip_error_m": 1.7881393432617188e-07
      },
      {
        "frame": 2,
        "grip_error_m": 1.3328003749250113e-07
      },
      {
        "frame": 3,
        "grip_error_m": 1.4901161193847656e-08
      },
      {
        "frame": 4,
        "grip_error_m": 2.6656007498500226e-07
      },
      {
        "frame": 5,
        "grip_error_m": 2.497889789080651e-07
      },
      {
        "frame": 6,
        "grip_error_m": 5.960464477539063e-08
      },
      {
        "frame": 7,
        "grip_error_m": 2.5636927089222153e-07
      },
      {
        "frame": 8,
        "grip_error_m": 9.424321830774485e-08
      },
      {
        "frame": 9,
        "grip_error_m": 1.3328003749250113e-07
      },
      {
        "frame": 10,
        "grip_error_m": 8.940696716308594e-08
      },
      {
        "frame": 11,
        "grip_error_m": 1.2644054553268208e-07
      },
      {
        "frame": 12,
        "grip_error_m": 1.3657139822709083e-07
      },
      {
        "frame": 30,
        "grip_error_m": 1.1920928955078125e-07
      },
      {
        "frame": 31,
        "grip_error_m": 1.3657139822709083e-07
      },
      {
        "frame": 32,
        "grip_error_m": 1.228781230931777e-07
      },
      {
        "frame": 33,
        "grip_error_m": 1.2644054553268208e-07
      },
      {
        "frame": 34,
        "grip_error_m": 8.429369702178807e-08
      },
      {
        "frame": 35,
        "grip_error_m": 2.682209014892578e-07
      },
      {
        "frame": 36,
        "grip_error_m": 1.228781230931777e-07
      },
      {
        "frame": 37,
        "grip_error_m": 3.95372484964776e-07
      },
      {
        "frame": 38,
        "grip_error_m": 4.470348358154297e-08
      },
      {
        "frame": 39,
        "grip_error_m": 5.960464477539063e-08
      },
      {
        "frame": 40,
        "grip_error_m": 1.7881393432617188e-07
      }
    ],
    "maximum_held_transfer_grip_error_m": 3.95372484964776e-07,
    "all_Active_shield_floor_samples": [
      {
        "frame": 1,
        "minimum_z_m": 0.4647960662841797
      },
      {
        "frame": 2,
        "minimum_z_m": 0.46174708008766174
      },
      {
        "frame": 3,
        "minimum_z_m": 0.4530007839202881
      },
      {
        "frame": 4,
        "minimum_z_m": 0.4391608238220215
      },
      {
        "frame": 5,
        "minimum_z_m": 0.42082905769348145
      },
      {
        "frame": 6,
        "minimum_z_m": 0.3986108899116516
      },
      {
        "frame": 7,
        "minimum_z_m": 0.37310904264450073
      },
      {
        "frame": 8,
        "minimum_z_m": 0.3449273407459259
      },
      {
        "frame": 9,
        "minimum_z_m": 0.31466805934906006
      },
      {
        "frame": 10,
        "minimum_z_m": 0.2829326093196869
      },
      {
        "frame": 11,
        "minimum_z_m": 0.25032126903533936
      },
      {
        "frame": 12,
        "minimum_z_m": 0.21743237972259521
      },
      {
        "frame": 13,
        "minimum_z_m": 0.18486392498016357
      },
      {
        "frame": 14,
        "minimum_z_m": 0.15320877730846405
      },
      {
        "frame": 15,
        "minimum_z_m": 0.12306377291679382
      },
      {
        "frame": 16,
        "minimum_z_m": 0.09502086043357849
      },
      {
        "frame": 17,
        "minimum_z_m": 0.06967121362686157
      },
      {
        "frame": 18,
        "minimum_z_m": 0.04760615527629852
      },
      {
        "frame": 19,
        "minimum_z_m": 0.029415488243103027
      },
      {
        "frame": 20,
        "minimum_z_m": 0.015690863132476807
      },
      {
        "frame": 21,
        "minimum_z_m": 0.007021456956863403
      },
      {
        "frame": 22,
        "minimum_z_m": 0.003999799489974976
      },
      {
        "frame": 23,
        "minimum_z_m": 0.008089780807495117
      },
      {
        "frame": 24,
        "minimum_z_m": 0.019733265042304993
      },
      {
        "frame": 25,
        "minimum_z_m": 0.03799013793468475
      },
      {
        "frame": 26,
        "minimum_z_m": 0.06192201375961304
      },
      {
        "frame": 27,
        "minimum_z_m": 0.09059283137321472
      },
      {
        "frame": 28,
        "minimum_z_m": 0.12306395173072815
      },
      {
        "frame": 29,
        "minimum_z_m": 0.15839603543281555
      },
      {
        "frame": 30,
        "minimum_z_m": 0.1956472396850586
      },
      {
        "frame": 31,
        "minimum_z_m": 0.23387394845485687
      },
      {
        "frame": 32,
        "minimum_z_m": 0.27212998270988464
      },
      {
        "frame": 33,
        "minimum_z_m": 0.30946534872055054
      },
      {
        "frame": 34,
        "minimum_z_m": 0.34492677450180054
      },
      {
        "frame": 35,
        "minimum_z_m": 0.3775617480278015
      },
      {
        "frame": 36,
        "minimum_z_m": 0.4064119756221771
      },
      {
        "frame": 37,
        "minimum_z_m": 0.43051832914352417
      },
      {
        "frame": 38,
        "minimum_z_m": 0.44892364740371704
      },
      {
        "frame": 39,
        "minimum_z_m": 0.46066802740097046
      },
      {
        "frame": 40,
        "minimum_z_m": 0.4647960662841797
      }
    ],
    "minimum_shield_z_all_Active_frames_m": 0.003999799489974976
  }
]
Blender 5.1.1 (hash b70da489d7f4 built 2026-04-14 01:37:22)

Blender quit
