00:02.000  blend            | Read blend: "C:\Users\iputu\Documents\Wonder Chess\art-source\heroes\wc_u_elf_mage\wc_u_elf_mage.blend"
00:02.125  blend            | Read blend: "C:\Users\iputu\Documents\Wonder Chess\art-source\heroes\wc_u_orc_guardian\wc_u_orc_guardian.blend"
[
  {
    "unit_id": "wc_u_elf_mage",
    "source_sha256": "4b720642a245f81aaae9f3786628ba78d298e1a096a9c7744921cff117a01506",
    "release_frame": 25,
    "actual_eye_color_vertices": 194,
    "actual_focus_ring_vertices": 174,
    "focus_center_m": [
      0.17736655473709106,
      0.452422171831131,
      1.6752605438232422
    ],
    "eye_color_centroid_m": [
      -9.370832998456535e-09,
      0.20224469900131226,
      1.7148818969726562
    ],
    "focus_minus_eye_height_m": -0.03962135314941406
  },
  {
    "unit_id": "wc_u_orc_guardian",
    "source_sha256": "5decc693e81e43652535a96ed987f46f8a147079168ddebdc5cf8141b7c4da18",
    "release_frame": 22,
    "shield_minimum_z_m": 0.003999799489974976,
    "mace_to_shield_or_left_forearm_surface_minimum_m": 0.0011609147768467665,
    "held_transfer_grip_samples": [
      {
        "frame": 1,
        "grip_error_m": 1.7881393432617188e-07
      },
      {
        "frame": 2,
        "grip_error_m": 1.3328003749250113e-07
      },
      {
        "frame": 3,
        "grip_error_m": 1.4901161193847656e-08
      },
      {
        "frame": 4,
        "grip_error_m": 2.6656007498500226e-07
      },
      {
        "frame": 5,
        "grip_error_m": 2.497889789080651e-07
      },
      {
        "frame": 6,
        "grip_error_m": 5.960464477539063e-08
      },
      {
        "frame": 7,
        "grip_error_m": 2.5636927089222153e-07
      },
      {
        "frame": 8,
        "grip_error_m": 9.424321830774485e-08
      },
      {
        "frame": 9,
        "grip_error_m": 1.3328003749250113e-07
      },
      {
        "frame": 10,
        "grip_error_m": 8.940696716308594e-08
      },
      {
        "frame": 11,
        "grip_error_m": 1.2644054553268208e-07
      },
      {
        "frame": 12,
        "grip_error_m": 1.3657139822709083e-07
      },
      {
        "frame": 30,
        "grip_error_m": 1.1920928955078125e-07
      },
      {
        "frame": 31,
        "grip_error_m": 1.3657139822709083e-07
      },
      {
        "frame": 32,
        "grip_error_m": 1.228781230931777e-07
      },
      {
        "frame": 33,
        "grip_error_m": 1.2644054553268208e-07
      },
      {
        "frame": 34,
        "grip_error_m": 8.429369702178807e-08
      },
      {
        "frame": 35,
        "grip_error_m": 2.682209014892578e-07
      },
      {
        "frame": 36,
        "grip_error_m": 1.228781230931777e-07
      },
      {
        "frame": 37,
        "grip_error_m": 3.95372484964776e-07
      },
      {
        "frame": 38,
        "grip_error_m": 4.470348358154297e-08
      },
      {
        "frame": 39,
        "grip_error_m": 5.960464477539063e-08
      },
      {
        "frame": 40,
        "grip_error_m": 1.7881393432617188e-07
      }
    ],
    "maximum_held_transfer_grip_error_m": 3.95372484964776e-07
  }
]
Blender 5.1.1 (hash b70da489d7f4 built 2026-04-14 01:37:22)

Blender quit
