00:02.500  blend            | Read blend: "C:\Users\iputu\Documents\Wonder Chess\reports\WC-U440\20260906T165226Z-support-motion\tala-candidate5-v4\candidate.blend"
{
  "status": "sampled_motion_invariants_passed",
  "unit_id": "wc_u_orc_guardian",
  "blender_version": "5.1.1",
  "sampling": "actual deformed mesh every 3 frames at 60fps",
  "clips": [
    {
      "clip": "Idle",
      "samples": 41,
      "minimum_support_sole_z_m": 0.015999989584088326,
      "maximum_support_sole_z_m": 0.015999989584088326,
      "max_root_translation_m": 0,
      "max_pose_scale_error": 5.960464477539063e-08
    },
    {
      "clip": "Move",
      "samples": 21,
      "minimum_support_sole_z_m": 0.0021304283291101456,
      "maximum_support_sole_z_m": 0.015999989584088326,
      "max_root_translation_m": 0,
      "max_pose_scale_error": 5.960464477539063e-08
    },
    {
      "clip": "Attack",
      "samples": 14,
      "minimum_support_sole_z_m": 0.015999989584088326,
      "maximum_support_sole_z_m": 0.015999989584088326,
      "max_root_translation_m": 0,
      "max_pose_scale_error": 5.960464477539063e-08
    },
    {
      "clip": "Active",
      "samples": 14,
      "minimum_support_sole_z_m": 0.017999937757849693,
      "maximum_support_sole_z_m": 0.018000101670622826,
      "max_root_translation_m": 0,
      "max_pose_scale_error": 5.960464477539063e-08
    },
    {
      "clip": "Hit",
      "samples": 9,
      "minimum_support_sole_z_m": 0.015999989584088326,
      "maximum_support_sole_z_m": 0.015999989584088326,
      "max_root_translation_m": 0,
      "max_pose_scale_error": 5.960464477539063e-08
    },
    {
      "clip": "Defeat",
      "samples": 21,
      "minimum_support_sole_z_m": 0.015999814495444298,
      "maximum_support_sole_z_m": 0.015999991446733475,
      "max_root_translation_m": 0,
      "max_pose_scale_error": 5.960464477539063e-08
    },
    {
      "clip": "Victory",
      "samples": 31,
      "minimum_support_sole_z_m": 0.015999989584088326,
      "maximum_support_sole_z_m": 0.015999989584088326,
      "max_root_translation_m": 0,
      "max_pose_scale_error": 5.960464477539063e-08
    }
  ],
  "errors": [],
  "not_checked": [
    "continuous visual quality",
    "weapon/costume clipping",
    "semantic gesture review",
    "Unreal retarget/import",
    "runtime move-speed synchronization"
  ]
}
{
  "status": "structural_checks_passed_visual_review_required",
  "blender_version": "5.1.1",
  "collection": "EXPORT",
  "evaluated_triangle_total": 7572,
  "objects": [
    {
      "name": "Armature",
      "type": "ARMATURE",
      "scale": [
        1.0,
        1.0,
        1.0
      ],
      "dimensions": [
        1.4242892265319824,
        0.5032396912574768,
        2.1500000953674316
      ],
      "roots": [
        "root"
      ],
      "deform_bones": 27
    },
    {
      "name": "SK_wc_u_orc_guardian",
      "type": "MESH",
      "scale": [
        1.0,
        1.0,
        1.0
      ],
      "dimensions": [
        1.6870179176330566,
        0.9794189929962158,
        1.9860000610351562
      ],
      "evaluated_triangles": 7572,
      "material_slots": 1,
      "uv_layers": 1,
      "skin_checks": {
        "unweighted": 0,
        "excess_influences": 0,
        "unnormalized": 0
      }
    }
  ],
  "errors": [],
  "warnings": [],
  "not_checked": [
    "appearance",
    "deformation across all clips",
    "UV overlap appropriateness",
    "normal-map convention",
    "Unreal import",
    "LOD silhouette",
    "gameplay readability"
  ]
}

FBX export starting... 'C:\\Users\\iputu\\Documents\\Wonder Chess\\reports\\WC-U440\\20260906T165226Z-support-motion\\tala-candidate5-v4\\normalized-clips\\AN_wc_u_orc_guardian_Active.fbx'
export finished in 0.1229 sec.

FBX export starting... 'C:\\Users\\iputu\\Documents\\Wonder Chess\\reports\\WC-U440\\20260906T165226Z-support-motion\\tala-candidate5-v4\\normalized-clips\\AN_wc_u_orc_guardian_Hit.fbx'
export finished in 0.0910 sec.
Info: Saved as "wc_u_orc_guardian.blend"
WC_SELECTED_MOTION_PUBLISHED wc_u_orc_guardian
Blender 5.1.1 (hash b70da489d7f4 built 2026-04-14 01:37:22)

Blender quit
