00:01.969  blend            | Read blend: "C:\Users\iputu\Documents\Wonder Chess\reports\WC-U440\20260906T165226Z-support-motion\tala-candidate5-v3\candidate.blend"
00:03.719  render           | Saved: 'C:\Users\iputu\Documents\Wonder Chess\reports\WC-U440\20260906T165226Z-support-motion\tala-candidate5-v3\all7-review\Idle-001.png'
00:03.766  render           | Saved: 'C:\Users\iputu\Documents\Wonder Chess\reports\WC-U440\20260906T165226Z-support-motion\tala-candidate5-v3\all7-review\Idle-030.png'
00:03.797  render           | Saved: 'C:\Users\iputu\Documents\Wonder Chess\reports\WC-U440\20260906T165226Z-support-motion\tala-candidate5-v3\all7-review\Idle-060.png'
00:03.844  render           | Saved: 'C:\Users\iputu\Documents\Wonder Chess\reports\WC-U440\20260906T165226Z-support-motion\tala-candidate5-v3\all7-review\Idle-090.png'
00:03.875  render           | Saved: 'C:\Users\iputu\Documents\Wonder Chess\reports\WC-U440\20260906T165226Z-support-motion\tala-candidate5-v3\all7-review\Idle-121.png'
00:04.547  render           | Saved: 'C:\Users\iputu\Documents\Wonder Chess\reports\WC-U440\20260906T165226Z-support-motion\tala-candidate5-v3\all7-review\Move-001.png'
00:04.578  render           | Saved: 'C:\Users\iputu\Documents\Wonder Chess\reports\WC-U440\20260906T165226Z-support-motion\tala-candidate5-v3\all7-review\Move-015.png'
00:04.625  render           | Saved: 'C:\Users\iputu\Documents\Wonder Chess\reports\WC-U440\20260906T165226Z-support-motion\tala-candidate5-v3\all7-review\Move-030.png'
00:04.656  render           | Saved: 'C:\Users\iputu\Documents\Wonder Chess\reports\WC-U440\20260906T165226Z-support-motion\tala-candidate5-v3\all7-review\Move-045.png'
00:04.703  render           | Saved: 'C:\Users\iputu\Documents\Wonder Chess\reports\WC-U440\20260906T165226Z-support-motion\tala-candidate5-v3\all7-review\Move-061.png'
00:05.187  render           | Saved: 'C:\Users\iputu\Documents\Wonder Chess\reports\WC-U440\20260906T165226Z-support-motion\tala-candidate5-v3\all7-review\Attack-001.png'
00:05.219  render           | Saved: 'C:\Users\iputu\Documents\Wonder Chess\reports\WC-U440\20260906T165226Z-support-motion\tala-candidate5-v3\all7-review\Attack-016.png'
00:05.266  render           | Saved: 'C:\Users\iputu\Documents\Wonder Chess\reports\WC-U440\20260906T165226Z-support-motion\tala-candidate5-v3\all7-review\Attack-020.png'
00:05.297  render           | Saved: 'C:\Users\iputu\Documents\Wonder Chess\reports\WC-U440\20260906T165226Z-support-motion\tala-candidate5-v3\all7-review\Attack-030.png'
00:05.344  render           | Saved: 'C:\Users\iputu\Documents\Wonder Chess\reports\WC-U440\20260906T165226Z-support-motion\tala-candidate5-v3\all7-review\Attack-040.png'
00:05.797  render           | Saved: 'C:\Users\iputu\Documents\Wonder Chess\reports\WC-U440\20260906T165226Z-support-motion\tala-candidate5-v3\all7-review\Active-001.png'
00:05.828  render           | Saved: 'C:\Users\iputu\Documents\Wonder Chess\reports\WC-U440\20260906T165226Z-support-motion\tala-candidate5-v3\all7-review\Active-020.png'
00:05.875  render           | Saved: 'C:\Users\iputu\Documents\Wonder Chess\reports\WC-U440\20260906T165226Z-support-motion\tala-candidate5-v3\all7-review\Active-022.png'
00:05.906  render           | Saved: 'C:\Users\iputu\Documents\Wonder Chess\reports\WC-U440\20260906T165226Z-support-motion\tala-candidate5-v3\all7-review\Active-030.png'
00:05.937  render           | Saved: 'C:\Users\iputu\Documents\Wonder Chess\reports\WC-U440\20260906T165226Z-support-motion\tala-candidate5-v3\all7-review\Active-040.png'
00:06.266  render           | Saved: 'C:\Users\iputu\Documents\Wonder Chess\reports\WC-U440\20260906T165226Z-support-motion\tala-candidate5-v3\all7-review\Hit-001.png'
00:06.312  render           | Saved: 'C:\Users\iputu\Documents\Wonder Chess\reports\WC-U440\20260906T165226Z-support-motion\tala-candidate5-v3\all7-review\Hit-006.png'
00:06.359  render           | Saved: 'C:\Users\iputu\Documents\Wonder Chess\reports\WC-U440\20260906T165226Z-support-motion\tala-candidate5-v3\all7-review\Hit-012.png'
00:06.406  render           | Saved: 'C:\Users\iputu\Documents\Wonder Chess\reports\WC-U440\20260906T165226Z-support-motion\tala-candidate5-v3\all7-review\Hit-018.png'
00:06.453  render           | Saved: 'C:\Users\iputu\Documents\Wonder Chess\reports\WC-U440\20260906T165226Z-support-motion\tala-candidate5-v3\all7-review\Hit-025.png'
00:07.172  render           | Saved: 'C:\Users\iputu\Documents\Wonder Chess\reports\WC-U440\20260906T165226Z-support-motion\tala-candidate5-v3\all7-review\Defeat-001.png'
00:07.219  render           | Saved: 'C:\Users\iputu\Documents\Wonder Chess\reports\WC-U440\20260906T165226Z-support-motion\tala-candidate5-v3\all7-review\Defeat-015.png'
00:07.266  render           | Saved: 'C:\Users\iputu\Documents\Wonder Chess\reports\WC-U440\20260906T165226Z-support-motion\tala-candidate5-v3\all7-review\Defeat-030.png'
00:07.312  render           | Saved: 'C:\Users\iputu\Documents\Wonder Chess\reports\WC-U440\20260906T165226Z-support-motion\tala-candidate5-v3\all7-review\Defeat-045.png'
00:07.359  render           | Saved: 'C:\Users\iputu\Documents\Wonder Chess\reports\WC-U440\20260906T165226Z-support-motion\tala-candidate5-v3\all7-review\Defeat-061.png'
00:08.469  render           | Saved: 'C:\Users\iputu\Documents\Wonder Chess\reports\WC-U440\20260906T165226Z-support-motion\tala-candidate5-v3\all7-review\Victory-001.png'
00:08.531  render           | Saved: 'C:\Users\iputu\Documents\Wonder Chess\reports\WC-U440\20260906T165226Z-support-motion\tala-candidate5-v3\all7-review\Victory-022.png'
00:08.578  render           | Saved: 'C:\Users\iputu\Documents\Wonder Chess\reports\WC-U440\20260906T165226Z-support-motion\tala-candidate5-v3\all7-review\Victory-045.png'
00:08.625  render           | Saved: 'C:\Users\iputu\Documents\Wonder Chess\reports\WC-U440\20260906T165226Z-support-motion\tala-candidate5-v3\all7-review\Victory-068.png'
00:08.672  render           | Saved: 'C:\Users\iputu\Documents\Wonder Chess\reports\WC-U440\20260906T165226Z-support-motion\tala-candidate5-v3\all7-review\Victory-091.png'
WC_ELF_CANDIDATE_DEFORMATION_RENDERED wc_u_orc_guardian
Blender 5.1.1 (hash b70da489d7f4 built 2026-04-14 01:37:22)

Blender quit
