00:02.078  blend            | Read blend: "C:\Users\iputu\Documents\Wonder Chess\reports\WC-U440\20260906T165226Z-support-motion\tala-candidate5-v4\candidate.blend"
00:04.187  render           | Saved: 'C:\Users\iputu\Documents\Wonder Chess\reports\WC-U440\20260906T165226Z-support-motion\tala-candidate5-v4\all7-review\Idle-001.png'
00:04.219  render           | Saved: 'C:\Users\iputu\Documents\Wonder Chess\reports\WC-U440\20260906T165226Z-support-motion\tala-candidate5-v4\all7-review\Idle-030.png'
00:04.265  render           | Saved: 'C:\Users\iputu\Documents\Wonder Chess\reports\WC-U440\20260906T165226Z-support-motion\tala-candidate5-v4\all7-review\Idle-060.png'
00:04.312  render           | Saved: 'C:\Users\iputu\Documents\Wonder Chess\reports\WC-U440\20260906T165226Z-support-motion\tala-candidate5-v4\all7-review\Idle-090.png'
00:04.375  render           | Saved: 'C:\Users\iputu\Documents\Wonder Chess\reports\WC-U440\20260906T165226Z-support-motion\tala-candidate5-v4\all7-review\Idle-121.png'
00:05.219  render           | Saved: 'C:\Users\iputu\Documents\Wonder Chess\reports\WC-U440\20260906T165226Z-support-motion\tala-candidate5-v4\all7-review\Move-001.png'
00:05.265  render           | Saved: 'C:\Users\iputu\Documents\Wonder Chess\reports\WC-U440\20260906T165226Z-support-motion\tala-candidate5-v4\all7-review\Move-015.png'
00:05.312  render           | Saved: 'C:\Users\iputu\Documents\Wonder Chess\reports\WC-U440\20260906T165226Z-support-motion\tala-candidate5-v4\all7-review\Move-030.png'
00:05.344  render           | Saved: 'C:\Users\iputu\Documents\Wonder Chess\reports\WC-U440\20260906T165226Z-support-motion\tala-candidate5-v4\all7-review\Move-045.png'
00:05.390  render           | Saved: 'C:\Users\iputu\Documents\Wonder Chess\reports\WC-U440\20260906T165226Z-support-motion\tala-candidate5-v4\all7-review\Move-061.png'
00:06.015  render           | Saved: 'C:\Users\iputu\Documents\Wonder Chess\reports\WC-U440\20260906T165226Z-support-motion\tala-candidate5-v4\all7-review\Attack-001.png'
00:06.062  render           | Saved: 'C:\Users\iputu\Documents\Wonder Chess\reports\WC-U440\20260906T165226Z-support-motion\tala-candidate5-v4\all7-review\Attack-016.png'
00:06.109  render           | Saved: 'C:\Users\iputu\Documents\Wonder Chess\reports\WC-U440\20260906T165226Z-support-motion\tala-candidate5-v4\all7-review\Attack-020.png'
00:06.140  render           | Saved: 'C:\Users\iputu\Documents\Wonder Chess\reports\WC-U440\20260906T165226Z-support-motion\tala-candidate5-v4\all7-review\Attack-030.png'
00:06.187  render           | Saved: 'C:\Users\iputu\Documents\Wonder Chess\reports\WC-U440\20260906T165226Z-support-motion\tala-candidate5-v4\all7-review\Attack-040.png'
00:06.750  render           | Saved: 'C:\Users\iputu\Documents\Wonder Chess\reports\WC-U440\20260906T165226Z-support-motion\tala-candidate5-v4\all7-review\Active-001.png'
00:06.797  render           | Saved: 'C:\Users\iputu\Documents\Wonder Chess\reports\WC-U440\20260906T165226Z-support-motion\tala-candidate5-v4\all7-review\Active-020.png'
00:06.844  render           | Saved: 'C:\Users\iputu\Documents\Wonder Chess\reports\WC-U440\20260906T165226Z-support-motion\tala-candidate5-v4\all7-review\Active-022.png'
00:06.953  render           | Saved: 'C:\Users\iputu\Documents\Wonder Chess\reports\WC-U440\20260906T165226Z-support-motion\tala-candidate5-v4\all7-review\Active-030.png'
00:07.015  render           | Saved: 'C:\Users\iputu\Documents\Wonder Chess\reports\WC-U440\20260906T165226Z-support-motion\tala-candidate5-v4\all7-review\Active-040.png'
00:07.390  render           | Saved: 'C:\Users\iputu\Documents\Wonder Chess\reports\WC-U440\20260906T165226Z-support-motion\tala-candidate5-v4\all7-review\Hit-001.png'
00:07.437  render           | Saved: 'C:\Users\iputu\Documents\Wonder Chess\reports\WC-U440\20260906T165226Z-support-motion\tala-candidate5-v4\all7-review\Hit-006.png'
00:07.484  render           | Saved: 'C:\Users\iputu\Documents\Wonder Chess\reports\WC-U440\20260906T165226Z-support-motion\tala-candidate5-v4\all7-review\Hit-012.png'
00:07.547  render           | Saved: 'C:\Users\iputu\Documents\Wonder Chess\reports\WC-U440\20260906T165226Z-support-motion\tala-candidate5-v4\all7-review\Hit-018.png'
00:07.594  render           | Saved: 'C:\Users\iputu\Documents\Wonder Chess\reports\WC-U440\20260906T165226Z-support-motion\tala-candidate5-v4\all7-review\Hit-025.png'
00:08.359  render           | Saved: 'C:\Users\iputu\Documents\Wonder Chess\reports\WC-U440\20260906T165226Z-support-motion\tala-candidate5-v4\all7-review\Defeat-001.png'
00:08.422  render           | Saved: 'C:\Users\iputu\Documents\Wonder Chess\reports\WC-U440\20260906T165226Z-support-motion\tala-candidate5-v4\all7-review\Defeat-015.png'
00:08.484  render           | Saved: 'C:\Users\iputu\Documents\Wonder Chess\reports\WC-U440\20260906T165226Z-support-motion\tala-candidate5-v4\all7-review\Defeat-030.png'
00:08.547  render           | Saved: 'C:\Users\iputu\Documents\Wonder Chess\reports\WC-U440\20260906T165226Z-support-motion\tala-candidate5-v4\all7-review\Defeat-045.png'
00:08.609  render           | Saved: 'C:\Users\iputu\Documents\Wonder Chess\reports\WC-U440\20260906T165226Z-support-motion\tala-candidate5-v4\all7-review\Defeat-061.png'
00:09.844  render           | Saved: 'C:\Users\iputu\Documents\Wonder Chess\reports\WC-U440\20260906T165226Z-support-motion\tala-candidate5-v4\all7-review\Victory-001.png'
00:09.906  render           | Saved: 'C:\Users\iputu\Documents\Wonder Chess\reports\WC-U440\20260906T165226Z-support-motion\tala-candidate5-v4\all7-review\Victory-022.png'
00:09.969  render           | Saved: 'C:\Users\iputu\Documents\Wonder Chess\reports\WC-U440\20260906T165226Z-support-motion\tala-candidate5-v4\all7-review\Victory-045.png'
00:10.015  render           | Saved: 'C:\Users\iputu\Documents\Wonder Chess\reports\WC-U440\20260906T165226Z-support-motion\tala-candidate5-v4\all7-review\Victory-068.png'
00:10.062  render           | Saved: 'C:\Users\iputu\Documents\Wonder Chess\reports\WC-U440\20260906T165226Z-support-motion\tala-candidate5-v4\all7-review\Victory-091.png'
WC_ELF_CANDIDATE_DEFORMATION_RENDERED wc_u_orc_guardian
Blender 5.1.1 (hash b70da489d7f4 built 2026-04-14 01:37:22)

Blender quit
