00:01.984  blend            | Read blend: "C:\Users\iputu\Documents\Wonder Chess\art-source\heroes\wc_u_orc_guardian\wc_u_orc_guardian.blend"
{
  "status": "structural_checks_passed_visual_review_required",
  "blender_version": "5.1.1",
  "collection": "EXPORT",
  "evaluated_triangle_total": 7572,
  "objects": [
    {
      "name": "Armature",
      "type": "ARMATURE",
      "scale": [
        1.0,
        1.0,
        1.0
      ],
      "dimensions": [
        1.4242892265319824,
        0.5032396912574768,
        2.1500000953674316
      ],
      "roots": [
        "root"
      ],
      "deform_bones": 27
    },
    {
      "name": "SK_wc_u_orc_guardian",
      "type": "MESH",
      "scale": [
        1.0,
        1.0,
        1.0
      ],
      "dimensions": [
        1.6870179176330566,
        0.9794189929962158,
        1.9860000610351562
      ],
      "evaluated_triangles": 7572,
      "material_slots": 1,
      "uv_layers": 1,
      "skin_checks": {
        "unweighted": 0,
        "excess_influences": 0,
        "unnormalized": 0
      }
    }
  ],
  "errors": [],
  "warnings": [],
  "not_checked": [
    "appearance",
    "deformation across all clips",
    "UV overlap appropriateness",
    "normal-map convention",
    "Unreal import",
    "LOD silhouette",
    "gameplay readability"
  ]
}
{
  "status": "structural_checks_passed_visual_review_required",
  "blender_version": "5.1.1",
  "collection": "LOD_SOURCE",
  "evaluated_triangle_total": 5677,
  "objects": [
    {
      "name": "SK_wc_u_orc_guardian_LOD1",
      "type": "MESH",
      "scale": [
        1.0,
        1.0,
        1.0
      ],
      "dimensions": [
        1.68705153465271,
        0.9794189929962158,
        1.9866993427276611
      ],
      "evaluated_triangles": 3786,
      "material_slots": 1,
      "uv_layers": 1,
      "skin_checks": {
        "unweighted": 0,
        "excess_influences": 0,
        "unnormalized": 0
      }
    },
    {
      "name": "SK_wc_u_orc_guardian_LOD2",
      "type": "MESH",
      "scale": [
        1.0,
        1.0,
        1.0
      ],
      "dimensions": [
        1.6788356304168701,
        0.9821935892105103,
        1.9868820905685425
      ],
      "evaluated_triangles": 1891,
      "material_slots": 1,
      "uv_layers": 1,
      "skin_checks": {
        "unweighted": 0,
        "excess_influences": 0,
        "unnormalized": 0
      }
    }
  ],
  "errors": [],
  "warnings": [],
  "not_checked": [
    "appearance",
    "deformation across all clips",
    "UV overlap appropriateness",
    "normal-map convention",
    "Unreal import",
    "LOD silhouette",
    "gameplay readability"
  ]
}
{
  "status": "sampled_motion_invariants_passed",
  "unit_id": "wc_u_orc_guardian",
  "blender_version": "5.1.1",
  "sampling": "actual deformed mesh every 3 frames at 60fps",
  "clips": [
    {
      "clip": "Idle",
      "samples": 41,
      "minimum_support_sole_z_m": 0.016000045463442802,
      "maximum_support_sole_z_m": 0.016000045463442802,
      "max_root_translation_m": 0,
      "max_pose_scale_error": 1.1920928955078125e-07
    },
    {
      "clip": "Move",
      "samples": 21,
      "minimum_support_sole_z_m": 0.0021305419504642487,
      "maximum_support_sole_z_m": 0.016000045463442802,
      "max_root_translation_m": 0,
      "max_pose_scale_error": 1.1920928955078125e-07
    },
    {
      "clip": "Attack",
      "samples": 14,
      "minimum_support_sole_z_m": 0.016000045463442802,
      "maximum_support_sole_z_m": 0.016000045463442802,
      "max_root_translation_m": 0,
      "max_pose_scale_error": 1.1920928955078125e-07
    },
    {
      "clip": "Active",
      "samples": 14,
      "minimum_support_sole_z_m": 0.018000001087784767,
      "maximum_support_sole_z_m": 0.01800018548965454,
      "max_root_translation_m": 0,
      "max_pose_scale_error": 1.1920928955078125e-07
    },
    {
      "clip": "Hit",
      "samples": 9,
      "minimum_support_sole_z_m": 0.016000045463442802,
      "maximum_support_sole_z_m": 0.016000045463442802,
      "max_root_translation_m": 0,
      "max_pose_scale_error": 1.1920928955078125e-07
    },
    {
      "clip": "Defeat",
      "samples": 21,
      "minimum_support_sole_z_m": 0.015999849885702133,
      "maximum_support_sole_z_m": 0.016000092029571533,
      "max_root_translation_m": 0,
      "max_pose_scale_error": 1.1920928955078125e-07
    },
    {
      "clip": "Victory",
      "samples": 31,
      "minimum_support_sole_z_m": 0.016000045463442802,
      "maximum_support_sole_z_m": 0.016000045463442802,
      "max_root_translation_m": 0,
      "max_pose_scale_error": 1.1920928955078125e-07
    }
  ],
  "errors": [],
  "not_checked": [
    "continuous visual quality",
    "weapon/costume clipping",
    "semantic gesture review",
    "Unreal retarget/import",
    "runtime move-speed synchronization"
  ]
}
FBX version: 7400
FBX version: 7400
FBX version: 7400
WC_NEW_HERO_READBACK_PASS {"status": "PASS_SAVED_SOURCE_SKIN_MOTION_AND_MESH_FBX_READBACK", "unit_id": "wc_u_orc_guardian", "source_sha256": "5decc693e81e43652535a96ed987f46f8a147079168ddebdc5cf8141b7c4da18", "manifest_sha256": "4d32543b3eeb1ee627e2592de3124aaa84292be3cb6b1e6ec62376dc104dcb8c", "source_revision": 6, "geometry_revision": 4, "animation_revision": 3, "blender_version": "5.1.1", "files_verified": 14, "source_clips_verified": 7, "mesh_fbx_readbacks": [{"mesh_suffix": "", "dimensions_m": [1.9639790058135986, 0.7619931697845459, 1.9860000927001238], "triangles": 7572, "bones": 27, "materials": 1, "uv_layers": 1, "weighted_vertices": 4141}, {"mesh_suffix": "_LOD1", "dimensions_m": [1.9639790058135986, 0.7619931399822235, 1.9866993743926287], "triangles": 3786, "bones": 27, "materials": 1, "uv_layers": 1, "weighted_vertices": 2115}, {"mesh_suffix": "_LOD2", "dimensions_m": [1.95915949344635, 0.7616453170776367, 1.9868821278214455], "triangles": 1891, "bones": 27, "materials": 1, "uv_layers": 1, "weighted_vertices": 1142}], "animation_fbx_import_verified": false, "Unreal_import_verified": false, "final_art_accepted": false}
Blender 5.1.1 (hash b70da489d7f4 built 2026-04-14 01:37:22)

Blender quit
