00:02.578  blend            | Read blend: "C:\Users\iputu\Documents\Wonder Chess\art-source\heroes\wc_u_orc_guardian\wc_u_orc_guardian.blend"
{
  "status": "structural_checks_passed_visual_review_required",
  "blender_version": "5.1.1",
  "collection": "EXPORT",
  "evaluated_triangle_total": 7572,
  "objects": [
    {
      "name": "Armature",
      "type": "ARMATURE",
      "scale": [
        1.0,
        1.0,
        1.0
      ],
      "dimensions": [
        1.4242892265319824,
        0.5032396912574768,
        2.1500000953674316
      ],
      "roots": [
        "root"
      ],
      "deform_bones": 27
    },
    {
      "name": "SK_wc_u_orc_guardian",
      "type": "MESH",
      "scale": [
        1.0,
        1.0,
        1.0
      ],
      "dimensions": [
        1.6870179176330566,
        0.9794189929962158,
        1.9860000610351562
      ],
      "evaluated_triangles": 7572,
      "material_slots": 1,
      "uv_layers": 1,
      "skin_checks": {
        "unweighted": 0,
        "excess_influences": 0,
        "unnormalized": 0
      }
    }
  ],
  "errors": [],
  "warnings": [],
  "not_checked": [
    "appearance",
    "deformation across all clips",
    "UV overlap appropriateness",
    "normal-map convention",
    "Unreal import",
    "LOD silhouette",
    "gameplay readability"
  ]
}
{
  "status": "structural_checks_passed_visual_review_required",
  "blender_version": "5.1.1",
  "collection": "LOD_SOURCE",
  "evaluated_triangle_total": 5677,
  "objects": [
    {
      "name": "SK_wc_u_orc_guardian_LOD1",
      "type": "MESH",
      "scale": [
        1.0,
        1.0,
        1.0
      ],
      "dimensions": [
        1.68705153465271,
        0.9794189929962158,
        1.9866993427276611
      ],
      "evaluated_triangles": 3786,
      "material_slots": 1,
      "uv_layers": 1,
      "skin_checks": {
        "unweighted": 0,
        "excess_influences": 0,
        "unnormalized": 0
      }
    },
    {
      "name": "SK_wc_u_orc_guardian_LOD2",
      "type": "MESH",
      "scale": [
        1.0,
        1.0,
        1.0
      ],
      "dimensions": [
        1.6788356304168701,
        0.9821935892105103,
        1.9868820905685425
      ],
      "evaluated_triangles": 1891,
      "material_slots": 1,
      "uv_layers": 1,
      "skin_checks": {
        "unweighted": 0,
        "excess_influences": 0,
        "unnormalized": 0
      }
    }
  ],
  "errors": [],
  "warnings": [],
  "not_checked": [
    "appearance",
    "deformation across all clips",
    "UV overlap appropriateness",
    "normal-map convention",
    "Unreal import",
    "LOD silhouette",
    "gameplay readability"
  ]
}
{
  "status": "sampled_motion_invariants_passed",
  "unit_id": "wc_u_orc_guardian",
  "blender_version": "5.1.1",
  "sampling": "actual deformed mesh every 3 frames at 60fps",
  "clips": [
    {
      "clip": "Idle",
      "samples": 41,
      "minimum_support_sole_z_m": 0.015999989584088326,
      "maximum_support_sole_z_m": 0.015999989584088326,
      "max_root_translation_m": 0,
      "max_pose_scale_error": 5.960464477539063e-08
    },
    {
      "clip": "Move",
      "samples": 21,
      "minimum_support_sole_z_m": 0.0021304283291101456,
      "maximum_support_sole_z_m": 0.015999989584088326,
      "max_root_translation_m": 0,
      "max_pose_scale_error": 5.960464477539063e-08
    },
    {
      "clip": "Attack",
      "samples": 14,
      "minimum_support_sole_z_m": 0.015999989584088326,
      "maximum_support_sole_z_m": 0.015999989584088326,
      "max_root_translation_m": 0,
      "max_pose_scale_error": 5.960464477539063e-08
    },
    {
      "clip": "Active",
      "samples": 14,
      "minimum_support_sole_z_m": 0.017999937757849693,
      "maximum_support_sole_z_m": 0.018000101670622826,
      "max_root_translation_m": 0,
      "max_pose_scale_error": 5.960464477539063e-08
    },
    {
      "clip": "Hit",
      "samples": 9,
      "minimum_support_sole_z_m": 0.015999989584088326,
      "maximum_support_sole_z_m": 0.015999989584088326,
      "max_root_translation_m": 0,
      "max_pose_scale_error": 5.960464477539063e-08
    },
    {
      "clip": "Defeat",
      "samples": 21,
      "minimum_support_sole_z_m": 0.015999814495444298,
      "maximum_support_sole_z_m": 0.015999991446733475,
      "max_root_translation_m": 0,
      "max_pose_scale_error": 5.960464477539063e-08
    },
    {
      "clip": "Victory",
      "samples": 31,
      "minimum_support_sole_z_m": 0.015999989584088326,
      "maximum_support_sole_z_m": 0.015999989584088326,
      "max_root_translation_m": 0,
      "max_pose_scale_error": 5.960464477539063e-08
    }
  ],
  "errors": [],
  "not_checked": [
    "continuous visual quality",
    "weapon/costume clipping",
    "semantic gesture review",
    "Unreal retarget/import",
    "runtime move-speed synchronization"
  ]
}
FBX version: 7400
FBX version: 7400
FBX version: 7400
WC_NEW_HERO_READBACK_PASS {"status": "PASS_SAVED_SOURCE_SKIN_MOTION_AND_MESH_FBX_READBACK", "unit_id": "wc_u_orc_guardian", "source_sha256": "f29b6477d9ef7d7ebb502eb94faf4a325f213eb30e334e6de227747cab9c5763", "manifest_sha256": "96cfdf92d6183c437fb2fb47c3f828d5393ecb91fd07a2841b7091f5c6aada85", "source_revision": 5, "geometry_revision": 4, "animation_revision": 2, "blender_version": "5.1.1", "files_verified": 14, "source_clips_verified": 7, "mesh_fbx_readbacks": [{"mesh_suffix": "", "dimensions_m": [1.9639790058135986, 0.7619931697845459, 1.9860000927001238], "triangles": 7572, "bones": 27, "materials": 1, "uv_layers": 1, "weighted_vertices": 4141}, {"mesh_suffix": "_LOD1", "dimensions_m": [1.9639790058135986, 0.7619931399822235, 1.9866993743926287], "triangles": 3786, "bones": 27, "materials": 1, "uv_layers": 1, "weighted_vertices": 2115}, {"mesh_suffix": "_LOD2", "dimensions_m": [1.95915949344635, 0.7616453170776367, 1.9868821278214455], "triangles": 1891, "bones": 27, "materials": 1, "uv_layers": 1, "weighted_vertices": 1142}], "animation_fbx_import_verified": false, "Unreal_import_verified": false, "final_art_accepted": false}
00:03.984  blend            | Read blend: "C:\Users\iputu\Documents\Wonder Chess\art-source\heroes\wc_u_orc_guardian\wc_u_orc_guardian.blend"
00:07.219  render           | Saved: 'C:\Users\iputu\Documents\Wonder Chess\reports\WC-U440\20260906T165226Z-support-motion\tala-verified5\motion-frames\Idle\0000.png'
00:10.203  render           | Saved: 'C:\Users\iputu\Documents\Wonder Chess\reports\WC-U440\20260906T165226Z-support-motion\tala-verified5\motion-frames\Idle\0001.png'
00:13.141  render           | Saved: 'C:\Users\iputu\Documents\Wonder Chess\reports\WC-U440\20260906T165226Z-support-motion\tala-verified5\motion-frames\Idle\0002.png'
00:16.031  render           | Saved: 'C:\Users\iputu\Documents\Wonder Chess\reports\WC-U440\20260906T165226Z-support-motion\tala-verified5\motion-frames\Idle\0003.png'
00:18.953  render           | Saved: 'C:\Users\iputu\Documents\Wonder Chess\reports\WC-U440\20260906T165226Z-support-motion\tala-verified5\motion-frames\Idle\0004.png'
00:21.562  render           | Saved: 'C:\Users\iputu\Documents\Wonder Chess\reports\WC-U440\20260906T165226Z-support-motion\tala-verified5\motion-frames\Idle\0005.png'
00:24.203  render           | Saved: 'C:\Users\iputu\Documents\Wonder Chess\reports\WC-U440\20260906T165226Z-support-motion\tala-verified5\motion-frames\Idle\0006.png'
00:26.781  render           | Saved: 'C:\Users\iputu\Documents\Wonder Chess\reports\WC-U440\20260906T165226Z-support-motion\tala-verified5\motion-frames\Idle\0007.png'
00:29.328  render           | Saved: 'C:\Users\iputu\Documents\Wonder Chess\reports\WC-U440\20260906T165226Z-support-motion\tala-verified5\motion-frames\Idle\0008.png'
00:31.922  render           | Saved: 'C:\Users\iputu\Documents\Wonder Chess\reports\WC-U440\20260906T165226Z-support-motion\tala-verified5\motion-frames\Idle\0009.png'
00:34.578  render           | Saved: 'C:\Users\iputu\Documents\Wonder Chess\reports\WC-U440\20260906T165226Z-support-motion\tala-verified5\motion-frames\Idle\0010.png'
00:37.156  render           | Saved: 'C:\Users\iputu\Documents\Wonder Chess\reports\WC-U440\20260906T165226Z-support-motion\tala-verified5\motion-frames\Idle\0011.png'
00:39.781  render           | Saved: 'C:\Users\iputu\Documents\Wonder Chess\reports\WC-U440\20260906T165226Z-support-motion\tala-verified5\motion-frames\Idle\0012.png'
00:42.359  render           | Saved: 'C:\Users\iputu\Documents\Wonder Chess\reports\WC-U440\20260906T165226Z-support-motion\tala-verified5\motion-frames\Idle\0013.png'
00:45.016  render           | Saved: 'C:\Users\iputu\Documents\Wonder Chess\reports\WC-U440\20260906T165226Z-support-motion\tala-verified5\motion-frames\Idle\0014.png'
00:47.641  render           | Saved: 'C:\Users\iputu\Documents\Wonder Chess\reports\WC-U440\20260906T165226Z-support-motion\tala-verified5\motion-frames\Idle\0015.png'
00:50.203  render           | Saved: 'C:\Users\iputu\Documents\Wonder Chess\reports\WC-U440\20260906T165226Z-support-motion\tala-verified5\motion-frames\Idle\0016.png'
00:52.891  render           | Saved: 'C:\Users\iputu\Documents\Wonder Chess\reports\WC-U440\20260906T165226Z-support-motion\tala-verified5\motion-frames\Idle\0017.png'
00:55.672  render           | Saved: 'C:\Users\iputu\Documents\Wonder Chess\reports\WC-U440\20260906T165226Z-support-motion\tala-verified5\motion-frames\Idle\0018.png'
00:58.281  render           | Saved: 'C:\Users\iputu\Documents\Wonder Chess\reports\WC-U440\20260906T165226Z-support-motion\tala-verified5\motion-frames\Idle\0019.png'
01:00.859  render           | Saved: 'C:\Users\iputu\Documents\Wonder Chess\reports\WC-U440\20260906T165226Z-support-motion\tala-verified5\motion-frames\Idle\0020.png'
01:03.562  render           | Saved: 'C:\Users\iputu\Documents\Wonder Chess\reports\WC-U440\20260906T165226Z-support-motion\tala-verified5\motion-frames\Idle\0021.png'
01:06.141  render           | Saved: 'C:\Users\iputu\Documents\Wonder Chess\reports\WC-U440\20260906T165226Z-support-motion\tala-verified5\motion-frames\Idle\0022.png'
01:08.891  render           | Saved: 'C:\Users\iputu\Documents\Wonder Chess\reports\WC-U440\20260906T165226Z-support-motion\tala-verified5\motion-frames\Idle\0023.png'
01:11.359  render           | Saved: 'C:\Users\iputu\Documents\Wonder Chess\reports\WC-U440\20260906T165226Z-support-motion\tala-verified5\motion-frames\Idle\0024.png'
01:14.156  render           | Saved: 'C:\Users\iputu\Documents\Wonder Chess\reports\WC-U440\20260906T165226Z-support-motion\tala-verified5\motion-frames\Idle\0025.png'
01:16.828  render           | Saved: 'C:\Users\iputu\Documents\Wonder Chess\reports\WC-U440\20260906T165226Z-support-motion\tala-verified5\motion-frames\Idle\0026.png'
01:19.547  render           | Saved: 'C:\Users\iputu\Documents\Wonder Chess\reports\WC-U440\20260906T165226Z-support-motion\tala-verified5\motion-frames\Idle\0027.png'
01:22.359  render           | Saved: 'C:\Users\iputu\Documents\Wonder Chess\reports\WC-U440\20260906T165226Z-support-motion\tala-verified5\motion-frames\Idle\0028.png'
01:24.953  render           | Saved: 'C:\Users\iputu\Documents\Wonder Chess\reports\WC-U440\20260906T165226Z-support-motion\tala-verified5\motion-frames\Idle\0029.png'
01:27.687  render           | Saved: 'C:\Users\iputu\Documents\Wonder Chess\reports\WC-U440\20260906T165226Z-support-motion\tala-verified5\motion-frames\Idle\0030.png'
01:30.344  render           | Saved: 'C:\Users\iputu\Documents\Wonder Chess\reports\WC-U440\20260906T165226Z-support-motion\tala-verified5\motion-frames\Idle\0031.png'
01:33.031  render           | Saved: 'C:\Users\iputu\Documents\Wonder Chess\reports\WC-U440\20260906T165226Z-support-motion\tala-verified5\motion-frames\Idle\0032.png'
01:35.750  render           | Saved: 'C:\Users\iputu\Documents\Wonder Chess\reports\WC-U440\20260906T165226Z-support-motion\tala-verified5\motion-frames\Idle\0033.png'
01:38.641  render           | Saved: 'C:\Users\iputu\Documents\Wonder Chess\reports\WC-U440\20260906T165226Z-support-motion\tala-verified5\motion-frames\Idle\0034.png'
01:41.422  render           | Saved: 'C:\Users\iputu\Documents\Wonder Chess\reports\WC-U440\20260906T165226Z-support-motion\tala-verified5\motion-frames\Idle\0035.png'
01:44.016  render           | Saved: 'C:\Users\iputu\Documents\Wonder Chess\reports\WC-U440\20260906T165226Z-support-motion\tala-verified5\motion-frames\Idle\0036.png'
01:46.687  render           | Saved: 'C:\Users\iputu\Documents\Wonder Chess\reports\WC-U440\20260906T165226Z-support-motion\tala-verified5\motion-frames\Idle\0037.png'
01:49.344  render           | Saved: 'C:\Users\iputu\Documents\Wonder Chess\reports\WC-U440\20260906T165226Z-support-motion\tala-verified5\motion-frames\Idle\0038.png'
01:52.078  render           | Saved: 'C:\Users\iputu\Documents\Wonder Chess\reports\WC-U440\20260906T165226Z-support-motion\tala-verified5\motion-frames\Idle\0039.png'
WC_NEW_HERO_CLIP_RENDERED wc_u_orc_guardian Idle
01:54.734  render           | Saved: 'C:\Users\iputu\Documents\Wonder Chess\reports\WC-U440\20260906T165226Z-support-motion\tala-verified5\motion-frames\Move\0000.png'
01:57.406  render           | Saved: 'C:\Users\iputu\Documents\Wonder Chess\reports\WC-U440\20260906T165226Z-support-motion\tala-verified5\motion-frames\Move\0001.png'
02:00.031  render           | Saved: 'C:\Users\iputu\Documents\Wonder Chess\reports\WC-U440\20260906T165226Z-support-motion\tala-verified5\motion-frames\Move\0002.png'
02:02.625  render           | Saved: 'C:\Users\iputu\Documents\Wonder Chess\reports\WC-U440\20260906T165226Z-support-motion\tala-verified5\motion-frames\Move\0003.png'
02:05.297  render           | Saved: 'C:\Users\iputu\Documents\Wonder Chess\reports\WC-U440\20260906T165226Z-support-motion\tala-verified5\motion-frames\Move\0004.png'
02:07.953  render           | Saved: 'C:\Users\iputu\Documents\Wonder Chess\reports\WC-U440\20260906T165226Z-support-motion\tala-verified5\motion-frames\Move\0005.png'
02:10.594  render           | Saved: 'C:\Users\iputu\Documents\Wonder Chess\reports\WC-U440\20260906T165226Z-support-motion\tala-verified5\motion-frames\Move\0006.png'
02:13.078  render           | Saved: 'C:\Users\iputu\Documents\Wonder Chess\reports\WC-U440\20260906T165226Z-support-motion\tala-verified5\motion-frames\Move\0007.png'
02:15.687  render           | Saved: 'C:\Users\iputu\Documents\Wonder Chess\reports\WC-U440\20260906T165226Z-support-motion\tala-verified5\motion-frames\Move\0008.png'
02:18.172  render           | Saved: 'C:\Users\iputu\Documents\Wonder Chess\reports\WC-U440\20260906T165226Z-support-motion\tala-verified5\motion-frames\Move\0009.png'
02:20.922  render           | Saved: 'C:\Users\iputu\Documents\Wonder Chess\reports\WC-U440\20260906T165226Z-support-motion\tala-verified5\motion-frames\Move\0010.png'
02:23.562  render           | Saved: 'C:\Users\iputu\Documents\Wonder Chess\reports\WC-U440\20260906T165226Z-support-motion\tala-verified5\motion-frames\Move\0011.png'
02:26.109  render           | Saved: 'C:\Users\iputu\Documents\Wonder Chess\reports\WC-U440\20260906T165226Z-support-motion\tala-verified5\motion-frames\Move\0012.png'
02:28.687  render           | Saved: 'C:\Users\iputu\Documents\Wonder Chess\reports\WC-U440\20260906T165226Z-support-motion\tala-verified5\motion-frames\Move\0013.png'
02:31.344  render           | Saved: 'C:\Users\iputu\Documents\Wonder Chess\reports\WC-U440\20260906T165226Z-support-motion\tala-verified5\motion-frames\Move\0014.png'
02:34.047  render           | Saved: 'C:\Users\iputu\Documents\Wonder Chess\reports\WC-U440\20260906T165226Z-support-motion\tala-verified5\motion-frames\Move\0015.png'
02:36.719  render           | Saved: 'C:\Users\iputu\Documents\Wonder Chess\reports\WC-U440\20260906T165226Z-support-motion\tala-verified5\motion-frames\Move\0016.png'
02:39.312  render           | Saved: 'C:\Users\iputu\Documents\Wonder Chess\reports\WC-U440\20260906T165226Z-support-motion\tala-verified5\motion-frames\Move\0017.png'
02:42.000  render           | Saved: 'C:\Users\iputu\Documents\Wonder Chess\reports\WC-U440\20260906T165226Z-support-motion\tala-verified5\motion-frames\Move\0018.png'
02:44.672  render           | Saved: 'C:\Users\iputu\Documents\Wonder Chess\reports\WC-U440\20260906T165226Z-support-motion\tala-verified5\motion-frames\Move\0019.png'
WC_NEW_HERO_CLIP_RENDERED wc_u_orc_guardian Move
02:47.375  render           | Saved: 'C:\Users\iputu\Documents\Wonder Chess\reports\WC-U440\20260906T165226Z-support-motion\tala-verified5\motion-frames\Attack\0000.png'
02:50.328  render           | Saved: 'C:\Users\iputu\Documents\Wonder Chess\reports\WC-U440\20260906T165226Z-support-motion\tala-verified5\motion-frames\Attack\0001.png'
02:53.297  render           | Saved: 'C:\Users\iputu\Documents\Wonder Chess\reports\WC-U440\20260906T165226Z-support-motion\tala-verified5\motion-frames\Attack\0002.png'
02:56.094  render           | Saved: 'C:\Users\iputu\Documents\Wonder Chess\reports\WC-U440\20260906T165226Z-support-motion\tala-verified5\motion-frames\Attack\0003.png'
02:58.828  render           | Saved: 'C:\Users\iputu\Documents\Wonder Chess\reports\WC-U440\20260906T165226Z-support-motion\tala-verified5\motion-frames\Attack\0004.png'
03:01.922  render           | Saved: 'C:\Users\iputu\Documents\Wonder Chess\reports\WC-U440\20260906T165226Z-support-motion\tala-verified5\motion-frames\Attack\0005.png'
03:04.766  render           | Saved: 'C:\Users\iputu\Documents\Wonder Chess\reports\WC-U440\20260906T165226Z-support-motion\tala-verified5\motion-frames\Attack\0006.png'
03:07.609  render           | Saved: 'C:\Users\iputu\Documents\Wonder Chess\reports\WC-U440\20260906T165226Z-support-motion\tala-verified5\motion-frames\Attack\0007.png'
03:10.609  render           | Saved: 'C:\Users\iputu\Documents\Wonder Chess\reports\WC-U440\20260906T165226Z-support-motion\tala-verified5\motion-frames\Attack\0008.png'
03:13.578  render           | Saved: 'C:\Users\iputu\Documents\Wonder Chess\reports\WC-U440\20260906T165226Z-support-motion\tala-verified5\motion-frames\Attack\0009.png'
03:16.391  render           | Saved: 'C:\Users\iputu\Documents\Wonder Chess\reports\WC-U440\20260906T165226Z-support-motion\tala-verified5\motion-frames\Attack\0010.png'
03:19.187  render           | Saved: 'C:\Users\iputu\Documents\Wonder Chess\reports\WC-U440\20260906T165226Z-support-motion\tala-verified5\motion-frames\Attack\0011.png'
03:22.344  render           | Saved: 'C:\Users\iputu\Documents\Wonder Chess\reports\WC-U440\20260906T165226Z-support-motion\tala-verified5\motion-frames\Attack\0012.png'
WC_NEW_HERO_CLIP_RENDERED wc_u_orc_guardian Attack
03:25.375  render           | Saved: 'C:\Users\iputu\Documents\Wonder Chess\reports\WC-U440\20260906T165226Z-support-motion\tala-verified5\motion-frames\Active\0000.png'
03:28.484  render           | Saved: 'C:\Users\iputu\Documents\Wonder Chess\reports\WC-U440\20260906T165226Z-support-motion\tala-verified5\motion-frames\Active\0001.png'
03:31.750  render           | Saved: 'C:\Users\iputu\Documents\Wonder Chess\reports\WC-U440\20260906T165226Z-support-motion\tala-verified5\motion-frames\Active\0002.png'
03:34.922  render           | Saved: 'C:\Users\iputu\Documents\Wonder Chess\reports\WC-U440\20260906T165226Z-support-motion\tala-verified5\motion-frames\Active\0003.png'
03:38.172  render           | Saved: 'C:\Users\iputu\Documents\Wonder Chess\reports\WC-U440\20260906T165226Z-support-motion\tala-verified5\motion-frames\Active\0004.png'
03:41.625  render           | Saved: 'C:\Users\iputu\Documents\Wonder Chess\reports\WC-U440\20260906T165226Z-support-motion\tala-verified5\motion-frames\Active\0005.png'
03:45.219  render           | Saved: 'C:\Users\iputu\Documents\Wonder Chess\reports\WC-U440\20260906T165226Z-support-motion\tala-verified5\motion-frames\Active\0006.png'
03:48.375  render           | Saved: 'C:\Users\iputu\Documents\Wonder Chess\reports\WC-U440\20260906T165226Z-support-motion\tala-verified5\motion-frames\Active\0007.png'
03:51.812  render           | Saved: 'C:\Users\iputu\Documents\Wonder Chess\reports\WC-U440\20260906T165226Z-support-motion\tala-verified5\motion-frames\Active\0008.png'
03:55.281  render           | Saved: 'C:\Users\iputu\Documents\Wonder Chess\reports\WC-U440\20260906T165226Z-support-motion\tala-verified5\motion-frames\Active\0009.png'
03:58.922  render           | Saved: 'C:\Users\iputu\Documents\Wonder Chess\reports\WC-U440\20260906T165226Z-support-motion\tala-verified5\motion-frames\Active\0010.png'
04:02.828  render           | Saved: 'C:\Users\iputu\Documents\Wonder Chess\reports\WC-U440\20260906T165226Z-support-motion\tala-verified5\motion-frames\Active\0011.png'
04:06.297  render           | Saved: 'C:\Users\iputu\Documents\Wonder Chess\reports\WC-U440\20260906T165226Z-support-motion\tala-verified5\motion-frames\Active\0012.png'
WC_NEW_HERO_CLIP_RENDERED wc_u_orc_guardian Active
04:09.359  render           | Saved: 'C:\Users\iputu\Documents\Wonder Chess\reports\WC-U440\20260906T165226Z-support-motion\tala-verified5\motion-frames\Hit\0000.png'
04:12.609  render           | Saved: 'C:\Users\iputu\Documents\Wonder Chess\reports\WC-U440\20260906T165226Z-support-motion\tala-verified5\motion-frames\Hit\0001.png'
04:15.531  render           | Saved: 'C:\Users\iputu\Documents\Wonder Chess\reports\WC-U440\20260906T165226Z-support-motion\tala-verified5\motion-frames\Hit\0002.png'
04:18.312  render           | Saved: 'C:\Users\iputu\Documents\Wonder Chess\reports\WC-U440\20260906T165226Z-support-motion\tala-verified5\motion-frames\Hit\0003.png'
04:21.141  render           | Saved: 'C:\Users\iputu\Documents\Wonder Chess\reports\WC-U440\20260906T165226Z-support-motion\tala-verified5\motion-frames\Hit\0004.png'
04:24.094  render           | Saved: 'C:\Users\iputu\Documents\Wonder Chess\reports\WC-U440\20260906T165226Z-support-motion\tala-verified5\motion-frames\Hit\0005.png'
04:26.781  render           | Saved: 'C:\Users\iputu\Documents\Wonder Chess\reports\WC-U440\20260906T165226Z-support-motion\tala-verified5\motion-frames\Hit\0006.png'
04:29.500  render           | Saved: 'C:\Users\iputu\Documents\Wonder Chess\reports\WC-U440\20260906T165226Z-support-motion\tala-verified5\motion-frames\Hit\0007.png'
WC_NEW_HERO_CLIP_RENDERED wc_u_orc_guardian Hit
04:32.172  render           | Saved: 'C:\Users\iputu\Documents\Wonder Chess\reports\WC-U440\20260906T165226Z-support-motion\tala-verified5\motion-frames\Defeat\0000.png'
04:34.687  render           | Saved: 'C:\Users\iputu\Documents\Wonder Chess\reports\WC-U440\20260906T165226Z-support-motion\tala-verified5\motion-frames\Defeat\0001.png'
04:37.219  render           | Saved: 'C:\Users\iputu\Documents\Wonder Chess\reports\WC-U440\20260906T165226Z-support-motion\tala-verified5\motion-frames\Defeat\0002.png'
04:39.656  render           | Saved: 'C:\Users\iputu\Documents\Wonder Chess\reports\WC-U440\20260906T165226Z-support-motion\tala-verified5\motion-frames\Defeat\0003.png'
04:41.969  render           | Saved: 'C:\Users\iputu\Documents\Wonder Chess\reports\WC-U440\20260906T165226Z-support-motion\tala-verified5\motion-frames\Defeat\0004.png'
04:44.172  render           | Saved: 'C:\Users\iputu\Documents\Wonder Chess\reports\WC-U440\20260906T165226Z-support-motion\tala-verified5\motion-frames\Defeat\0005.png'
04:46.406  render           | Saved: 'C:\Users\iputu\Documents\Wonder Chess\reports\WC-U440\20260906T165226Z-support-motion\tala-verified5\motion-frames\Defeat\0006.png'
04:48.750  render           | Saved: 'C:\Users\iputu\Documents\Wonder Chess\reports\WC-U440\20260906T165226Z-support-motion\tala-verified5\motion-frames\Defeat\0007.png'
04:51.031  render           | Saved: 'C:\Users\iputu\Documents\Wonder Chess\reports\WC-U440\20260906T165226Z-support-motion\tala-verified5\motion-frames\Defeat\0008.png'
04:53.437  render           | Saved: 'C:\Users\iputu\Documents\Wonder Chess\reports\WC-U440\20260906T165226Z-support-motion\tala-verified5\motion-frames\Defeat\0009.png'
04:55.641  render           | Saved: 'C:\Users\iputu\Documents\Wonder Chess\reports\WC-U440\20260906T165226Z-support-motion\tala-verified5\motion-frames\Defeat\0010.png'
04:57.969  render           | Saved: 'C:\Users\iputu\Documents\Wonder Chess\reports\WC-U440\20260906T165226Z-support-motion\tala-verified5\motion-frames\Defeat\0011.png'
05:00.359  render           | Saved: 'C:\Users\iputu\Documents\Wonder Chess\reports\WC-U440\20260906T165226Z-support-motion\tala-verified5\motion-frames\Defeat\0012.png'
05:02.656  render           | Saved: 'C:\Users\iputu\Documents\Wonder Chess\reports\WC-U440\20260906T165226Z-support-motion\tala-verified5\motion-frames\Defeat\0013.png'
05:05.062  render           | Saved: 'C:\Users\iputu\Documents\Wonder Chess\reports\WC-U440\20260906T165226Z-support-motion\tala-verified5\motion-frames\Defeat\0014.png'
05:07.484  render           | Saved: 'C:\Users\iputu\Documents\Wonder Chess\reports\WC-U440\20260906T165226Z-support-motion\tala-verified5\motion-frames\Defeat\0015.png'
05:09.828  render           | Saved: 'C:\Users\iputu\Documents\Wonder Chess\reports\WC-U440\20260906T165226Z-support-motion\tala-verified5\motion-frames\Defeat\0016.png'
05:12.078  render           | Saved: 'C:\Users\iputu\Documents\Wonder Chess\reports\WC-U440\20260906T165226Z-support-motion\tala-verified5\motion-frames\Defeat\0017.png'
05:14.406  render           | Saved: 'C:\Users\iputu\Documents\Wonder Chess\reports\WC-U440\20260906T165226Z-support-motion\tala-verified5\motion-frames\Defeat\0018.png'
05:16.719  render           | Saved: 'C:\Users\iputu\Documents\Wonder Chess\reports\WC-U440\20260906T165226Z-support-motion\tala-verified5\motion-frames\Defeat\0019.png'
WC_NEW_HERO_CLIP_RENDERED wc_u_orc_guardian Defeat
05:19.062  render           | Saved: 'C:\Users\iputu\Documents\Wonder Chess\reports\WC-U440\20260906T165226Z-support-motion\tala-verified5\motion-frames\Victory\0000.png'
05:21.516  render           | Saved: 'C:\Users\iputu\Documents\Wonder Chess\reports\WC-U440\20260906T165226Z-support-motion\tala-verified5\motion-frames\Victory\0001.png'
05:24.016  render           | Saved: 'C:\Users\iputu\Documents\Wonder Chess\reports\WC-U440\20260906T165226Z-support-motion\tala-verified5\motion-frames\Victory\0002.png'
05:26.781  render           | Saved: 'C:\Users\iputu\Documents\Wonder Chess\reports\WC-U440\20260906T165226Z-support-motion\tala-verified5\motion-frames\Victory\0003.png'
05:29.594  render           | Saved: 'C:\Users\iputu\Documents\Wonder Chess\reports\WC-U440\20260906T165226Z-support-motion\tala-verified5\motion-frames\Victory\0004.png'
05:32.234  render           | Saved: 'C:\Users\iputu\Documents\Wonder Chess\reports\WC-U440\20260906T165226Z-support-motion\tala-verified5\motion-frames\Victory\0005.png'
05:35.078  render           | Saved: 'C:\Users\iputu\Documents\Wonder Chess\reports\WC-U440\20260906T165226Z-support-motion\tala-verified5\motion-frames\Victory\0006.png'
05:37.922  render           | Saved: 'C:\Users\iputu\Documents\Wonder Chess\reports\WC-U440\20260906T165226Z-support-motion\tala-verified5\motion-frames\Victory\0007.png'
05:40.562  render           | Saved: 'C:\Users\iputu\Documents\Wonder Chess\reports\WC-U440\20260906T165226Z-support-motion\tala-verified5\motion-frames\Victory\0008.png'
05:43.047  render           | Saved: 'C:\Users\iputu\Documents\Wonder Chess\reports\WC-U440\20260906T165226Z-support-motion\tala-verified5\motion-frames\Victory\0009.png'
05:45.812  render           | Saved: 'C:\Users\iputu\Documents\Wonder Chess\reports\WC-U440\20260906T165226Z-support-motion\tala-verified5\motion-frames\Victory\0010.png'
05:48.547  render           | Saved: 'C:\Users\iputu\Documents\Wonder Chess\reports\WC-U440\20260906T165226Z-support-motion\tala-verified5\motion-frames\Victory\0011.png'
05:51.109  render           | Saved: 'C:\Users\iputu\Documents\Wonder Chess\reports\WC-U440\20260906T165226Z-support-motion\tala-verified5\motion-frames\Victory\0012.png'
05:53.703  render           | Saved: 'C:\Users\iputu\Documents\Wonder Chess\reports\WC-U440\20260906T165226Z-support-motion\tala-verified5\motion-frames\Victory\0013.png'
05:57.469  render           | Saved: 'C:\Users\iputu\Documents\Wonder Chess\reports\WC-U440\20260906T165226Z-support-motion\tala-verified5\motion-frames\Victory\0014.png'
06:00.187  render           | Saved: 'C:\Users\iputu\Documents\Wonder Chess\reports\WC-U440\20260906T165226Z-support-motion\tala-verified5\motion-frames\Victory\0015.png'
06:03.437  render           | Saved: 'C:\Users\iputu\Documents\Wonder Chess\reports\WC-U440\20260906T165226Z-support-motion\tala-verified5\motion-frames\Victory\0016.png'
06:10.828  render           | Saved: 'C:\Users\iputu\Documents\Wonder Chess\reports\WC-U440\20260906T165226Z-support-motion\tala-verified5\motion-frames\Victory\0017.png'
06:14.219  render           | Saved: 'C:\Users\iputu\Documents\Wonder Chess\reports\WC-U440\20260906T165226Z-support-motion\tala-verified5\motion-frames\Victory\0018.png'
06:16.844  render           | Saved: 'C:\Users\iputu\Documents\Wonder Chess\reports\WC-U440\20260906T165226Z-support-motion\tala-verified5\motion-frames\Victory\0019.png'
06:19.469  render           | Saved: 'C:\Users\iputu\Documents\Wonder Chess\reports\WC-U440\20260906T165226Z-support-motion\tala-verified5\motion-frames\Victory\0020.png'
06:22.359  render           | Saved: 'C:\Users\iputu\Documents\Wonder Chess\reports\WC-U440\20260906T165226Z-support-motion\tala-verified5\motion-frames\Victory\0021.png'
06:25.125  render           | Saved: 'C:\Users\iputu\Documents\Wonder Chess\reports\WC-U440\20260906T165226Z-support-motion\tala-verified5\motion-frames\Victory\0022.png'
06:27.750  render           | Saved: 'C:\Users\iputu\Documents\Wonder Chess\reports\WC-U440\20260906T165226Z-support-motion\tala-verified5\motion-frames\Victory\0023.png'
06:30.766  render           | Saved: 'C:\Users\iputu\Documents\Wonder Chess\reports\WC-U440\20260906T165226Z-support-motion\tala-verified5\motion-frames\Victory\0024.png'
06:33.703  render           | Saved: 'C:\Users\iputu\Documents\Wonder Chess\reports\WC-U440\20260906T165226Z-support-motion\tala-verified5\motion-frames\Victory\0025.png'
06:36.687  render           | Saved: 'C:\Users\iputu\Documents\Wonder Chess\reports\WC-U440\20260906T165226Z-support-motion\tala-verified5\motion-frames\Victory\0026.png'
06:39.781  render           | Saved: 'C:\Users\iputu\Documents\Wonder Chess\reports\WC-U440\20260906T165226Z-support-motion\tala-verified5\motion-frames\Victory\0027.png'
06:42.891  render           | Saved: 'C:\Users\iputu\Documents\Wonder Chess\reports\WC-U440\20260906T165226Z-support-motion\tala-verified5\motion-frames\Victory\0028.png'
06:46.062  render           | Saved: 'C:\Users\iputu\Documents\Wonder Chess\reports\WC-U440\20260906T165226Z-support-motion\tala-verified5\motion-frames\Victory\0029.png'
WC_NEW_HERO_CLIP_RENDERED wc_u_orc_guardian Victory
Blender 5.1.1 (hash b70da489d7f4 built 2026-04-14 01:37:22)

Blender quit
