00:02.578  blend            | Read blend: "C:\Users\iputu\Documents\Wonder Chess\art-source\lobby\brighthaven_approach.blend"
00:15.266  render           | Saved: 'C:\Users\iputu\Documents\Wonder Chess\exports\lobby\review\approach-front.png'
00:26.438  render           | Saved: 'C:\Users\iputu\Documents\Wonder Chess\exports\lobby\review\approach-three-quarter.png'
00:36.532  render           | Saved: 'C:\Users\iputu\Documents\Wonder Chess\exports\lobby\review\approach-back.png'

FBX export starting... 'C:\\Users\\iputu\\Documents\\Wonder Chess\\exports\\lobby\\SM_WC_ApproachWestHouse.fbx'
export finished in 0.0218 sec.

FBX export starting... 'C:\\Users\\iputu\\Documents\\Wonder Chess\\exports\\lobby\\SM_WC_ApproachEastHouse.fbx'
export finished in 0.0235 sec.

FBX export starting... 'C:\\Users\\iputu\\Documents\\Wonder Chess\\exports\\lobby\\SM_WC_ApproachGardenArch.fbx'
export finished in 0.0224 sec.

FBX export starting... 'C:\\Users\\iputu\\Documents\\Wonder Chess\\exports\\lobby\\SM_WC_ApproachBeacon.fbx'
export finished in 0.0189 sec.

FBX export starting... 'C:\\Users\\iputu\\Documents\\Wonder Chess\\exports\\lobby\\SM_WC_ApproachGardenWalls.fbx'
export finished in 0.0198 sec.

FBX export starting... 'C:\\Users\\iputu\\Documents\\Wonder Chess\\exports\\lobby\\SM_WC_ApproachPlatform.fbx'
export finished in 0.0168 sec.

FBX export starting... 'C:\\Users\\iputu\\Documents\\Wonder Chess\\exports\\lobby\\SM_WC_BrighthavenApproach.fbx'
export finished in 0.0331 sec.

FBX export starting... 'C:\\Users\\iputu\\Documents\\Wonder Chess\\exports\\lobby\\SM_WC_BrighthavenApproach_LOD1.fbx'
export finished in 0.0261 sec.

FBX export starting... 'C:\\Users\\iputu\\Documents\\Wonder Chess\\exports\\lobby\\SM_WC_BrighthavenApproach_LOD2.fbx'
export finished in 0.0233 sec.
Info: Saved as "brighthaven_approach.blend"
WC_LOBBY_REVISION_2 [{"level": 0, "mesh": "SM_WC_BrighthavenApproach", "triangles": 17176}, {"level": 1, "mesh": "SM_WC_BrighthavenApproach_LOD1", "triangles": 8587}, {"level": 2, "mesh": "SM_WC_BrighthavenApproach_LOD2", "triangles": 4294}]
Blender 5.1.1 (hash b70da489d7f4 built 2026-04-14 01:37:22)

Blender quit
