C:\Users\iputu\Documents\Wonder Chess\tools\blender\author_brighthaven_approach.py:70: DeprecationWarning: 'World.use_nodes' is expected to be removed in Blender 6.0
  scene.world=bpy.data.worlds.new('BrighthavenSky');scene.world.use_nodes=True;scene.world.node_tree.nodes['Background'].inputs['Color'].default_value=(.34,.52,.68,1);scene.world.node_tree.nodes['Background'].inputs['Strength'].default_value=.65
00:22.890  render           | Saved: 'C:\Users\iputu\Documents\Wonder Chess\exports\lobby\review\approach-front.png'
00:32.687  render           | Saved: 'C:\Users\iputu\Documents\Wonder Chess\exports\lobby\review\approach-three-quarter.png'
00:42.094  render           | Saved: 'C:\Users\iputu\Documents\Wonder Chess\exports\lobby\review\approach-back.png'

FBX export starting... 'C:\\Users\\iputu\\Documents\\Wonder Chess\\exports\\lobby\\SM_WC_ApproachWestHouse.fbx'
export finished in 0.0206 sec.

FBX export starting... 'C:\\Users\\iputu\\Documents\\Wonder Chess\\exports\\lobby\\SM_WC_ApproachEastHouse.fbx'
export finished in 0.0207 sec.

FBX export starting... 'C:\\Users\\iputu\\Documents\\Wonder Chess\\exports\\lobby\\SM_WC_ApproachGardenArch.fbx'
export finished in 0.0239 sec.

FBX export starting... 'C:\\Users\\iputu\\Documents\\Wonder Chess\\exports\\lobby\\SM_WC_ApproachBeacon.fbx'
export finished in 0.0239 sec.

FBX export starting... 'C:\\Users\\iputu\\Documents\\Wonder Chess\\exports\\lobby\\SM_WC_ApproachGardenWalls.fbx'
export finished in 0.0241 sec.

FBX export starting... 'C:\\Users\\iputu\\Documents\\Wonder Chess\\exports\\lobby\\SM_WC_ApproachPlatform.fbx'
export finished in 0.0194 sec.

FBX export starting... 'C:\\Users\\iputu\\Documents\\Wonder Chess\\exports\\lobby\\SM_WC_BrighthavenApproach.fbx'
export finished in 0.0322 sec.

FBX export starting... 'C:\\Users\\iputu\\Documents\\Wonder Chess\\exports\\lobby\\SM_WC_BrighthavenApproach_LOD1.fbx'
export finished in 0.0272 sec.

FBX export starting... 'C:\\Users\\iputu\\Documents\\Wonder Chess\\exports\\lobby\\SM_WC_BrighthavenApproach_LOD2.fbx'
export finished in 0.0270 sec.
Info: Saved as "brighthaven_approach.blend"
WC_BRIGHTHAVEN_APPROACH_RENDERED [{"level": 0, "mesh": "SM_WC_BrighthavenApproach", "triangles": 17148}, {"level": 1, "mesh": "SM_WC_BrighthavenApproach_LOD1", "triangles": 8573}, {"level": 2, "mesh": "SM_WC_BrighthavenApproach_LOD2", "triangles": 4286}]
Blender 5.1.1 (hash b70da489d7f4 built 2026-04-14 01:37:22)

Blender quit
