00:02.796  blend            | Read blend: "C:\Users\iputu\Documents\Wonder Chess\art-source\lobby\brighthaven_approach.blend"
00:17.531  render           | Saved: 'C:\Users\iputu\Documents\Wonder Chess\exports\lobby\review\approach-front.png'
00:30.765  render           | Saved: 'C:\Users\iputu\Documents\Wonder Chess\exports\lobby\review\approach-three-quarter.png'
00:43.421  render           | Saved: 'C:\Users\iputu\Documents\Wonder Chess\exports\lobby\review\approach-back.png'

FBX export starting... 'C:\\Users\\iputu\\Documents\\Wonder Chess\\exports\\lobby\\SM_WC_ApproachWestHouse.fbx'
export finished in 0.0251 sec.

FBX export starting... 'C:\\Users\\iputu\\Documents\\Wonder Chess\\exports\\lobby\\SM_WC_ApproachEastHouse.fbx'
export finished in 0.0236 sec.

FBX export starting... 'C:\\Users\\iputu\\Documents\\Wonder Chess\\exports\\lobby\\SM_WC_ApproachGardenArch.fbx'
export finished in 0.0239 sec.

FBX export starting... 'C:\\Users\\iputu\\Documents\\Wonder Chess\\exports\\lobby\\SM_WC_ApproachBeacon.fbx'
export finished in 0.0196 sec.

FBX export starting... 'C:\\Users\\iputu\\Documents\\Wonder Chess\\exports\\lobby\\SM_WC_ApproachGardenWalls.fbx'
export finished in 0.0273 sec.

FBX export starting... 'C:\\Users\\iputu\\Documents\\Wonder Chess\\exports\\lobby\\SM_WC_ApproachPlatform.fbx'
export finished in 0.0184 sec.

FBX export starting... 'C:\\Users\\iputu\\Documents\\Wonder Chess\\exports\\lobby\\SM_WC_BrighthavenApproach.fbx'
export finished in 0.0440 sec.

FBX export starting... 'C:\\Users\\iputu\\Documents\\Wonder Chess\\exports\\lobby\\SM_WC_BrighthavenApproach_LOD1.fbx'
export finished in 0.0315 sec.

FBX export starting... 'C:\\Users\\iputu\\Documents\\Wonder Chess\\exports\\lobby\\SM_WC_BrighthavenApproach_LOD2.fbx'
export finished in 0.0251 sec.
Info: Saved as "brighthaven_approach.blend"
WC_LOBBY_REVISION_3 [{"level": 0, "mesh": "SM_WC_BrighthavenApproach", "triangles": 17176}, {"level": 1, "mesh": "SM_WC_BrighthavenApproach_LOD1", "triangles": 8587}, {"level": 2, "mesh": "SM_WC_BrighthavenApproach_LOD2", "triangles": 4294}]
Blender 5.1.1 (hash b70da489d7f4 built 2026-04-14 01:37:22)

Blender quit
