C:\Users\iputu\Documents\Wonder Chess\tools\blender\author_update_pippa.py:59: DeprecationWarning: 'Material.use_nodes' is expected to be removed in Blender 6.0
  mat=bpy.data.materials.new('M_'+UID);mat.use_nodes=True
00:20.078  render           | Saved: 'C:\Users\iputu\Documents\Wonder Chess\reports\WC-U440\20260906T154801Z\pippa\front.png'
00:23.906  render           | Saved: 'C:\Users\iputu\Documents\Wonder Chess\reports\WC-U440\20260906T154801Z\pippa\side.png'
00:27.859  render           | Saved: 'C:\Users\iputu\Documents\Wonder Chess\reports\WC-U440\20260906T154801Z\pippa\back.png'
00:32.125  render           | Saved: 'C:\Users\iputu\Documents\Wonder Chess\reports\WC-U440\20260906T154801Z\pippa\three-quarter.png'
00:35.797  render           | Saved: 'C:\Users\iputu\Documents\Wonder Chess\reports\WC-U440\20260906T154801Z\pippa\face.png'
00:39.797  render           | Saved: 'C:\Users\iputu\Documents\Wonder Chess\reports\WC-U440\20260906T154801Z\pippa\game-angle.png'
00:42.672  render           | Saved: 'C:\Users\iputu\Documents\Wonder Chess\exports\heroes\wc_u_halfling_warrior\portrait.png'
00:43.281  render           | Saved: 'C:\Users\iputu\Documents\Wonder Chess\reports\WC-U440\20260906T154801Z\pippa\Idle-start.png'
00:43.875  render           | Saved: 'C:\Users\iputu\Documents\Wonder Chess\reports\WC-U440\20260906T154801Z\pippa\Idle-release.png'
00:44.437  render           | Saved: 'C:\Users\iputu\Documents\Wonder Chess\reports\WC-U440\20260906T154801Z\pippa\Idle-end.png'
00:45.031  render           | Saved: 'C:\Users\iputu\Documents\Wonder Chess\reports\WC-U440\20260906T154801Z\pippa\Move-start.png'
00:45.718  render           | Saved: 'C:\Users\iputu\Documents\Wonder Chess\reports\WC-U440\20260906T154801Z\pippa\Move-release.png'
00:46.343  render           | Saved: 'C:\Users\iputu\Documents\Wonder Chess\reports\WC-U440\20260906T154801Z\pippa\Move-end.png'
00:46.937  render           | Saved: 'C:\Users\iputu\Documents\Wonder Chess\reports\WC-U440\20260906T154801Z\pippa\Attack-start.png'
00:47.609  render           | Saved: 'C:\Users\iputu\Documents\Wonder Chess\reports\WC-U440\20260906T154801Z\pippa\Attack-release.png'
00:48.203  render           | Saved: 'C:\Users\iputu\Documents\Wonder Chess\reports\WC-U440\20260906T154801Z\pippa\Attack-end.png'
00:48.812  render           | Saved: 'C:\Users\iputu\Documents\Wonder Chess\reports\WC-U440\20260906T154801Z\pippa\Active-start.png'
00:49.390  render           | Saved: 'C:\Users\iputu\Documents\Wonder Chess\reports\WC-U440\20260906T154801Z\pippa\Active-release.png'
00:50.000  render           | Saved: 'C:\Users\iputu\Documents\Wonder Chess\reports\WC-U440\20260906T154801Z\pippa\Active-end.png'
00:50.703  render           | Saved: 'C:\Users\iputu\Documents\Wonder Chess\reports\WC-U440\20260906T154801Z\pippa\Hit-start.png'
00:51.297  render           | Saved: 'C:\Users\iputu\Documents\Wonder Chess\reports\WC-U440\20260906T154801Z\pippa\Hit-release.png'
00:51.953  render           | Saved: 'C:\Users\iputu\Documents\Wonder Chess\reports\WC-U440\20260906T154801Z\pippa\Hit-end.png'
00:52.578  render           | Saved: 'C:\Users\iputu\Documents\Wonder Chess\reports\WC-U440\20260906T154801Z\pippa\Defeat-start.png'
00:53.187  render           | Saved: 'C:\Users\iputu\Documents\Wonder Chess\reports\WC-U440\20260906T154801Z\pippa\Defeat-release.png'
00:53.843  render           | Saved: 'C:\Users\iputu\Documents\Wonder Chess\reports\WC-U440\20260906T154801Z\pippa\Defeat-end.png'
00:54.500  render           | Saved: 'C:\Users\iputu\Documents\Wonder Chess\reports\WC-U440\20260906T154801Z\pippa\Victory-start.png'
00:55.140  render           | Saved: 'C:\Users\iputu\Documents\Wonder Chess\reports\WC-U440\20260906T154801Z\pippa\Victory-release.png'
00:55.734  render           | Saved: 'C:\Users\iputu\Documents\Wonder Chess\reports\WC-U440\20260906T154801Z\pippa\Victory-end.png'
00:56.937  render           | Video append frame 1
00:56.953  render           | Video append frame 2
00:56.968  render           | Video append frame 3
00:57.000  render           | Video append frame 4
00:57.015  render           | Video append frame 5
00:57.031  render           | Video append frame 6
00:57.047  render           | Video append frame 7
00:57.078  render           | Video append frame 8
00:57.109  render           | Video append frame 9
00:57.125  render           | Video append frame 10
00:57.140  render           | Video append frame 11
00:57.156  render           | Video append frame 12
00:57.187  render           | Video append frame 13
00:57.203  render           | Video append frame 14
00:57.218  render           | Video append frame 15
00:57.250  render           | Video append frame 16
00:57.265  render           | Video append frame 17
00:57.297  render           | Video append frame 18
00:57.312  render           | Video append frame 19
00:57.328  render           | Video append frame 20
00:57.359  render           | Video append frame 21
00:57.375  render           | Video append frame 22
00:57.406  render           | Video append frame 23
00:57.422  render           | Video append frame 24
00:57.437  render           | Video append frame 25
00:57.468  render           | Video append frame 26
00:57.484  render           | Video append frame 27
00:57.515  render           | Video append frame 28
00:57.531  render           | Video append frame 29
00:57.562  render           | Video append frame 30
00:57.578  render           | Video append frame 31
00:57.609  render           | Video append frame 32
00:57.625  render           | Video append frame 33
00:57.656  render           | Video append frame 34
00:57.672  render           | Video append frame 35
00:57.703  render           | Video append frame 36
00:57.718  render           | Video append frame 37
00:57.734  render           | Video append frame 38
00:57.765  render           | Video append frame 39
00:57.781  render           | Video append frame 40
00:57.797  render           | Video append frame 41
00:57.812  render           | Video append frame 42
00:57.843  render           | Video append frame 43
00:57.859  render           | Video append frame 44
00:57.875  render           | Video append frame 45
00:57.906  render           | Video append frame 46
00:57.922  render           | Video append frame 47
00:57.937  render           | Video append frame 48
00:57.968  render           | Video append frame 49
00:57.984  render           | Video append frame 50
00:58.015  render           | Video append frame 51
00:58.031  render           | Video append frame 52
00:58.047  render           | Video append frame 53
00:58.078  render           | Video append frame 54
00:58.093  render           | Video append frame 55
00:58.109  render           | Video append frame 56
00:58.125  render           | Video append frame 57
00:58.156  render           | Video append frame 58
00:58.172  render           | Video append frame 59
00:58.187  render           | Video append frame 60
00:58.218  render           | Video append frame 61
00:58.234  render           | Video append frame 62
00:58.250  render           | Video append frame 63
00:58.265  render           | Video append frame 64
00:58.297  render           | Video append frame 65
00:58.312  render           | Video append frame 66
00:58.328  render           | Video append frame 67
00:58.343  render           | Video append frame 68
00:58.375  render           | Video append frame 69
00:58.390  render           | Video append frame 70
00:58.406  render           | Video append frame 71
00:58.422  render           | Video append frame 72
00:58.453  render           | Video append frame 73
00:58.468  render           | Video append frame 74
00:58.484  render           | Video append frame 75
00:58.500  render           | Video append frame 76
00:58.531  render           | Video append frame 77
00:58.547  render           | Video append frame 78
00:58.562  render           | Video append frame 79
00:58.593  render           | Video append frame 80
00:58.609  render           | Video append frame 81
00:58.625  render           | Video append frame 82
00:58.640  render           | Video append frame 83
00:58.672  render           | Video append frame 84
00:58.687  render           | Video append frame 85
00:58.703  render           | Video append frame 86
00:58.734  render           | Video append frame 87
00:58.750  render           | Video append frame 88
00:58.765  render           | Video append frame 89
00:58.781  render           | Video append frame 90
00:58.812  render           | Video append frame 91
00:58.828  render           | Video append frame 92
00:58.843  render           | Video append frame 93
00:58.859  render           | Video append frame 94
00:58.890  render           | Video append frame 95
00:58.906  render           | Video append frame 96
00:58.937  render           | Video append frame 97
00:58.953  render           | Video append frame 98
00:58.968  render           | Video append frame 99
00:59.000  render           | Video append frame 100
00:59.015  render           | Video append frame 101
00:59.031  render           | Video append frame 102
00:59.062  render           | Video append frame 103
00:59.078  render           | Video append frame 104
00:59.093  render           | Video append frame 105
00:59.109  render           | Video append frame 106
00:59.140  render           | Video append frame 107
00:59.156  render           | Video append frame 108
00:59.172  render           | Video append frame 109
00:59.187  render           | Video append frame 110
00:59.218  render           | Video append frame 111
00:59.234  render           | Video append frame 112
00:59.265  render           | Video append frame 113
00:59.281  render           | Video append frame 114
00:59.297  render           | Video append frame 115
00:59.328  render           | Video append frame 116
00:59.343  render           | Video append frame 117
00:59.359  render           | Video append frame 118
00:59.375  render           | Video append frame 119
00:59.406  render           | Video append frame 120
00:59.422  render           | Video append frame 121
00:59.453  render           | Video append frame 1
00:59.484  render           | Video append frame 2
00:59.500  render           | Video append frame 3
00:59.515  render           | Video append frame 4
00:59.547  render           | Video append frame 5
00:59.562  render           | Video append frame 6
00:59.578  render           | Video append frame 7
00:59.593  render           | Video append frame 8
00:59.625  render           | Video append frame 9
00:59.640  render           | Video append frame 10
00:59.656  render           | Video append frame 11
00:59.687  render           | Video append frame 12
00:59.703  render           | Video append frame 13
00:59.718  render           | Video append frame 14
00:59.734  render           | Video append frame 15
00:59.765  render           | Video append frame 16
00:59.781  render           | Video append frame 17
00:59.797  render           | Video append frame 18
00:59.812  render           | Video append frame 19
00:59.843  render           | Video append frame 20
00:59.859  render           | Video append frame 21
00:59.875  render           | Video append frame 22
00:59.906  render           | Video append frame 23
00:59.922  render           | Video append frame 24
00:59.937  render           | Video append frame 25
00:59.953  render           | Video append frame 26
00:59.984  render           | Video append frame 27
01:00.000  render           | Video append frame 28
01:00.015  render           | Video append frame 29
01:00.047  render           | Video append frame 30
01:00.062  render           | Video append frame 31
01:00.078  render           | Video append frame 32
01:00.109  render           | Video append frame 33
01:00.125  render           | Video append frame 34
01:00.140  render           | Video append frame 35
01:00.172  render           | Video append frame 36
01:00.187  render           | Video append frame 37
01:00.203  render           | Video append frame 38
01:00.234  render           | Video append frame 39
01:00.250  render           | Video append frame 40
01:00.265  render           | Video append frame 41
01:00.281  render           | Video append frame 42
01:00.312  render           | Video append frame 43
01:00.328  render           | Video append frame 44
01:00.343  render           | Video append frame 45
01:00.359  render           | Video append frame 46
01:00.390  render           | Video append frame 47
01:00.406  render           | Video append frame 48
01:00.422  render           | Video append frame 49
01:00.437  render           | Video append frame 50
01:00.468  render           | Video append frame 51
01:00.484  render           | Video append frame 52
01:00.500  render           | Video append frame 53
01:00.531  render           | Video append frame 54
01:00.547  render           | Video append frame 55
01:00.578  render           | Video append frame 56
01:00.593  render           | Video append frame 57
01:00.609  render           | Video append frame 58
01:00.640  render           | Video append frame 59
01:00.656  render           | Video append frame 60
01:00.672  render           | Video append frame 61
01:00.718  render           | Video append frame 1
01:00.734  render           | Video append frame 2
01:00.750  render           | Video append frame 3
01:00.781  render           | Video append frame 4
01:00.797  render           | Video append frame 5
01:00.812  render           | Video append frame 6
01:00.843  render           | Video append frame 7
01:00.859  render           | Video append frame 8
01:00.875  render           | Video append frame 9
01:00.906  render           | Video append frame 10
01:00.922  render           | Video append frame 11
01:00.937  render           | Video append frame 12
01:00.968  render           | Video append frame 13
01:00.984  render           | Video append frame 14
01:01.015  render           | Video append frame 15
01:01.031  render           | Video append frame 16
01:01.047  render           | Video append frame 17
01:01.078  render           | Video append frame 18
01:01.109  render           | Video append frame 19
01:01.125  render           | Video append frame 20
01:01.140  render           | Video append frame 21
01:01.172  render           | Video append frame 22
01:01.187  render           | Video append frame 23
01:01.218  render           | Video append frame 24
01:01.234  render           | Video append frame 25
01:01.250  render           | Video append frame 26
01:01.281  render           | Video append frame 27
01:01.297  render           | Video append frame 28
01:01.328  render           | Video append frame 29
01:01.343  render           | Video append frame 30
01:01.359  render           | Video append frame 31
01:01.390  render           | Video append frame 32
01:01.406  render           | Video append frame 33
01:01.422  render           | Video append frame 34
01:01.453  render           | Video append frame 35
01:01.468  render           | Video append frame 36
01:01.500  render           | Video append frame 37
01:01.515  render           | Video append frame 38
01:01.547  render           | Video append frame 39
01:01.562  render           | Video append frame 40
01:01.578  render           | Video append frame 41
01:01.609  render           | Video append frame 42
01:01.625  render           | Video append frame 43
01:01.640  render           | Video append frame 44
01:01.672  render           | Video append frame 45
01:01.687  render           | Video append frame 46
01:01.718  render           | Video append frame 1
01:01.750  render           | Video append frame 2
01:01.765  render           | Video append frame 3
01:01.781  render           | Video append frame 4
01:01.812  render           | Video append frame 5
01:01.828  render           | Video append frame 6
01:01.843  render           | Video append frame 7
01:01.875  render           | Video append frame 8
01:01.890  render           | Video append frame 9
01:01.922  render           | Video append frame 10
01:01.937  render           | Video append frame 11
01:01.953  render           | Video append frame 12
01:01.984  render           | Video append frame 13
01:02.000  render           | Video append frame 14
01:02.031  render           | Video append frame 15
01:02.047  render           | Video append frame 16
01:02.078  render           | Video append frame 17
01:02.109  render           | Video append frame 18
01:02.125  render           | Video append frame 19
01:02.140  render           | Video append frame 20
01:02.172  render           | Video append frame 21
01:02.187  render           | Video append frame 22
01:02.218  render           | Video append frame 23
01:02.234  render           | Video append frame 24
01:02.265  render           | Video append frame 25
01:02.281  render           | Video append frame 26
01:02.312  render           | Video append frame 27
01:02.343  render           | Video append frame 28
01:02.359  render           | Video append frame 29
01:02.390  render           | Video append frame 30
01:02.406  render           | Video append frame 31
01:02.437  render           | Video append frame 32
01:02.453  render           | Video append frame 33
01:02.484  render           | Video append frame 34
01:02.531  render           | Video append frame 1
01:02.547  render           | Video append frame 2
01:02.578  render           | Video append frame 3
01:02.593  render           | Video append frame 4
01:02.625  render           | Video append frame 5
01:02.640  render           | Video append frame 6
01:02.672  render           | Video append frame 7
01:02.687  render           | Video append frame 8
01:02.718  render           | Video append frame 9
01:02.734  render           | Video append frame 10
01:02.750  render           | Video append frame 11
01:02.781  render           | Video append frame 12
01:02.797  render           | Video append frame 13
01:02.828  render           | Video append frame 14
01:02.843  render           | Video append frame 15
01:02.859  render           | Video append frame 16
01:02.890  render           | Video append frame 17
01:02.906  render           | Video append frame 18
01:02.922  render           | Video append frame 19
01:02.953  render           | Video append frame 20
01:02.968  render           | Video append frame 21
01:03.000  render           | Video append frame 22
01:03.015  render           | Video append frame 23
01:03.047  render           | Video append frame 24
01:03.062  render           | Video append frame 25
01:03.109  render           | Video append frame 1
01:03.125  render           | Video append frame 2
01:03.156  render           | Video append frame 3
01:03.172  render           | Video append frame 4
01:03.187  render           | Video append frame 5
01:03.218  render           | Video append frame 6
01:03.234  render           | Video append frame 7
01:03.265  render           | Video append frame 8
01:03.281  render           | Video append frame 9
01:03.297  render           | Video append frame 10
01:03.312  render           | Video append frame 11
01:03.343  render           | Video append frame 12
01:03.359  render           | Video append frame 13
01:03.375  render           | Video append frame 14
01:03.406  render           | Video append frame 15
01:03.422  render           | Video append frame 16
01:03.453  render           | Video append frame 17
01:03.468  render           | Video append frame 18
01:03.484  render           | Video append frame 19
01:03.515  render           | Video append frame 20
01:03.531  render           | Video append frame 21
01:03.547  render           | Video append frame 22
01:03.578  render           | Video append frame 23
01:03.593  render           | Video append frame 24
01:03.625  render           | Video append frame 25
01:03.640  render           | Video append frame 26
01:03.656  render           | Video append frame 27
01:03.687  render           | Video append frame 28
01:03.703  render           | Video append frame 29
01:03.734  render           | Video append frame 30
01:03.750  render           | Video append frame 31
01:03.765  render           | Video append frame 32
01:03.797  render           | Video append frame 33
01:03.812  render           | Video append frame 34
01:03.828  render           | Video append frame 35
01:03.859  render           | Video append frame 36
01:03.875  render           | Video append frame 37
01:03.890  render           | Video append frame 38
01:03.922  render           | Video append frame 39
01:03.937  render           | Video append frame 40
01:03.953  render           | Video append frame 41
01:03.984  render           | Video append frame 42
01:04.000  render           | Video append frame 43
01:04.031  render           | Video append frame 44
01:04.047  render           | Video append frame 45
01:04.062  render           | Video append frame 46
01:04.093  render           | Video append frame 47
01:04.109  render           | Video append frame 48
01:04.140  render           | Video append frame 49
01:04.156  render           | Video append frame 50
01:04.172  render           | Video append frame 51
01:04.203  render           | Video append frame 52
01:04.218  render           | Video append frame 53
01:04.234  render           | Video append frame 54
01:04.265  render           | Video append frame 55
01:04.281  render           | Video append frame 56
01:04.312  render           | Video append frame 57
01:04.328  render           | Video append frame 58
01:04.343  render           | Video append frame 59
01:04.375  render           | Video append frame 60
01:04.390  render           | Video append frame 61
01:04.437  render           | Video append frame 1
01:04.453  render           | Video append frame 2
01:04.468  render           | Video append frame 3
01:04.500  render           | Video append frame 4
01:04.515  render           | Video append frame 5
01:04.531  render           | Video append frame 6
01:04.547  render           | Video append frame 7
01:04.578  render           | Video append frame 8
01:04.593  render           | Video append frame 9
01:04.609  render           | Video append frame 10
01:04.640  render           | Video append frame 11
01:04.656  render           | Video append frame 12
01:04.672  render           | Video append frame 13
01:04.703  render           | Video append frame 14
01:04.718  render           | Video append frame 15
01:04.734  render           | Video append frame 16
01:04.765  render           | Video append frame 17
01:04.781  render           | Video append frame 18
01:04.797  render           | Video append frame 19
01:04.812  render           | Video append frame 20
01:04.843  render           | Video append frame 21
01:04.859  render           | Video append frame 22
01:04.875  render           | Video append frame 23
01:04.906  render           | Video append frame 24
01:04.922  render           | Video append frame 25
01:04.937  render           | Video append frame 26
01:04.968  render           | Video append frame 27
01:04.984  render           | Video append frame 28
01:05.000  render           | Video append frame 29
01:05.031  render           | Video append frame 30
01:05.047  render           | Video append frame 31
01:05.062  render           | Video append frame 32
01:05.093  render           | Video append frame 33
01:05.109  render           | Video append frame 34
01:05.140  render           | Video append frame 35
01:05.172  render           | Video append frame 36
01:05.187  render           | Video append frame 37
01:05.218  render           | Video append frame 38
01:05.234  render           | Video append frame 39
01:05.265  render           | Video append frame 40
01:05.281  render           | Video append frame 41
01:05.312  render           | Video append frame 42
01:05.328  render           | Video append frame 43
01:05.359  render           | Video append frame 44
01:05.390  render           | Video append frame 45
01:05.406  render           | Video append frame 46
01:05.437  render           | Video append frame 47
01:05.468  render           | Video append frame 48
01:05.500  render           | Video append frame 49
01:05.515  render           | Video append frame 50
01:05.547  render           | Video append frame 51
01:05.562  render           | Video append frame 52
01:05.593  render           | Video append frame 53
01:05.609  render           | Video append frame 54
01:05.640  render           | Video append frame 55
01:05.656  render           | Video append frame 56
01:05.687  render           | Video append frame 57
01:05.703  render           | Video append frame 58
01:05.734  render           | Video append frame 59
01:05.765  render           | Video append frame 60
01:05.781  render           | Video append frame 61
01:05.797  render           | Video append frame 62
01:05.828  render           | Video append frame 63
01:05.843  render           | Video append frame 64
01:05.875  render           | Video append frame 65
01:05.890  render           | Video append frame 66
01:05.922  render           | Video append frame 67
01:05.937  render           | Video append frame 68
01:05.968  render           | Video append frame 69
01:05.984  render           | Video append frame 70
01:06.015  render           | Video append frame 71
01:06.031  render           | Video append frame 72
01:06.062  render           | Video append frame 73
01:06.078  render           | Video append frame 74
01:06.109  render           | Video append frame 75
01:06.125  render           | Video append frame 76
01:06.156  render           | Video append frame 77
01:06.172  render           | Video append frame 78
01:06.203  render           | Video append frame 79
01:06.218  render           | Video append frame 80
01:06.250  render           | Video append frame 81
01:06.281  render           | Video append frame 82
01:06.297  render           | Video append frame 83
01:06.328  render           | Video append frame 84
01:06.343  render           | Video append frame 85
01:06.375  render           | Video append frame 86
01:06.390  render           | Video append frame 87
01:06.422  render           | Video append frame 88
01:06.437  render           | Video append frame 89
01:06.468  render           | Video append frame 90
01:06.484  render           | Video append frame 91

FBX export starting... 'C:\\Users\\iputu\\Documents\\Wonder Chess\\exports\\heroes\\wc_u_halfling_warrior\\SK_wc_u_halfling_warrior.fbx'
(bpy.data.armatures['WC_humanoid_small_v1.001'], 'POSE')
export finished in 0.0539 sec.
Info: Applied modifier was not first, result may not be as expected

FBX export starting... 'C:\\Users\\iputu\\Documents\\Wonder Chess\\exports\\heroes\\wc_u_halfling_warrior\\SK_wc_u_halfling_warrior_LOD1.fbx'
(bpy.data.armatures['WC_humanoid_small_v1.001'], 'POSE')
export finished in 0.0358 sec.
Info: Applied modifier was not first, result may not be as expected

FBX export starting... 'C:\\Users\\iputu\\Documents\\Wonder Chess\\exports\\heroes\\wc_u_halfling_warrior\\SK_wc_u_halfling_warrior_LOD2.fbx'
(bpy.data.armatures['WC_humanoid_small_v1.001'], 'POSE')
export finished in 0.0327 sec.

FBX export starting... 'C:\\Users\\iputu\\Documents\\Wonder Chess\\exports\\heroes\\wc_u_halfling_warrior\\AN_wc_u_halfling_warrior_Idle.fbx'
export finished in 0.1849 sec.

FBX export starting... 'C:\\Users\\iputu\\Documents\\Wonder Chess\\exports\\heroes\\wc_u_halfling_warrior\\AN_wc_u_halfling_warrior_Move.fbx'
export finished in 0.1255 sec.

FBX export starting... 'C:\\Users\\iputu\\Documents\\Wonder Chess\\exports\\heroes\\wc_u_halfling_warrior\\AN_wc_u_halfling_warrior_Attack.fbx'
export finished in 0.1205 sec.

FBX export starting... 'C:\\Users\\iputu\\Documents\\Wonder Chess\\exports\\heroes\\wc_u_halfling_warrior\\AN_wc_u_halfling_warrior_Active.fbx'
export finished in 0.1081 sec.

FBX export starting... 'C:\\Users\\iputu\\Documents\\Wonder Chess\\exports\\heroes\\wc_u_halfling_warrior\\AN_wc_u_halfling_warrior_Hit.fbx'
export finished in 0.0894 sec.

FBX export starting... 'C:\\Users\\iputu\\Documents\\Wonder Chess\\exports\\heroes\\wc_u_halfling_warrior\\AN_wc_u_halfling_warrior_Defeat.fbx'
export finished in 0.1142 sec.

FBX export starting... 'C:\\Users\\iputu\\Documents\\Wonder Chess\\exports\\heroes\\wc_u_halfling_warrior\\AN_wc_u_halfling_warrior_Victory.fbx'
export finished in 0.1649 sec.
Info: Saved as "wc_u_halfling_warrior.blend"
{
  "status": "structural_checks_passed_visual_review_required",
  "blender_version": "5.1.1",
  "collection": "EXPORT",
  "evaluated_triangle_total": 7506,
  "objects": [
    {
      "name": "Armature",
      "type": "ARMATURE",
      "scale": [
        1.0,
        1.0,
        1.0
      ],
      "dimensions": [
        0.6733193397521973,
        0.308004766702652,
        1.200640082359314
      ],
      "roots": [
        "root"
      ],
      "deform_bones": 27
    },
    {
      "name": "SK_wc_u_halfling_warrior",
      "type": "MESH",
      "scale": [
        1.0,
        1.0,
        1.0
      ],
      "dimensions": [
        0.7453048825263977,
        0.3594103455543518,
        1.0969750881195068
      ],
      "evaluated_triangles": 7506,
      "material_slots": 1,
      "uv_layers": 1,
      "skin_checks": {
        "unweighted": 0,
        "excess_influences": 0,
        "unnormalized": 0
      }
    }
  ],
  "errors": [],
  "warnings": [],
  "not_checked": [
    "appearance",
    "deformation across all clips",
    "UV overlap appropriateness",
    "normal-map convention",
    "Unreal import",
    "LOD silhouette",
    "gameplay readability"
  ]
}
{
  "status": "sampled_motion_invariants_passed",
  "unit_id": "wc_u_halfling_warrior",
  "blender_version": "5.1.1",
  "sampling": "actual deformed mesh every 3 frames at 60fps",
  "clips": [
    {
      "clip": "Idle",
      "samples": 41,
      "minimum_support_sole_z_m": 0.011200100183486938,
      "maximum_support_sole_z_m": 0.011200100183486938,
      "max_root_translation_m": 0,
      "max_pose_scale_error": 0
    },
    {
      "clip": "Move",
      "samples": 21,
      "minimum_support_sole_z_m": 0.011200059205293655,
      "maximum_support_sole_z_m": 0.011200141161680222,
      "max_root_translation_m": 0,
      "max_pose_scale_error": 0
    },
    {
      "clip": "Attack",
      "samples": 16,
      "minimum_support_sole_z_m": 0.011200100183486938,
      "maximum_support_sole_z_m": 0.011200100183486938,
      "max_root_translation_m": 0,
      "max_pose_scale_error": 0
    },
    {
      "clip": "Active",
      "samples": 12,
      "minimum_support_sole_z_m": 0.011200100183486938,
      "maximum_support_sole_z_m": 0.02321336232125759,
      "max_root_translation_m": 0,
      "max_pose_scale_error": 0
    },
    {
      "clip": "Hit",
      "samples": 9,
      "minimum_support_sole_z_m": 0.011200083419680595,
      "maximum_support_sole_z_m": 0.011200133711099625,
      "max_root_translation_m": 0,
      "max_pose_scale_error": 0
    },
    {
      "clip": "Defeat",
      "samples": 21,
      "minimum_support_sole_z_m": 0.011200054548680782,
      "maximum_support_sole_z_m": 0.011200128123164177,
      "max_root_translation_m": 0,
      "max_pose_scale_error": 0
    },
    {
      "clip": "Victory",
      "samples": 31,
      "minimum_support_sole_z_m": 0.011200100183486938,
      "maximum_support_sole_z_m": 0.011200100183486938,
      "max_root_translation_m": 0,
      "max_pose_scale_error": 0
    }
  ],
  "errors": [],
  "not_checked": [
    "continuous visual quality",
    "weapon/costume clipping",
    "semantic gesture review",
    "Unreal retarget/import",
    "runtime move-speed synchronization"
  ]
}
WC_PIPPA_EXPORTED {"unit": "wc_u_halfling_warrior", "report": "C:\\Users\\iputu\\Documents\\Wonder Chess\\reports\\WC-U440\\20260906T154801Z\\pippa", "triangles": 7506}
Blender 5.1.1 (hash b70da489d7f4 built 2026-04-14 01:37:22)

Blender quit
