00:02.391  blend            | Read blend: "C:\Users\iputu\Documents\Wonder Chess\art-source\asset-studio\wc_u_human_guardian\stages\body-costume\BW5\armor\ada_bw5_armor_checkpoint_r003_ART_REVISE.blend"
C:\Users\iputu\Documents\Wonder Chess\art-source\asset-studio\wc_u_human_guardian\stages\body-costume\BW6\shoulder\operations\02_construct.py:25: DeprecationWarning: 'Material.use_nodes' is expected to be removed in Blender 6.0
  mat=bpy.data.materials.new('BW6_Steel_Form_Study');mat.diffuse_color=(.42,.45,.50,1);mat.use_nodes=True;bs=mat.node_tree.nodes.get('Principled BSDF');bs.inputs['Base Color'].default_value=(.36,.39,.44,1);bs.inputs['Metallic'].default_value=.3;bs.inputs['Roughness'].default_value=.38
Info: Saved as "ada_bw6_shoulder_initial.blend"
{
  "source": "C:\\Users\\iputu\\Documents\\Wonder Chess\\art-source\\asset-studio\\wc_u_human_guardian\\stages\\body-costume\\BW5\\armor\\ada_bw5_armor_checkpoint_r003_ART_REVISE.blend",
  "source_sha256": "e1acb1cb3e11be218b7a0f381921e8da7e81a46a87a4f68f35151e28ab657899",
  "anchor_world_m": [
    0.18184635043144226,
    -0.04636157676577568,
    1.444983720779419
  ],
  "basis": {
    "axis": [
      0.674575686454773,
      0.016026386991143227,
      -0.7380317449569702
    ],
    "front": [
      -0.010812400840222836,
      0.9998716115951538,
      0.011829501949250698
    ],
    "out": [
      0.7381265163421631,
      9.313224635931761e-10,
      0.6746622920036316
    ]
  },
  "objects": {
    "BW6_Pauldron_R_Cap": {
      "bounds_world_m": [
        [
          0.17491748929023743,
          0.33724358677864075
        ],
        [
          -0.16890251636505127,
          0.06675313413143158
        ],
        [
          1.3689937591552734,
          1.545027732849121
        ]
      ],
      "vertices": 91,
      "faces": 72,
      "helper": "BW6_Pauldron_R_Cap_Suspension",
      "arm_rotation_influence": 0.42
    },
    "BW6_Pauldron_R_Lame1": {
      "bounds_world_m": [
        [
          0.24561116099357605,
          0.35020220279693604
        ],
        [
          -0.1492750495672226,
          0.05119352787733078
        ],
        [
          1.3406987190246582,
          1.4498440027236938
        ]
      ],
      "vertices": 52,
      "faces": 36,
      "helper": "BW6_Pauldron_R_Lame1_Suspension",
      "arm_rotation_influence": 0.7
    },
    "BW6_Pauldron_R_Lame2": {
      "bounds_world_m": [
        [
          0.2840733826160431,
          0.36457353830337524
        ],
        [
          -0.1334884762763977,
          0.03834722936153412
        ],
        [
          1.310800552368164,
          1.3970448970794678
        ]
      ],
      "vertices": 52,
      "faces": 36,
      "helper": "BW6_Pauldron_R_Lame2_Suspension",
      "arm_rotation_influence": 1.0
    }
  },
  "rest_delta_matrix": [
    [
      1.0,
      1.7462298274040222e-09,
      -3.219611244276166e-08,
      0.0
    ],
    [
      -1.280568540096283e-09,
      1.0,
      1.862645149230957e-09,
      0.0
    ],
    [
      -3.213062882423401e-08,
      0.0,
      1.0,
      -1.1920928955078125e-07
    ],
    [
      0.0,
      0.0,
      0.0,
      1.0
    ]
  ]
}
Blender 5.1.1 (hash b70da489d7f4 built 2026-04-14 01:37:22)

Blender quit
