00:02.469  blend            | Read blend: "C:\Users\iputu\Documents\Wonder Chess\art-source\asset-studio\wc_u_human_guardian\stages\body-costume\BW6\shoulder\ada_bw6_shoulder_initial.blend"
Info: Saved as "ada_bw6_shoulder_correction1.blend"
{
  "1": {
    "Cap": 0.41999998688697815,
    "Lame1": 0.7000000476837158
  },
  "25": {
    "Cap": 0.41999998688697815,
    "Lame1": 0.7000000476837158
  },
  "49": {
    "Cap": 0.9599999785423279,
    "Lame1": 0.9800000190734863
  },
  "54": {
    "Cap": 0.9599999785423279,
    "Lame1": 0.9800000190734863
  },
  "73": {
    "Cap": 0.6556194424629211,
    "Lame1": 0.822172999382019
  },
  "97": {
    "Cap": 0.41999998688697815,
    "Lame1": 0.7000000476837158
  }
}
Blender 5.1.1 (hash b70da489d7f4 built 2026-04-14 01:37:22)

Blender quit
