00:02.407  blend            | Read blend: "C:\Users\iputu\Documents\Wonder Chess\art-source\asset-studio\wc_u_human_guardian\stages\body-costume\BW6\shoulder\ada_bw6_shoulder_new_coat_context.blend"
AUDIT 1 {'BW6_Pauldron_R_Cap': 0, 'BW6_Pauldron_R_Lame1': 0, 'BW6_Pauldron_R_Lame2': 0} {'BW6_Pauldron_R_Cap': {'raw': 0, 'evaluated': 0}, 'BW6_Pauldron_R_Lame1': {'raw': 0, 'evaluated': 0}, 'BW6_Pauldron_R_Lame2': {'raw': 0, 'evaluated': 0}}
AUDIT 20 {'BW6_Pauldron_R_Cap': 0, 'BW6_Pauldron_R_Lame1': 0, 'BW6_Pauldron_R_Lame2': 0} {'BW6_Pauldron_R_Cap': {'raw': 0, 'evaluated': 0}, 'BW6_Pauldron_R_Lame1': {'raw': 0, 'evaluated': 0}, 'BW6_Pauldron_R_Lame2': {'raw': 0, 'evaluated': 0}}
AUDIT 28 {'BW6_Pauldron_R_Cap': 0, 'BW6_Pauldron_R_Lame1': 0, 'BW6_Pauldron_R_Lame2': 0} {'BW6_Pauldron_R_Cap': {'raw': 0, 'evaluated': 0}, 'BW6_Pauldron_R_Lame1': {'raw': 0, 'evaluated': 0}, 'BW6_Pauldron_R_Lame2': {'raw': 0, 'evaluated': 0}}
AUDIT 49 {'BW6_Pauldron_R_Cap': 289, 'BW6_Pauldron_R_Lame1': 0, 'BW6_Pauldron_R_Lame2': 0} {'BW6_Pauldron_R_Cap': {'raw': 0, 'evaluated': 0}, 'BW6_Pauldron_R_Lame1': {'raw': 0, 'evaluated': 0}, 'BW6_Pauldron_R_Lame2': {'raw': 0, 'evaluated': 0}}
AUDIT 54 {'BW6_Pauldron_R_Cap': 226, 'BW6_Pauldron_R_Lame1': 0, 'BW6_Pauldron_R_Lame2': 0} {'BW6_Pauldron_R_Cap': {'raw': 0, 'evaluated': 0}, 'BW6_Pauldron_R_Lame1': {'raw': 0, 'evaluated': 0}, 'BW6_Pauldron_R_Lame2': {'raw': 0, 'evaluated': 0}}
AUDIT 73 {'BW6_Pauldron_R_Cap': 0, 'BW6_Pauldron_R_Lame1': 37, 'BW6_Pauldron_R_Lame2': 0} {'BW6_Pauldron_R_Cap': {'raw': 0, 'evaluated': 0}, 'BW6_Pauldron_R_Lame1': {'raw': 0, 'evaluated': 0}, 'BW6_Pauldron_R_Lame2': {'raw': 0, 'evaluated': 0}}
AUDIT 97 {'BW6_Pauldron_R_Cap': 0, 'BW6_Pauldron_R_Lame1': 0, 'BW6_Pauldron_R_Lame2': 0} {'BW6_Pauldron_R_Cap': {'raw': 0, 'evaluated': 0}, 'BW6_Pauldron_R_Lame1': {'raw': 0, 'evaluated': 0}, 'BW6_Pauldron_R_Lame2': {'raw': 0, 'evaluated': 0}}
AUDIT lowered {'BW6_Pauldron_R_Cap': 0, 'BW6_Pauldron_R_Lame1': 0, 'BW6_Pauldron_R_Lame2': 0} {'BW6_Pauldron_R_Cap': {'raw': 0, 'evaluated': 0}, 'BW6_Pauldron_R_Lame1': {'raw': 0, 'evaluated': 0}, 'BW6_Pauldron_R_Lame2': {'raw': 0, 'evaluated': 0}}
00:03.719  blend            | Read blend: "C:\Users\iputu\Documents\Wonder Chess\art-source\asset-studio\wc_u_human_guardian\stages\body-costume\BW6\shoulder\ada_bw6_shoulder_new_coat_context.blend"
00:05.688  render           | Saved: 'C:\Users\iputu\Documents\Wonder Chess\art-source\asset-studio\wc_u_human_guardian\stages\body-costume\BW6\shoulder\captures\new_coat_context_shoulder_1.png'
00:05.735  blend            | Read blend: "C:\Users\iputu\Documents\Wonder Chess\art-source\asset-studio\wc_u_human_guardian\stages\body-costume\BW6\shoulder\ada_bw6_shoulder_new_coat_context.blend"
00:06.829  render           | Saved: 'C:\Users\iputu\Documents\Wonder Chess\art-source\asset-studio\wc_u_human_guardian\stages\body-costume\BW6\shoulder\captures\new_coat_context_front_lowered.png'
00:06.844  blend            | Read blend: "C:\Users\iputu\Documents\Wonder Chess\art-source\asset-studio\wc_u_human_guardian\stages\body-costume\BW6\shoulder\ada_bw6_shoulder_new_coat_context.blend"
00:07.891  render           | Saved: 'C:\Users\iputu\Documents\Wonder Chess\art-source\asset-studio\wc_u_human_guardian\stages\body-costume\BW6\shoulder\captures\new_coat_context_shoulder_lowered.png'
00:07.907  blend            | Read blend: "C:\Users\iputu\Documents\Wonder Chess\art-source\asset-studio\wc_u_human_guardian\stages\body-costume\BW6\shoulder\ada_bw6_shoulder_new_coat_context.blend"
00:08.922  render           | Saved: 'C:\Users\iputu\Documents\Wonder Chess\art-source\asset-studio\wc_u_human_guardian\stages\body-costume\BW6\shoulder\captures\new_coat_context_shoulder_49.png'
00:08.954  blend            | Read blend: "C:\Users\iputu\Documents\Wonder Chess\art-source\asset-studio\wc_u_human_guardian\stages\body-costume\BW6\shoulder\ada_bw6_shoulder_new_coat_context.blend"
00:09.907  render           | Saved: 'C:\Users\iputu\Documents\Wonder Chess\art-source\asset-studio\wc_u_human_guardian\stages\body-costume\BW6\shoulder\captures\new_coat_context_rear_three_quarter_49.png'
00:09.938  blend            | Read blend: "C:\Users\iputu\Documents\Wonder Chess\art-source\asset-studio\wc_u_human_guardian\stages\body-costume\BW6\shoulder\ada_bw6_shoulder_new_coat_context.blend"
00:10.250  render           | Saved: 'C:\Users\iputu\Documents\Wonder Chess\art-source\asset-studio\wc_u_human_guardian\stages\body-costume\BW6\shoulder\captures\new_coat_context_cage.png'
Blender 5.1.1 (hash b70da489d7f4 built 2026-04-14 01:37:22)

Blender quit
