00:02.422  blend            | Read blend: "C:\Users\iputu\Documents\Wonder Chess\art-source\asset-studio\wc_u_human_guardian\stages\body-costume\BW6\shoulder\ada_bw6_shoulder_checkpoint_ART_REVISE.blend"
00:03.078  blend            | Read blend: "C:\Users\iputu\Documents\Wonder Chess\art-source\asset-studio\wc_u_human_guardian\stages\body-costume\BW6\shoulder\ada_bw6_shoulder_checkpoint_ART_REVISE.blend"
00:04.922  render           | Saved: 'C:\Users\iputu\Documents\Wonder Chess\art-source\asset-studio\wc_u_human_guardian\stages\body-costume\BW6\shoulder\captures\retained_failure_f56.png'
00:04.969  blend            | Read blend: "C:\Users\iputu\Documents\Wonder Chess\art-source\asset-studio\wc_u_human_guardian\stages\body-costume\BW6\shoulder\ada_bw6_shoulder_checkpoint_ART_REVISE.blend"
00:05.969  render           | Saved: 'C:\Users\iputu\Documents\Wonder Chess\art-source\asset-studio\wc_u_human_guardian\stages\body-costume\BW6\shoulder\captures\retained_failure_f73.png'
[
  {
    "frame": 56,
    "count": 6,
    "nearest_cage_indices": [
      13
    ],
    "cage_rows_and_columns": [
      [
        1,
        0
      ]
    ],
    "local_bounds": [
      [
        0.002733558416366577,
        -0.07347872108221054,
        -0.009871046990156174
      ],
      [
        0.0032080598175525665,
        -0.07280486077070236,
        -0.009326756000518799
      ]
    ],
    "world_bounds": [
      [
        0.20391955971717834,
        -0.1057075783610344,
        1.5086175203323364
      ],
      [
        0.2048102468252182,
        -0.10546647012233734,
        1.5089269876480103
      ]
    ],
    "cap_influence": 0.9599999785423279
  },
  {
    "frame": 60,
    "count": 72,
    "nearest_cage_indices": [
      13,
      14,
      15,
      26,
      27,
      28
    ],
    "cage_rows_and_columns": [
      [
        1,
        0
      ],
      [
        1,
        1
      ],
      [
        1,
        2
      ],
      [
        2,
        0
      ],
      [
        2,
        1
      ],
      [
        2,
        2
      ]
    ],
    "local_bounds": [
      [
        -0.0014034509658813477,
        -0.0891161784529686,
        -0.023202374577522278
      ],
      [
        0.018161188811063766,
        -0.055678389966487885,
        -0.000729735940694809
      ]
    ],
    "world_bounds": [
      [
        0.19828438758850098,
        -0.10502851009368896,
        1.496351718902588
      ],
      [
        0.23168206214904785,
        -0.08895721286535263,
        1.5161573886871338
      ]
    ],
    "cap_influence": 0.9599999785423279
  },
  {
    "frame": 65,
    "count": 171,
    "nearest_cage_indices": [
      13,
      14,
      15,
      26,
      27,
      28,
      29
    ],
    "cage_rows_and_columns": [
      [
        1,
        0
      ],
      [
        1,
        1
      ],
      [
        1,
        2
      ],
      [
        2,
        0
      ],
      [
        2,
        1
      ],
      [
        2,
        2
      ],
      [
        2,
        3
      ]
    ],
    "local_bounds": [
      [
        -0.0032350048422813416,
        -0.10210420191287994,
        -0.037236426025629044
      ],
      [
        0.03372853249311447,
        -0.04646025598049164,
        0.003725145012140274
      ]
    ],
    "world_bounds": [
      [
        0.1932051181793213,
        -0.10599280893802643,
        1.475816011428833
      ],
      [
        0.2478283792734146,
        -0.07853201031684875,
        1.5173308849334717
      ]
    ],
    "cap_influence": 0.8490601181983948
  },
  {
    "frame": 73,
    "count": 219,
    "nearest_cage_indices": [
      13,
      14,
      15,
      16,
      26,
      27,
      28,
      29,
      30,
      40,
      41
    ],
    "cage_rows_and_columns": [
      [
        1,
        0
      ],
      [
        1,
        1
      ],
      [
        1,
        2
      ],
      [
        1,
        3
      ],
      [
        2,
        0
      ],
      [
        2,
        1
      ],
      [
        2,
        2
      ],
      [
        2,
        3
      ],
      [
        2,
        4
      ],
      [
        3,
        1
      ],
      [
        3,
        2
      ]
    ],
    "local_bounds": [
      [
        -0.0031235143542289734,
        -0.10874290764331818,
        -0.04729459807276726
      ],
      [
        0.05143086239695549,
        -0.043251775205135345,
        0.0036052102223038673
      ]
    ],
    "world_bounds": [
      [
        0.18668785691261292,
        -0.11426008492708206,
        1.454695701599121
      ],
      [
        0.24862976372241974,
        -0.07568350434303284,
        1.5153452157974243
      ]
    ],
    "cap_influence": 0.6556194424629211
  },
  {
    "frame": 80,
    "count": 107,
    "nearest_cage_indices": [
      13,
      14,
      15,
      16,
      26,
      27,
      28,
      29
    ],
    "cage_rows_and_columns": [
      [
        1,
        0
      ],
      [
        1,
        1
      ],
      [
        1,
        2
      ],
      [
        1,
        3
      ],
      [
        2,
        0
      ],
      [
        2,
        1
      ],
      [
        2,
        2
      ],
      [
        2,
        3
      ]
    ],
    "local_bounds": [
      [
        -0.00029532797634601593,
        -0.1023147851228714,
        -0.037582289427518845
      ],
      [
        0.045422133058309555,
        -0.04561684653162956,
        0.00041614403016865253
      ]
    ],
    "world_bounds": [
      [
        0.17989656329154968,
        -0.12799406051635742,
        1.4675076007843018
      ],
      [
        0.22730380296707153,
        -0.08443064987659454,
        1.5151723623275757
      ]
    ],
    "cap_influence": 0.5317537188529968
  }
]
Blender 5.1.1 (hash b70da489d7f4 built 2026-04-14 01:37:22)

Blender quit
