00:08.735  blend            | Read blend: "C:\Users\iputu\Documents\Wonder Chess\art-source\asset-studio\wc_u_human_guardian\stages\body-costume\BW6\shoulder\ada_bw6_shoulder_checkpoint_ART_REVISE.blend"
00:21.500  render           | Saved: 'C:\Users\iputu\Documents\Wonder Chess\art-source\asset-studio\wc_u_human_guardian\stages\body-costume\BW6\shoulder\captures\prior_coat_f73_feasible_probe.png'
{
  "source": "C:\\Users\\iputu\\Documents\\Wonder Chess\\art-source\\asset-studio\\wc_u_human_guardian\\stages\\body-costume\\BW6\\shoulder\\ada_bw6_shoulder_checkpoint_ART_REVISE.blend",
  "source_sha256": "fe3c2309cca515f7f6d4893e4c19f29a9455dcdfe0ab125af2229cda10b9b328",
  "frame": 73,
  "method": "Rigid cap hinge about fixed medial strap pivot with bounded posterior tilt/abduction relief and <=6mm upward strap allowance. Exact finite transverse collider checks. No shell inflation or surface projection.",
  "attempts": 75,
  "feasible_count": 7,
  "best": {
    "posterior_hinge_degrees": -10,
    "abduction_relief_degrees": -12,
    "vertical_strap_allowance_m": 0,
    "counts": {
      "BW6_PaddedCoat_Tailored": 0,
      "BW6_Pauldron_R_Lame1": 0,
      "BW6_Pauldron_R_Lame2": 0
    },
    "cost": 28.0,
    "delta_world": [
      [
        0.9781476259231567,
        5.0940199974869316e-11,
        -0.20791170001029968,
        0.3204193711280823
      ],
      [
        0.03610347956418991,
        0.9848077893257141,
        0.16985350847244263,
        -0.26544591784477234
      ],
      [
        0.2047530561685562,
        -0.17364813387393951,
        0.9632874131202698,
        0.014524846337735653
      ],
      [
        0.0,
        0.0,
        0.0,
        1.0
      ]
    ]
  }
}
Blender 5.1.1 (hash b70da489d7f4 built 2026-04-14 01:37:22)

Blender quit
