00:02.422  blend            | Read blend: "C:\Users\iputu\Documents\Wonder Chess\art-source\asset-studio\wc_u_human_guardian\stages\body-costume\BW6\shoulder\ada_bw6_shoulder_checkpoint_ART_REVISE.blend"
00:02.781  blend            | Read blend: "C:\Users\iputu\Documents\Wonder Chess\art-source\asset-studio\wc_u_human_guardian\stages\body-costume\BW6\shoulder\ada_bw6_shoulder_underlap_candidate.blend"
[
  {
    "source": "ada_bw6_shoulder_checkpoint_ART_REVISE.blend",
    "iteration": 0,
    "capcoat": 18,
    "cap_hash": "cbc6a3bd2342d5478502f285d4cf84226a8811ef076efbafb83a80457d349362",
    "coat_hash": "e840ac1762b1dd6f7b52bd472c4864c3be9c6b64124e59675edec099d671c2b7",
    "influence": 0.41999998688697815,
    "capmatrix": [
      [
        0.9726138710975647,
        0.0,
        0.23242700099945068,
        0.16300001740455627
      ],
      [
        0.0,
        1.0,
        0.0,
        -0.04636000096797943
      ],
      [
        -0.23242700099945068,
        0.0,
        0.9726138710975647,
        1.5240000486373901
      ],
      [
        0.0,
        0.0,
        0.0,
        1.0
      ]
    ]
  },
  {
    "source": "ada_bw6_shoulder_checkpoint_ART_REVISE.blend",
    "iteration": 1,
    "capcoat": 18,
    "cap_hash": "cbc6a3bd2342d5478502f285d4cf84226a8811ef076efbafb83a80457d349362",
    "coat_hash": "e840ac1762b1dd6f7b52bd472c4864c3be9c6b64124e59675edec099d671c2b7",
    "influence": 0.41999998688697815,
    "capmatrix": [
      [
        0.9726138710975647,
        0.0,
        0.23242700099945068,
        0.16300001740455627
      ],
      [
        0.0,
        1.0,
        0.0,
        -0.04636000096797943
      ],
      [
        -0.23242700099945068,
        0.0,
        0.9726138710975647,
        1.5240000486373901
      ],
      [
        0.0,
        0.0,
        0.0,
        1.0
      ]
    ]
  },
  {
    "source": "ada_bw6_shoulder_checkpoint_ART_REVISE.blend",
    "iteration": 2,
    "capcoat": 18,
    "cap_hash": "cbc6a3bd2342d5478502f285d4cf84226a8811ef076efbafb83a80457d349362",
    "coat_hash": "e840ac1762b1dd6f7b52bd472c4864c3be9c6b64124e59675edec099d671c2b7",
    "influence": 0.41999998688697815,
    "capmatrix": [
      [
        0.9726138710975647,
        0.0,
        0.23242700099945068,
        0.16300001740455627
      ],
      [
        0.0,
        1.0,
        0.0,
        -0.04636000096797943
      ],
      [
        -0.23242700099945068,
        0.0,
        0.9726138710975647,
        1.5240000486373901
      ],
      [
        0.0,
        0.0,
        0.0,
        1.0
      ]
    ]
  },
  {
    "source": "ada_bw6_shoulder_underlap_candidate.blend",
    "iteration": 0,
    "capcoat": 18,
    "cap_hash": "cbc6a3bd2342d5478502f285d4cf84226a8811ef076efbafb83a80457d349362",
    "coat_hash": "e840ac1762b1dd6f7b52bd472c4864c3be9c6b64124e59675edec099d671c2b7",
    "influence": 0.41999998688697815,
    "capmatrix": [
      [
        0.9726138710975647,
        0.0,
        0.23242700099945068,
        0.16300001740455627
      ],
      [
        0.0,
        1.0,
        0.0,
        -0.04636000096797943
      ],
      [
        -0.23242700099945068,
        0.0,
        0.9726138710975647,
        1.5240000486373901
      ],
      [
        0.0,
        0.0,
        0.0,
        1.0
      ]
    ]
  },
  {
    "source": "ada_bw6_shoulder_underlap_candidate.blend",
    "iteration": 1,
    "capcoat": 18,
    "cap_hash": "cbc6a3bd2342d5478502f285d4cf84226a8811ef076efbafb83a80457d349362",
    "coat_hash": "e840ac1762b1dd6f7b52bd472c4864c3be9c6b64124e59675edec099d671c2b7",
    "influence": 0.41999998688697815,
    "capmatrix": [
      [
        0.9726138710975647,
        0.0,
        0.23242700099945068,
        0.16300001740455627
      ],
      [
        0.0,
        1.0,
        0.0,
        -0.04636000096797943
      ],
      [
        -0.23242700099945068,
        0.0,
        0.9726138710975647,
        1.5240000486373901
      ],
      [
        0.0,
        0.0,
        0.0,
        1.0
      ]
    ]
  },
  {
    "source": "ada_bw6_shoulder_underlap_candidate.blend",
    "iteration": 2,
    "capcoat": 18,
    "cap_hash": "cbc6a3bd2342d5478502f285d4cf84226a8811ef076efbafb83a80457d349362",
    "coat_hash": "e840ac1762b1dd6f7b52bd472c4864c3be9c6b64124e59675edec099d671c2b7",
    "influence": 0.41999998688697815,
    "capmatrix": [
      [
        0.9726138710975647,
        0.0,
        0.23242700099945068,
        0.16300001740455627
      ],
      [
        0.0,
        1.0,
        0.0,
        -0.04636000096797943
      ],
      [
        -0.23242700099945068,
        0.0,
        0.9726138710975647,
        1.5240000486373901
      ],
      [
        0.0,
        0.0,
        0.0,
        1.0
      ]
    ]
  }
]
Blender 5.1.1 (hash b70da489d7f4 built 2026-04-14 01:37:22)

Blender quit
