00:02.422  blend            | Read blend: "C:\Users\iputu\Documents\Wonder Chess\art-source\asset-studio\wc_u_human_guardian\stages\body-costume\BW6\shoulder\ada_bw6_shoulder_underlap_fitted.blend"
00:13.953  render           | Saved: 'C:\Users\iputu\Documents\Wonder Chess\art-source\asset-studio\wc_u_human_guardian\stages\body-costume\BW6\shoulder\captures\stable_coat_lowered_feasible_probe.png'
{
  "source": "C:\\Users\\iputu\\Documents\\Wonder Chess\\art-source\\asset-studio\\wc_u_human_guardian\\stages\\body-costume\\BW6\\shoulder\\ada_bw6_shoulder_underlap_fitted.blend",
  "source_sha256": "4841a3e6258996d51b8524e2bdf7c4ee7868484112e7e178b08db4a567e29ac7",
  "frame": "lowered",
  "method": "Rigid cap hinge about fixed medial strap pivot with bounded posterior tilt/abduction relief and <=6mm upward strap allowance. Exact finite transverse collider checks. No shell inflation or surface projection.",
  "attempts": 75,
  "feasible_count": 14,
  "best": {
    "posterior_hinge_degrees": 0,
    "abduction_relief_degrees": -6,
    "vertical_strap_allowance_m": 0,
    "counts": {
      "BW6_PaddedCoat_Tailored": 0,
      "BW6_Pauldron_R_Lame1": 0,
      "BW6_Pauldron_R_Lame2": 0
    },
    "cost": 9.0,
    "delta_world": [
      [
        0.9945218563079834,
        -3.826410108903611e-12,
        -0.10452858358621597,
        0.1601945012807846
      ],
      [
        -3.826433093989667e-12,
        1.0,
        -7.301238780232921e-11,
        1.1189459081517583e-10
      ],
      [
        0.10452858358621597,
        7.301238780232921e-11,
        0.9945218563079834,
        -0.008689457550644875
      ],
      [
        0.0,
        0.0,
        0.0,
        1.0
      ]
    ]
  }
}
Blender 5.1.1 (hash b70da489d7f4 built 2026-04-14 01:37:22)

Blender quit
