00:02.672  blend            | Read blend: "C:\Users\iputu\Documents\Wonder Chess\art-source\asset-studio\wc_u_human_guardian\stages\body-costume\BW6\shoulder\ada_bw6_shoulder_supported_hinge.blend"
AUDIT 1 {'BW6_Pauldron_R_Cap': 0, 'BW6_Pauldron_R_Lame1': 0, 'BW6_Pauldron_R_Lame2': 0} {'BW6_Pauldron_R_Cap': {'raw': 0, 'evaluated': 0}, 'BW6_Pauldron_R_Lame1': {'raw': 0, 'evaluated': 0}, 'BW6_Pauldron_R_Lame2': {'raw': 0, 'evaluated': 0}}
AUDIT 2 {'BW6_Pauldron_R_Cap': 0, 'BW6_Pauldron_R_Lame1': 0, 'BW6_Pauldron_R_Lame2': 0} {'BW6_Pauldron_R_Cap': {'raw': 0, 'evaluated': 0}, 'BW6_Pauldron_R_Lame1': {'raw': 0, 'evaluated': 0}, 'BW6_Pauldron_R_Lame2': {'raw': 0, 'evaluated': 0}}
AUDIT 3 {'BW6_Pauldron_R_Cap': 0, 'BW6_Pauldron_R_Lame1': 0, 'BW6_Pauldron_R_Lame2': 0} {'BW6_Pauldron_R_Cap': {'raw': 0, 'evaluated': 0}, 'BW6_Pauldron_R_Lame1': {'raw': 0, 'evaluated': 0}, 'BW6_Pauldron_R_Lame2': {'raw': 0, 'evaluated': 0}}
AUDIT 4 {'BW6_Pauldron_R_Cap': 0, 'BW6_Pauldron_R_Lame1': 0, 'BW6_Pauldron_R_Lame2': 0} {'BW6_Pauldron_R_Cap': {'raw': 0, 'evaluated': 0}, 'BW6_Pauldron_R_Lame1': {'raw': 0, 'evaluated': 0}, 'BW6_Pauldron_R_Lame2': {'raw': 0, 'evaluated': 0}}
AUDIT 5 {'BW6_Pauldron_R_Cap': 0, 'BW6_Pauldron_R_Lame1': 0, 'BW6_Pauldron_R_Lame2': 0} {'BW6_Pauldron_R_Cap': {'raw': 0, 'evaluated': 0}, 'BW6_Pauldron_R_Lame1': {'raw': 0, 'evaluated': 0}, 'BW6_Pauldron_R_Lame2': {'raw': 0, 'evaluated': 0}}
AUDIT 6 {'BW6_Pauldron_R_Cap': 0, 'BW6_Pauldron_R_Lame1': 0, 'BW6_Pauldron_R_Lame2': 0} {'BW6_Pauldron_R_Cap': {'raw': 0, 'evaluated': 0}, 'BW6_Pauldron_R_Lame1': {'raw': 0, 'evaluated': 0}, 'BW6_Pauldron_R_Lame2': {'raw': 0, 'evaluated': 0}}
AUDIT 7 {'BW6_Pauldron_R_Cap': 0, 'BW6_Pauldron_R_Lame1': 0, 'BW6_Pauldron_R_Lame2': 0} {'BW6_Pauldron_R_Cap': {'raw': 0, 'evaluated': 0}, 'BW6_Pauldron_R_Lame1': {'raw': 0, 'evaluated': 0}, 'BW6_Pauldron_R_Lame2': {'raw': 0, 'evaluated': 0}}
AUDIT 8 {'BW6_Pauldron_R_Cap': 0, 'BW6_Pauldron_R_Lame1': 0, 'BW6_Pauldron_R_Lame2': 0} {'BW6_Pauldron_R_Cap': {'raw': 0, 'evaluated': 0}, 'BW6_Pauldron_R_Lame1': {'raw': 0, 'evaluated': 0}, 'BW6_Pauldron_R_Lame2': {'raw': 0, 'evaluated': 0}}
AUDIT 9 {'BW6_Pauldron_R_Cap': 0, 'BW6_Pauldron_R_Lame1': 0, 'BW6_Pauldron_R_Lame2': 0} {'BW6_Pauldron_R_Cap': {'raw': 0, 'evaluated': 0}, 'BW6_Pauldron_R_Lame1': {'raw': 0, 'evaluated': 0}, 'BW6_Pauldron_R_Lame2': {'raw': 0, 'evaluated': 0}}
AUDIT 10 {'BW6_Pauldron_R_Cap': 0, 'BW6_Pauldron_R_Lame1': 0, 'BW6_Pauldron_R_Lame2': 0} {'BW6_Pauldron_R_Cap': {'raw': 0, 'evaluated': 0}, 'BW6_Pauldron_R_Lame1': {'raw': 0, 'evaluated': 0}, 'BW6_Pauldron_R_Lame2': {'raw': 0, 'evaluated': 0}}
AUDIT 11 {'BW6_Pauldron_R_Cap': 0, 'BW6_Pauldron_R_Lame1': 0, 'BW6_Pauldron_R_Lame2': 0} {'BW6_Pauldron_R_Cap': {'raw': 0, 'evaluated': 0}, 'BW6_Pauldron_R_Lame1': {'raw': 0, 'evaluated': 0}, 'BW6_Pauldron_R_Lame2': {'raw': 0, 'evaluated': 0}}
AUDIT 12 {'BW6_Pauldron_R_Cap': 0, 'BW6_Pauldron_R_Lame1': 0, 'BW6_Pauldron_R_Lame2': 0} {'BW6_Pauldron_R_Cap': {'raw': 0, 'evaluated': 0}, 'BW6_Pauldron_R_Lame1': {'raw': 0, 'evaluated': 0}, 'BW6_Pauldron_R_Lame2': {'raw': 0, 'evaluated': 0}}
AUDIT 13 {'BW6_Pauldron_R_Cap': 0, 'BW6_Pauldron_R_Lame1': 0, 'BW6_Pauldron_R_Lame2': 0} {'BW6_Pauldron_R_Cap': {'raw': 0, 'evaluated': 0}, 'BW6_Pauldron_R_Lame1': {'raw': 0, 'evaluated': 0}, 'BW6_Pauldron_R_Lame2': {'raw': 0, 'evaluated': 0}}
AUDIT 14 {'BW6_Pauldron_R_Cap': 0, 'BW6_Pauldron_R_Lame1': 0, 'BW6_Pauldron_R_Lame2': 0} {'BW6_Pauldron_R_Cap': {'raw': 0, 'evaluated': 0}, 'BW6_Pauldron_R_Lame1': {'raw': 0, 'evaluated': 0}, 'BW6_Pauldron_R_Lame2': {'raw': 0, 'evaluated': 0}}
AUDIT 15 {'BW6_Pauldron_R_Cap': 0, 'BW6_Pauldron_R_Lame1': 0, 'BW6_Pauldron_R_Lame2': 0} {'BW6_Pauldron_R_Cap': {'raw': 0, 'evaluated': 0}, 'BW6_Pauldron_R_Lame1': {'raw': 0, 'evaluated': 0}, 'BW6_Pauldron_R_Lame2': {'raw': 0, 'evaluated': 0}}
AUDIT 16 {'BW6_Pauldron_R_Cap': 0, 'BW6_Pauldron_R_Lame1': 0, 'BW6_Pauldron_R_Lame2': 0} {'BW6_Pauldron_R_Cap': {'raw': 0, 'evaluated': 0}, 'BW6_Pauldron_R_Lame1': {'raw': 0, 'evaluated': 0}, 'BW6_Pauldron_R_Lame2': {'raw': 0, 'evaluated': 0}}
AUDIT 17 {'BW6_Pauldron_R_Cap': 0, 'BW6_Pauldron_R_Lame1': 0, 'BW6_Pauldron_R_Lame2': 0} {'BW6_Pauldron_R_Cap': {'raw': 0, 'evaluated': 0}, 'BW6_Pauldron_R_Lame1': {'raw': 0, 'evaluated': 0}, 'BW6_Pauldron_R_Lame2': {'raw': 0, 'evaluated': 0}}
AUDIT 18 {'BW6_Pauldron_R_Cap': 0, 'BW6_Pauldron_R_Lame1': 0, 'BW6_Pauldron_R_Lame2': 0} {'BW6_Pauldron_R_Cap': {'raw': 0, 'evaluated': 0}, 'BW6_Pauldron_R_Lame1': {'raw': 0, 'evaluated': 0}, 'BW6_Pauldron_R_Lame2': {'raw': 0, 'evaluated': 0}}
AUDIT 19 {'BW6_Pauldron_R_Cap': 0, 'BW6_Pauldron_R_Lame1': 0, 'BW6_Pauldron_R_Lame2': 0} {'BW6_Pauldron_R_Cap': {'raw': 0, 'evaluated': 0}, 'BW6_Pauldron_R_Lame1': {'raw': 0, 'evaluated': 0}, 'BW6_Pauldron_R_Lame2': {'raw': 0, 'evaluated': 0}}
AUDIT 20 {'BW6_Pauldron_R_Cap': 0, 'BW6_Pauldron_R_Lame1': 0, 'BW6_Pauldron_R_Lame2': 0} {'BW6_Pauldron_R_Cap': {'raw': 0, 'evaluated': 0}, 'BW6_Pauldron_R_Lame1': {'raw': 0, 'evaluated': 0}, 'BW6_Pauldron_R_Lame2': {'raw': 0, 'evaluated': 0}}
AUDIT 21 {'BW6_Pauldron_R_Cap': 0, 'BW6_Pauldron_R_Lame1': 0, 'BW6_Pauldron_R_Lame2': 0} {'BW6_Pauldron_R_Cap': {'raw': 0, 'evaluated': 0}, 'BW6_Pauldron_R_Lame1': {'raw': 0, 'evaluated': 0}, 'BW6_Pauldron_R_Lame2': {'raw': 0, 'evaluated': 0}}
AUDIT 22 {'BW6_Pauldron_R_Cap': 0, 'BW6_Pauldron_R_Lame1': 0, 'BW6_Pauldron_R_Lame2': 0} {'BW6_Pauldron_R_Cap': {'raw': 0, 'evaluated': 0}, 'BW6_Pauldron_R_Lame1': {'raw': 0, 'evaluated': 0}, 'BW6_Pauldron_R_Lame2': {'raw': 0, 'evaluated': 0}}
AUDIT 23 {'BW6_Pauldron_R_Cap': 0, 'BW6_Pauldron_R_Lame1': 0, 'BW6_Pauldron_R_Lame2': 0} {'BW6_Pauldron_R_Cap': {'raw': 0, 'evaluated': 0}, 'BW6_Pauldron_R_Lame1': {'raw': 0, 'evaluated': 0}, 'BW6_Pauldron_R_Lame2': {'raw': 0, 'evaluated': 0}}
AUDIT 24 {'BW6_Pauldron_R_Cap': 0, 'BW6_Pauldron_R_Lame1': 0, 'BW6_Pauldron_R_Lame2': 0} {'BW6_Pauldron_R_Cap': {'raw': 0, 'evaluated': 0}, 'BW6_Pauldron_R_Lame1': {'raw': 0, 'evaluated': 0}, 'BW6_Pauldron_R_Lame2': {'raw': 0, 'evaluated': 0}}
AUDIT 25 {'BW6_Pauldron_R_Cap': 0, 'BW6_Pauldron_R_Lame1': 0, 'BW6_Pauldron_R_Lame2': 0} {'BW6_Pauldron_R_Cap': {'raw': 0, 'evaluated': 0}, 'BW6_Pauldron_R_Lame1': {'raw': 0, 'evaluated': 0}, 'BW6_Pauldron_R_Lame2': {'raw': 0, 'evaluated': 0}}
AUDIT 26 {'BW6_Pauldron_R_Cap': 0, 'BW6_Pauldron_R_Lame1': 0, 'BW6_Pauldron_R_Lame2': 0} {'BW6_Pauldron_R_Cap': {'raw': 0, 'evaluated': 0}, 'BW6_Pauldron_R_Lame1': {'raw': 0, 'evaluated': 0}, 'BW6_Pauldron_R_Lame2': {'raw': 0, 'evaluated': 0}}
AUDIT 27 {'BW6_Pauldron_R_Cap': 0, 'BW6_Pauldron_R_Lame1': 0, 'BW6_Pauldron_R_Lame2': 0} {'BW6_Pauldron_R_Cap': {'raw': 0, 'evaluated': 0}, 'BW6_Pauldron_R_Lame1': {'raw': 0, 'evaluated': 0}, 'BW6_Pauldron_R_Lame2': {'raw': 0, 'evaluated': 0}}
AUDIT 28 {'BW6_Pauldron_R_Cap': 0, 'BW6_Pauldron_R_Lame1': 0, 'BW6_Pauldron_R_Lame2': 0} {'BW6_Pauldron_R_Cap': {'raw': 0, 'evaluated': 0}, 'BW6_Pauldron_R_Lame1': {'raw': 0, 'evaluated': 0}, 'BW6_Pauldron_R_Lame2': {'raw': 0, 'evaluated': 0}}
AUDIT 29 {'BW6_Pauldron_R_Cap': 0, 'BW6_Pauldron_R_Lame1': 0, 'BW6_Pauldron_R_Lame2': 0} {'BW6_Pauldron_R_Cap': {'raw': 0, 'evaluated': 0}, 'BW6_Pauldron_R_Lame1': {'raw': 0, 'evaluated': 0}, 'BW6_Pauldron_R_Lame2': {'raw': 0, 'evaluated': 0}}
AUDIT 30 {'BW6_Pauldron_R_Cap': 0, 'BW6_Pauldron_R_Lame1': 0, 'BW6_Pauldron_R_Lame2': 0} {'BW6_Pauldron_R_Cap': {'raw': 0, 'evaluated': 0}, 'BW6_Pauldron_R_Lame1': {'raw': 0, 'evaluated': 0}, 'BW6_Pauldron_R_Lame2': {'raw': 0, 'evaluated': 0}}
AUDIT 31 {'BW6_Pauldron_R_Cap': 0, 'BW6_Pauldron_R_Lame1': 0, 'BW6_Pauldron_R_Lame2': 0} {'BW6_Pauldron_R_Cap': {'raw': 0, 'evaluated': 0}, 'BW6_Pauldron_R_Lame1': {'raw': 0, 'evaluated': 0}, 'BW6_Pauldron_R_Lame2': {'raw': 0, 'evaluated': 0}}
AUDIT 32 {'BW6_Pauldron_R_Cap': 0, 'BW6_Pauldron_R_Lame1': 0, 'BW6_Pauldron_R_Lame2': 0} {'BW6_Pauldron_R_Cap': {'raw': 0, 'evaluated': 0}, 'BW6_Pauldron_R_Lame1': {'raw': 0, 'evaluated': 0}, 'BW6_Pauldron_R_Lame2': {'raw': 0, 'evaluated': 0}}
AUDIT 33 {'BW6_Pauldron_R_Cap': 0, 'BW6_Pauldron_R_Lame1': 0, 'BW6_Pauldron_R_Lame2': 0} {'BW6_Pauldron_R_Cap': {'raw': 0, 'evaluated': 0}, 'BW6_Pauldron_R_Lame1': {'raw': 0, 'evaluated': 0}, 'BW6_Pauldron_R_Lame2': {'raw': 0, 'evaluated': 0}}
AUDIT 34 {'BW6_Pauldron_R_Cap': 0, 'BW6_Pauldron_R_Lame1': 0, 'BW6_Pauldron_R_Lame2': 0} {'BW6_Pauldron_R_Cap': {'raw': 0, 'evaluated': 0}, 'BW6_Pauldron_R_Lame1': {'raw': 0, 'evaluated': 0}, 'BW6_Pauldron_R_Lame2': {'raw': 0, 'evaluated': 0}}
AUDIT 35 {'BW6_Pauldron_R_Cap': 0, 'BW6_Pauldron_R_Lame1': 0, 'BW6_Pauldron_R_Lame2': 0} {'BW6_Pauldron_R_Cap': {'raw': 0, 'evaluated': 0}, 'BW6_Pauldron_R_Lame1': {'raw': 0, 'evaluated': 0}, 'BW6_Pauldron_R_Lame2': {'raw': 0, 'evaluated': 0}}
AUDIT 36 {'BW6_Pauldron_R_Cap': 0, 'BW6_Pauldron_R_Lame1': 0, 'BW6_Pauldron_R_Lame2': 0} {'BW6_Pauldron_R_Cap': {'raw': 0, 'evaluated': 0}, 'BW6_Pauldron_R_Lame1': {'raw': 0, 'evaluated': 0}, 'BW6_Pauldron_R_Lame2': {'raw': 0, 'evaluated': 0}}
AUDIT 37 {'BW6_Pauldron_R_Cap': 0, 'BW6_Pauldron_R_Lame1': 0, 'BW6_Pauldron_R_Lame2': 0} {'BW6_Pauldron_R_Cap': {'raw': 0, 'evaluated': 0}, 'BW6_Pauldron_R_Lame1': {'raw': 0, 'evaluated': 0}, 'BW6_Pauldron_R_Lame2': {'raw': 0, 'evaluated': 0}}
AUDIT 38 {'BW6_Pauldron_R_Cap': 0, 'BW6_Pauldron_R_Lame1': 0, 'BW6_Pauldron_R_Lame2': 0} {'BW6_Pauldron_R_Cap': {'raw': 0, 'evaluated': 0}, 'BW6_Pauldron_R_Lame1': {'raw': 0, 'evaluated': 0}, 'BW6_Pauldron_R_Lame2': {'raw': 0, 'evaluated': 0}}
AUDIT 39 {'BW6_Pauldron_R_Cap': 0, 'BW6_Pauldron_R_Lame1': 0, 'BW6_Pauldron_R_Lame2': 0} {'BW6_Pauldron_R_Cap': {'raw': 0, 'evaluated': 0}, 'BW6_Pauldron_R_Lame1': {'raw': 0, 'evaluated': 0}, 'BW6_Pauldron_R_Lame2': {'raw': 0, 'evaluated': 0}}
AUDIT 40 {'BW6_Pauldron_R_Cap': 0, 'BW6_Pauldron_R_Lame1': 0, 'BW6_Pauldron_R_Lame2': 0} {'BW6_Pauldron_R_Cap': {'raw': 0, 'evaluated': 0}, 'BW6_Pauldron_R_Lame1': {'raw': 0, 'evaluated': 0}, 'BW6_Pauldron_R_Lame2': {'raw': 0, 'evaluated': 0}}
AUDIT 41 {'BW6_Pauldron_R_Cap': 0, 'BW6_Pauldron_R_Lame1': 0, 'BW6_Pauldron_R_Lame2': 0} {'BW6_Pauldron_R_Cap': {'raw': 0, 'evaluated': 0}, 'BW6_Pauldron_R_Lame1': {'raw': 0, 'evaluated': 0}, 'BW6_Pauldron_R_Lame2': {'raw': 0, 'evaluated': 0}}
AUDIT 42 {'BW6_Pauldron_R_Cap': 0, 'BW6_Pauldron_R_Lame1': 0, 'BW6_Pauldron_R_Lame2': 0} {'BW6_Pauldron_R_Cap': {'raw': 0, 'evaluated': 0}, 'BW6_Pauldron_R_Lame1': {'raw': 0, 'evaluated': 0}, 'BW6_Pauldron_R_Lame2': {'raw': 0, 'evaluated': 0}}
AUDIT 43 {'BW6_Pauldron_R_Cap': 0, 'BW6_Pauldron_R_Lame1': 0, 'BW6_Pauldron_R_Lame2': 0} {'BW6_Pauldron_R_Cap': {'raw': 0, 'evaluated': 0}, 'BW6_Pauldron_R_Lame1': {'raw': 0, 'evaluated': 0}, 'BW6_Pauldron_R_Lame2': {'raw': 0, 'evaluated': 0}}
AUDIT 44 {'BW6_Pauldron_R_Cap': 0, 'BW6_Pauldron_R_Lame1': 0, 'BW6_Pauldron_R_Lame2': 0} {'BW6_Pauldron_R_Cap': {'raw': 0, 'evaluated': 0}, 'BW6_Pauldron_R_Lame1': {'raw': 0, 'evaluated': 0}, 'BW6_Pauldron_R_Lame2': {'raw': 0, 'evaluated': 0}}
AUDIT 45 {'BW6_Pauldron_R_Cap': 0, 'BW6_Pauldron_R_Lame1': 0, 'BW6_Pauldron_R_Lame2': 0} {'BW6_Pauldron_R_Cap': {'raw': 0, 'evaluated': 0}, 'BW6_Pauldron_R_Lame1': {'raw': 0, 'evaluated': 0}, 'BW6_Pauldron_R_Lame2': {'raw': 0, 'evaluated': 0}}
AUDIT 46 {'BW6_Pauldron_R_Cap': 0, 'BW6_Pauldron_R_Lame1': 0, 'BW6_Pauldron_R_Lame2': 0} {'BW6_Pauldron_R_Cap': {'raw': 0, 'evaluated': 0}, 'BW6_Pauldron_R_Lame1': {'raw': 0, 'evaluated': 0}, 'BW6_Pauldron_R_Lame2': {'raw': 0, 'evaluated': 0}}
AUDIT 47 {'BW6_Pauldron_R_Cap': 0, 'BW6_Pauldron_R_Lame1': 0, 'BW6_Pauldron_R_Lame2': 0} {'BW6_Pauldron_R_Cap': {'raw': 0, 'evaluated': 0}, 'BW6_Pauldron_R_Lame1': {'raw': 0, 'evaluated': 0}, 'BW6_Pauldron_R_Lame2': {'raw': 0, 'evaluated': 0}}
AUDIT 48 {'BW6_Pauldron_R_Cap': 0, 'BW6_Pauldron_R_Lame1': 0, 'BW6_Pauldron_R_Lame2': 0} {'BW6_Pauldron_R_Cap': {'raw': 0, 'evaluated': 0}, 'BW6_Pauldron_R_Lame1': {'raw': 0, 'evaluated': 0}, 'BW6_Pauldron_R_Lame2': {'raw': 0, 'evaluated': 0}}
AUDIT 49 {'BW6_Pauldron_R_Cap': 0, 'BW6_Pauldron_R_Lame1': 0, 'BW6_Pauldron_R_Lame2': 0} {'BW6_Pauldron_R_Cap': {'raw': 0, 'evaluated': 0}, 'BW6_Pauldron_R_Lame1': {'raw': 0, 'evaluated': 0}, 'BW6_Pauldron_R_Lame2': {'raw': 0, 'evaluated': 0}}
AUDIT 50 {'BW6_Pauldron_R_Cap': 0, 'BW6_Pauldron_R_Lame1': 0, 'BW6_Pauldron_R_Lame2': 0} {'BW6_Pauldron_R_Cap': {'raw': 0, 'evaluated': 0}, 'BW6_Pauldron_R_Lame1': {'raw': 0, 'evaluated': 0}, 'BW6_Pauldron_R_Lame2': {'raw': 0, 'evaluated': 0}}
AUDIT 51 {'BW6_Pauldron_R_Cap': 0, 'BW6_Pauldron_R_Lame1': 0, 'BW6_Pauldron_R_Lame2': 0} {'BW6_Pauldron_R_Cap': {'raw': 0, 'evaluated': 0}, 'BW6_Pauldron_R_Lame1': {'raw': 0, 'evaluated': 0}, 'BW6_Pauldron_R_Lame2': {'raw': 0, 'evaluated': 0}}
AUDIT 52 {'BW6_Pauldron_R_Cap': 0, 'BW6_Pauldron_R_Lame1': 0, 'BW6_Pauldron_R_Lame2': 0} {'BW6_Pauldron_R_Cap': {'raw': 0, 'evaluated': 0}, 'BW6_Pauldron_R_Lame1': {'raw': 0, 'evaluated': 0}, 'BW6_Pauldron_R_Lame2': {'raw': 0, 'evaluated': 0}}
AUDIT 53 {'BW6_Pauldron_R_Cap': 0, 'BW6_Pauldron_R_Lame1': 0, 'BW6_Pauldron_R_Lame2': 0} {'BW6_Pauldron_R_Cap': {'raw': 0, 'evaluated': 0}, 'BW6_Pauldron_R_Lame1': {'raw': 0, 'evaluated': 0}, 'BW6_Pauldron_R_Lame2': {'raw': 0, 'evaluated': 0}}
AUDIT 54 {'BW6_Pauldron_R_Cap': 0, 'BW6_Pauldron_R_Lame1': 0, 'BW6_Pauldron_R_Lame2': 0} {'BW6_Pauldron_R_Cap': {'raw': 0, 'evaluated': 0}, 'BW6_Pauldron_R_Lame1': {'raw': 0, 'evaluated': 0}, 'BW6_Pauldron_R_Lame2': {'raw': 0, 'evaluated': 0}}
AUDIT 55 {'BW6_Pauldron_R_Cap': 0, 'BW6_Pauldron_R_Lame1': 0, 'BW6_Pauldron_R_Lame2': 0} {'BW6_Pauldron_R_Cap': {'raw': 0, 'evaluated': 0}, 'BW6_Pauldron_R_Lame1': {'raw': 0, 'evaluated': 0}, 'BW6_Pauldron_R_Lame2': {'raw': 0, 'evaluated': 0}}
AUDIT 56 {'BW6_Pauldron_R_Cap': 0, 'BW6_Pauldron_R_Lame1': 0, 'BW6_Pauldron_R_Lame2': 0} {'BW6_Pauldron_R_Cap': {'raw': 0, 'evaluated': 0}, 'BW6_Pauldron_R_Lame1': {'raw': 0, 'evaluated': 0}, 'BW6_Pauldron_R_Lame2': {'raw': 0, 'evaluated': 0}}
AUDIT 57 {'BW6_Pauldron_R_Cap': 0, 'BW6_Pauldron_R_Lame1': 0, 'BW6_Pauldron_R_Lame2': 0} {'BW6_Pauldron_R_Cap': {'raw': 0, 'evaluated': 0}, 'BW6_Pauldron_R_Lame1': {'raw': 0, 'evaluated': 0}, 'BW6_Pauldron_R_Lame2': {'raw': 0, 'evaluated': 0}}
AUDIT 58 {'BW6_Pauldron_R_Cap': 0, 'BW6_Pauldron_R_Lame1': 0, 'BW6_Pauldron_R_Lame2': 0} {'BW6_Pauldron_R_Cap': {'raw': 0, 'evaluated': 0}, 'BW6_Pauldron_R_Lame1': {'raw': 0, 'evaluated': 0}, 'BW6_Pauldron_R_Lame2': {'raw': 0, 'evaluated': 0}}
AUDIT 59 {'BW6_Pauldron_R_Cap': 0, 'BW6_Pauldron_R_Lame1': 0, 'BW6_Pauldron_R_Lame2': 0} {'BW6_Pauldron_R_Cap': {'raw': 0, 'evaluated': 0}, 'BW6_Pauldron_R_Lame1': {'raw': 0, 'evaluated': 0}, 'BW6_Pauldron_R_Lame2': {'raw': 0, 'evaluated': 0}}
AUDIT 60 {'BW6_Pauldron_R_Cap': 0, 'BW6_Pauldron_R_Lame1': 0, 'BW6_Pauldron_R_Lame2': 0} {'BW6_Pauldron_R_Cap': {'raw': 0, 'evaluated': 0}, 'BW6_Pauldron_R_Lame1': {'raw': 0, 'evaluated': 0}, 'BW6_Pauldron_R_Lame2': {'raw': 0, 'evaluated': 0}}
AUDIT 61 {'BW6_Pauldron_R_Cap': 0, 'BW6_Pauldron_R_Lame1': 0, 'BW6_Pauldron_R_Lame2': 0} {'BW6_Pauldron_R_Cap': {'raw': 0, 'evaluated': 0}, 'BW6_Pauldron_R_Lame1': {'raw': 0, 'evaluated': 0}, 'BW6_Pauldron_R_Lame2': {'raw': 0, 'evaluated': 0}}
AUDIT 62 {'BW6_Pauldron_R_Cap': 0, 'BW6_Pauldron_R_Lame1': 0, 'BW6_Pauldron_R_Lame2': 0} {'BW6_Pauldron_R_Cap': {'raw': 0, 'evaluated': 0}, 'BW6_Pauldron_R_Lame1': {'raw': 0, 'evaluated': 0}, 'BW6_Pauldron_R_Lame2': {'raw': 0, 'evaluated': 0}}
AUDIT 63 {'BW6_Pauldron_R_Cap': 0, 'BW6_Pauldron_R_Lame1': 0, 'BW6_Pauldron_R_Lame2': 0} {'BW6_Pauldron_R_Cap': {'raw': 0, 'evaluated': 0}, 'BW6_Pauldron_R_Lame1': {'raw': 0, 'evaluated': 0}, 'BW6_Pauldron_R_Lame2': {'raw': 0, 'evaluated': 0}}
AUDIT 64 {'BW6_Pauldron_R_Cap': 0, 'BW6_Pauldron_R_Lame1': 0, 'BW6_Pauldron_R_Lame2': 0} {'BW6_Pauldron_R_Cap': {'raw': 0, 'evaluated': 0}, 'BW6_Pauldron_R_Lame1': {'raw': 0, 'evaluated': 0}, 'BW6_Pauldron_R_Lame2': {'raw': 0, 'evaluated': 0}}
AUDIT 65 {'BW6_Pauldron_R_Cap': 0, 'BW6_Pauldron_R_Lame1': 0, 'BW6_Pauldron_R_Lame2': 0} {'BW6_Pauldron_R_Cap': {'raw': 0, 'evaluated': 0}, 'BW6_Pauldron_R_Lame1': {'raw': 0, 'evaluated': 0}, 'BW6_Pauldron_R_Lame2': {'raw': 0, 'evaluated': 0}}
AUDIT 66 {'BW6_Pauldron_R_Cap': 0, 'BW6_Pauldron_R_Lame1': 0, 'BW6_Pauldron_R_Lame2': 0} {'BW6_Pauldron_R_Cap': {'raw': 0, 'evaluated': 0}, 'BW6_Pauldron_R_Lame1': {'raw': 0, 'evaluated': 0}, 'BW6_Pauldron_R_Lame2': {'raw': 0, 'evaluated': 0}}
AUDIT 67 {'BW6_Pauldron_R_Cap': 0, 'BW6_Pauldron_R_Lame1': 0, 'BW6_Pauldron_R_Lame2': 0} {'BW6_Pauldron_R_Cap': {'raw': 0, 'evaluated': 0}, 'BW6_Pauldron_R_Lame1': {'raw': 0, 'evaluated': 0}, 'BW6_Pauldron_R_Lame2': {'raw': 0, 'evaluated': 0}}
AUDIT 68 {'BW6_Pauldron_R_Cap': 0, 'BW6_Pauldron_R_Lame1': 0, 'BW6_Pauldron_R_Lame2': 0} {'BW6_Pauldron_R_Cap': {'raw': 0, 'evaluated': 0}, 'BW6_Pauldron_R_Lame1': {'raw': 0, 'evaluated': 0}, 'BW6_Pauldron_R_Lame2': {'raw': 0, 'evaluated': 0}}
AUDIT 69 {'BW6_Pauldron_R_Cap': 0, 'BW6_Pauldron_R_Lame1': 0, 'BW6_Pauldron_R_Lame2': 0} {'BW6_Pauldron_R_Cap': {'raw': 0, 'evaluated': 0}, 'BW6_Pauldron_R_Lame1': {'raw': 0, 'evaluated': 0}, 'BW6_Pauldron_R_Lame2': {'raw': 0, 'evaluated': 0}}
AUDIT 70 {'BW6_Pauldron_R_Cap': 0, 'BW6_Pauldron_R_Lame1': 0, 'BW6_Pauldron_R_Lame2': 0} {'BW6_Pauldron_R_Cap': {'raw': 0, 'evaluated': 0}, 'BW6_Pauldron_R_Lame1': {'raw': 0, 'evaluated': 0}, 'BW6_Pauldron_R_Lame2': {'raw': 0, 'evaluated': 0}}
AUDIT 71 {'BW6_Pauldron_R_Cap': 0, 'BW6_Pauldron_R_Lame1': 0, 'BW6_Pauldron_R_Lame2': 0} {'BW6_Pauldron_R_Cap': {'raw': 0, 'evaluated': 0}, 'BW6_Pauldron_R_Lame1': {'raw': 0, 'evaluated': 0}, 'BW6_Pauldron_R_Lame2': {'raw': 0, 'evaluated': 0}}
AUDIT 72 {'BW6_Pauldron_R_Cap': 0, 'BW6_Pauldron_R_Lame1': 0, 'BW6_Pauldron_R_Lame2': 0} {'BW6_Pauldron_R_Cap': {'raw': 0, 'evaluated': 0}, 'BW6_Pauldron_R_Lame1': {'raw': 0, 'evaluated': 0}, 'BW6_Pauldron_R_Lame2': {'raw': 0, 'evaluated': 0}}
AUDIT 73 {'BW6_Pauldron_R_Cap': 0, 'BW6_Pauldron_R_Lame1': 0, 'BW6_Pauldron_R_Lame2': 0} {'BW6_Pauldron_R_Cap': {'raw': 0, 'evaluated': 0}, 'BW6_Pauldron_R_Lame1': {'raw': 0, 'evaluated': 0}, 'BW6_Pauldron_R_Lame2': {'raw': 0, 'evaluated': 0}}
AUDIT 74 {'BW6_Pauldron_R_Cap': 0, 'BW6_Pauldron_R_Lame1': 0, 'BW6_Pauldron_R_Lame2': 0} {'BW6_Pauldron_R_Cap': {'raw': 0, 'evaluated': 0}, 'BW6_Pauldron_R_Lame1': {'raw': 0, 'evaluated': 0}, 'BW6_Pauldron_R_Lame2': {'raw': 0, 'evaluated': 0}}
AUDIT 75 {'BW6_Pauldron_R_Cap': 0, 'BW6_Pauldron_R_Lame1': 0, 'BW6_Pauldron_R_Lame2': 0} {'BW6_Pauldron_R_Cap': {'raw': 0, 'evaluated': 0}, 'BW6_Pauldron_R_Lame1': {'raw': 0, 'evaluated': 0}, 'BW6_Pauldron_R_Lame2': {'raw': 0, 'evaluated': 0}}
AUDIT 76 {'BW6_Pauldron_R_Cap': 0, 'BW6_Pauldron_R_Lame1': 0, 'BW6_Pauldron_R_Lame2': 0} {'BW6_Pauldron_R_Cap': {'raw': 0, 'evaluated': 0}, 'BW6_Pauldron_R_Lame1': {'raw': 0, 'evaluated': 0}, 'BW6_Pauldron_R_Lame2': {'raw': 0, 'evaluated': 0}}
AUDIT 77 {'BW6_Pauldron_R_Cap': 0, 'BW6_Pauldron_R_Lame1': 0, 'BW6_Pauldron_R_Lame2': 0} {'BW6_Pauldron_R_Cap': {'raw': 0, 'evaluated': 0}, 'BW6_Pauldron_R_Lame1': {'raw': 0, 'evaluated': 0}, 'BW6_Pauldron_R_Lame2': {'raw': 0, 'evaluated': 0}}
AUDIT 78 {'BW6_Pauldron_R_Cap': 0, 'BW6_Pauldron_R_Lame1': 0, 'BW6_Pauldron_R_Lame2': 0} {'BW6_Pauldron_R_Cap': {'raw': 0, 'evaluated': 0}, 'BW6_Pauldron_R_Lame1': {'raw': 0, 'evaluated': 0}, 'BW6_Pauldron_R_Lame2': {'raw': 0, 'evaluated': 0}}
AUDIT 79 {'BW6_Pauldron_R_Cap': 0, 'BW6_Pauldron_R_Lame1': 0, 'BW6_Pauldron_R_Lame2': 0} {'BW6_Pauldron_R_Cap': {'raw': 0, 'evaluated': 0}, 'BW6_Pauldron_R_Lame1': {'raw': 0, 'evaluated': 0}, 'BW6_Pauldron_R_Lame2': {'raw': 0, 'evaluated': 0}}
AUDIT 80 {'BW6_Pauldron_R_Cap': 0, 'BW6_Pauldron_R_Lame1': 0, 'BW6_Pauldron_R_Lame2': 0} {'BW6_Pauldron_R_Cap': {'raw': 0, 'evaluated': 0}, 'BW6_Pauldron_R_Lame1': {'raw': 0, 'evaluated': 0}, 'BW6_Pauldron_R_Lame2': {'raw': 0, 'evaluated': 0}}
AUDIT 81 {'BW6_Pauldron_R_Cap': 0, 'BW6_Pauldron_R_Lame1': 0, 'BW6_Pauldron_R_Lame2': 0} {'BW6_Pauldron_R_Cap': {'raw': 0, 'evaluated': 0}, 'BW6_Pauldron_R_Lame1': {'raw': 0, 'evaluated': 0}, 'BW6_Pauldron_R_Lame2': {'raw': 0, 'evaluated': 0}}
AUDIT 82 {'BW6_Pauldron_R_Cap': 0, 'BW6_Pauldron_R_Lame1': 0, 'BW6_Pauldron_R_Lame2': 0} {'BW6_Pauldron_R_Cap': {'raw': 0, 'evaluated': 0}, 'BW6_Pauldron_R_Lame1': {'raw': 0, 'evaluated': 0}, 'BW6_Pauldron_R_Lame2': {'raw': 0, 'evaluated': 0}}
AUDIT 83 {'BW6_Pauldron_R_Cap': 0, 'BW6_Pauldron_R_Lame1': 0, 'BW6_Pauldron_R_Lame2': 0} {'BW6_Pauldron_R_Cap': {'raw': 0, 'evaluated': 0}, 'BW6_Pauldron_R_Lame1': {'raw': 0, 'evaluated': 0}, 'BW6_Pauldron_R_Lame2': {'raw': 0, 'evaluated': 0}}
AUDIT 84 {'BW6_Pauldron_R_Cap': 0, 'BW6_Pauldron_R_Lame1': 0, 'BW6_Pauldron_R_Lame2': 0} {'BW6_Pauldron_R_Cap': {'raw': 0, 'evaluated': 0}, 'BW6_Pauldron_R_Lame1': {'raw': 0, 'evaluated': 0}, 'BW6_Pauldron_R_Lame2': {'raw': 0, 'evaluated': 0}}
AUDIT 85 {'BW6_Pauldron_R_Cap': 0, 'BW6_Pauldron_R_Lame1': 0, 'BW6_Pauldron_R_Lame2': 0} {'BW6_Pauldron_R_Cap': {'raw': 0, 'evaluated': 0}, 'BW6_Pauldron_R_Lame1': {'raw': 0, 'evaluated': 0}, 'BW6_Pauldron_R_Lame2': {'raw': 0, 'evaluated': 0}}
AUDIT 86 {'BW6_Pauldron_R_Cap': 16, 'BW6_Pauldron_R_Lame1': 0, 'BW6_Pauldron_R_Lame2': 0} {'BW6_Pauldron_R_Cap': {'raw': 0, 'evaluated': 0}, 'BW6_Pauldron_R_Lame1': {'raw': 0, 'evaluated': 0}, 'BW6_Pauldron_R_Lame2': {'raw': 0, 'evaluated': 0}}
AUDIT 87 {'BW6_Pauldron_R_Cap': 0, 'BW6_Pauldron_R_Lame1': 0, 'BW6_Pauldron_R_Lame2': 0} {'BW6_Pauldron_R_Cap': {'raw': 0, 'evaluated': 0}, 'BW6_Pauldron_R_Lame1': {'raw': 0, 'evaluated': 0}, 'BW6_Pauldron_R_Lame2': {'raw': 0, 'evaluated': 0}}
AUDIT 88 {'BW6_Pauldron_R_Cap': 0, 'BW6_Pauldron_R_Lame1': 0, 'BW6_Pauldron_R_Lame2': 0} {'BW6_Pauldron_R_Cap': {'raw': 0, 'evaluated': 0}, 'BW6_Pauldron_R_Lame1': {'raw': 0, 'evaluated': 0}, 'BW6_Pauldron_R_Lame2': {'raw': 0, 'evaluated': 0}}
AUDIT 89 {'BW6_Pauldron_R_Cap': 0, 'BW6_Pauldron_R_Lame1': 0, 'BW6_Pauldron_R_Lame2': 0} {'BW6_Pauldron_R_Cap': {'raw': 0, 'evaluated': 0}, 'BW6_Pauldron_R_Lame1': {'raw': 0, 'evaluated': 0}, 'BW6_Pauldron_R_Lame2': {'raw': 0, 'evaluated': 0}}
AUDIT 90 {'BW6_Pauldron_R_Cap': 0, 'BW6_Pauldron_R_Lame1': 0, 'BW6_Pauldron_R_Lame2': 0} {'BW6_Pauldron_R_Cap': {'raw': 0, 'evaluated': 0}, 'BW6_Pauldron_R_Lame1': {'raw': 0, 'evaluated': 0}, 'BW6_Pauldron_R_Lame2': {'raw': 0, 'evaluated': 0}}
AUDIT 91 {'BW6_Pauldron_R_Cap': 0, 'BW6_Pauldron_R_Lame1': 0, 'BW6_Pauldron_R_Lame2': 0} {'BW6_Pauldron_R_Cap': {'raw': 0, 'evaluated': 0}, 'BW6_Pauldron_R_Lame1': {'raw': 0, 'evaluated': 0}, 'BW6_Pauldron_R_Lame2': {'raw': 0, 'evaluated': 0}}
AUDIT 92 {'BW6_Pauldron_R_Cap': 0, 'BW6_Pauldron_R_Lame1': 0, 'BW6_Pauldron_R_Lame2': 0} {'BW6_Pauldron_R_Cap': {'raw': 0, 'evaluated': 0}, 'BW6_Pauldron_R_Lame1': {'raw': 0, 'evaluated': 0}, 'BW6_Pauldron_R_Lame2': {'raw': 0, 'evaluated': 0}}
AUDIT 93 {'BW6_Pauldron_R_Cap': 0, 'BW6_Pauldron_R_Lame1': 0, 'BW6_Pauldron_R_Lame2': 0} {'BW6_Pauldron_R_Cap': {'raw': 0, 'evaluated': 0}, 'BW6_Pauldron_R_Lame1': {'raw': 0, 'evaluated': 0}, 'BW6_Pauldron_R_Lame2': {'raw': 0, 'evaluated': 0}}
AUDIT 94 {'BW6_Pauldron_R_Cap': 0, 'BW6_Pauldron_R_Lame1': 0, 'BW6_Pauldron_R_Lame2': 0} {'BW6_Pauldron_R_Cap': {'raw': 0, 'evaluated': 0}, 'BW6_Pauldron_R_Lame1': {'raw': 0, 'evaluated': 0}, 'BW6_Pauldron_R_Lame2': {'raw': 0, 'evaluated': 0}}
AUDIT 95 {'BW6_Pauldron_R_Cap': 0, 'BW6_Pauldron_R_Lame1': 0, 'BW6_Pauldron_R_Lame2': 0} {'BW6_Pauldron_R_Cap': {'raw': 0, 'evaluated': 0}, 'BW6_Pauldron_R_Lame1': {'raw': 0, 'evaluated': 0}, 'BW6_Pauldron_R_Lame2': {'raw': 0, 'evaluated': 0}}
AUDIT 96 {'BW6_Pauldron_R_Cap': 0, 'BW6_Pauldron_R_Lame1': 0, 'BW6_Pauldron_R_Lame2': 0} {'BW6_Pauldron_R_Cap': {'raw': 0, 'evaluated': 0}, 'BW6_Pauldron_R_Lame1': {'raw': 0, 'evaluated': 0}, 'BW6_Pauldron_R_Lame2': {'raw': 0, 'evaluated': 0}}
AUDIT 97 {'BW6_Pauldron_R_Cap': 0, 'BW6_Pauldron_R_Lame1': 0, 'BW6_Pauldron_R_Lame2': 0} {'BW6_Pauldron_R_Cap': {'raw': 0, 'evaluated': 0}, 'BW6_Pauldron_R_Lame1': {'raw': 0, 'evaluated': 0}, 'BW6_Pauldron_R_Lame2': {'raw': 0, 'evaluated': 0}}
AUDIT 19.5 {'BW6_Pauldron_R_Cap': 0, 'BW6_Pauldron_R_Lame1': 0, 'BW6_Pauldron_R_Lame2': 0} {'BW6_Pauldron_R_Cap': {'raw': 0, 'evaluated': 0}, 'BW6_Pauldron_R_Lame1': {'raw': 0, 'evaluated': 0}, 'BW6_Pauldron_R_Lame2': {'raw': 0, 'evaluated': 0}}
AUDIT 20.5 {'BW6_Pauldron_R_Cap': 0, 'BW6_Pauldron_R_Lame1': 0, 'BW6_Pauldron_R_Lame2': 0} {'BW6_Pauldron_R_Cap': {'raw': 0, 'evaluated': 0}, 'BW6_Pauldron_R_Lame1': {'raw': 0, 'evaluated': 0}, 'BW6_Pauldron_R_Lame2': {'raw': 0, 'evaluated': 0}}
AUDIT 24.5 {'BW6_Pauldron_R_Cap': 0, 'BW6_Pauldron_R_Lame1': 0, 'BW6_Pauldron_R_Lame2': 0} {'BW6_Pauldron_R_Cap': {'raw': 0, 'evaluated': 0}, 'BW6_Pauldron_R_Lame1': {'raw': 0, 'evaluated': 0}, 'BW6_Pauldron_R_Lame2': {'raw': 0, 'evaluated': 0}}
AUDIT 25.5 {'BW6_Pauldron_R_Cap': 0, 'BW6_Pauldron_R_Lame1': 0, 'BW6_Pauldron_R_Lame2': 0} {'BW6_Pauldron_R_Cap': {'raw': 0, 'evaluated': 0}, 'BW6_Pauldron_R_Lame1': {'raw': 0, 'evaluated': 0}, 'BW6_Pauldron_R_Lame2': {'raw': 0, 'evaluated': 0}}
AUDIT 48.5 {'BW6_Pauldron_R_Cap': 0, 'BW6_Pauldron_R_Lame1': 0, 'BW6_Pauldron_R_Lame2': 0} {'BW6_Pauldron_R_Cap': {'raw': 0, 'evaluated': 0}, 'BW6_Pauldron_R_Lame1': {'raw': 0, 'evaluated': 0}, 'BW6_Pauldron_R_Lame2': {'raw': 0, 'evaluated': 0}}
AUDIT 49.5 {'BW6_Pauldron_R_Cap': 0, 'BW6_Pauldron_R_Lame1': 0, 'BW6_Pauldron_R_Lame2': 0} {'BW6_Pauldron_R_Cap': {'raw': 0, 'evaluated': 0}, 'BW6_Pauldron_R_Lame1': {'raw': 0, 'evaluated': 0}, 'BW6_Pauldron_R_Lame2': {'raw': 0, 'evaluated': 0}}
AUDIT 72.5 {'BW6_Pauldron_R_Cap': 0, 'BW6_Pauldron_R_Lame1': 0, 'BW6_Pauldron_R_Lame2': 0} {'BW6_Pauldron_R_Cap': {'raw': 0, 'evaluated': 0}, 'BW6_Pauldron_R_Lame1': {'raw': 0, 'evaluated': 0}, 'BW6_Pauldron_R_Lame2': {'raw': 0, 'evaluated': 0}}
AUDIT 73.5 {'BW6_Pauldron_R_Cap': 0, 'BW6_Pauldron_R_Lame1': 0, 'BW6_Pauldron_R_Lame2': 0} {'BW6_Pauldron_R_Cap': {'raw': 0, 'evaluated': 0}, 'BW6_Pauldron_R_Lame1': {'raw': 0, 'evaluated': 0}, 'BW6_Pauldron_R_Lame2': {'raw': 0, 'evaluated': 0}}
AUDIT lowered {'BW6_Pauldron_R_Cap': 0, 'BW6_Pauldron_R_Lame1': 0, 'BW6_Pauldron_R_Lame2': 0} {'BW6_Pauldron_R_Cap': {'raw': 0, 'evaluated': 0}, 'BW6_Pauldron_R_Lame1': {'raw': 0, 'evaluated': 0}, 'BW6_Pauldron_R_Lame2': {'raw': 0, 'evaluated': 0}}
00:21.344  blend            | Read blend: "C:\Users\iputu\Documents\Wonder Chess\art-source\asset-studio\wc_u_human_guardian\stages\body-costume\BW6\shoulder\ada_bw6_shoulder_supported_hinge.blend"
00:24.297  render           | Saved: 'C:\Users\iputu\Documents\Wonder Chess\art-source\asset-studio\wc_u_human_guardian\stages\body-costume\BW6\shoulder\captures\supported_hinge_shoulder_1.png'
00:24.422  blend            | Read blend: "C:\Users\iputu\Documents\Wonder Chess\art-source\asset-studio\wc_u_human_guardian\stages\body-costume\BW6\shoulder\ada_bw6_shoulder_supported_hinge.blend"
00:26.969  render           | Saved: 'C:\Users\iputu\Documents\Wonder Chess\art-source\asset-studio\wc_u_human_guardian\stages\body-costume\BW6\shoulder\captures\supported_hinge_front_lowered.png'
00:26.984  blend            | Read blend: "C:\Users\iputu\Documents\Wonder Chess\art-source\asset-studio\wc_u_human_guardian\stages\body-costume\BW6\shoulder\ada_bw6_shoulder_supported_hinge.blend"
00:29.625  render           | Saved: 'C:\Users\iputu\Documents\Wonder Chess\art-source\asset-studio\wc_u_human_guardian\stages\body-costume\BW6\shoulder\captures\supported_hinge_shoulder_lowered.png'
00:29.656  blend            | Read blend: "C:\Users\iputu\Documents\Wonder Chess\art-source\asset-studio\wc_u_human_guardian\stages\body-costume\BW6\shoulder\ada_bw6_shoulder_supported_hinge.blend"
00:32.359  render           | Saved: 'C:\Users\iputu\Documents\Wonder Chess\art-source\asset-studio\wc_u_human_guardian\stages\body-costume\BW6\shoulder\captures\supported_hinge_shoulder_49.png'
00:32.453  blend            | Read blend: "C:\Users\iputu\Documents\Wonder Chess\art-source\asset-studio\wc_u_human_guardian\stages\body-costume\BW6\shoulder\ada_bw6_shoulder_supported_hinge.blend"
00:34.375  render           | Saved: 'C:\Users\iputu\Documents\Wonder Chess\art-source\asset-studio\wc_u_human_guardian\stages\body-costume\BW6\shoulder\captures\supported_hinge_rear_three_quarter_49.png'
00:34.484  blend            | Read blend: "C:\Users\iputu\Documents\Wonder Chess\art-source\asset-studio\wc_u_human_guardian\stages\body-costume\BW6\shoulder\ada_bw6_shoulder_supported_hinge.blend"
00:35.313  render           | Saved: 'C:\Users\iputu\Documents\Wonder Chess\art-source\asset-studio\wc_u_human_guardian\stages\body-costume\BW6\shoulder\captures\supported_hinge_cage.png'
Blender 5.1.1 (hash b70da489d7f4 built 2026-04-14 01:37:22)

Blender quit
