00:03.156  blend            | Read blend: "C:\Users\iputu\Documents\Wonder Chess\art-source\asset-studio\wc_u_human_guardian\stages\body-costume\BW6\shoulder\ada_bw6_shoulder_underlap_fitted.blend"
00:19.328  render           | Saved: 'C:\Users\iputu\Documents\Wonder Chess\art-source\asset-studio\wc_u_human_guardian\stages\body-costume\BW6\shoulder\captures\stable_coat_f78_feasible_probe.png'
{
  "source": "C:\\Users\\iputu\\Documents\\Wonder Chess\\art-source\\asset-studio\\wc_u_human_guardian\\stages\\body-costume\\BW6\\shoulder\\ada_bw6_shoulder_underlap_fitted.blend",
  "source_sha256": "4841a3e6258996d51b8524e2bdf7c4ee7868484112e7e178b08db4a567e29ac7",
  "frame": 78,
  "method": "Rigid cap hinge about fixed medial strap pivot with bounded posterior tilt/abduction relief and <=6mm upward strap allowance. Exact finite transverse collider checks. No shell inflation or surface projection.",
  "attempts": 75,
  "feasible_count": 3,
  "best": {
    "posterior_hinge_degrees": 0,
    "abduction_relief_degrees": -12,
    "vertical_strap_allowance_m": 0.003,
    "counts": {
      "BW6_PaddedCoat_Tailored": 0,
      "BW6_Pauldron_R_Lame1": 0,
      "BW6_Pauldron_R_Lame2": 0
    },
    "cost": 33.0,
    "delta_world": [
      [
        0.9781476259231567,
        -1.5263703495582703e-11,
        -0.20791170001029968,
        0.3204193711280823
      ],
      [
        -1.5263750333116555e-11,
        1.0,
        -1.452246517485989e-10,
        2.238103591345464e-10
      ],
      [
        0.20791170001029968,
        1.452246656263867e-10,
        0.9781476259231567,
        0.0024134330451488495
      ],
      [
        0.0,
        0.0,
        0.0,
        1.0
      ]
    ]
  }
}
Blender 5.1.1 (hash b70da489d7f4 built 2026-04-14 01:37:22)

Blender quit
