00:04.375  blend            | Read blend: "C:\Users\iputu\Documents\Wonder Chess\art-source\asset-studio\wc_u_human_guardian\stages\body-costume\BW6\shoulder\ada_bw6_shoulder_checkpoint_r002_LOCAL_REVIEW.blend"
00:06.469  blend            | Read blend: "C:\Users\iputu\Documents\Wonder Chess\art-source\asset-studio\wc_u_human_guardian\stages\body-costume\BW6\armor\ada_bw6_torso_interface_work.blend"
00:08.844  blend            | Read blend: "C:\Users\iputu\Documents\Wonder Chess\art-source\asset-studio\wc_u_human_guardian\stages\body-costume\BW6\shoulder\ada_bw6_shoulder_combined_review.blend"
Info: Saved as "ada_bw6_shoulder_combined_review.blend"
AUDIT 54.5 {'BW6_Pauldron_R_Cap': 0, 'BW6_Pauldron_R_Lame1': 0, 'BW6_Pauldron_R_Lame2': 0} {'BW6_Pauldron_R_Cap': {'raw': 0, 'evaluated': 0}, 'BW6_Pauldron_R_Lame1': {'raw': 0, 'evaluated': 0}, 'BW6_Pauldron_R_Lame2': {'raw': 0, 'evaluated': 0}}
AUDIT 55.5 {'BW6_Pauldron_R_Cap': 0, 'BW6_Pauldron_R_Lame1': 0, 'BW6_Pauldron_R_Lame2': 0} {'BW6_Pauldron_R_Cap': {'raw': 0, 'evaluated': 0}, 'BW6_Pauldron_R_Lame1': {'raw': 0, 'evaluated': 0}, 'BW6_Pauldron_R_Lame2': {'raw': 0, 'evaluated': 0}}
AUDIT 56.5 {'BW6_Pauldron_R_Cap': 0, 'BW6_Pauldron_R_Lame1': 0, 'BW6_Pauldron_R_Lame2': 0} {'BW6_Pauldron_R_Cap': {'raw': 0, 'evaluated': 0}, 'BW6_Pauldron_R_Lame1': {'raw': 0, 'evaluated': 0}, 'BW6_Pauldron_R_Lame2': {'raw': 0, 'evaluated': 0}}
AUDIT 57.5 {'BW6_Pauldron_R_Cap': 0, 'BW6_Pauldron_R_Lame1': 0, 'BW6_Pauldron_R_Lame2': 0} {'BW6_Pauldron_R_Cap': {'raw': 0, 'evaluated': 0}, 'BW6_Pauldron_R_Lame1': {'raw': 0, 'evaluated': 0}, 'BW6_Pauldron_R_Lame2': {'raw': 0, 'evaluated': 0}}
AUDIT 58.5 {'BW6_Pauldron_R_Cap': 0, 'BW6_Pauldron_R_Lame1': 0, 'BW6_Pauldron_R_Lame2': 0} {'BW6_Pauldron_R_Cap': {'raw': 0, 'evaluated': 0}, 'BW6_Pauldron_R_Lame1': {'raw': 0, 'evaluated': 0}, 'BW6_Pauldron_R_Lame2': {'raw': 0, 'evaluated': 0}}
AUDIT 59.5 {'BW6_Pauldron_R_Cap': 0, 'BW6_Pauldron_R_Lame1': 0, 'BW6_Pauldron_R_Lame2': 0} {'BW6_Pauldron_R_Cap': {'raw': 0, 'evaluated': 0}, 'BW6_Pauldron_R_Lame1': {'raw': 0, 'evaluated': 0}, 'BW6_Pauldron_R_Lame2': {'raw': 0, 'evaluated': 0}}
AUDIT 60.5 {'BW6_Pauldron_R_Cap': 0, 'BW6_Pauldron_R_Lame1': 0, 'BW6_Pauldron_R_Lame2': 0} {'BW6_Pauldron_R_Cap': {'raw': 0, 'evaluated': 0}, 'BW6_Pauldron_R_Lame1': {'raw': 0, 'evaluated': 0}, 'BW6_Pauldron_R_Lame2': {'raw': 0, 'evaluated': 0}}
AUDIT 61.5 {'BW6_Pauldron_R_Cap': 0, 'BW6_Pauldron_R_Lame1': 0, 'BW6_Pauldron_R_Lame2': 0} {'BW6_Pauldron_R_Cap': {'raw': 0, 'evaluated': 0}, 'BW6_Pauldron_R_Lame1': {'raw': 0, 'evaluated': 0}, 'BW6_Pauldron_R_Lame2': {'raw': 0, 'evaluated': 0}}
AUDIT 62.5 {'BW6_Pauldron_R_Cap': 0, 'BW6_Pauldron_R_Lame1': 0, 'BW6_Pauldron_R_Lame2': 0} {'BW6_Pauldron_R_Cap': {'raw': 0, 'evaluated': 0}, 'BW6_Pauldron_R_Lame1': {'raw': 0, 'evaluated': 0}, 'BW6_Pauldron_R_Lame2': {'raw': 0, 'evaluated': 0}}
AUDIT 63.5 {'BW6_Pauldron_R_Cap': 0, 'BW6_Pauldron_R_Lame1': 0, 'BW6_Pauldron_R_Lame2': 0} {'BW6_Pauldron_R_Cap': {'raw': 0, 'evaluated': 0}, 'BW6_Pauldron_R_Lame1': {'raw': 0, 'evaluated': 0}, 'BW6_Pauldron_R_Lame2': {'raw': 0, 'evaluated': 0}}
AUDIT 64.5 {'BW6_Pauldron_R_Cap': 0, 'BW6_Pauldron_R_Lame1': 0, 'BW6_Pauldron_R_Lame2': 0} {'BW6_Pauldron_R_Cap': {'raw': 0, 'evaluated': 0}, 'BW6_Pauldron_R_Lame1': {'raw': 0, 'evaluated': 0}, 'BW6_Pauldron_R_Lame2': {'raw': 0, 'evaluated': 0}}
AUDIT 65.5 {'BW6_Pauldron_R_Cap': 0, 'BW6_Pauldron_R_Lame1': 0, 'BW6_Pauldron_R_Lame2': 0} {'BW6_Pauldron_R_Cap': {'raw': 0, 'evaluated': 0}, 'BW6_Pauldron_R_Lame1': {'raw': 0, 'evaluated': 0}, 'BW6_Pauldron_R_Lame2': {'raw': 0, 'evaluated': 0}}
AUDIT 66.5 {'BW6_Pauldron_R_Cap': 0, 'BW6_Pauldron_R_Lame1': 0, 'BW6_Pauldron_R_Lame2': 0} {'BW6_Pauldron_R_Cap': {'raw': 0, 'evaluated': 0}, 'BW6_Pauldron_R_Lame1': {'raw': 0, 'evaluated': 0}, 'BW6_Pauldron_R_Lame2': {'raw': 0, 'evaluated': 0}}
AUDIT 67.5 {'BW6_Pauldron_R_Cap': 0, 'BW6_Pauldron_R_Lame1': 0, 'BW6_Pauldron_R_Lame2': 0} {'BW6_Pauldron_R_Cap': {'raw': 0, 'evaluated': 0}, 'BW6_Pauldron_R_Lame1': {'raw': 0, 'evaluated': 0}, 'BW6_Pauldron_R_Lame2': {'raw': 0, 'evaluated': 0}}
AUDIT 68.5 {'BW6_Pauldron_R_Cap': 0, 'BW6_Pauldron_R_Lame1': 0, 'BW6_Pauldron_R_Lame2': 0} {'BW6_Pauldron_R_Cap': {'raw': 0, 'evaluated': 0}, 'BW6_Pauldron_R_Lame1': {'raw': 0, 'evaluated': 0}, 'BW6_Pauldron_R_Lame2': {'raw': 0, 'evaluated': 0}}
AUDIT 69.5 {'BW6_Pauldron_R_Cap': 0, 'BW6_Pauldron_R_Lame1': 0, 'BW6_Pauldron_R_Lame2': 0} {'BW6_Pauldron_R_Cap': {'raw': 0, 'evaluated': 0}, 'BW6_Pauldron_R_Lame1': {'raw': 0, 'evaluated': 0}, 'BW6_Pauldron_R_Lame2': {'raw': 0, 'evaluated': 0}}
AUDIT 70.5 {'BW6_Pauldron_R_Cap': 0, 'BW6_Pauldron_R_Lame1': 0, 'BW6_Pauldron_R_Lame2': 0} {'BW6_Pauldron_R_Cap': {'raw': 0, 'evaluated': 0}, 'BW6_Pauldron_R_Lame1': {'raw': 0, 'evaluated': 0}, 'BW6_Pauldron_R_Lame2': {'raw': 0, 'evaluated': 0}}
AUDIT 71.5 {'BW6_Pauldron_R_Cap': 0, 'BW6_Pauldron_R_Lame1': 0, 'BW6_Pauldron_R_Lame2': 0} {'BW6_Pauldron_R_Cap': {'raw': 0, 'evaluated': 0}, 'BW6_Pauldron_R_Lame1': {'raw': 0, 'evaluated': 0}, 'BW6_Pauldron_R_Lame2': {'raw': 0, 'evaluated': 0}}
AUDIT 72.5 {'BW6_Pauldron_R_Cap': 0, 'BW6_Pauldron_R_Lame1': 0, 'BW6_Pauldron_R_Lame2': 0} {'BW6_Pauldron_R_Cap': {'raw': 0, 'evaluated': 0}, 'BW6_Pauldron_R_Lame1': {'raw': 0, 'evaluated': 0}, 'BW6_Pauldron_R_Lame2': {'raw': 0, 'evaluated': 0}}
AUDIT 73.5 {'BW6_Pauldron_R_Cap': 0, 'BW6_Pauldron_R_Lame1': 0, 'BW6_Pauldron_R_Lame2': 0} {'BW6_Pauldron_R_Cap': {'raw': 0, 'evaluated': 0}, 'BW6_Pauldron_R_Lame1': {'raw': 0, 'evaluated': 0}, 'BW6_Pauldron_R_Lame2': {'raw': 0, 'evaluated': 0}}
AUDIT 74.5 {'BW6_Pauldron_R_Cap': 0, 'BW6_Pauldron_R_Lame1': 0, 'BW6_Pauldron_R_Lame2': 0} {'BW6_Pauldron_R_Cap': {'raw': 0, 'evaluated': 0}, 'BW6_Pauldron_R_Lame1': {'raw': 0, 'evaluated': 0}, 'BW6_Pauldron_R_Lame2': {'raw': 0, 'evaluated': 0}}
AUDIT 75.5 {'BW6_Pauldron_R_Cap': 0, 'BW6_Pauldron_R_Lame1': 0, 'BW6_Pauldron_R_Lame2': 0} {'BW6_Pauldron_R_Cap': {'raw': 0, 'evaluated': 0}, 'BW6_Pauldron_R_Lame1': {'raw': 0, 'evaluated': 0}, 'BW6_Pauldron_R_Lame2': {'raw': 0, 'evaluated': 0}}
AUDIT 76.5 {'BW6_Pauldron_R_Cap': 0, 'BW6_Pauldron_R_Lame1': 0, 'BW6_Pauldron_R_Lame2': 0} {'BW6_Pauldron_R_Cap': {'raw': 0, 'evaluated': 0}, 'BW6_Pauldron_R_Lame1': {'raw': 0, 'evaluated': 0}, 'BW6_Pauldron_R_Lame2': {'raw': 0, 'evaluated': 0}}
AUDIT 77.5 {'BW6_Pauldron_R_Cap': 0, 'BW6_Pauldron_R_Lame1': 0, 'BW6_Pauldron_R_Lame2': 0} {'BW6_Pauldron_R_Cap': {'raw': 0, 'evaluated': 0}, 'BW6_Pauldron_R_Lame1': {'raw': 0, 'evaluated': 0}, 'BW6_Pauldron_R_Lame2': {'raw': 0, 'evaluated': 0}}
AUDIT 78.5 {'BW6_Pauldron_R_Cap': 0, 'BW6_Pauldron_R_Lame1': 0, 'BW6_Pauldron_R_Lame2': 0} {'BW6_Pauldron_R_Cap': {'raw': 0, 'evaluated': 0}, 'BW6_Pauldron_R_Lame1': {'raw': 0, 'evaluated': 0}, 'BW6_Pauldron_R_Lame2': {'raw': 0, 'evaluated': 0}}
AUDIT 79.5 {'BW6_Pauldron_R_Cap': 0, 'BW6_Pauldron_R_Lame1': 0, 'BW6_Pauldron_R_Lame2': 0} {'BW6_Pauldron_R_Cap': {'raw': 0, 'evaluated': 0}, 'BW6_Pauldron_R_Lame1': {'raw': 0, 'evaluated': 0}, 'BW6_Pauldron_R_Lame2': {'raw': 0, 'evaluated': 0}}
AUDIT 80.5 {'BW6_Pauldron_R_Cap': 0, 'BW6_Pauldron_R_Lame1': 0, 'BW6_Pauldron_R_Lame2': 0} {'BW6_Pauldron_R_Cap': {'raw': 0, 'evaluated': 0}, 'BW6_Pauldron_R_Lame1': {'raw': 0, 'evaluated': 0}, 'BW6_Pauldron_R_Lame2': {'raw': 0, 'evaluated': 0}}
AUDIT 81.5 {'BW6_Pauldron_R_Cap': 0, 'BW6_Pauldron_R_Lame1': 0, 'BW6_Pauldron_R_Lame2': 0} {'BW6_Pauldron_R_Cap': {'raw': 0, 'evaluated': 0}, 'BW6_Pauldron_R_Lame1': {'raw': 0, 'evaluated': 0}, 'BW6_Pauldron_R_Lame2': {'raw': 0, 'evaluated': 0}}
AUDIT 82.5 {'BW6_Pauldron_R_Cap': 0, 'BW6_Pauldron_R_Lame1': 0, 'BW6_Pauldron_R_Lame2': 0} {'BW6_Pauldron_R_Cap': {'raw': 0, 'evaluated': 0}, 'BW6_Pauldron_R_Lame1': {'raw': 0, 'evaluated': 0}, 'BW6_Pauldron_R_Lame2': {'raw': 0, 'evaluated': 0}}
AUDIT 83.5 {'BW6_Pauldron_R_Cap': 0, 'BW6_Pauldron_R_Lame1': 0, 'BW6_Pauldron_R_Lame2': 0} {'BW6_Pauldron_R_Cap': {'raw': 0, 'evaluated': 0}, 'BW6_Pauldron_R_Lame1': {'raw': 0, 'evaluated': 0}, 'BW6_Pauldron_R_Lame2': {'raw': 0, 'evaluated': 0}}
AUDIT 84.5 {'BW6_Pauldron_R_Cap': 0, 'BW6_Pauldron_R_Lame1': 0, 'BW6_Pauldron_R_Lame2': 0} {'BW6_Pauldron_R_Cap': {'raw': 0, 'evaluated': 0}, 'BW6_Pauldron_R_Lame1': {'raw': 0, 'evaluated': 0}, 'BW6_Pauldron_R_Lame2': {'raw': 0, 'evaluated': 0}}
AUDIT 85.5 {'BW6_Pauldron_R_Cap': 0, 'BW6_Pauldron_R_Lame1': 0, 'BW6_Pauldron_R_Lame2': 0} {'BW6_Pauldron_R_Cap': {'raw': 0, 'evaluated': 0}, 'BW6_Pauldron_R_Lame1': {'raw': 0, 'evaluated': 0}, 'BW6_Pauldron_R_Lame2': {'raw': 0, 'evaluated': 0}}
AUDIT 86.5 {'BW6_Pauldron_R_Cap': 0, 'BW6_Pauldron_R_Lame1': 0, 'BW6_Pauldron_R_Lame2': 0} {'BW6_Pauldron_R_Cap': {'raw': 0, 'evaluated': 0}, 'BW6_Pauldron_R_Lame1': {'raw': 0, 'evaluated': 0}, 'BW6_Pauldron_R_Lame2': {'raw': 0, 'evaluated': 0}}
AUDIT 87.5 {'BW6_Pauldron_R_Cap': 0, 'BW6_Pauldron_R_Lame1': 0, 'BW6_Pauldron_R_Lame2': 0} {'BW6_Pauldron_R_Cap': {'raw': 0, 'evaluated': 0}, 'BW6_Pauldron_R_Lame1': {'raw': 0, 'evaluated': 0}, 'BW6_Pauldron_R_Lame2': {'raw': 0, 'evaluated': 0}}
AUDIT 88.5 {'BW6_Pauldron_R_Cap': 0, 'BW6_Pauldron_R_Lame1': 0, 'BW6_Pauldron_R_Lame2': 0} {'BW6_Pauldron_R_Cap': {'raw': 0, 'evaluated': 0}, 'BW6_Pauldron_R_Lame1': {'raw': 0, 'evaluated': 0}, 'BW6_Pauldron_R_Lame2': {'raw': 0, 'evaluated': 0}}
00:20.406  blend            | Read blend: "C:\Users\iputu\Documents\Wonder Chess\art-source\asset-studio\wc_u_human_guardian\stages\body-costume\BW6\shoulder\ada_bw6_shoulder_combined_review.blend"
00:26.187  render           | Saved: 'C:\Users\iputu\Documents\Wonder Chess\art-source\asset-studio\wc_u_human_guardian\stages\body-costume\BW6\shoulder\captures\r002_combined_front_lowered.png'
00:26.234  blend            | Read blend: "C:\Users\iputu\Documents\Wonder Chess\art-source\asset-studio\wc_u_human_guardian\stages\body-costume\BW6\shoulder\ada_bw6_shoulder_combined_review.blend"
00:29.703  render           | Saved: 'C:\Users\iputu\Documents\Wonder Chess\art-source\asset-studio\wc_u_human_guardian\stages\body-costume\BW6\shoulder\captures\r002_combined_shoulder_lowered.png'
00:29.719  blend            | Read blend: "C:\Users\iputu\Documents\Wonder Chess\art-source\asset-studio\wc_u_human_guardian\stages\body-costume\BW6\shoulder\ada_bw6_shoulder_combined_review.blend"
00:33.000  render           | Saved: 'C:\Users\iputu\Documents\Wonder Chess\art-source\asset-studio\wc_u_human_guardian\stages\body-costume\BW6\shoulder\captures\r002_combined_rear_three_quarter_73.png'
00:33.172  blend            | Read blend: "C:\Users\iputu\Documents\Wonder Chess\art-source\asset-studio\wc_u_human_guardian\stages\body-costume\BW6\shoulder\ada_bw6_shoulder_combined_review.blend"
00:36.125  render           | Saved: 'C:\Users\iputu\Documents\Wonder Chess\art-source\asset-studio\wc_u_human_guardian\stages\body-costume\BW6\shoulder\captures\r002_combined_shoulder_78.png'
00:36.297  blend            | Read blend: "C:\Users\iputu\Documents\Wonder Chess\art-source\asset-studio\wc_u_human_guardian\stages\body-costume\BW6\shoulder\ada_bw6_shoulder_combined_review.blend"
00:50.578  render           | Saved: 'C:\Users\iputu\Documents\Wonder Chess\art-source\asset-studio\wc_u_human_guardian\stages\body-costume\BW6\shoulder\captures\r002_clay.png'
00:50.766  blend            | Read blend: "C:\Users\iputu\Documents\Wonder Chess\art-source\asset-studio\wc_u_human_guardian\stages\body-costume\BW6\shoulder\ada_bw6_shoulder_combined_review.blend"
01:06.703  render           | Saved: 'C:\Users\iputu\Documents\Wonder Chess\art-source\asset-studio\wc_u_human_guardian\stages\body-costume\BW6\shoulder\captures\r002_reversed_clay.png'
01:06.875  blend            | Read blend: "C:\Users\iputu\Documents\Wonder Chess\art-source\asset-studio\wc_u_human_guardian\stages\body-costume\BW6\shoulder\ada_bw6_shoulder_combined_review.blend"
01:08.484  render           | Saved: 'C:\Users\iputu\Documents\Wonder Chess\art-source\asset-studio\wc_u_human_guardian\stages\body-costume\BW6\shoulder\captures\r002_actual_cage.png'
R002_REOPEN_REPLAY_REVIEW_COMPLETE
Blender 5.1.1 (hash b70da489d7f4 built 2026-04-14 01:37:22)

Blender quit
