00:03.875  blend            | Read blend: "C:\Users\iputu\Documents\Wonder Chess\art-source\asset-studio\wc_u_human_guardian\stages\body-costume\BW6\shoulder\ada_bw6_shoulder_combined_review.blend"
C:\Users\iputu\Documents\Wonder Chess\art-source\asset-studio\wc_u_human_guardian\stages\body-costume\BW6\shoulder\operations\26_dual_view_motion.py:7: DeprecationWarning: 'Scene.use_nodes' is expected to be removed in Blender 6.0
  s.render.resolution_x=640;s.render.resolution_y=640;s.render.resolution_percentage=100;s.render.image_settings.media_type='IMAGE';s.render.image_settings.file_format='PNG';s.render.image_settings.color_mode='RGB';s.render.film_transparent=False;s.use_nodes=False;s.render.use_sequencer=False;s.view_settings.view_transform='Standard';s.view_settings.look='None'
00:06.766  render           | Saved: 'C:\Users\iputu\Documents\Wonder Chess\art-source\asset-studio\wc_u_human_guardian\stages\body-costume\BW6\shoulder\motion\r002\front\frame_0001.png'
00:07.703  render           | Saved: 'C:\Users\iputu\Documents\Wonder Chess\art-source\asset-studio\wc_u_human_guardian\stages\body-costume\BW6\shoulder\motion\r002\front\frame_0002.png'
00:08.047  render           | Saved: 'C:\Users\iputu\Documents\Wonder Chess\art-source\asset-studio\wc_u_human_guardian\stages\body-costume\BW6\shoulder\motion\r002\front\frame_0003.png'
00:08.328  render           | Saved: 'C:\Users\iputu\Documents\Wonder Chess\art-source\asset-studio\wc_u_human_guardian\stages\body-costume\BW6\shoulder\motion\r002\front\frame_0004.png'
00:08.656  render           | Saved: 'C:\Users\iputu\Documents\Wonder Chess\art-source\asset-studio\wc_u_human_guardian\stages\body-costume\BW6\shoulder\motion\r002\front\frame_0005.png'
00:08.953  render           | Saved: 'C:\Users\iputu\Documents\Wonder Chess\art-source\asset-studio\wc_u_human_guardian\stages\body-costume\BW6\shoulder\motion\r002\front\frame_0006.png'
00:09.469  render           | Saved: 'C:\Users\iputu\Documents\Wonder Chess\art-source\asset-studio\wc_u_human_guardian\stages\body-costume\BW6\shoulder\motion\r002\front\frame_0007.png'
00:09.797  render           | Saved: 'C:\Users\iputu\Documents\Wonder Chess\art-source\asset-studio\wc_u_human_guardian\stages\body-costume\BW6\shoulder\motion\r002\front\frame_0008.png'
00:10.141  render           | Saved: 'C:\Users\iputu\Documents\Wonder Chess\art-source\asset-studio\wc_u_human_guardian\stages\body-costume\BW6\shoulder\motion\r002\front\frame_0009.png'
00:10.469  render           | Saved: 'C:\Users\iputu\Documents\Wonder Chess\art-source\asset-studio\wc_u_human_guardian\stages\body-costume\BW6\shoulder\motion\r002\front\frame_0010.png'
00:10.891  render           | Saved: 'C:\Users\iputu\Documents\Wonder Chess\art-source\asset-studio\wc_u_human_guardian\stages\body-costume\BW6\shoulder\motion\r002\front\frame_0011.png'
00:11.172  render           | Saved: 'C:\Users\iputu\Documents\Wonder Chess\art-source\asset-studio\wc_u_human_guardian\stages\body-costume\BW6\shoulder\motion\r002\front\frame_0012.png'
00:11.469  render           | Saved: 'C:\Users\iputu\Documents\Wonder Chess\art-source\asset-studio\wc_u_human_guardian\stages\body-costume\BW6\shoulder\motion\r002\front\frame_0013.png'
00:11.797  render           | Saved: 'C:\Users\iputu\Documents\Wonder Chess\art-source\asset-studio\wc_u_human_guardian\stages\body-costume\BW6\shoulder\motion\r002\front\frame_0014.png'
00:12.094  render           | Saved: 'C:\Users\iputu\Documents\Wonder Chess\art-source\asset-studio\wc_u_human_guardian\stages\body-costume\BW6\shoulder\motion\r002\front\frame_0015.png'
00:12.437  render           | Saved: 'C:\Users\iputu\Documents\Wonder Chess\art-source\asset-studio\wc_u_human_guardian\stages\body-costume\BW6\shoulder\motion\r002\front\frame_0016.png'
00:12.812  render           | Saved: 'C:\Users\iputu\Documents\Wonder Chess\art-source\asset-studio\wc_u_human_guardian\stages\body-costume\BW6\shoulder\motion\r002\front\frame_0017.png'
00:13.125  render           | Saved: 'C:\Users\iputu\Documents\Wonder Chess\art-source\asset-studio\wc_u_human_guardian\stages\body-costume\BW6\shoulder\motion\r002\front\frame_0018.png'
00:13.516  render           | Saved: 'C:\Users\iputu\Documents\Wonder Chess\art-source\asset-studio\wc_u_human_guardian\stages\body-costume\BW6\shoulder\motion\r002\front\frame_0019.png'
00:13.922  render           | Saved: 'C:\Users\iputu\Documents\Wonder Chess\art-source\asset-studio\wc_u_human_guardian\stages\body-costume\BW6\shoulder\motion\r002\front\frame_0020.png'
00:14.234  render           | Saved: 'C:\Users\iputu\Documents\Wonder Chess\art-source\asset-studio\wc_u_human_guardian\stages\body-costume\BW6\shoulder\motion\r002\front\frame_0021.png'
00:14.656  render           | Saved: 'C:\Users\iputu\Documents\Wonder Chess\art-source\asset-studio\wc_u_human_guardian\stages\body-costume\BW6\shoulder\motion\r002\front\frame_0022.png'
00:15.078  render           | Saved: 'C:\Users\iputu\Documents\Wonder Chess\art-source\asset-studio\wc_u_human_guardian\stages\body-costume\BW6\shoulder\motion\r002\front\frame_0023.png'
00:15.406  render           | Saved: 'C:\Users\iputu\Documents\Wonder Chess\art-source\asset-studio\wc_u_human_guardian\stages\body-costume\BW6\shoulder\motion\r002\front\frame_0024.png'
00:15.781  render           | Saved: 'C:\Users\iputu\Documents\Wonder Chess\art-source\asset-studio\wc_u_human_guardian\stages\body-costume\BW6\shoulder\motion\r002\front\frame_0025.png'
00:16.109  render           | Saved: 'C:\Users\iputu\Documents\Wonder Chess\art-source\asset-studio\wc_u_human_guardian\stages\body-costume\BW6\shoulder\motion\r002\front\frame_0026.png'
00:16.437  render           | Saved: 'C:\Users\iputu\Documents\Wonder Chess\art-source\asset-studio\wc_u_human_guardian\stages\body-costume\BW6\shoulder\motion\r002\front\frame_0027.png'
00:16.734  render           | Saved: 'C:\Users\iputu\Documents\Wonder Chess\art-source\asset-studio\wc_u_human_guardian\stages\body-costume\BW6\shoulder\motion\r002\front\frame_0028.png'
00:17.141  render           | Saved: 'C:\Users\iputu\Documents\Wonder Chess\art-source\asset-studio\wc_u_human_guardian\stages\body-costume\BW6\shoulder\motion\r002\front\frame_0029.png'
00:17.594  render           | Saved: 'C:\Users\iputu\Documents\Wonder Chess\art-source\asset-studio\wc_u_human_guardian\stages\body-costume\BW6\shoulder\motion\r002\front\frame_0030.png'
00:17.953  render           | Saved: 'C:\Users\iputu\Documents\Wonder Chess\art-source\asset-studio\wc_u_human_guardian\stages\body-costume\BW6\shoulder\motion\r002\front\frame_0031.png'
00:18.328  render           | Saved: 'C:\Users\iputu\Documents\Wonder Chess\art-source\asset-studio\wc_u_human_guardian\stages\body-costume\BW6\shoulder\motion\r002\front\frame_0032.png'
00:18.656  render           | Saved: 'C:\Users\iputu\Documents\Wonder Chess\art-source\asset-studio\wc_u_human_guardian\stages\body-costume\BW6\shoulder\motion\r002\front\frame_0033.png'
00:18.984  render           | Saved: 'C:\Users\iputu\Documents\Wonder Chess\art-source\asset-studio\wc_u_human_guardian\stages\body-costume\BW6\shoulder\motion\r002\front\frame_0034.png'
00:19.281  render           | Saved: 'C:\Users\iputu\Documents\Wonder Chess\art-source\asset-studio\wc_u_human_guardian\stages\body-costume\BW6\shoulder\motion\r002\front\frame_0035.png'
00:19.594  render           | Saved: 'C:\Users\iputu\Documents\Wonder Chess\art-source\asset-studio\wc_u_human_guardian\stages\body-costume\BW6\shoulder\motion\r002\front\frame_0036.png'
00:19.984  render           | Saved: 'C:\Users\iputu\Documents\Wonder Chess\art-source\asset-studio\wc_u_human_guardian\stages\body-costume\BW6\shoulder\motion\r002\front\frame_0037.png'
00:20.328  render           | Saved: 'C:\Users\iputu\Documents\Wonder Chess\art-source\asset-studio\wc_u_human_guardian\stages\body-costume\BW6\shoulder\motion\r002\front\frame_0038.png'
00:20.672  render           | Saved: 'C:\Users\iputu\Documents\Wonder Chess\art-source\asset-studio\wc_u_human_guardian\stages\body-costume\BW6\shoulder\motion\r002\front\frame_0039.png'
00:21.031  render           | Saved: 'C:\Users\iputu\Documents\Wonder Chess\art-source\asset-studio\wc_u_human_guardian\stages\body-costume\BW6\shoulder\motion\r002\front\frame_0040.png'
00:21.453  render           | Saved: 'C:\Users\iputu\Documents\Wonder Chess\art-source\asset-studio\wc_u_human_guardian\stages\body-costume\BW6\shoulder\motion\r002\front\frame_0041.png'
00:21.812  render           | Saved: 'C:\Users\iputu\Documents\Wonder Chess\art-source\asset-studio\wc_u_human_guardian\stages\body-costume\BW6\shoulder\motion\r002\front\frame_0042.png'
00:22.141  render           | Saved: 'C:\Users\iputu\Documents\Wonder Chess\art-source\asset-studio\wc_u_human_guardian\stages\body-costume\BW6\shoulder\motion\r002\front\frame_0043.png'
00:22.453  render           | Saved: 'C:\Users\iputu\Documents\Wonder Chess\art-source\asset-studio\wc_u_human_guardian\stages\body-costume\BW6\shoulder\motion\r002\front\frame_0044.png'
00:22.734  render           | Saved: 'C:\Users\iputu\Documents\Wonder Chess\art-source\asset-studio\wc_u_human_guardian\stages\body-costume\BW6\shoulder\motion\r002\front\frame_0045.png'
00:23.031  render           | Saved: 'C:\Users\iputu\Documents\Wonder Chess\art-source\asset-studio\wc_u_human_guardian\stages\body-costume\BW6\shoulder\motion\r002\front\frame_0046.png'
00:23.328  render           | Saved: 'C:\Users\iputu\Documents\Wonder Chess\art-source\asset-studio\wc_u_human_guardian\stages\body-costume\BW6\shoulder\motion\r002\front\frame_0047.png'
00:23.625  render           | Saved: 'C:\Users\iputu\Documents\Wonder Chess\art-source\asset-studio\wc_u_human_guardian\stages\body-costume\BW6\shoulder\motion\r002\front\frame_0048.png'
00:23.953  render           | Saved: 'C:\Users\iputu\Documents\Wonder Chess\art-source\asset-studio\wc_u_human_guardian\stages\body-costume\BW6\shoulder\motion\r002\front\frame_0049.png'
00:24.297  render           | Saved: 'C:\Users\iputu\Documents\Wonder Chess\art-source\asset-studio\wc_u_human_guardian\stages\body-costume\BW6\shoulder\motion\r002\front\frame_0050.png'
00:24.625  render           | Saved: 'C:\Users\iputu\Documents\Wonder Chess\art-source\asset-studio\wc_u_human_guardian\stages\body-costume\BW6\shoulder\motion\r002\front\frame_0051.png'
00:24.891  render           | Saved: 'C:\Users\iputu\Documents\Wonder Chess\art-source\asset-studio\wc_u_human_guardian\stages\body-costume\BW6\shoulder\motion\r002\front\frame_0052.png'
00:25.156  render           | Saved: 'C:\Users\iputu\Documents\Wonder Chess\art-source\asset-studio\wc_u_human_guardian\stages\body-costume\BW6\shoulder\motion\r002\front\frame_0053.png'
00:25.469  render           | Saved: 'C:\Users\iputu\Documents\Wonder Chess\art-source\asset-studio\wc_u_human_guardian\stages\body-costume\BW6\shoulder\motion\r002\front\frame_0054.png'
00:25.875  render           | Saved: 'C:\Users\iputu\Documents\Wonder Chess\art-source\asset-studio\wc_u_human_guardian\stages\body-costume\BW6\shoulder\motion\r002\front\frame_0055.png'
00:26.156  render           | Saved: 'C:\Users\iputu\Documents\Wonder Chess\art-source\asset-studio\wc_u_human_guardian\stages\body-costume\BW6\shoulder\motion\r002\front\frame_0056.png'
00:26.437  render           | Saved: 'C:\Users\iputu\Documents\Wonder Chess\art-source\asset-studio\wc_u_human_guardian\stages\body-costume\BW6\shoulder\motion\r002\front\frame_0057.png'
00:26.750  render           | Saved: 'C:\Users\iputu\Documents\Wonder Chess\art-source\asset-studio\wc_u_human_guardian\stages\body-costume\BW6\shoulder\motion\r002\front\frame_0058.png'
00:27.047  render           | Saved: 'C:\Users\iputu\Documents\Wonder Chess\art-source\asset-studio\wc_u_human_guardian\stages\body-costume\BW6\shoulder\motion\r002\front\frame_0059.png'
00:27.391  render           | Saved: 'C:\Users\iputu\Documents\Wonder Chess\art-source\asset-studio\wc_u_human_guardian\stages\body-costume\BW6\shoulder\motion\r002\front\frame_0060.png'
00:27.750  render           | Saved: 'C:\Users\iputu\Documents\Wonder Chess\art-source\asset-studio\wc_u_human_guardian\stages\body-costume\BW6\shoulder\motion\r002\front\frame_0061.png'
00:28.375  render           | Saved: 'C:\Users\iputu\Documents\Wonder Chess\art-source\asset-studio\wc_u_human_guardian\stages\body-costume\BW6\shoulder\motion\r002\front\frame_0062.png'
00:28.953  render           | Saved: 'C:\Users\iputu\Documents\Wonder Chess\art-source\asset-studio\wc_u_human_guardian\stages\body-costume\BW6\shoulder\motion\r002\front\frame_0063.png'
00:29.328  render           | Saved: 'C:\Users\iputu\Documents\Wonder Chess\art-source\asset-studio\wc_u_human_guardian\stages\body-costume\BW6\shoulder\motion\r002\front\frame_0064.png'
00:29.719  render           | Saved: 'C:\Users\iputu\Documents\Wonder Chess\art-source\asset-studio\wc_u_human_guardian\stages\body-costume\BW6\shoulder\motion\r002\front\frame_0065.png'
00:30.078  render           | Saved: 'C:\Users\iputu\Documents\Wonder Chess\art-source\asset-studio\wc_u_human_guardian\stages\body-costume\BW6\shoulder\motion\r002\front\frame_0066.png'
00:30.453  render           | Saved: 'C:\Users\iputu\Documents\Wonder Chess\art-source\asset-studio\wc_u_human_guardian\stages\body-costume\BW6\shoulder\motion\r002\front\frame_0067.png'
00:30.812  render           | Saved: 'C:\Users\iputu\Documents\Wonder Chess\art-source\asset-studio\wc_u_human_guardian\stages\body-costume\BW6\shoulder\motion\r002\front\frame_0068.png'
00:31.094  render           | Saved: 'C:\Users\iputu\Documents\Wonder Chess\art-source\asset-studio\wc_u_human_guardian\stages\body-costume\BW6\shoulder\motion\r002\front\frame_0069.png'
00:31.406  render           | Saved: 'C:\Users\iputu\Documents\Wonder Chess\art-source\asset-studio\wc_u_human_guardian\stages\body-costume\BW6\shoulder\motion\r002\front\frame_0070.png'
00:31.687  render           | Saved: 'C:\Users\iputu\Documents\Wonder Chess\art-source\asset-studio\wc_u_human_guardian\stages\body-costume\BW6\shoulder\motion\r002\front\frame_0071.png'
00:31.953  render           | Saved: 'C:\Users\iputu\Documents\Wonder Chess\art-source\asset-studio\wc_u_human_guardian\stages\body-costume\BW6\shoulder\motion\r002\front\frame_0072.png'
00:32.234  render           | Saved: 'C:\Users\iputu\Documents\Wonder Chess\art-source\asset-studio\wc_u_human_guardian\stages\body-costume\BW6\shoulder\motion\r002\front\frame_0073.png'
00:32.547  render           | Saved: 'C:\Users\iputu\Documents\Wonder Chess\art-source\asset-studio\wc_u_human_guardian\stages\body-costume\BW6\shoulder\motion\r002\front\frame_0074.png'
00:32.922  render           | Saved: 'C:\Users\iputu\Documents\Wonder Chess\art-source\asset-studio\wc_u_human_guardian\stages\body-costume\BW6\shoulder\motion\r002\front\frame_0075.png'
00:33.453  render           | Saved: 'C:\Users\iputu\Documents\Wonder Chess\art-source\asset-studio\wc_u_human_guardian\stages\body-costume\BW6\shoulder\motion\r002\front\frame_0076.png'
00:33.922  render           | Saved: 'C:\Users\iputu\Documents\Wonder Chess\art-source\asset-studio\wc_u_human_guardian\stages\body-costume\BW6\shoulder\motion\r002\front\frame_0077.png'
00:34.234  render           | Saved: 'C:\Users\iputu\Documents\Wonder Chess\art-source\asset-studio\wc_u_human_guardian\stages\body-costume\BW6\shoulder\motion\r002\front\frame_0078.png'
00:34.516  render           | Saved: 'C:\Users\iputu\Documents\Wonder Chess\art-source\asset-studio\wc_u_human_guardian\stages\body-costume\BW6\shoulder\motion\r002\front\frame_0079.png'
00:34.812  render           | Saved: 'C:\Users\iputu\Documents\Wonder Chess\art-source\asset-studio\wc_u_human_guardian\stages\body-costume\BW6\shoulder\motion\r002\front\frame_0080.png'
00:35.125  render           | Saved: 'C:\Users\iputu\Documents\Wonder Chess\art-source\asset-studio\wc_u_human_guardian\stages\body-costume\BW6\shoulder\motion\r002\front\frame_0081.png'
00:35.406  render           | Saved: 'C:\Users\iputu\Documents\Wonder Chess\art-source\asset-studio\wc_u_human_guardian\stages\body-costume\BW6\shoulder\motion\r002\front\frame_0082.png'
00:35.719  render           | Saved: 'C:\Users\iputu\Documents\Wonder Chess\art-source\asset-studio\wc_u_human_guardian\stages\body-costume\BW6\shoulder\motion\r002\front\frame_0083.png'
00:36.031  render           | Saved: 'C:\Users\iputu\Documents\Wonder Chess\art-source\asset-studio\wc_u_human_guardian\stages\body-costume\BW6\shoulder\motion\r002\front\frame_0084.png'
00:36.406  render           | Saved: 'C:\Users\iputu\Documents\Wonder Chess\art-source\asset-studio\wc_u_human_guardian\stages\body-costume\BW6\shoulder\motion\r002\front\frame_0085.png'
00:36.719  render           | Saved: 'C:\Users\iputu\Documents\Wonder Chess\art-source\asset-studio\wc_u_human_guardian\stages\body-costume\BW6\shoulder\motion\r002\front\frame_0086.png'
00:37.062  render           | Saved: 'C:\Users\iputu\Documents\Wonder Chess\art-source\asset-studio\wc_u_human_guardian\stages\body-costume\BW6\shoulder\motion\r002\front\frame_0087.png'
00:37.406  render           | Saved: 'C:\Users\iputu\Documents\Wonder Chess\art-source\asset-studio\wc_u_human_guardian\stages\body-costume\BW6\shoulder\motion\r002\front\frame_0088.png'
00:37.719  render           | Saved: 'C:\Users\iputu\Documents\Wonder Chess\art-source\asset-studio\wc_u_human_guardian\stages\body-costume\BW6\shoulder\motion\r002\front\frame_0089.png'
00:38.156  render           | Saved: 'C:\Users\iputu\Documents\Wonder Chess\art-source\asset-studio\wc_u_human_guardian\stages\body-costume\BW6\shoulder\motion\r002\front\frame_0090.png'
00:38.547  render           | Saved: 'C:\Users\iputu\Documents\Wonder Chess\art-source\asset-studio\wc_u_human_guardian\stages\body-costume\BW6\shoulder\motion\r002\front\frame_0091.png'
00:38.891  render           | Saved: 'C:\Users\iputu\Documents\Wonder Chess\art-source\asset-studio\wc_u_human_guardian\stages\body-costume\BW6\shoulder\motion\r002\front\frame_0092.png'
00:39.312  render           | Saved: 'C:\Users\iputu\Documents\Wonder Chess\art-source\asset-studio\wc_u_human_guardian\stages\body-costume\BW6\shoulder\motion\r002\front\frame_0093.png'
00:39.672  render           | Saved: 'C:\Users\iputu\Documents\Wonder Chess\art-source\asset-studio\wc_u_human_guardian\stages\body-costume\BW6\shoulder\motion\r002\front\frame_0094.png'
00:39.969  render           | Saved: 'C:\Users\iputu\Documents\Wonder Chess\art-source\asset-studio\wc_u_human_guardian\stages\body-costume\BW6\shoulder\motion\r002\front\frame_0095.png'
00:40.266  render           | Saved: 'C:\Users\iputu\Documents\Wonder Chess\art-source\asset-studio\wc_u_human_guardian\stages\body-costume\BW6\shoulder\motion\r002\front\frame_0096.png'
00:40.578  render           | Saved: 'C:\Users\iputu\Documents\Wonder Chess\art-source\asset-studio\wc_u_human_guardian\stages\body-costume\BW6\shoulder\motion\r002\front\frame_0097.png'
00:42.141  render           | Saved: 'C:\Users\iputu\Documents\Wonder Chess\art-source\asset-studio\wc_u_human_guardian\stages\body-costume\BW6\shoulder\motion\r002\rear\frame_0001.png'
00:42.500  render           | Saved: 'C:\Users\iputu\Documents\Wonder Chess\art-source\asset-studio\wc_u_human_guardian\stages\body-costume\BW6\shoulder\motion\r002\rear\frame_0002.png'
00:42.781  render           | Saved: 'C:\Users\iputu\Documents\Wonder Chess\art-source\asset-studio\wc_u_human_guardian\stages\body-costume\BW6\shoulder\motion\r002\rear\frame_0003.png'
00:43.219  render           | Saved: 'C:\Users\iputu\Documents\Wonder Chess\art-source\asset-studio\wc_u_human_guardian\stages\body-costume\BW6\shoulder\motion\r002\rear\frame_0004.png'
00:43.562  render           | Saved: 'C:\Users\iputu\Documents\Wonder Chess\art-source\asset-studio\wc_u_human_guardian\stages\body-costume\BW6\shoulder\motion\r002\rear\frame_0005.png'
00:43.875  render           | Saved: 'C:\Users\iputu\Documents\Wonder Chess\art-source\asset-studio\wc_u_human_guardian\stages\body-costume\BW6\shoulder\motion\r002\rear\frame_0006.png'
00:44.203  render           | Saved: 'C:\Users\iputu\Documents\Wonder Chess\art-source\asset-studio\wc_u_human_guardian\stages\body-costume\BW6\shoulder\motion\r002\rear\frame_0007.png'
00:44.547  render           | Saved: 'C:\Users\iputu\Documents\Wonder Chess\art-source\asset-studio\wc_u_human_guardian\stages\body-costume\BW6\shoulder\motion\r002\rear\frame_0008.png'
00:44.859  render           | Saved: 'C:\Users\iputu\Documents\Wonder Chess\art-source\asset-studio\wc_u_human_guardian\stages\body-costume\BW6\shoulder\motion\r002\rear\frame_0009.png'
00:45.156  render           | Saved: 'C:\Users\iputu\Documents\Wonder Chess\art-source\asset-studio\wc_u_human_guardian\stages\body-costume\BW6\shoulder\motion\r002\rear\frame_0010.png'
00:45.437  render           | Saved: 'C:\Users\iputu\Documents\Wonder Chess\art-source\asset-studio\wc_u_human_guardian\stages\body-costume\BW6\shoulder\motion\r002\rear\frame_0011.png'
00:45.797  render           | Saved: 'C:\Users\iputu\Documents\Wonder Chess\art-source\asset-studio\wc_u_human_guardian\stages\body-costume\BW6\shoulder\motion\r002\rear\frame_0012.png'
00:46.109  render           | Saved: 'C:\Users\iputu\Documents\Wonder Chess\art-source\asset-studio\wc_u_human_guardian\stages\body-costume\BW6\shoulder\motion\r002\rear\frame_0013.png'
00:46.547  render           | Saved: 'C:\Users\iputu\Documents\Wonder Chess\art-source\asset-studio\wc_u_human_guardian\stages\body-costume\BW6\shoulder\motion\r002\rear\frame_0014.png'
00:47.000  render           | Saved: 'C:\Users\iputu\Documents\Wonder Chess\art-source\asset-studio\wc_u_human_guardian\stages\body-costume\BW6\shoulder\motion\r002\rear\frame_0015.png'
00:47.422  render           | Saved: 'C:\Users\iputu\Documents\Wonder Chess\art-source\asset-studio\wc_u_human_guardian\stages\body-costume\BW6\shoulder\motion\r002\rear\frame_0016.png'
00:47.875  render           | Saved: 'C:\Users\iputu\Documents\Wonder Chess\art-source\asset-studio\wc_u_human_guardian\stages\body-costume\BW6\shoulder\motion\r002\rear\frame_0017.png'
00:48.297  render           | Saved: 'C:\Users\iputu\Documents\Wonder Chess\art-source\asset-studio\wc_u_human_guardian\stages\body-costume\BW6\shoulder\motion\r002\rear\frame_0018.png'
00:48.687  render           | Saved: 'C:\Users\iputu\Documents\Wonder Chess\art-source\asset-studio\wc_u_human_guardian\stages\body-costume\BW6\shoulder\motion\r002\rear\frame_0019.png'
00:49.000  render           | Saved: 'C:\Users\iputu\Documents\Wonder Chess\art-source\asset-studio\wc_u_human_guardian\stages\body-costume\BW6\shoulder\motion\r002\rear\frame_0020.png'
00:49.328  render           | Saved: 'C:\Users\iputu\Documents\Wonder Chess\art-source\asset-studio\wc_u_human_guardian\stages\body-costume\BW6\shoulder\motion\r002\rear\frame_0021.png'
00:49.609  render           | Saved: 'C:\Users\iputu\Documents\Wonder Chess\art-source\asset-studio\wc_u_human_guardian\stages\body-costume\BW6\shoulder\motion\r002\rear\frame_0022.png'
00:49.953  render           | Saved: 'C:\Users\iputu\Documents\Wonder Chess\art-source\asset-studio\wc_u_human_guardian\stages\body-costume\BW6\shoulder\motion\r002\rear\frame_0023.png'
00:50.266  render           | Saved: 'C:\Users\iputu\Documents\Wonder Chess\art-source\asset-studio\wc_u_human_guardian\stages\body-costume\BW6\shoulder\motion\r002\rear\frame_0024.png'
00:50.594  render           | Saved: 'C:\Users\iputu\Documents\Wonder Chess\art-source\asset-studio\wc_u_human_guardian\stages\body-costume\BW6\shoulder\motion\r002\rear\frame_0025.png'
00:50.906  render           | Saved: 'C:\Users\iputu\Documents\Wonder Chess\art-source\asset-studio\wc_u_human_guardian\stages\body-costume\BW6\shoulder\motion\r002\rear\frame_0026.png'
00:51.219  render           | Saved: 'C:\Users\iputu\Documents\Wonder Chess\art-source\asset-studio\wc_u_human_guardian\stages\body-costume\BW6\shoulder\motion\r002\rear\frame_0027.png'
00:51.578  render           | Saved: 'C:\Users\iputu\Documents\Wonder Chess\art-source\asset-studio\wc_u_human_guardian\stages\body-costume\BW6\shoulder\motion\r002\rear\frame_0028.png'
00:51.875  render           | Saved: 'C:\Users\iputu\Documents\Wonder Chess\art-source\asset-studio\wc_u_human_guardian\stages\body-costume\BW6\shoulder\motion\r002\rear\frame_0029.png'
00:52.187  render           | Saved: 'C:\Users\iputu\Documents\Wonder Chess\art-source\asset-studio\wc_u_human_guardian\stages\body-costume\BW6\shoulder\motion\r002\rear\frame_0030.png'
00:52.484  render           | Saved: 'C:\Users\iputu\Documents\Wonder Chess\art-source\asset-studio\wc_u_human_guardian\stages\body-costume\BW6\shoulder\motion\r002\rear\frame_0031.png'
00:52.828  render           | Saved: 'C:\Users\iputu\Documents\Wonder Chess\art-source\asset-studio\wc_u_human_guardian\stages\body-costume\BW6\shoulder\motion\r002\rear\frame_0032.png'
00:53.156  render           | Saved: 'C:\Users\iputu\Documents\Wonder Chess\art-source\asset-studio\wc_u_human_guardian\stages\body-costume\BW6\shoulder\motion\r002\rear\frame_0033.png'
00:53.516  render           | Saved: 'C:\Users\iputu\Documents\Wonder Chess\art-source\asset-studio\wc_u_human_guardian\stages\body-costume\BW6\shoulder\motion\r002\rear\frame_0034.png'
00:53.891  render           | Saved: 'C:\Users\iputu\Documents\Wonder Chess\art-source\asset-studio\wc_u_human_guardian\stages\body-costume\BW6\shoulder\motion\r002\rear\frame_0035.png'
00:54.250  render           | Saved: 'C:\Users\iputu\Documents\Wonder Chess\art-source\asset-studio\wc_u_human_guardian\stages\body-costume\BW6\shoulder\motion\r002\rear\frame_0036.png'
00:54.562  render           | Saved: 'C:\Users\iputu\Documents\Wonder Chess\art-source\asset-studio\wc_u_human_guardian\stages\body-costume\BW6\shoulder\motion\r002\rear\frame_0037.png'
00:54.859  render           | Saved: 'C:\Users\iputu\Documents\Wonder Chess\art-source\asset-studio\wc_u_human_guardian\stages\body-costume\BW6\shoulder\motion\r002\rear\frame_0038.png'
00:55.172  render           | Saved: 'C:\Users\iputu\Documents\Wonder Chess\art-source\asset-studio\wc_u_human_guardian\stages\body-costume\BW6\shoulder\motion\r002\rear\frame_0039.png'
00:55.437  render           | Saved: 'C:\Users\iputu\Documents\Wonder Chess\art-source\asset-studio\wc_u_human_guardian\stages\body-costume\BW6\shoulder\motion\r002\rear\frame_0040.png'
00:55.750  render           | Saved: 'C:\Users\iputu\Documents\Wonder Chess\art-source\asset-studio\wc_u_human_guardian\stages\body-costume\BW6\shoulder\motion\r002\rear\frame_0041.png'
00:56.062  render           | Saved: 'C:\Users\iputu\Documents\Wonder Chess\art-source\asset-studio\wc_u_human_guardian\stages\body-costume\BW6\shoulder\motion\r002\rear\frame_0042.png'
00:56.359  render           | Saved: 'C:\Users\iputu\Documents\Wonder Chess\art-source\asset-studio\wc_u_human_guardian\stages\body-costume\BW6\shoulder\motion\r002\rear\frame_0043.png'
00:56.641  render           | Saved: 'C:\Users\iputu\Documents\Wonder Chess\art-source\asset-studio\wc_u_human_guardian\stages\body-costume\BW6\shoulder\motion\r002\rear\frame_0044.png'
00:56.953  render           | Saved: 'C:\Users\iputu\Documents\Wonder Chess\art-source\asset-studio\wc_u_human_guardian\stages\body-costume\BW6\shoulder\motion\r002\rear\frame_0045.png'
00:57.328  render           | Saved: 'C:\Users\iputu\Documents\Wonder Chess\art-source\asset-studio\wc_u_human_guardian\stages\body-costume\BW6\shoulder\motion\r002\rear\frame_0046.png'
00:57.625  render           | Saved: 'C:\Users\iputu\Documents\Wonder Chess\art-source\asset-studio\wc_u_human_guardian\stages\body-costume\BW6\shoulder\motion\r002\rear\frame_0047.png'
00:57.922  render           | Saved: 'C:\Users\iputu\Documents\Wonder Chess\art-source\asset-studio\wc_u_human_guardian\stages\body-costume\BW6\shoulder\motion\r002\rear\frame_0048.png'
00:58.250  render           | Saved: 'C:\Users\iputu\Documents\Wonder Chess\art-source\asset-studio\wc_u_human_guardian\stages\body-costume\BW6\shoulder\motion\r002\rear\frame_0049.png'
00:58.609  render           | Saved: 'C:\Users\iputu\Documents\Wonder Chess\art-source\asset-studio\wc_u_human_guardian\stages\body-costume\BW6\shoulder\motion\r002\rear\frame_0050.png'
00:58.937  render           | Saved: 'C:\Users\iputu\Documents\Wonder Chess\art-source\asset-studio\wc_u_human_guardian\stages\body-costume\BW6\shoulder\motion\r002\rear\frame_0051.png'
00:59.250  render           | Saved: 'C:\Users\iputu\Documents\Wonder Chess\art-source\asset-studio\wc_u_human_guardian\stages\body-costume\BW6\shoulder\motion\r002\rear\frame_0052.png'
00:59.531  render           | Saved: 'C:\Users\iputu\Documents\Wonder Chess\art-source\asset-studio\wc_u_human_guardian\stages\body-costume\BW6\shoulder\motion\r002\rear\frame_0053.png'
00:59.875  render           | Saved: 'C:\Users\iputu\Documents\Wonder Chess\art-source\asset-studio\wc_u_human_guardian\stages\body-costume\BW6\shoulder\motion\r002\rear\frame_0054.png'
01:00.156  render           | Saved: 'C:\Users\iputu\Documents\Wonder Chess\art-source\asset-studio\wc_u_human_guardian\stages\body-costume\BW6\shoulder\motion\r002\rear\frame_0055.png'
01:00.500  render           | Saved: 'C:\Users\iputu\Documents\Wonder Chess\art-source\asset-studio\wc_u_human_guardian\stages\body-costume\BW6\shoulder\motion\r002\rear\frame_0056.png'
01:00.781  render           | Saved: 'C:\Users\iputu\Documents\Wonder Chess\art-source\asset-studio\wc_u_human_guardian\stages\body-costume\BW6\shoulder\motion\r002\rear\frame_0057.png'
01:01.078  render           | Saved: 'C:\Users\iputu\Documents\Wonder Chess\art-source\asset-studio\wc_u_human_guardian\stages\body-costume\BW6\shoulder\motion\r002\rear\frame_0058.png'
01:01.391  render           | Saved: 'C:\Users\iputu\Documents\Wonder Chess\art-source\asset-studio\wc_u_human_guardian\stages\body-costume\BW6\shoulder\motion\r002\rear\frame_0059.png'
01:01.672  render           | Saved: 'C:\Users\iputu\Documents\Wonder Chess\art-source\asset-studio\wc_u_human_guardian\stages\body-costume\BW6\shoulder\motion\r002\rear\frame_0060.png'
01:01.984  render           | Saved: 'C:\Users\iputu\Documents\Wonder Chess\art-source\asset-studio\wc_u_human_guardian\stages\body-costume\BW6\shoulder\motion\r002\rear\frame_0061.png'
01:02.266  render           | Saved: 'C:\Users\iputu\Documents\Wonder Chess\art-source\asset-studio\wc_u_human_guardian\stages\body-costume\BW6\shoulder\motion\r002\rear\frame_0062.png'
01:02.594  render           | Saved: 'C:\Users\iputu\Documents\Wonder Chess\art-source\asset-studio\wc_u_human_guardian\stages\body-costume\BW6\shoulder\motion\r002\rear\frame_0063.png'
01:02.922  render           | Saved: 'C:\Users\iputu\Documents\Wonder Chess\art-source\asset-studio\wc_u_human_guardian\stages\body-costume\BW6\shoulder\motion\r002\rear\frame_0064.png'
01:03.234  render           | Saved: 'C:\Users\iputu\Documents\Wonder Chess\art-source\asset-studio\wc_u_human_guardian\stages\body-costume\BW6\shoulder\motion\r002\rear\frame_0065.png'
01:03.594  render           | Saved: 'C:\Users\iputu\Documents\Wonder Chess\art-source\asset-studio\wc_u_human_guardian\stages\body-costume\BW6\shoulder\motion\r002\rear\frame_0066.png'
01:03.953  render           | Saved: 'C:\Users\iputu\Documents\Wonder Chess\art-source\asset-studio\wc_u_human_guardian\stages\body-costume\BW6\shoulder\motion\r002\rear\frame_0067.png'
01:04.281  render           | Saved: 'C:\Users\iputu\Documents\Wonder Chess\art-source\asset-studio\wc_u_human_guardian\stages\body-costume\BW6\shoulder\motion\r002\rear\frame_0068.png'
01:04.609  render           | Saved: 'C:\Users\iputu\Documents\Wonder Chess\art-source\asset-studio\wc_u_human_guardian\stages\body-costume\BW6\shoulder\motion\r002\rear\frame_0069.png'
01:04.922  render           | Saved: 'C:\Users\iputu\Documents\Wonder Chess\art-source\asset-studio\wc_u_human_guardian\stages\body-costume\BW6\shoulder\motion\r002\rear\frame_0070.png'
01:05.219  render           | Saved: 'C:\Users\iputu\Documents\Wonder Chess\art-source\asset-studio\wc_u_human_guardian\stages\body-costume\BW6\shoulder\motion\r002\rear\frame_0071.png'
01:05.547  render           | Saved: 'C:\Users\iputu\Documents\Wonder Chess\art-source\asset-studio\wc_u_human_guardian\stages\body-costume\BW6\shoulder\motion\r002\rear\frame_0072.png'
01:05.906  render           | Saved: 'C:\Users\iputu\Documents\Wonder Chess\art-source\asset-studio\wc_u_human_guardian\stages\body-costume\BW6\shoulder\motion\r002\rear\frame_0073.png'
01:06.344  render           | Saved: 'C:\Users\iputu\Documents\Wonder Chess\art-source\asset-studio\wc_u_human_guardian\stages\body-costume\BW6\shoulder\motion\r002\rear\frame_0074.png'
01:06.719  render           | Saved: 'C:\Users\iputu\Documents\Wonder Chess\art-source\asset-studio\wc_u_human_guardian\stages\body-costume\BW6\shoulder\motion\r002\rear\frame_0075.png'
01:07.016  render           | Saved: 'C:\Users\iputu\Documents\Wonder Chess\art-source\asset-studio\wc_u_human_guardian\stages\body-costume\BW6\shoulder\motion\r002\rear\frame_0076.png'
01:07.344  render           | Saved: 'C:\Users\iputu\Documents\Wonder Chess\art-source\asset-studio\wc_u_human_guardian\stages\body-costume\BW6\shoulder\motion\r002\rear\frame_0077.png'
01:07.719  render           | Saved: 'C:\Users\iputu\Documents\Wonder Chess\art-source\asset-studio\wc_u_human_guardian\stages\body-costume\BW6\shoulder\motion\r002\rear\frame_0078.png'
01:08.344  render           | Saved: 'C:\Users\iputu\Documents\Wonder Chess\art-source\asset-studio\wc_u_human_guardian\stages\body-costume\BW6\shoulder\motion\r002\rear\frame_0079.png'
01:08.812  render           | Saved: 'C:\Users\iputu\Documents\Wonder Chess\art-source\asset-studio\wc_u_human_guardian\stages\body-costume\BW6\shoulder\motion\r002\rear\frame_0080.png'
01:09.234  render           | Saved: 'C:\Users\iputu\Documents\Wonder Chess\art-source\asset-studio\wc_u_human_guardian\stages\body-costume\BW6\shoulder\motion\r002\rear\frame_0081.png'
01:09.562  render           | Saved: 'C:\Users\iputu\Documents\Wonder Chess\art-source\asset-studio\wc_u_human_guardian\stages\body-costume\BW6\shoulder\motion\r002\rear\frame_0082.png'
01:09.875  render           | Saved: 'C:\Users\iputu\Documents\Wonder Chess\art-source\asset-studio\wc_u_human_guardian\stages\body-costume\BW6\shoulder\motion\r002\rear\frame_0083.png'
01:10.156  render           | Saved: 'C:\Users\iputu\Documents\Wonder Chess\art-source\asset-studio\wc_u_human_guardian\stages\body-costume\BW6\shoulder\motion\r002\rear\frame_0084.png'
01:10.531  render           | Saved: 'C:\Users\iputu\Documents\Wonder Chess\art-source\asset-studio\wc_u_human_guardian\stages\body-costume\BW6\shoulder\motion\r002\rear\frame_0085.png'
01:11.016  render           | Saved: 'C:\Users\iputu\Documents\Wonder Chess\art-source\asset-studio\wc_u_human_guardian\stages\body-costume\BW6\shoulder\motion\r002\rear\frame_0086.png'
01:11.375  render           | Saved: 'C:\Users\iputu\Documents\Wonder Chess\art-source\asset-studio\wc_u_human_guardian\stages\body-costume\BW6\shoulder\motion\r002\rear\frame_0087.png'
01:11.703  render           | Saved: 'C:\Users\iputu\Documents\Wonder Chess\art-source\asset-studio\wc_u_human_guardian\stages\body-costume\BW6\shoulder\motion\r002\rear\frame_0088.png'
01:12.062  render           | Saved: 'C:\Users\iputu\Documents\Wonder Chess\art-source\asset-studio\wc_u_human_guardian\stages\body-costume\BW6\shoulder\motion\r002\rear\frame_0089.png'
01:12.422  render           | Saved: 'C:\Users\iputu\Documents\Wonder Chess\art-source\asset-studio\wc_u_human_guardian\stages\body-costume\BW6\shoulder\motion\r002\rear\frame_0090.png'
01:12.828  render           | Saved: 'C:\Users\iputu\Documents\Wonder Chess\art-source\asset-studio\wc_u_human_guardian\stages\body-costume\BW6\shoulder\motion\r002\rear\frame_0091.png'
01:13.109  render           | Saved: 'C:\Users\iputu\Documents\Wonder Chess\art-source\asset-studio\wc_u_human_guardian\stages\body-costume\BW6\shoulder\motion\r002\rear\frame_0092.png'
01:13.453  render           | Saved: 'C:\Users\iputu\Documents\Wonder Chess\art-source\asset-studio\wc_u_human_guardian\stages\body-costume\BW6\shoulder\motion\r002\rear\frame_0093.png'
01:13.766  render           | Saved: 'C:\Users\iputu\Documents\Wonder Chess\art-source\asset-studio\wc_u_human_guardian\stages\body-costume\BW6\shoulder\motion\r002\rear\frame_0094.png'
01:14.094  render           | Saved: 'C:\Users\iputu\Documents\Wonder Chess\art-source\asset-studio\wc_u_human_guardian\stages\body-costume\BW6\shoulder\motion\r002\rear\frame_0095.png'
01:14.500  render           | Saved: 'C:\Users\iputu\Documents\Wonder Chess\art-source\asset-studio\wc_u_human_guardian\stages\body-costume\BW6\shoulder\motion\r002\rear\frame_0096.png'
01:14.906  render           | Saved: 'C:\Users\iputu\Documents\Wonder Chess\art-source\asset-studio\wc_u_human_guardian\stages\body-costume\BW6\shoulder\motion\r002\rear\frame_0097.png'
01:15.250  render           | Video append frame 1
01:15.281  render           | Video append frame 2
01:15.312  render           | Video append frame 3
01:15.344  render           | Video append frame 4
01:15.375  render           | Video append frame 5
01:15.422  render           | Video append frame 6
01:15.453  render           | Video append frame 7
01:15.484  render           | Video append frame 8
01:15.516  render           | Video append frame 9
01:15.547  render           | Video append frame 10
01:15.594  render           | Video append frame 11
01:15.625  render           | Video append frame 12
01:15.656  render           | Video append frame 13
01:15.687  render           | Video append frame 14
01:15.719  render           | Video append frame 15
01:15.750  render           | Video append frame 16
01:15.781  render           | Video append frame 17
01:15.812  render           | Video append frame 18
01:15.859  render           | Video append frame 19
01:15.875  render           | Video append frame 20
01:15.906  render           | Video append frame 21
01:15.937  render           | Video append frame 22
01:15.969  render           | Video append frame 23
01:16.000  render           | Video append frame 24
01:16.031  render           | Video append frame 25
01:16.062  render           | Video append frame 26
01:16.094  render           | Video append frame 27
01:16.125  render           | Video append frame 28
01:16.156  render           | Video append frame 29
01:16.187  render           | Video append frame 30
01:16.219  render           | Video append frame 31
01:16.250  render           | Video append frame 32
01:16.266  render           | Video append frame 33
01:16.312  render           | Video append frame 34
01:16.344  render           | Video append frame 35
01:16.375  render           | Video append frame 36
01:16.406  render           | Video append frame 37
01:16.437  render           | Video append frame 38
01:16.469  render           | Video append frame 39
01:16.500  render           | Video append frame 40
01:16.531  render           | Video append frame 41
01:16.562  render           | Video append frame 42
01:16.594  render           | Video append frame 43
01:16.625  render           | Video append frame 44
01:16.656  render           | Video append frame 45
01:16.687  render           | Video append frame 46
01:16.750  render           | Video append frame 47
01:16.797  render           | Video append frame 48
01:16.828  render           | Video append frame 49
01:16.859  render           | Video append frame 50
01:16.891  render           | Video append frame 51
01:16.922  render           | Video append frame 52
01:16.953  render           | Video append frame 53
01:16.969  render           | Video append frame 54
01:17.000  render           | Video append frame 55
01:17.047  render           | Video append frame 56
01:17.078  render           | Video append frame 57
01:17.109  render           | Video append frame 58
01:17.141  render           | Video append frame 59
01:17.172  render           | Video append frame 60
01:17.203  render           | Video append frame 61
01:17.234  render           | Video append frame 62
01:17.266  render           | Video append frame 63
01:17.297  render           | Video append frame 64
01:17.328  render           | Video append frame 65
01:17.375  render           | Video append frame 66
01:17.406  render           | Video append frame 67
01:17.437  render           | Video append frame 68
01:17.469  render           | Video append frame 69
01:17.500  render           | Video append frame 70
01:17.516  render           | Video append frame 71
01:17.547  render           | Video append frame 72
01:17.578  render           | Video append frame 73
01:17.609  render           | Video append frame 74
01:17.641  render           | Video append frame 75
01:17.672  render           | Video append frame 76
01:17.703  render           | Video append frame 77
01:17.734  render           | Video append frame 78
01:17.766  render           | Video append frame 79
01:17.797  render           | Video append frame 80
01:17.828  render           | Video append frame 81
01:17.859  render           | Video append frame 82
01:17.891  render           | Video append frame 83
01:17.922  render           | Video append frame 84
01:17.953  render           | Video append frame 85
01:17.984  render           | Video append frame 86
01:18.016  render           | Video append frame 87
01:18.047  render           | Video append frame 88
01:18.078  render           | Video append frame 89
01:18.109  render           | Video append frame 90
01:18.141  render           | Video append frame 91
01:18.172  render           | Video append frame 92
01:18.203  render           | Video append frame 93
01:18.250  render           | Video append frame 94
01:18.281  render           | Video append frame 95
01:18.312  render           | Video append frame 96
01:18.359  render           | Video append frame 97
DUAL_VIEW_MOTION_COMPLETE
Blender 5.1.1 (hash b70da489d7f4 built 2026-04-14 01:37:22)

Blender quit
