00:03.953  blend            | Read blend: "C:\Users\iputu\Documents\Wonder Chess\art-source\asset-studio\wc_u_human_guardian\stages\body-costume\BW6\shoulder\ada_bw6_shoulder_shared_support_recut.blend"
00:19.781  blend            | Read blend: "C:\Users\iputu\Documents\Wonder Chess\art-source\asset-studio\wc_u_human_guardian\stages\body-costume\BW6\shoulder\ada_bw6_shoulder_shared_support_recut.blend"
{'maximum_sampled_attachment_travel_mm': {'BW6_Pauldron_R_Lame1': 8.43422048093973, 'BW6_Pauldron_R_Lame2': 10.554278199504132}, 'maximum_transform_scale_deviation': 6.198883056640625e-06, 'sampled_gap_range_mm': [6.603452377021313, 24.460453540086746]}
AUDIT 54.5 {'BW6_Pauldron_R_Cap': 0, 'BW6_Pauldron_R_Lame1': 0, 'BW6_Pauldron_R_Lame2': 0} {'BW6_Pauldron_R_Cap': {'raw': 0, 'evaluated': 0}, 'BW6_Pauldron_R_Lame1': {'raw': 0, 'evaluated': 0}, 'BW6_Pauldron_R_Lame2': {'raw': 0, 'evaluated': 0}}
AUDIT 55.5 {'BW6_Pauldron_R_Cap': 0, 'BW6_Pauldron_R_Lame1': 0, 'BW6_Pauldron_R_Lame2': 0} {'BW6_Pauldron_R_Cap': {'raw': 0, 'evaluated': 0}, 'BW6_Pauldron_R_Lame1': {'raw': 0, 'evaluated': 0}, 'BW6_Pauldron_R_Lame2': {'raw': 0, 'evaluated': 0}}
AUDIT 56.5 {'BW6_Pauldron_R_Cap': 0, 'BW6_Pauldron_R_Lame1': 0, 'BW6_Pauldron_R_Lame2': 0} {'BW6_Pauldron_R_Cap': {'raw': 0, 'evaluated': 0}, 'BW6_Pauldron_R_Lame1': {'raw': 0, 'evaluated': 0}, 'BW6_Pauldron_R_Lame2': {'raw': 0, 'evaluated': 0}}
AUDIT 57.5 {'BW6_Pauldron_R_Cap': 0, 'BW6_Pauldron_R_Lame1': 0, 'BW6_Pauldron_R_Lame2': 0} {'BW6_Pauldron_R_Cap': {'raw': 0, 'evaluated': 0}, 'BW6_Pauldron_R_Lame1': {'raw': 0, 'evaluated': 0}, 'BW6_Pauldron_R_Lame2': {'raw': 0, 'evaluated': 0}}
AUDIT 58.5 {'BW6_Pauldron_R_Cap': 0, 'BW6_Pauldron_R_Lame1': 0, 'BW6_Pauldron_R_Lame2': 0} {'BW6_Pauldron_R_Cap': {'raw': 0, 'evaluated': 0}, 'BW6_Pauldron_R_Lame1': {'raw': 0, 'evaluated': 0}, 'BW6_Pauldron_R_Lame2': {'raw': 0, 'evaluated': 0}}
AUDIT 59.5 {'BW6_Pauldron_R_Cap': 0, 'BW6_Pauldron_R_Lame1': 0, 'BW6_Pauldron_R_Lame2': 0} {'BW6_Pauldron_R_Cap': {'raw': 0, 'evaluated': 0}, 'BW6_Pauldron_R_Lame1': {'raw': 0, 'evaluated': 0}, 'BW6_Pauldron_R_Lame2': {'raw': 0, 'evaluated': 0}}
AUDIT 60.5 {'BW6_Pauldron_R_Cap': 0, 'BW6_Pauldron_R_Lame1': 0, 'BW6_Pauldron_R_Lame2': 0} {'BW6_Pauldron_R_Cap': {'raw': 0, 'evaluated': 0}, 'BW6_Pauldron_R_Lame1': {'raw': 0, 'evaluated': 0}, 'BW6_Pauldron_R_Lame2': {'raw': 0, 'evaluated': 0}}
AUDIT 61.5 {'BW6_Pauldron_R_Cap': 0, 'BW6_Pauldron_R_Lame1': 0, 'BW6_Pauldron_R_Lame2': 0} {'BW6_Pauldron_R_Cap': {'raw': 0, 'evaluated': 0}, 'BW6_Pauldron_R_Lame1': {'raw': 0, 'evaluated': 0}, 'BW6_Pauldron_R_Lame2': {'raw': 0, 'evaluated': 0}}
AUDIT 62.5 {'BW6_Pauldron_R_Cap': 0, 'BW6_Pauldron_R_Lame1': 0, 'BW6_Pauldron_R_Lame2': 0} {'BW6_Pauldron_R_Cap': {'raw': 0, 'evaluated': 0}, 'BW6_Pauldron_R_Lame1': {'raw': 0, 'evaluated': 0}, 'BW6_Pauldron_R_Lame2': {'raw': 0, 'evaluated': 0}}
AUDIT 63.5 {'BW6_Pauldron_R_Cap': 0, 'BW6_Pauldron_R_Lame1': 0, 'BW6_Pauldron_R_Lame2': 0} {'BW6_Pauldron_R_Cap': {'raw': 0, 'evaluated': 0}, 'BW6_Pauldron_R_Lame1': {'raw': 0, 'evaluated': 0}, 'BW6_Pauldron_R_Lame2': {'raw': 0, 'evaluated': 0}}
AUDIT 64.5 {'BW6_Pauldron_R_Cap': 0, 'BW6_Pauldron_R_Lame1': 0, 'BW6_Pauldron_R_Lame2': 0} {'BW6_Pauldron_R_Cap': {'raw': 0, 'evaluated': 0}, 'BW6_Pauldron_R_Lame1': {'raw': 0, 'evaluated': 0}, 'BW6_Pauldron_R_Lame2': {'raw': 0, 'evaluated': 0}}
AUDIT 65.5 {'BW6_Pauldron_R_Cap': 0, 'BW6_Pauldron_R_Lame1': 0, 'BW6_Pauldron_R_Lame2': 0} {'BW6_Pauldron_R_Cap': {'raw': 0, 'evaluated': 0}, 'BW6_Pauldron_R_Lame1': {'raw': 0, 'evaluated': 0}, 'BW6_Pauldron_R_Lame2': {'raw': 0, 'evaluated': 0}}
AUDIT 66.5 {'BW6_Pauldron_R_Cap': 0, 'BW6_Pauldron_R_Lame1': 0, 'BW6_Pauldron_R_Lame2': 0} {'BW6_Pauldron_R_Cap': {'raw': 0, 'evaluated': 0}, 'BW6_Pauldron_R_Lame1': {'raw': 0, 'evaluated': 0}, 'BW6_Pauldron_R_Lame2': {'raw': 0, 'evaluated': 0}}
AUDIT 67.5 {'BW6_Pauldron_R_Cap': 0, 'BW6_Pauldron_R_Lame1': 0, 'BW6_Pauldron_R_Lame2': 0} {'BW6_Pauldron_R_Cap': {'raw': 0, 'evaluated': 0}, 'BW6_Pauldron_R_Lame1': {'raw': 0, 'evaluated': 0}, 'BW6_Pauldron_R_Lame2': {'raw': 0, 'evaluated': 0}}
AUDIT 68.5 {'BW6_Pauldron_R_Cap': 0, 'BW6_Pauldron_R_Lame1': 0, 'BW6_Pauldron_R_Lame2': 0} {'BW6_Pauldron_R_Cap': {'raw': 0, 'evaluated': 0}, 'BW6_Pauldron_R_Lame1': {'raw': 0, 'evaluated': 0}, 'BW6_Pauldron_R_Lame2': {'raw': 0, 'evaluated': 0}}
AUDIT 69.5 {'BW6_Pauldron_R_Cap': 0, 'BW6_Pauldron_R_Lame1': 0, 'BW6_Pauldron_R_Lame2': 0} {'BW6_Pauldron_R_Cap': {'raw': 0, 'evaluated': 0}, 'BW6_Pauldron_R_Lame1': {'raw': 0, 'evaluated': 0}, 'BW6_Pauldron_R_Lame2': {'raw': 0, 'evaluated': 0}}
AUDIT 70.5 {'BW6_Pauldron_R_Cap': 0, 'BW6_Pauldron_R_Lame1': 0, 'BW6_Pauldron_R_Lame2': 0} {'BW6_Pauldron_R_Cap': {'raw': 0, 'evaluated': 0}, 'BW6_Pauldron_R_Lame1': {'raw': 0, 'evaluated': 0}, 'BW6_Pauldron_R_Lame2': {'raw': 0, 'evaluated': 0}}
AUDIT 71.5 {'BW6_Pauldron_R_Cap': 0, 'BW6_Pauldron_R_Lame1': 0, 'BW6_Pauldron_R_Lame2': 0} {'BW6_Pauldron_R_Cap': {'raw': 0, 'evaluated': 0}, 'BW6_Pauldron_R_Lame1': {'raw': 0, 'evaluated': 0}, 'BW6_Pauldron_R_Lame2': {'raw': 0, 'evaluated': 0}}
AUDIT 72.5 {'BW6_Pauldron_R_Cap': 0, 'BW6_Pauldron_R_Lame1': 0, 'BW6_Pauldron_R_Lame2': 0} {'BW6_Pauldron_R_Cap': {'raw': 0, 'evaluated': 0}, 'BW6_Pauldron_R_Lame1': {'raw': 0, 'evaluated': 0}, 'BW6_Pauldron_R_Lame2': {'raw': 0, 'evaluated': 0}}
AUDIT 73.5 {'BW6_Pauldron_R_Cap': 0, 'BW6_Pauldron_R_Lame1': 0, 'BW6_Pauldron_R_Lame2': 0} {'BW6_Pauldron_R_Cap': {'raw': 0, 'evaluated': 0}, 'BW6_Pauldron_R_Lame1': {'raw': 0, 'evaluated': 0}, 'BW6_Pauldron_R_Lame2': {'raw': 0, 'evaluated': 0}}
AUDIT 74.5 {'BW6_Pauldron_R_Cap': 0, 'BW6_Pauldron_R_Lame1': 0, 'BW6_Pauldron_R_Lame2': 0} {'BW6_Pauldron_R_Cap': {'raw': 0, 'evaluated': 0}, 'BW6_Pauldron_R_Lame1': {'raw': 0, 'evaluated': 0}, 'BW6_Pauldron_R_Lame2': {'raw': 0, 'evaluated': 0}}
AUDIT 75.5 {'BW6_Pauldron_R_Cap': 0, 'BW6_Pauldron_R_Lame1': 0, 'BW6_Pauldron_R_Lame2': 0} {'BW6_Pauldron_R_Cap': {'raw': 0, 'evaluated': 0}, 'BW6_Pauldron_R_Lame1': {'raw': 0, 'evaluated': 0}, 'BW6_Pauldron_R_Lame2': {'raw': 0, 'evaluated': 0}}
AUDIT 76.5 {'BW6_Pauldron_R_Cap': 0, 'BW6_Pauldron_R_Lame1': 0, 'BW6_Pauldron_R_Lame2': 0} {'BW6_Pauldron_R_Cap': {'raw': 0, 'evaluated': 0}, 'BW6_Pauldron_R_Lame1': {'raw': 0, 'evaluated': 0}, 'BW6_Pauldron_R_Lame2': {'raw': 0, 'evaluated': 0}}
AUDIT 77.5 {'BW6_Pauldron_R_Cap': 0, 'BW6_Pauldron_R_Lame1': 0, 'BW6_Pauldron_R_Lame2': 0} {'BW6_Pauldron_R_Cap': {'raw': 0, 'evaluated': 0}, 'BW6_Pauldron_R_Lame1': {'raw': 0, 'evaluated': 0}, 'BW6_Pauldron_R_Lame2': {'raw': 0, 'evaluated': 0}}
AUDIT 78.5 {'BW6_Pauldron_R_Cap': 0, 'BW6_Pauldron_R_Lame1': 0, 'BW6_Pauldron_R_Lame2': 0} {'BW6_Pauldron_R_Cap': {'raw': 0, 'evaluated': 0}, 'BW6_Pauldron_R_Lame1': {'raw': 0, 'evaluated': 0}, 'BW6_Pauldron_R_Lame2': {'raw': 0, 'evaluated': 0}}
AUDIT 79.5 {'BW6_Pauldron_R_Cap': 0, 'BW6_Pauldron_R_Lame1': 0, 'BW6_Pauldron_R_Lame2': 0} {'BW6_Pauldron_R_Cap': {'raw': 0, 'evaluated': 0}, 'BW6_Pauldron_R_Lame1': {'raw': 0, 'evaluated': 0}, 'BW6_Pauldron_R_Lame2': {'raw': 0, 'evaluated': 0}}
AUDIT 80.5 {'BW6_Pauldron_R_Cap': 0, 'BW6_Pauldron_R_Lame1': 0, 'BW6_Pauldron_R_Lame2': 0} {'BW6_Pauldron_R_Cap': {'raw': 0, 'evaluated': 0}, 'BW6_Pauldron_R_Lame1': {'raw': 0, 'evaluated': 0}, 'BW6_Pauldron_R_Lame2': {'raw': 0, 'evaluated': 0}}
AUDIT 81.5 {'BW6_Pauldron_R_Cap': 0, 'BW6_Pauldron_R_Lame1': 0, 'BW6_Pauldron_R_Lame2': 0} {'BW6_Pauldron_R_Cap': {'raw': 0, 'evaluated': 0}, 'BW6_Pauldron_R_Lame1': {'raw': 0, 'evaluated': 0}, 'BW6_Pauldron_R_Lame2': {'raw': 0, 'evaluated': 0}}
AUDIT 82.5 {'BW6_Pauldron_R_Cap': 0, 'BW6_Pauldron_R_Lame1': 0, 'BW6_Pauldron_R_Lame2': 0} {'BW6_Pauldron_R_Cap': {'raw': 0, 'evaluated': 0}, 'BW6_Pauldron_R_Lame1': {'raw': 0, 'evaluated': 0}, 'BW6_Pauldron_R_Lame2': {'raw': 0, 'evaluated': 0}}
AUDIT 83.5 {'BW6_Pauldron_R_Cap': 0, 'BW6_Pauldron_R_Lame1': 0, 'BW6_Pauldron_R_Lame2': 0} {'BW6_Pauldron_R_Cap': {'raw': 0, 'evaluated': 0}, 'BW6_Pauldron_R_Lame1': {'raw': 0, 'evaluated': 0}, 'BW6_Pauldron_R_Lame2': {'raw': 0, 'evaluated': 0}}
AUDIT 84.5 {'BW6_Pauldron_R_Cap': 0, 'BW6_Pauldron_R_Lame1': 0, 'BW6_Pauldron_R_Lame2': 0} {'BW6_Pauldron_R_Cap': {'raw': 0, 'evaluated': 0}, 'BW6_Pauldron_R_Lame1': {'raw': 0, 'evaluated': 0}, 'BW6_Pauldron_R_Lame2': {'raw': 0, 'evaluated': 0}}
AUDIT 85.5 {'BW6_Pauldron_R_Cap': 0, 'BW6_Pauldron_R_Lame1': 0, 'BW6_Pauldron_R_Lame2': 0} {'BW6_Pauldron_R_Cap': {'raw': 0, 'evaluated': 0}, 'BW6_Pauldron_R_Lame1': {'raw': 0, 'evaluated': 0}, 'BW6_Pauldron_R_Lame2': {'raw': 0, 'evaluated': 0}}
AUDIT 86.5 {'BW6_Pauldron_R_Cap': 0, 'BW6_Pauldron_R_Lame1': 0, 'BW6_Pauldron_R_Lame2': 0} {'BW6_Pauldron_R_Cap': {'raw': 0, 'evaluated': 0}, 'BW6_Pauldron_R_Lame1': {'raw': 0, 'evaluated': 0}, 'BW6_Pauldron_R_Lame2': {'raw': 0, 'evaluated': 0}}
AUDIT 87.5 {'BW6_Pauldron_R_Cap': 0, 'BW6_Pauldron_R_Lame1': 0, 'BW6_Pauldron_R_Lame2': 0} {'BW6_Pauldron_R_Cap': {'raw': 0, 'evaluated': 0}, 'BW6_Pauldron_R_Lame1': {'raw': 0, 'evaluated': 0}, 'BW6_Pauldron_R_Lame2': {'raw': 0, 'evaluated': 0}}
AUDIT 88.5 {'BW6_Pauldron_R_Cap': 0, 'BW6_Pauldron_R_Lame1': 0, 'BW6_Pauldron_R_Lame2': 0} {'BW6_Pauldron_R_Cap': {'raw': 0, 'evaluated': 0}, 'BW6_Pauldron_R_Lame1': {'raw': 0, 'evaluated': 0}, 'BW6_Pauldron_R_Lame2': {'raw': 0, 'evaluated': 0}}
Blender 5.1.1 (hash b70da489d7f4 built 2026-04-14 01:37:22)

Blender quit
