00:03.922  blend            | Read blend: "C:\Users\iputu\Documents\Wonder Chess\art-source\asset-studio\wc_u_human_guardian\stages\body-costume\BW6\shoulder\ada_bw6_shoulder_checkpoint_r003_ART_REVISE.blend"
00:05.172  blend            | Read blend: "C:\Users\iputu\Documents\Wonder Chess\art-source\asset-studio\wc_u_human_guardian\stages\body-costume\BW6\armor\ada_bw6_torso_simple_clamped.blend"
00:08.047  blend            | Read blend: "C:\Users\iputu\Documents\Wonder Chess\art-source\asset-studio\wc_u_human_guardian\stages\body-costume\BW6\shoulder\ada_bw6_shoulder_r003_combined_review.blend"
Info: Saved as "ada_bw6_shoulder_r003_combined_review.blend"
AUDIT 54.5 {'BW6_Pauldron_R_Cap': 0, 'BW6_Pauldron_R_Lame1': 0, 'BW6_Pauldron_R_Lame2': 0} {'BW6_Pauldron_R_Cap': {'raw': 0, 'evaluated': 0}, 'BW6_Pauldron_R_Lame1': {'raw': 0, 'evaluated': 0}, 'BW6_Pauldron_R_Lame2': {'raw': 0, 'evaluated': 0}}
AUDIT 55.5 {'BW6_Pauldron_R_Cap': 0, 'BW6_Pauldron_R_Lame1': 0, 'BW6_Pauldron_R_Lame2': 0} {'BW6_Pauldron_R_Cap': {'raw': 0, 'evaluated': 0}, 'BW6_Pauldron_R_Lame1': {'raw': 0, 'evaluated': 0}, 'BW6_Pauldron_R_Lame2': {'raw': 0, 'evaluated': 0}}
AUDIT 56.5 {'BW6_Pauldron_R_Cap': 0, 'BW6_Pauldron_R_Lame1': 0, 'BW6_Pauldron_R_Lame2': 0} {'BW6_Pauldron_R_Cap': {'raw': 0, 'evaluated': 0}, 'BW6_Pauldron_R_Lame1': {'raw': 0, 'evaluated': 0}, 'BW6_Pauldron_R_Lame2': {'raw': 0, 'evaluated': 0}}
AUDIT 57.5 {'BW6_Pauldron_R_Cap': 0, 'BW6_Pauldron_R_Lame1': 0, 'BW6_Pauldron_R_Lame2': 0} {'BW6_Pauldron_R_Cap': {'raw': 0, 'evaluated': 0}, 'BW6_Pauldron_R_Lame1': {'raw': 0, 'evaluated': 0}, 'BW6_Pauldron_R_Lame2': {'raw': 0, 'evaluated': 0}}
AUDIT 58.5 {'BW6_Pauldron_R_Cap': 0, 'BW6_Pauldron_R_Lame1': 0, 'BW6_Pauldron_R_Lame2': 0} {'BW6_Pauldron_R_Cap': {'raw': 0, 'evaluated': 0}, 'BW6_Pauldron_R_Lame1': {'raw': 0, 'evaluated': 0}, 'BW6_Pauldron_R_Lame2': {'raw': 0, 'evaluated': 0}}
AUDIT 59.5 {'BW6_Pauldron_R_Cap': 0, 'BW6_Pauldron_R_Lame1': 0, 'BW6_Pauldron_R_Lame2': 0} {'BW6_Pauldron_R_Cap': {'raw': 0, 'evaluated': 0}, 'BW6_Pauldron_R_Lame1': {'raw': 0, 'evaluated': 0}, 'BW6_Pauldron_R_Lame2': {'raw': 0, 'evaluated': 0}}
AUDIT 60.5 {'BW6_Pauldron_R_Cap': 0, 'BW6_Pauldron_R_Lame1': 0, 'BW6_Pauldron_R_Lame2': 0} {'BW6_Pauldron_R_Cap': {'raw': 0, 'evaluated': 0}, 'BW6_Pauldron_R_Lame1': {'raw': 0, 'evaluated': 0}, 'BW6_Pauldron_R_Lame2': {'raw': 0, 'evaluated': 0}}
AUDIT 61.5 {'BW6_Pauldron_R_Cap': 0, 'BW6_Pauldron_R_Lame1': 0, 'BW6_Pauldron_R_Lame2': 0} {'BW6_Pauldron_R_Cap': {'raw': 0, 'evaluated': 0}, 'BW6_Pauldron_R_Lame1': {'raw': 0, 'evaluated': 0}, 'BW6_Pauldron_R_Lame2': {'raw': 0, 'evaluated': 0}}
AUDIT 62.5 {'BW6_Pauldron_R_Cap': 0, 'BW6_Pauldron_R_Lame1': 0, 'BW6_Pauldron_R_Lame2': 0} {'BW6_Pauldron_R_Cap': {'raw': 0, 'evaluated': 0}, 'BW6_Pauldron_R_Lame1': {'raw': 0, 'evaluated': 0}, 'BW6_Pauldron_R_Lame2': {'raw': 0, 'evaluated': 0}}
AUDIT 63.5 {'BW6_Pauldron_R_Cap': 0, 'BW6_Pauldron_R_Lame1': 0, 'BW6_Pauldron_R_Lame2': 0} {'BW6_Pauldron_R_Cap': {'raw': 0, 'evaluated': 0}, 'BW6_Pauldron_R_Lame1': {'raw': 0, 'evaluated': 0}, 'BW6_Pauldron_R_Lame2': {'raw': 0, 'evaluated': 0}}
AUDIT 64.5 {'BW6_Pauldron_R_Cap': 0, 'BW6_Pauldron_R_Lame1': 0, 'BW6_Pauldron_R_Lame2': 0} {'BW6_Pauldron_R_Cap': {'raw': 0, 'evaluated': 0}, 'BW6_Pauldron_R_Lame1': {'raw': 0, 'evaluated': 0}, 'BW6_Pauldron_R_Lame2': {'raw': 0, 'evaluated': 0}}
AUDIT 65.5 {'BW6_Pauldron_R_Cap': 0, 'BW6_Pauldron_R_Lame1': 0, 'BW6_Pauldron_R_Lame2': 0} {'BW6_Pauldron_R_Cap': {'raw': 0, 'evaluated': 0}, 'BW6_Pauldron_R_Lame1': {'raw': 0, 'evaluated': 0}, 'BW6_Pauldron_R_Lame2': {'raw': 0, 'evaluated': 0}}
AUDIT 66.5 {'BW6_Pauldron_R_Cap': 0, 'BW6_Pauldron_R_Lame1': 0, 'BW6_Pauldron_R_Lame2': 0} {'BW6_Pauldron_R_Cap': {'raw': 0, 'evaluated': 0}, 'BW6_Pauldron_R_Lame1': {'raw': 0, 'evaluated': 0}, 'BW6_Pauldron_R_Lame2': {'raw': 0, 'evaluated': 0}}
AUDIT 67.5 {'BW6_Pauldron_R_Cap': 0, 'BW6_Pauldron_R_Lame1': 0, 'BW6_Pauldron_R_Lame2': 0} {'BW6_Pauldron_R_Cap': {'raw': 0, 'evaluated': 0}, 'BW6_Pauldron_R_Lame1': {'raw': 0, 'evaluated': 0}, 'BW6_Pauldron_R_Lame2': {'raw': 0, 'evaluated': 0}}
AUDIT 68.5 {'BW6_Pauldron_R_Cap': 0, 'BW6_Pauldron_R_Lame1': 0, 'BW6_Pauldron_R_Lame2': 0} {'BW6_Pauldron_R_Cap': {'raw': 0, 'evaluated': 0}, 'BW6_Pauldron_R_Lame1': {'raw': 0, 'evaluated': 0}, 'BW6_Pauldron_R_Lame2': {'raw': 0, 'evaluated': 0}}
AUDIT 69.5 {'BW6_Pauldron_R_Cap': 0, 'BW6_Pauldron_R_Lame1': 0, 'BW6_Pauldron_R_Lame2': 0} {'BW6_Pauldron_R_Cap': {'raw': 0, 'evaluated': 0}, 'BW6_Pauldron_R_Lame1': {'raw': 0, 'evaluated': 0}, 'BW6_Pauldron_R_Lame2': {'raw': 0, 'evaluated': 0}}
AUDIT 70.5 {'BW6_Pauldron_R_Cap': 0, 'BW6_Pauldron_R_Lame1': 0, 'BW6_Pauldron_R_Lame2': 0} {'BW6_Pauldron_R_Cap': {'raw': 0, 'evaluated': 0}, 'BW6_Pauldron_R_Lame1': {'raw': 0, 'evaluated': 0}, 'BW6_Pauldron_R_Lame2': {'raw': 0, 'evaluated': 0}}
AUDIT 71.5 {'BW6_Pauldron_R_Cap': 0, 'BW6_Pauldron_R_Lame1': 0, 'BW6_Pauldron_R_Lame2': 0} {'BW6_Pauldron_R_Cap': {'raw': 0, 'evaluated': 0}, 'BW6_Pauldron_R_Lame1': {'raw': 0, 'evaluated': 0}, 'BW6_Pauldron_R_Lame2': {'raw': 0, 'evaluated': 0}}
AUDIT 72.5 {'BW6_Pauldron_R_Cap': 0, 'BW6_Pauldron_R_Lame1': 0, 'BW6_Pauldron_R_Lame2': 0} {'BW6_Pauldron_R_Cap': {'raw': 0, 'evaluated': 0}, 'BW6_Pauldron_R_Lame1': {'raw': 0, 'evaluated': 0}, 'BW6_Pauldron_R_Lame2': {'raw': 0, 'evaluated': 0}}
AUDIT 73.5 {'BW6_Pauldron_R_Cap': 0, 'BW6_Pauldron_R_Lame1': 0, 'BW6_Pauldron_R_Lame2': 0} {'BW6_Pauldron_R_Cap': {'raw': 0, 'evaluated': 0}, 'BW6_Pauldron_R_Lame1': {'raw': 0, 'evaluated': 0}, 'BW6_Pauldron_R_Lame2': {'raw': 0, 'evaluated': 0}}
AUDIT 74.5 {'BW6_Pauldron_R_Cap': 0, 'BW6_Pauldron_R_Lame1': 0, 'BW6_Pauldron_R_Lame2': 0} {'BW6_Pauldron_R_Cap': {'raw': 0, 'evaluated': 0}, 'BW6_Pauldron_R_Lame1': {'raw': 0, 'evaluated': 0}, 'BW6_Pauldron_R_Lame2': {'raw': 0, 'evaluated': 0}}
AUDIT 75.5 {'BW6_Pauldron_R_Cap': 0, 'BW6_Pauldron_R_Lame1': 0, 'BW6_Pauldron_R_Lame2': 0} {'BW6_Pauldron_R_Cap': {'raw': 0, 'evaluated': 0}, 'BW6_Pauldron_R_Lame1': {'raw': 0, 'evaluated': 0}, 'BW6_Pauldron_R_Lame2': {'raw': 0, 'evaluated': 0}}
AUDIT 76.5 {'BW6_Pauldron_R_Cap': 0, 'BW6_Pauldron_R_Lame1': 0, 'BW6_Pauldron_R_Lame2': 0} {'BW6_Pauldron_R_Cap': {'raw': 0, 'evaluated': 0}, 'BW6_Pauldron_R_Lame1': {'raw': 0, 'evaluated': 0}, 'BW6_Pauldron_R_Lame2': {'raw': 0, 'evaluated': 0}}
AUDIT 77.5 {'BW6_Pauldron_R_Cap': 0, 'BW6_Pauldron_R_Lame1': 0, 'BW6_Pauldron_R_Lame2': 0} {'BW6_Pauldron_R_Cap': {'raw': 0, 'evaluated': 0}, 'BW6_Pauldron_R_Lame1': {'raw': 0, 'evaluated': 0}, 'BW6_Pauldron_R_Lame2': {'raw': 0, 'evaluated': 0}}
AUDIT 78.5 {'BW6_Pauldron_R_Cap': 0, 'BW6_Pauldron_R_Lame1': 0, 'BW6_Pauldron_R_Lame2': 0} {'BW6_Pauldron_R_Cap': {'raw': 0, 'evaluated': 0}, 'BW6_Pauldron_R_Lame1': {'raw': 0, 'evaluated': 0}, 'BW6_Pauldron_R_Lame2': {'raw': 0, 'evaluated': 0}}
AUDIT 79.5 {'BW6_Pauldron_R_Cap': 0, 'BW6_Pauldron_R_Lame1': 0, 'BW6_Pauldron_R_Lame2': 0} {'BW6_Pauldron_R_Cap': {'raw': 0, 'evaluated': 0}, 'BW6_Pauldron_R_Lame1': {'raw': 0, 'evaluated': 0}, 'BW6_Pauldron_R_Lame2': {'raw': 0, 'evaluated': 0}}
AUDIT 80.5 {'BW6_Pauldron_R_Cap': 0, 'BW6_Pauldron_R_Lame1': 0, 'BW6_Pauldron_R_Lame2': 0} {'BW6_Pauldron_R_Cap': {'raw': 0, 'evaluated': 0}, 'BW6_Pauldron_R_Lame1': {'raw': 0, 'evaluated': 0}, 'BW6_Pauldron_R_Lame2': {'raw': 0, 'evaluated': 0}}
AUDIT 81.5 {'BW6_Pauldron_R_Cap': 0, 'BW6_Pauldron_R_Lame1': 0, 'BW6_Pauldron_R_Lame2': 0} {'BW6_Pauldron_R_Cap': {'raw': 0, 'evaluated': 0}, 'BW6_Pauldron_R_Lame1': {'raw': 0, 'evaluated': 0}, 'BW6_Pauldron_R_Lame2': {'raw': 0, 'evaluated': 0}}
AUDIT 82.5 {'BW6_Pauldron_R_Cap': 0, 'BW6_Pauldron_R_Lame1': 0, 'BW6_Pauldron_R_Lame2': 0} {'BW6_Pauldron_R_Cap': {'raw': 0, 'evaluated': 0}, 'BW6_Pauldron_R_Lame1': {'raw': 0, 'evaluated': 0}, 'BW6_Pauldron_R_Lame2': {'raw': 0, 'evaluated': 0}}
AUDIT 83.5 {'BW6_Pauldron_R_Cap': 0, 'BW6_Pauldron_R_Lame1': 0, 'BW6_Pauldron_R_Lame2': 0} {'BW6_Pauldron_R_Cap': {'raw': 0, 'evaluated': 0}, 'BW6_Pauldron_R_Lame1': {'raw': 0, 'evaluated': 0}, 'BW6_Pauldron_R_Lame2': {'raw': 0, 'evaluated': 0}}
AUDIT 84.5 {'BW6_Pauldron_R_Cap': 0, 'BW6_Pauldron_R_Lame1': 0, 'BW6_Pauldron_R_Lame2': 0} {'BW6_Pauldron_R_Cap': {'raw': 0, 'evaluated': 0}, 'BW6_Pauldron_R_Lame1': {'raw': 0, 'evaluated': 0}, 'BW6_Pauldron_R_Lame2': {'raw': 0, 'evaluated': 0}}
AUDIT 85.5 {'BW6_Pauldron_R_Cap': 0, 'BW6_Pauldron_R_Lame1': 0, 'BW6_Pauldron_R_Lame2': 0} {'BW6_Pauldron_R_Cap': {'raw': 0, 'evaluated': 0}, 'BW6_Pauldron_R_Lame1': {'raw': 0, 'evaluated': 0}, 'BW6_Pauldron_R_Lame2': {'raw': 0, 'evaluated': 0}}
AUDIT 86.5 {'BW6_Pauldron_R_Cap': 0, 'BW6_Pauldron_R_Lame1': 0, 'BW6_Pauldron_R_Lame2': 0} {'BW6_Pauldron_R_Cap': {'raw': 0, 'evaluated': 0}, 'BW6_Pauldron_R_Lame1': {'raw': 0, 'evaluated': 0}, 'BW6_Pauldron_R_Lame2': {'raw': 0, 'evaluated': 0}}
AUDIT 87.5 {'BW6_Pauldron_R_Cap': 0, 'BW6_Pauldron_R_Lame1': 0, 'BW6_Pauldron_R_Lame2': 0} {'BW6_Pauldron_R_Cap': {'raw': 0, 'evaluated': 0}, 'BW6_Pauldron_R_Lame1': {'raw': 0, 'evaluated': 0}, 'BW6_Pauldron_R_Lame2': {'raw': 0, 'evaluated': 0}}
AUDIT 88.5 {'BW6_Pauldron_R_Cap': 0, 'BW6_Pauldron_R_Lame1': 0, 'BW6_Pauldron_R_Lame2': 0} {'BW6_Pauldron_R_Cap': {'raw': 0, 'evaluated': 0}, 'BW6_Pauldron_R_Lame1': {'raw': 0, 'evaluated': 0}, 'BW6_Pauldron_R_Lame2': {'raw': 0, 'evaluated': 0}}
00:20.484  blend            | Read blend: "C:\Users\iputu\Documents\Wonder Chess\art-source\asset-studio\wc_u_human_guardian\stages\body-costume\BW6\shoulder\ada_bw6_shoulder_r003_combined_review.blend"
00:25.672  render           | Saved: 'C:\Users\iputu\Documents\Wonder Chess\art-source\asset-studio\wc_u_human_guardian\stages\body-costume\BW6\shoulder\captures\r003_combined_front_lowered.png'
00:25.718  blend            | Read blend: "C:\Users\iputu\Documents\Wonder Chess\art-source\asset-studio\wc_u_human_guardian\stages\body-costume\BW6\shoulder\ada_bw6_shoulder_r003_combined_review.blend"
00:29.625  render           | Saved: 'C:\Users\iputu\Documents\Wonder Chess\art-source\asset-studio\wc_u_human_guardian\stages\body-costume\BW6\shoulder\captures\r003_combined_shoulder_lowered.png'
00:29.640  blend            | Read blend: "C:\Users\iputu\Documents\Wonder Chess\art-source\asset-studio\wc_u_human_guardian\stages\body-costume\BW6\shoulder\ada_bw6_shoulder_r003_combined_review.blend"
00:33.015  render           | Saved: 'C:\Users\iputu\Documents\Wonder Chess\art-source\asset-studio\wc_u_human_guardian\stages\body-costume\BW6\shoulder\captures\r003_combined_rear_three_quarter_73.png'
00:33.172  blend            | Read blend: "C:\Users\iputu\Documents\Wonder Chess\art-source\asset-studio\wc_u_human_guardian\stages\body-costume\BW6\shoulder\ada_bw6_shoulder_r003_combined_review.blend"
00:36.422  render           | Saved: 'C:\Users\iputu\Documents\Wonder Chess\art-source\asset-studio\wc_u_human_guardian\stages\body-costume\BW6\shoulder\captures\r003_combined_shoulder_78.png'
00:36.640  blend            | Read blend: "C:\Users\iputu\Documents\Wonder Chess\art-source\asset-studio\wc_u_human_guardian\stages\body-costume\BW6\shoulder\ada_bw6_shoulder_r003_combined_review.blend"
00:51.406  render           | Saved: 'C:\Users\iputu\Documents\Wonder Chess\art-source\asset-studio\wc_u_human_guardian\stages\body-costume\BW6\shoulder\captures\r003_clay.png'
00:51.547  blend            | Read blend: "C:\Users\iputu\Documents\Wonder Chess\art-source\asset-studio\wc_u_human_guardian\stages\body-costume\BW6\shoulder\ada_bw6_shoulder_r003_combined_review.blend"
01:07.547  render           | Saved: 'C:\Users\iputu\Documents\Wonder Chess\art-source\asset-studio\wc_u_human_guardian\stages\body-costume\BW6\shoulder\captures\r003_reversed_clay.png'
01:07.703  blend            | Read blend: "C:\Users\iputu\Documents\Wonder Chess\art-source\asset-studio\wc_u_human_guardian\stages\body-costume\BW6\shoulder\ada_bw6_shoulder_r003_combined_review.blend"
01:09.250  render           | Saved: 'C:\Users\iputu\Documents\Wonder Chess\art-source\asset-studio\wc_u_human_guardian\stages\body-costume\BW6\shoulder\captures\r003_actual_cage.png'
R003_REOPEN_REPLAY_REVIEW_COMPLETE
Blender 5.1.1 (hash b70da489d7f4 built 2026-04-14 01:37:22)

Blender quit
