{
  "source_file": "ada_construction_r002.png",
  "source_sha256": "c65d1d5093f9b15d71cf1e3dfaed059253d659a17a02fc4949533a532486e05b",
  "source_dimensions": [
    1658,
    949
  ],
  "operation": "native_pixel_crop",
  "status": "reference_crops_not_orthographic_or_approved",
  "crops": [
    {
      "id": "body-front",
      "box_xyxy": [
        45,
        45,
        460,
        850
      ],
      "meaning": "front construction candidate body panel",
      "notes": "Native r002 pixels; no resampling, no orthographic certification; rear split governed separately.",
      "path": "body-front.png",
      "sha256": "ad65e46308dd96414a7c0471622e7ee54079dc081427d12cc46cbaeff0bf6811",
      "resampled": false
    },
    {
      "id": "body-left",
      "box_xyxy": [
        545,
        45,
        755,
        850
      ],
      "meaning": "left construction candidate body panel",
      "notes": "Native r002 pixels; no resampling, no orthographic certification; rear split governed separately.",
      "path": "body-left.png",
      "sha256": "2e8094a2573460b40c869cc6b87d6ff0c1eb5d210f7fe0f0dbbefbcf775b863a",
      "resampled": false
    },
    {
      "id": "body-back",
      "box_xyxy": [
        835,
        45,
        1240,
        850
      ],
      "meaning": "back construction candidate body panel",
      "notes": "Native r002 pixels; no resampling, no orthographic certification; rear split governed separately.",
      "path": "body-back.png",
      "sha256": "0b9380b883b6d68fd479448102bcd4ea7b0635c7431e645fd5246f6f745e25fb",
      "resampled": false
    },
    {
      "id": "body-right",
      "box_xyxy": [
        1300,
        45,
        1525,
        850
      ],
      "meaning": "right construction candidate body panel",
      "notes": "Native r002 pixels; no resampling, no orthographic certification; rear split governed separately.",
      "path": "body-right.png",
      "sha256": "e33cb5f59bffe8f5bdf42ab2f315a3d9783a3d73a88513866cf2c28fefba01a9",
      "resampled": false
    }
  ]
}

