{
  "command": [
    "C:\\Program Files\\Blender Foundation\\Blender 5.1\\blender.exe",
    "--background",
    "--factory-startup",
    "--disable-autoexec",
    "--python-exit-code",
    "23",
    "C:\\Users\\iputu\\Documents\\Wonder Chess\\art-source\\asset-studio\\wc_u_human_guardian\\stages\\references\\blender_r001\\ada_reference_empty_source_r001.blend",
    "--python",
    "C:\\Users\\iputu\\Documents\\Wonder Chess\\production\\asset-studio\\tools\\asset_studio\\blender\\reference_setup.py",
    "--",
    "--workspace",
    "C:\\Users\\iputu\\Documents\\Wonder Chess\\art-source\\asset-studio\\wc_u_human_guardian",
    "--spec",
    "C:\\Users\\iputu\\Documents\\Wonder Chess\\art-source\\asset-studio\\wc_u_human_guardian\\stages\\references\\blender_r001\\calibration_r001.json",
    "--output-blend",
    "C:\\Users\\iputu\\Documents\\Wonder Chess\\art-source\\asset-studio\\wc_u_human_guardian\\stages\\references\\blender_r001\\ada_reference_import_candidate_r001.blend",
    "--collection",
    "AS1_REFERENCES_R001"
  ],
  "will_execute": true
}

