00:02.156  blend            | Read blend: "C:\Users\iputu\Documents\Wonder Chess\art-source\asset-studio\wc_u_human_guardian\stages\body-costume\BW4\r001\ada_fixed_hand_checkpoint_ART_REVISE.blend"
DISTAL_BEGIN 2
DISTAL_END 2
DISTAL_BEGIN 3
DISTAL_END 3
DISTAL_BEGIN 4
DISTAL_END 4
DISTAL_BEGIN 5
DISTAL_END 5
ROOT 2
ROOT 3
ROOT 4
ROOT 5
PALM 39
WRIST
THUMB 1206 1299
BM_READ
BM_DETERMINISTIC_COORDINATE_WELD
BM_NORMALS
BM_WRITTEN
00:03.031  render           | Saved: 'C:\Users\iputu\Documents\Wonder Chess\art-source\asset-studio\wc_u_human_guardian\stages\body-costume\BW5\hand\captures\initial_palm.png'
00:03.187  render           | Saved: 'C:\Users\iputu\Documents\Wonder Chess\art-source\asset-studio\wc_u_human_guardian\stages\body-costume\BW5\hand\captures\initial_hilt_only_palm.png'
00:03.343  render           | Saved: 'C:\Users\iputu\Documents\Wonder Chess\art-source\asset-studio\wc_u_human_guardian\stages\body-costume\BW5\hand\captures\initial_dorsal.png'
00:03.500  render           | Saved: 'C:\Users\iputu\Documents\Wonder Chess\art-source\asset-studio\wc_u_human_guardian\stages\body-costume\BW5\hand\captures\initial_side.png'
00:03.656  render           | Saved: 'C:\Users\iputu\Documents\Wonder Chess\art-source\asset-studio\wc_u_human_guardian\stages\body-costume\BW5\hand\captures\initial_hilt_only_side.png'
00:03.812  render           | Saved: 'C:\Users\iputu\Documents\Wonder Chess\art-source\asset-studio\wc_u_human_guardian\stages\body-costume\BW5\hand\captures\initial_underside.png'
00:03.984  render           | Saved: 'C:\Users\iputu\Documents\Wonder Chess\art-source\asset-studio\wc_u_human_guardian\stages\body-costume\BW5\hand\captures\initial_oblique.png'
00:04.125  render           | Saved: 'C:\Users\iputu\Documents\Wonder Chess\art-source\asset-studio\wc_u_human_guardian\stages\body-costume\BW5\hand\captures\initial_hilt_only_oblique.png'
00:04.281  render           | Saved: 'C:\Users\iputu\Documents\Wonder Chess\art-source\asset-studio\wc_u_human_guardian\stages\body-costume\BW5\hand\captures\initial_axial.png'
00:04.422  render           | Saved: 'C:\Users\iputu\Documents\Wonder Chess\art-source\asset-studio\wc_u_human_guardian\stages\body-costume\BW5\hand\captures\initial_hilt_only_axial.png'
Info: Saved as "ada_bw5_hand_initial.blend"
BW5_HAND_INITIAL 1206 1299
Blender 5.1.1 (hash b70da489d7f4 built 2026-04-14 01:37:22)

Blender quit
