00:02.625  blend            | Read blend: "C:\Users\iputu\Documents\Wonder Chess\art-source\asset-studio\wc_u_human_guardian\stages\body-costume\BW4\r001\ada_fixed_hand_checkpoint_ART_REVISE.blend"
ROOT 2
ROOT 3
ROOT 4
ROOT 5
PALM 39
WRIST
THUMB 1026 1114
BM_READ
BM_DETERMINISTIC_COORDINATE_WELD
BM_NORMALS
BM_WRITTEN
00:03.750  render           | Saved: 'C:\Users\iputu\Documents\Wonder Chess\art-source\asset-studio\wc_u_human_guardian\stages\body-costume\BW5\hand\captures\correction1_palm.png'
00:03.938  render           | Saved: 'C:\Users\iputu\Documents\Wonder Chess\art-source\asset-studio\wc_u_human_guardian\stages\body-costume\BW5\hand\captures\correction1_hilt_only_palm.png'
00:04.078  render           | Saved: 'C:\Users\iputu\Documents\Wonder Chess\art-source\asset-studio\wc_u_human_guardian\stages\body-costume\BW5\hand\captures\correction1_dorsal.png'
00:04.219  render           | Saved: 'C:\Users\iputu\Documents\Wonder Chess\art-source\asset-studio\wc_u_human_guardian\stages\body-costume\BW5\hand\captures\correction1_side.png'
00:04.360  render           | Saved: 'C:\Users\iputu\Documents\Wonder Chess\art-source\asset-studio\wc_u_human_guardian\stages\body-costume\BW5\hand\captures\correction1_hilt_only_side.png'
00:04.532  render           | Saved: 'C:\Users\iputu\Documents\Wonder Chess\art-source\asset-studio\wc_u_human_guardian\stages\body-costume\BW5\hand\captures\correction1_underside.png'
00:04.688  render           | Saved: 'C:\Users\iputu\Documents\Wonder Chess\art-source\asset-studio\wc_u_human_guardian\stages\body-costume\BW5\hand\captures\correction1_oblique.png'
00:04.828  render           | Saved: 'C:\Users\iputu\Documents\Wonder Chess\art-source\asset-studio\wc_u_human_guardian\stages\body-costume\BW5\hand\captures\correction1_hilt_only_oblique.png'
00:04.969  render           | Saved: 'C:\Users\iputu\Documents\Wonder Chess\art-source\asset-studio\wc_u_human_guardian\stages\body-costume\BW5\hand\captures\correction1_axial.png'
00:05.110  render           | Saved: 'C:\Users\iputu\Documents\Wonder Chess\art-source\asset-studio\wc_u_human_guardian\stages\body-costume\BW5\hand\captures\correction1_hilt_only_axial.png'
Info: Saved as "ada_bw5_hand_correction1.blend"
BW5_HAND_INITIAL 1026 1114
Blender 5.1.1 (hash b70da489d7f4 built 2026-04-14 01:37:22)

Blender quit
