00:02.734  blend            | Read blend: "C:\Users\iputu\Documents\Wonder Chess\art-source\asset-studio\wc_u_human_guardian\stages\body-costume\BW4\r001\ada_fixed_hand_checkpoint_ART_REVISE.blend"
ROOT 2
ROOT 3
ROOT 4
ROOT 5
PALM 39
WRIST
THUMB 1026 1114
BM_READ
BM_DETERMINISTIC_COORDINATE_WELD
BM_NORMALS
BM_WRITTEN
00:04.203  render           | Saved: 'C:\Users\iputu\Documents\Wonder Chess\art-source\asset-studio\wc_u_human_guardian\stages\body-costume\BW5\hand\captures\correction2_palm.png'
00:04.406  render           | Saved: 'C:\Users\iputu\Documents\Wonder Chess\art-source\asset-studio\wc_u_human_guardian\stages\body-costume\BW5\hand\captures\correction2_hilt_only_palm.png'
00:04.594  render           | Saved: 'C:\Users\iputu\Documents\Wonder Chess\art-source\asset-studio\wc_u_human_guardian\stages\body-costume\BW5\hand\captures\correction2_dorsal.png'
00:04.781  render           | Saved: 'C:\Users\iputu\Documents\Wonder Chess\art-source\asset-studio\wc_u_human_guardian\stages\body-costume\BW5\hand\captures\correction2_side.png'
00:04.937  render           | Saved: 'C:\Users\iputu\Documents\Wonder Chess\art-source\asset-studio\wc_u_human_guardian\stages\body-costume\BW5\hand\captures\correction2_hilt_only_side.png'
00:05.109  render           | Saved: 'C:\Users\iputu\Documents\Wonder Chess\art-source\asset-studio\wc_u_human_guardian\stages\body-costume\BW5\hand\captures\correction2_underside.png'
00:05.265  render           | Saved: 'C:\Users\iputu\Documents\Wonder Chess\art-source\asset-studio\wc_u_human_guardian\stages\body-costume\BW5\hand\captures\correction2_oblique.png'
00:05.453  render           | Saved: 'C:\Users\iputu\Documents\Wonder Chess\art-source\asset-studio\wc_u_human_guardian\stages\body-costume\BW5\hand\captures\correction2_hilt_only_oblique.png'
00:05.625  render           | Saved: 'C:\Users\iputu\Documents\Wonder Chess\art-source\asset-studio\wc_u_human_guardian\stages\body-costume\BW5\hand\captures\correction2_axial.png'
00:05.797  render           | Saved: 'C:\Users\iputu\Documents\Wonder Chess\art-source\asset-studio\wc_u_human_guardian\stages\body-costume\BW5\hand\captures\correction2_hilt_only_axial.png'
Info: Saved as "ada_bw5_hand_correction2.blend"
BW5_HAND_INITIAL 1014 1114
Blender 5.1.1 (hash b70da489d7f4 built 2026-04-14 01:37:22)

Blender quit
