00:02.469  blend            | Read blend: "C:\Users\iputu\Documents\Wonder Chess\art-source\asset-studio\wc_u_human_guardian\stages\body-costume\BW5\hand\ada_bw5_hand_correction1.blend"
00:03.594  render           | Saved: 'C:\Users\iputu\Documents\Wonder Chess\art-source\asset-studio\wc_u_human_guardian\stages\body-costume\BW5\hand\captures\retained_full_palm.png'
00:03.859  render           | Saved: 'C:\Users\iputu\Documents\Wonder Chess\art-source\asset-studio\wc_u_human_guardian\stages\body-costume\BW5\hand\captures\retained_hilt_only_palm.png'
00:04.062  render           | Saved: 'C:\Users\iputu\Documents\Wonder Chess\art-source\asset-studio\wc_u_human_guardian\stages\body-costume\BW5\hand\captures\retained_equipment_hidden_palm.png'
00:04.250  render           | Saved: 'C:\Users\iputu\Documents\Wonder Chess\art-source\asset-studio\wc_u_human_guardian\stages\body-costume\BW5\hand\captures\retained_full_dorsal.png'
00:04.484  render           | Saved: 'C:\Users\iputu\Documents\Wonder Chess\art-source\asset-studio\wc_u_human_guardian\stages\body-costume\BW5\hand\captures\retained_hilt_only_dorsal.png'
00:04.703  render           | Saved: 'C:\Users\iputu\Documents\Wonder Chess\art-source\asset-studio\wc_u_human_guardian\stages\body-costume\BW5\hand\captures\retained_full_side.png'
00:04.906  render           | Saved: 'C:\Users\iputu\Documents\Wonder Chess\art-source\asset-studio\wc_u_human_guardian\stages\body-costume\BW5\hand\captures\retained_hilt_only_side.png'
00:05.094  render           | Saved: 'C:\Users\iputu\Documents\Wonder Chess\art-source\asset-studio\wc_u_human_guardian\stages\body-costume\BW5\hand\captures\retained_equipment_hidden_side.png'
00:05.281  render           | Saved: 'C:\Users\iputu\Documents\Wonder Chess\art-source\asset-studio\wc_u_human_guardian\stages\body-costume\BW5\hand\captures\retained_full_underside.png'
00:05.469  render           | Saved: 'C:\Users\iputu\Documents\Wonder Chess\art-source\asset-studio\wc_u_human_guardian\stages\body-costume\BW5\hand\captures\retained_hilt_only_underside.png'
00:05.672  render           | Saved: 'C:\Users\iputu\Documents\Wonder Chess\art-source\asset-studio\wc_u_human_guardian\stages\body-costume\BW5\hand\captures\retained_equipment_hidden_underside.png'
00:05.922  render           | Saved: 'C:\Users\iputu\Documents\Wonder Chess\art-source\asset-studio\wc_u_human_guardian\stages\body-costume\BW5\hand\captures\retained_full_oblique.png'
00:06.140  render           | Saved: 'C:\Users\iputu\Documents\Wonder Chess\art-source\asset-studio\wc_u_human_guardian\stages\body-costume\BW5\hand\captures\retained_hilt_only_oblique.png'
00:06.344  render           | Saved: 'C:\Users\iputu\Documents\Wonder Chess\art-source\asset-studio\wc_u_human_guardian\stages\body-costume\BW5\hand\captures\retained_equipment_hidden_oblique.png'
00:06.547  render           | Saved: 'C:\Users\iputu\Documents\Wonder Chess\art-source\asset-studio\wc_u_human_guardian\stages\body-costume\BW5\hand\captures\retained_full_axial.png'
00:06.750  render           | Saved: 'C:\Users\iputu\Documents\Wonder Chess\art-source\asset-studio\wc_u_human_guardian\stages\body-costume\BW5\hand\captures\retained_hilt_only_axial.png'
00:06.922  render           | Saved: 'C:\Users\iputu\Documents\Wonder Chess\art-source\asset-studio\wc_u_human_guardian\stages\body-costume\BW5\hand\captures\retained_actual_cage_palm.png'
00:07.156  render           | Saved: 'C:\Users\iputu\Documents\Wonder Chess\art-source\asset-studio\wc_u_human_guardian\stages\body-costume\BW5\hand\captures\retained_actual_cage_oblique.png'
00:07.297  render           | Saved: 'C:\Users\iputu\Documents\Wonder Chess\art-source\asset-studio\wc_u_human_guardian\stages\body-costume\BW5\hand\captures\retained_actual_cage_side.png'
00:07.453  render           | Saved: 'C:\Users\iputu\Documents\Wonder Chess\art-source\asset-studio\wc_u_human_guardian\stages\body-costume\BW5\hand\captures\retained_actual_cage_underside.png'
C:\Users\iputu\Documents\Wonder Chess\art-source\asset-studio\wc_u_human_guardian\stages\body-costume\BW5\hand\operations\05_freeze_review.py:65: DeprecationWarning: 'Material.use_nodes' is expected to be removed in Blender 6.0
  mat=bpy.data.materials.new('BW5_Neutral_Clay_Diagnostic');mat.diffuse_color=(.34,.32,.29,1);mat.use_nodes=True;bs=mat.node_tree.nodes.get('Principled BSDF');bs.inputs['Base Color'].default_value=(.34,.32,.29,1);bs.inputs['Roughness'].default_value=.7;o.data.materials.clear();o.data.materials.append(mat)
C:\Users\iputu\Documents\Wonder Chess\art-source\asset-studio\wc_u_human_guardian\stages\body-costume\BW5\hand\operations\05_freeze_review.py:66: DeprecationWarning: 'World.use_nodes' is expected to be removed in Blender 6.0
  s.world.use_nodes=True;s.world.node_tree.nodes['Background'].inputs['Color'].default_value=(.12,.12,.12,1);s.world.node_tree.nodes['Background'].inputs['Strength'].default_value=.3
00:17.031  render           | Saved: 'C:\Users\iputu\Documents\Wonder Chess\art-source\asset-studio\wc_u_human_guardian\stages\body-costume\BW5\hand\captures\retained_uniform_clay_key.png'
00:26.547  render           | Saved: 'C:\Users\iputu\Documents\Wonder Chess\art-source\asset-studio\wc_u_human_guardian\stages\body-costume\BW5\hand\captures\retained_uniform_clay_reversed_key.png'
00:26.781  render           | Saved: 'C:\Users\iputu\Documents\Wonder Chess\art-source\asset-studio\wc_u_human_guardian\stages\body-costume\BW5\hand\captures\retained_actual_section_index.png'
00:27.015  render           | Saved: 'C:\Users\iputu\Documents\Wonder Chess\art-source\asset-studio\wc_u_human_guardian\stages\body-costume\BW5\hand\captures\retained_actual_section_middle.png'
00:27.203  render           | Saved: 'C:\Users\iputu\Documents\Wonder Chess\art-source\asset-studio\wc_u_human_guardian\stages\body-costume\BW5\hand\captures\retained_actual_section_ring.png'
00:27.390  render           | Saved: 'C:\Users\iputu\Documents\Wonder Chess\art-source\asset-studio\wc_u_human_guardian\stages\body-costume\BW5\hand\captures\retained_actual_section_little.png'
00:27.578  render           | Saved: 'C:\Users\iputu\Documents\Wonder Chess\art-source\asset-studio\wc_u_human_guardian\stages\body-costume\BW5\hand\motion\frames\frame_0001.png'
00:27.734  render           | Saved: 'C:\Users\iputu\Documents\Wonder Chess\art-source\asset-studio\wc_u_human_guardian\stages\body-costume\BW5\hand\motion\frames\frame_0002.png'
00:27.875  render           | Saved: 'C:\Users\iputu\Documents\Wonder Chess\art-source\asset-studio\wc_u_human_guardian\stages\body-costume\BW5\hand\motion\frames\frame_0003.png'
00:28.015  render           | Saved: 'C:\Users\iputu\Documents\Wonder Chess\art-source\asset-studio\wc_u_human_guardian\stages\body-costume\BW5\hand\motion\frames\frame_0004.png'
00:28.156  render           | Saved: 'C:\Users\iputu\Documents\Wonder Chess\art-source\asset-studio\wc_u_human_guardian\stages\body-costume\BW5\hand\motion\frames\frame_0005.png'
00:28.297  render           | Saved: 'C:\Users\iputu\Documents\Wonder Chess\art-source\asset-studio\wc_u_human_guardian\stages\body-costume\BW5\hand\motion\frames\frame_0006.png'
00:28.453  render           | Saved: 'C:\Users\iputu\Documents\Wonder Chess\art-source\asset-studio\wc_u_human_guardian\stages\body-costume\BW5\hand\motion\frames\frame_0007.png'
00:28.594  render           | Saved: 'C:\Users\iputu\Documents\Wonder Chess\art-source\asset-studio\wc_u_human_guardian\stages\body-costume\BW5\hand\motion\frames\frame_0008.png'
00:28.734  render           | Saved: 'C:\Users\iputu\Documents\Wonder Chess\art-source\asset-studio\wc_u_human_guardian\stages\body-costume\BW5\hand\motion\frames\frame_0009.png'
00:28.859  render           | Saved: 'C:\Users\iputu\Documents\Wonder Chess\art-source\asset-studio\wc_u_human_guardian\stages\body-costume\BW5\hand\motion\frames\frame_0010.png'
00:28.984  render           | Saved: 'C:\Users\iputu\Documents\Wonder Chess\art-source\asset-studio\wc_u_human_guardian\stages\body-costume\BW5\hand\motion\frames\frame_0011.png'
00:29.109  render           | Saved: 'C:\Users\iputu\Documents\Wonder Chess\art-source\asset-studio\wc_u_human_guardian\stages\body-costume\BW5\hand\motion\frames\frame_0012.png'
00:29.250  render           | Saved: 'C:\Users\iputu\Documents\Wonder Chess\art-source\asset-studio\wc_u_human_guardian\stages\body-costume\BW5\hand\motion\frames\frame_0013.png'
00:29.375  render           | Saved: 'C:\Users\iputu\Documents\Wonder Chess\art-source\asset-studio\wc_u_human_guardian\stages\body-costume\BW5\hand\motion\frames\frame_0014.png'
00:29.500  render           | Saved: 'C:\Users\iputu\Documents\Wonder Chess\art-source\asset-studio\wc_u_human_guardian\stages\body-costume\BW5\hand\motion\frames\frame_0015.png'
00:29.625  render           | Saved: 'C:\Users\iputu\Documents\Wonder Chess\art-source\asset-studio\wc_u_human_guardian\stages\body-costume\BW5\hand\motion\frames\frame_0016.png'
00:29.750  render           | Saved: 'C:\Users\iputu\Documents\Wonder Chess\art-source\asset-studio\wc_u_human_guardian\stages\body-costume\BW5\hand\motion\frames\frame_0017.png'
00:29.906  render           | Saved: 'C:\Users\iputu\Documents\Wonder Chess\art-source\asset-studio\wc_u_human_guardian\stages\body-costume\BW5\hand\motion\frames\frame_0018.png'
00:30.031  render           | Saved: 'C:\Users\iputu\Documents\Wonder Chess\art-source\asset-studio\wc_u_human_guardian\stages\body-costume\BW5\hand\motion\frames\frame_0019.png'
00:30.172  render           | Saved: 'C:\Users\iputu\Documents\Wonder Chess\art-source\asset-studio\wc_u_human_guardian\stages\body-costume\BW5\hand\motion\frames\frame_0020.png'
00:30.312  render           | Saved: 'C:\Users\iputu\Documents\Wonder Chess\art-source\asset-studio\wc_u_human_guardian\stages\body-costume\BW5\hand\motion\frames\frame_0021.png'
00:30.437  render           | Saved: 'C:\Users\iputu\Documents\Wonder Chess\art-source\asset-studio\wc_u_human_guardian\stages\body-costume\BW5\hand\motion\frames\frame_0022.png'
00:30.594  render           | Saved: 'C:\Users\iputu\Documents\Wonder Chess\art-source\asset-studio\wc_u_human_guardian\stages\body-costume\BW5\hand\motion\frames\frame_0023.png'
00:30.734  render           | Saved: 'C:\Users\iputu\Documents\Wonder Chess\art-source\asset-studio\wc_u_human_guardian\stages\body-costume\BW5\hand\motion\frames\frame_0024.png'
00:30.875  render           | Saved: 'C:\Users\iputu\Documents\Wonder Chess\art-source\asset-studio\wc_u_human_guardian\stages\body-costume\BW5\hand\motion\frames\frame_0025.png'
00:31.015  render           | Saved: 'C:\Users\iputu\Documents\Wonder Chess\art-source\asset-studio\wc_u_human_guardian\stages\body-costume\BW5\hand\motion\frames\frame_0026.png'
00:31.156  render           | Saved: 'C:\Users\iputu\Documents\Wonder Chess\art-source\asset-studio\wc_u_human_guardian\stages\body-costume\BW5\hand\motion\frames\frame_0027.png'
00:31.297  render           | Saved: 'C:\Users\iputu\Documents\Wonder Chess\art-source\asset-studio\wc_u_human_guardian\stages\body-costume\BW5\hand\motion\frames\frame_0028.png'
00:31.469  render           | Saved: 'C:\Users\iputu\Documents\Wonder Chess\art-source\asset-studio\wc_u_human_guardian\stages\body-costume\BW5\hand\motion\frames\frame_0029.png'
00:31.609  render           | Saved: 'C:\Users\iputu\Documents\Wonder Chess\art-source\asset-studio\wc_u_human_guardian\stages\body-costume\BW5\hand\motion\frames\frame_0030.png'
00:31.765  render           | Saved: 'C:\Users\iputu\Documents\Wonder Chess\art-source\asset-studio\wc_u_human_guardian\stages\body-costume\BW5\hand\motion\frames\frame_0031.png'
00:31.906  render           | Saved: 'C:\Users\iputu\Documents\Wonder Chess\art-source\asset-studio\wc_u_human_guardian\stages\body-costume\BW5\hand\motion\frames\frame_0032.png'
00:32.047  render           | Saved: 'C:\Users\iputu\Documents\Wonder Chess\art-source\asset-studio\wc_u_human_guardian\stages\body-costume\BW5\hand\motion\frames\frame_0033.png'
00:32.187  render           | Saved: 'C:\Users\iputu\Documents\Wonder Chess\art-source\asset-studio\wc_u_human_guardian\stages\body-costume\BW5\hand\motion\frames\frame_0034.png'
00:32.344  render           | Saved: 'C:\Users\iputu\Documents\Wonder Chess\art-source\asset-studio\wc_u_human_guardian\stages\body-costume\BW5\hand\motion\frames\frame_0035.png'
00:32.469  render           | Saved: 'C:\Users\iputu\Documents\Wonder Chess\art-source\asset-studio\wc_u_human_guardian\stages\body-costume\BW5\hand\motion\frames\frame_0036.png'
00:32.625  render           | Saved: 'C:\Users\iputu\Documents\Wonder Chess\art-source\asset-studio\wc_u_human_guardian\stages\body-costume\BW5\hand\motion\frames\frame_0037.png'
00:32.781  render           | Saved: 'C:\Users\iputu\Documents\Wonder Chess\art-source\asset-studio\wc_u_human_guardian\stages\body-costume\BW5\hand\motion\frames\frame_0038.png'
00:32.969  render           | Saved: 'C:\Users\iputu\Documents\Wonder Chess\art-source\asset-studio\wc_u_human_guardian\stages\body-costume\BW5\hand\motion\frames\frame_0039.png'
00:33.094  render           | Saved: 'C:\Users\iputu\Documents\Wonder Chess\art-source\asset-studio\wc_u_human_guardian\stages\body-costume\BW5\hand\motion\frames\frame_0040.png'
00:33.250  render           | Saved: 'C:\Users\iputu\Documents\Wonder Chess\art-source\asset-studio\wc_u_human_guardian\stages\body-costume\BW5\hand\motion\frames\frame_0041.png'
00:33.406  render           | Saved: 'C:\Users\iputu\Documents\Wonder Chess\art-source\asset-studio\wc_u_human_guardian\stages\body-costume\BW5\hand\motion\frames\frame_0042.png'
00:33.547  render           | Saved: 'C:\Users\iputu\Documents\Wonder Chess\art-source\asset-studio\wc_u_human_guardian\stages\body-costume\BW5\hand\motion\frames\frame_0043.png'
00:33.703  render           | Saved: 'C:\Users\iputu\Documents\Wonder Chess\art-source\asset-studio\wc_u_human_guardian\stages\body-costume\BW5\hand\motion\frames\frame_0044.png'
00:33.844  render           | Saved: 'C:\Users\iputu\Documents\Wonder Chess\art-source\asset-studio\wc_u_human_guardian\stages\body-costume\BW5\hand\motion\frames\frame_0045.png'
00:34.000  render           | Saved: 'C:\Users\iputu\Documents\Wonder Chess\art-source\asset-studio\wc_u_human_guardian\stages\body-costume\BW5\hand\motion\frames\frame_0046.png'
00:34.140  render           | Saved: 'C:\Users\iputu\Documents\Wonder Chess\art-source\asset-studio\wc_u_human_guardian\stages\body-costume\BW5\hand\motion\frames\frame_0047.png'
00:34.312  render           | Saved: 'C:\Users\iputu\Documents\Wonder Chess\art-source\asset-studio\wc_u_human_guardian\stages\body-costume\BW5\hand\motion\frames\frame_0048.png'
00:34.359  render           | Video append frame 1
00:34.375  render           | Video append frame 2
00:34.406  render           | Video append frame 3
00:34.406  render           | Video append frame 4
00:34.437  render           | Video append frame 5
00:34.453  render           | Video append frame 6
00:34.469  render           | Video append frame 7
00:34.484  render           | Video append frame 8
00:34.484  render           | Video append frame 9
00:34.500  render           | Video append frame 10
00:34.515  render           | Video append frame 11
00:34.531  render           | Video append frame 12
00:34.547  render           | Video append frame 13
00:34.562  render           | Video append frame 14
00:34.578  render           | Video append frame 15
00:34.594  render           | Video append frame 16
00:34.609  render           | Video append frame 17
00:34.625  render           | Video append frame 18
00:34.640  render           | Video append frame 19
00:34.672  render           | Video append frame 20
00:34.687  render           | Video append frame 21
00:34.703  render           | Video append frame 22
00:34.719  render           | Video append frame 23
00:34.734  render           | Video append frame 24
00:34.765  render           | Video append frame 25
00:34.781  render           | Video append frame 26
00:34.797  render           | Video append frame 27
00:34.812  render           | Video append frame 28
00:34.828  render           | Video append frame 29
00:34.844  render           | Video append frame 30
00:34.859  render           | Video append frame 31
00:34.890  render           | Video append frame 32
00:34.906  render           | Video append frame 33
00:34.922  render           | Video append frame 34
00:34.937  render           | Video append frame 35
00:34.953  render           | Video append frame 36
00:34.969  render           | Video append frame 37
00:34.984  render           | Video append frame 38
00:35.000  render           | Video append frame 39
00:35.015  render           | Video append frame 40
00:35.031  render           | Video append frame 41
00:35.047  render           | Video append frame 42
00:35.062  render           | Video append frame 43
00:35.094  render           | Video append frame 44
00:35.094  render           | Video append frame 45
00:35.109  render           | Video append frame 46
00:35.125  render           | Video append frame 47
00:35.140  render           | Video append frame 48
Info: Saved as "ada_bw5_hand_work.blend"
Info: Saved copy as "ada_bw5_hand_checkpoint_ART_REVISE.blend"
BW5_RETAINED_FROZEN bbd06c025af7ab848bd5e52e001e62b25d7a13edecd9bd70e75fd7650dd5d563
Blender 5.1.1 (hash b70da489d7f4 built 2026-04-14 01:37:22)

Blender quit
