Using bundled DotNet SDK version: 8.0.412 win-x64
Running UnrealBuildTool: dotnet "..\..\Engine\Binaries\DotNET\UnrealBuildTool\UnrealBuildTool.dll" WonderChessEditor Win64 Development "-Project=C:\Users\iputu\Documents\Wonder Chess\game\WonderChess.uproject" -WaitMutex -NoHotReloadFromIDE
Log file: C:\Users\iputu\AppData\Local\UnrealBuildTool\Log.txt
Using 'git status' to determine working set for adaptive non-unity build (C:\Users\iputu\Documents\Wonder Chess).
Parsing headers for WonderChessEditor
  Running Internal UnrealHeaderTool "C:\Users\iputu\Documents\Wonder Chess\game\WonderChess.uproject" "C:\Users\iputu\Documents\Wonder Chess\game\Intermediate\Build\Win64\WonderChessEditor\Development\WonderChessEditor.uhtmanifest" -WarningsAsErrors -installed
UHT processed WonderChessEditor in 2.0958797 seconds (4 files written)
Building WonderChessEditor...
Using Visual Studio 2022 14.44.35226 toolchain (C:\Program Files\Microsoft Visual Studio\2022\Community\VC\Tools\MSVC\14.44.35207) and Windows 10.0.22621.0 SDK (C:\Program Files (x86)\Windows Kits\10).
Determining max actions to execute in parallel (8 physical cores, 16 logical cores)
  Executing up to 8 processes, one per physical core
  Requested 1.5 GB memory per action, 3.34 GB available: limiting max parallel actions to 2
Using Unreal Build Accelerator local executor to run 10 action(s)
  Storage capacity 40Gb
---- Starting trace: 260906_141131 ----
UbaServer - Listening on 0.0.0.0:1345
[1/10] Compile [x64] Module.WonderChessRuntime.gen.cpp
[2/10] Compile [x64] WCBoardPresenter.cpp
[3/10] Compile [x64] WCImportedAssetTests.cpp
[4/10] Compile [x64] WCMatchRuntime.cpp
[5/10] Compile [x64] WCMatchHUD.cpp
[6/10] Compile [x64] WCNetworkSession.cpp
[7/10] Compile [x64] WCVerification.cpp
[8/10] Link [x64] UnrealEditor-WonderChessRuntime.lib
[9/10] Link [x64] UnrealEditor-WonderChessRuntime.dll
[10/10] WriteMetadata WonderChessEditor.target [NoUba]

Trace written to file C:/Users/iputu/AppData/Local/UnrealBuildTool/Log.uba with size 8.0kb
Total time in Unreal Build Accelerator local executor: 38.76 seconds

Result: Succeeded
Total execution time: 43.49 seconds
